04-15 15:09:47.811  1588  9000 E RoleControllerServiceImpl: Default/fallback role holder package doesn't qualify for the role, package: com.google.android.retaildemo, role: android.app.role.RETAIL_DEMO, user: 0
04-15 15:09:47.813  2721  2721 D ControlsListingControllerImpl: ServiceConfig reloaded, count: 2
04-15 15:09:47.815  2876  2876 D ServerContainer: uid 10441 is not cached.
04-15 15:09:47.815  1588  1801 D ActivityManager: sync unfroze 12056 com.android.vending for 3
04-15 15:09:47.816  1588  9000 E RoleControllerServiceImpl: Default/fallback role holder package doesn't qualify for the role, package: com.google.android.gms.supervision, role: android.app.role.SYSTEM_SUPERVISION, user: 0
04-15 15:09:47.817  1588  1801 D ActivityManager: sync unfroze 16980 com.android.vending:background for 3
04-15 15:09:47.820  1588  2670 D ShortcutService: received package broadcast intent: Intent { act=android.intent.action.PACKAGE_CHANGED dat=package: flg=0x5000010 (has extras) }
04-15 15:09:47.820  1588  2670 D ShortcutService: changing package: com.adamoutler.ssh userId=0
04-15 15:09:47.822 16980 16980 I Finsky:background: [2] Memory trim requested to level 40
04-15 15:09:47.822 16980 16980 I Finsky:background: [2] Memory trim requested to level 40
04-15 15:09:47.822 16980 16980 I Finsky:background: [2] Memory trim requested to level 40
04-15 15:09:47.822 16980 16980 I Finsky:background: [2] Memory trim requested to level 40
04-15 15:09:47.822 16980 16980 I Finsky:background: [2] Memory trim requested to level 40
04-15 15:09:47.823 16980 16980 I Finsky:background: [2] Memory trim requested to level 40
04-15 15:09:47.823 16980 16980 I Finsky:background: [2] aixr - Received: android.intent.action.PACKAGE_ADDED, [JSq-i8VHqv4KEpI9CxCXQ8BvAcAPljxWy52DLAknCXc]
04-15 15:09:47.825  2876  2876 I cdas-PermissionService: OnPermissionsChangedListener, permission state changed with id=10441, cdasAppUid=10397
04-15 15:09:47.826  1588  1588 D AppSearchAppsIndexerManagerS: userid in package receiver: 10441
04-15 15:09:47.830  3074  3219 I SatelliteAppTracker: onPackageModified : com.adamoutler.ssh
04-15 15:09:47.830  1588  1801 D ActivityManager: sync unfroze 10711 com.google.android.apps.nbu.files for 3
04-15 15:09:47.831  1588  1588 D PermissionMonitor: setLocalNetworkPermissions in onPermissionsChanged took 28 microseconds.
04-15 15:09:47.834  3074  3074 D CarrierSvcBindHelper: onPackageModified: com.adamoutler.ssh
04-15 15:09:47.835 23240 23492 I eonb    : (REDACTED) appOpsListener %s %s
04-15 15:09:47.835  2990  2990 I RegisteredComponentCache: generateComponentsList: New Components => 
04-15 15:09:47.835 23240 23492 I eonb    : (REDACTED) Ignoring irrelevant audio permission changes for package %s
04-15 15:09:47.835  2990  2990 I RegisteredComponentCache: ComponentInfo: ResolveInfo{8967510 com.google.android.tag/com.android.apps.tag.TagViewer m=0x108000 userHandle=UserHandle{0}}, techs: android.nfc.tech.Ndef, 
04-15 15:09:47.835  2990  2990 I RegisteredComponentCache: generateComponentsList: Removed Components => 
04-15 15:09:47.835  2990  2990 I RegisteredComponentCache: ComponentInfo: ResolveInfo{185f53f com.google.android.tag/com.android.apps.tag.TagViewer m=0x108000 userHandle=UserHandle{0}}, techs: android.nfc.tech.Ndef, 
04-15 15:09:47.836  1588  2542 V AccessibilityUserState: updateShortcutTargets: type:accessibility_shortcut_target_service, current:{}, new:{}
04-15 15:09:47.836  1588  2542 V AccessibilityUserState: updateShortcutTargets: type:accessibility_qs_targets, current:{}, new:{}
04-15 15:09:47.836  1588  2542 V AccessibilityUserState: updateShortcutTargets: type:accessibility_button_targets, current:{}, new:{}
04-15 15:09:47.836  1588  2542 V AccessibilityUserState: updateShortcutTargets: type:accessibility_gesture_targets, current:{}, new:{}
04-15 15:09:47.837  1588  2542 V AccessibilityUserState: updateShortcutTargets: type:accessibility_key_gesture_targets, current:{}, new:{}
04-15 15:09:47.837  1588  9000 I DevicePolicyManager: Found incompatible accounts on any user, not allowing bypassing
04-15 15:09:47.842  3225 20384 I PermissionControllerServiceImpl: Updating user sensitive for uid 10441
04-15 15:09:47.843  3074  3074 D CarrierSvcBindHelper: No carrier app for: 0
04-15 15:09:47.843  1588  2542 V AccessibilityManagerService: onUserStateChangedLocked for userId: 0, forceUpdate: false
04-15 15:09:47.843  3074  3074 D CarrierSvcBindHelper: No carrier app for: 1
04-15 15:09:47.843  1588  2469 D CompatChangeReporter: Compat change id reported: 262645982; UID 10441; state: ENABLED
04-15 15:09:47.843  1588  2542 V AccessibilityUserState: updateShortcutTargets: type:accessibility_shortcut_target_service, current:{}, new:{}
04-15 15:09:47.844  1588  2542 V AccessibilityUserState: updateShortcutTargets: type:accessibility_button_targets, current:{}, new:{}
04-15 15:09:47.844  1588  2542 V AccessibilityUserState: updateShortcutTargets: type:accessibility_gesture_targets, current:{}, new:{}
04-15 15:09:47.844  1588  2542 V AccessibilityUserState: updateShortcutTargets: type:accessibility_qs_targets, current:{}, new:{}
04-15 15:09:47.844  1588  2542 V AccessibilityUserState: updateShortcutTargets: type:accessibility_key_gesture_targets, current:{}, new:{}
04-15 15:09:47.844  1588  2542 W MagnificationConnectionManager: requestConnection duplicated request: connect=false, mConnectionState=DISCONNECTED
04-15 15:09:47.844  3074  3227 D EuiccConnector: handleMessage: E msg.what=1
04-15 15:09:47.844  3074  3227 D EuiccConnector: processMsg: ConnectedState
04-15 15:09:47.844  3074  3227 D EuiccConnector: processMsg: DisconnectedState
04-15 15:09:47.846  3074  3227 D EuiccConnector: handleMessage: X
04-15 15:09:47.846  1588  1588 W libbinder.IPCThreadState: Sending oneway calls to frozen process.
04-15 15:09:47.846  1588  1588 W libbinder.IPCThreadState: Sending oneway calls to frozen process.
04-15 15:09:47.847  1588  1588 W libbinder.IPCThreadState: Sending oneway calls to frozen process.
04-15 15:09:47.847  1588  1588 W libbinder.IPCThreadState: Sending oneway calls to frozen process.
04-15 15:09:47.847  1588  1588 W libbinder.IPCThreadState: Sending oneway calls to frozen process.
04-15 15:09:47.847  1588  1588 W libbinder.IPCThreadState: Sending oneway calls to frozen process.
04-15 15:09:47.847  1588  1588 W libbinder.IPCThreadState: Sending oneway calls to frozen process.
04-15 15:09:47.847  1588  1588 W libbinder.IPCThreadState: Sending oneway calls to frozen process.
04-15 15:09:47.847  1588  1588 W libbinder.IPCThreadState: Sending oneway calls to frozen process.
04-15 15:09:47.847  1588  1588 W libbinder.IPCThreadState: Sending oneway calls to frozen process.
04-15 15:09:47.847  1588  1588 W libbinder.IPCThreadState: Sending oneway calls to frozen process.
04-15 15:09:47.847  1588  1588 W libbinder.IPCThreadState: Sending oneway calls to frozen process.
04-15 15:09:47.847  1588  1588 W libbinder.IPCThreadState: Sending oneway calls to frozen process.
04-15 15:09:47.847 16980 20008 I Finsky:background: [497] Wrote row to frosting DB: 3193
04-15 15:09:47.847  1588  1588 W libbinder.IPCThreadState: Sending oneway calls to frozen process.
04-15 15:09:47.848  1588  1588 W libbinder.IPCThreadState: Sending oneway calls to frozen process.
04-15 15:09:47.848  1588  1588 W libbinder.IPCThreadState: Sending oneway calls to frozen process.
04-15 15:09:47.848  1588  1588 W libbinder.IPCThreadState: Sending oneway calls to frozen process.
04-15 15:09:47.848  1588  1588 W libbinder.IPCThreadState: Sending oneway calls to frozen process.
04-15 15:09:47.848  1588  1588 W libbinder.IPCThreadState: Sending oneway calls to frozen process.
04-15 15:09:47.848  1588  1588 W libbinder.IPCThreadState: Sending oneway calls to frozen process.
04-15 15:09:47.848  1588  1588 W libbinder.IPCThreadState: Sending oneway calls to frozen process.
04-15 15:09:47.848  1588  1588 W libbinder.IPCThreadState: Sending oneway calls to frozen process.
04-15 15:09:47.848  1588  1588 W libbinder.IPCThreadState: Sending oneway calls to frozen process.
04-15 15:09:47.848  1588  1588 W libbinder.IPCThreadState: Sending oneway calls to frozen process.
04-15 15:09:47.848  1588  1588 W libbinder.IPCThreadState: Sending oneway calls to frozen process.
04-15 15:09:47.848  1588  1588 W libbinder.IPCThreadState: Sending oneway calls to frozen process.
04-15 15:09:47.848  1588  1588 W libbinder.IPCThreadState: Sending oneway calls to frozen process.
04-15 15:09:47.848  1588  1588 W libbinder.IPCThreadState: Sending oneway calls to frozen process.
04-15 15:09:47.848  1588  1588 W libbinder.IPCThreadState: Sending oneway calls to frozen process.
04-15 15:09:47.848  1588  1588 W libbinder.IPCThreadState: Sending oneway calls to frozen process.
04-15 15:09:47.848  1588  1588 W libbinder.IPCThreadState: Sending oneway calls to frozen process.
04-15 15:09:47.848  1588  1588 W libbinder.IPCThreadState: Sending oneway calls to frozen process.
04-15 15:09:47.849  1588  1588 W libbinder.IPCThreadState: Sending oneway calls to frozen process.
04-15 15:09:47.849  1588  1588 W libbinder.IPCThreadState: Sending oneway calls to frozen process.
04-15 15:09:47.849  1588  1588 W libbinder.IPCThreadState: Sending oneway calls to frozen process.
04-15 15:09:47.849  1588  2542 V AccessibilityUserState: updateShortcutTargets: type:accessibility_shortcut_target_service, current:{}, new:{}
04-15 15:09:47.849  1588  2542 V AccessibilityUserState: updateShortcutTargets: type:accessibility_qs_targets, current:{}, new:{}
04-15 15:09:47.849  1588  2542 V AccessibilityUserState: updateShortcutTargets: type:accessibility_button_targets, current:{}, new:{}
04-15 15:09:47.849  1588  2542 V AccessibilityUserState: updateShortcutTargets: type:accessibility_gesture_targets, current:{}, new:{}
04-15 15:09:47.849  1588  2542 V AccessibilityUserState: updateShortcutTargets: type:accessibility_key_gesture_targets, current:{}, new:{}
04-15 15:09:47.850  1588  2542 V AccessibilityManagerService: onUserStateChangedLocked for userId: 0, forceUpdate: false
04-15 15:09:47.850  1588  2542 V AccessibilityUserState: updateShortcutTargets: type:accessibility_shortcut_target_service, current:{}, new:{}
04-15 15:09:47.850  1588  2542 V AccessibilityUserState: updateShortcutTargets: type:accessibility_button_targets, current:{}, new:{}
04-15 15:09:47.850  1588  2542 V AccessibilityUserState: updateShortcutTargets: type:accessibility_gesture_targets, current:{}, new:{}
04-15 15:09:47.850  1588  2542 V AccessibilityUserState: updateShortcutTargets: type:accessibility_qs_targets, current:{}, new:{}
04-15 15:09:47.850  1588  2542 V AccessibilityUserState: updateShortcutTargets: type:accessibility_key_gesture_targets, current:{}, new:{}
04-15 15:09:47.850  1588  2542 W MagnificationConnectionManager: requestConnection duplicated request: connect=false, mConnectionState=DISCONNECTED
04-15 15:09:47.851  1588  4847 D HealthConnectTrackerManagerImpl: No packages eligible for step tracking. Aborting initialization.
04-15 15:09:47.852  1588  1588 W libbinder.IPCThreadState: Sending oneway calls to frozen process.
04-15 15:09:47.853  1588  1588 W libbinder.IPCThreadState: Sending oneway calls to frozen process.
04-15 15:09:47.853  1588  1588 W libbinder.IPCThreadState: Sending oneway calls to frozen process.
04-15 15:09:47.853 24861 24861 I abb     : StartCommandInProcess(7061636b61676500696e7374616c6c2d package.install- [truncated])
04-15 15:09:47.853  1588  1588 W libbinder.IPCThreadState: Sending oneway calls to frozen process.
04-15 15:09:47.853  1588  1588 W libbinder.IPCThreadState: Sending oneway calls to frozen process.
04-15 15:09:47.853  1588  1588 W libbinder.IPCThreadState: Sending oneway calls to frozen process.
04-15 15:09:47.853  1588  1588 W libbinder.IPCThreadState: Sending oneway calls to frozen process.
04-15 15:09:47.853  1588  1588 W libbinder.IPCThreadState: Sending oneway calls to frozen process.
04-15 15:09:47.853  1588  1588 W libbinder.IPCThreadState: Sending oneway calls to frozen process.
04-15 15:09:47.853  1588  1728 W ParceledListSlice: Element #12 is 22880 bytes.
04-15 15:09:47.853  1588  1588 W libbinder.IPCThreadState: Sending oneway calls to frozen process.
04-15 15:09:47.853  1588  1588 W libbinder.IPCThreadState: Sending oneway calls to frozen process.
04-15 15:09:47.854  1588  1588 W libbinder.IPCThreadState: Sending oneway calls to frozen process.
04-15 15:09:47.854  1588  1588 W libbinder.IPCThreadState: Sending oneway calls to frozen process.
04-15 15:09:47.854  1588  1588 W libbinder.IPCThreadState: Sending oneway calls to frozen process.
04-15 15:09:47.854  1588  1588 W libbinder.IPCThreadState: Sending oneway calls to frozen process.
04-15 15:09:47.854  1588  1588 W libbinder.IPCThreadState: Sending oneway calls to frozen process.
04-15 15:09:47.854  1588  1588 W libbinder.IPCThreadState: Sending oneway calls to frozen process.
04-15 15:09:47.854  1588  1588 W libbinder.IPCThreadState: Sending oneway calls to frozen process.
04-15 15:09:47.854  1588  1588 W libbinder.IPCThreadState: Sending oneway calls to frozen process.
04-15 15:09:47.854  1588  1588 W libbinder.IPCThreadState: Sending oneway calls to frozen process.
04-15 15:09:47.854  1588  1588 W libbinder.IPCThreadState: Sending oneway calls to frozen process.
04-15 15:09:47.854  1588  1588 W libbinder.IPCThreadState: Sending oneway calls to frozen process.
04-15 15:09:47.854  1588  1588 W libbinder.IPCThreadState: Sending oneway calls to frozen process.
04-15 15:09:47.854  1588  1588 W libbinder.IPCThreadState: Sending oneway calls to frozen process.
04-15 15:09:47.854  1588  1588 W libbinder.IPCThreadState: Sending oneway calls to frozen process.
04-15 15:09:47.854  1588  1588 W libbinder.IPCThreadState: Sending oneway calls to frozen process.
04-15 15:09:47.854  1588  1588 W libbinder.IPCThreadState: Sending oneway calls to frozen process.
04-15 15:09:47.854  1588  1588 W libbinder.IPCThreadState: Sending oneway calls to frozen process.
04-15 15:09:47.854  1588  1588 W libbinder.IPCThreadState: Sending oneway calls to frozen process.
04-15 15:09:47.854  1588  1588 W libbinder.IPCThreadState: Sending oneway calls to frozen process.
04-15 15:09:47.854  1588  1588 W libbinder.IPCThreadState: Sending oneway calls to frozen process.
04-15 15:09:47.854  1588  1588 W libbinder.IPCThreadState: Sending oneway calls to frozen process.
04-15 15:09:47.855  1588  1588 W libbinder.IPCThreadState: Sending oneway calls to frozen process.
04-15 15:09:47.855  1588  1588 W libbinder.IPCThreadState: Sending oneway calls to frozen process.
04-15 15:09:47.855  1588  1588 W libbinder.IPCThreadState: Sending oneway calls to frozen process.
04-15 15:09:47.855  1588  1588 W libbinder.IPCThreadState: Sending oneway calls to frozen process.
04-15 15:09:47.855  1588  1588 W libbinder.IPCThreadState: Sending oneway calls to frozen process.
04-15 15:09:47.855  1588  1588 W libbinder.IPCThreadState: Sending oneway calls to frozen process.
04-15 15:09:47.855  1588  1588 W libbinder.IPCThreadState: Sending oneway calls to frozen process.
04-15 15:09:47.856  1588  9000 I DevicePolicyManager: Found incompatible accounts on any user, not allowing bypassing
04-15 15:09:47.857 12056 12056 I Finsky  : [2] aiyb - Received: android.intent.action.PACKAGE_ADDED, [JSq-i8VHqv4KEpI9CxCXQ8BvAcAPljxWy52DLAknCXc]
04-15 15:09:47.862 11889 19394 I NearbySharing: Got package event: PackageAdded(packageName=com.adamoutler.ssh)
04-15 15:09:47.866 16980 16980 I Finsky:background: [2] aixr - Received: android.intent.action.PACKAGE_CHANGED, [JSq-i8VHqv4KEpI9CxCXQ8BvAcAPljxWy52DLAknCXc]
04-15 15:09:47.868 11889 20184 I NearbySharing: Got package event: PackageChanged(packageName=com.adamoutler.ssh, changedComponents=[])
04-15 15:09:47.875 12056 12056 I Finsky  : [2] Clearing split related stale data.
04-15 15:09:47.875 12056 12101 I Finsky  : [90] AIM: AppInfoManager-Perf > OnDeviceAppInfo > cacheHitCount=0, cacheMissCount=1. Missed  in cache (limit 10) : [com.adamoutler.ssh]
04-15 15:09:47.876 12056 12101 I Finsky  : [90] AIM: Got app ownership map. App counts: . Unique apps: 0
04-15 15:09:47.876 12056 12101 E Finsky  : [90] [Counters] attempted to use a non-positive increment for: 4752
04-15 15:09:47.876 12056 12101 E Finsky  : [90] [Counters] attempted to use a non-positive increment for: 4753
04-15 15:09:47.879 12056 20199 I Finsky  : [707] [ContentSync] finished, scheduled=false
04-15 15:09:47.881  1588  1882 V Configuration: Updating configuration, locales updated from [] to [en_US]
04-15 15:09:47.881  1588  1882 V Configuration: Updating configuration, locales updated from [] to [en_US]
04-15 15:09:47.881  1588  1882 V Configuration: Updating configuration, locales updated from [] to [en_US]
04-15 15:09:47.881  1588  1882 V Configuration: Updating configuration, locales updated from [] to [en]
04-15 15:09:47.881  1588  1882 V Configuration: Updating configuration, locales updated from [] to [en_US]
04-15 15:09:47.882 12056 12056 I Finsky  : [2] AIM: AppInfoCacheUpdater -> invalidating apps: [com.adamoutler.ssh]
04-15 15:09:47.882 12056 12056 I Finsky  : [2] AIM: AppInfoManager-Perf > getApps > called for 1 apps
04-15 15:09:47.883  1588  1882 V Configuration: Updating configuration, locales updated from [] to [en]
04-15 15:09:47.883  1588  1882 V Configuration: Updating configuration, locales updated from [] to [en_US]
04-15 15:09:47.883  1588  1882 V Configuration: Updating configuration, locales updated from [] to [en_US]
04-15 15:09:47.883  1588  1882 V Configuration: Updating configuration, locales updated from [] to [en_US]
04-15 15:09:47.884  1588  1882 D IntervalStats: Unable to parse usage stats packages: [30, 242, 273, 339, 345, 362, 365, 366, 369, 371, 391, 400, 401, 406, 411, 425, 431, 434, 435, 437, 438, 439, 440, 441, 442, 443, 456, 458, 459, 460, 461, 462]
04-15 15:09:47.884  1588  2446 W AppOpService: Ignored setUidMode call for runtime permission app op: uid = 1001, code = READ_SMS, mode = allow, callingUid = 1001, oldMode = allow
04-15 15:09:47.886 16980 20008 I Finsky:background: [497] Wrote row to frosting DB: 3194
04-15 15:09:47.889  1588  4978 W AppOpService: Ignored setUidMode call for runtime permission app op: uid = 1001, code = RECEIVE_SMS, mode = allow, callingUid = 1001, oldMode = allow
04-15 15:09:47.889  1588  3217 W AppOpService: Ignored setUidMode call for runtime permission app op: uid = 1001, code = RECEIVE_WAP_PUSH, mode = allow, callingUid = 1001, oldMode = allow
04-15 15:09:47.890  1588  1882 W AppOpService: Ignored setUidMode call for runtime permission app op: uid = 1001, code = SEND_SMS, mode = allow, callingUid = 1001, oldMode = allow
04-15 15:09:47.890  1588  3217 W AppOpService: Ignored setUidMode call for runtime permission app op: uid = 1001, code = READ_CELL_BROADCASTS, mode = allow, callingUid = 1001, oldMode = allow
04-15 15:09:47.892 11889 20201 I Fitness : (REDACTED) OnPackageChangedOperation got intent: %s
04-15 15:09:47.895 12056 12100 I Finsky  : [89] AIM: AppInfoManager-Perf > OnDeviceAppInfo > cacheHitCount=0, cacheMissCount=1. Missed  in cache (limit 10) : [com.adamoutler.ssh]
04-15 15:09:47.901 16980 17080 I Finsky:background: [96] RECEIVER_PACKAGE_MONITOR_BACKGROUND#logWorkEndAndFinishGoAsync: SUCCESS
04-15 15:09:47.902 16980 20008 I Finsky:background: [497] Wrote row to frosting DB: 3195
04-15 15:09:47.902 12056 12101 I Finsky  : [90] AIM: Got app ownership map. App counts: . Unique apps: 0
04-15 15:09:47.903 12056 12101 E Finsky  : [90] [Counters] attempted to use a non-positive increment for: 4752
04-15 15:09:47.903 12056 12101 E Finsky  : [90] [Counters] attempted to use a non-positive increment for: 4753
04-15 15:09:47.904  1588  1797 D LauncherAppsService: onPackageAdded: user=UserHandle{0}, packageName=com.adamoutler.ssh
04-15 15:09:47.904  1588  1797 D LauncherAppsService: onPackageAdded: triggering onPackageAdded for user=UserHandle{0}, packageName=com.adamoutler.ssh
04-15 15:09:47.904  1588  1797 D LauncherAppsService: onPackageAdded: triggering onPackageAdded for user=UserHandle{0}, packageName=com.adamoutler.ssh
04-15 15:09:47.904  1588  1797 D LauncherAppsService: onPackageAdded: triggering onPackageAdded for user=UserHandle{0}, packageName=com.adamoutler.ssh
04-15 15:09:47.904  1588  1797 W PackageManager: Failed registering loading progress callback. Package is fully loaded.
04-15 15:09:47.905 25816 26082 D LauncherApps: onPackageAdded 0,com.adamoutler.ssh
04-15 15:09:47.905 25816 25842 D LauncherAppsCallbackImpl: onPackageAdded triggered for packageName=com.adamoutler.ssh, user=UserHandle{0}
04-15 15:09:47.905  1588  4978 V Configuration: Updating configuration, locales updated from [] to [en_US]
04-15 15:09:47.905  1588  4978 V Configuration: Updating configuration, locales updated from [] to [en_US]
04-15 15:09:47.905  1588  4978 V Configuration: Updating configuration, locales updated from [] to [en_US]
04-15 15:09:47.905  1588  4978 V Configuration: Updating configuration, locales updated from [] to [en]
04-15 15:09:47.905  1588  4978 V Configuration: Updating configuration, locales updated from [] to [en_US]
04-15 15:09:47.905  1588  4978 V Configuration: Updating configuration, locales updated from [] to [en]
04-15 15:09:47.905  1588  4978 V Configuration: Updating configuration, locales updated from [] to [en_US]
04-15 15:09:47.905  1588  4978 V Configuration: Updating configuration, locales updated from [] to [en_US]
04-15 15:09:47.905  1588  4978 V Configuration: Updating configuration, locales updated from [] to [en_US]
04-15 15:09:47.905  1588  4978 D IntervalStats: Unable to parse usage stats packages: [30, 242, 273, 339, 345, 362, 365, 366, 369, 371, 391, 400, 401, 406, 411, 425, 431, 434, 435, 437, 438, 439, 440, 441, 442, 443, 456, 458, 459, 460, 461, 462]
04-15 15:09:47.908 12056 12056 I Finsky  : [2] Do not start WearSupportService due to Wear service optimization
04-15 15:09:47.910  2721  4636 D LauncherApps: onPackageAdded 0,com.adamoutler.ssh
04-15 15:09:47.911 19439 19509 D LauncherApps: onPackageAdded 0,com.adamoutler.ssh
04-15 15:09:47.914  3074  3337 D ImsResolver: maybeAddedImsService, packageName: com.adamoutler.ssh
04-15 15:09:47.914  3074  3337 V ImsResolver: searchForImsServices: package=com.adamoutler.ssh, users=[UserHandle{0}]
04-15 15:09:47.917  3074  3337 V ImsResolver: searchForImsServices: package=com.adamoutler.ssh, users=[UserHandle{0}]
04-15 15:09:47.917  1588  1588 D ActivityManager: sync unfroze 12295 com.google.android.odad for 6
04-15 15:09:47.919  1588  2673 D BackgroundInstallControlService: Package event received: 0
04-15 15:09:47.920 19439 19439 I AiAiEcho: (REDACTED) AppFetcherImplV2 updateApps package:[%s], userId:[%d], reason:[%s].
04-15 15:09:47.921  1588  2673 D BackgroundInstallControlService: Package event received: 0
04-15 15:09:47.928 12056 12056 I Finsky  : [2] DTU: Received onPackageAdded, replacing: false
04-15 15:09:47.930 19439 20227 I AiAiEcho: (REDACTED) AppIndexer Package:[%s] UserProfile:[%d] Enabled:[%s].
04-15 15:09:47.930 19439 20227 I AiAiEcho: (REDACTED) AppFetcherImplV2 updateApps package:[%s], userId:[%d], reason:[%s].
04-15 15:09:47.931 12295 12295 I ContentProtectionServic: CP service created
04-15 15:09:47.935 12056 12056 I Finsky  : [2] aiyb - Received: android.intent.action.PACKAGE_CHANGED, [JSq-i8VHqv4KEpI9CxCXQ8BvAcAPljxWy52DLAknCXc]
04-15 15:09:47.935  1588  1588 I RemoteContentProtectionService: Connection status for: ComponentInfo{com.google.android.odad/com.google.android.apps.miphone.odad.contentprotection.ContentProtectionService} changed to: connected
04-15 15:09:47.936  3074  3074 D SatelliteController: packageStateChanged: package:com.adamoutler.ssh defaultSmsPackageName: com.google.android.apps.messaging satelliteGatewayServicePackageName: com.google.android.apps.stargate
04-15 15:09:47.937  1588  9000 I Role    : com.google.android.gms not qualified for android.app.role.SYSTEM_DEPENDENCY_INSTALLER due to missing RequiredComponent{mFlags='0', mIntentFilterData=IntentFilterData{mAction='android.content.pm.action.INSTALL_DEPENDENCY', mCategories='[]', mDataScheme='null', mDataType='null'}, mMetaData=[], mPermission='android.permission.BIND_DEPENDENCY_INSTALLER', mQueryFlags=0} Requirement{mFeatureFlag=null, mMinTargetSdkVersion=1}
04-15 15:09:47.937  1588  9000 E RoleControllerServiceImpl: Default/fallback role holder package doesn't qualify for the role, package: com.google.android.gms, role: android.app.role.SYSTEM_DEPENDENCY_INSTALLER, user: 0
04-15 15:09:47.938 12295 12295 I ContentProtectionServic: CP service onConnected
04-15 15:09:47.940  1588  1875 V Configuration: Updating configuration, locales updated from [] to [en_US]
04-15 15:09:47.941 12295 10122 I bzu     : Starting to build the allowlist
04-15 15:09:47.941  1588  1875 W PackageParsing: No actions in intent-filter at /data/app/vmdl648330317.tmp/base.apk Binary XML file line #33
04-15 15:09:47.941  1588  1875 W PackageParsing: No actions in intent-filter at /data/app/vmdl648330317.tmp/base.apk Binary XML file line #41
04-15 15:09:47.941  1588  1875 W PackageParsing: No actions in intent-filter at /data/app/vmdl648330317.tmp/base.apk Binary XML file line #49
04-15 15:09:47.947  9087 20213 I Auth    : (REDACTED) [SupervisedAccountIntentOperation] onHandleIntent: %s
04-15 15:09:47.948  9087 20214 I PackageInstalledIntentO: Test flag v2 is disabled [CONTEXT service_id=469 ]
04-15 15:09:47.956  1588  1875 E PackageManager: Error occurred while checking alignment of package : com.adamoutler.ssh.test
04-15 15:09:47.957 11889 20206 I Fitness : (REDACTED) FitCleanupIntentOperation received Intent %s
04-15 15:09:47.961 12056 12056 I Finsky  : [2] AIM: AppInfoCacheUpdater -> invalidating apps: [com.adamoutler.ssh]
04-15 15:09:47.961 12056 12056 I Finsky  : [2] AIM: AppInfoManager-Perf > getApps > called for 1 apps
04-15 15:09:47.969 12056 12090 I Finsky  : [80] SCH: Received scheduling request: Id: 37-207, Constraints: [{ L: 0, D: 0, C: CHARGING_NONE, I: IDLE_NONE, N: NET_NONE, B: BATTERY_ANY }]
04-15 15:09:47.972 11889 20206 I ProximityAuth: [RecentAppsMediator] Package added: (user=UserHandle{0}) com.adamoutler.ssh
04-15 15:09:47.973 11889 20237 W GCM     : Unexpected forwarded intent: Intent { act=android.intent.action.PACKAGE_ADDED dat=package: flg=0x4000010 pkg=com.google.android.gms cmp=com.google.android.gms/.chimera.PersistentIntentOperationService (has extras) }
04-15 15:09:47.974 16980 20008 I Finsky:background: [497] Wrote row to frosting DB: 3196
04-15 15:09:47.976  9087 20224 I NearbyDiscovery: (REDACTED) processGrantSlicePermission: %s
04-15 15:09:47.978 11889 20211 I FontLog : (REDACTED) Package %s has no metadata
04-15 15:09:47.986 25816 25842 D AlphabeticIndexCompat: computeSectionName: cs: CoSSH sectionName: C
04-15 15:09:47.987 25816 25816 D AllAppsStore: setApps: apps.length=107
04-15 15:09:47.987 25816 25816 D AllAppsStore: notifyUpdate: notifying listeners
04-15 15:09:47.987 25816 25816 D ActivityAllAppsContainerView: onAppsUpdated; number of apps: 107
04-15 15:09:47.987 25816 25816 D ActivityAllAppsContainerView: rebindAdapters: force: false
04-15 15:09:47.987 25816 25816 D ActivityAllAppsContainerView: rebindAdapters: Not needed.
04-15 15:09:47.987 25816 25816 D StatsLog: LAUNCHER_ALLAPPS_COUNT
04-15 15:09:47.988 25816 25816 D AlphabeticalAppsList: Clearing FastScrollerSections.
04-15 15:09:47.988 25816 25816 D AlphabeticalAppsList: Adding apps with sections. HasPrivateApps: false
04-15 15:09:47.988 25816 25816 D AlphabeticalAppsList: addAppsWithSections: adding sectionName: A with appInfoTitle: AAWireless
04-15 15:09:47.988 25816 25816 D AlphabeticalAppsList: addAppsWithSections: adding sectionName: C with appInfoTitle: Calculator
04-15 15:09:47.988 25816 25816 D AlphabeticalAppsList: addAppsWithSections: adding sectionName: D with appInfoTitle: Discord
04-15 15:09:47.988 25816 25816 D AlphabeticalAppsList: addAppsWithSections: adding sectionName: E with appInfoTitle: ECOVACS HOME
04-15 15:09:47.988 25816 25816 D AlphabeticalAppsList: addAppsWithSections: adding sectionName: F with appInfoTitle: Family Link
04-15 15:09:47.988 25816 25816 D AlphabeticalAppsList: addAppsWithSections: adding sectionName: G with appInfoTitle: Gemini
04-15 15:09:47.988 25816 25816 D AlphabeticalAppsList: addAppsWithSections: adding sectionName: H with appInfoTitle: Harmony
04-15 15:09:47.988 25816 25816 D AlphabeticalAppsList: addAppsWithSections: adding sectionName: I with appInfoTitle: Island
04-15 15:09:47.988 25816 25816 D AlphabeticalAppsList: addAppsWithSections: adding sectionName: J with appInfoTitle: Joplin
04-15 15:09:47.988 25816 25816 D AlphabeticalAppsList: addAppsWithSections: adding sectionName: K with appInfoTitle: Keep Notes
04-15 15:09:47.988 25816 25816 D AlphabeticalAppsList: addAppsWithSections: adding sectionName: L with appInfoTitle: LinkedIn
04-15 15:09:47.988 25816 25816 D AlphabeticalAppsList: addAppsWithSections: adding sectionName: M with appInfoTitle: Maps
04-15 15:09:47.988 25816 25816 D AlphabeticalAppsList: addAppsWithSections: adding sectionName: N with appInfoTitle: Nest
04-15 15:09:47.988 25816 25816 D AlphabeticalAppsList: addAppsWithSections: adding sectionName: O with appInfoTitle: OneNote
04-15 15:09:47.988 25816 25816 D AlphabeticalAppsList: addAppsWithSections: adding sectionName: P with appInfoTitle: Paramount+
04-15 15:09:47.988 25816 25816 D AlphabeticalAppsList: addAppsWithSections: adding sectionName: R with appInfoTitle: Recorder
04-15 15:09:47.988 25816 25816 D AlphabeticalAppsList: addAppsWithSections: adding sectionName: S with appInfoTitle: Safety
04-15 15:09:47.988 25816 25816 D AlphabeticalAppsList: addAppsWithSections: adding sectionName: T with appInfoTitle: Tailscale
04-15 15:09:47.988 25816 25816 D AlphabeticalAppsList: addAppsWithSections: adding sectionName: U with appInfoTitle: Uber
04-15 15:09:47.988 25816 25816 D AlphabeticalAppsList: addAppsWithSections: adding sectionName: V with appInfoTitle: Voice
04-15 15:09:47.988 25816 25816 D AlphabeticalAppsList: addAppsWithSections: adding sectionName: W with appInfoTitle: Wallet
04-15 15:09:47.988 25816 25816 D AlphabeticalAppsList: addAppsWithSections: adding sectionName: X with appInfoTitle: Xfinity
04-15 15:09:47.988 25816 25816 D AlphabeticalAppsList: addAppsWithSections: adding sectionName: Y with appInfoTitle: yeedi
04-15 15:09:47.988 25816 25816 D AlphabeticalAppsList: Adding FastScrollSection duplicate to scroll to the bottom.
04-15 15:09:47.988 25816 25816 D AlphabeticalAppsList: Clearing FastScrollerSections.
04-15 15:09:47.988 25816 25816 D AlphabeticalAppsList: Adding apps with sections. HasPrivateApps: false
04-15 15:09:47.988 25816 25816 D AlphabeticalAppsList: addAppsWithSections: adding sectionName: A with appInfoTitle: AAWireless
04-15 15:09:47.988 25816 25816 D AlphabeticalAppsList: addAppsWithSections: adding sectionName: C with appInfoTitle: Calculator
04-15 15:09:47.988 25816 25816 D AlphabeticalAppsList: addAppsWithSections: adding sectionName: D with appInfoTitle: Discord
04-15 15:09:47.988 25816 25816 D AlphabeticalAppsList: addAppsWithSections: adding sectionName: E with appInfoTitle: ECOVACS HOME
04-15 15:09:47.988 25816 25816 D AlphabeticalAppsList: addAppsWithSections: adding sectionName: F with appInfoTitle: Family Link
04-15 15:09:47.988 25816 25816 D AlphabeticalAppsList: addAppsWithSections: adding sectionName: G with appInfoTitle: Gemini
04-15 15:09:47.988 25816 25816 D AlphabeticalAppsList: addAppsWithSections: adding sectionName: H with appInfoTitle: Harmony
04-15 15:09:47.988 25816 25816 D AlphabeticalAppsList: addAppsWithSections: adding sectionName: I with appInfoTitle: Island
04-15 15:09:47.988 25816 25816 D AlphabeticalAppsList: addAppsWithSections: adding sectionName: J with appInfoTitle: Joplin
04-15 15:09:47.988 25816 25816 D AlphabeticalAppsList: addAppsWithSections: adding sectionName: K with appInfoTitle: Keep Notes
04-15 15:09:47.988 25816 25816 D AlphabeticalAppsList: addAppsWithSections: adding sectionName: L with appInfoTitle: LinkedIn
04-15 15:09:47.988 25816 25816 D AlphabeticalAppsList: addAppsWithSections: adding sectionName: M with appInfoTitle: Maps
04-15 15:09:47.988 25816 25816 D AlphabeticalAppsList: addAppsWithSections: adding sectionName: N with appInfoTitle: Nest
04-15 15:09:47.988 25816 25816 D AlphabeticalAppsList: addAppsWithSections: adding sectionName: O with appInfoTitle: OneNote
04-15 15:09:47.988 25816 25816 D AlphabeticalAppsList: addAppsWithSections: adding sectionName: P with appInfoTitle: Paramount+
04-15 15:09:47.988 25816 25816 D AlphabeticalAppsList: addAppsWithSections: adding sectionName: R with appInfoTitle: Recorder
04-15 15:09:47.988 25816 25816 D AlphabeticalAppsList: addAppsWithSections: adding sectionName: S with appInfoTitle: Safety
04-15 15:09:47.988 25816 25816 D AlphabeticalAppsList: addAppsWithSections: adding sectionName: T with appInfoTitle: Tailscale
04-15 15:09:47.988 25816 25816 D AlphabeticalAppsList: addAppsWithSections: adding sectionName: U with appInfoTitle: Uber
04-15 15:09:47.988 25816 25816 D AlphabeticalAppsList: addAppsWithSections: adding sectionName: V with appInfoTitle: Voice
04-15 15:09:47.988 25816 25816 D AlphabeticalAppsList: addAppsWithSections: adding sectionName: W with appInfoTitle: Wallet
04-15 15:09:47.988 25816 25816 D AlphabeticalAppsList: addAppsWithSections: adding sectionName: X with appInfoTitle: Xfinity
04-15 15:09:47.988 25816 25816 D AlphabeticalAppsList: addAppsWithSections: adding sectionName: Y with appInfoTitle: yeedi
04-15 15:09:47.988 25816 25816 D AlphabeticalAppsList: Adding FastScrollSection duplicate to scroll to the bottom.
04-15 15:09:47.989 25816 25816 D AllAppsStore: setApps: apps.length=107
04-15 15:09:47.989 25816 25816 D AllAppsStore: notifyUpdate: notifying listeners
04-15 15:09:47.989 12056 12087 I Finsky  : [77] RECEIVER_PACKAGE_MONITOR#logWorkEndAndFinishGoAsync: SUCCESS
04-15 15:09:47.989 12056 12056 I Finsky  : [2] Memory trim requested to level 40
04-15 15:09:47.989 12056 12056 I Finsky  : [2] Flushing in-memory image cache
04-15 15:09:47.989 12056 12056 I Finsky  : [2] Memory trim requested to level 40
04-15 15:09:47.989 12056 12056 I Finsky  : [2] Flushing in-memory image cache
04-15 15:09:47.989 12056 12056 I Finsky  : [2] Memory trim requested to level 40
04-15 15:09:47.989 12056 12056 I Finsky  : [2] Flushing in-memory image cache
04-15 15:09:47.989 12056 12056 I Finsky  : [2] Memory trim requested to level 40
04-15 15:09:47.989 12056 12056 I Finsky  : [2] Flushing in-memory image cache
04-15 15:09:47.989 12056 12056 I Finsky  : [2] Memory trim requested to level 40
04-15 15:09:47.989 12056 12056 I Finsky  : [2] Flushing in-memory image cache
04-15 15:09:47.989 12056 12056 I Finsky  : [2] Memory trim requested to level 40
04-15 15:09:47.989 12056 12056 I Finsky  : [2] Flushing in-memory image cache
04-15 15:09:47.990 11889 20238 W NetworkScheduler: Unexpected forwarded intent: Intent { act=android.intent.action.PACKAGE_ADDED dat=package: flg=0x4000010 pkg=com.google.android.gms cmp=com.google.android.gms/.chimera.PersistentIntentOperationService (has extras) }
04-15 15:09:47.999  1588  5014 W AppOpService: Ignored setUidMode call for runtime permission app op: uid = 1001, code = READ_SMS, mode = allow, callingUid = 1001, oldMode = allow
04-15 15:09:48.004 25816 25816 D BaseAllAppsAdapter: onBindViewHolder: isPrivateSpaceItem: false isStateTransitioning: false isScrolling: false readyToAnimate: false currentState: 0 currentAlpha: 1.0
04-15 15:09:48.004 25816 25816 D BaseAllAppsAdapter: onBindViewHolder: isPrivateSpaceItem: false isStateTransitioning: false isScrolling: false readyToAnimate: false currentState: 0 currentAlpha: 1.0
04-15 15:09:48.004 25816 25816 D BaseAllAppsAdapter: onBindViewHolder: isPrivateSpaceItem: false isStateTransitioning: false isScrolling: false readyToAnimate: false currentState: 0 currentAlpha: 1.0
04-15 15:09:48.004 25816 25816 D BaseAllAppsAdapter: onBindViewHolder: isPrivateSpaceItem: false isStateTransitioning: false isScrolling: false readyToAnimate: false currentState: 0 currentAlpha: 1.0
04-15 15:09:48.004  1588  1882 W AppOpService: Ignored setUidMode call for runtime permission app op: uid = 1001, code = RECEIVE_SMS, mode = allow, callingUid = 1001, oldMode = allow
04-15 15:09:48.005 25816 25816 D BaseAllAppsAdapter: onBindViewHolder: isPrivateSpaceItem: false isStateTransitioning: false isScrolling: false readyToAnimate: false currentState: 0 currentAlpha: 1.0
04-15 15:09:48.005 25816 25816 D BaseAllAppsAdapter: onBindViewHolder: isPrivateSpaceItem: false isStateTransitioning: false isScrolling: false readyToAnimate: false currentState: 0 currentAlpha: 1.0
04-15 15:09:48.005 25816 25816 D BaseAllAppsAdapter: onBindViewHolder: isPrivateSpaceItem: false isStateTransitioning: false isScrolling: false readyToAnimate: false currentState: 0 currentAlpha: 1.0
04-15 15:09:48.005 25816 25816 D BaseAllAppsAdapter: onBindViewHolder: isPrivateSpaceItem: false isStateTransitioning: false isScrolling: false readyToAnimate: false currentState: 0 currentAlpha: 1.0
04-15 15:09:48.005 25816 25816 D BaseAllAppsAdapter: onBindViewHolder: isPrivateSpaceItem: false isStateTransitioning: false isScrolling: false readyToAnimate: false currentState: 0 currentAlpha: 1.0
04-15 15:09:48.005 25816 25816 D BaseAllAppsAdapter: onBindViewHolder: isPrivateSpaceItem: false isStateTransitioning: false isScrolling: false readyToAnimate: false currentState: 0 currentAlpha: 1.0
04-15 15:09:48.005 25816 25816 D BaseAllAppsAdapter: onBindViewHolder: isPrivateSpaceItem: false isStateTransitioning: false isScrolling: false readyToAnimate: false currentState: 0 currentAlpha: 1.0
04-15 15:09:48.005 25816 25816 D BaseAllAppsAdapter: onBindViewHolder: isPrivateSpaceItem: false isStateTransitioning: false isScrolling: false readyToAnimate: false currentState: 0 currentAlpha: 1.0
04-15 15:09:48.005 25816 25816 D BaseAllAppsAdapter: onBindViewHolder: isPrivateSpaceItem: false isStateTransitioning: false isScrolling: false readyToAnimate: false currentState: 0 currentAlpha: 1.0
04-15 15:09:48.005 25816 25816 D BaseAllAppsAdapter: onBindViewHolder: isPrivateSpaceItem: false isStateTransitioning: false isScrolling: false readyToAnimate: false currentState: 0 currentAlpha: 1.0
04-15 15:09:48.005 25816 25816 D BaseAllAppsAdapter: onBindViewHolder: isPrivateSpaceItem: false isStateTransitioning: false isScrolling: false readyToAnimate: false currentState: 0 currentAlpha: 1.0
04-15 15:09:48.005 25816 25816 D BaseAllAppsAdapter: onBindViewHolder: isPrivateSpaceItem: false isStateTransitioning: false isScrolling: false readyToAnimate: false currentState: 0 currentAlpha: 1.0
04-15 15:09:48.005 25816 25816 D BaseAllAppsAdapter: onBindViewHolder: isPrivateSpaceItem: false isStateTransitioning: false isScrolling: false readyToAnimate: false currentState: 0 currentAlpha: 1.0
04-15 15:09:48.006 25816 25816 D BaseAllAppsAdapter: onBindViewHolder: isPrivateSpaceItem: false isStateTransitioning: false isScrolling: false readyToAnimate: false currentState: 0 currentAlpha: 1.0
04-15 15:09:48.006 25816 25816 D BaseAllAppsAdapter: onBindViewHolder: isPrivateSpaceItem: false isStateTransitioning: false isScrolling: false readyToAnimate: false currentState: 0 currentAlpha: 1.0
04-15 15:09:48.006 25816 25816 D BaseAllAppsAdapter: onBindViewHolder: isPrivateSpaceItem: false isStateTransitioning: false isScrolling: false readyToAnimate: false currentState: 0 currentAlpha: 1.0
04-15 15:09:48.006 25816 25816 D BaseAllAppsAdapter: onBindViewHolder: isPrivateSpaceItem: false isStateTransitioning: false isScrolling: false readyToAnimate: false currentState: 0 currentAlpha: 1.0
04-15 15:09:48.006 25816 25816 D BaseAllAppsAdapter: onBindViewHolder: isPrivateSpaceItem: false isStateTransitioning: false isScrolling: false readyToAnimate: false currentState: 0 currentAlpha: 1.0
04-15 15:09:48.006 25816 25816 D BaseAllAppsAdapter: onBindViewHolder: isPrivateSpaceItem: false isStateTransitioning: false isScrolling: false readyToAnimate: false currentState: 0 currentAlpha: 1.0
04-15 15:09:48.006 25816 25816 D BaseAllAppsAdapter: onBindViewHolder: isPrivateSpaceItem: false isStateTransitioning: false isScrolling: false readyToAnimate: false currentState: 0 currentAlpha: 1.0
04-15 15:09:48.006 25816 25816 D BaseAllAppsAdapter: onBindViewHolder: isPrivateSpaceItem: false isStateTransitioning: false isScrolling: false readyToAnimate: false currentState: 0 currentAlpha: 1.0
04-15 15:09:48.006 25816 25816 D BaseAllAppsAdapter: onBindViewHolder: isPrivateSpaceItem: false isStateTransitioning: false isScrolling: false readyToAnimate: false currentState: 0 currentAlpha: 1.0
04-15 15:09:48.006 25816 25816 D BaseAllAppsAdapter: onBindViewHolder: isPrivateSpaceItem: false isStateTransitioning: false isScrolling: false readyToAnimate: false currentState: 0 currentAlpha: 1.0
04-15 15:09:48.006 25816 25816 D BaseAllAppsAdapter: onBindViewHolder: isPrivateSpaceItem: false isStateTransitioning: false isScrolling: false readyToAnimate: false currentState: 0 currentAlpha: 1.0
04-15 15:09:48.014   482   482 D SurfaceFlinger: setDesiredMode 4619827677550801153 {mode={fps=120.00 Hz, modePtr={id=1, vsyncRate=120.00 Hz, peakRefreshRate=120.00 Hz}}, emitEvent=false, force=false}
04-15 15:09:48.014   482   482 D SurfaceFlinger: initiateModeChange 4619827677550801153 {mode={fps=120.00 Hz, modePtr={id=1, vsyncRate=120.00 Hz, peakRefreshRate=120.00 Hz}}, emitEvent=false, force=false}
04-15 15:09:48.014   483  3779 D hwc-pixel-display: SetActiveConfigInternal: config: 82 powermode: 1
04-15 15:09:48.015  1588  1776 I DisplayDeviceRepository: Display device changed render timings: "Outer Display", renderFrameRate=120.00001, presentationDeadlineNanos=11500000, appVsyncOffsetNanos=6233332, frameRateOverrides=[]
04-15 15:09:48.016  1008 15135 D DeviceHalAidl: [default] setParameters: parameters: "screen_state=on"
04-15 15:09:48.016   912  1887 D ASvc::Module: updateScreenState: 1
04-15 15:09:48.016  1008 15135 D DeviceHalAidl: [r_submix] setParameters: parameters: "screen_state=on"
04-15 15:09:48.016   912  2422 D AHAL_Module: updateScreenState: r_submix: 1
04-15 15:09:48.016  1008 15135 D DeviceHalAidl: [bluetooth] setParameters: parameters: "screen_state=on"
04-15 15:09:48.016   912 15904 D AHAL_Module: updateScreenState: bluetooth: 1
04-15 15:09:48.017  1588  1882 W AppOpService: Ignored setUidMode call for runtime permission app op: uid = 1001, code = RECEIVE_WAP_PUSH, mode = allow, callingUid = 1001, oldMode = allow
04-15 15:09:48.018  1588  1728 W AppOpService: Ignored setUidMode call for runtime permission app op: uid = 1001, code = SEND_SMS, mode = allow, callingUid = 1001, oldMode = allow
04-15 15:09:48.031   482   482 D SurfaceFlinger: setDesiredMode 4619827677550801153 {mode={fps=60.00 Hz, modePtr={id=0, vsyncRate=60.00 Hz, peakRefreshRate=60.00 Hz}}, emitEvent=false, force=false}
04-15 15:09:48.031   482   482 D SurfaceFlinger: initiateModeChange 4619827677550801153 {mode={fps=60.00 Hz, modePtr={id=0, vsyncRate=60.00 Hz, peakRefreshRate=60.00 Hz}}, emitEvent=false, force=false}
04-15 15:09:48.031   483  3779 D hwc-pixel-display: SetActiveConfigInternal: config: 81 powermode: 1
04-15 15:09:48.035 25816 25842 D AlphabeticIndexCompat: computeSectionName: cs: Settings sectionName: S
04-15 15:09:48.035 25816 25842 D AlphabeticIndexCompat: computeSectionName: cs: Photos sectionName: P
04-15 15:09:48.036 25816 25842 D AlphabeticIndexCompat: computeSectionName: cs: Cx File Explorer sectionName: C
04-15 15:09:48.036 25816 25842 D AlphabeticIndexCompat: computeSectionName: cs: Hulu sectionName: H
04-15 15:09:48.036 25816 25842 D AlphabeticIndexCompat: computeSectionName: cs: Voice sectionName: V
04-15 15:09:48.036 25816 25842 D AlphabeticIndexCompat: computeSectionName: cs: Google TV sectionName: G
04-15 15:09:48.037 25816 25842 D AlphabeticIndexCompat: computeSectionName: cs: Gmail sectionName: G
04-15 15:09:48.037 25816 25842 D AlphabeticIndexCompat: computeSectionName: cs: Gemini sectionName: G
04-15 15:09:48.037 25816 25842 D AlphabeticIndexCompat: computeSectionName: cs: OneNote sectionName: O
04-15 15:09:48.037 25816 25842 D AlphabeticIndexCompat: computeSectionName: cs: Translate sectionName: T
04-15 15:09:48.038 25816 25842 D AlphabeticIndexCompat: computeSectionName: cs: USAA sectionName: U
04-15 15:09:48.038 25816 25842 D AlphabeticIndexCompat: computeSectionName: cs: Pixel Weather sectionName: P
04-15 15:09:48.038 25816 25842 D AlphabeticIndexCompat: computeSectionName: cs: JuiceSSH sectionName: J
04-15 15:09:48.038 25816 25842 D AlphabeticIndexCompat: computeSectionName: cs: Contacts sectionName: C
04-15 15:09:48.039 25816 25842 D AlphabeticIndexCompat: computeSectionName: cs: Calendar sectionName: C
04-15 15:09:48.039 25816 25842 D AlphabeticIndexCompat: computeSectionName: cs: LinkedIn sectionName: L
04-15 15:09:48.039 25816 25842 D AlphabeticIndexCompat: computeSectionName: cs: Docs sectionName: D
04-15 15:09:48.039 25816 25842 D AlphabeticIndexCompat: computeSectionName: cs: Wyze sectionName: W
04-15 15:09:48.040 25816 25842 D AlphabeticIndexCompat: computeSectionName: cs: ECOVACS HOME sectionName: E
04-15 15:09:48.040 25816 25842 D AlphabeticIndexCompat: computeSectionName: cs: Home Assistant sectionName: H
04-15 15:09:48.040 25816 25842 D AlphabeticIndexCompat: computeSectionName: cs: Google News sectionName: G
04-15 15:09:48.040 25816 25842 D AlphabeticIndexCompat: computeSectionName: cs: Pixel Buds sectionName: P
04-15 15:09:48.041 25816 25842 D AlphabeticIndexCompat: computeSectionName: cs: WhatsApp sectionName: W
04-15 15:09:48.041 25816 25842 D AlphabeticIndexCompat: computeSectionName: cs: YouTube Music sectionName: Y
04-15 15:09:48.041 25816 25842 D AlphabeticIndexCompat: computeSectionName: cs: YouTube sectionName: Y
04-15 15:09:48.041 25816 25842 D AlphabeticIndexCompat: computeSectionName: cs: Android System Intelligence sectionName: A
04-15 15:09:48.042 25816 25842 D AlphabeticIndexCompat: computeSectionName: cs: Home sectionName: H
04-15 15:09:48.042 25816 25842 D AlphabeticIndexCompat: computeSectionName: cs: Digital Wellbeing sectionName: D
04-15 15:09:48.042 25816 25842 D AlphabeticIndexCompat: computeSectionName: cs: Conversations sectionName: C
04-15 15:09:48.043 25816 25842 D AlphabeticIndexCompat: computeSectionName: cs: Battery sectionName: B
04-15 15:09:48.043 25816 25842 D AlphabeticIndexCompat: computeSectionName: cs: Chrome sectionName: C
04-15 15:09:48.043 25816 25842 D AlphabeticIndexCompat: computeSectionName: cs: Users sectionName: U
04-15 15:09:48.044 25816 25842 D AlphabeticIndexCompat: computeSectionName: cs: AAWireless sectionName: A
04-15 15:09:48.044 25816 25842 D AlphabeticIndexCompat: computeSectionName: cs: Drive sectionName: D
04-15 15:09:48.044 25816 25842 D AlphabeticIndexCompat: computeSectionName: cs: Clock sectionName: C
04-15 15:09:48.045 25816 25842 D AlphabeticIndexCompat: computeSectionName: cs: GitHub sectionName: G
04-15 15:09:48.045 25816 25842 D AlphabeticIndexCompat: computeSectionName: cs: Enpass sectionName: E
04-15 15:09:48.046 25816 25842 D AlphabeticIndexCompat: computeSectionName: cs: Maps sectionName: M
04-15 15:09:48.046 12295 10122 I bzu     : Potential packages: 73, blocklist size: 6106, allowlist size: 35, latency: PT0.092S
04-15 15:09:48.046 25816 25842 D AlphabeticIndexCompat: computeSectionName: cs: Google Play Store sectionName: G
04-15 15:09:48.046 25816 25842 D AlphabeticIndexCompat: computeSectionName: cs: Walmart sectionName: W
04-15 15:09:48.046 25816 25842 D AlphabeticIndexCompat: computeSectionName: cs: ChatGPT sectionName: C
04-15 15:09:48.047 25816 25842 D AlphabeticIndexCompat: computeSectionName: cs: SmartThings sectionName: S
04-15 15:09:48.047 25816 25842 D AlphabeticIndexCompat: computeSectionName: cs: Keep Notes sectionName: K
04-15 15:09:48.047 25816 25842 D AlphabeticIndexCompat: computeSectionName: cs: Telegram sectionName: T
04-15 15:09:48.048 25816 25842 D AlphabeticIndexCompat: computeSectionName: cs: Genesis sectionName: G
04-15 15:09:48.048 25816 25842 D AlphabeticIndexCompat: computeSectionName: cs: Google sectionName: G
04-15 15:09:48.320  1588  1728 W AppOpService: Ignored setUidMode call for runtime permission app op: uid = 1001, code = READ_CELL_BROADCASTS, mode = allow, callingUid = 1001, oldMode = allow
04-15 15:09:48.321 16980 17059 I Finsky:background: [86] RECEIVER_ENGAGE_PACKAGE_CHANGED#logWorkEndAndFinishGoAsync: SKIPPED_PRECONDITIONS_UNMET
04-15 15:09:48.321  3074  3349 D SatelliteAccessController: Current default SMS app:ComponentInfo{com.google.android.apps.messaging/com.google.android.apps.messaging.shared.receiver.SmsDeliverReceiver}
04-15 15:09:48.321  3074  3349 D SatelliteController: getSelectedSatelliteSubId: subId=1
04-15 15:09:48.323  3074  3349 D SatelliteAccessController: supportedMsgApps:com.google.android.apps.messaging
04-15 15:09:48.326  1588  2706 I IsolatedStorageServiceM: Isolated storage service VM status: 1
04-15 15:09:48.334  1588  1774 D WindowManager: DeferredDisplayUpdater: partially applying DisplayInfo(1080 x 2364) immediately
04-15 15:09:48.336  1588  1776 I DisplayDeviceRepository: Display device changed render timings: "Outer Display", renderFrameRate=60.000004, presentationDeadlineNanos=11500000, appVsyncOffsetNanos=6233332, frameRateOverrides=[]
04-15 15:09:48.341  1008 15135 D DeviceHalAidl: [default] setParameters: parameters: "screen_state=on"
04-15 15:09:48.342   912  1887 D ASvc::Module: updateScreenState: 1
04-15 15:09:48.342  1008 15135 D DeviceHalAidl: [r_submix] setParameters: parameters: "screen_state=on"
04-15 15:09:48.342   912  1887 D AHAL_Module: updateScreenState: r_submix: 1
04-15 15:09:48.343  1008 15135 D DeviceHalAidl: [bluetooth] setParameters: parameters: "screen_state=on"
04-15 15:09:48.343   912  2422 D AHAL_Module: updateScreenState: bluetooth: 1
