04-15 15:08:00.062 19347 19347 W libbinder.BackendUnifiedServiceManager: Thread Pool max thread count is 0. Cannot cache binder as linkToDeath cannot be implemented. serviceName: resources
04-15 15:08:00.063 19347 19347 W libbinder.BackendUnifiedServiceManager: Thread Pool max thread count is 0. Cannot cache binder as linkToDeath cannot be implemented. serviceName: restrictions
04-15 15:08:00.063 19347 19347 W libbinder.BackendUnifiedServiceManager: Thread Pool max thread count is 0. Cannot cache binder as linkToDeath cannot be implemented. serviceName: role
04-15 15:08:00.064 19347 19347 W libbinder.BackendUnifiedServiceManager: Thread Pool max thread count is 0. Cannot cache binder as linkToDeath cannot be implemented. serviceName: rollback
04-15 15:08:00.065 19347 19347 W libbinder.BackendUnifiedServiceManager: Thread Pool max thread count is 0. Cannot cache binder as linkToDeath cannot be implemented. serviceName: runtime
04-15 15:08:00.065 19347 19347 E libbinder.Parcel: Reading a NULL string not supported here.
04-15 15:08:00.065 19347 19347 W libbinder.BackendUnifiedServiceManager: Thread Pool max thread count is 0. Cannot cache binder as linkToDeath cannot be implemented. serviceName: safety_center
04-15 15:08:00.066 19347 19347 W libbinder.BackendUnifiedServiceManager: Thread Pool max thread count is 0. Cannot cache binder as linkToDeath cannot be implemented. serviceName: scheduling_policy
04-15 15:08:00.066 19347 19347 W libbinder.BackendUnifiedServiceManager: Thread Pool max thread count is 0. Cannot cache binder as linkToDeath cannot be implemented. serviceName: sdk_sandbox
04-15 15:08:00.066 19347 19347 W libbinder.BackendUnifiedServiceManager: Thread Pool max thread count is 0. Cannot cache binder as linkToDeath cannot be implemented. serviceName: search
04-15 15:08:00.067 19347 19347 W libbinder.BackendUnifiedServiceManager: Thread Pool max thread count is 0. Cannot cache binder as linkToDeath cannot be implemented. serviceName: search_ui
04-15 15:08:00.067 19347 19347 W libbinder.BackendUnifiedServiceManager: Thread Pool max thread count is 0. Cannot cache binder as linkToDeath cannot be implemented. serviceName: sec_key_att_app_id_provider
04-15 15:08:00.068 19347 19347 W libbinder.BackendUnifiedServiceManager: Thread Pool max thread count is 0. Cannot cache binder as linkToDeath cannot be implemented. serviceName: secure_element
04-15 15:08:00.069 19347 19347 W libbinder.BackendUnifiedServiceManager: Thread Pool max thread count is 0. Cannot cache binder as linkToDeath cannot be implemented. serviceName: security_state
04-15 15:08:00.069 19347 19347 W libbinder.BackendUnifiedServiceManager: Thread Pool max thread count is 0. Cannot cache binder as linkToDeath cannot be implemented. serviceName: selection_toolbar
04-15 15:08:00.070 19347 19347 W libbinder.BackendUnifiedServiceManager: Thread Pool max thread count is 0. Cannot cache binder as linkToDeath cannot be implemented. serviceName: sensitive_content_protection_service
04-15 15:08:00.070 19347 19347 W libbinder.BackendUnifiedServiceManager: Thread Pool max thread count is 0. Cannot cache binder as linkToDeath cannot be implemented. serviceName: sensor_privacy
04-15 15:08:00.071 19347 19347 W libbinder.BackendUnifiedServiceManager: Thread Pool max thread count is 0. Cannot cache binder as linkToDeath cannot be implemented. serviceName: sensorservice
04-15 15:08:00.072 19347 19347 W libbinder.BackendUnifiedServiceManager: Thread Pool max thread count is 0. Cannot cache binder as linkToDeath cannot be implemented. serviceName: serial
04-15 15:08:00.072 19347 19347 W libbinder.BackendUnifiedServiceManager: Thread Pool max thread count is 0. Cannot cache binder as linkToDeath cannot be implemented. serviceName: servicediscovery
04-15 15:08:00.073 19347 19347 W libbinder.BackendUnifiedServiceManager: Thread Pool max thread count is 0. Cannot cache binder as linkToDeath cannot be implemented. serviceName: settings
04-15 15:08:00.073 19347 19347 E libbinder.Parcel: Reading a NULL string not supported here.
04-15 15:08:00.074 19347 19347 W libbinder.BackendUnifiedServiceManager: Thread Pool max thread count is 0. Cannot cache binder as linkToDeath cannot be implemented. serviceName: shortcut
04-15 15:08:00.075 19347 19347 W libbinder.BackendUnifiedServiceManager: Thread Pool max thread count is 0. Cannot cache binder as linkToDeath cannot be implemented. serviceName: simphonebook
04-15 15:08:00.076 19347 19347 W libbinder.BackendUnifiedServiceManager: Thread Pool max thread count is 0. Cannot cache binder as linkToDeath cannot be implemented. serviceName: slice
04-15 15:08:00.076 19347 19347 W libbinder.BackendUnifiedServiceManager: Thread Pool max thread count is 0. Cannot cache binder as linkToDeath cannot be implemented. serviceName: smartspace
04-15 15:08:00.077 19347 19347 W libbinder.BackendUnifiedServiceManager: Thread Pool max thread count is 0. Cannot cache binder as linkToDeath cannot be implemented. serviceName: soundtrigger
04-15 15:08:00.078 19347 19347 W libbinder.BackendUnifiedServiceManager: Thread Pool max thread count is 0. Cannot cache binder as linkToDeath cannot be implemented. serviceName: soundtrigger_middleware
04-15 15:08:00.078 19347 19347 W libbinder.BackendUnifiedServiceManager: Thread Pool max thread count is 0. Cannot cache binder as linkToDeath cannot be implemented. serviceName: speech_recognition
04-15 15:08:00.078 19347 19347 W libbinder.BackendUnifiedServiceManager: Thread Pool max thread count is 0. Cannot cache binder as linkToDeath cannot be implemented. serviceName: stats
04-15 15:08:00.079 19347 19347 W libbinder.BackendUnifiedServiceManager: Thread Pool max thread count is 0. Cannot cache binder as linkToDeath cannot be implemented. serviceName: statsbootstrap
04-15 15:08:00.080 19347 19347 W libbinder.BackendUnifiedServiceManager: Thread Pool max thread count is 0. Cannot cache binder as linkToDeath cannot be implemented. serviceName: statscompanion
04-15 15:08:00.081 19347 19347 W libbinder.BackendUnifiedServiceManager: Thread Pool max thread count is 0. Cannot cache binder as linkToDeath cannot be implemented. serviceName: statsmanager
04-15 15:08:00.082 19347 19347 W libbinder.BackendUnifiedServiceManager: Thread Pool max thread count is 0. Cannot cache binder as linkToDeath cannot be implemented. serviceName: statusbar
04-15 15:08:00.082 19347 19347 W libbinder.BackendUnifiedServiceManager: Thread Pool max thread count is 0. Cannot cache binder as linkToDeath cannot be implemented. serviceName: storaged
04-15 15:08:00.083 19347 19347 W libbinder.BackendUnifiedServiceManager: Thread Pool max thread count is 0. Cannot cache binder as linkToDeath cannot be implemented. serviceName: storaged_pri
04-15 15:08:00.084 19347 19347 W libbinder.BackendUnifiedServiceManager: Thread Pool max thread count is 0. Cannot cache binder as linkToDeath cannot be implemented. serviceName: storagestats
04-15 15:08:00.085 19347 19347 W libbinder.BackendUnifiedServiceManager: Thread Pool max thread count is 0. Cannot cache binder as linkToDeath cannot be implemented. serviceName: supervision
04-15 15:08:00.086 19347 19347 W libbinder.BackendUnifiedServiceManager: Thread Pool max thread count is 0. Cannot cache binder as linkToDeath cannot be implemented. serviceName: system_config
04-15 15:08:00.087 19347 19347 W libbinder.BackendUnifiedServiceManager: Thread Pool max thread count is 0. Cannot cache binder as linkToDeath cannot be implemented. serviceName: system_server_dumper
04-15 15:08:00.087 19347 19347 E libbinder.Parcel: Reading a NULL string not supported here.
04-15 15:08:00.087  1244  1244 D AOC     : A3:MSG: tmd3743_device.cc, 2643: USF: TMD3743: dbv:1314 rr:120 pwm:-1 te2:0 status:1[1] C/R/G/B/W=1.6/1.1/0.8/0.3/1.6
04-15 15:08:00.087 19347 19347 W libbinder.BackendUnifiedServiceManager: Thread Pool max thread count is 0. Cannot cache binder as linkToDeath cannot be implemented. serviceName: system_update
04-15 15:08:00.088 19347 19347 W libbinder.BackendUnifiedServiceManager: Thread Pool max thread count is 0. Cannot cache binder as linkToDeath cannot be implemented. serviceName: telecom
04-15 15:08:00.089 19347 19347 W libbinder.BackendUnifiedServiceManager: Thread Pool max thread count is 0. Cannot cache binder as linkToDeath cannot be implemented. serviceName: telephony.oem.oemrilhook
04-15 15:08:00.090 19347 19347 W libbinder.BackendUnifiedServiceManager: Thread Pool max thread count is 0. Cannot cache binder as linkToDeath cannot be implemented. serviceName: telephony.registry
04-15 15:08:00.091 19347 19347 W libbinder.BackendUnifiedServiceManager: Thread Pool max thread count is 0. Cannot cache binder as linkToDeath cannot be implemented. serviceName: telephony_ims
04-15 15:08:00.092 19347 19347 W libbinder.BackendUnifiedServiceManager: Thread Pool max thread count is 0. Cannot cache binder as linkToDeath cannot be implemented. serviceName: telephony_phone_number
04-15 15:08:00.093 19347 19347 W libbinder.BackendUnifiedServiceManager: Thread Pool max thread count is 0. Cannot cache binder as linkToDeath cannot be implemented. serviceName: testharness
04-15 15:08:00.093 19347 19347 E libbinder.Parcel: Reading a NULL string not supported here.
04-15 15:08:00.094 19347 19347 W libbinder.BackendUnifiedServiceManager: Thread Pool max thread count is 0. Cannot cache binder as linkToDeath cannot be implemented. serviceName: tethering
04-15 15:08:00.095 19347 19347 W libbinder.BackendUnifiedServiceManager: Thread Pool max thread count is 0. Cannot cache binder as linkToDeath cannot be implemented. serviceName: textclassification
04-15 15:08:00.096 19347 19347 W libbinder.BackendUnifiedServiceManager: Thread Pool max thread count is 0. Cannot cache binder as linkToDeath cannot be implemented. serviceName: textservices
04-15 15:08:00.096 19347 19347 W libbinder.BackendUnifiedServiceManager: Thread Pool max thread count is 0. Cannot cache binder as linkToDeath cannot be implemented. serviceName: texttospeech
04-15 15:08:00.098 19347 19347 W libbinder.BackendUnifiedServiceManager: Thread Pool max thread count is 0. Cannot cache binder as linkToDeath cannot be implemented. serviceName: thermalservice
04-15 15:08:00.099 19347 19347 W libbinder.BackendUnifiedServiceManager: Thread Pool max thread count is 0. Cannot cache binder as linkToDeath cannot be implemented. serviceName: thread_network
04-15 15:08:00.100 19347 19347 W libbinder.BackendUnifiedServiceManager: Thread Pool max thread count is 0. Cannot cache binder as linkToDeath cannot be implemented. serviceName: time_detector
04-15 15:08:00.101 19347 19347 W libbinder.BackendUnifiedServiceManager: Thread Pool max thread count is 0. Cannot cache binder as linkToDeath cannot be implemented. serviceName: time_zone_detector
04-15 15:08:00.102 19347 19347 W libbinder.BackendUnifiedServiceManager: Thread Pool max thread count is 0. Cannot cache binder as linkToDeath cannot be implemented. serviceName: tracing.proxy
04-15 15:08:00.103 19347 19347 W libbinder.BackendUnifiedServiceManager: Thread Pool max thread count is 0. Cannot cache binder as linkToDeath cannot be implemented. serviceName: tradeinmode
04-15 15:08:00.104 19347 19347 W libbinder.BackendUnifiedServiceManager: Thread Pool max thread count is 0. Cannot cache binder as linkToDeath cannot be implemented. serviceName: translation
04-15 15:08:00.105 19347 19347 W libbinder.BackendUnifiedServiceManager: Thread Pool max thread count is 0. Cannot cache binder as linkToDeath cannot be implemented. serviceName: transparency
04-15 15:08:00.105 19347 19347 W libbinder.BackendUnifiedServiceManager: Thread Pool max thread count is 0. Cannot cache binder as linkToDeath cannot be implemented. serviceName: trust
04-15 15:08:00.106 19347 19347 W libbinder.BackendUnifiedServiceManager: Thread Pool max thread count is 0. Cannot cache binder as linkToDeath cannot be implemented. serviceName: uimode
04-15 15:08:00.107 19347 19347 W libbinder.BackendUnifiedServiceManager: Thread Pool max thread count is 0. Cannot cache binder as linkToDeath cannot be implemented. serviceName: updatelock
04-15 15:08:00.108 19347 19347 W libbinder.BackendUnifiedServiceManager: Thread Pool max thread count is 0. Cannot cache binder as linkToDeath cannot be implemented. serviceName: uri_grants
04-15 15:08:00.109 19347 19347 W libbinder.BackendUnifiedServiceManager: Thread Pool max thread count is 0. Cannot cache binder as linkToDeath cannot be implemented. serviceName: usagestats
04-15 15:08:00.110 19347 19347 W libbinder.BackendUnifiedServiceManager: Thread Pool max thread count is 0. Cannot cache binder as linkToDeath cannot be implemented. serviceName: usb
04-15 15:08:00.111 19347 19347 W libbinder.BackendUnifiedServiceManager: Thread Pool max thread count is 0. Cannot cache binder as linkToDeath cannot be implemented. serviceName: user
04-15 15:08:00.112 19347 19347 W libbinder.BackendUnifiedServiceManager: Thread Pool max thread count is 0. Cannot cache binder as linkToDeath cannot be implemented. serviceName: uwb
04-15 15:08:00.113 19347 19347 W libbinder.BackendUnifiedServiceManager: Thread Pool max thread count is 0. Cannot cache binder as linkToDeath cannot be implemented. serviceName: vcn_management
04-15 15:08:00.114 19347 19347 W libbinder.BackendUnifiedServiceManager: Thread Pool max thread count is 0. Cannot cache binder as linkToDeath cannot be implemented. serviceName: vendor.google.aam.IAam/default
04-15 15:08:00.114 19347 19347 E libbinder.IPCThreadState: Binder transaction failure. id: 242900460, cmd: BR_FAILED_REPLY (29201), error: -1 (Operation not permitted)
04-15 15:08:00.115 19347 19347 W libbinder.BackendUnifiedServiceManager: Thread Pool max thread count is 0. Cannot cache binder as linkToDeath cannot be implemented. serviceName: vendor.google.ambience_hub.IAmbienceHubConsumerManager/default
04-15 15:08:00.115 19347 19347 E libbinder.IPCThreadState: Binder transaction failure. id: 242900464, cmd: BR_FAILED_REPLY (29201), error: -1 (Operation not permitted)
04-15 15:08:00.117 19347 19347 W libbinder.BackendUnifiedServiceManager: Thread Pool max thread count is 0. Cannot cache binder as linkToDeath cannot be implemented. serviceName: vendor.google.ambience_hub.IAmbienceHubProducerManager/default
04-15 15:08:00.117 19347 19347 E libbinder.IPCThreadState: Binder transaction failure. id: 242900468, cmd: BR_FAILED_REPLY (29201), error: -1 (Operation not permitted)
04-15 15:08:00.117 19347 19347 W libbinder.BackendUnifiedServiceManager: Thread Pool max thread count is 0. Cannot cache binder as linkToDeath cannot be implemented. serviceName: vendor.google.battery_mitigation.IBatteryMitigation/default
04-15 15:08:00.118 19347 19347 E libbinder.IPCThreadState: Binder transaction failure. id: 242900472, cmd: BR_FAILED_REPLY (29201), error: -1 (Operation not permitted)
04-15 15:08:00.119 19347 19347 W libbinder.BackendUnifiedServiceManager: Thread Pool max thread count is 0. Cannot cache binder as linkToDeath cannot be implemented. serviceName: vendor.google.bluetooth_ext.IBTChannelAvoidance/default
04-15 15:08:00.119 19347 19347 E libbinder.IPCThreadState: Binder transaction failure. id: 242900478, cmd: BR_FAILED_REPLY (29201), error: -1 (Operation not permitted)
04-15 15:08:00.120 19347 19347 W libbinder.BackendUnifiedServiceManager: Thread Pool max thread count is 0. Cannot cache binder as linkToDeath cannot be implemented. serviceName: vendor.google.bluetooth_ext.IBluetoothCcc/default
04-15 15:08:00.120 19347 19347 E libbinder.IPCThreadState: Binder transaction failure. id: 242900482, cmd: BR_FAILED_REPLY (29201), error: -1 (Operation not permitted)
04-15 15:08:00.121 19347 19347 W libbinder.BackendUnifiedServiceManager: Thread Pool max thread count is 0. Cannot cache binder as linkToDeath cannot be implemented. serviceName: vendor.google.bluetooth_ext.IBluetoothCco/default
04-15 15:08:00.121 19347 19347 E libbinder.IPCThreadState: Binder transaction failure. id: 242900486, cmd: BR_FAILED_REPLY (29201), error: -1 (Operation not permitted)
04-15 15:08:00.122 19347 19347 W libbinder.BackendUnifiedServiceManager: Thread Pool max thread count is 0. Cannot cache binder as linkToDeath cannot be implemented. serviceName: vendor.google.bluetooth_ext.IBluetoothExt/default
04-15 15:08:00.122 19347 19347 E libbinder.IPCThreadState: Binder transaction failure. id: 242900490, cmd: BR_FAILED_REPLY (29201), error: -1 (Operation not permitted)
04-15 15:08:00.123 19347 19347 W libbinder.BackendUnifiedServiceManager: Thread Pool max thread count is 0. Cannot cache binder as linkToDeath cannot be implemented. serviceName: vendor.google.bluetooth_ext.IBluetoothSar/default
04-15 15:08:00.123 19347 19347 E libbinder.IPCThreadState: Binder transaction failure. id: 242900494, cmd: BR_FAILED_REPLY (29201), error: -1 (Operation not permitted)
04-15 15:08:00.124 19347 19347 W libbinder.BackendUnifiedServiceManager: Thread Pool max thread count is 0. Cannot cache binder as linkToDeath cannot be implemented. serviceName: vendor.google.google_battery.IGoogleBattery/default
04-15 15:08:00.124 19347 19347 E libbinder.IPCThreadState: Binder transaction failure. id: 242900498, cmd: BR_FAILED_REPLY (29201), error: -1 (Operation not permitted)
04-15 15:08:00.125 19347 19347 W libbinder.BackendUnifiedServiceManager: Thread Pool max thread count is 0. Cannot cache binder as linkToDeath cannot be implemented. serviceName: vendor.google.plat_security.ISecureTimestamp/default
04-15 15:08:00.125 19347 19347 E libbinder.IPCThreadState: Binder transaction failure. id: 242900502, cmd: BR_FAILED_REPLY (29201), error: -1 (Operation not permitted)
04-15 15:08:00.126 19347 19347 W libbinder.BackendUnifiedServiceManager: Thread Pool max thread count is 0. Cannot cache binder as linkToDeath cannot be implemented. serviceName: vendor.google.plat_security.ITrustyDecrypt/default
04-15 15:08:00.126 19347 19347 E libbinder.IPCThreadState: Binder transaction failure. id: 242900506, cmd: BR_FAILED_REPLY (29201), error: -1 (Operation not permitted)
04-15 15:08:00.127 19347 19347 W libbinder.BackendUnifiedServiceManager: Thread Pool max thread count is 0. Cannot cache binder as linkToDeath cannot be implemented. serviceName: vendor.google.radio_ext.IRadioExt/default
04-15 15:08:00.127 19347 19347 E libbinder.IPCThreadState: Binder transaction failure. id: 242900514, cmd: BR_FAILED_REPLY (29201), error: -1 (Operation not permitted)
04-15 15:08:00.128 19347 19347 W libbinder.BackendUnifiedServiceManager: Thread Pool max thread count is 0. Cannot cache binder as linkToDeath cannot be implemented. serviceName: vendor.google.whitechapel.audio.extension.IAudioExtension/default
04-15 15:08:00.128 19347 19347 E libbinder.IPCThreadState: Binder transaction failure. id: 242900518, cmd: BR_FAILED_REPLY (29201), error: -1 (Operation not permitted)
04-15 15:08:00.129 19347 19347 W libbinder.BackendUnifiedServiceManager: Thread Pool max thread count is 0. Cannot cache binder as linkToDeath cannot be implemented. serviceName: vendor.google.wifi_ext.IWifiExt/default
04-15 15:08:00.129 19347 19347 E libbinder.IPCThreadState: Binder transaction failure. id: 242900522, cmd: BR_FAILED_REPLY (29201), error: -1 (Operation not permitted)
04-15 15:08:00.130 19347 19347 W libbinder.BackendUnifiedServiceManager: Thread Pool max thread count is 0. Cannot cache binder as linkToDeath cannot be implemented. serviceName: vendor.google.wireless_charger.IWirelessCharger/default
04-15 15:08:00.130 19347 19347 E libbinder.IPCThreadState: Binder transaction failure. id: 242900526, cmd: BR_FAILED_REPLY (29201), error: -1 (Operation not permitted)
04-15 15:08:00.131 19347 19347 E libbinder.IPCThreadState: Binder transaction failure. id: 242900530, cmd: BR_FAILED_REPLY (29201), error: -1 (Operation not permitted)
04-15 15:08:00.132 19347 19347 W libbinder.BackendUnifiedServiceManager: Thread Pool max thread count is 0. Cannot cache binder as linkToDeath cannot be implemented. serviceName: vendor.samsung_slsi.telephony.hardware.oemservice.IOemService/dm0
04-15 15:08:00.132 19347 19347 E libbinder.IPCThreadState: Binder transaction failure. id: 242900534, cmd: BR_FAILED_REPLY (29201), error: -1 (Operation not permitted)
04-15 15:08:00.133 19347 19347 W libbinder.BackendUnifiedServiceManager: Thread Pool max thread count is 0. Cannot cache binder as linkToDeath cannot be implemented. serviceName: vendor.samsung_slsi.telephony.hardware.oemservice.IOemService/dm1
04-15 15:08:00.133 19347 19347 E libbinder.IPCThreadState: Binder transaction failure. id: 242900538, cmd: BR_FAILED_REPLY (29201), error: -1 (Operation not permitted)
04-15 15:08:00.134 19347 19347 W libbinder.BackendUnifiedServiceManager: Thread Pool max thread count is 0. Cannot cache binder as linkToDeath cannot be implemented. serviceName: vendor.samsung_slsi.telephony.hardware.radioExternal.IOemSlsiRadioExternal/default
04-15 15:08:00.134 19347 19347 E libbinder.IPCThreadState: Binder transaction failure. id: 242900542, cmd: BR_FAILED_REPLY (29201), error: -1 (Operation not permitted)
04-15 15:08:00.134 19347 19347 W libbinder.BackendUnifiedServiceManager: Thread Pool max thread count is 0. Cannot cache binder as linkToDeath cannot be implemented. serviceName: vibrator_manager
04-15 15:08:00.135 19347 19347 W libbinder.BackendUnifiedServiceManager: Thread Pool max thread count is 0. Cannot cache binder as linkToDeath cannot be implemented. serviceName: virtualdevice
04-15 15:08:00.136 19347 19347 W libbinder.BackendUnifiedServiceManager: Thread Pool max thread count is 0. Cannot cache binder as linkToDeath cannot be implemented. serviceName: virtualdevice_native
04-15 15:08:00.137 19347 19347 W libbinder.BackendUnifiedServiceManager: Thread Pool max thread count is 0. Cannot cache binder as linkToDeath cannot be implemented. serviceName: voiceinteraction
04-15 15:08:00.139 19347 19347 W libbinder.BackendUnifiedServiceManager: Thread Pool max thread count is 0. Cannot cache binder as linkToDeath cannot be implemented. serviceName: vpn_management
04-15 15:08:00.139 19347 19347 W libbinder.BackendUnifiedServiceManager: Thread Pool max thread count is 0. Cannot cache binder as linkToDeath cannot be implemented. serviceName: wallpaper
04-15 15:08:00.140 19347 19347 W libbinder.BackendUnifiedServiceManager: Thread Pool max thread count is 0. Cannot cache binder as linkToDeath cannot be implemented. serviceName: wallpaper_effects_generation
04-15 15:08:00.141 19347 19347 W libbinder.BackendUnifiedServiceManager: Thread Pool max thread count is 0. Cannot cache binder as linkToDeath cannot be implemented. serviceName: wearable_sensing
04-15 15:08:00.142 19347 19347 W libbinder.BackendUnifiedServiceManager: Thread Pool max thread count is 0. Cannot cache binder as linkToDeath cannot be implemented. serviceName: webviewupdate
04-15 15:08:00.142 19347 19347 W libbinder.BackendUnifiedServiceManager: Thread Pool max thread count is 0. Cannot cache binder as linkToDeath cannot be implemented. serviceName: wifi
04-15 15:08:00.143 19347 19347 W libbinder.BackendUnifiedServiceManager: Thread Pool max thread count is 0. Cannot cache binder as linkToDeath cannot be implemented. serviceName: wifiaware
04-15 15:08:00.144 19347 19347 W libbinder.BackendUnifiedServiceManager: Thread Pool max thread count is 0. Cannot cache binder as linkToDeath cannot be implemented. serviceName: wifinl80211
04-15 15:08:00.144 19347 19347 E libbinder.IPCThreadState: Binder transaction failure. id: 242900611, cmd: BR_FAILED_REPLY (29201), error: -1 (Operation not permitted)
04-15 15:08:00.144 19347 19347 W libbinder.BackendUnifiedServiceManager: Thread Pool max thread count is 0. Cannot cache binder as linkToDeath cannot be implemented. serviceName: wifip2p
04-15 15:08:00.145 19347 19347 W libbinder.BackendUnifiedServiceManager: Thread Pool max thread count is 0. Cannot cache binder as linkToDeath cannot be implemented. serviceName: wifirtt
04-15 15:08:00.146 19347 19347 W libbinder.BackendUnifiedServiceManager: Thread Pool max thread count is 0. Cannot cache binder as linkToDeath cannot be implemented. serviceName: wifiscanner
04-15 15:08:00.147 19347 19347 W libbinder.BackendUnifiedServiceManager: Thread Pool max thread count is 0. Cannot cache binder as linkToDeath cannot be implemented. serviceName: window
04-15 15:08:00.272  6108 22319 E aicore  : E0000 00:00:1776280080.272176   22319 portable_clearcut_uploader.cc:91] Failed to send to clearcut: INTERNAL: ResponseInfo[id: 11317, type: 0, code: 2, description: "", headers: ]
04-15 15:08:00.272  6108 22319 E aicore  : === Source Location Trace: ===
04-15 15:08:00.272  6108 22319 E aicore  : wireless/android/play/playlog/cplusplus/ion_http_client.cc:44
04-15 15:08:00.274  1588  1588 E BoundServiceSession: Bad key 1 received in binderTransactionCompleted! Closing all transactions on CR{9b42494 1588->com.google.android.as/com.google.android.apps.miphone.aiai.common.notification.service.AiAiNotificationListenerService flags=0x805000101}. Current keys: {onNotificationRemovedFull=1, onNotificationPostedFull=0}; Counts: [2, 0]
04-15 15:08:00.274  1588  1588 E BoundServiceSession: Bad key 0 received in binderTransactionCompleted! Closing all transactions on CR{9b42494 1588->com.google.android.as/com.google.android.apps.miphone.aiai.common.notification.service.AiAiNotificationListenerService flags=0x805000101}. Current keys: {}; Counts: []
04-15 15:08:00.277  1588  1809 W ProcessStats: Tracking association SourceState{a689469 com.google.android.as/10178 BFgs #1388217} whose proc state 4 is better than process ProcessState{a978d8a com.google.android.apps.pixel.psi/10162 pkg=com.google.android.apps.pixel.psi} proc state 14 (2 skipped)
04-15 15:08:00.581  1244  1244 D AOC     : A3:MSG: tmd3743_device.cc, 997: USF: TMD3743: C/G switch 1 -> 2 d_lux:73.02 w_lux: 176.33 C:2.17 G:0.77
04-15 15:08:00.602  1244  1244 D AOC     : A3:MSG: tmd3743_device.cc, 997: USF: TMD3743: C/G switch 2 -> 1 d_lux:74.74 w_lux: 176.33 C:2.18 G:0.78
04-15 15:08:00.750  9087  9087 D BoundBrokerSvc: onUnbind: Intent { act=com.google.android.gms.onboardingconsent.api.ConsentManagerApiService.START dat=chimera-action:/... xflg=0x4 cmp=com.google.android.gms/.chimera.GmsApiService }
04-15 15:08:00.771 11889 11889 D BoundBrokerSvc: onUnbind: Intent { act=com.google.android.gms.auth.aang.events.services.START dat=chimera-action:/... xflg=0x4 cmp=com.google.android.gms/.chimera.PersistentApiService }
04-15 15:08:00.879  2876  2975 D TemperatureStateSource: sequence=42368 actualDelay=10004
04-15 15:08:00.885  2876  2975 D TemperatureStateSource: Reading temperature: sequence=42369
04-15 15:08:00.894  1519  1519 I pixel-thermal: VIRTUAL-SKIN:42.9082 raw data: CLOSE_WEIGHT:1 OPEN_WEIGHT:0 VIRTUAL-SKIN:42908.2 VIRTUAL-SKIN-CLOSE:41964.9 VIRTUAL-SKIN-CLOSE-SUB-0:41357.8 VIRTUAL-SKIN-CLOSE-SUB-1:41964.9 VIRTUAL-SKIN-CLOSE-SUB-2:39834.6 VIRTUAL-SKIN-CLOSE-SUB-3:41947 VIRTUAL-SKIN-CLOSE-SUB-4:41788.4 VIRTUAL-SKIN-LEGACY:41964.9 VIRTUAL-SKIN-LEGACY-MODEL-DIFF:-947.109 VIRTUAL-SKIN-LEGACY-SHUTDOWN:0 VIRTUAL-SKIN-MODEL:42912 VIRTUAL-SKIN-MODEL-CLAMPED:42912 VIRTUAL-SKIN-MODEL-LEGACY-DIFF:947.109 VIRTUAL-SKIN-MODEL-UPDATED:42908.2 VIRTUAL-SKIN-MODEL-UPPER-CLAMPED:42912 VIRTUAL-SKIN-OPEN:42804.3 VIRTUAL-SKIN-OPEN-SUB-0:42128.2 VIRTUAL-SKIN-OPEN-SUB-1:42489.6 VIRTUAL-SKIN-OPEN-SUB-2:42085.3 VIRTUAL-SKIN-OPEN-SUB-3:42359 VIRTUAL-SKIN-OPEN-SUB-4:42804.3 VT_LEGACY_WEIGHT:0 VT_MODEL_WEIGHT:1 charging_therm:42242 flash_therm:45420 inner_brightness:0 inner_disp_therm:41730 north_therm:43466 outer_disp_therm:36910 quiet_therm:42619 rfpa_therm:43256 soc_therm:43896 usb_pwr_therm:40485 
04-15 15:08:00.896  2876  2975 D TemperatureStateSource: getDeviceTemperatures: sequence=42369 deviceTemperatureType=3 temperatureSource=0 temperatures=[42.90818]
04-15 15:08:00.896  2876  2975 D BusinessScope: Enqueuing the block
04-15 15:08:00.896  2876  2975 D TemperatureStateSource: sequence=42369 waitTime=10000
04-15 15:08:00.897  2876  3175 D BusinessScope: Start running the #97137 block
04-15 15:08:00.898  2876  3175 D BusinessScope: Enqueuing the block
04-15 15:08:00.898  2876  3175 D ImpulseStateSource: Notify clients: 48542
04-15 15:08:00.898  2876  3175 D BusinessScope: Finish running the #97137 block
04-15 15:08:00.899  2876  3175 D BusinessScope: Start running the #97138 block
04-15 15:08:00.900  2876  3175 D BusinessScope: Finish running the #97138 block
04-15 15:08:01.057   482 15993 D SurfaceFlinger: setDesiredMode 4619827677550801153 {mode={fps=60.00 Hz, modePtr={id=0, vsyncRate=60.00 Hz, peakRefreshRate=60.00 Hz}}, emitEvent=false, force=false}
04-15 15:08:01.064   482   482 D SurfaceFlinger: initiateModeChange 4619827677550801153 {mode={fps=60.00 Hz, modePtr={id=0, vsyncRate=60.00 Hz, peakRefreshRate=60.00 Hz}}, emitEvent=false, force=false}
04-15 15:08:01.064   483  8391 D hwc-pixel-display: SetActiveConfigInternal: config: 81 powermode: 1
04-15 15:08:01.702  1588  1588 E BoundServiceSession: Bad key 1 received in binderTransactionCompleted! Closing all transactions on CR{9b42494 1588->com.google.android.as/com.google.android.apps.miphone.aiai.common.notification.service.AiAiNotificationListenerService flags=0x805000101}. Current keys: {}; Counts: []
04-15 15:08:01.702  1588  1588 E BoundServiceSession: Bad key 0 received in binderTransactionCompleted! Closing all transactions on CR{9b42494 1588->com.google.android.as/com.google.android.apps.miphone.aiai.common.notification.service.AiAiNotificationListenerService flags=0x805000101}. Current keys: {}; Counts: []
04-15 15:08:01.912  1242  1242 W TracingMuxer: type=1400 audit(0.0:94791): avc:  denied  { write } for  name="traced_producer" dev="tmpfs" ino=1380 scontext=u:r:gxp_logging:s0 tcontext=u:object_r:traced_producer_socket:s0 tclass=sock_file permissive=0
04-15 15:08:02.603  1244  1244 D AOC     : A3:MSG: tmd3743_device.cc, 997: USF: TMD3743: C/G switch 1 -> 2 d_lux:74.08 w_lux: 176.73 C:2.19 G:0.78
04-15 15:08:02.641  1244  1244 D AOC     : A3:MSG: tmd3743_device.cc, 997: USF: TMD3743: C/G switch 2 -> 1 d_lux:75.09 w_lux: 176.33 C:2.17 G:0.79
04-15 15:08:02.682  1588  2505 D ActivityManager: freezing 32418 com.android.keychain
04-15 15:08:02.686  1588  2505 D ActivityManager: freezing 11653 system:ui
04-15 15:08:02.721  1244  1244 D AOC     : A3:MSG: tmd3743_device.cc, 997: USF: TMD3743: C/G switch 1 -> 2 d_lux:72.92 w_lux: 176.73 C:2.17 G:0.76
04-15 15:08:02.759  1244  1244 D AOC     : A3:MSG: tmd3743_device.cc, 997: USF: TMD3743: C/G switch 2 -> 1 d_lux:73.72 w_lux: 177.33 C:2.17 G:0.78
04-15 15:08:02.943  1244  1244 D AOC     : A3:MSG: tmd3743_device.cc, 997: USF: TMD3743: C/G switch 1 -> 2 d_lux:72.24 w_lux: 177.63 C:2.16 G:0.76
04-15 15:08:02.972  1244  1244 D AOC     : A3:MSG: tmd3743_device.cc, 997: USF: TMD3743: C/G switch 2 -> 1 d_lux:74.66 w_lux: 177.23 C:2.16 G:0.78
04-15 15:08:02.996   968   968 W TracingMuxer: type=1400 audit(0.0:94792): avc:  denied  { write } for  name="traced_producer" dev="tmpfs" ino=1380 scontext=u:r:mediacodec_google:s0 tcontext=u:object_r:traced_producer_socket:s0 tclass=sock_file permissive=0
04-15 15:08:03.041  3789  3789 I libbinder.AidlLazyServiceRegistrar: Process has 2 (of 3 available) client(s) in use after notification android.hardware.security.keymint.IRemotelyProvisionedComponent/avf has clients: 0
04-15 15:08:03.056  1004  2695 I WifiHAL : Creating message to get link statistics; iface = 47
04-15 15:08:03.143  1004  2695 I WifiHAL : Getting cached scan results, iface handle = 0xb400006fdb012990
04-15 15:08:03.143  1004  2695 E WifiHAL : Creating message to get cached scan results
04-15 15:08:03.155  1004  2695 I WifiHAL : In GetCachedScanResultsCommand::handleResponse
04-15 15:08:03.211  1004  2695 D WifiHAL : Start debug command: mType GET_FEATURE
04-15 15:08:03.211  1004  2695 I WifiHAL : CreateRequest mType = GET_FEATURE
04-15 15:08:03.212  1004  2695 D WifiHAL : In DebugCommand::handleResponse, mType:GET_FEATURE
04-15 15:08:03.212  1004  2695 D WifiHAL : len = 4, expected len = 4
04-15 15:08:03.396   915   915 W TracingMuxer: type=1400 audit(0.0:94793): avc:  denied  { write } for  name="traced_producer" dev="tmpfs" ino=1380 scontext=u:r:hal_camera_default:s0 tcontext=u:object_r:traced_producer_socket:s0 tclass=sock_file permissive=0
04-15 15:08:03.456  1244  1244 D AOC     : A3:MSG: tmd3743_device.cc, 997: USF: TMD3743: C/G switch 1 -> 2 d_lux:73.77 w_lux: 178.03 C:2.18 G:0.78
04-15 15:08:03.494  1244  1244 D AOC     : A3:MSG: tmd3743_device.cc, 997: USF: TMD3743: C/G switch 2 -> 1 d_lux:74.02 w_lux: 177.63 C:2.16 G:0.79
04-15 15:08:03.864  1588  1588 E BoundServiceSession: Bad key 2 received in binderTransactionCompleted! Closing all transactions on CR{9b42494 1588->com.google.android.as/com.google.android.apps.miphone.aiai.common.notification.service.AiAiNotificationListenerService flags=0x805000101}. Current keys: {}; Counts: []
04-15 15:08:03.864  1588  1588 E BoundServiceSession: Bad key 1 received in binderTransactionCompleted! Closing all transactions on CR{9b42494 1588->com.google.android.as/com.google.android.apps.miphone.aiai.common.notification.service.AiAiNotificationListenerService flags=0x805000101}. Current keys: {}; Counts: []
04-15 15:08:04.057  1588  2943 V SettingsShellCmd: putForUser(userId=0, table=global, key=verifier_verify_adb_installs, value=0, tag=null, makeDefault=false, overrideableByRestore=false)
04-15 15:08:04.125  1244  1244 D AOC     : A3:MSG: tmd3743_device.cc, 997: USF: TMD3743: C/G switch 1 -> 2 d_lux:72.56 w_lux: 177.53 C:2.16 G:0.77
04-15 15:08:04.149 24861 24861 I abb     : StartCommandInProcess(7061636b61676500696e7374616c6c2d package.install- [truncated])
04-15 15:08:04.162  1244  1244 D AOC     : A3:MSG: tmd3743_device.cc, 997: USF: TMD3743: C/G switch 2 -> 1 d_lux:75.37 w_lux: 177.33 C:2.16 G:0.80
04-15 15:08:04.172  1588  1588 W binder:1588_9: type=1400 audit(0.0:94794): avc:  denied  { getopt } for  scontext=u:r:system_server:s0 tcontext=u:r:shell:s0 tclass=unix_stream_socket permissive=0
04-15 15:08:04.172  1588  1588 W binder:1588_9: type=1400 audit(0.0:94795): avc:  denied  { getopt } for  scontext=u:r:system_server:s0 tcontext=u:r:shell:s0 tclass=unix_stream_socket permissive=0
04-15 15:08:04.172  1588  1588 W binder:1588_9: type=1400 audit(0.0:94796): avc:  denied  { getopt } for  scontext=u:r:system_server:s0 tcontext=u:r:shell:s0 tclass=unix_stream_socket permissive=0
04-15 15:08:04.195 24861 24861 I abb     : StartCommandInProcess(7061636b61676500696e7374616c6c2d package.install- [truncated])
04-15 15:08:04.614  1244  1244 D AOC     : A3:MSG: tmd3743_device.cc, 997: USF: TMD3743: C/G switch 1 -> 2 d_lux:72.70 w_lux: 176.83 C:2.17 G:0.77
04-15 15:08:04.643  1244  1244 D AOC     : A3:MSG: tmd3743_device.cc, 997: USF: TMD3743: C/G switch 2 -> 1 d_lux:75.20 w_lux: 178.03 C:2.18 G:0.79
04-15 15:08:04.666  1588  2505 D ActivityManager: freezing 3191 com.android.settings
04-15 15:08:04.689  1588  2505 D ActivityManager: freezing 31958 com.google.android.apps.carrier.carrierwifi
04-15 15:08:04.698  1588  2505 D ActivityManager: freezing 3874 com.google.android.apps.wellbeing
04-15 15:08:04.719  1588  2609 D InetDiagMessage: Destroyed 0 sockets, proto=IPPROTO_TCP, family=AF_INET, states=14
04-15 15:08:04.726  1588  2609 D InetDiagMessage: Destroyed 0 sockets, proto=IPPROTO_TCP, family=AF_INET6, states=14
04-15 15:08:04.726  1588  2609 D InetDiagMessage: Destroyed live tcp sockets for uids={10171} in 16ms
04-15 15:08:04.735  1588  2609 D InetDiagMessage: Destroyed 0 sockets, proto=IPPROTO_TCP, family=AF_INET, states=14
04-15 15:08:04.743  1588  2609 D InetDiagMessage: Destroyed 0 sockets, proto=IPPROTO_TCP, family=AF_INET6, states=14
04-15 15:08:04.743  1588  2609 D InetDiagMessage: Destroyed live tcp sockets for uids={10157} in 16ms
04-15 15:08:04.928  1588  1588 W binder:1588_10: type=1400 audit(0.0:94797): avc:  denied  { getopt } for  scontext=u:r:system_server:s0 tcontext=u:r:shell:s0 tclass=unix_stream_socket permissive=0
04-15 15:08:04.928  1588  1588 W binder:1588_10: type=1400 audit(0.0:94798): avc:  denied  { getopt } for  scontext=u:r:system_server:s0 tcontext=u:r:shell:s0 tclass=unix_stream_socket permissive=0
04-15 15:08:04.928  1588  1588 W binder:1588_10: type=1400 audit(0.0:94799): avc:  denied  { getopt } for  scontext=u:r:system_server:s0 tcontext=u:r:shell:s0 tclass=unix_stream_socket permissive=0
04-15 15:08:04.928  1588  1588 W binder:1588_10: type=1400 audit(0.0:94800): avc:  denied  { getopt } for  scontext=u:r:system_server:s0 tcontext=u:r:shell:s0 tclass=unix_stream_socket permissive=0
04-15 15:08:04.963 24861 24861 I abb     : StartCommandInProcess(7061636b61676500696e7374616c6c2d package.install- [truncated])
04-15 15:08:05.136  1588  1875 V Configuration: Updating configuration, locales updated from [] to [en_US]
04-15 15:08:05.162  1588  1875 I NativeLibraryHelper: extractNativeLibs specified, checking for extracted lib libtermux.so
04-15 15:08:05.162  1588  1875 I NativeLibraryHelper: Setting page size compat mode PAGE_SIZE_APP_COMPAT_FLAG_ELF_NOT_ALIGNED
04-15 15:08:05.302  1244  1244 D AOC     : A3:MSG: tmd3743_device.cc, 997: USF: TMD3743: C/G switch 1 -> 2 d_lux:73.38 w_lux: 178.23 C:2.17 G:0.77
04-15 15:08:05.329  1244  1244 D AOC     : A3:MSG: tmd3743_device.cc, 997: USF: TMD3743: C/G switch 2 -> 1 d_lux:74.59 w_lux: 178.23 C:2.17 G:0.79
04-15 15:08:05.375  1519  1540 I pixel-thermal: VIRTUAL-SKIN-CHARGE-WIRED:1.00001 raw data: CLOSE_WEIGHT:1 IS_WLC:1 NO_WLC:1.19209e-07 OPEN_WEIGHT:0 VIRTUAL-SKIN-CHARGE-CLOSE:41923.5 VIRTUAL-SKIN-CHARGE-CLOSE-SUB-0:41647.1 VIRTUAL-SKIN-CHARGE-CLOSE-SUB-1:41923.5 VIRTUAL-SKIN-CHARGE-CLOSE-SUB-2:41602.2 VIRTUAL-SKIN-CHARGE-LEGACY:41923.5 VIRTUAL-SKIN-CHARGE-OPEN:41468.9 VIRTUAL-SKIN-CHARGE-OPEN-SUB-0:41468.9 VIRTUAL-SKIN-CHARGE-OPEN-SUB-1:41350.9 VIRTUAL-SKIN-CHARGE-OPEN-SUB-2:41333.5 VIRTUAL-SKIN-CHARGE-WIRED:1000.01 WLC_CHECK:2 charging_therm:42250 flash_therm:45426 inner_brightness:0 inner_disp_therm:41726 north_therm:43539 outer_disp_therm:36932 quiet_therm:42615 rfpa_therm:43249 soc_therm:43898 thb_hda:1 
04-15 15:08:05.376  1519  1540 I pixel-thermal: VIRTUAL-USB-UI:0 raw data: USB-MINUS-CHARGING:-1761 VIRTUAL-USB-UI:0 charging_therm:42250 usb_pwr_therm:40489 
04-15 15:08:05.376  1519  1540 I pixel-thermal: inner_disp_therm:41.726 raw data: inner_disp_therm:41726 
04-15 15:08:05.376  1519  1540 I pixel-thermal: VIRTUAL-SKIN-TOP-SPEAKER: model_input: [42250.00 41726.00 36932.00 45426.00 43539.00 42615.00 43249.00 43898.00 40489.00 ]
04-15 15:08:05.376  1519  1540 I native  : I0000 00:00:1776280085.376728    1540 thermal_tflite_wrapper.cc:261] ThermalTfliteInvoke
04-15 15:08:05.376  1519  1540 I pixel-thermal: VIRTUAL-SKIN-TOP-SPEAKER: model_output: [35824.1 ]
04-15 15:08:05.376  1519  1540 I pixel-thermal: VIRTUAL-SKIN-TOP-SPEAKER: predicted_value: [35824.1 ]
04-15 15:08:05.377  1519  1540 I pixel-thermal: VIRTUAL-SKIN-TOP-SPEAKER:35.8241 raw data: VIRTUAL-SKIN-TOP-SPEAKER:35824.1 charging_therm:42250 flash_therm:45426 inner_disp_therm:41726 north_therm:43539 outer_disp_therm:36932 quiet_therm:42615 rfpa_therm:43249 soc_therm:43898 usb_pwr_therm:40489 
04-15 15:08:05.377  1519  1540 I pixel-thermal: VIRTUAL-SKIN-BOTTOM-SPEAKER: model_input: [42250.00 41726.00 36932.00 45426.00 43539.00 42615.00 43249.00 43898.00 40489.00 ]
04-15 15:08:05.377  1519  1540 I native  : I0000 00:00:1776280085.377115    1540 thermal_tflite_wrapper.cc:261] ThermalTfliteInvoke
04-15 15:08:05.377  1519  1540 I pixel-thermal: VIRTUAL-SKIN-BOTTOM-SPEAKER: model_output: [39535.7 ]
04-15 15:08:05.377  1519  1540 I pixel-thermal: VIRTUAL-SKIN-BOTTOM-SPEAKER: predicted_value: [39535.7 ]
04-15 15:08:05.377  1519  1540 I pixel-thermal: VIRTUAL-SKIN-BOTTOM-SPEAKER:39.5357 raw data: VIRTUAL-SKIN-BOTTOM-SPEAKER:39535.7 charging_therm:42250 flash_therm:45426 inner_disp_therm:41726 north_therm:43539 outer_disp_therm:36932 quiet_therm:42615 rfpa_therm:43249 soc_therm:43898 usb_pwr_therm:40489 
04-15 15:08:05.377  1519  1540 I pixel-thermal: rfpa_therm:43.249 raw data: rfpa_therm:43249 
04-15 15:08:05.377  1519  1540 I pixel-thermal: usb_pwr_therm:40.489 raw data: usb_pwr_therm:40489 
04-15 15:08:05.377  1519  1540 I pixel-thermal: soc_therm:43.898 raw data: soc_therm:43898 
04-15 15:08:05.377  1519  1540 I pixel-thermal: VIRTUAL-USB-THROTTLING:0 raw data: USB-MINUS-CHARGING:-1761 VIRTUAL-USB-THROTTLING:0 usb_pwr_therm:40489 
04-15 15:08:05.377  1519  1540 I pixel-thermal: VIRTUAL-SKIN-CHARGE-PERSIST:44.1575 raw data: CLOSE_WEIGHT:1 IS_WLC:1 NO_WLC:1.19209e-07 OPEN_WEIGHT:0 VIRTUAL-SKIN-CHARGE-LEGACY:41923.5 VIRTUAL-SKIN-CHARGE-PERSIST:44157.5 VIRTUAL-SKIN-CHARGE-WLC-CLOSE:43157.5 VIRTUAL-SKIN-CHARGE-WLC-LEGACY:43157.5 VIRTUAL-SKIN-CHARGE-WLC-OPEN:42894.2 charging_therm:42250 flash_therm:45426 inner_disp_therm:41726 north_therm:43539 outer_disp_therm:36932 quiet_therm:42615 rfpa_therm:43249 soc_therm:43898 
04-15 15:08:05.377  1519  1540 I pixel-thermal: VIRTUAL-SKIN-CHARGE-PERSIST power_budget=0 err=-3.15749 s_power=3297 time_elapsed_ms=7050 p=-1635.58 i=-1752.4 d=-0 dt_per_min=-0.196712 compensation=0 budget transient=0 control target=2 excluded power budget=0
04-15 15:08:05.396  1244  1244 D AOC     : A3:MSG: tmd3743_device.cc, 997: USF: TMD3743: C/G switch 1 -> 2 d_lux:72.85 w_lux: 178.03 C:2.17 G:0.76
04-15 15:08:05.426  1588  1875 D BackupManagerService: [UserID:0] restoreAtInstall pkg=com.adamoutler.ssh token=69 restoreSet=30083490e9696221
04-15 15:08:05.427  1588  1875 D BackupManagerConstants: wakelock timeout: 1800000
04-15 15:08:05.427  1588  1875 D BackupManagerService: [UserID:0] Acquired wakelock:*backup*-0-4809
04-15 15:08:05.428  1588  4809 D BackupManagerService: MSG_RUN_RESTORE observer=null
04-15 15:08:05.428  1588  4809 D BackupManagerService: Starting restore.
04-15 15:08:05.448  1244  1244 D AOC     : A3:MSG: tmd3743_device.cc, 997: USF: TMD3743: C/G switch 2 -> 1 d_lux:74.59 w_lux: 178.93 C:2.16 G:0.79
04-15 15:08:05.449  1588  2673 D BackgroundInstallControlService: Package event received: 0
04-15 15:08:05.449  1588  2673 D BackgroundInstallControlService: Package event received: 0
04-15 15:08:05.450  1588  2673 D BackgroundInstallControlService: Package event received: 0
04-15 15:08:05.464  1588  2673 D BackgroundInstallControlService: Package event received: 0
04-15 15:08:05.514  1588  1588 I TransportConnection: BackupTransportService#4343: Notifying [PerformUnifiedRestoreTask.startRestore()] transport = BackupTransportClient
04-15 15:08:05.503  9087  9566 W GmsStrictMode: DISK_READ [CONTEXT service_id=256 ]
04-15 15:08:05.503  9087  9566 W GmsStrictMode: gztt: 
04-15 15:08:05.503  9087  9566 W GmsStrictMode: Caused by: android.os.strictmode.DiskReadViolation
04-15 15:08:05.503  9087  9566 W GmsStrictMode: 	at android.os.StrictMode$AndroidBlockGuardPolicy.onReadFromDisk(StrictMode.java:1836)
04-15 15:08:05.503  9087  9566 W GmsStrictMode: 	at libcore.io.BlockGuardOs.access(BlockGuardOs.java:74)
04-15 15:08:05.503  9087  9566 W GmsStrictMode: 	at libcore.io.ForwardingOs.access(ForwardingOs.java:129)
04-15 15:08:05.503  9087  9566 W GmsStrictMode: 	at android.app.AndroidForwardingOs.access(AndroidForwardingOs.java:111)
04-15 15:08:05.503  9087  9566 W GmsStrictMode: 	at java.io.UnixFileSystem.checkAccess(UnixFileSystem.java:337)
04-15 15:08:05.503  9087  9566 W GmsStrictMode: 	at java.io.File.exists(File.java:829)
04-15 15:08:05.503  9087  9566 W GmsStrictMode: 	at android.app.ContextImpl.getDataDir(ContextImpl.java:3493)
04-15 15:08:05.503  9087  9566 W GmsStrictMode: 	at android.app.ContextImpl.getPreferencesDir(ContextImpl.java:801)
04-15 15:08:05.503  9087  9566 W GmsStrictMode: 	at android.app.ContextImpl.getSharedPreferencesPath(ContextImpl.java:1040)
04-15 15:08:05.503  9087  9566 W GmsStrictMode: 	at android.app.ContextImpl.getSharedPreferences(ContextImpl.java:635)
04-15 15:08:05.503  9087  9566 W GmsStrictMode: 	at android.content.ContextWrapper.getSharedPreferences(ContextWrapper.java:223)
04-15 15:08:05.503  9087  9566 W GmsStrictMode: 	at android.content.ContextWrapper.getSharedPreferences(ContextWrapper.java:223)
04-15 15:08:05.503  9087  9566 W GmsStrictMode: 	at cogf.a(:com.google.android.gms@261332035@26.13.32 (260400-895912391):67)
04-15 15:08:05.503  9087  9566 W GmsStrictMode: 	at camp.getSharedPreferences(:com.google.android.gms@261332035@26.13.32 (260400-895912391):5)
04-15 15:08:05.503  9087  9566 W GmsStrictMode: 	at android.content.ContextWrapper.getSharedPreferences(ContextWrapper.java:223)
04-15 15:08:05.503  9087  9566 W GmsStrictMode: 	at azad.<init>(:com.google.android.gms@261332035@26.13.32 (260400-895912391):4)
04-15 15:08:05.503  9087  9566 W GmsStrictMode: 	at com.google.android.gms.backup.transport.BackupTransportChimeraService.onCreate(:com.google.android.gms@261332035@26.13.32 (260400-895912391):159)
04-15 15:08:05.503  9087  9566 W GmsStrictMode: 	at aawb.onCreate(:com.google.android.gms@261332035@26.13.32 (260400-895912391):18)
04-15 15:08:05.503  9087  9566 W GmsStrictMode: 	at bcko.onCreate(:com.google.android.gms@261332035@26.13.32 (260400-895912391):19)
04-15 15:08:05.503  9087  9566 W GmsStrictMode: 	at android.app.ActivityThread.handleCreateService(ActivityThread.java:5579)
04-15 15:08:05.503  9087  9566 W GmsStrictMode: 	at android.app.ActivityThread.-$$Nest$mhandleCreateService(Unknown Source:0)
04-15 15:08:05.503  9087  9566 W GmsStrictMode: 	at android.app.ActivityThread$H.handleMessage(ActivityThread.java:2759)
04-15 15:08:05.503  9087  9566 W GmsStrictMode: 	at android.os.Handler.dispatchMessageImpl(Handler.java:142)
04-15 15:08:05.503  9087  9566 W GmsStrictMode: 	at android.os.Handler.dispatchMessage(Handler.java:125)
04-15 15:08:05.503  9087  9566 W GmsStrictMode: 	at android.os.Looper.loopOnce(Looper.java:269)
04-15 15:08:05.503  9087  9566 W GmsStrictMode: 	at android.os.Looper.loop(Looper.java:367)
04-15 15:08:05.503  9087  9566 W GmsStrictMode: 	at android.app.ActivityThread.main(ActivityThread.java:9333)
04-15 15:08:05.503  9087  9566 W GmsStrictMode: 	at java.lang.reflect.Method.invoke(Native Method)
04-15 15:08:05.503  9087  9566 W GmsStrictMode: 	at com.android.internal.os.RuntimeInit$MethodAndArgsCaller.run(RuntimeInit.java:566)
04-15 15:08:05.503  9087  9566 W GmsStrictMode: 	at com.android.internal.os.ZygoteInit.main(ZygoteInit.java:929)
04-15 15:08:05.516  9087  9566 W GmsStrictMode: DISK_READ [CONTEXT service_id=256 ]
04-15 15:08:05.516  9087  9566 W GmsStrictMode: gztt: 
04-15 15:08:05.516  9087  9566 W GmsStrictMode: Caused by: android.os.strictmode.DiskReadViolation
04-15 15:08:05.516  9087  9566 W GmsStrictMode: 	at android.os.StrictMode$AndroidBlockGuardPolicy.onReadFromDisk(StrictMode.java:1836)
04-15 15:08:05.516  9087  9566 W GmsStrictMode: 	at libcore.io.BlockGuardOs.access(BlockGuardOs.java:74)
04-15 15:08:05.516  9087  9566 W GmsStrictMode: 	at libcore.io.ForwardingOs.access(ForwardingOs.java:129)
04-15 15:08:05.516  9087  9566 W GmsStrictMode: 	at android.app.AndroidForwardingOs.access(AndroidForwardingOs.java:111)
04-15 15:08:05.516  9087  9566 W GmsStrictMode: 	at java.io.UnixFileSystem.checkAccess(UnixFileSystem.java:337)
04-15 15:08:05.516  9087  9566 W GmsStrictMode: 	at java.io.File.exists(File.java:829)
04-15 15:08:05.516  9087  9566 W GmsStrictMode: 	at android.app.ContextImpl.ensurePrivateDirExists(ContextImpl.java:862)
04-15 15:08:05.516  9087  9566 W GmsStrictMode: 	at android.app.ContextImpl.ensurePrivateDirExists(ContextImpl.java:851)
04-15 15:08:05.516  9087  9566 W GmsStrictMode: 	at android.app.ContextImpl.getPreferencesDir(ContextImpl.java:803)
04-15 15:08:05.516  9087  9566 W GmsStrictMode: 	at android.app.ContextImpl.getSharedPreferencesPath(ContextImpl.java:1040)
04-15 15:08:05.516  9087  9566 W GmsStrictMode: 	at android.app.ContextImpl.getSharedPreferences(ContextImpl.java:635)
04-15 15:08:05.516  9087  9566 W GmsStrictMode: 	at android.content.ContextWrapper.getSharedPreferences(ContextWrapper.java:223)
04-15 15:08:05.516  9087  9566 W GmsStrictMode: 	at android.content.ContextWrapper.getSharedPreferences(ContextWrapper.java:223)
04-15 15:08:05.516  9087  9566 W GmsStrictMode: 	at cogf.a(:com.google.android.gms@261332035@26.13.32 (260400-895912391):67)
04-15 15:08:05.516  9087  9566 W GmsStrictMode: 	at camp.getSharedPreferences(:com.google.android.gms@261332035@26.13.32 (260400-895912391):5)
04-15 15:08:05.516  9087  9566 W GmsStrictMode: 	at android.content.ContextWrapper.getSharedPreferences(ContextWrapper.java:223)
04-15 15:08:05.516  9087  9566 W GmsStrictMode: 	at azad.<init>(:com.google.android.gms@261332035@26.13.32 (260400-895912391):4)
04-15 15:08:05.516  9087  9566 W GmsStrictMode: 	at com.google.android.gms.backup.transport.BackupTransportChimeraService.onCreate(:com.google.android.gms@261332035@26.13.32 (260400-895912391):159)
04-15 15:08:05.516  9087  9566 W GmsStrictMode: 	at aawb.onCreate(:com.google.android.gms@261332035@26.13.32 (260400-895912391):18)
04-15 15:08:05.516  9087  9566 W GmsStrictMode: 	at bcko.onCreate(:com.google.android.gms@261332035@26.13.32 (260400-895912391):19)
04-15 15:08:05.516  9087  9566 W GmsStrictMode: 	at android.app.ActivityThread.handleCreateService(ActivityThread.java:5579)
04-15 15:08:05.516  9087  9566 W GmsStrictMode: 	at android.app.ActivityThread.-$$Nest$mhandleCreateService(Unknown Source:0)
04-15 15:08:05.516  9087  9566 W GmsStrictMode: 	at android.app.ActivityThread$H.handleMessage(ActivityThread.java:2759)
04-15 15:08:05.516  9087  9566 W GmsStrictMode: 	at android.os.Handler.dispatchMessageImpl(Handler.java:142)
04-15 15:08:05.516  9087  9566 W GmsStrictMode: 	at android.os.Handler.dispatchMessage(Handler.java:125)
04-15 15:08:05.516  9087  9566 W GmsStrictMode: 	at android.os.Looper.loopOnce(Looper.java:269)
04-15 15:08:05.516  9087  9566 W GmsStrictMode: 	at android.os.Looper.loop(Looper.java:367)
04-15 15:08:05.516  9087  9566 W GmsStrictMode: 	at android.app.ActivityThread.main(ActivityThread.java:9333)
