--------- beginning of system
04-15 15:07:57.417  1588  1838 V DisplayPowerController[0]: Brightness [0.081824675] reason changing to: 'automatic', previous reason: 'automatic [ dim ]'.
04-15 15:07:57.418  1588  1838 I DisplayPowerController[0]: BrightnessEvent: brt=0.081824675(76.0%), nits=167.8742, lux=111.07146, reason=automatic, strat=AutomaticBrightnessStrategy, state=ON, stateReason=KEY, policy=BRIGHT, flags=, initBrt=0.041824676, rcmdBrt=0.081824675, preBrt=NaN, preLux=NaN, lastReadLux=81.11786, wasShortTermModelActive=false, autoBrightness=true (default), unclampedBrt=0.081824675, hbmMax=0.29350588, hbmMode=off, thrmMax=1.0, rbcStrength=0, powerFactor=1.0, physDisp=Outer Display(local:4619827677550801153), logicalId=0, slowChange=false, rampSpeed=0.7047244
04-15 15:07:57.419  1588  1838 I DisplayPowerController[1]: BrightnessEvent: brt=0.0(0.0%), nits=1.0, lux=-1.0, reason=screen_off [ throttled lux_lower_bound ], strat=ScreenOffBrightnessStrategy, state=OFF, stateReason=KEY, policy=BRIGHT, flags=, initBrt=0.0, rcmdBrt=NaN, preBrt=NaN, preLux=0.0, wasShortTermModelActive=false, autoBrightness=true (default), unclampedBrt=-1.0, hbmMax=0.68, hbmMode=off, thrmMax=1.0, rbcStrength=-1, powerFactor=1.0, physDisp=Inner Display(local:4619827677550801152), logicalId=1, slowChange=false, rampSpeed=0.0
04-15 15:07:58.633  1588  2673 D BackgroundInstallControlService: Package event received: 0
04-15 15:08:00.274  1588  1588 E BoundServiceSession: Bad key 1 received in binderTransactionCompleted! Closing all transactions on CR{9b42494 1588->com.google.android.as/com.google.android.apps.miphone.aiai.common.notification.service.AiAiNotificationListenerService flags=0x805000101}. Current keys: {onNotificationRemovedFull=1, onNotificationPostedFull=0}; Counts: [2, 0]
04-15 15:08:00.274  1588  1588 E BoundServiceSession: Bad key 0 received in binderTransactionCompleted! Closing all transactions on CR{9b42494 1588->com.google.android.as/com.google.android.apps.miphone.aiai.common.notification.service.AiAiNotificationListenerService flags=0x805000101}. Current keys: {}; Counts: []
04-15 15:08:00.277  1588  1809 W ProcessStats: Tracking association SourceState{a689469 com.google.android.as/10178 BFgs #1388217} whose proc state 4 is better than process ProcessState{a978d8a com.google.android.apps.pixel.psi/10162 pkg=com.google.android.apps.pixel.psi} proc state 14 (2 skipped)
04-15 15:08:01.702  1588  1588 E BoundServiceSession: Bad key 1 received in binderTransactionCompleted! Closing all transactions on CR{9b42494 1588->com.google.android.as/com.google.android.apps.miphone.aiai.common.notification.service.AiAiNotificationListenerService flags=0x805000101}. Current keys: {}; Counts: []
04-15 15:08:01.702  1588  1588 E BoundServiceSession: Bad key 0 received in binderTransactionCompleted! Closing all transactions on CR{9b42494 1588->com.google.android.as/com.google.android.apps.miphone.aiai.common.notification.service.AiAiNotificationListenerService flags=0x805000101}. Current keys: {}; Counts: []
04-15 15:08:02.682  1588  2505 D ActivityManager: freezing 32418 com.android.keychain
04-15 15:08:02.686  1588  2505 D ActivityManager: freezing 11653 system:ui
04-15 15:08:03.864  1588  1588 E BoundServiceSession: Bad key 2 received in binderTransactionCompleted! Closing all transactions on CR{9b42494 1588->com.google.android.as/com.google.android.apps.miphone.aiai.common.notification.service.AiAiNotificationListenerService flags=0x805000101}. Current keys: {}; Counts: []
04-15 15:08:03.864  1588  1588 E BoundServiceSession: Bad key 1 received in binderTransactionCompleted! Closing all transactions on CR{9b42494 1588->com.google.android.as/com.google.android.apps.miphone.aiai.common.notification.service.AiAiNotificationListenerService flags=0x805000101}. Current keys: {}; Counts: []
04-15 15:08:04.057  1588  2943 V SettingsShellCmd: putForUser(userId=0, table=global, key=verifier_verify_adb_installs, value=0, tag=null, makeDefault=false, overrideableByRestore=false)
04-15 15:08:04.666  1588  2505 D ActivityManager: freezing 3191 com.android.settings
04-15 15:08:04.689  1588  2505 D ActivityManager: freezing 31958 com.google.android.apps.carrier.carrierwifi
04-15 15:08:04.698  1588  2505 D ActivityManager: freezing 3874 com.google.android.apps.wellbeing
04-15 15:08:05.136  1588  1875 V Configuration: Updating configuration, locales updated from [] to [en_US]
04-15 15:08:05.426  1588  1875 D BackupManagerService: [UserID:0] restoreAtInstall pkg=com.adamoutler.ssh token=69 restoreSet=30083490e9696221
04-15 15:08:05.427  1588  1875 D BackupManagerConstants: wakelock timeout: 1800000
04-15 15:08:05.427  1588  1875 D BackupManagerService: [UserID:0] Acquired wakelock:*backup*-0-4809
04-15 15:08:05.428  1588  4809 D BackupManagerService: MSG_RUN_RESTORE observer=null
04-15 15:08:05.428  1588  4809 D BackupManagerService: Starting restore.
04-15 15:08:05.449  1588  2673 D BackgroundInstallControlService: Package event received: 0
04-15 15:08:05.449  1588  2673 D BackgroundInstallControlService: Package event received: 0
04-15 15:08:05.450  1588  2673 D BackgroundInstallControlService: Package event received: 0
04-15 15:08:05.464  1588  2673 D BackgroundInstallControlService: Package event received: 0
04-15 15:08:05.514  1588  1588 I TransportConnection: BackupTransportService#4343: Notifying [PerformUnifiedRestoreTask.startRestore()] transport = BackupTransportClient
04-15 15:08:05.517  1588  2446 D BackupTransportManager: [UserID:0] Transport com.google.android.gms/.backup.BackupTransportService updated its attributes
04-15 15:08:05.578  1588  2673 D BackgroundInstallControlService: Package event received: 0
04-15 15:08:05.879  1588  4809 D BackupManagerService: initiateOneRestore packageName=@pm@
04-15 15:08:05.949  1588  4809 E BackupManagerService: Error getting restore data for @pm@
04-15 15:08:05.960  1588  4809 E BackupManagerService: PM agent has no metadata, so not restoring
04-15 15:08:05.978  1588  4809 I BackupManagerService: Restore complete.
04-15 15:08:05.996  1588  1875 I PackageManager: installation completed for package:com.adamoutler.ssh. Final code path: /data/app/~~Sx_7-91xfxC1nvG2RdcXmQ==/com.adamoutler.ssh-G8c6AUJVgDkOhzNk5P48Uw==
04-15 15:08:05.997  1588  2673 D BackgroundInstallControlService: Package event received: 0
04-15 15:08:06.004  1588  2696 D ActivityManager: sync unfroze 3225 com.google.android.permissioncontroller for 6
04-15 15:08:06.011  1588  1875 I AppsFilter: interaction: PackageSetting{bad752e com.google.android.microdroid.empty_payload/10305} -> PackageSetting{b583322 com.adamoutler.ssh/10439} BLOCKED
04-15 15:08:06.013  1588  2673 D BackgroundInstallControlService: Package event received: 1
04-15 15:08:06.016  1588  2673 D BackgroundInstallControlService: Package event received: 0
04-15 15:08:06.020  1588  1875 D PackageInstallerSession: Marking session 115205857 as applied
04-15 15:08:06.064  1588  4809 D BackupManagerService: [UserID:0] Released wakelock:*backup*-0-4809
04-15 15:08:06.102  1588  2614 E AppOps  : attributionTag VCN not declared in manifest of android
04-15 15:08:06.106  1588  2670 D ShortcutService: received package broadcast intent: Intent { act=android.intent.action.PACKAGE_ADDED dat=package: flg=0x4000010 (has extras) }
04-15 15:08:06.106  1588  2670 D ShortcutService: adding package: com.adamoutler.ssh userId=0
04-15 15:08:06.125  1588  1588 D AS.AudioService: received android.intent.action.PACKAGE_ADDED replacing: false archival: false for package com.adamoutler.ssh with uid 10439
04-15 15:08:06.150  1588  1801 D ActivityManager: sync unfroze 10658 com.google.android.packageinstaller for 3
04-15 15:08:06.150  1588  2673 D BackgroundInstallControlService: Package event received: 0
04-15 15:08:06.153  1588  1588 D TransparencyService: Not an update. Skipping...
04-15 15:08:06.158  1588  1882 W AppOpService: Ignored setUidMode call for runtime permission app op: uid = 1001, code = READ_SMS, mode = allow, callingUid = 1001, oldMode = allow
04-15 15:08:06.169  1588  5020 W AppOpService: Ignored setUidMode call for runtime permission app op: uid = 1001, code = RECEIVE_SMS, mode = allow, callingUid = 1001, oldMode = allow
04-15 15:08:06.169  1588  1588 I AppsFilter: interaction: PackageSetting{adb2f6f com.google.android.microdroid.empty_payload/10305} -> PackageSetting{6a1347c com.adamoutler.ssh/10439} BLOCKED
04-15 15:08:06.174  1588  3016 W AppOpService: Ignored setUidMode call for runtime permission app op: uid = 1001, code = RECEIVE_WAP_PUSH, mode = allow, callingUid = 1001, oldMode = allow
04-15 15:08:06.183  1588  5020 W AppOpService: Ignored setUidMode call for runtime permission app op: uid = 1001, code = SEND_SMS, mode = allow, callingUid = 1001, oldMode = allow
04-15 15:08:06.188  1588  5014 W AppOpService: Ignored setUidMode call for runtime permission app op: uid = 1001, code = READ_CELL_BROADCASTS, mode = allow, callingUid = 1001, oldMode = allow
04-15 15:08:06.188  1588  1801 D ActivityManager: sync unfroze 12056 com.android.vending for 3
04-15 15:08:06.190  1588  1801 D ActivityManager: sync unfroze 16980 com.android.vending:background for 3
04-15 15:08:06.194  1588  2670 D ShortcutService: received package broadcast intent: Intent { act=android.intent.action.PACKAGE_CHANGED dat=package: flg=0x5000010 (has extras) }
04-15 15:08:06.194  1588  2670 D ShortcutService: changing package: com.adamoutler.ssh userId=0
04-15 15:08:06.205  1588  9000 I DevicePolicyManager: Found incompatible accounts on any user, not allowing bypassing
04-15 15:08:06.208  1588  9000 I DevicePolicyManager: Found incompatible accounts on any user, not allowing bypassing
04-15 15:08:06.218  1588  1801 D ActivityManager: sync unfroze 10711 com.google.android.apps.nbu.files for 3
04-15 15:08:06.223  1588  2542 V AccessibilityUserState: updateShortcutTargets: type:accessibility_shortcut_target_service, current:{}, new:{}
04-15 15:08:06.223  1588  2542 V AccessibilityUserState: updateShortcutTargets: type:accessibility_qs_targets, current:{}, new:{}
04-15 15:08:06.223  1588  2542 V AccessibilityUserState: updateShortcutTargets: type:accessibility_button_targets, current:{}, new:{}
04-15 15:08:06.223  1588  2542 V AccessibilityUserState: updateShortcutTargets: type:accessibility_gesture_targets, current:{}, new:{}
04-15 15:08:06.223  1588  2542 V AccessibilityUserState: updateShortcutTargets: type:accessibility_key_gesture_targets, current:{}, new:{}
04-15 15:08:06.228  1588  2542 V AccessibilityManagerService: onUserStateChangedLocked for userId: 0, forceUpdate: false
04-15 15:08:06.236  1588  2469 D CompatChangeReporter: Compat change id reported: 262645982; UID 10439; state: ENABLED
04-15 15:08:06.238  1588  2542 V AccessibilityUserState: updateShortcutTargets: type:accessibility_shortcut_target_service, current:{}, new:{}
04-15 15:08:06.238  1588  2542 V AccessibilityUserState: updateShortcutTargets: type:accessibility_button_targets, current:{}, new:{}
04-15 15:08:06.238  1588  2542 V AccessibilityUserState: updateShortcutTargets: type:accessibility_gesture_targets, current:{}, new:{}
04-15 15:08:06.238  1588  2542 V AccessibilityUserState: updateShortcutTargets: type:accessibility_qs_targets, current:{}, new:{}
04-15 15:08:06.238  1588  2542 V AccessibilityUserState: updateShortcutTargets: type:accessibility_key_gesture_targets, current:{}, new:{}
04-15 15:08:06.243  1588  2542 W MagnificationConnectionManager: requestConnection duplicated request: connect=false, mConnectionState=DISCONNECTED
04-15 15:08:06.249  1588  1801 D ActivityManager: sync unfroze 3191 com.android.settings for 3
04-15 15:08:06.252  1588  2446 V Configuration: Updating configuration, locales updated from [] to [en_US]
04-15 15:08:06.252  1588  2446 V Configuration: Updating configuration, locales updated from [] to [en_US]
04-15 15:08:06.252  1588  2446 V Configuration: Updating configuration, locales updated from [] to [en_US]
04-15 15:08:06.252  1588  2446 V Configuration: Updating configuration, locales updated from [] to [en]
04-15 15:08:06.252  1588  2446 V Configuration: Updating configuration, locales updated from [] to [en_US]
04-15 15:08:06.252  1588  2446 V Configuration: Updating configuration, locales updated from [] to [en]
04-15 15:08:06.252  1588  2446 V Configuration: Updating configuration, locales updated from [] to [en_US]
04-15 15:08:06.252  1588  2446 V Configuration: Updating configuration, locales updated from [] to [en_US]
04-15 15:08:06.252  1588  2446 V Configuration: Updating configuration, locales updated from [] to [en_US]
04-15 15:08:06.253  1588  2446 D IntervalStats: Unable to parse usage stats packages: [30, 242, 273, 339, 345, 362, 365, 366, 369, 371, 391, 400, 401, 406, 411, 425, 431, 434, 435, 437, 438, 439, 440, 441, 442, 443, 456, 458, 459, 460, 461, 462]
04-15 15:08:06.253  1588  1801 D ActivityManager: sync unfroze 31958 com.google.android.apps.carrier.carrierwifi for 3
04-15 15:08:06.256  1588  1801 D ActivityManager: sync unfroze 3874 com.google.android.apps.wellbeing for 3
04-15 15:08:06.280  1588  2757 W AppOpService: Ignored setUidMode call for runtime permission app op: uid = 1001, code = READ_SMS, mode = allow, callingUid = 1001, oldMode = allow
04-15 15:08:06.282  1588  5020 W AppOpService: Ignored setUidMode call for runtime permission app op: uid = 1001, code = RECEIVE_SMS, mode = allow, callingUid = 1001, oldMode = allow
04-15 15:08:06.284  1588  2542 V AccessibilityUserState: updateShortcutTargets: type:accessibility_shortcut_target_service, current:{}, new:{}
04-15 15:08:06.284  1588  2542 V AccessibilityUserState: updateShortcutTargets: type:accessibility_qs_targets, current:{}, new:{}
04-15 15:08:06.284  1588  2542 V AccessibilityUserState: updateShortcutTargets: type:accessibility_button_targets, current:{}, new:{}
04-15 15:08:06.284  1588  2542 V AccessibilityUserState: updateShortcutTargets: type:accessibility_gesture_targets, current:{}, new:{}
04-15 15:08:06.284  1588  2542 V AccessibilityUserState: updateShortcutTargets: type:accessibility_key_gesture_targets, current:{}, new:{}
04-15 15:08:06.284  1588  2542 V AccessibilityManagerService: onUserStateChangedLocked for userId: 0, forceUpdate: false
04-15 15:08:06.286  1588  5020 W AppOpService: Ignored setUidMode call for runtime permission app op: uid = 1001, code = RECEIVE_WAP_PUSH, mode = allow, callingUid = 1001, oldMode = allow
04-15 15:08:06.287  1588  2446 W AppOpService: Ignored setUidMode call for runtime permission app op: uid = 1001, code = SEND_SMS, mode = allow, callingUid = 1001, oldMode = allow
04-15 15:08:06.288  1588  2446 W AppOpService: Ignored setUidMode call for runtime permission app op: uid = 1001, code = READ_CELL_BROADCASTS, mode = allow, callingUid = 1001, oldMode = allow
04-15 15:08:06.291  1588  4847 D HealthConnectTrackerManagerImpl: No packages eligible for step tracking. Aborting initialization.
04-15 15:08:06.291  1588  2542 V AccessibilityUserState: updateShortcutTargets: type:accessibility_shortcut_target_service, current:{}, new:{}
04-15 15:08:06.300  1588  2542 V AccessibilityUserState: updateShortcutTargets: type:accessibility_button_targets, current:{}, new:{}
04-15 15:08:06.300  1588  2542 V AccessibilityUserState: updateShortcutTargets: type:accessibility_gesture_targets, current:{}, new:{}
04-15 15:08:06.300  1588  2542 V AccessibilityUserState: updateShortcutTargets: type:accessibility_qs_targets, current:{}, new:{}
04-15 15:08:06.300  1588  2542 V AccessibilityUserState: updateShortcutTargets: type:accessibility_key_gesture_targets, current:{}, new:{}
04-15 15:08:06.300  1588  2542 W MagnificationConnectionManager: requestConnection duplicated request: connect=false, mConnectionState=DISCONNECTED
04-15 15:08:06.331  1588  3365 V Configuration: Updating configuration, locales updated from [] to [en_US]
04-15 15:08:06.331  1588  3365 V Configuration: Updating configuration, locales updated from [] to [en_US]
04-15 15:08:06.331  1588  3365 V Configuration: Updating configuration, locales updated from [] to [en_US]
04-15 15:08:06.331  1588  3365 V Configuration: Updating configuration, locales updated from [] to [en]
04-15 15:08:06.331  1588  3365 V Configuration: Updating configuration, locales updated from [] to [en_US]
04-15 15:08:06.332  1588  3365 V Configuration: Updating configuration, locales updated from [] to [en]
04-15 15:08:06.334  1588  1875 V Configuration: Updating configuration, locales updated from [] to [en_US]
04-15 15:08:06.336  1588  3365 V Configuration: Updating configuration, locales updated from [] to [en_US]
04-15 15:08:06.336  1588  3365 V Configuration: Updating configuration, locales updated from [] to [en_US]
04-15 15:08:06.336  1588  3365 V Configuration: Updating configuration, locales updated from [] to [en_US]
04-15 15:08:06.341  1588  3365 D IntervalStats: Unable to parse usage stats packages: [30, 242, 273, 339, 345, 362, 365, 366, 369, 371, 391, 400, 401, 406, 411, 425, 431, 434, 435, 437, 438, 439, 440, 441, 442, 443, 456, 458, 459, 460, 461, 462]
04-15 15:08:06.353  1588  2757 W AppOpService: Ignored setUidMode call for runtime permission app op: uid = 1001, code = READ_SMS, mode = allow, callingUid = 1001, oldMode = allow
04-15 15:08:06.353  1588  1875 W PackageParsing: No actions in intent-filter at /data/app/vmdl1322667312.tmp/base.apk Binary XML file line #33
04-15 15:08:06.353  1588  1875 W PackageParsing: No actions in intent-filter at /data/app/vmdl1322667312.tmp/base.apk Binary XML file line #41
04-15 15:08:06.353  1588  1875 W PackageParsing: No actions in intent-filter at /data/app/vmdl1322667312.tmp/base.apk Binary XML file line #49
04-15 15:08:06.354  1588  3217 W AppOpService: Ignored setUidMode call for runtime permission app op: uid = 1001, code = RECEIVE_SMS, mode = allow, callingUid = 1001, oldMode = allow
04-15 15:08:06.359  1588  1875 E PackageManager: Error occurred while checking alignment of package : com.adamoutler.ssh.test
04-15 15:08:06.362  1588  3217 W AppOpService: Ignored setUidMode call for runtime permission app op: uid = 1001, code = RECEIVE_WAP_PUSH, mode = allow, callingUid = 1001, oldMode = allow
04-15 15:08:06.363  1588  5014 W AppOpService: Ignored setUidMode call for runtime permission app op: uid = 1001, code = SEND_SMS, mode = allow, callingUid = 1001, oldMode = allow
04-15 15:08:06.365  1588  1801 D ActivityManager: sync unfroze 29710 com.google.android.apps.privacy.wildlife for 3
04-15 15:08:06.366  1588  2943 W AppOpService: Ignored setUidMode call for runtime permission app op: uid = 1001, code = READ_CELL_BROADCASTS, mode = allow, callingUid = 1001, oldMode = allow
04-15 15:08:06.369  1588  2673 D BackgroundInstallControlService: Package event received: 0
04-15 15:08:06.387  1588  3216 V Configuration: Updating configuration, locales updated from [] to [en_US]
04-15 15:08:06.387  1588  3216 V Configuration: Updating configuration, locales updated from [] to [en_US]
04-15 15:08:06.387  1588  3216 V Configuration: Updating configuration, locales updated from [] to [en_US]
04-15 15:08:06.387  1588  3216 V Configuration: Updating configuration, locales updated from [] to [en]
04-15 15:08:06.387  1588  3216 V Configuration: Updating configuration, locales updated from [] to [en_US]
04-15 15:08:06.387  1588  3216 V Configuration: Updating configuration, locales updated from [] to [en]
04-15 15:08:06.387  1588  3216 V Configuration: Updating configuration, locales updated from [] to [en_US]
04-15 15:08:06.388  1588  1797 D LauncherAppsService: onPackageAdded: user=UserHandle{0}, packageName=com.adamoutler.ssh
04-15 15:08:06.388  1588  1797 D LauncherAppsService: onPackageAdded: triggering onPackageAdded for user=UserHandle{0}, packageName=com.adamoutler.ssh
04-15 15:08:06.388  1588  3216 V Configuration: Updating configuration, locales updated from [] to [en_US]
04-15 15:08:06.388  1588  3216 V Configuration: Updating configuration, locales updated from [] to [en_US]
04-15 15:08:06.388  1588  3216 D IntervalStats: Unable to parse usage stats packages: [30, 242, 273, 339, 345, 362, 365, 366, 369, 371, 391, 400, 401, 406, 411, 425, 431, 434, 435, 437, 438, 439, 440, 441, 442, 443, 456, 458, 459, 460, 461, 462]
04-15 15:08:06.389  1588  1797 D LauncherAppsService: onPackageAdded: triggering onPackageAdded for user=UserHandle{0}, packageName=com.adamoutler.ssh
04-15 15:08:06.389  1588  1797 D LauncherAppsService: onPackageAdded: triggering onPackageAdded for user=UserHandle{0}, packageName=com.adamoutler.ssh
04-15 15:08:06.391  1588  1797 W PackageManager: Failed registering loading progress callback. Package is fully loaded.
04-15 15:08:06.408  1588  2673 D BackgroundInstallControlService: Package event received: 0
04-15 15:08:06.442  1588  1776 I DisplayDeviceRepository: Display device changed render timings: "Outer Display", renderFrameRate=60.000004, presentationDeadlineNanos=11500000, appVsyncOffsetNanos=6233332, frameRateOverrides=[]
04-15 15:08:06.444  1588  1774 D WindowManager: DeferredDisplayUpdater: partially applying DisplayInfo(1080 x 2364) immediately
04-15 15:08:06.477  1588  1588 D ActivityManager: sync unfroze 12295 com.google.android.odad for 6
04-15 15:08:06.478  1588  2673 D BackgroundInstallControlService: Package event received: 0
04-15 15:08:06.517  1588  1875 D BackupManagerService: [UserID:0] restoreAtInstall pkg=com.adamoutler.ssh.test token=6a restoreSet=30083490e9696221
04-15 15:08:06.517  1588  1875 D BackupManagerConstants: wakelock timeout: 1800000
04-15 15:08:06.573  1588  1875 D BackupManagerService: [UserID:0] Acquired wakelock:*backup*-0-4809
04-15 15:08:06.576  1588  4809 D BackupManagerService: MSG_RUN_RESTORE observer=null
04-15 15:08:06.630  1588  4809 D BackupManagerService: Starting restore.
04-15 15:08:06.669  1588  1588 I RemoteContentProtectionService: Connection status for: ComponentInfo{com.google.android.odad/com.google.android.apps.miphone.odad.contentprotection.ContentProtectionService} changed to: connected
04-15 15:08:06.684  1588  2673 D BackgroundInstallControlService: Package event received: 0
04-15 15:08:06.688  1588  2673 D BackgroundInstallControlService: Package event received: 0
04-15 15:08:06.735  1588  1588 I TransportConnection: BackupTransportService#4344: Notifying [PerformUnifiedRestoreTask.startRestore()] transport = BackupTransportClient
04-15 15:08:06.762  1588  5014 D BackupTransportManager: [UserID:0] Transport com.google.android.gms/.backup.BackupTransportService updated its attributes
04-15 15:08:06.820  1588  5014 I ActivityManager: Background started FGS: Allowed [callingPackage: com.google.android.odad; callingUid: 10187; uidState: IMPF; uidBFSL: n/a; intent: Intent { xflg=0x4 cmp=com.google.android.odad/com.google.android.apps.miphone.odad.backgroundwork.impl.WorkService (has extras) }; code:BACKGROUND_ACTIVITY_PERMISSION; tempAllowListReason:<null>; allowWiu:58; targetSdkVersion:36; callerTargetSdkVersion:36; startForegroundCount:0; bindFromPackage:null: isBindService:false]
04-15 15:08:06.833  1588  5004 W ForegroundServiceTypeLoggerModule: Foreground service start for UID: 10187 does not have any types
04-15 15:08:06.838  1588  2673 D BackgroundInstallControlService: Package event received: 0
04-15 15:08:06.909  1588  4826 V Configuration: Updating configuration, locales updated from [en_US] to [af]
04-15 15:08:06.909  1588  4826 V Configuration: Updating configuration, locales updated from [en_US] to [af_ZA]
04-15 15:08:06.910  1588  4826 V Configuration: Updating configuration, locales updated from [en_US] to [am]
04-15 15:08:06.910  1588  4826 V Configuration: Updating configuration, locales updated from [en_US] to [am_ET]
04-15 15:08:06.910  1588  4826 V Configuration: Updating configuration, locales updated from [en_US] to [ar]
04-15 15:08:06.911  1588  4826 V Configuration: Updating configuration, locales updated from [en_US] to [ar_EG]
04-15 15:08:06.911  1588  4826 V Configuration: Updating configuration, locales updated from [en_US] to [ar_XB]
04-15 15:08:06.912  1588  4826 V Configuration: Updating configuration, locales updated from [en_US] to [as]
04-15 15:08:06.912  1588  4826 V Configuration: Updating configuration, locales updated from [en_US] to [az]
04-15 15:08:06.913  1588  4826 V Configuration: Updating configuration, locales updated from [en_US] to [be]
04-15 15:08:06.913  1588  4826 V Configuration: Updating configuration, locales updated from [en_US] to [bg]
04-15 15:08:06.914  1588  4826 V Configuration: Updating configuration, locales updated from [en_US] to [bg_BG]
04-15 15:08:06.914  1588  4826 V Configuration: Updating configuration, locales updated from [en_US] to [bn]
04-15 15:08:06.915  1588  4826 V Configuration: Updating configuration, locales updated from [en_US] to [bs]
04-15 15:08:06.915  1588  4826 V Configuration: Updating configuration, locales updated from [en_US] to [ca]
04-15 15:08:06.916  1588  4826 V Configuration: Updating configuration, locales updated from [en_US] to [ca_ES]
04-15 15:08:06.918  1588  4826 V Configuration: Updating configuration, locales updated from [en_US] to [cs]
04-15 15:08:06.918  1588  4826 V Configuration: Updating configuration, locales updated from [en_US] to [cs_CZ]
04-15 15:08:06.919  1588  4826 V Configuration: Updating configuration, locales updated from [en_US] to [da]
04-15 15:08:06.920  1588  4826 V Configuration: Updating configuration, locales updated from [en_US] to [da_DK]
04-15 15:08:06.920  1588  4826 V Configuration: Updating configuration, locales updated from [en_US] to [de]
04-15 15:08:06.920  1588  4826 V Configuration: Updating configuration, locales updated from [en_US] to [de_DE]
04-15 15:08:06.921  1588  4826 V Configuration: Updating configuration, locales updated from [en_US] to [el]
04-15 15:08:06.921  1588  4826 V Configuration: Updating configuration, locales updated from [en_US] to [el_GR]
04-15 15:08:06.922  1588  4826 V Configuration: Updating configuration, locales updated from [en_US] to [en]
04-15 15:08:06.922  1588  4826 V Configuration: Updating configuration, locales updated from [en_US] to [en_AU]
04-15 15:08:06.923  1588  4826 V Configuration: Updating configuration, locales updated from [en_US] to [en_CA]
04-15 15:08:06.923  1588  4826 V Configuration: Updating configuration, locales updated from [en_US] to [en_GB]
04-15 15:08:06.924  1588  4826 V Configuration: Updating configuration, locales updated from [en_US] to [en_IN]
04-15 15:08:06.924  1588  4826 V Configuration: Updating configuration, locales updated from [en_US] to [en_TW]
04-15 15:08:06.924  1588  4826 V Configuration: Updating configuration, locales updated from [en_US] to [en_XA]
04-15 15:08:06.925  1588  4826 V Configuration: Updating configuration, locales updated from [en_US] to [en_XC]
04-15 15:08:06.925  1588  4826 V Configuration: Updating configuration, locales updated from [en_US] to [es]
04-15 15:08:06.926  1588  4809 D BackupManagerService: initiateOneRestore packageName=@pm@
04-15 15:08:06.929  1588  4826 V Configuration: Updating configuration, locales updated from [en_US] to [es_419]
04-15 15:08:06.929  1588  4826 V Configuration: Updating configuration, locales updated from [en_US] to [es_ES]
04-15 15:08:06.930  1588  4826 V Configuration: Updating configuration, locales updated from [en_US] to [es_US]
04-15 15:08:06.930  1588  4826 V Configuration: Updating configuration, locales updated from [en_US] to [et]
04-15 15:08:06.930  1588  4826 V Configuration: Updating configuration, locales updated from [en_US] to [et_EE]
04-15 15:08:06.931  1588  4826 V Configuration: Updating configuration, locales updated from [en_US] to [eu]
04-15 15:08:06.931  1588  4826 V Configuration: Updating configuration, locales updated from [en_US] to [fa]
04-15 15:08:06.932  1588  4826 V Configuration: Updating configuration, locales updated from [en_US] to [fa_IR]
04-15 15:08:06.932  1588  4826 V Configuration: Updating configuration, locales updated from [en_US] to [fi]
04-15 15:08:06.933  1588  4826 V Configuration: Updating configuration, locales updated from [en_US] to [fi_FI]
04-15 15:08:06.933  1588  4826 V Configuration: Updating configuration, locales updated from [en_US] to [fil]
04-15 15:08:06.934  1588  4826 V Configuration: Updating configuration, locales updated from [en_US] to [fil_PH]
04-15 15:08:06.934  1588  4826 V Configuration: Updating configuration, locales updated from [en_US] to [fr]
04-15 15:08:06.935  1588  4826 V Configuration: Updating configuration, locales updated from [en_US] to [fr_CA]
04-15 15:08:06.935  1588  4826 V Configuration: Updating configuration, locales updated from [en_US] to [fr_FR]
04-15 15:08:06.936  1588  4826 V Configuration: Updating configuration, locales updated from [en_US] to [gl]
04-15 15:08:06.936  1588  4826 V Configuration: Updating configuration, locales updated from [en_US] to [gu]
04-15 15:08:06.937  1588  4826 V Configuration: Updating configuration, locales updated from [en_US] to [hi]
04-15 15:08:06.937  1588  4826 V Configuration: Updating configuration, locales updated from [en_US] to [hi_IN]
04-15 15:08:06.938  1588  4826 V Configuration: Updating configuration, locales updated from [en_US] to [hr]
04-15 15:08:06.939  1588  4826 V Configuration: Updating configuration, locales updated from [en_US] to [hr_HR]
04-15 15:08:06.939  1588  4826 V Configuration: Updating configuration, locales updated from [en_US] to [hu]
04-15 15:08:06.940  1588  4826 V Configuration: Updating configuration, locales updated from [en_US] to [hu_HU]
04-15 15:08:06.940  1588  4826 V Configuration: Updating configuration, locales updated from [en_US] to [hy]
04-15 15:08:06.941  1588  4826 V Configuration: Updating configuration, locales updated from [en_US] to [id]
04-15 15:08:06.941  1588  4826 V Configuration: Updating configuration, locales updated from [en_US] to [id_ID]
04-15 15:08:06.942  1588  4826 V Configuration: Updating configuration, locales updated from [en_US] to [is]
04-15 15:08:06.942  1588  4826 V Configuration: Updating configuration, locales updated from [en_US] to [it]
04-15 15:08:06.943  1588  4826 V Configuration: Updating configuration, locales updated from [en_US] to [it_IT]
04-15 15:08:06.943  1588  4826 V Configuration: Updating configuration, locales updated from [en_US] to [he]
04-15 15:08:06.944  1588  4826 V Configuration: Updating configuration, locales updated from [en_US] to [he_IL]
04-15 15:08:06.944  1588  4826 V Configuration: Updating configuration, locales updated from [en_US] to [ja]
04-15 15:08:06.945  1588  4826 V Configuration: Updating configuration, locales updated from [en_US] to [ja_JP]
04-15 15:08:06.945  1588  4826 V Configuration: Updating configuration, locales updated from [en_US] to [ka]
04-15 15:08:06.945  1588  4826 V Configuration: Updating configuration, locales updated from [en_US] to [kk]
04-15 15:08:06.946  1588  4809 E BackupManagerService: Error getting restore data for @pm@
04-15 15:08:06.946  1588  4826 V Configuration: Updating configuration, locales updated from [en_US] to [km]
04-15 15:08:06.946  1588  4826 V Configuration: Updating configuration, locales updated from [en_US] to [kn]
04-15 15:08:06.947  1588  4809 E BackupManagerService: PM agent has no metadata, so not restoring
04-15 15:08:06.947  1588  4826 V Configuration: Updating configuration, locales updated from [en_US] to [ko]
04-15 15:08:06.947  1588  4826 V Configuration: Updating configuration, locales updated from [en_US] to [ko_KR]
04-15 15:08:06.948  1588  4826 V Configuration: Updating configuration, locales updated from [en_US] to [ky]
04-15 15:08:06.948  1588  4826 V Configuration: Updating configuration, locales updated from [en_US] to [lo]
04-15 15:08:06.949  1588  4826 V Configuration: Updating configuration, locales updated from [en_US] to [lt]
04-15 15:08:06.949  1588  4826 V Configuration: Updating configuration, locales updated from [en_US] to [lt_LT]
04-15 15:08:06.950  1588  4826 V Configuration: Updating configuration, locales updated from [en_US] to [lv]
04-15 15:08:06.950  1588  4826 V Configuration: Updating configuration, locales updated from [en_US] to [lv_LV]
04-15 15:08:06.951  1588  1875 I PackageManager: installation completed for package:com.adamoutler.ssh.test. Final code path: /data/app/~~RTkiHu6aK-nOfDEBm-ES7A==/com.adamoutler.ssh.test-2APYtmAag9-hyMwHsVP8_Q==
04-15 15:08:06.951  1588  4826 V Configuration: Updating configuration, locales updated from [en_US] to [mk]
04-15 15:08:06.951  1588  4826 V Configuration: Updating configuration, locales updated from [en_US] to [ml]
04-15 15:08:06.952  1588  4826 V Configuration: Updating configuration, locales updated from [en_US] to [mn]
04-15 15:08:06.953  1588  4826 V Configuration: Updating configuration, locales updated from [en_US] to [mr]
04-15 15:08:06.953  1588  4826 V Configuration: Updating configuration, locales updated from [en_US] to [ms]
04-15 15:08:06.954  1588  4826 V Configuration: Updating configuration, locales updated from [en_US] to [ms_MY]
04-15 15:08:06.954  1588  1875 I AppsFilter: interaction: PackageSetting{adb2f6f com.google.android.microdroid.empty_payload/10305} -> PackageSetting{c553ea4 com.adamoutler.ssh.test/10440} BLOCKED
04-15 15:08:06.955  1588  2673 D BackgroundInstallControlService: Package event received: 1
04-15 15:08:06.956  1588  1875 D PackageInstallerSession: Marking session 1322667312 as applied
04-15 15:08:06.957  1588  4826 V Configuration: Updating configuration, locales updated from [en_US] to [my]
04-15 15:08:06.958  1588  4826 V Configuration: Updating configuration, locales updated from [en_US] to [nb]
04-15 15:08:06.959  1588  4826 V Configuration: Updating configuration, locales updated from [en_US] to [nb_NO]
04-15 15:08:06.959  1588  4826 V Configuration: Updating configuration, locales updated from [en_US] to [ne]
04-15 15:08:06.960  1588  4826 V Configuration: Updating configuration, locales updated from [en_US] to [nl]
04-15 15:08:06.960  1588  4826 V Configuration: Updating configuration, locales updated from [en_US] to [nl_NL]
04-15 15:08:06.961  1588  4809 I BackupManagerService: Restore complete.
04-15 15:08:06.962  1588  4826 V Configuration: Updating configuration, locales updated from [en_US] to [or]
04-15 15:08:06.963  1588  4826 V Configuration: Updating configuration, locales updated from [en_US] to [pa]
04-15 15:08:06.963  1588  4826 V Configuration: Updating configuration, locales updated from [en_US] to [pl]
04-15 15:08:06.963  1588  4826 V Configuration: Updating configuration, locales updated from [en_US] to [pl_PL]
04-15 15:08:06.964  1588  4826 V Configuration: Updating configuration, locales updated from [en_US] to [pt]
04-15 15:08:06.964  1588  4826 V Configuration: Updating configuration, locales updated from [en_US] to [pt_BR]
04-15 15:08:06.965  1588  4826 V Configuration: Updating configuration, locales updated from [en_US] to [pt_PT]
04-15 15:08:06.966  1588  4826 V Configuration: Updating configuration, locales updated from [en_US] to [ro]
04-15 15:08:06.966  1588  4826 V Configuration: Updating configuration, locales updated from [en_US] to [ro_RO]
04-15 15:08:06.967  1588  4826 V Configuration: Updating configuration, locales updated from [en_US] to [ru]
04-15 15:08:06.967  1588  4826 V Configuration: Updating configuration, locales updated from [en_US] to [ru_RU]
04-15 15:08:06.968  1588  4826 V Configuration: Updating configuration, locales updated from [en_US] to [si]
04-15 15:08:06.968  1588  4826 V Configuration: Updating configuration, locales updated from [en_US] to [sk]
04-15 15:08:06.969  1588  4826 V Configuration: Updating configuration, locales updated from [en_US] to [sk_SK]
04-15 15:08:06.969  1588  4826 V Configuration: Updating configuration, locales updated from [en_US] to [sl]
04-15 15:08:06.970  1588  4826 V Configuration: Updating configuration, locales updated from [en_US] to [sl_SI]
04-15 15:08:06.970  1588  4826 V Configuration: Updating configuration, locales updated from [en_US] to [sq]
04-15 15:08:06.971  1588  4826 V Configuration: Updating configuration, locales updated from [en_US] to [sr]
04-15 15:08:06.972  1588  4826 V Configuration: Updating configuration, locales updated from [en_US] to [sr__#Latn]
04-15 15:08:06.972  1588  4826 V Configuration: Updating configuration, locales updated from [en_US] to [sr_RS]
04-15 15:08:06.973  1588  4826 V Configuration: Updating configuration, locales updated from [en_US] to [sv]
04-15 15:08:06.973  1588  4826 V Configuration: Updating configuration, locales updated from [en_US] to [sv_SE]
04-15 15:08:06.974  1588  4826 V Configuration: Updating configuration, locales updated from [en_US] to [sw]
04-15 15:08:06.974  1588  4809 D BackupManagerService: [UserID:0] Released wakelock:*backup*-0-4809
04-15 15:08:06.974  1588  4826 V Configuration: Updating configuration, locales updated from [en_US] to [sw_TZ]
04-15 15:08:06.975  1588  4826 V Configuration: Updating configuration, locales updated from [en_US] to [ta]
04-15 15:08:06.975  1588  4826 V Configuration: Updating configuration, locales updated from [en_US] to [te]
04-15 15:08:06.976  1588  4826 V Configuration: Updating configuration, locales updated from [en_US] to [th]
04-15 15:08:06.976  1588  4826 V Configuration: Updating configuration, locales updated from [en_US] to [th_TH]
04-15 15:08:06.976  1588  4826 V Configuration: Updating configuration, locales updated from [en_US] to [tr]
04-15 15:08:06.977  1588  4826 V Configuration: Updating configuration, locales updated from [en_US] to [tr_TR]
04-15 15:08:06.977  1588  4826 V Configuration: Updating configuration, locales updated from [en_US] to [uk]
04-15 15:08:06.978  1588  4826 V Configuration: Updating configuration, locales updated from [en_US] to [uk_UA]
04-15 15:08:06.978  1588  4826 V Configuration: Updating configuration, locales updated from [en_US] to [ur]
04-15 15:08:06.979  1588  4826 V Configuration: Updating configuration, locales updated from [en_US] to [uz]
04-15 15:08:06.979  1588  4826 V Configuration: Updating configuration, locales updated from [en_US] to [vi]
04-15 15:08:06.980  1588  4826 V Configuration: Updating configuration, locales updated from [en_US] to [vi_VN]
04-15 15:08:06.980  1588  4826 V Configuration: Updating configuration, locales updated from [en_US] to [zh_CN]
04-15 15:08:06.981  1588  4826 V Configuration: Updating configuration, locales updated from [en_US] to [zh_HK]
04-15 15:08:06.981  1588  4826 V Configuration: Updating configuration, locales updated from [en_US] to [zh_TW]
04-15 15:08:06.982  1588  4826 V Configuration: Updating configuration, locales updated from [en_US] to [zu]
04-15 15:08:06.982  1588  4826 V Configuration: Updating configuration, locales updated from [en_US] to [zu_ZA]
04-15 15:08:06.985  1588  2670 D ShortcutService: received package broadcast intent: Intent { act=android.intent.action.PACKAGE_ADDED dat=package: flg=0x4000010 (has extras) }
04-15 15:08:06.988  1588  2670 D ShortcutService: adding package: com.adamoutler.ssh.test userId=0
04-15 15:08:06.999  1588  2791 W ForegroundServiceTypeLoggerModule: FGS stop call for: 10187 has no types!
04-15 15:08:07.008  1588  2673 D BackgroundInstallControlService: Package event received: 0
04-15 15:08:07.009  1588  2673 D BackgroundInstallControlService: Package event received: 0
04-15 15:08:07.009  1588  2673 D BackgroundInstallControlService: Package event received: 0
04-15 15:08:07.020  1588  1588 D AS.AudioService: received android.intent.action.PACKAGE_ADDED replacing: false archival: false for package com.adamoutler.ssh.test with uid 10440
04-15 15:08:07.025  1588  1588 D TransparencyService: Not an update. Skipping...
04-15 15:08:07.028  1588  1797 D LauncherAppsService: onPackageAdded: user=UserHandle{0}, packageName=com.adamoutler.ssh.test
04-15 15:08:07.028  1588  1797 D LauncherAppsService: onPackageAdded: triggering onPackageAdded for user=UserHandle{0}, packageName=com.adamoutler.ssh.test
04-15 15:08:07.028  1588  1797 D LauncherAppsService: onPackageAdded: triggering onPackageAdded for user=UserHandle{0}, packageName=com.adamoutler.ssh.test
04-15 15:08:07.028  1588  1797 D LauncherAppsService: onPackageAdded: triggering onPackageAdded for user=UserHandle{0}, packageName=com.adamoutler.ssh.test
04-15 15:08:07.039  1588  1797 W PackageManager: Failed registering loading progress callback. Package is fully loaded.
04-15 15:08:07.050  1588  4978 W AppOpService: Ignored setUidMode call for runtime permission app op: uid = 1001, code = READ_SMS, mode = allow, callingUid = 1001, oldMode = allow
04-15 15:08:07.051  1588  5014 W AppOpService: Ignored setUidMode call for runtime permission app op: uid = 1001, code = RECEIVE_SMS, mode = allow, callingUid = 1001, oldMode = allow
04-15 15:08:07.052  1588  2446 W AppOpService: Ignored setUidMode call for runtime permission app op: uid = 1001, code = RECEIVE_WAP_PUSH, mode = allow, callingUid = 1001, oldMode = allow
04-15 15:08:07.052  1588  2446 W AppOpService: Ignored setUidMode call for runtime permission app op: uid = 1001, code = SEND_SMS, mode = allow, callingUid = 1001, oldMode = allow
04-15 15:08:07.053  1588  2446 W AppOpService: Ignored setUidMode call for runtime permission app op: uid = 1001, code = READ_CELL_BROADCASTS, mode = allow, callingUid = 1001, oldMode = allow
04-15 15:08:07.058  1588  1588 D BackupManagerConstants: getFullBackupIntervalMilliseconds(...) returns 86400000
04-15 15:08:07.059  1588  1588 D BackupManagerConstants: getFullBackupRequiredNetworkType(...) returns 2
04-15 15:08:07.059  1588  1588 D BackupManagerConstants: getFullBackupRequireCharging(...) returns true
04-15 15:08:07.079  1588  1588 I AppsFilter: interaction: PackageSetting{532297b com.google.android.microdroid.empty_payload/10305} -> PackageSetting{f215398 com.adamoutler.ssh.test/10440} BLOCKED
04-15 15:08:07.080  1588  1588 I RemoteContentProtectionService: Connection status for: ComponentInfo{com.google.android.odad/com.google.android.apps.miphone.odad.contentprotection.ContentProtectionService} changed to: connected
04-15 15:08:07.094  1588  2469 D CompatChangeReporter: Compat change id reported: 262645982; UID 10440; state: ENABLED
04-15 15:08:07.106  1588  2670 D ShortcutService: received package broadcast intent: Intent { act=android.intent.action.PACKAGE_CHANGED dat=package: flg=0x5000010 (has extras) }
04-15 15:08:07.106  1588  2670 D ShortcutService: changing package: com.adamoutler.ssh.test userId=0
04-15 15:08:07.109  1588  5004 E AppOps  : attributionTag VCN not declared in manifest of android
04-15 15:08:07.134  1588  3688 V Configuration: Updating configuration, locales updated from [] to [en_US]
04-15 15:08:07.134  1588  3688 V Configuration: Updating configuration, locales updated from [] to [en_US]
04-15 15:08:07.134  1588  3688 V Configuration: Updating configuration, locales updated from [] to [en_US]
04-15 15:08:07.134  1588  3688 V Configuration: Updating configuration, locales updated from [] to [en]
04-15 15:08:07.134  1588  3688 V Configuration: Updating configuration, locales updated from [] to [en_US]
04-15 15:08:07.134  1588  3688 V Configuration: Updating configuration, locales updated from [] to [en]
04-15 15:08:07.134  1588  3688 V Configuration: Updating configuration, locales updated from [] to [en_US]
04-15 15:08:07.134  1588  3688 V Configuration: Updating configuration, locales updated from [] to [en_US]
04-15 15:08:07.134  1588  3688 V Configuration: Updating configuration, locales updated from [] to [en_US]
04-15 15:08:07.135  1588  3688 D IntervalStats: Unable to parse usage stats packages: [30, 242, 273, 339, 345, 362, 365, 366, 369, 371, 391, 400, 401, 406, 411, 425, 431, 434, 435, 437, 438, 439, 440, 441, 442, 443, 456, 458, 459, 460, 461, 462]
04-15 15:08:07.140  1588  9000 I DevicePolicyManager: Found incompatible accounts on any user, not allowing bypassing
04-15 15:08:07.148  1588  5004 V Configuration: Updating configuration, locales updated from [] to [en_US]
04-15 15:08:07.149  1588  5004 V Configuration: Updating configuration, locales updated from [] to [en_US]
04-15 15:08:07.149  1588  5004 V Configuration: Updating configuration, locales updated from [] to [en_US]
04-15 15:08:07.149  1588  5004 V Configuration: Updating configuration, locales updated from [] to [en]
04-15 15:08:07.149  1588  5004 V Configuration: Updating configuration, locales updated from [] to [en_US]
04-15 15:08:07.149  1588  5004 V Configuration: Updating configuration, locales updated from [] to [en]
04-15 15:08:07.149  1588  5004 V Configuration: Updating configuration, locales updated from [] to [en_US]
04-15 15:08:07.149  1588  5004 V Configuration: Updating configuration, locales updated from [] to [en_US]
04-15 15:08:07.149  1588  5004 V Configuration: Updating configuration, locales updated from [] to [en_US]
04-15 15:08:07.149  1588  5004 D IntervalStats: Unable to parse usage stats packages: [30, 242, 273, 339, 345, 362, 365, 366, 369, 371, 391, 400, 401, 406, 411, 425, 431, 434, 435, 437, 438, 439, 440, 441, 442, 443, 456, 458, 459, 460, 461, 462]
04-15 15:08:07.158  1588  9000 I DevicePolicyManager: Found incompatible accounts on any user, not allowing bypassing
04-15 15:08:07.164  1588  5014 W AppOpService: Ignored setUidMode call for runtime permission app op: uid = 1001, code = READ_SMS, mode = allow, callingUid = 1001, oldMode = allow
04-15 15:08:07.165  1588  5018 W AppOpService: Ignored setUidMode call for runtime permission app op: uid = 1001, code = RECEIVE_SMS, mode = allow, callingUid = 1001, oldMode = allow
04-15 15:08:07.166  1588  5018 W AppOpService: Ignored setUidMode call for runtime permission app op: uid = 1001, code = RECEIVE_WAP_PUSH, mode = allow, callingUid = 1001, oldMode = allow
04-15 15:08:07.171  1588  5014 W AppOpService: Ignored setUidMode call for runtime permission app op: uid = 1001, code = SEND_SMS, mode = allow, callingUid = 1001, oldMode = allow
04-15 15:08:07.171  1588  2542 V AccessibilityUserState: updateShortcutTargets: type:accessibility_shortcut_target_service, current:{}, new:{}
04-15 15:08:07.171  1588  2542 V AccessibilityUserState: updateShortcutTargets: type:accessibility_qs_targets, current:{}, new:{}
04-15 15:08:07.171  1588  2542 V AccessibilityUserState: updateShortcutTargets: type:accessibility_button_targets, current:{}, new:{}
04-15 15:08:07.171  1588  2542 V AccessibilityUserState: updateShortcutTargets: type:accessibility_gesture_targets, current:{}, new:{}
04-15 15:08:07.171  1588  2542 V AccessibilityUserState: updateShortcutTargets: type:accessibility_key_gesture_targets, current:{}, new:{}
04-15 15:08:07.171  1588  2542 V AccessibilityManagerService: onUserStateChangedLocked for userId: 0, forceUpdate: false
04-15 15:08:07.172  1588  2542 V AccessibilityUserState: updateShortcutTargets: type:accessibility_shortcut_target_service, current:{}, new:{}
04-15 15:08:07.172  1588  2542 V AccessibilityUserState: updateShortcutTargets: type:accessibility_button_targets, current:{}, new:{}
04-15 15:08:07.172  1588  2542 V AccessibilityUserState: updateShortcutTargets: type:accessibility_gesture_targets, current:{}, new:{}
04-15 15:08:07.172  1588  2542 V AccessibilityUserState: updateShortcutTargets: type:accessibility_qs_targets, current:{}, new:{}
04-15 15:08:07.172  1588  2542 V AccessibilityUserState: updateShortcutTargets: type:accessibility_key_gesture_targets, current:{}, new:{}
04-15 15:08:07.172  1588  2542 W MagnificationConnectionManager: requestConnection duplicated request: connect=false, mConnectionState=DISCONNECTED
04-15 15:08:07.173  1588  3864 W AppOpService: Ignored setUidMode call for runtime permission app op: uid = 1001, code = READ_CELL_BROADCASTS, mode = allow, callingUid = 1001, oldMode = allow
04-15 15:08:07.178  1588  2542 V AccessibilityUserState: updateShortcutTargets: type:accessibility_shortcut_target_service, current:{}, new:{}
04-15 15:08:07.178  1588  2542 V AccessibilityUserState: updateShortcutTargets: type:accessibility_qs_targets, current:{}, new:{}
04-15 15:08:07.178  1588  2542 V AccessibilityUserState: updateShortcutTargets: type:accessibility_button_targets, current:{}, new:{}
04-15 15:08:07.178  1588  2542 V AccessibilityUserState: updateShortcutTargets: type:accessibility_gesture_targets, current:{}, new:{}
04-15 15:08:07.178  1588  2542 V AccessibilityUserState: updateShortcutTargets: type:accessibility_key_gesture_targets, current:{}, new:{}
04-15 15:08:07.178  1588  2542 V AccessibilityManagerService: onUserStateChangedLocked for userId: 0, forceUpdate: false
04-15 15:08:07.179  1588  2542 V AccessibilityUserState: updateShortcutTargets: type:accessibility_shortcut_target_service, current:{}, new:{}
04-15 15:08:07.179  1588  2542 V AccessibilityUserState: updateShortcutTargets: type:accessibility_button_targets, current:{}, new:{}
04-15 15:08:07.179  1588  2542 V AccessibilityUserState: updateShortcutTargets: type:accessibility_gesture_targets, current:{}, new:{}
04-15 15:08:07.179  1588  2542 V AccessibilityUserState: updateShortcutTargets: type:accessibility_qs_targets, current:{}, new:{}
04-15 15:08:07.179  1588  2542 V AccessibilityUserState: updateShortcutTargets: type:accessibility_key_gesture_targets, current:{}, new:{}
04-15 15:08:07.179  1588  2542 W MagnificationConnectionManager: requestConnection duplicated request: connect=false, mConnectionState=DISCONNECTED
04-15 15:08:07.238  1588  3688 W AppOpService: Ignored setUidMode call for runtime permission app op: uid = 1001, code = READ_SMS, mode = allow, callingUid = 1001, oldMode = allow
04-15 15:08:07.241  1588  3688 W AppOpService: Ignored setUidMode call for runtime permission app op: uid = 1001, code = RECEIVE_SMS, mode = allow, callingUid = 1001, oldMode = allow
04-15 15:08:07.243  1588  3688 W AppOpService: Ignored setUidMode call for runtime permission app op: uid = 1001, code = RECEIVE_WAP_PUSH, mode = allow, callingUid = 1001, oldMode = allow
