04-15 15:07:59.087 19340 19340 W libbinder.BackendUnifiedServiceManager: Thread Pool max thread count is 0. Cannot cache binder as linkToDeath cannot be implemented. serviceName: servicediscovery
04-15 15:07:59.088 19340 19340 W libbinder.BackendUnifiedServiceManager: Thread Pool max thread count is 0. Cannot cache binder as linkToDeath cannot be implemented. serviceName: settings
04-15 15:07:59.089 19340 19340 E libbinder.Parcel: Reading a NULL string not supported here.
04-15 15:07:59.090 19340 19340 W libbinder.BackendUnifiedServiceManager: Thread Pool max thread count is 0. Cannot cache binder as linkToDeath cannot be implemented. serviceName: shortcut
04-15 15:07:59.091 19340 19340 W libbinder.BackendUnifiedServiceManager: Thread Pool max thread count is 0. Cannot cache binder as linkToDeath cannot be implemented. serviceName: simphonebook
04-15 15:07:59.092 19340 19340 W libbinder.BackendUnifiedServiceManager: Thread Pool max thread count is 0. Cannot cache binder as linkToDeath cannot be implemented. serviceName: slice
04-15 15:07:59.093 19340 19340 W libbinder.BackendUnifiedServiceManager: Thread Pool max thread count is 0. Cannot cache binder as linkToDeath cannot be implemented. serviceName: smartspace
04-15 15:07:59.094 19340 19340 W libbinder.BackendUnifiedServiceManager: Thread Pool max thread count is 0. Cannot cache binder as linkToDeath cannot be implemented. serviceName: soundtrigger
04-15 15:07:59.095 19340 19340 W libbinder.BackendUnifiedServiceManager: Thread Pool max thread count is 0. Cannot cache binder as linkToDeath cannot be implemented. serviceName: soundtrigger_middleware
04-15 15:07:59.096 19340 19340 W libbinder.BackendUnifiedServiceManager: Thread Pool max thread count is 0. Cannot cache binder as linkToDeath cannot be implemented. serviceName: speech_recognition
04-15 15:07:59.097 19340 19340 W libbinder.BackendUnifiedServiceManager: Thread Pool max thread count is 0. Cannot cache binder as linkToDeath cannot be implemented. serviceName: stats
04-15 15:07:59.098  1244  1244 D AOC     : CHRE: DRAM vote count begins
04-15 15:07:59.098 19340 19340 W libbinder.BackendUnifiedServiceManager: Thread Pool max thread count is 0. Cannot cache binder as linkToDeath cannot be implemented. serviceName: statsbootstrap
04-15 15:07:59.099  1244  1244 D AOC     : F1:MSG: controller.cc, 275: AudioInCtrl: cmd ID: 0x00f5, tag: 0xab [cntr = 42990]
04-15 15:07:59.099  1244  1244 D AOC     : F1:MSG: controller_audio_input.cc, 4445: Got chre audio stop cmd
04-15 15:07:59.099  1244  1244 D AOC     : F1:TRC: hotword_input_processor.cc, 1014: Receive cmd: 0x84 (132)
04-15 15:07:59.099  1244  1244 D AOC     : F1:TRC: hotword_input_processor.cc, 1510: Finished cmd: 0x84 (132)
04-15 15:07:59.099  1244  1244 D AOC     : F1:MSG: audio_capture_pdm.cc, 448: Reconfig seamless
04-15 15:07:59.099 19340 19340 W libbinder.BackendUnifiedServiceManager: Thread Pool max thread count is 0. Cannot cache binder as linkToDeath cannot be implemented. serviceName: statscompanion
04-15 15:07:59.100  1244  1244 D AOC     : F1:Stream 1: mask 0x5, rings {1, 0}, pipe 0x1, sr 16000, il {0,2,0,0}, en 1, mc 0, ni 1, fpo 0, ru 1, hq 0
04-15 15:07:59.100  1244  1244 D AOC     : F1:MSG: controller.cc, 933: AudioInCtrl: ipc: C-Ch-AI, cmd ID: 0x00f5, tag: 0xab, rc: 0
04-15 15:07:59.100  1244  1244 D AOC     : CHRE: DRAM vote count ends: 0 ms
04-15 15:07:59.100  1244  1244 D AOC     : CHRE: DRAM vote count begins
04-15 15:07:59.100  1244  1244 D AOC     : CHRE: DRAM vote count ends: 0 ms
04-15 15:07:59.100 19340 19340 W libbinder.BackendUnifiedServiceManager: Thread Pool max thread count is 0. Cannot cache binder as linkToDeath cannot be implemented. serviceName: statsmanager
04-15 15:07:59.101 19340 19340 W libbinder.BackendUnifiedServiceManager: Thread Pool max thread count is 0. Cannot cache binder as linkToDeath cannot be implemented. serviceName: statusbar
04-15 15:07:59.102 19340 19340 W libbinder.BackendUnifiedServiceManager: Thread Pool max thread count is 0. Cannot cache binder as linkToDeath cannot be implemented. serviceName: storaged
04-15 15:07:59.103   916   935 I CHRE    : @ 577182.516: [vice_ambient_volume] SendMessageToAmbientVolume, message_type: 33283 to instance_id: 0x3
04-15 15:07:59.103   916   935 I CHRE    : @ 577182.516: nappId=25 tried to cancel expired/invalid timer 36382
04-15 15:07:59.103   916   935 I CHRE    : @ 577182.516: [vice_ambient_volume] SendMessageToAmbientVolume, message_type: 33282 to instance_id: 0x3
04-15 15:07:59.103   916   935 E CHRE    : @ 577182.516: [AV] Client 3 is not found.
04-15 15:07:59.103   916   935 I CHRE    : @ 577182.516: [AV] disabling detection
04-15 15:07:59.103 19340 19340 W libbinder.BackendUnifiedServiceManager: Thread Pool max thread count is 0. Cannot cache binder as linkToDeath cannot be implemented. serviceName: storaged_pri
04-15 15:07:59.103   916   935 D CHRE    : @ 577182.517: request audio send: 0
04-15 15:07:59.103   916   935 I CHRE    : @ 577182.518: [vice_ambient_volume] Received ACK from Ambient Volume for disable request
04-15 15:07:59.104 19340 19340 W libbinder.BackendUnifiedServiceManager: Thread Pool max thread count is 0. Cannot cache binder as linkToDeath cannot be implemented. serviceName: storagestats
04-15 15:07:59.105 19340 19340 W libbinder.BackendUnifiedServiceManager: Thread Pool max thread count is 0. Cannot cache binder as linkToDeath cannot be implemented. serviceName: supervision
04-15 15:07:59.107 19340 19340 W libbinder.BackendUnifiedServiceManager: Thread Pool max thread count is 0. Cannot cache binder as linkToDeath cannot be implemented. serviceName: system_config
04-15 15:07:59.108 19340 19340 W libbinder.BackendUnifiedServiceManager: Thread Pool max thread count is 0. Cannot cache binder as linkToDeath cannot be implemented. serviceName: system_server_dumper
04-15 15:07:59.108 19340 19340 E libbinder.Parcel: Reading a NULL string not supported here.
04-15 15:07:59.109 19340 19340 W libbinder.BackendUnifiedServiceManager: Thread Pool max thread count is 0. Cannot cache binder as linkToDeath cannot be implemented. serviceName: system_update
04-15 15:07:59.110 19340 19340 W libbinder.BackendUnifiedServiceManager: Thread Pool max thread count is 0. Cannot cache binder as linkToDeath cannot be implemented. serviceName: telecom
04-15 15:07:59.111 19340 19340 W libbinder.BackendUnifiedServiceManager: Thread Pool max thread count is 0. Cannot cache binder as linkToDeath cannot be implemented. serviceName: telephony.oem.oemrilhook
04-15 15:07:59.112 19340 19340 W libbinder.BackendUnifiedServiceManager: Thread Pool max thread count is 0. Cannot cache binder as linkToDeath cannot be implemented. serviceName: telephony.registry
04-15 15:07:59.113 19340 19340 W libbinder.BackendUnifiedServiceManager: Thread Pool max thread count is 0. Cannot cache binder as linkToDeath cannot be implemented. serviceName: telephony_ims
04-15 15:07:59.114 19340 19340 W libbinder.BackendUnifiedServiceManager: Thread Pool max thread count is 0. Cannot cache binder as linkToDeath cannot be implemented. serviceName: telephony_phone_number
04-15 15:07:59.115 19340 19340 W libbinder.BackendUnifiedServiceManager: Thread Pool max thread count is 0. Cannot cache binder as linkToDeath cannot be implemented. serviceName: testharness
04-15 15:07:59.116 19340 19340 E libbinder.Parcel: Reading a NULL string not supported here.
04-15 15:07:59.116 19340 19340 W libbinder.BackendUnifiedServiceManager: Thread Pool max thread count is 0. Cannot cache binder as linkToDeath cannot be implemented. serviceName: tethering
04-15 15:07:59.117 19340 19340 W libbinder.BackendUnifiedServiceManager: Thread Pool max thread count is 0. Cannot cache binder as linkToDeath cannot be implemented. serviceName: textclassification
04-15 15:07:59.118 19340 19340 W libbinder.BackendUnifiedServiceManager: Thread Pool max thread count is 0. Cannot cache binder as linkToDeath cannot be implemented. serviceName: textservices
04-15 15:07:59.119 19340 19340 W libbinder.BackendUnifiedServiceManager: Thread Pool max thread count is 0. Cannot cache binder as linkToDeath cannot be implemented. serviceName: texttospeech
04-15 15:07:59.121 19340 19340 W libbinder.BackendUnifiedServiceManager: Thread Pool max thread count is 0. Cannot cache binder as linkToDeath cannot be implemented. serviceName: thermalservice
04-15 15:07:59.122 19340 19340 W libbinder.BackendUnifiedServiceManager: Thread Pool max thread count is 0. Cannot cache binder as linkToDeath cannot be implemented. serviceName: thread_network
04-15 15:07:59.123 19340 19340 W libbinder.BackendUnifiedServiceManager: Thread Pool max thread count is 0. Cannot cache binder as linkToDeath cannot be implemented. serviceName: time_detector
04-15 15:07:59.124 19340 19340 W libbinder.BackendUnifiedServiceManager: Thread Pool max thread count is 0. Cannot cache binder as linkToDeath cannot be implemented. serviceName: time_zone_detector
04-15 15:07:59.125 19340 19340 W libbinder.BackendUnifiedServiceManager: Thread Pool max thread count is 0. Cannot cache binder as linkToDeath cannot be implemented. serviceName: tracing.proxy
04-15 15:07:59.126 19340 19340 W libbinder.BackendUnifiedServiceManager: Thread Pool max thread count is 0. Cannot cache binder as linkToDeath cannot be implemented. serviceName: tradeinmode
04-15 15:07:59.127 19340 19340 W libbinder.BackendUnifiedServiceManager: Thread Pool max thread count is 0. Cannot cache binder as linkToDeath cannot be implemented. serviceName: translation
04-15 15:07:59.128 19340 19340 W libbinder.BackendUnifiedServiceManager: Thread Pool max thread count is 0. Cannot cache binder as linkToDeath cannot be implemented. serviceName: transparency
04-15 15:07:59.129 19340 19340 W libbinder.BackendUnifiedServiceManager: Thread Pool max thread count is 0. Cannot cache binder as linkToDeath cannot be implemented. serviceName: trust
04-15 15:07:59.130 19340 19340 W libbinder.BackendUnifiedServiceManager: Thread Pool max thread count is 0. Cannot cache binder as linkToDeath cannot be implemented. serviceName: uimode
04-15 15:07:59.131 19340 19340 W libbinder.BackendUnifiedServiceManager: Thread Pool max thread count is 0. Cannot cache binder as linkToDeath cannot be implemented. serviceName: updatelock
04-15 15:07:59.132 19340 19340 W libbinder.BackendUnifiedServiceManager: Thread Pool max thread count is 0. Cannot cache binder as linkToDeath cannot be implemented. serviceName: uri_grants
04-15 15:07:59.134 19340 19340 W libbinder.BackendUnifiedServiceManager: Thread Pool max thread count is 0. Cannot cache binder as linkToDeath cannot be implemented. serviceName: usagestats
04-15 15:07:59.134 19340 19340 W libbinder.BackendUnifiedServiceManager: Thread Pool max thread count is 0. Cannot cache binder as linkToDeath cannot be implemented. serviceName: usb
04-15 15:07:59.135 19340 19340 W libbinder.BackendUnifiedServiceManager: Thread Pool max thread count is 0. Cannot cache binder as linkToDeath cannot be implemented. serviceName: user
04-15 15:07:59.137 19340 19340 W libbinder.BackendUnifiedServiceManager: Thread Pool max thread count is 0. Cannot cache binder as linkToDeath cannot be implemented. serviceName: uwb
04-15 15:07:59.138 19340 19340 W libbinder.BackendUnifiedServiceManager: Thread Pool max thread count is 0. Cannot cache binder as linkToDeath cannot be implemented. serviceName: vcn_management
04-15 15:07:59.139 19340 19340 W libbinder.BackendUnifiedServiceManager: Thread Pool max thread count is 0. Cannot cache binder as linkToDeath cannot be implemented. serviceName: vendor.google.aam.IAam/default
04-15 15:07:59.140 19340 19340 E libbinder.IPCThreadState: Binder transaction failure. id: 242898332, cmd: BR_FAILED_REPLY (29201), error: -1 (Operation not permitted)
04-15 15:07:59.141 19340 19340 W libbinder.BackendUnifiedServiceManager: Thread Pool max thread count is 0. Cannot cache binder as linkToDeath cannot be implemented. serviceName: vendor.google.ambience_hub.IAmbienceHubConsumerManager/default
04-15 15:07:59.141 19340 19340 E libbinder.IPCThreadState: Binder transaction failure. id: 242898336, cmd: BR_FAILED_REPLY (29201), error: -1 (Operation not permitted)
04-15 15:07:59.142 19340 19340 W libbinder.BackendUnifiedServiceManager: Thread Pool max thread count is 0. Cannot cache binder as linkToDeath cannot be implemented. serviceName: vendor.google.ambience_hub.IAmbienceHubProducerManager/default
04-15 15:07:59.142 19340 19340 E libbinder.IPCThreadState: Binder transaction failure. id: 242898340, cmd: BR_FAILED_REPLY (29201), error: -1 (Operation not permitted)
04-15 15:07:59.143 19340 19340 W libbinder.BackendUnifiedServiceManager: Thread Pool max thread count is 0. Cannot cache binder as linkToDeath cannot be implemented. serviceName: vendor.google.battery_mitigation.IBatteryMitigation/default
04-15 15:07:59.143 19340 19340 E libbinder.IPCThreadState: Binder transaction failure. id: 242898344, cmd: BR_FAILED_REPLY (29201), error: -1 (Operation not permitted)
04-15 15:07:59.144 19340 19340 W libbinder.BackendUnifiedServiceManager: Thread Pool max thread count is 0. Cannot cache binder as linkToDeath cannot be implemented. serviceName: vendor.google.bluetooth_ext.IBTChannelAvoidance/default
04-15 15:07:59.145 19340 19340 E libbinder.IPCThreadState: Binder transaction failure. id: 242898348, cmd: BR_FAILED_REPLY (29201), error: -1 (Operation not permitted)
04-15 15:07:59.147 19340 19340 W libbinder.BackendUnifiedServiceManager: Thread Pool max thread count is 0. Cannot cache binder as linkToDeath cannot be implemented. serviceName: vendor.google.bluetooth_ext.IBluetoothCcc/default
04-15 15:07:59.147 19340 19340 E libbinder.IPCThreadState: Binder transaction failure. id: 242898352, cmd: BR_FAILED_REPLY (29201), error: -1 (Operation not permitted)
04-15 15:07:59.149 19340 19340 W libbinder.BackendUnifiedServiceManager: Thread Pool max thread count is 0. Cannot cache binder as linkToDeath cannot be implemented. serviceName: vendor.google.bluetooth_ext.IBluetoothCco/default
04-15 15:07:59.149 19340 19340 E libbinder.IPCThreadState: Binder transaction failure. id: 242898356, cmd: BR_FAILED_REPLY (29201), error: -1 (Operation not permitted)
04-15 15:07:59.150 19340 19340 W libbinder.BackendUnifiedServiceManager: Thread Pool max thread count is 0. Cannot cache binder as linkToDeath cannot be implemented. serviceName: vendor.google.bluetooth_ext.IBluetoothExt/default
04-15 15:07:59.150 19340 19340 E libbinder.IPCThreadState: Binder transaction failure. id: 242898361, cmd: BR_FAILED_REPLY (29201), error: -1 (Operation not permitted)
04-15 15:07:59.153 19340 19340 W libbinder.BackendUnifiedServiceManager: Thread Pool max thread count is 0. Cannot cache binder as linkToDeath cannot be implemented. serviceName: vendor.google.bluetooth_ext.IBluetoothSar/default
04-15 15:07:59.153 19340 19340 E libbinder.IPCThreadState: Binder transaction failure. id: 242898365, cmd: BR_FAILED_REPLY (29201), error: -1 (Operation not permitted)
04-15 15:07:59.155 19340 19340 W libbinder.BackendUnifiedServiceManager: Thread Pool max thread count is 0. Cannot cache binder as linkToDeath cannot be implemented. serviceName: vendor.google.google_battery.IGoogleBattery/default
04-15 15:07:59.155 19340 19340 E libbinder.IPCThreadState: Binder transaction failure. id: 242898369, cmd: BR_FAILED_REPLY (29201), error: -1 (Operation not permitted)
04-15 15:07:59.157 19340 19340 W libbinder.BackendUnifiedServiceManager: Thread Pool max thread count is 0. Cannot cache binder as linkToDeath cannot be implemented. serviceName: vendor.google.plat_security.ISecureTimestamp/default
04-15 15:07:59.157 19340 19340 E libbinder.IPCThreadState: Binder transaction failure. id: 242898373, cmd: BR_FAILED_REPLY (29201), error: -1 (Operation not permitted)
04-15 15:07:59.158 19340 19340 W libbinder.BackendUnifiedServiceManager: Thread Pool max thread count is 0. Cannot cache binder as linkToDeath cannot be implemented. serviceName: vendor.google.plat_security.ITrustyDecrypt/default
04-15 15:07:59.159 19340 19340 E libbinder.IPCThreadState: Binder transaction failure. id: 242898377, cmd: BR_FAILED_REPLY (29201), error: -1 (Operation not permitted)
04-15 15:07:59.160 19340 19340 W libbinder.BackendUnifiedServiceManager: Thread Pool max thread count is 0. Cannot cache binder as linkToDeath cannot be implemented. serviceName: vendor.google.radio_ext.IRadioExt/default
04-15 15:07:59.160 19340 19340 E libbinder.IPCThreadState: Binder transaction failure. id: 242898381, cmd: BR_FAILED_REPLY (29201), error: -1 (Operation not permitted)
04-15 15:07:59.162 19340 19340 W libbinder.BackendUnifiedServiceManager: Thread Pool max thread count is 0. Cannot cache binder as linkToDeath cannot be implemented. serviceName: vendor.google.whitechapel.audio.extension.IAudioExtension/default
04-15 15:07:59.162 19340 19340 E libbinder.IPCThreadState: Binder transaction failure. id: 242898385, cmd: BR_FAILED_REPLY (29201), error: -1 (Operation not permitted)
04-15 15:07:59.165 19340 19340 W libbinder.BackendUnifiedServiceManager: Thread Pool max thread count is 0. Cannot cache binder as linkToDeath cannot be implemented. serviceName: vendor.google.wifi_ext.IWifiExt/default
04-15 15:07:59.165 19340 19340 E libbinder.IPCThreadState: Binder transaction failure. id: 242898389, cmd: BR_FAILED_REPLY (29201), error: -1 (Operation not permitted)
04-15 15:07:59.167 19340 19340 W libbinder.BackendUnifiedServiceManager: Thread Pool max thread count is 0. Cannot cache binder as linkToDeath cannot be implemented. serviceName: vendor.google.wireless_charger.IWirelessCharger/default
04-15 15:07:59.167 19340 19340 E libbinder.IPCThreadState: Binder transaction failure. id: 242898400, cmd: BR_FAILED_REPLY (29201), error: -1 (Operation not permitted)
04-15 15:07:59.170 19340 19340 E libbinder.IPCThreadState: Binder transaction failure. id: 242898404, cmd: BR_FAILED_REPLY (29201), error: -1 (Operation not permitted)
04-15 15:07:59.171 19340 19340 W libbinder.BackendUnifiedServiceManager: Thread Pool max thread count is 0. Cannot cache binder as linkToDeath cannot be implemented. serviceName: vendor.samsung_slsi.telephony.hardware.oemservice.IOemService/dm0
04-15 15:07:59.172 19340 19340 E libbinder.IPCThreadState: Binder transaction failure. id: 242898408, cmd: BR_FAILED_REPLY (29201), error: -1 (Operation not permitted)
04-15 15:07:59.173 19340 19340 W libbinder.BackendUnifiedServiceManager: Thread Pool max thread count is 0. Cannot cache binder as linkToDeath cannot be implemented. serviceName: vendor.samsung_slsi.telephony.hardware.oemservice.IOemService/dm1
04-15 15:07:59.173 19340 19340 E libbinder.IPCThreadState: Binder transaction failure. id: 242898412, cmd: BR_FAILED_REPLY (29201), error: -1 (Operation not permitted)
04-15 15:07:59.175 19340 19340 W libbinder.BackendUnifiedServiceManager: Thread Pool max thread count is 0. Cannot cache binder as linkToDeath cannot be implemented. serviceName: vendor.samsung_slsi.telephony.hardware.radioExternal.IOemSlsiRadioExternal/default
04-15 15:07:59.175 19340 19340 E libbinder.IPCThreadState: Binder transaction failure. id: 242898416, cmd: BR_FAILED_REPLY (29201), error: -1 (Operation not permitted)
04-15 15:07:59.176 19340 19340 W libbinder.BackendUnifiedServiceManager: Thread Pool max thread count is 0. Cannot cache binder as linkToDeath cannot be implemented. serviceName: vibrator_manager
04-15 15:07:59.177 19340 19340 W libbinder.BackendUnifiedServiceManager: Thread Pool max thread count is 0. Cannot cache binder as linkToDeath cannot be implemented. serviceName: virtualdevice
04-15 15:07:59.179 19340 19340 W libbinder.BackendUnifiedServiceManager: Thread Pool max thread count is 0. Cannot cache binder as linkToDeath cannot be implemented. serviceName: virtualdevice_native
04-15 15:07:59.179 19340 19340 W libbinder.BackendUnifiedServiceManager: Thread Pool max thread count is 0. Cannot cache binder as linkToDeath cannot be implemented. serviceName: voiceinteraction
04-15 15:07:59.181 19340 19340 W libbinder.BackendUnifiedServiceManager: Thread Pool max thread count is 0. Cannot cache binder as linkToDeath cannot be implemented. serviceName: vpn_management
04-15 15:07:59.182 19340 19340 W libbinder.BackendUnifiedServiceManager: Thread Pool max thread count is 0. Cannot cache binder as linkToDeath cannot be implemented. serviceName: wallpaper
04-15 15:07:59.183 19340 19340 W libbinder.BackendUnifiedServiceManager: Thread Pool max thread count is 0. Cannot cache binder as linkToDeath cannot be implemented. serviceName: wallpaper_effects_generation
04-15 15:07:59.184 19340 19340 W libbinder.BackendUnifiedServiceManager: Thread Pool max thread count is 0. Cannot cache binder as linkToDeath cannot be implemented. serviceName: wearable_sensing
04-15 15:07:59.185 19340 19340 W libbinder.BackendUnifiedServiceManager: Thread Pool max thread count is 0. Cannot cache binder as linkToDeath cannot be implemented. serviceName: webviewupdate
04-15 15:07:59.186 19340 19340 W libbinder.BackendUnifiedServiceManager: Thread Pool max thread count is 0. Cannot cache binder as linkToDeath cannot be implemented. serviceName: wifi
04-15 15:07:59.188 19340 19340 W libbinder.BackendUnifiedServiceManager: Thread Pool max thread count is 0. Cannot cache binder as linkToDeath cannot be implemented. serviceName: wifiaware
04-15 15:07:59.189 19340 19340 W libbinder.BackendUnifiedServiceManager: Thread Pool max thread count is 0. Cannot cache binder as linkToDeath cannot be implemented. serviceName: wifinl80211
04-15 15:07:59.189 19340 19340 E libbinder.IPCThreadState: Binder transaction failure. id: 242898478, cmd: BR_FAILED_REPLY (29201), error: -1 (Operation not permitted)
04-15 15:07:59.190 19340 19340 W libbinder.BackendUnifiedServiceManager: Thread Pool max thread count is 0. Cannot cache binder as linkToDeath cannot be implemented. serviceName: wifip2p
04-15 15:07:59.191 19340 19340 W libbinder.BackendUnifiedServiceManager: Thread Pool max thread count is 0. Cannot cache binder as linkToDeath cannot be implemented. serviceName: wifirtt
04-15 15:07:59.192 19340 19340 W libbinder.BackendUnifiedServiceManager: Thread Pool max thread count is 0. Cannot cache binder as linkToDeath cannot be implemented. serviceName: wifiscanner
04-15 15:07:59.193 19340 19340 W libbinder.BackendUnifiedServiceManager: Thread Pool max thread count is 0. Cannot cache binder as linkToDeath cannot be implemented. serviceName: window
04-15 15:07:59.310  1244  1244 D AOC     : A3:MSG: tmd3743_device.cc, 997: USF: TMD3743: C/G switch 1 -> 2 d_lux:72.88 w_lux: 177.13 C:2.16 G:0.77
04-15 15:07:59.350  1244  1244 D AOC     : A3:MSG: tmd3743_device.cc, 997: USF: TMD3743: C/G switch 2 -> 1 d_lux:74.26 w_lux: 177.33 C:2.16 G:0.78
04-15 15:07:59.398  1244  1244 D AOC     : A3:MSG: tmd3743_device.cc, 997: USF: TMD3743: C/G switch 1 -> 2 d_lux:71.26 w_lux: 176.13 C:2.16 G:0.76
04-15 15:07:59.427  1244  1244 D AOC     : A3:MSG: tmd3743_device.cc, 997: USF: TMD3743: C/G switch 2 -> 1 d_lux:72.76 w_lux: 177.03 C:2.16 G:0.77
04-15 15:07:59.636 19347 19347 W libbinder.BackendUnifiedServiceManager: Thread Pool max thread count is 0. Cannot cache binder as linkToDeath cannot be implemented. serviceName: DockObserver
04-15 15:07:59.638 19347 19347 E libbinder.Parcel: Reading a NULL string not supported here.
04-15 15:07:59.639 19347 19347 W libbinder.BackendUnifiedServiceManager: Thread Pool max thread count is 0. Cannot cache binder as linkToDeath cannot be implemented. serviceName: SurfaceFlinger
04-15 15:07:59.641 19347 19347 W libbinder.BackendUnifiedServiceManager: Thread Pool max thread count is 0. Cannot cache binder as linkToDeath cannot be implemented. serviceName: SurfaceFlingerAIDL
04-15 15:07:59.643 19347 19347 W libbinder.BackendUnifiedServiceManager: Thread Pool max thread count is 0. Cannot cache binder as linkToDeath cannot be implemented. serviceName: accessibility
04-15 15:07:59.645 19347 19347 W libbinder.BackendUnifiedServiceManager: Thread Pool max thread count is 0. Cannot cache binder as linkToDeath cannot be implemented. serviceName: account
04-15 15:07:59.647 19347 19347 W libbinder.BackendUnifiedServiceManager: Thread Pool max thread count is 0. Cannot cache binder as linkToDeath cannot be implemented. serviceName: activity
04-15 15:07:59.649 19347 19347 W libbinder.BackendUnifiedServiceManager: Thread Pool max thread count is 0. Cannot cache binder as linkToDeath cannot be implemented. serviceName: activity_task
04-15 15:07:59.650 19347 19347 W libbinder.BackendUnifiedServiceManager: Thread Pool max thread count is 0. Cannot cache binder as linkToDeath cannot be implemented. serviceName: adb
04-15 15:07:59.652 19347 19347 W libbinder.BackendUnifiedServiceManager: Thread Pool max thread count is 0. Cannot cache binder as linkToDeath cannot be implemented. serviceName: adservices_manager
04-15 15:07:59.654 19347 19347 W libbinder.BackendUnifiedServiceManager: Thread Pool max thread count is 0. Cannot cache binder as linkToDeath cannot be implemented. serviceName: advanced_protection
04-15 15:07:59.655 19347 19347 W libbinder.BackendUnifiedServiceManager: Thread Pool max thread count is 0. Cannot cache binder as linkToDeath cannot be implemented. serviceName: alarm
04-15 15:07:59.657 19347 19347 W libbinder.BackendUnifiedServiceManager: Thread Pool max thread count is 0. Cannot cache binder as linkToDeath cannot be implemented. serviceName: ambient_context
04-15 15:07:59.660 19347 19347 W libbinder.BackendUnifiedServiceManager: Thread Pool max thread count is 0. Cannot cache binder as linkToDeath cannot be implemented. serviceName: android.frameworks.cameraservice.service.ICameraService/default
04-15 15:07:59.662 19347 19347 W libbinder.BackendUnifiedServiceManager: Thread Pool max thread count is 0. Cannot cache binder as linkToDeath cannot be implemented. serviceName: android.frameworks.devicestate.IDeviceStateService/default
04-15 15:07:59.665 19347 19347 W libbinder.BackendUnifiedServiceManager: Thread Pool max thread count is 0. Cannot cache binder as linkToDeath cannot be implemented. serviceName: android.frameworks.location.altitude.IAltitudeService/default
04-15 15:07:59.668 19347 19347 W libbinder.BackendUnifiedServiceManager: Thread Pool max thread count is 0. Cannot cache binder as linkToDeath cannot be implemented. serviceName: android.frameworks.sensorservice.ISensorManager/default
04-15 15:07:59.670 19347 19347 W libbinder.BackendUnifiedServiceManager: Thread Pool max thread count is 0. Cannot cache binder as linkToDeath cannot be implemented. serviceName: android.frameworks.stats.IStats/default
04-15 15:07:59.673 19347 19347 W libbinder.BackendUnifiedServiceManager: Thread Pool max thread count is 0. Cannot cache binder as linkToDeath cannot be implemented. serviceName: android.frameworks.vibrator.IVibratorControlService/default
04-15 15:07:59.674 19347 19347 W libbinder.BackendUnifiedServiceManager: Thread Pool max thread count is 0. Cannot cache binder as linkToDeath cannot be implemented. serviceName: android.hardware.audio.core.IConfig/default
04-15 15:07:59.674 19347 19347 E libbinder.IPCThreadState: Binder transaction failure. id: 242898693, cmd: BR_FAILED_REPLY (29201), error: -1 (Operation not permitted)
04-15 15:07:59.672 19347 19347 W service : type=1400 audit(0.0:94688): avc:  denied  { call } for  scontext=u:r:shell:s0 tcontext=u:r:hal_audio_default:s0 tclass=binder permissive=0
04-15 15:07:59.676 19347 19347 W libbinder.BackendUnifiedServiceManager: Thread Pool max thread count is 0. Cannot cache binder as linkToDeath cannot be implemented. serviceName: android.hardware.audio.core.IModule/bluetooth
04-15 15:07:59.676 19347 19347 E libbinder.IPCThreadState: Binder transaction failure. id: 242898697, cmd: BR_FAILED_REPLY (29201), error: -1 (Operation not permitted)
04-15 15:07:59.672 19347 19347 W service : type=1400 audit(0.0:94689): avc:  denied  { call } for  scontext=u:r:shell:s0 tcontext=u:r:hal_audio_default:s0 tclass=binder permissive=0
04-15 15:07:59.677 19347 19347 W libbinder.BackendUnifiedServiceManager: Thread Pool max thread count is 0. Cannot cache binder as linkToDeath cannot be implemented. serviceName: android.hardware.audio.core.IModule/default
04-15 15:07:59.678  1244  1244 D AOC     : A3:MSG: tmd3743_device.cc, 997: USF: TMD3743: C/G switch 1 -> 2 d_lux:73.30 w_lux: 176.83 C:2.15 G:0.76
04-15 15:07:59.678 19347 19347 E libbinder.IPCThreadState: Binder transaction failure. id: 242898701, cmd: BR_FAILED_REPLY (29201), error: -1 (Operation not permitted)
04-15 15:07:59.676 19347 19347 W service : type=1400 audit(0.0:94690): avc:  denied  { call } for  scontext=u:r:shell:s0 tcontext=u:r:hal_audio_default:s0 tclass=binder permissive=0
04-15 15:07:59.678 19347 19347 W libbinder.BackendUnifiedServiceManager: Thread Pool max thread count is 0. Cannot cache binder as linkToDeath cannot be implemented. serviceName: android.hardware.audio.core.IModule/r_submix
04-15 15:07:59.679 19347 19347 E libbinder.IPCThreadState: Binder transaction failure. id: 242898705, cmd: BR_FAILED_REPLY (29201), error: -1 (Operation not permitted)
04-15 15:07:59.679 19347 19347 W libbinder.BackendUnifiedServiceManager: Thread Pool max thread count is 0. Cannot cache binder as linkToDeath cannot be implemented. serviceName: android.hardware.audio.effect.IFactory/default
04-15 15:07:59.679 19347 19347 E libbinder.IPCThreadState: Binder transaction failure. id: 242898709, cmd: BR_FAILED_REPLY (29201), error: -1 (Operation not permitted)
04-15 15:07:59.681 19347 19347 W libbinder.BackendUnifiedServiceManager: Thread Pool max thread count is 0. Cannot cache binder as linkToDeath cannot be implemented. serviceName: android.hardware.authsecret.IAuthSecret/default
04-15 15:07:59.681 19347 19347 E libbinder.IPCThreadState: Binder transaction failure. id: 242898713, cmd: BR_FAILED_REPLY (29201), error: -1 (Operation not permitted)
04-15 15:07:59.676 19347 19347 W service : type=1400 audit(0.0:94691): avc:  denied  { call } for  scontext=u:r:shell:s0 tcontext=u:r:hal_audio_default:s0 tclass=binder permissive=0
04-15 15:07:59.676 19347 19347 W service : type=1400 audit(0.0:94692): avc:  denied  { call } for  scontext=u:r:shell:s0 tcontext=u:r:hal_audio_default:s0 tclass=binder permissive=0
04-15 15:07:59.682 19347 19347 W libbinder.BackendUnifiedServiceManager: Thread Pool max thread count is 0. Cannot cache binder as linkToDeath cannot be implemented. serviceName: android.hardware.biometrics.face.IFace/default
04-15 15:07:59.683 19347 19347 E libbinder.IPCThreadState: Binder transaction failure. id: 242898717, cmd: BR_FAILED_REPLY (29201), error: -1 (Operation not permitted)
04-15 15:07:59.684 19347 19347 W libbinder.BackendUnifiedServiceManager: Thread Pool max thread count is 0. Cannot cache binder as linkToDeath cannot be implemented. serviceName: android.hardware.biometrics.fingerprint.IFingerprint/default
04-15 15:07:59.684 19347 19347 E libbinder.IPCThreadState: Binder transaction failure. id: 242898721, cmd: BR_FAILED_REPLY (29201), error: -1 (Operation not permitted)
04-15 15:07:59.684 19347 19347 W libbinder.BackendUnifiedServiceManager: Thread Pool max thread count is 0. Cannot cache binder as linkToDeath cannot be implemented. serviceName: android.hardware.bluetooth.IBluetoothHci/default
04-15 15:07:59.685 19347 19347 E libbinder.IPCThreadState: Binder transaction failure. id: 242898726, cmd: BR_FAILED_REPLY (29201), error: -1 (Operation not permitted)
04-15 15:07:59.685 19347 19347 W libbinder.BackendUnifiedServiceManager: Thread Pool max thread count is 0. Cannot cache binder as linkToDeath cannot be implemented. serviceName: android.hardware.bluetooth.audio.IBluetoothAudioProviderFactory/default
04-15 15:07:59.686 19347 19347 E libbinder.IPCThreadState: Binder transaction failure. id: 242898730, cmd: BR_FAILED_REPLY (29201), error: -1 (Operation not permitted)
04-15 15:07:59.687 19347 19347 W libbinder.BackendUnifiedServiceManager: Thread Pool max thread count is 0. Cannot cache binder as linkToDeath cannot be implemented. serviceName: android.hardware.bluetooth.finder.IBluetoothFinder/default
04-15 15:07:59.687 19347 19347 E libbinder.IPCThreadState: Binder transaction failure. id: 242898734, cmd: BR_FAILED_REPLY (29201), error: -1 (Operation not permitted)
04-15 15:07:59.688 19347 19347 W libbinder.BackendUnifiedServiceManager: Thread Pool max thread count is 0. Cannot cache binder as linkToDeath cannot be implemented. serviceName: android.hardware.bluetooth.offload.leaudio.IHciProxy/default
04-15 15:07:59.689 19347 19347 E libbinder.IPCThreadState: Binder transaction failure. id: 242898738, cmd: BR_FAILED_REPLY (29201), error: -1 (Operation not permitted)
04-15 15:07:59.690 19347 19347 W libbinder.BackendUnifiedServiceManager: Thread Pool max thread count is 0. Cannot cache binder as linkToDeath cannot be implemented. serviceName: android.hardware.bluetooth.ranging.IBluetoothChannelSounding/default
04-15 15:07:59.690 19347 19347 E libbinder.IPCThreadState: Binder transaction failure. id: 242898742, cmd: BR_FAILED_REPLY (29201), error: -1 (Operation not permitted)
04-15 15:07:59.691 19347 19347 W libbinder.BackendUnifiedServiceManager: Thread Pool max thread count is 0. Cannot cache binder as linkToDeath cannot be implemented. serviceName: android.hardware.boot.IBootControl/default
04-15 15:07:59.691 19347 19347 E libbinder.IPCThreadState: Binder transaction failure. id: 242898746, cmd: BR_FAILED_REPLY (29201), error: -1 (Operation not permitted)
04-15 15:07:59.692 19347 19347 W libbinder.BackendUnifiedServiceManager: Thread Pool max thread count is 0. Cannot cache binder as linkToDeath cannot be implemented. serviceName: android.hardware.camera.provider.ICameraProvider/internal/0
04-15 15:07:59.693 19347 19347 E libbinder.IPCThreadState: Binder transaction failure. id: 242898750, cmd: BR_FAILED_REPLY (29201), error: -1 (Operation not permitted)
04-15 15:07:59.694 19347 19347 W libbinder.BackendUnifiedServiceManager: Thread Pool max thread count is 0. Cannot cache binder as linkToDeath cannot be implemented. serviceName: android.hardware.cas.IMediaCasService/default
04-15 15:07:59.696 19347 19347 W libbinder.BackendUnifiedServiceManager: Thread Pool max thread count is 0. Cannot cache binder as linkToDeath cannot be implemented. serviceName: android.hardware.contexthub.IContextHub/default
04-15 15:07:59.696 19347 19347 E libbinder.IPCThreadState: Binder transaction failure. id: 242898759, cmd: BR_FAILED_REPLY (29201), error: -1 (Operation not permitted)
04-15 15:07:59.697 19347 19347 W libbinder.BackendUnifiedServiceManager: Thread Pool max thread count is 0. Cannot cache binder as linkToDeath cannot be implemented. serviceName: android.hardware.drm.IDrmFactory/clearkey
04-15 15:07:59.699 19347 19347 W libbinder.BackendUnifiedServiceManager: Thread Pool max thread count is 0. Cannot cache binder as linkToDeath cannot be implemented. serviceName: android.hardware.drm.IDrmFactory/widevine
04-15 15:07:59.700 19347 19347 W libbinder.BackendUnifiedServiceManager: Thread Pool max thread count is 0. Cannot cache binder as linkToDeath cannot be implemented. serviceName: android.hardware.dumpstate.IDumpstateDevice/default
04-15 15:07:59.700 19347 19347 E libbinder.IPCThreadState: Binder transaction failure. id: 242898773, cmd: BR_FAILED_REPLY (29201), error: -1 (Operation not permitted)
04-15 15:07:59.701 19347 19347 W libbinder.BackendUnifiedServiceManager: Thread Pool max thread count is 0. Cannot cache binder as linkToDeath cannot be implemented. serviceName: android.hardware.gatekeeper.IGatekeeper/default
04-15 15:07:59.702 19347 19347 E libbinder.IPCThreadState: Binder transaction failure. id: 242898778, cmd: BR_FAILED_REPLY (29201), error: -1 (Operation not permitted)
04-15 15:07:59.703 19347 19347 W libbinder.BackendUnifiedServiceManager: Thread Pool max thread count is 0. Cannot cache binder as linkToDeath cannot be implemented. serviceName: android.hardware.gnss.IGnss/default
04-15 15:07:59.703 19347 19347 E libbinder.IPCThreadState: Binder transaction failure. id: 242898782, cmd: BR_FAILED_REPLY (29201), error: -1 (Operation not permitted)
04-15 15:07:59.704 19347 19347 W libbinder.BackendUnifiedServiceManager: Thread Pool max thread count is 0. Cannot cache binder as linkToDeath cannot be implemented. serviceName: android.hardware.gnss.IGnss/vendor
04-15 15:07:59.705 19347 19347 E libbinder.IPCThreadState: Binder transaction failure. id: 242898786, cmd: BR_FAILED_REPLY (29201), error: -1 (Operation not permitted)
04-15 15:07:59.706 19347 19347 W libbinder.BackendUnifiedServiceManager: Thread Pool max thread count is 0. Cannot cache binder as linkToDeath cannot be implemented. serviceName: android.hardware.graphics.allocator.IAllocator/default
04-15 15:07:59.708 19347 19347 W libbinder.BackendUnifiedServiceManager: Thread Pool max thread count is 0. Cannot cache binder as linkToDeath cannot be implemented. serviceName: android.hardware.graphics.composer3.IComposer/default
04-15 15:07:59.708 19347 19347 E libbinder.IPCThreadState: Binder transaction failure. id: 242898795, cmd: BR_FAILED_REPLY (29201), error: -1 (Operation not permitted)
04-15 15:07:59.709 19347 19347 W libbinder.BackendUnifiedServiceManager: Thread Pool max thread count is 0. Cannot cache binder as linkToDeath cannot be implemented. serviceName: android.hardware.health.IHealth/default
04-15 15:07:59.710 19347 19347 E libbinder.IPCThreadState: Binder transaction failure. id: 242898799, cmd: BR_FAILED_REPLY (29201), error: -1 (Operation not permitted)
04-15 15:07:59.711 19347 19347 W libbinder.BackendUnifiedServiceManager: Thread Pool max thread count is 0. Cannot cache binder as linkToDeath cannot be implemented. serviceName: android.hardware.input.processor.IInputProcessor/default
04-15 15:07:59.711 19347 19347 E libbinder.IPCThreadState: Binder transaction failure. id: 242898803, cmd: BR_FAILED_REPLY (29201), error: -1 (Operation not permitted)
04-15 15:07:59.712 19347 19347 W libbinder.BackendUnifiedServiceManager: Thread Pool max thread count is 0. Cannot cache binder as linkToDeath cannot be implemented. serviceName: android.hardware.media.c2.IComponentStore/default
04-15 15:07:59.713 19347 19347 W libbinder.BackendUnifiedServiceManager: Thread Pool max thread count is 0. Cannot cache binder as linkToDeath cannot be implemented. serviceName: android.hardware.media.c2.IComponentStore/default9
04-15 15:07:59.715 19347 19347 W libbinder.BackendUnifiedServiceManager: Thread Pool max thread count is 0. Cannot cache binder as linkToDeath cannot be implemented. serviceName: android.hardware.media.c2.IComponentStore/software
04-15 15:07:59.719 19347 19347 W libbinder.BackendUnifiedServiceManager: Thread Pool max thread count is 0. Cannot cache binder as linkToDeath cannot be implemented. serviceName: android.hardware.memtrack.IMemtrack/default
04-15 15:07:59.719 19347 19347 E libbinder.IPCThreadState: Binder transaction failure. id: 242898823, cmd: BR_FAILED_REPLY (29201), error: -1 (Operation not permitted)
04-15 15:07:59.722 19347 19347 W libbinder.BackendUnifiedServiceManager: Thread Pool max thread count is 0. Cannot cache binder as linkToDeath cannot be implemented. serviceName: android.hardware.neuralnetworks.IDevice/google-edgetpu
04-15 15:07:59.725 19347 19347 W libbinder.BackendUnifiedServiceManager: Thread Pool max thread count is 0. Cannot cache binder as linkToDeath cannot be implemented. serviceName: android.hardware.nfc.INfc/default
04-15 15:07:59.725 19347 19347 E libbinder.IPCThreadState: Binder transaction failure. id: 242898835, cmd: BR_FAILED_REPLY (29201), error: -1 (Operation not permitted)
04-15 15:07:59.727 19347 19347 W libbinder.BackendUnifiedServiceManager: Thread Pool max thread count is 0. Cannot cache binder as linkToDeath cannot be implemented. serviceName: android.hardware.oemlock.IOemLock/default
04-15 15:07:59.727 19347 19347 E libbinder.IPCThreadState: Binder transaction failure. id: 242898842, cmd: BR_FAILED_REPLY (29201), error: -1 (Operation not permitted)
04-15 15:07:59.729 19347 19347 W libbinder.BackendUnifiedServiceManager: Thread Pool max thread count is 0. Cannot cache binder as linkToDeath cannot be implemented. serviceName: android.hardware.power.IPower/default
04-15 15:07:59.729 19347 19347 E libbinder.IPCThreadState: Binder transaction failure. id: 242898846, cmd: BR_FAILED_REPLY (29201), error: -1 (Operation not permitted)
04-15 15:07:59.731 19347 19347 W libbinder.BackendUnifiedServiceManager: Thread Pool max thread count is 0. Cannot cache binder as linkToDeath cannot be implemented. serviceName: android.hardware.power.stats.IPowerStats/default
04-15 15:07:59.731 19347 19347 E libbinder.IPCThreadState: Binder transaction failure. id: 242898850, cmd: BR_FAILED_REPLY (29201), error: -1 (Operation not permitted)
04-15 15:07:59.733 19347 19347 W libbinder.BackendUnifiedServiceManager: Thread Pool max thread count is 0. Cannot cache binder as linkToDeath cannot be implemented. serviceName: android.hardware.radio.config.IRadioConfig/default
04-15 15:07:59.733 19347 19347 E libbinder.IPCThreadState: Binder transaction failure. id: 242898854, cmd: BR_FAILED_REPLY (29201), error: -1 (Operation not permitted)
04-15 15:07:59.735 19347 19347 W libbinder.BackendUnifiedServiceManager: Thread Pool max thread count is 0. Cannot cache binder as linkToDeath cannot be implemented. serviceName: android.hardware.radio.data.IRadioData/slot1
04-15 15:07:59.735 19347 19347 E libbinder.IPCThreadState: Binder transaction failure. id: 242898859, cmd: BR_FAILED_REPLY (29201), error: -1 (Operation not permitted)
04-15 15:07:59.736 19347 19347 W libbinder.BackendUnifiedServiceManager: Thread Pool max thread count is 0. Cannot cache binder as linkToDeath cannot be implemented. serviceName: android.hardware.radio.data.IRadioData/slot2
04-15 15:07:59.737 19347 19347 E libbinder.IPCThreadState: Binder transaction failure. id: 242898863, cmd: BR_FAILED_REPLY (29201), error: -1 (Operation not permitted)
04-15 15:07:59.738 19347 19347 W libbinder.BackendUnifiedServiceManager: Thread Pool max thread count is 0. Cannot cache binder as linkToDeath cannot be implemented. serviceName: android.hardware.radio.messaging.IRadioMessaging/slot1
04-15 15:07:59.739 19347 19347 E libbinder.IPCThreadState: Binder transaction failure. id: 242898867, cmd: BR_FAILED_REPLY (29201), error: -1 (Operation not permitted)
04-15 15:07:59.740 19347 19347 W libbinder.BackendUnifiedServiceManager: Thread Pool max thread count is 0. Cannot cache binder as linkToDeath cannot be implemented. serviceName: android.hardware.radio.messaging.IRadioMessaging/slot2
04-15 15:07:59.740 19347 19347 E libbinder.IPCThreadState: Binder transaction failure. id: 242898871, cmd: BR_FAILED_REPLY (29201), error: -1 (Operation not permitted)
04-15 15:07:59.741 19347 19347 W libbinder.BackendUnifiedServiceManager: Thread Pool max thread count is 0. Cannot cache binder as linkToDeath cannot be implemented. serviceName: android.hardware.radio.modem.IRadioModem/slot1
04-15 15:07:59.741 19347 19347 E libbinder.IPCThreadState: Binder transaction failure. id: 242898875, cmd: BR_FAILED_REPLY (29201), error: -1 (Operation not permitted)
04-15 15:07:59.743 19347 19347 W libbinder.BackendUnifiedServiceManager: Thread Pool max thread count is 0. Cannot cache binder as linkToDeath cannot be implemented. serviceName: android.hardware.radio.modem.IRadioModem/slot2
04-15 15:07:59.743 19347 19347 E libbinder.IPCThreadState: Binder transaction failure. id: 242898879, cmd: BR_FAILED_REPLY (29201), error: -1 (Operation not permitted)
04-15 15:07:59.745  1244  1244 D AOC     : A3:MSG: tmd3743_device.cc, 997: USF: TMD3743: C/G switch 2 -> 1 d_lux:75.65 w_lux: 177.13 C:2.17 G:0.78
04-15 15:07:59.745 19347 19347 W libbinder.BackendUnifiedServiceManager: Thread Pool max thread count is 0. Cannot cache binder as linkToDeath cannot be implemented. serviceName: android.hardware.radio.network.IRadioNetwork/slot1
04-15 15:07:59.745 19347 19347 E libbinder.IPCThreadState: Binder transaction failure. id: 242898883, cmd: BR_FAILED_REPLY (29201), error: -1 (Operation not permitted)
04-15 15:07:59.746 19347 19347 W libbinder.BackendUnifiedServiceManager: Thread Pool max thread count is 0. Cannot cache binder as linkToDeath cannot be implemented. serviceName: android.hardware.radio.network.IRadioNetwork/slot2
04-15 15:07:59.747 19347 19347 E libbinder.IPCThreadState: Binder transaction failure. id: 242898887, cmd: BR_FAILED_REPLY (29201), error: -1 (Operation not permitted)
04-15 15:07:59.748 19347 19347 W libbinder.BackendUnifiedServiceManager: Thread Pool max thread count is 0. Cannot cache binder as linkToDeath cannot be implemented. serviceName: android.hardware.radio.sap.ISap/slot1
04-15 15:07:59.748 19347 19347 E libbinder.IPCThreadState: Binder transaction failure. id: 242898891, cmd: BR_FAILED_REPLY (29201), error: -1 (Operation not permitted)
04-15 15:07:59.749 19347 19347 W libbinder.BackendUnifiedServiceManager: Thread Pool max thread count is 0. Cannot cache binder as linkToDeath cannot be implemented. serviceName: android.hardware.radio.sap.ISap/slot2
04-15 15:07:59.749 19347 19347 E libbinder.IPCThreadState: Binder transaction failure. id: 242898895, cmd: BR_FAILED_REPLY (29201), error: -1 (Operation not permitted)
04-15 15:07:59.751 19347 19347 W libbinder.BackendUnifiedServiceManager: Thread Pool max thread count is 0. Cannot cache binder as linkToDeath cannot be implemented. serviceName: android.hardware.radio.sim.IRadioSim/slot1
04-15 15:07:59.751 19347 19347 E libbinder.IPCThreadState: Binder transaction failure. id: 242898900, cmd: BR_FAILED_REPLY (29201), error: -1 (Operation not permitted)
04-15 15:07:59.752 19347 19347 W libbinder.BackendUnifiedServiceManager: Thread Pool max thread count is 0. Cannot cache binder as linkToDeath cannot be implemented. serviceName: android.hardware.radio.sim.IRadioSim/slot2
04-15 15:07:59.753 19347 19347 E libbinder.IPCThreadState: Binder transaction failure. id: 242898904, cmd: BR_FAILED_REPLY (29201), error: -1 (Operation not permitted)
04-15 15:07:59.754 19347 19347 W libbinder.BackendUnifiedServiceManager: Thread Pool max thread count is 0. Cannot cache binder as linkToDeath cannot be implemented. serviceName: android.hardware.radio.voice.IRadioVoice/slot1
04-15 15:07:59.755 19347 19347 E libbinder.IPCThreadState: Binder transaction failure. id: 242898908, cmd: BR_FAILED_REPLY (29201), error: -1 (Operation not permitted)
04-15 15:07:59.756 19347 19347 W libbinder.BackendUnifiedServiceManager: Thread Pool max thread count is 0. Cannot cache binder as linkToDeath cannot be implemented. serviceName: android.hardware.radio.voice.IRadioVoice/slot2
04-15 15:07:59.756 19347 19347 E libbinder.IPCThreadState: Binder transaction failure. id: 242898912, cmd: BR_FAILED_REPLY (29201), error: -1 (Operation not permitted)
04-15 15:07:59.758 19347 19347 W libbinder.BackendUnifiedServiceManager: Thread Pool max thread count is 0. Cannot cache binder as linkToDeath cannot be implemented. serviceName: android.hardware.secure_element.ISecureElement/SIM1
04-15 15:07:59.758 19347 19347 E libbinder.IPCThreadState: Binder transaction failure. id: 242898916, cmd: BR_FAILED_REPLY (29201), error: -1 (Operation not permitted)
04-15 15:07:59.760 19347 19347 W libbinder.BackendUnifiedServiceManager: Thread Pool max thread count is 0. Cannot cache binder as linkToDeath cannot be implemented. serviceName: android.hardware.secure_element.ISecureElement/SIM2
04-15 15:07:59.760 19347 19347 E libbinder.IPCThreadState: Binder transaction failure. id: 242898920, cmd: BR_FAILED_REPLY (29201), error: -1 (Operation not permitted)
04-15 15:07:59.761 19347 19347 W libbinder.BackendUnifiedServiceManager: Thread Pool max thread count is 0. Cannot cache binder as linkToDeath cannot be implemented. serviceName: android.hardware.secure_element.ISecureElement/eSE1
04-15 15:07:59.761 19347 19347 E libbinder.IPCThreadState: Binder transaction failure. id: 242898924, cmd: BR_FAILED_REPLY (29201), error: -1 (Operation not permitted)
04-15 15:07:59.768 19347 19347 W libbinder.BackendUnifiedServiceManager: Thread Pool max thread count is 0. Cannot cache binder as linkToDeath cannot be implemented. serviceName: android.hardware.security.keymint.IRemotelyProvisionedComponent/default
04-15 15:07:59.771 19347 19347 W libbinder.BackendUnifiedServiceManager: Thread Pool max thread count is 0. Cannot cache binder as linkToDeath cannot be implemented. serviceName: android.hardware.security.keymint.IRemotelyProvisionedComponent/strongbox
04-15 15:07:59.773 19347 19347 W libbinder.BackendUnifiedServiceManager: Thread Pool max thread count is 0. Cannot cache binder as linkToDeath cannot be implemented. serviceName: android.hardware.security.secretkeeper.ISecretkeeper/default
04-15 15:07:59.773 19347 19347 E libbinder.IPCThreadState: Binder transaction failure. id: 242898948, cmd: BR_FAILED_REPLY (29201), error: -1 (Operation not permitted)
04-15 15:07:59.779 19347 19347 W libbinder.BackendUnifiedServiceManager: Thread Pool max thread count is 0. Cannot cache binder as linkToDeath cannot be implemented. serviceName: android.hardware.sensors.ISensors/default
04-15 15:07:59.779 19347 19347 E libbinder.IPCThreadState: Binder transaction failure. id: 242898958, cmd: BR_FAILED_REPLY (29201), error: -1 (Operation not permitted)
04-15 15:07:59.780 19347 19347 W libbinder.BackendUnifiedServiceManager: Thread Pool max thread count is 0. Cannot cache binder as linkToDeath cannot be implemented. serviceName: android.hardware.soundtrigger3.ISoundTriggerHw/default
04-15 15:07:59.780 19347 19347 E libbinder.IPCThreadState: Binder transaction failure. id: 242898965, cmd: BR_FAILED_REPLY (29201), error: -1 (Operation not permitted)
