04-15 15:08:07.243  1588  3688 W AppOpService: Ignored setUidMode call for runtime permission app op: uid = 1001, code = SEND_SMS, mode = allow, callingUid = 1001, oldMode = allow
04-15 15:08:07.245  1588  3688 W AppOpService: Ignored setUidMode call for runtime permission app op: uid = 1001, code = READ_CELL_BROADCASTS, mode = allow, callingUid = 1001, oldMode = allow
04-15 15:08:07.264  1588  1882 I ActivityManager: Background started FGS: Allowed [callingPackage: com.google.android.odad; callingUid: 10187; uidState: IMPF; uidBFSL: n/a; intent: Intent { xflg=0x4 cmp=com.google.android.odad/com.google.android.apps.miphone.odad.backgroundwork.impl.WorkService (has extras) }; code:BACKGROUND_ACTIVITY_PERMISSION; tempAllowListReason:<null>; allowWiu:58; targetSdkVersion:36; callerTargetSdkVersion:36; startForegroundCount:0; bindFromPackage:null: isBindService:false]
04-15 15:08:07.276  1588  1882 V Configuration: Updating configuration, locales updated from [] to [en_US]
04-15 15:08:07.276  1588  1882 V Configuration: Updating configuration, locales updated from [] to [en_US]
04-15 15:08:07.276  1588  1882 V Configuration: Updating configuration, locales updated from [] to [en_US]
04-15 15:08:07.276  1588  1882 V Configuration: Updating configuration, locales updated from [] to [en]
04-15 15:08:07.276  1588  1882 V Configuration: Updating configuration, locales updated from [] to [en_US]
04-15 15:08:07.276  1588  1882 V Configuration: Updating configuration, locales updated from [] to [en]
04-15 15:08:07.276  1588  1882 V Configuration: Updating configuration, locales updated from [] to [en_US]
04-15 15:08:07.276  1588  1882 V Configuration: Updating configuration, locales updated from [] to [en_US]
04-15 15:08:07.276  1588  1882 V Configuration: Updating configuration, locales updated from [] to [en_US]
04-15 15:08:07.276  1588  1882 D IntervalStats: Unable to parse usage stats packages: [30, 242, 273, 339, 345, 362, 365, 366, 369, 371, 391, 400, 401, 406, 411, 425, 431, 434, 435, 437, 438, 439, 440, 441, 442, 443, 456, 458, 459, 460, 461, 462]
04-15 15:08:07.295  1588  4992 W ForegroundServiceTypeLoggerModule: Foreground service start for UID: 10187 does not have any types
04-15 15:08:07.302  1588  2673 D BackgroundInstallControlService: Package event received: 0
04-15 15:08:07.339  1588  5014 W ForegroundServiceTypeLoggerModule: FGS stop call for: 10187 has no types!
04-15 15:08:07.342  1588  2673 D BackgroundInstallControlService: Package event received: 0
04-15 15:08:07.348  1588  2673 D BackgroundInstallControlService: Package event received: 0
04-15 15:08:07.501  1588  1588 I NotificationService: Cannot find enqueued record for key: 0|com.google.android.odad|75673|null|10187
04-15 15:08:08.082  1588  2446 I ActivityManager: Force stopping com.adamoutler.ssh appid=10439 user=0: start instr
04-15 15:08:08.089  1588  2446 I AppsFilter: interaction: PackageSetting{532297b com.google.android.microdroid.empty_payload/10305} -> PackageSetting{f9bdca4 com.adamoutler.ssh/10439} BLOCKED
04-15 15:08:08.090  1588  2673 D BackgroundInstallControlService: Package event received: 0
04-15 15:08:08.101  1588  2673 D BackgroundInstallControlService: Package event received: 0
04-15 15:08:08.107  1588  2673 D BackgroundInstallControlService: Package event received: 0
04-15 15:08:08.113  1588  1802 I ActivityManager: Start proc 19663:com.adamoutler.ssh/u0a439 for added application com.adamoutler.ssh
04-15 15:08:08.268 19663 19663 W ActivityThread: Package uses different ABI(s) than its instrumentation: package[com.adamoutler.ssh]: arm64-v8a, null instrumentation[com.adamoutler.ssh.test]: null, null
04-15 15:08:09.443  1588  2673 D BackgroundInstallControlService: Package event received: 0
04-15 15:08:09.601  1588  3688 D CompatChangeReporter: Compat change id reported: 161145287; UID 10439; state: ENABLED
04-15 15:08:09.672  1588  1588 I RemoteContentProtectionService: Connection status for: ComponentInfo{com.google.android.odad/com.google.android.apps.miphone.odad.contentprotection.ContentProtectionService} changed to: disconnected
04-15 15:08:09.683  1588  3688 D AccessibilityManagerService: changeCurrentUserForTestAutomationIfNeededLocked(0): ignoring because device doesn't support visible background users
04-15 15:08:09.684  1588  3688 I UiAutomationManager: Registering UiTestAutomationService (id=com.android.server.accessibility/UiAutomation, flags=0x0) when called by user 0
04-15 15:08:09.685  1588  3688 V AccessibilityManagerService: onUserStateChangedLocked for userId: 0, forceUpdate: false
04-15 15:08:09.687  1588  3688 V AccessibilityUserState: updateShortcutTargets: type:accessibility_shortcut_target_service, current:{}, new:{}
04-15 15:08:09.687  1588  3688 V AccessibilityUserState: updateShortcutTargets: type:accessibility_button_targets, current:{}, new:{}
04-15 15:08:09.687  1588  3688 V AccessibilityUserState: updateShortcutTargets: type:accessibility_gesture_targets, current:{}, new:{}
04-15 15:08:09.687  1588  3688 V AccessibilityUserState: updateShortcutTargets: type:accessibility_qs_targets, current:{}, new:{}
04-15 15:08:09.687  1588  3688 V AccessibilityUserState: updateShortcutTargets: type:accessibility_key_gesture_targets, current:{}, new:{}
04-15 15:08:09.687  1588  3688 W MagnificationConnectionManager: requestConnection duplicated request: connect=false, mConnectionState=DISCONNECTED
04-15 15:08:09.709  1588  1776 I DisplayDeviceRepository: Display device changed render timings: "Outer Display", renderFrameRate=120.00001, presentationDeadlineNanos=11500000, appVsyncOffsetNanos=6233332, frameRateOverrides=[]
04-15 15:08:09.710  1588  1774 D WindowManager: DeferredDisplayUpdater: partially applying DisplayInfo(1080 x 2364) immediately
04-15 15:08:09.744  1588  1588 D BatterySaverPolicy: accessibility changed to true, updating policy.
04-15 15:08:09.759  1588  1776 I DisplayDeviceRepository: Display device changed render timings: "Outer Display", renderFrameRate=60.000004, presentationDeadlineNanos=11500000, appVsyncOffsetNanos=6233332, frameRateOverrides=[]
04-15 15:08:09.761  1588  1774 D WindowManager: DeferredDisplayUpdater: partially applying DisplayInfo(1080 x 2364) immediately
04-15 15:08:09.818  1588  4847 D HealthConnectTrackerManagerImpl: No packages eligible for step tracking. Aborting initialization.
04-15 15:08:09.858  1588  5004 V AccessibilityManagerService: onUserStateChangedLocked for userId: 0, forceUpdate: false
04-15 15:08:09.863  1588  5004 V AccessibilityUserState: updateShortcutTargets: type:accessibility_shortcut_target_service, current:{}, new:{}
04-15 15:08:09.863  1588  5004 V AccessibilityUserState: updateShortcutTargets: type:accessibility_button_targets, current:{}, new:{}
04-15 15:08:09.863  1588  5004 V AccessibilityUserState: updateShortcutTargets: type:accessibility_gesture_targets, current:{}, new:{}
04-15 15:08:09.864  1588  5004 V AccessibilityUserState: updateShortcutTargets: type:accessibility_qs_targets, current:{}, new:{}
04-15 15:08:09.864  1588  5004 V AccessibilityUserState: updateShortcutTargets: type:accessibility_key_gesture_targets, current:{}, new:{}
04-15 15:08:09.864  1588  5004 W MagnificationConnectionManager: requestConnection duplicated request: connect=false, mConnectionState=DISCONNECTED
04-15 15:08:09.881  1588  3688 D AccessibilityManagerService: .getAccessibilityShortcutTargets {shortcutType=0, userId=0}
04-15 15:08:10.083  1588  1588 I RemoteContentProtectionService: Connection status for: ComponentInfo{com.google.android.odad/com.google.android.apps.miphone.odad.contentprotection.ContentProtectionService} changed to: disconnected
--------- beginning of kernel
04-15 15:08:11.139     0     0 I trusty  : gsp_crypto_proxy_srv: 97: Coercing legacy key derivation response
04-15 15:08:11.154     0     0 I trusty  : gsp_crypto_proxy_srv: 97: Coercing legacy key derivation response
04-15 15:08:11.245  2721  2751 D Bubbles : BubbleTaskStackListener.onTaskMovedToFront(): taskId=1104
04-15 15:08:11.245  1588  5004 V ActivityTaskManager: TaskLaunchParamsModifier: phase=3 task=Task{48a3002 #1104 type=standard A=10439:com.adamoutler.ssh} activity=ActivityRecord{243297613 u0 com.adamoutler.ssh/.MainActivity t-1} display-from-task=0 display-id=0 task-display-area-windowing-mode=1 suggested-display-area=DefaultTaskDisplayArea@72049168 inherit-from-task=fullscreen non-freeform-task-display-area display-area=DefaultTaskDisplayArea@72049168 skip-bounds-fullscreen
04-15 15:08:11.245  1588  5004 I ActivityTaskManager: START u0 {act=android.intent.action.MAIN cat=[android.intent.category.LAUNCHER] flg=0x10008000 xflg=0x4 cmp=com.adamoutler.ssh/.MainActivity} with LAUNCH_MULTIPLE from uid 10439 (com.adamoutler.ssh) (BAL_ALLOW_PERMISSION) result code=0
04-15 15:08:11.246  2721  2751 V WindowManagerShell: Transition requested (#5043): android.os.BinderProxy@2d2bcdf TransitionRequestInfo { type = OPEN, triggerTask = TaskInfo{userId=0 taskId=1104 effectiveUid=10439 displayId=0 isRunning=true baseIntent=Intent { act=android.intent.action.MAIN cat=[android.intent.category.LAUNCHER] flg=0x10008000 cmp=com.adamoutler.ssh/.MainActivity } baseActivity=ComponentInfo{com.adamoutler.ssh/com.adamoutler.ssh.MainActivity} topActivity=ComponentInfo{com.adamoutler.ssh/com.adamoutler.ssh.MainActivity} origActivity=null realActivity=ComponentInfo{com.adamoutler.ssh/com.adamoutler.ssh.MainActivity} realActivityIsAppLockEnabled=false numActivities=1 lastActiveTime=577191836 supportsMultiWindow=true resizeMode=1 isResizeable=true minWidth=-1 minHeight=-1 defaultMinSize=220 token=WCT{android.os.BinderProxy@cc08d2c} topActivityType=1 pictureInPictureParams=null shouldDockBigOverlays=false launchIntoPipHostTaskId=-1 lastParentTaskIdBeforePip=-1 displayCutoutSafeInsets=Rect(0, 159 - 0, 0) topActivityInfo=ActivityInfo{507b3f5 com.adamoutler.ssh.MainActivity} launchCookies=[] positionInParent=Point(0, 0) parentTaskId=-1 isFocused=false isVisible=false isVisibleRequested=false isTopActivityNoDisplay=false isSleeping=false locusId=null displayAreaFeatureId=1 isTopActivityTransparent=false isActivityStackTransparent=false lastNonFullscreenBounds=null leafTaskBoundsFromOptions= false capturedLink=null capturedLinkTimestamp=0 requestedVisibleTypes=503 topActivityRequestOpenInBrowserEducationTimestamp=0 appCompatTaskInfo=AppCompatTaskInfo { topActivityInSizeCompat=false isLeafTask= true eligibleForLetterboxEducation= false isLetterboxEducationEnabled= false isLetterboxDoubleTapEnabled= false eligibleForUserAspectRatioButton= false topActivityBoundsLetterboxed= false isFromLetterboxDoubleTap= false topActivityLetterboxVerticalPosition= -1 topActivityLetterboxHorizontalPosition= -1 topActivityLetterboxWidth=-1 topActivityLetterboxHeight=-1 topActivityAppBounds=Rect(0, 159 - 1080, 2247) isUserFullscreenOverrideEnabled=false isSystemFullscreenOverrideEnabled=false hasMinAspectRatioOverride=false topActivityLetterboxBounds=null topNonResizableActivityAspectRatio=-1.0} topActivityMainWindowFrame=null isAppBubble=false}, pipChange = null, remoteTransitionInfo = null, displayChange = null, requestedLocation = null, userChange = null, windowingLayerChange = null, fullscreenRequestChange = null, flags = 0, debugId = 5043 }
04-15 15:08:11.246  2721  2751 D ShellSplitScreen: logExit: no-op, mLoggerSessionId is null
04-15 15:08:11.246  2721  2751 V ShellDesktopMode: DesktopTasksController: skipping handleRequest reason=triggerTask's display doesn't support desktop mode
04-15 15:08:11.247  1588  5014 W ProcessStats: Tracking association SourceState{2d5bfc1 com.android.systemui/10248 ImpFg #1388421} whose proc state 5 is better than process ProcessState{a9f8127 com.google.android.apps.dreamliner/10160 pkg=com.google.android.apps.dreamliner} proc state 14 (25 skipped)
04-15 15:08:11.248  2721  2751 D WindowManagerShell: setLauncherKeepClearAreaHeight: visible=false, height=461
04-15 15:08:11.249  1588  2446 V WindowManager: Defer transition id=5043 for TaskFragmentTransaction=android.os.Binder@1865526
04-15 15:08:11.249  1588  2673 D BackgroundInstallControlService: Package event received: 0
04-15 15:08:11.250  1588  2446 V WindowManager: Continue transition id=5043 for TaskFragmentTransaction=android.os.Binder@1865526
04-15 15:08:11.252  1588  2468 V Configuration: Updating configuration, locales updated from [] to [en_US]
04-15 15:08:11.252  1588  1776 I DisplayDeviceRepository: Display device changed render timings: "Outer Display", renderFrameRate=120.00001, presentationDeadlineNanos=11500000, appVsyncOffsetNanos=6233332, frameRateOverrides=[]
04-15 15:08:11.252  1588  2468 V Configuration: Updating configuration, locales updated from [] to [en_US]
04-15 15:08:11.252  1588  2468 V Configuration: Updating configuration, locales updated from [] to [en_US]
04-15 15:08:11.252  1588  2468 V Configuration: Updating configuration, locales updated from [] to [en_US]
04-15 15:08:11.252  1588  1774 W AppWarnings: Showing PageSizeMismatchDialog for package com.adamoutler.ssh
04-15 15:08:11.254 19663 19798 I DisplayManager: Choreographer implicitly registered for the refresh rate.
04-15 15:08:11.255  1588  2468 D IntervalStats: Unable to parse usage stats packages: [503]
04-15 15:08:11.255  1588  2673 D BackgroundInstallControlService: Package event received: 0
04-15 15:08:11.255  1588  2673 D BackgroundInstallControlService: Package event received: 0
04-15 15:08:11.255  1588  2673 D BackgroundInstallControlService: Package event received: 0
04-15 15:08:11.256  1588  2468 V Configuration: Updating configuration, locales updated from [] to [en_US]
04-15 15:08:11.256  1588  2468 V Configuration: Updating configuration, locales updated from [] to [en_US]
04-15 15:08:11.256  1588  2468 V Configuration: Updating configuration, locales updated from [] to [en_US]
04-15 15:08:11.257  1588  2468 V Configuration: Updating configuration, locales updated from [] to [en_US]
04-15 15:08:11.257  1588  2468 V Configuration: Updating configuration, locales updated from [] to [en_US]
04-15 15:08:11.257  1588  2468 V Configuration: Updating configuration, locales updated from [] to [en_US]
04-15 15:08:11.257  1588  2468 V Configuration: Updating configuration, locales updated from [] to [en_US]
04-15 15:08:11.257  1588  2468 V Configuration: Updating configuration, locales updated from [] to [en_US]
04-15 15:08:11.257  1588  2468 V Configuration: Updating configuration, locales updated from [] to [en_US]
04-15 15:08:11.257  1588  2468 V Configuration: Updating configuration, locales updated from [] to [en_US]
04-15 15:08:11.257  1588  2446 D CoreBackPreview: Window{51443bd u0 Splash Screen com.adamoutler.ssh}: Setting back callback OnBackInvokedCallbackInfo{mCallback=android.window.IOnBackInvokedCallback$Stub$Proxy@930543f, mPriority=0, mIsAnimationCallback=false, mOverrideBehavior=0}
04-15 15:08:11.258  1588  2468 D IntervalStats: Unable to parse usage stats packages: [503, 505]
04-15 15:08:11.259  1588  2468 D IntervalStats: Unable to parse event packages: [505]
04-15 15:08:11.259  1588  2468 V Configuration: Updating configuration, locales updated from [] to [en_US]
04-15 15:08:11.259  1588  2468 V Configuration: Updating configuration, locales updated from [] to [en_US]
04-15 15:08:11.259  1588  2468 V Configuration: Updating configuration, locales updated from [] to [en_US]
04-15 15:08:11.259  1588  2468 V Configuration: Updating configuration, locales updated from [] to [en_US]
04-15 15:08:11.259  1588  2468 V Configuration: Updating configuration, locales updated from [] to [en_US]
04-15 15:08:11.260  1588  2468 D IntervalStats: Unable to parse usage stats packages: [505]
04-15 15:08:11.260  1588  2468 D IntervalStats: Unable to parse event packages: [505]
04-15 15:08:11.261  1588  2468 V Configuration: Updating configuration, locales updated from [] to [en_US]
04-15 15:08:11.261  1588  2468 V Configuration: Updating configuration, locales updated from [] to [en_US]
04-15 15:08:11.261  1588  2468 V Configuration: Updating configuration, locales updated from [] to [en_US]
04-15 15:08:11.261  1588  2468 V Configuration: Updating configuration, locales updated from [] to [en_US]
04-15 15:08:11.261  1588  2468 V Configuration: Updating configuration, locales updated from [] to [en_US]
04-15 15:08:11.261  1588  2468 V Configuration: Updating configuration, locales updated from [] to [en_US]
04-15 15:08:11.261  1588  2468 V Configuration: Updating configuration, locales updated from [] to [en_US]
04-15 15:08:11.270  1588  2468 D IntervalStats: Unable to parse usage stats packages: [505]
04-15 15:08:11.271  1588  2468 D IntervalStats: Unable to parse event packages: [505]
04-15 15:08:11.272  1588  2468 V Configuration: Updating configuration, locales updated from [] to [en_US]
04-15 15:08:11.272  1588  2468 V Configuration: Updating configuration, locales updated from [] to [en_US]
04-15 15:08:11.272  1588  2468 V Configuration: Updating configuration, locales updated from [] to [en_US]
04-15 15:08:11.272  1588  2468 V Configuration: Updating configuration, locales updated from [] to [en_US]
04-15 15:08:11.272  1588  2468 V Configuration: Updating configuration, locales updated from [] to [en_US]
04-15 15:08:11.272  1588  2468 V Configuration: Updating configuration, locales updated from [] to [en_US]
04-15 15:08:11.272  1588  1773 V WindowManager: Sent Transition (#5043) createdAt=04-15 15:08:11.232 via request=TransitionRequestInfo { type = OPEN, triggerTask = TaskInfo{userId=0 taskId=1104 effectiveUid=10439 displayId=0 isRunning=true baseIntent=Intent { act=android.intent.action.MAIN cat=[android.intent.category.LAUNCHER] flg=0x10008000 cmp=com.adamoutler.ssh/.MainActivity } baseActivity=ComponentInfo{com.adamoutler.ssh/com.adamoutler.ssh.MainActivity} topActivity=ComponentInfo{com.adamoutler.ssh/com.adamoutler.ssh.MainActivity} origActivity=null realActivity=ComponentInfo{com.adamoutler.ssh/com.adamoutler.ssh.MainActivity} realActivityIsAppLockEnabled=false numActivities=1 lastActiveTime=577191836 supportsMultiWindow=true resizeMode=1 isResizeable=true minWidth=-1 minHeight=-1 defaultMinSize=220 token=WCT{RemoteToken{11e8c37 Task{48a3002 #1104 type=standard A=10439:com.adamoutler.ssh}}} topActivityType=1 pictureInPictureParams=null shouldDockBigOverlays=false launchIntoPipHostTaskId=-1 lastParentTaskIdBeforePip=-1 displayCutoutSafeInsets=Rect(0, 159 - 0, 0) topActivityInfo=ActivityInfo{244a5a4 com.adamoutler.ssh.MainActivity} launchCookies=[] positionInParent=Point(0, 0) parentTaskId=-1 isFocused=false isVisible=false isVisibleRequested=false isTopActivityNoDisplay=false isSleeping=false locusId=null displayAreaFeatureId=1 isTopActivityTransparent=false isActivityStackTransparent=false lastNonFullscreenBounds=null leafTaskBoundsFromOptions= false capturedLink=null capturedLinkTimestamp=0 requestedVisibleTypes=503 topActivityRequestOpenInBrowserEducationTimestamp=0 appCompatTaskInfo=AppCompatTaskInfo { topActivityInSizeCompat=false isLeafTask= true eligibleForLetterboxEducation= false isLetterboxEducationEnabled= false isLetterboxDoubleTapEnabled= false eligibleForUserAspectRatioButton= false topActivityBoundsLetterboxed= false isFromLetterboxDoubleTap= false topActivityLetterboxVerticalPosition= -1 topActivityLetterboxHorizontalPosition= -1 topActivityLetterboxWidth=-1 topActivityLetterboxHeight=-1 topActivityAppBounds=Rect(0, 159 - 1080, 2247) isUserFullscreenOverrideEnabled=false isSystemFullscreenOverrideEnabled=false hasMinAspectRatioOverride=false topActivityLetterboxBounds=null topNonResizableActivityAspectRatio=-1.0} topActivityMainWindowFrame=null isAppBubble=false}, pipChange = null, remoteTransitionInfo = null, displayChange = null, requestedLocation = null, userChange = null, windowingLayerChange = null, fullscreenRequestChange = null, flags = 0, debugId = 5043 }
04-15 15:08:11.272  1588  1773 V WindowManager:     startWCT=WindowContainerTransaction { changes= {} hops= [] flags= 0 errorCallbackToken=null taskFragmentOrganizer=null }
04-15 15:08:11.272  1588  1773 V WindowManager:     info={id=5043 t=OPEN f=0x0 trk=0 r=[0@Point(0, 0)] c=[
04-15 15:08:11.272  1588  1773 V WindowManager:         {WCT{RemoteToken{11e8c37 Task{48a3002 #1104 type=standard A=10439:com.adamoutler.ssh}}} m=OPEN f=NONE leash=Surface(name=Task=1104#59236)/@0x67f61f8 sb=Rect(0, 0 - 1080, 2364) eb=Rect(0, 0 - 1080, 2364) epz=Point(1080, 2364) d=0 taskParent=-1 winMode=1 userId=0},
04-15 15:08:11.272  1588  1773 V WindowManager:         {WCT{RemoteToken{7ffebfb Task{1f137be #1 type=home}}} m=TO_BACK f=SHOW_WALLPAPER leash=Surface(name=Task=1#44)/@0x769a259 sb=Rect(0, 0 - 1080, 2364) eb=Rect(0, 0 - 1080, 2364) epz=Point(1080, 2364) d=0 taskParent=-1 winMode=1 userId=0},
04-15 15:08:11.272  1588  1773 V WindowManager:         {m=TO_BACK f=IS_WALLPAPER leash=Surface(name=WallpaperWindowToken{a92f921}#60)/@0x968450 sb=Rect(0, 0 - 1080, 2364) eb=Rect(0, 0 - 1080, 2364) epz=Point(1080, 2364) d=0}
04-15 15:08:11.272  1588  1773 V WindowManager:     ]}
04-15 15:08:11.273  2721  3358 V WindowManagerShell: onTransitionReady(transaction=6820408955036)
04-15 15:08:11.273  1588  1774 D WindowManager: DeferredDisplayUpdater: partially applying DisplayInfo(1080 x 2364) immediately
04-15 15:08:11.274  1588  1774 D CoreBackPreview: Window{2fbe8dc u0 android}: Setting back callback OnBackInvokedCallbackInfo{mCallback=android.window.WindowOnBackInvokedDispatcher$OnBackInvokedCallbackWrapper@4f87810, mPriority=-1, mIsAnimationCallback=false, mOverrideBehavior=0}
04-15 15:08:11.274  2721  2751 V WindowManagerShell: onTransitionReady (#5043) android.os.BinderProxy@2d2bcdf: {id=5043 t=OPEN f=0x0 trk=0 r=[0@Point(0, 0)] c=[
04-15 15:08:11.274  2721  2751 V WindowManagerShell:         {m=OPEN f=NONE leash=Surface(name=Task=1104#59236)/@0x1bf25eb sb=Rect(0, 0 - 1080, 2364) eb=Rect(0, 0 - 1080, 2364) epz=Point(1080, 2364) d=0 taskParent=-1 winMode=1 userId=0},
04-15 15:08:11.274  2721  2751 V WindowManagerShell:         {m=TO_BACK f=SHOW_WALLPAPER leash=Surface(name=Task=1#44)/@0xab2ef48 sb=Rect(0, 0 - 1080, 2364) eb=Rect(0, 0 - 1080, 2364) epz=Point(1080, 2364) d=0 taskParent=-1 winMode=1 userId=0},
04-15 15:08:11.274  2721  2751 V WindowManagerShell:         {m=TO_BACK f=IS_WALLPAPER leash=Surface(name=WallpaperWindowToken{a92f921}#60)/@0xcc801e1 sb=Rect(0, 0 - 1080, 2364) eb=Rect(0, 0 - 1080, 2364) epz=Point(1080, 2364) d=0}
04-15 15:08:11.274  2721  2751 V WindowManagerShell:     ]}
04-15 15:08:11.275  2721  2751 V ShellDesktopMode: DesktopModeLogger: taskInfo map after processing changes 0
04-15 15:08:11.275  2721  2751 D ShellDesktopMode: DesktopTaskChangeListener: onTaskMovingToBack for taskId=1, displayId=0 - desktop not supported
04-15 15:08:11.275  2721  2751 D ShellDesktopMode: DesktopTaskChangeListener: onTaskOpening for taskId=1104, displayId=0 userId=0 currentUserId=0 parentTaskId=-1 isFreeform=false isActive=false isPinned=false
04-15 15:08:11.275  2721  2751 D ShellDesktopMode: DesktopTaskChangeListener: onTaskOpening for taskId=1104, displayId=0 - desktop not supported
04-15 15:08:11.275  2721  2751 V WindowManagerShell: Playing animation for (#5043) android.os.BinderProxy@2d2bcdf@0
04-15 15:08:11.275  2721  2751 D ShellSplitScreen: startAnimation: transition=5043 isSplitActive=false
04-15 15:08:11.275  2721  2751 V ShellRecents: RecentsTransitionHandler.startAnimation: no controller found
04-15 15:08:11.275  2721  2751 V ShellDesktopMode: DesktopMixedTransitionHandler: No pending desktop transition
04-15 15:08:11.275  2721  2751 V WindowManagerShell: Transition doesn't have explicit remote, search filters for match for {id=5043 t=OPEN f=0x0 trk=0 r=[0@Point(0, 0)] c=[{m=OPEN f=NONE leash=Surface(name=Task=1104#59236)/@0x1bf25eb sb=Rect(0, 0 - 1080, 2364) eb=Rect(0, 0 - 1080, 2364) epz=Point(1080, 2364) d=0 taskParent=-1 winMode=1 userId=0},{m=TO_BACK f=SHOW_WALLPAPER leash=Surface(name=Task=1#44)/@0xab2ef48 sb=Rect(0, 0 - 1080, 2364) eb=Rect(0, 0 - 1080, 2364) epz=Point(1080, 2364) d=0 taskParent=-1 winMode=1 userId=0},{m=TO_BACK f=IS_WALLPAPER leash=Surface(name=WallpaperWindowToken{a92f921}#60)/@0xcc801e1 sb=Rect(0, 0 - 1080, 2364) eb=Rect(0, 0 - 1080, 2364) epz=Point(1080, 2364) d=0}]}
04-15 15:08:11.275  2721  2751 V WindowManagerShell:  Checking filter Pair{{types=[] flags=0x0] notFlags=0x0 checks=[{atype=undefined independent=true modes=[CLOSE,TO_BACK] flags=IN_TASK_WITH_EMBEDDED_ACTIVITY mustBeTask=false order=ANY topActivity=null launchCookie=null taskFragmentToken=android.os.BinderProxy@7313dfb windowingMode=undefined isCrossDisplayMove=false}]} RemoteTransition { remoteTransition = android.window.IRemoteTransition$Stub$Proxy@bfc0e18, appThread = android.app.IApplicationThread$Stub$Proxy@52d8071, debugName = overlayBackTransition, filter = null }}
04-15 15:08:11.275  2721  2751 V WindowManagerShell:  Checking filter Pair{{types=[] flags=0x0] notFlags=0x0 checks=[{atype=dream independent=true modes=[OPEN,TO_FRONT] flags=NONE mustBeTask=false order=ANY topActivity=null launchCookie=null windowingMode=undefined isCrossDisplayMove=false},{atype=home independent=true modes=[CLOSE,TO_BACK] flags=NONE mustBeTask=false order=ANY topActivity=null launchCookie=null windowingMode=undefined isCrossDisplayMove=false}]} RemoteTransition { remoteTransition = android.window.IRemoteTransition$Stub$Proxy@9e84e56, appThread = android.app.IApplicationThread$Stub$Proxy@c4bbed7, debugName = LauncherToDream, filter = null }}
04-15 15:08:11.275  2721  2751 V WindowManagerShell:  Checking filter Pair{{types=[] flags=0x0] notFlags=0x0 checks=[{atype=standard independent=false modes=[CHANGE] flags=NONE mustBeTask=true order=ANY topActivity=null launchCookie=null windowingMode=undefined isCrossDisplayMove=true}]} RemoteTransition { remoteTransition = android.window.IRemoteTransition$Stub$Proxy@1aff3c4, appThread = android.app.IApplicationThread$Stub$Proxy@1c8b2ad, debugName = QuickstepDisplayMove, filter = null }}
04-15 15:08:11.275  2721  2751 V WindowManagerShell:  Checking filter Pair{{types=[] flags=0x0] notFlags=0x100 checks=[{atype=home independent=true modes=[OPEN,TO_FRONT] flags=NONE mustBeTask=false order=ANY topActivity=ComponentInfo{com.google.android.apps.nexuslauncher/com.google.android.apps.nexuslauncher.NexusLauncherActivity} launchCookie=null windowingMode=undefined isCrossDisplayMove=false},{atype=standard independent=true modes=[CLOSE,TO_BACK] flags=NONE mustBeTask=false order=ANY topActivity=null launchCookie=null windowingMode=undefined isCrossDisplayMove=false},{NOT atype=undefined independent=true modes=[] flags=NONE mustBeTask=true order=ANY topActivity=null launchCookie=null customAnim=true windowingMode=undefined isCrossDisplayMove=false}]} RemoteTransition { remoteTransition = android.window.IRemoteTransition$Stub$Proxy@7b2f9e2, appThread = android.app.IApplicationThread$Stub$Proxy@6237173, debugName = QuickstepLaunchHome, filter = null }}
04-15 15:08:11.275  2721  2751 V WindowManagerShell:  Checking filter Pair{{types=[OPEN,TO_FRONT] flags=0x0] notFlags=0x0 checks=[{atype=standard independent=true modes=[OPEN,TO_FRONT] flags=NONE mustBeTask=true order=ANY topActivity=null launchCookie=null windowingMode=freeform isCrossDisplayMove=false}]} RemoteTransition { remoteTransition = android.window.IRemoteTransition$Stub$Proxy@3254474, appThread = null, debugName = DesktopWindowLimitUnminimize, filter = null }}
04-15 15:08:11.275  2721  2751 V WindowManagerShell:  Delegate animation for (#5043) to null
04-15 15:08:11.275  2721  2751 V WindowManagerShell: start default transition animation, info = {id=5043 t=OPEN f=0x0 trk=0 r=[0@Point(0, 0)] c=[{m=OPEN f=NONE leash=Surface(name=Task=1104#59236)/@0x1bf25eb sb=Rect(0, 0 - 1080, 2364) eb=Rect(0, 0 - 1080, 2364) epz=Point(1080, 2364) d=0 taskParent=-1 winMode=1 userId=0},{m=TO_BACK f=SHOW_WALLPAPER leash=Surface(name=Task=1#44)/@0xab2ef48 sb=Rect(0, 0 - 1080, 2364) eb=Rect(0, 0 - 1080, 2364) epz=Point(1080, 2364) d=0 taskParent=-1 winMode=1 userId=0},{m=TO_BACK f=IS_WALLPAPER leash=Surface(name=WallpaperWindowToken{a92f921}#60)/@0xcc801e1 sb=Rect(0, 0 - 1080, 2364) eb=Rect(0, 0 - 1080, 2364) epz=Point(1080, 2364) d=0}]}
04-15 15:08:11.275  2721  2751 V WindowManagerShell: loadAnimation: anim=android.view.animation.AnimationSet@1e1db1d animAttr=0x13 type=OPEN isEntrance=false
04-15 15:08:11.275  2721  2751 V WindowManagerShell: loadAnimation: anim=android.view.animation.AnimationSet@9a86763 animAttr=0x12 type=OPEN isEntrance=true
04-15 15:08:11.276  2721  2751 V WindowManagerShell:  animated by com.android.wm.shell.transition.DefaultTransitionHandler@9233f8c
04-15 15:08:11.276  2721  2751 V ShellTaskOrganizer: Task appeared taskId=1104 listener=FullscreenTaskListener
04-15 15:08:11.276  2721  2751 V ShellTaskOrganizer: Fullscreen Task Appeared: #1104
04-15 15:08:11.277  1588  2468 D IntervalStats: Unable to parse usage stats packages: [505]
04-15 15:08:11.277  1588  2468 D IntervalStats: Unable to parse event packages: [505]
04-15 15:08:11.278  1588  2468 V Configuration: Updating configuration, locales updated from [] to [en_US]
04-15 15:08:11.278  1588  2468 V Configuration: Updating configuration, locales updated from [] to [en_US]
04-15 15:08:11.278  1588  2468 V Configuration: Updating configuration, locales updated from [] to [en_US]
04-15 15:08:11.278  1588  2468 V Configuration: Updating configuration, locales updated from [] to [en_US]
04-15 15:08:11.278  1588  2468 V Configuration: Updating configuration, locales updated from [] to [en_US]
04-15 15:08:11.278  1588  2468 V Configuration: Updating configuration, locales updated from [] to [en_US]
04-15 15:08:11.279  1588  2468 D IntervalStats: Unable to parse usage stats packages: [505, 510]
04-15 15:08:11.282  1588  2468 D IntervalStats: Unable to parse event packages: [505]
04-15 15:08:11.282  1588  2468 V Configuration: Updating configuration, locales updated from [] to [en_US]
04-15 15:08:11.282  1588  2468 V Configuration: Updating configuration, locales updated from [] to [en_US]
04-15 15:08:11.282  1588  2468 V Configuration: Updating configuration, locales updated from [] to [en_US]
04-15 15:08:11.282  1588  2468 V Configuration: Updating configuration, locales updated from [] to [en_US]
04-15 15:08:11.282  1588  2468 V Configuration: Updating configuration, locales updated from [] to [en_US]
04-15 15:08:11.284  1588  2468 D IntervalStats: Unable to parse usage stats packages: [505]
04-15 15:08:11.284  1588  2468 D IntervalStats: Unable to parse event packages: [505]
04-15 15:08:11.296  1588  1776 I DisplayDeviceRepository: Display device changed render timings: "Outer Display", renderFrameRate=60.000004, presentationDeadlineNanos=11500000, appVsyncOffsetNanos=6233332, frameRateOverrides=[]
04-15 15:08:11.296  1588  1774 D WindowManager: DeferredDisplayUpdater: partially applying DisplayInfo(1080 x 2364) immediately
04-15 15:08:11.299  1588  1776 I DisplayDeviceRepository: Display device changed render timings: "Outer Display", renderFrameRate=120.00001, presentationDeadlineNanos=11500000, appVsyncOffsetNanos=6233332, frameRateOverrides=[]
04-15 15:08:11.300  1588  1774 D WindowManager: DeferredDisplayUpdater: partially applying DisplayInfo(1080 x 2364) immediately
04-15 15:08:11.421  1588  5014 D CoreBackPreview: Window{b7923a0 u0 com.adamoutler.ssh/com.adamoutler.ssh.MainActivity}: Setting back callback OnBackInvokedCallbackInfo{mCallback=android.window.IOnBackInvokedCallback$Stub$Proxy@54347f6, mPriority=0, mIsAnimationCallback=false, mOverrideBehavior=0}
04-15 15:08:11.561  2721  2751 V WindowManagerShell: Transition animation finished (aborted=false), notifying core (#5043) android.os.BinderProxy@2d2bcdf@0
04-15 15:08:11.563  1588  1773 V WindowManager: Finish Transition (#5043): created at 04-15 15:08:11.232 collect-started=0.143ms request-sent=13.421ms started=14.628ms ready=18.715ms sent=38.778ms commit=25.168ms finished=330.983ms
04-15 15:08:11.563  2721  2751 V WindowManagerShell: Track 0 became idle
04-15 15:08:11.563  2721  2751 V WindowManagerShell: All active transition animations finished
04-15 15:08:11.570  2721  2751 D Bubbles : BubbleData.onLocusVisibilityChanged() locusId=Overview|DISABLED visible=false taskId=1
04-15 15:08:11.781  1588  1588 W AccessibilityManagerService:  wait for adding window timeout: 332
04-15 15:08:11.790     0     0 I trusty  : gsp_crypto_proxy_srv: 97: Coercing legacy key derivation response
04-15 15:08:11.799     0     0 I trusty  : gsp_crypto_proxy_srv: 97: Coercing legacy key derivation response
04-15 15:08:11.994     0     0 I trusty  : gsp_crypto_proxy_srv: 97: Coercing legacy key derivation response
04-15 15:08:12.001     0     0 I trusty  : gsp_crypto_proxy_srv: 97: Coercing legacy key derivation response
04-15 15:08:12.039  1588  2673 D BackgroundInstallControlService: Package event received: 0
04-15 15:08:12.278  1588  2446 D CoreBackPreview: Window{51443bd u0 Splash Screen com.adamoutler.ssh EXITING}: Setting back callback null
04-15 15:08:12.442  1588  1588 W AccessibilityManagerService:  wait for adding window timeout: 334
04-15 15:08:12.475  1588  2673 D BackgroundInstallControlService: Package event received: 0
04-15 15:08:17.048  1588  2505 D ActivityManager: freezing 10658 com.google.android.packageinstaller
04-15 15:08:17.059  1588  2505 D ActivityManager: freezing 3191 com.android.settings
04-15 15:08:17.073  1588  2505 D ActivityManager: freezing 31958 com.google.android.apps.carrier.carrierwifi
04-15 15:08:17.081  1588  2505 D ActivityManager: freezing 3874 com.google.android.apps.wellbeing
04-15 15:08:17.142  1588  2505 D ActivityManager: freezing 10711 com.google.android.apps.nbu.files
04-15 15:08:17.493  1588  2505 D ActivityManager: freezing 12056 com.android.vending
04-15 15:08:17.509  1588  2505 D ActivityManager: freezing 16980 com.android.vending:background
04-15 15:08:20.101  1588  2505 D ActivityManager: freezing 12295 com.google.android.odad
04-15 15:08:21.404  1588  1838 V DisplayPowerController[0]: Brightness [0.041824676] reason changing to: 'automatic [ dim ]', previous reason: 'automatic'.
04-15 15:08:21.405  1588  1838 I DisplayPowerController[0]: BrightnessEvent: brt=0.041824676(62.0%), nits=86.32509, lux=111.07146, reason=automatic [ dim ], strat=AutomaticBrightnessStrategy, state=ON, stateReason=KEY, policy=DIM, flags=, initBrt=0.081824675, rcmdBrt=0.081824675, preBrt=NaN, preLux=NaN, lastReadLux=89.59494, wasShortTermModelActive=false, autoBrightness=true (default), unclampedBrt=0.081824675, hbmMax=0.29350588, hbmMode=off, thrmMax=1.0, rbcStrength=0, powerFactor=1.0, physDisp=Outer Display(local:4619827677550801153), logicalId=0, slowChange=false, rampSpeed=0.7047244
04-15 15:08:21.408  1588  1838 I DisplayPowerController[1]: BrightnessEvent: brt=0.0(0.0%), nits=1.0, lux=-1.0, reason=screen_off [ throttled lux_lower_bound ], strat=ScreenOffBrightnessStrategy, state=OFF, stateReason=KEY, policy=DIM, flags=, initBrt=0.0, rcmdBrt=NaN, preBrt=NaN, preLux=0.0, wasShortTermModelActive=false, autoBrightness=true (default), unclampedBrt=-1.0, hbmMax=0.68, hbmMode=off, thrmMax=1.0, rbcStrength=-1, powerFactor=1.0, physDisp=Inner Display(local:4619827677550801152), logicalId=1, slowChange=false, rampSpeed=0.0
04-15 15:08:22.004   472 19397 I keystore2: system/security/keystore2/watchdog/src/lib.rs:371 - Watchdog thread idle -> terminating. Have a great day.
04-15 15:08:22.490  1588  2505 D ActivityManager: freezing 29710 com.google.android.apps.privacy.wildlife
04-15 15:08:24.822  1588  1588 E BoundServiceSession: Bad key 1 received in binderTransactionCompleted! Closing all transactions on CR{9b42494 1588->com.google.android.as/com.google.android.apps.miphone.aiai.common.notification.service.AiAiNotificationListenerService flags=0x805000101}. Current keys: {onNotificationRemovedFull=1, onNotificationPostedFull=0}; Counts: [1, 0]
04-15 15:08:24.822  1588  1588 E BoundServiceSession: Bad key 0 received in binderTransactionCompleted! Closing all transactions on CR{9b42494 1588->com.google.android.as/com.google.android.apps.miphone.aiai.common.notification.service.AiAiNotificationListenerService flags=0x805000101}. Current keys: {}; Counts: []
04-15 15:08:24.831  1588  1809 W ProcessStats: Tracking association SourceState{a689469 com.google.android.as/10178 BFgs #1388471} whose proc state 4 is better than process ProcessState{a978d8a com.google.android.apps.pixel.psi/10162 pkg=com.google.android.apps.pixel.psi} proc state 14 (17 skipped)
04-15 15:08:26.534  1588  2673 D BackgroundInstallControlService: Package event received: 0
04-15 15:08:27.209  1588  2505 D ActivityManager: freezing 3225 com.google.android.permissioncontroller
04-15 15:08:27.976  1588  1588 E BoundServiceSession: Bad key 2 received in binderTransactionCompleted! Closing all transactions on CR{9b42494 1588->com.google.android.as/com.google.android.apps.miphone.aiai.common.notification.service.AiAiNotificationListenerService flags=0x805000101}. Current keys: {}; Counts: []
04-15 15:08:27.979  1588  1588 E BoundServiceSession: Bad key 1 received in binderTransactionCompleted! Closing all transactions on CR{9b42494 1588->com.google.android.as/com.google.android.apps.miphone.aiai.common.notification.service.AiAiNotificationListenerService flags=0x805000101}. Current keys: {}; Counts: []
04-15 15:08:30.724  1588  2505 D ActivityManager: freezing 7894 com.google.android.apps.turbo
04-15 15:08:30.813  1588  2673 D BackgroundInstallControlService: Package event received: 0
04-15 15:08:32.626  1588  2505 D ActivityManager: freezing 23076 com.google.android.euicc
04-15 15:08:45.997  2721  2751 V WindowManagerShell: Transition requested (#5044): android.os.BinderProxy@9fc7576 TransitionRequestInfo { type = CLOSE, triggerTask = TaskInfo{userId=0 taskId=1104 effectiveUid=10439 displayId=0 isRunning=false baseIntent=Intent { act=android.intent.action.MAIN cat=[android.intent.category.LAUNCHER] flg=0x10008000 cmp=com.adamoutler.ssh/.MainActivity } baseActivity=null topActivity=null origActivity=null realActivity=ComponentInfo{com.adamoutler.ssh/com.adamoutler.ssh.MainActivity} realActivityIsAppLockEnabled=false numActivities=0 lastActiveTime=577191838 supportsMultiWindow=true resizeMode=1 isResizeable=true minWidth=-1 minHeight=-1 defaultMinSize=220 token=WCT{android.os.BinderProxy@cc08d2c} topActivityType=1 pictureInPictureParams=null shouldDockBigOverlays=false launchIntoPipHostTaskId=-1 lastParentTaskIdBeforePip=-1 displayCutoutSafeInsets=Rect(0, 0 - 0, 0) topActivityInfo=null launchCookies=[] positionInParent=Point(0, 0) parentTaskId=-1 isFocused=true isVisible=true isVisibleRequested=true isTopActivityNoDisplay=false isSleeping=false locusId=null displayAreaFeatureId=1 isTopActivityTransparent=false isActivityStackTransparent=true lastNonFullscreenBounds=null leafTaskBoundsFromOptions= false capturedLink=null capturedLinkTimestamp=0 requestedVisibleTypes=503 topActivityRequestOpenInBrowserEducationTimestamp=0 appCompatTaskInfo=AppCompatTaskInfo { topActivityInSizeCompat=false isLeafTask= true eligibleForLetterboxEducation= false isLetterboxEducationEnabled= false isLetterboxDoubleTapEnabled= false eligibleForUserAspectRatioButton= false topActivityBoundsLetterboxed= false isFromLetterboxDoubleTap= false topActivityLetterboxVerticalPosition= -1 topActivityLetterboxHorizontalPosition= -1 topActivityLetterboxWidth=-1 topActivityLetterboxHeight=-1 topActivityAppBounds=Rect(0, 0 - 0, 0) isUserFullscreenOverrideEnabled=false isSystemFullscreenOverrideEnabled=false hasMinAspectRatioOverride=false topActivityLetterboxBounds=null topNonResizableActivityAspectRatio=-1.0} topActivityMainWindowFrame=null isAppBubble=false}, pipChange = null, remoteTransitionInfo = null, displayChange = null, requestedLocation = null, userChange = null, windowingLayerChange = null, fullscreenRequestChange = null, flags = 0, debugId = 5044 }
04-15 15:08:45.998  2721  2751 V ShellDesktopMode: DesktopTasksController: skipping handleRequest reason=triggerTask's display doesn't support desktop mode
04-15 15:08:46.012  1588  5016 V WindowManager: Defer transition id=5044 for TaskFragmentTransaction=android.os.Binder@9b5906b
04-15 15:08:46.019  1588  2673 D BackgroundInstallControlService: Package event received: 0
04-15 15:08:46.021  2721  2751 D WindowManagerShell: setLauncherKeepClearAreaHeight: visible=true, height=461
04-15 15:08:46.033  1588  2673 D BackgroundInstallControlService: Package event received: 0
04-15 15:08:46.033  1588  2673 D BackgroundInstallControlService: Package event received: 0
04-15 15:08:46.046  1588  5016 V WindowManager: Continue transition id=5044 for TaskFragmentTransaction=android.os.Binder@9b5906b
04-15 15:08:46.062  2721  4632 V WindowManagerShell: onTransitionReady(transaction=6820408955313)
04-15 15:08:46.063  2721  2751 V WindowManagerShell: onTransitionReady (#5044) android.os.BinderProxy@9fc7576: {id=5044 t=CLOSE f=0x0 trk=0 r=[0@Point(0, 0)] c=[
04-15 15:08:46.063  2721  2751 V WindowManagerShell:         {m=CLOSE f=NONE leash=Surface(name=Task=1104#59236)/@0xb8c2777 sb=Rect(0, 0 - 1080, 2364) eb=Rect(0, 0 - 1080, 2364) epz=Point(1080, 2364) d=0 taskParent=-1 winMode=1 userId=0},
04-15 15:08:46.063  2721  2751 V WindowManagerShell:         {m=TO_FRONT f=SHOW_WALLPAPER leash=Surface(name=Task=1#44)/@0xbbd3fe4 sb=Rect(0, 0 - 1080, 2364) eb=Rect(0, 0 - 1080, 2364) epz=Point(1080, 2364) d=0 taskParent=-1 winMode=1 userId=0},
04-15 15:08:46.063  2721  2751 V WindowManagerShell:         {m=TO_FRONT f=IS_WALLPAPER leash=Surface(name=WallpaperWindowToken{a92f921}#60)/@0x763dc4d sb=Rect(0, 0 - 1080, 2364) eb=Rect(0, 0 - 1080, 2364) epz=Point(1080, 2364) d=0}
04-15 15:08:46.063  2721  2751 V WindowManagerShell:     ]}
04-15 15:08:46.063  2721  2751 V ShellDesktopMode: DesktopModeLogger: taskInfo map after processing changes 0
04-15 15:08:46.063  2721  2751 D ShellDesktopMode: DesktopTaskChangeListener: onTaskMovingToFront for taskId=1, displayId=0 - desktop not supported
04-15 15:08:46.063  2721  2751 D ShellDesktopMode: DesktopTaskChangeListener: onTaskClosing for taskId=1104, displayId=0 - desktop not supported
04-15 15:08:46.063  2721  2751 V WindowManagerShell: Playing animation for (#5044) android.os.BinderProxy@9fc7576@0
04-15 15:08:46.063  2721  2751 D ShellSplitScreen: startAnimation: transition=5044 isSplitActive=false
04-15 15:08:46.063  2721  2751 V ShellRecents: RecentsTransitionHandler.startAnimation: no controller found
04-15 15:08:46.063  2721  2751 V ShellDesktopMode: DesktopMixedTransitionHandler: No pending desktop transition
04-15 15:08:46.063  2721  2751 V WindowManagerShell: Transition doesn't have explicit remote, search filters for match for {id=5044 t=CLOSE f=0x0 trk=0 r=[0@Point(0, 0)] c=[{m=CLOSE f=NONE leash=Surface(name=Task=1104#59236)/@0xb8c2777 sb=Rect(0, 0 - 1080, 2364) eb=Rect(0, 0 - 1080, 2364) epz=Point(1080, 2364) d=0 taskParent=-1 winMode=1 userId=0},{m=TO_FRONT f=SHOW_WALLPAPER leash=Surface(name=Task=1#44)/@0xbbd3fe4 sb=Rect(0, 0 - 1080, 2364) eb=Rect(0, 0 - 1080, 2364) epz=Point(1080, 2364) d=0 taskParent=-1 winMode=1 userId=0},{m=TO_FRONT f=IS_WALLPAPER leash=Surface(name=WallpaperWindowToken{a92f921}#60)/@0x763dc4d sb=Rect(0, 0 - 1080, 2364) eb=Rect(0, 0 - 1080, 2364) epz=Point(1080, 2364) d=0}]}
04-15 15:08:46.064  2721  2751 V WindowManagerShell:  Checking filter Pair{{types=[] flags=0x0] notFlags=0x0 checks=[{atype=undefined independent=true modes=[CLOSE,TO_BACK] flags=IN_TASK_WITH_EMBEDDED_ACTIVITY mustBeTask=false order=ANY topActivity=null launchCookie=null taskFragmentToken=android.os.BinderProxy@7313dfb windowingMode=undefined isCrossDisplayMove=false}]} RemoteTransition { remoteTransition = android.window.IRemoteTransition$Stub$Proxy@bfc0e18, appThread = android.app.IApplicationThread$Stub$Proxy@52d8071, debugName = overlayBackTransition, filter = null }}
04-15 15:08:46.064  2721  2751 V WindowManagerShell:  Checking filter Pair{{types=[] flags=0x0] notFlags=0x0 checks=[{atype=dream independent=true modes=[OPEN,TO_FRONT] flags=NONE mustBeTask=false order=ANY topActivity=null launchCookie=null windowingMode=undefined isCrossDisplayMove=false},{atype=home independent=true modes=[CLOSE,TO_BACK] flags=NONE mustBeTask=false order=ANY topActivity=null launchCookie=null windowingMode=undefined isCrossDisplayMove=false}]} RemoteTransition { remoteTransition = android.window.IRemoteTransition$Stub$Proxy@9e84e56, appThread = android.app.IApplicationThread$Stub$Proxy@c4bbed7, debugName = LauncherToDream, filter = null }}
04-15 15:08:46.064  2721  2751 V WindowManagerShell:  Checking filter Pair{{types=[] flags=0x0] notFlags=0x0 checks=[{atype=standard independent=false modes=[CHANGE] flags=NONE mustBeTask=true order=ANY topActivity=null launchCookie=null windowingMode=undefined isCrossDisplayMove=true}]} RemoteTransition { remoteTransition = android.window.IRemoteTransition$Stub$Proxy@1aff3c4, appThread = android.app.IApplicationThread$Stub$Proxy@1c8b2ad, debugName = QuickstepDisplayMove, filter = null }}
04-15 15:08:46.064  2721  2751 V WindowManagerShell:  Checking filter Pair{{types=[] flags=0x0] notFlags=0x100 checks=[{atype=home independent=true modes=[OPEN,TO_FRONT] flags=NONE mustBeTask=false order=ANY topActivity=ComponentInfo{com.google.android.apps.nexuslauncher/com.google.android.apps.nexuslauncher.NexusLauncherActivity} launchCookie=null windowingMode=undefined isCrossDisplayMove=false},{atype=standard independent=true modes=[CLOSE,TO_BACK] flags=NONE mustBeTask=false order=ANY topActivity=null launchCookie=null windowingMode=undefined isCrossDisplayMove=false},{NOT atype=undefined independent=true modes=[] flags=NONE mustBeTask=true order=ANY topActivity=null launchCookie=null customAnim=true windowingMode=undefined isCrossDisplayMove=false}]} RemoteTransition { remoteTransition = android.window.IRemoteTransition$Stub$Proxy@7b2f9e2, appThread = android.app.IApplicationThread$Stub$Proxy@6237173, debugName = QuickstepLaunchHome, filter = null }}
04-15 15:08:46.064  2721  2751 D RemoteTransitionHandler: Found filterPair{{types=[] flags=0x0] notFlags=0x100 checks=[{atype=home independent=true modes=[OPEN,TO_FRONT] flags=NONE mustBeTask=false order=ANY topActivity=ComponentInfo{com.google.android.apps.nexuslauncher/com.google.android.apps.nexuslauncher.NexusLauncherActivity} launchCookie=null windowingMode=undefined isCrossDisplayMove=false},{atype=standard independent=true modes=[CLOSE,TO_BACK] flags=NONE mustBeTask=false order=ANY topActivity=null launchCookie=null windowingMode=undefined isCrossDisplayMove=false},{NOT atype=undefined independent=true modes=[] flags=NONE mustBeTask=true order=ANY topActivity=null launchCookie=null customAnim=true windowingMode=undefined isCrossDisplayMove=false}]} RemoteTransition { remoteTransition = android.window.IRemoteTransition$Stub$Proxy@7b2f9e2, appThread = android.app.IApplicationThread$Stub$Proxy@6237173, debugName = QuickstepLaunchHome, filter = null }}
04-15 15:08:46.064  2721  2751 V WindowManagerShell:  Delegate animation for (#5044) to RemoteTransition { remoteTransition = android.window.IRemoteTransition$Stub$Proxy@7b2f9e2, appThread = android.app.IApplicationThread$Stub$Proxy@6237173, debugName = QuickstepLaunchHome, filter = null }
04-15 15:08:46.067  1588  5004 W ActivityTaskManager: setRunningRemoteTransition: no process for null
04-15 15:08:46.067  1588  1776 W ProcessStats: Tracking association SourceState{2d5bfc1 com.android.systemui/10248 ImpFg #1388528} whose proc state 5 is better than process ProcessState{a9f8127 com.google.android.apps.dreamliner/10160 pkg=com.google.android.apps.dreamliner} proc state 14 (2 skipped)
04-15 15:08:46.067  2721  2751 V WindowManagerShell:  animated by com.android.wm.shell.transition.RemoteTransitionHandler@3635add
