04-15 15:08:49.333  1588  1801 D ActivityManager: sync unfroze 11396 android.process.media for 3
04-15 15:08:49.346  1588  2673 D BackgroundInstallControlService: Package event received: 0
04-15 15:08:49.353  1588  2673 D BackgroundInstallControlService: Package event received: 0
04-15 15:08:49.390  1588  2673 D BackgroundInstallControlService: Package event received: 0
04-15 15:08:49.394  1588  2673 D BackgroundInstallControlService: Package event received: 0
04-15 15:08:49.612  1588  1882 I MediaSessionStack: removeSession | record: com.google.android.gms/cast_rcn_media_session/4171 (userId=0)
04-15 15:08:51.565  1588  1588 I RemoteContentProtectionService: Connection status for: ComponentInfo{com.google.android.odad/com.google.android.apps.miphone.odad.contentprotection.ContentProtectionService} changed to: disconnected
04-15 15:08:52.037  1588  1588 I RemoteContentProtectionService: Connection status for: ComponentInfo{com.google.android.odad/com.google.android.apps.miphone.odad.contentprotection.ContentProtectionService} changed to: disconnected
04-15 15:08:58.410  1588  2702 W FileUtils: Failed to chmod(AtomicFile[/data/system_de/0/system/game-manager-service.xml])
04-15 15:08:58.410  1588  2702 W FileUtils: android.system.ErrnoException: chmod failed: ENOENT (No such file or directory)
04-15 15:08:58.410  1588  2702 W FileUtils: 	at libcore.io.Linux.chmod(Native Method)
04-15 15:08:58.410  1588  2702 W FileUtils: 	at libcore.io.ForwardingOs.chmod(ForwardingOs.java:166)
04-15 15:08:58.410  1588  2702 W FileUtils: 	at libcore.io.BlockGuardOs.chmod(BlockGuardOs.java:83)
04-15 15:08:58.410  1588  2702 W FileUtils: 	at android.system.Os.chmod(Os.java:119)
04-15 15:08:58.410  1588  2702 W FileUtils: 	at android.os.FileUtils.setPermissions(FileUtils.java:189)
04-15 15:08:58.410  1588  2702 W FileUtils: 	at com.android.server.app.GameManagerSettings.writePersistentDataLocked(GameManagerSettings.java:179)
04-15 15:08:58.410  1588  2702 W FileUtils: 	at com.android.server.app.GameManagerService$SettingsHandler.doHandleMessage(GameManagerService.java:329)
04-15 15:08:58.410  1588  2702 W FileUtils: 	at com.android.server.app.GameManagerService$SettingsHandler.handleMessage(GameManagerService.java:310)
04-15 15:08:58.410  1588  2702 W FileUtils: 	at android.os.Handler.dispatchMessageImpl(Handler.java:142)
04-15 15:08:58.410  1588  2702 W FileUtils: 	at android.os.Handler.dispatchMessage(Handler.java:125)
04-15 15:08:58.410  1588  2702 W FileUtils: 	at android.os.Looper.loopOnce(Looper.java:269)
04-15 15:08:58.410  1588  2702 W FileUtils: 	at android.os.Looper.loop(Looper.java:367)
04-15 15:08:58.410  1588  2702 W FileUtils: 	at android.os.HandlerThread.run(HandlerThread.java:139)
04-15 15:08:58.410  1588  2702 W FileUtils: 	at com.android.server.ServiceThread.run(ServiceThread.java:46)
04-15 15:08:58.548  1588  2505 D ActivityManager: freezing 20038 com.android.chrome
04-15 15:08:58.565  1588  2505 D ActivityManager: freezing 22215 com.android.chrome:sandboxed_process0:org.chromium.content.app.SandboxedProcessService0:219
04-15 15:08:58.574  1588  2505 D ActivityManager: freezing 28665 com.android.chrome:sandboxed_process0:org.chromium.content.app.SandboxedProcessService0:234
04-15 15:08:58.580  1588  2505 D ActivityManager: freezing 11738 org.chromium.webapk.a5a8228c3188a0ef2_v2
04-15 15:08:58.584  1588  2505 D ActivityManager: freezing 9594 com.android.chrome:privileged_process2
04-15 15:08:59.015  1588  2505 D ActivityManager: freezing 11383 com.oasisfeng.island
04-15 15:08:59.057   472 19965 I keystore2: system/security/keystore2/watchdog/src/lib.rs:371 - Watchdog thread idle -> terminating. Have a great day.
04-15 15:08:59.245  1588  2505 D ActivityManager: freezing 10711 com.google.android.apps.nbu.files
04-15 15:08:59.262  1588  1809 W ProcessStats: Tracking association SourceState{a689469 com.google.android.as/10178 BFgs #1388703} whose proc state 4 is better than process ProcessState{a978d8a com.google.android.apps.pixel.psi/10162 pkg=com.google.android.apps.pixel.psi} proc state 14 (60 skipped)
04-15 15:08:59.285  1588  1588 E BoundServiceSession: Bad key 2 received in binderTransactionCompleted! Closing all transactions on CR{9b42494 1588->com.google.android.as/com.google.android.apps.miphone.aiai.common.notification.service.AiAiNotificationListenerService flags=0x805000101}. Current keys: {onNotificationRemovedFull=1, onNotificationPostedFull=0}; Counts: [0, 0]
04-15 15:08:59.285  1588  1588 E BoundServiceSession: Bad key 1 received in binderTransactionCompleted! Closing all transactions on CR{9b42494 1588->com.google.android.as/com.google.android.apps.miphone.aiai.common.notification.service.AiAiNotificationListenerService flags=0x805000101}. Current keys: {}; Counts: []
04-15 15:08:59.296  1588  2505 D ActivityManager: freezing 7912 com.google.android.rkpdapp
04-15 15:08:59.331  1588  2505 D ActivityManager: freezing 11334 com.microsoft.familysafety
04-15 15:08:59.356  1588  2505 D ActivityManager: freezing 11396 android.process.media
04-15 15:08:59.369  1588  2505 D ActivityManager: freezing 11274 com.google.android.documentsui
04-15 15:08:59.378  1588  2505 D ActivityManager: freezing 17348 com.google.android.videos
04-15 15:08:59.408  1588  2505 D ActivityManager: freezing 12056 com.android.vending
04-15 15:08:59.427  1588  2505 D ActivityManager: freezing 16980 com.android.vending:background
04-15 15:08:59.726  1588  2505 D ActivityManager: freezing 3225 com.google.android.permissioncontroller
04-15 15:09:00.050  1588  1776 I DisplayDeviceRepository: Display device changed render timings: "Outer Display", renderFrameRate=120.00001, presentationDeadlineNanos=11500000, appVsyncOffsetNanos=6233332, frameRateOverrides=[]
04-15 15:09:00.051  1588  1774 D WindowManager: DeferredDisplayUpdater: partially applying DisplayInfo(1080 x 2364) immediately
04-15 15:09:02.052  1588  2505 D ActivityManager: freezing 12295 com.google.android.odad
04-15 15:09:04.434  1588  2673 D BackgroundInstallControlService: Package event received: 0
04-15 15:09:05.720  1588  2673 D BackgroundInstallControlService: Package event received: 0
04-15 15:09:06.912  3721  3871 I virtmgr : virtualizationmanager::crosvm: Log(2048): AppSearchIcing: icing-search-engine.cc:2486: Persisting data to disk with mode 3
04-15 15:09:06.943  3721  3871 I virtmgr : virtualizationmanager::crosvm: Log(2048): AppSearchIcing: icing-search-engine.cc:2501: PersistToDisk completed.
04-15 15:09:10.046  1588  2673 D BackgroundInstallControlService: Package event received: 0
04-15 15:09:28.658  1588  2505 D ActivityManager: freezing 3191 com.android.settings
04-15 15:09:28.671  1588  2505 D ActivityManager: freezing 31958 com.google.android.apps.carrier.carrierwifi
04-15 15:09:28.679  1588  2505 D ActivityManager: freezing 3874 com.google.android.apps.wellbeing
04-15 15:09:28.689  1588  2505 D ActivityManager: freezing 32418 com.android.keychain
04-15 15:09:28.694  1588  2505 D ActivityManager: freezing 11653 system:ui
04-15 15:09:30.752  1588  2505 D ActivityManager: freezing 9087 com.google.android.gms
04-15 15:09:39.413  1588  2673 D BackgroundInstallControlService: Package event received: 0
04-15 15:09:39.771  1588  1838 V DisplayPowerController[0]: Brightness [0.081824675] reason changing to: 'automatic', previous reason: 'automatic [ dim ]'.
04-15 15:09:39.772  1588  1838 I DisplayPowerController[0]: BrightnessEvent: brt=0.081824675(76.0%), nits=167.8742, lux=111.07146, reason=automatic, strat=AutomaticBrightnessStrategy, state=ON, stateReason=KEY, policy=BRIGHT, flags=, initBrt=0.041824676, rcmdBrt=0.081824675, preBrt=NaN, preLux=NaN, lastReadLux=103.49602, wasShortTermModelActive=false, autoBrightness=true (default), unclampedBrt=0.081824675, hbmMax=0.29350588, hbmMode=off, thrmMax=1.0, rbcStrength=0, powerFactor=1.0, physDisp=Outer Display(local:4619827677550801153), logicalId=0, slowChange=false, rampSpeed=0.7047244
04-15 15:09:39.774  1588  1838 I DisplayPowerController[1]: BrightnessEvent: brt=0.0(0.0%), nits=1.0, lux=-1.0, reason=screen_off [ throttled lux_lower_bound ], strat=ScreenOffBrightnessStrategy, state=OFF, stateReason=KEY, policy=BRIGHT, flags=, initBrt=0.0, rcmdBrt=NaN, preBrt=NaN, preLux=0.0, wasShortTermModelActive=false, autoBrightness=true (default), unclampedBrt=-1.0, hbmMax=0.68, hbmMode=off, thrmMax=1.0, rbcStrength=-1, powerFactor=1.0, physDisp=Inner Display(local:4619827677550801152), logicalId=1, slowChange=false, rampSpeed=0.0
--------- beginning of main
04-15 15:09:41.099 20139 20139 E libbinder.IPCThreadState: Binder transaction failure. id: 242953482, cmd: BR_FAILED_REPLY (29201), error: -1 (Operation not permitted)
04-15 15:09:41.100 20139 20139 W libbinder.BackendUnifiedServiceManager: Thread Pool max thread count is 0. Cannot cache binder as linkToDeath cannot be implemented. serviceName: android.hardware.gatekeeper.IGatekeeper/default
04-15 15:09:41.100 20139 20139 E libbinder.IPCThreadState: Binder transaction failure. id: 242953486, cmd: BR_FAILED_REPLY (29201), error: -1 (Operation not permitted)
04-15 15:09:41.101 20139 20139 W libbinder.BackendUnifiedServiceManager: Thread Pool max thread count is 0. Cannot cache binder as linkToDeath cannot be implemented. serviceName: android.hardware.gnss.IGnss/default
04-15 15:09:41.101 20139 20139 E libbinder.IPCThreadState: Binder transaction failure. id: 242953490, cmd: BR_FAILED_REPLY (29201), error: -1 (Operation not permitted)
04-15 15:09:41.101 20139 20139 W libbinder.BackendUnifiedServiceManager: Thread Pool max thread count is 0. Cannot cache binder as linkToDeath cannot be implemented. serviceName: android.hardware.gnss.IGnss/vendor
04-15 15:09:41.101 20139 20139 E libbinder.IPCThreadState: Binder transaction failure. id: 242953494, cmd: BR_FAILED_REPLY (29201), error: -1 (Operation not permitted)
04-15 15:09:41.102 20139 20139 W libbinder.BackendUnifiedServiceManager: Thread Pool max thread count is 0. Cannot cache binder as linkToDeath cannot be implemented. serviceName: android.hardware.graphics.allocator.IAllocator/default
04-15 15:09:41.104 20139 20139 W libbinder.BackendUnifiedServiceManager: Thread Pool max thread count is 0. Cannot cache binder as linkToDeath cannot be implemented. serviceName: android.hardware.graphics.composer3.IComposer/default
04-15 15:09:41.104 20139 20139 E libbinder.IPCThreadState: Binder transaction failure. id: 242953503, cmd: BR_FAILED_REPLY (29201), error: -1 (Operation not permitted)
04-15 15:09:41.105 20139 20139 W libbinder.BackendUnifiedServiceManager: Thread Pool max thread count is 0. Cannot cache binder as linkToDeath cannot be implemented. serviceName: android.hardware.health.IHealth/default
04-15 15:09:41.105 20139 20139 E libbinder.IPCThreadState: Binder transaction failure. id: 242953507, cmd: BR_FAILED_REPLY (29201), error: -1 (Operation not permitted)
04-15 15:09:41.106 20139 20139 W libbinder.BackendUnifiedServiceManager: Thread Pool max thread count is 0. Cannot cache binder as linkToDeath cannot be implemented. serviceName: android.hardware.input.processor.IInputProcessor/default
04-15 15:09:41.106 20139 20139 E libbinder.IPCThreadState: Binder transaction failure. id: 242953511, cmd: BR_FAILED_REPLY (29201), error: -1 (Operation not permitted)
04-15 15:09:41.107 20139 20139 W libbinder.BackendUnifiedServiceManager: Thread Pool max thread count is 0. Cannot cache binder as linkToDeath cannot be implemented. serviceName: android.hardware.media.c2.IComponentStore/default
04-15 15:09:41.108 20139 20139 W libbinder.BackendUnifiedServiceManager: Thread Pool max thread count is 0. Cannot cache binder as linkToDeath cannot be implemented. serviceName: android.hardware.media.c2.IComponentStore/default9
04-15 15:09:41.111 20139 20139 W libbinder.BackendUnifiedServiceManager: Thread Pool max thread count is 0. Cannot cache binder as linkToDeath cannot be implemented. serviceName: android.hardware.media.c2.IComponentStore/software
04-15 15:09:41.114 20139 20139 W libbinder.BackendUnifiedServiceManager: Thread Pool max thread count is 0. Cannot cache binder as linkToDeath cannot be implemented. serviceName: android.hardware.memtrack.IMemtrack/default
04-15 15:09:41.114 20139 20139 E libbinder.IPCThreadState: Binder transaction failure. id: 242953532, cmd: BR_FAILED_REPLY (29201), error: -1 (Operation not permitted)
04-15 15:09:41.116 20139 20139 W libbinder.BackendUnifiedServiceManager: Thread Pool max thread count is 0. Cannot cache binder as linkToDeath cannot be implemented. serviceName: android.hardware.neuralnetworks.IDevice/google-edgetpu
04-15 15:09:41.118 20139 20139 W libbinder.BackendUnifiedServiceManager: Thread Pool max thread count is 0. Cannot cache binder as linkToDeath cannot be implemented. serviceName: android.hardware.nfc.INfc/default
04-15 15:09:41.119 20139 20139 E libbinder.IPCThreadState: Binder transaction failure. id: 242953541, cmd: BR_FAILED_REPLY (29201), error: -1 (Operation not permitted)
04-15 15:09:41.120 20139 20139 W libbinder.BackendUnifiedServiceManager: Thread Pool max thread count is 0. Cannot cache binder as linkToDeath cannot be implemented. serviceName: android.hardware.oemlock.IOemLock/default
04-15 15:09:41.120 20139 20139 E libbinder.IPCThreadState: Binder transaction failure. id: 242953545, cmd: BR_FAILED_REPLY (29201), error: -1 (Operation not permitted)
04-15 15:09:41.121 20139 20139 W libbinder.BackendUnifiedServiceManager: Thread Pool max thread count is 0. Cannot cache binder as linkToDeath cannot be implemented. serviceName: android.hardware.power.IPower/default
04-15 15:09:41.121 20139 20139 E libbinder.IPCThreadState: Binder transaction failure. id: 242953549, cmd: BR_FAILED_REPLY (29201), error: -1 (Operation not permitted)
04-15 15:09:41.122 20139 20139 W libbinder.BackendUnifiedServiceManager: Thread Pool max thread count is 0. Cannot cache binder as linkToDeath cannot be implemented. serviceName: android.hardware.power.stats.IPowerStats/default
04-15 15:09:41.123 20139 20139 E libbinder.IPCThreadState: Binder transaction failure. id: 242953553, cmd: BR_FAILED_REPLY (29201), error: -1 (Operation not permitted)
04-15 15:09:41.124 20139 20139 W libbinder.BackendUnifiedServiceManager: Thread Pool max thread count is 0. Cannot cache binder as linkToDeath cannot be implemented. serviceName: android.hardware.radio.config.IRadioConfig/default
04-15 15:09:41.124 20139 20139 E libbinder.IPCThreadState: Binder transaction failure. id: 242953559, cmd: BR_FAILED_REPLY (29201), error: -1 (Operation not permitted)
04-15 15:09:41.125 20139 20139 W libbinder.BackendUnifiedServiceManager: Thread Pool max thread count is 0. Cannot cache binder as linkToDeath cannot be implemented. serviceName: android.hardware.radio.data.IRadioData/slot1
04-15 15:09:41.125 20139 20139 E libbinder.IPCThreadState: Binder transaction failure. id: 242953563, cmd: BR_FAILED_REPLY (29201), error: -1 (Operation not permitted)
04-15 15:09:41.126 20139 20139 W libbinder.BackendUnifiedServiceManager: Thread Pool max thread count is 0. Cannot cache binder as linkToDeath cannot be implemented. serviceName: android.hardware.radio.data.IRadioData/slot2
04-15 15:09:41.126 20139 20139 E libbinder.IPCThreadState: Binder transaction failure. id: 242953567, cmd: BR_FAILED_REPLY (29201), error: -1 (Operation not permitted)
04-15 15:09:41.127 20139 20139 W libbinder.BackendUnifiedServiceManager: Thread Pool max thread count is 0. Cannot cache binder as linkToDeath cannot be implemented. serviceName: android.hardware.radio.messaging.IRadioMessaging/slot1
04-15 15:09:41.127 20139 20139 E libbinder.IPCThreadState: Binder transaction failure. id: 242953571, cmd: BR_FAILED_REPLY (29201), error: -1 (Operation not permitted)
04-15 15:09:41.128 20139 20139 W libbinder.BackendUnifiedServiceManager: Thread Pool max thread count is 0. Cannot cache binder as linkToDeath cannot be implemented. serviceName: android.hardware.radio.messaging.IRadioMessaging/slot2
04-15 15:09:41.128 20139 20139 E libbinder.IPCThreadState: Binder transaction failure. id: 242953577, cmd: BR_FAILED_REPLY (29201), error: -1 (Operation not permitted)
04-15 15:09:41.129   482 15993 D SurfaceFlinger: setDesiredMode 4619827677550801153 {mode={fps=120.00 Hz, modePtr={id=1, vsyncRate=120.00 Hz, peakRefreshRate=120.00 Hz}}, emitEvent=false, force=false}
04-15 15:09:41.131 20139 20139 W libbinder.BackendUnifiedServiceManager: Thread Pool max thread count is 0. Cannot cache binder as linkToDeath cannot be implemented. serviceName: android.hardware.radio.modem.IRadioModem/slot1
04-15 15:09:41.131 20139 20139 E libbinder.IPCThreadState: Binder transaction failure. id: 242953584, cmd: BR_FAILED_REPLY (29201), error: -1 (Operation not permitted)
04-15 15:09:41.132 20139 20139 W libbinder.BackendUnifiedServiceManager: Thread Pool max thread count is 0. Cannot cache binder as linkToDeath cannot be implemented. serviceName: android.hardware.radio.modem.IRadioModem/slot2
04-15 15:09:41.132 20139 20139 E libbinder.IPCThreadState: Binder transaction failure. id: 242953588, cmd: BR_FAILED_REPLY (29201), error: -1 (Operation not permitted)
04-15 15:09:41.134   482   482 D SurfaceFlinger: initiateModeChange 4619827677550801153 {mode={fps=120.00 Hz, modePtr={id=1, vsyncRate=120.00 Hz, peakRefreshRate=120.00 Hz}}, emitEvent=false, force=false}
04-15 15:09:41.134   483  3779 D hwc-pixel-display: SetActiveConfigInternal: config: 82 powermode: 1
04-15 15:09:41.133 20139 20139 W libbinder.BackendUnifiedServiceManager: Thread Pool max thread count is 0. Cannot cache binder as linkToDeath cannot be implemented. serviceName: android.hardware.radio.network.IRadioNetwork/slot1
04-15 15:09:41.135 20139 20139 E libbinder.IPCThreadState: Binder transaction failure. id: 242953601, cmd: BR_FAILED_REPLY (29201), error: -1 (Operation not permitted)
04-15 15:09:41.135 20139 20139 W libbinder.BackendUnifiedServiceManager: Thread Pool max thread count is 0. Cannot cache binder as linkToDeath cannot be implemented. serviceName: android.hardware.radio.network.IRadioNetwork/slot2
04-15 15:09:41.136 20139 20139 E libbinder.IPCThreadState: Binder transaction failure. id: 242953607, cmd: BR_FAILED_REPLY (29201), error: -1 (Operation not permitted)
04-15 15:09:41.137 20139 20139 W libbinder.BackendUnifiedServiceManager: Thread Pool max thread count is 0. Cannot cache binder as linkToDeath cannot be implemented. serviceName: android.hardware.radio.sap.ISap/slot1
04-15 15:09:41.137 20139 20139 E libbinder.IPCThreadState: Binder transaction failure. id: 242953617, cmd: BR_FAILED_REPLY (29201), error: -1 (Operation not permitted)
04-15 15:09:41.137 20139 20139 W libbinder.BackendUnifiedServiceManager: Thread Pool max thread count is 0. Cannot cache binder as linkToDeath cannot be implemented. serviceName: android.hardware.radio.sap.ISap/slot2
04-15 15:09:41.137 20139 20139 E libbinder.IPCThreadState: Binder transaction failure. id: 242953625, cmd: BR_FAILED_REPLY (29201), error: -1 (Operation not permitted)
04-15 15:09:41.138 20139 20139 W libbinder.BackendUnifiedServiceManager: Thread Pool max thread count is 0. Cannot cache binder as linkToDeath cannot be implemented. serviceName: android.hardware.radio.sim.IRadioSim/slot1
04-15 15:09:41.138 20139 20139 E libbinder.IPCThreadState: Binder transaction failure. id: 242953629, cmd: BR_FAILED_REPLY (29201), error: -1 (Operation not permitted)
04-15 15:09:41.138 20139 20139 W libbinder.BackendUnifiedServiceManager: Thread Pool max thread count is 0. Cannot cache binder as linkToDeath cannot be implemented. serviceName: android.hardware.radio.sim.IRadioSim/slot2
04-15 15:09:41.138 20139 20139 E libbinder.IPCThreadState: Binder transaction failure. id: 242953633, cmd: BR_FAILED_REPLY (29201), error: -1 (Operation not permitted)
04-15 15:09:41.139 20139 20139 W libbinder.BackendUnifiedServiceManager: Thread Pool max thread count is 0. Cannot cache binder as linkToDeath cannot be implemented. serviceName: android.hardware.radio.voice.IRadioVoice/slot1
04-15 15:09:41.140 20139 20139 E libbinder.IPCThreadState: Binder transaction failure. id: 242953637, cmd: BR_FAILED_REPLY (29201), error: -1 (Operation not permitted)
04-15 15:09:41.141 20139 20139 W libbinder.BackendUnifiedServiceManager: Thread Pool max thread count is 0. Cannot cache binder as linkToDeath cannot be implemented. serviceName: android.hardware.radio.voice.IRadioVoice/slot2
04-15 15:09:41.141 20139 20139 E libbinder.IPCThreadState: Binder transaction failure. id: 242953641, cmd: BR_FAILED_REPLY (29201), error: -1 (Operation not permitted)
04-15 15:09:41.141 20139 20139 W libbinder.BackendUnifiedServiceManager: Thread Pool max thread count is 0. Cannot cache binder as linkToDeath cannot be implemented. serviceName: android.hardware.secure_element.ISecureElement/SIM1
04-15 15:09:41.141 20139 20139 E libbinder.IPCThreadState: Binder transaction failure. id: 242953645, cmd: BR_FAILED_REPLY (29201), error: -1 (Operation not permitted)
04-15 15:09:41.142 20139 20139 W libbinder.BackendUnifiedServiceManager: Thread Pool max thread count is 0. Cannot cache binder as linkToDeath cannot be implemented. serviceName: android.hardware.secure_element.ISecureElement/SIM2
04-15 15:09:41.142 20139 20139 E libbinder.IPCThreadState: Binder transaction failure. id: 242953649, cmd: BR_FAILED_REPLY (29201), error: -1 (Operation not permitted)
04-15 15:09:41.143 20139 20139 W libbinder.BackendUnifiedServiceManager: Thread Pool max thread count is 0. Cannot cache binder as linkToDeath cannot be implemented. serviceName: android.hardware.secure_element.ISecureElement/eSE1
04-15 15:09:41.143 20139 20139 E libbinder.IPCThreadState: Binder transaction failure. id: 242953653, cmd: BR_FAILED_REPLY (29201), error: -1 (Operation not permitted)
04-15 15:09:41.147  3789  3807 I libbinder.AidlLazyServiceRegistrar: Process has 3 (of 3 available) client(s) in use after notification android.hardware.security.keymint.IRemotelyProvisionedComponent/avf has clients: 1
04-15 15:09:41.148 20139 20139 W libbinder.BackendUnifiedServiceManager: Thread Pool max thread count is 0. Cannot cache binder as linkToDeath cannot be implemented. serviceName: android.hardware.security.keymint.IRemotelyProvisionedComponent/default
04-15 15:09:41.149 20139 20139 W libbinder.BackendUnifiedServiceManager: Thread Pool max thread count is 0. Cannot cache binder as linkToDeath cannot be implemented. serviceName: android.hardware.security.keymint.IRemotelyProvisionedComponent/strongbox
04-15 15:09:41.150 20139 20139 W libbinder.BackendUnifiedServiceManager: Thread Pool max thread count is 0. Cannot cache binder as linkToDeath cannot be implemented. serviceName: android.hardware.security.secretkeeper.ISecretkeeper/default
04-15 15:09:41.150 20139 20139 E libbinder.IPCThreadState: Binder transaction failure. id: 242953683, cmd: BR_FAILED_REPLY (29201), error: -1 (Operation not permitted)
04-15 15:09:41.153 20139 20139 W libbinder.BackendUnifiedServiceManager: Thread Pool max thread count is 0. Cannot cache binder as linkToDeath cannot be implemented. serviceName: android.hardware.sensors.ISensors/default
04-15 15:09:41.153 20139 20139 E libbinder.IPCThreadState: Binder transaction failure. id: 242953695, cmd: BR_FAILED_REPLY (29201), error: -1 (Operation not permitted)
04-15 15:09:41.154   482   482 D SurfaceFlinger: setDesiredMode 4619827677550801153 {mode={fps=60.00 Hz, modePtr={id=0, vsyncRate=60.00 Hz, peakRefreshRate=60.00 Hz}}, emitEvent=false, force=false}
04-15 15:09:41.154   482   482 D SurfaceFlinger: initiateModeChange 4619827677550801153 {mode={fps=60.00 Hz, modePtr={id=0, vsyncRate=60.00 Hz, peakRefreshRate=60.00 Hz}}, emitEvent=false, force=false}
04-15 15:09:41.154   483  3779 D hwc-pixel-display: SetActiveConfigInternal: config: 81 powermode: 1
04-15 15:09:41.154 20139 20139 W libbinder.BackendUnifiedServiceManager: Thread Pool max thread count is 0. Cannot cache binder as linkToDeath cannot be implemented. serviceName: android.hardware.soundtrigger3.ISoundTriggerHw/default
04-15 15:09:41.154 20139 20139 E libbinder.IPCThreadState: Binder transaction failure. id: 242953701, cmd: BR_FAILED_REPLY (29201), error: -1 (Operation not permitted)
04-15 15:09:41.155 20139 20139 W libbinder.BackendUnifiedServiceManager: Thread Pool max thread count is 0. Cannot cache binder as linkToDeath cannot be implemented. serviceName: android.hardware.thermal.IThermal/default
04-15 15:09:41.155 20139 20139 E libbinder.IPCThreadState: Binder transaction failure. id: 242953706, cmd: BR_FAILED_REPLY (29201), error: -1 (Operation not permitted)
04-15 15:09:41.155 20139 20139 W libbinder.BackendUnifiedServiceManager: Thread Pool max thread count is 0. Cannot cache binder as linkToDeath cannot be implemented. serviceName: android.hardware.threadnetwork.IThreadChip/chip0
04-15 15:09:41.155 20139 20139 E libbinder.IPCThreadState: Binder transaction failure. id: 242953710, cmd: BR_FAILED_REPLY (29201), error: -1 (Operation not permitted)
04-15 15:09:41.155  1588  1776 I DisplayDeviceRepository: Display device changed render timings: "Outer Display", renderFrameRate=60.000004, presentationDeadlineNanos=11500000, appVsyncOffsetNanos=6233332, frameRateOverrides=[]
04-15 15:09:41.155 20139 20139 W libbinder.BackendUnifiedServiceManager: Thread Pool max thread count is 0. Cannot cache binder as linkToDeath cannot be implemented. serviceName: android.hardware.usb.IUsb/default
04-15 15:09:41.155 20139 20139 E libbinder.IPCThreadState: Binder transaction failure. id: 242953715, cmd: BR_FAILED_REPLY (29201), error: -1 (Operation not permitted)
04-15 15:09:41.156 20139 20139 W libbinder.BackendUnifiedServiceManager: Thread Pool max thread count is 0. Cannot cache binder as linkToDeath cannot be implemented. serviceName: android.hardware.usb.gadget.IUsbGadget/default
04-15 15:09:41.156 20139 20139 E libbinder.IPCThreadState: Binder transaction failure. id: 242953719, cmd: BR_FAILED_REPLY (29201), error: -1 (Operation not permitted)
04-15 15:09:41.156  1588  1774 D WindowManager: DeferredDisplayUpdater: partially applying DisplayInfo(1080 x 2364) immediately
04-15 15:09:41.157  1008 15135 D DeviceHalAidl: [default] setParameters: parameters: "screen_state=on"
04-15 15:09:41.157 20139 20139 W libbinder.BackendUnifiedServiceManager: Thread Pool max thread count is 0. Cannot cache binder as linkToDeath cannot be implemented. serviceName: android.hardware.uwb.IUwb/default
04-15 15:09:41.157 20139 20139 E libbinder.IPCThreadState: Binder transaction failure. id: 242953736, cmd: BR_FAILED_REPLY (29201), error: -1 (Operation not permitted)
04-15 15:09:41.157   912  2422 D ASvc::Module: updateScreenState: 1
04-15 15:09:41.158 20139 20139 W libbinder.BackendUnifiedServiceManager: Thread Pool max thread count is 0. Cannot cache binder as linkToDeath cannot be implemented. serviceName: android.hardware.vibrator.IVibrator/default
04-15 15:09:41.158 20139 20139 E libbinder.IPCThreadState: Binder transaction failure. id: 242953746, cmd: BR_FAILED_REPLY (29201), error: -1 (Operation not permitted)
04-15 15:09:41.158  1008 15135 D DeviceHalAidl: [r_submix] setParameters: parameters: "screen_state=on"
04-15 15:09:41.158 20139 20139 W libbinder.BackendUnifiedServiceManager: Thread Pool max thread count is 0. Cannot cache binder as linkToDeath cannot be implemented. serviceName: android.hardware.weaver.IWeaver/default
04-15 15:09:41.158 20139 20139 E libbinder.IPCThreadState: Binder transaction failure. id: 242953753, cmd: BR_FAILED_REPLY (29201), error: -1 (Operation not permitted)
04-15 15:09:41.158   912  2422 D AHAL_Module: updateScreenState: r_submix: 1
04-15 15:09:41.158  1008 15135 D DeviceHalAidl: [bluetooth] setParameters: parameters: "screen_state=on"
04-15 15:09:41.158 20139 20139 W libbinder.BackendUnifiedServiceManager: Thread Pool max thread count is 0. Cannot cache binder as linkToDeath cannot be implemented. serviceName: android.hardware.wifi.IWifi/default
04-15 15:09:41.159 20139 20139 E libbinder.IPCThreadState: Binder transaction failure. id: 242953763, cmd: BR_FAILED_REPLY (29201), error: -1 (Operation not permitted)
04-15 15:09:41.159   912  1887 D AHAL_Module: updateScreenState: bluetooth: 1
04-15 15:09:41.159 20139 20139 W libbinder.BackendUnifiedServiceManager: Thread Pool max thread count is 0. Cannot cache binder as linkToDeath cannot be implemented. serviceName: android.hardware.wifi.supplicant.ISupplicant/default
04-15 15:09:41.159 20139 20139 E libbinder.IPCThreadState: Binder transaction failure. id: 242953769, cmd: BR_FAILED_REPLY (29201), error: -1 (Operation not permitted)
04-15 15:09:41.160 20139 20139 W libbinder.BackendUnifiedServiceManager: Thread Pool max thread count is 0. Cannot cache binder as linkToDeath cannot be implemented. serviceName: android.media.audio.IHalAdapterVendorExtension/default
04-15 15:09:41.160 20139 20139 W libbinder.BackendUnifiedServiceManager: Thread Pool max thread count is 0. Cannot cache binder as linkToDeath cannot be implemented. serviceName: android.os.UpdateEngineService
04-15 15:09:41.160 20139 20139 E libbinder.IPCThreadState: Binder transaction failure. id: 242953786, cmd: BR_FAILED_REPLY (29201), error: -1 (Operation not permitted)
04-15 15:09:41.160 20139 20139 W libbinder.BackendUnifiedServiceManager: Thread Pool max thread count is 0. Cannot cache binder as linkToDeath cannot be implemented. serviceName: android.os.UpdateEngineStableService
04-15 15:09:41.160 20139 20139 E libbinder.IPCThreadState: Binder transaction failure. id: 242953791, cmd: BR_FAILED_REPLY (29201), error: -1 (Operation not permitted)
04-15 15:09:41.161 20139 20139 W libbinder.BackendUnifiedServiceManager: Thread Pool max thread count is 0. Cannot cache binder as linkToDeath cannot be implemented. serviceName: android.security.apc
04-15 15:09:41.162 20139 20139 W libbinder.BackendUnifiedServiceManager: Thread Pool max thread count is 0. Cannot cache binder as linkToDeath cannot be implemented. serviceName: android.security.authorization
04-15 15:09:41.162 20139 20139 W libbinder.BackendUnifiedServiceManager: Thread Pool max thread count is 0. Cannot cache binder as linkToDeath cannot be implemented. serviceName: android.security.identity
04-15 15:09:41.163 20139 20139 W libbinder.BackendUnifiedServiceManager: Thread Pool max thread count is 0. Cannot cache binder as linkToDeath cannot be implemented. serviceName: android.security.legacykeystore
04-15 15:09:41.164 20139 20139 W libbinder.BackendUnifiedServiceManager: Thread Pool max thread count is 0. Cannot cache binder as linkToDeath cannot be implemented. serviceName: android.security.maintenance
04-15 15:09:41.165 20139 20139 W libbinder.BackendUnifiedServiceManager: Thread Pool max thread count is 0. Cannot cache binder as linkToDeath cannot be implemented. serviceName: android.security.metrics
04-15 15:09:41.166 20139 20139 W libbinder.BackendUnifiedServiceManager: Thread Pool max thread count is 0. Cannot cache binder as linkToDeath cannot be implemented. serviceName: android.system.keystore2.IKeystoreService/default
04-15 15:09:41.167 20139 20139 W libbinder.BackendUnifiedServiceManager: Thread Pool max thread count is 0. Cannot cache binder as linkToDeath cannot be implemented. serviceName: android.system.net.netd.INetd/default
04-15 15:09:41.167 20139 20139 E libbinder.IPCThreadState: Binder transaction failure. id: 242953848, cmd: BR_FAILED_REPLY (29201), error: -1 (Operation not permitted)
04-15 15:09:41.168 20139 20139 W libbinder.BackendUnifiedServiceManager: Thread Pool max thread count is 0. Cannot cache binder as linkToDeath cannot be implemented. serviceName: android.system.suspend.ISystemSuspend/default
04-15 15:09:41.168 20139 20139 E libbinder.IPCThreadState: Binder transaction failure. id: 242953852, cmd: BR_FAILED_REPLY (29201), error: -1 (Operation not permitted)
04-15 15:09:41.169 20139 20139 W libbinder.BackendUnifiedServiceManager: Thread Pool max thread count is 0. Cannot cache binder as linkToDeath cannot be implemented. serviceName: android.system.vmtethering.IVmTethering
04-15 15:09:41.172 20139 20139 W libbinder.BackendUnifiedServiceManager: Thread Pool max thread count is 0. Cannot cache binder as linkToDeath cannot be implemented. serviceName: android.system.vold.IVold/default
04-15 15:09:41.172 20139 20139 E libbinder.IPCThreadState: Binder transaction failure. id: 242953870, cmd: BR_FAILED_REPLY (29201), error: -1 (Operation not permitted)
04-15 15:09:41.180 20139 20139 W libbinder.BackendUnifiedServiceManager: Thread Pool max thread count is 0. Cannot cache binder as linkToDeath cannot be implemented. serviceName: aocx.IAocx/default
04-15 15:09:41.180 20139 20139 E libbinder.IPCThreadState: Binder transaction failure. id: 242953885, cmd: BR_FAILED_REPLY (29201), error: -1 (Operation not permitted)
04-15 15:09:41.181 20139 20139 W libbinder.BackendUnifiedServiceManager: Thread Pool max thread count is 0. Cannot cache binder as linkToDeath cannot be implemented. serviceName: app_binding
04-15 15:09:41.181 20139 20139 E libbinder.Parcel: Reading a NULL string not supported here.
04-15 15:09:41.182 20139 20139 W libbinder.BackendUnifiedServiceManager: Thread Pool max thread count is 0. Cannot cache binder as linkToDeath cannot be implemented. serviceName: app_function
04-15 15:09:41.182 20139 20139 W libbinder.BackendUnifiedServiceManager: Thread Pool max thread count is 0. Cannot cache binder as linkToDeath cannot be implemented. serviceName: app_hibernation
04-15 15:09:41.183 20139 20139 W libbinder.BackendUnifiedServiceManager: Thread Pool max thread count is 0. Cannot cache binder as linkToDeath cannot be implemented. serviceName: app_integrity
04-15 15:09:41.184 20139 20139 W libbinder.BackendUnifiedServiceManager: Thread Pool max thread count is 0. Cannot cache binder as linkToDeath cannot be implemented. serviceName: app_prediction
04-15 15:09:41.185 20139 20139 W libbinder.BackendUnifiedServiceManager: Thread Pool max thread count is 0. Cannot cache binder as linkToDeath cannot be implemented. serviceName: app_search
04-15 15:09:41.186 20139 20139 W libbinder.BackendUnifiedServiceManager: Thread Pool max thread count is 0. Cannot cache binder as linkToDeath cannot be implemented. serviceName: appops
04-15 15:09:41.187 20139 20139 W libbinder.BackendUnifiedServiceManager: Thread Pool max thread count is 0. Cannot cache binder as linkToDeath cannot be implemented. serviceName: appwidget
04-15 15:09:41.188 20139 20139 E libbinder.IPCThreadState: Binder transaction failure. id: 242953933, cmd: BR_FAILED_REPLY (29201), error: -1 (Operation not permitted)
04-15 15:09:41.188 20139 20139 W libbinder.BackendUnifiedServiceManager: Thread Pool max thread count is 0. Cannot cache binder as linkToDeath cannot be implemented. serviceName: attention
04-15 15:09:41.188 20139 20139 E libbinder.Parcel: Reading a NULL string not supported here.
04-15 15:09:41.189 20139 20139 W libbinder.BackendUnifiedServiceManager: Thread Pool max thread count is 0. Cannot cache binder as linkToDeath cannot be implemented. serviceName: attestation_verification
04-15 15:09:41.190 20139 20139 W libbinder.BackendUnifiedServiceManager: Thread Pool max thread count is 0. Cannot cache binder as linkToDeath cannot be implemented. serviceName: audio
04-15 15:09:41.191 20139 20139 W libbinder.BackendUnifiedServiceManager: Thread Pool max thread count is 0. Cannot cache binder as linkToDeath cannot be implemented. serviceName: auth
04-15 15:09:41.192 20139 20139 W libbinder.BackendUnifiedServiceManager: Thread Pool max thread count is 0. Cannot cache binder as linkToDeath cannot be implemented. serviceName: authentication_policy
04-15 15:09:41.193 20139 20139 W libbinder.BackendUnifiedServiceManager: Thread Pool max thread count is 0. Cannot cache binder as linkToDeath cannot be implemented. serviceName: autofill
04-15 15:09:41.194 20139 20139 W libbinder.BackendUnifiedServiceManager: Thread Pool max thread count is 0. Cannot cache binder as linkToDeath cannot be implemented. serviceName: background_install_control
04-15 15:09:41.194 20139 20139 W libbinder.BackendUnifiedServiceManager: Thread Pool max thread count is 0. Cannot cache binder as linkToDeath cannot be implemented. serviceName: backup
04-15 15:09:41.196 20139 20139 W libbinder.BackendUnifiedServiceManager: Thread Pool max thread count is 0. Cannot cache binder as linkToDeath cannot be implemented. serviceName: battery
04-15 15:09:41.196 20139 20139 E libbinder.Parcel: Reading a NULL string not supported here.
04-15 15:09:41.197 20139 20139 W libbinder.BackendUnifiedServiceManager: Thread Pool max thread count is 0. Cannot cache binder as linkToDeath cannot be implemented. serviceName: batteryproperties
04-15 15:09:41.197 20139 20139 W libbinder.BackendUnifiedServiceManager: Thread Pool max thread count is 0. Cannot cache binder as linkToDeath cannot be implemented. serviceName: batterystats
04-15 15:09:41.198 20139 20139 W libbinder.BackendUnifiedServiceManager: Thread Pool max thread count is 0. Cannot cache binder as linkToDeath cannot be implemented. serviceName: binder_calls_stats
04-15 15:09:41.199 20139 20139 E libbinder.Parcel: Reading a NULL string not supported here.
04-15 15:09:41.199 20139 20139 W libbinder.BackendUnifiedServiceManager: Thread Pool max thread count is 0. Cannot cache binder as linkToDeath cannot be implemented. serviceName: binder_stats_consumer
04-15 15:09:41.200 20139 20139 W libbinder.BackendUnifiedServiceManager: Thread Pool max thread count is 0. Cannot cache binder as linkToDeath cannot be implemented. serviceName: biometric
04-15 15:09:41.201 20139 20139 W libbinder.BackendUnifiedServiceManager: Thread Pool max thread count is 0. Cannot cache binder as linkToDeath cannot be implemented. serviceName: blob_store
04-15 15:09:41.202 20139 20139 W libbinder.BackendUnifiedServiceManager: Thread Pool max thread count is 0. Cannot cache binder as linkToDeath cannot be implemented. serviceName: bluetooth_manager
04-15 15:09:41.202 20139 20139 W libbinder.BackendUnifiedServiceManager: Thread Pool max thread count is 0. Cannot cache binder as linkToDeath cannot be implemented. serviceName: bugreport
04-15 15:09:41.203 20139 20139 W libbinder.BackendUnifiedServiceManager: Thread Pool max thread count is 0. Cannot cache binder as linkToDeath cannot be implemented. serviceName: cacheinfo
04-15 15:09:41.203 20139 20139 E libbinder.Parcel: Reading a NULL string not supported here.
04-15 15:09:41.204 20139 20139 W libbinder.BackendUnifiedServiceManager: Thread Pool max thread count is 0. Cannot cache binder as linkToDeath cannot be implemented. serviceName: carrier_config
04-15 15:09:41.205 20139 20139 W libbinder.BackendUnifiedServiceManager: Thread Pool max thread count is 0. Cannot cache binder as linkToDeath cannot be implemented. serviceName: clipboard
04-15 15:09:41.206 20139 20139 W libbinder.BackendUnifiedServiceManager: Thread Pool max thread count is 0. Cannot cache binder as linkToDeath cannot be implemented. serviceName: color_display
04-15 15:09:41.208 20139 20139 W libbinder.BackendUnifiedServiceManager: Thread Pool max thread count is 0. Cannot cache binder as linkToDeath cannot be implemented. serviceName: com.google.edgetpu.IEdgeTpuAppService/default
04-15 15:09:41.209 20139 20139 W libbinder.BackendUnifiedServiceManager: Thread Pool max thread count is 0. Cannot cache binder as linkToDeath cannot be implemented. serviceName: com.google.face.debug.IDebugHost/default
04-15 15:09:41.210 20139 20139 E libbinder.IPCThreadState: Binder transaction failure. id: 242954053, cmd: BR_FAILED_REPLY (29201), error: -1 (Operation not permitted)
04-15 15:09:41.210 20139 20139 W libbinder.BackendUnifiedServiceManager: Thread Pool max thread count is 0. Cannot cache binder as linkToDeath cannot be implemented. serviceName: com.google.face.debug.IDebugManager/default
04-15 15:09:41.210 20139 20139 E libbinder.IPCThreadState: Binder transaction failure. id: 242954057, cmd: BR_FAILED_REPLY (29201), error: -1 (Operation not permitted)
04-15 15:09:41.211 20139 20139 W libbinder.BackendUnifiedServiceManager: Thread Pool max thread count is 0. Cannot cache binder as linkToDeath cannot be implemented. serviceName: com.google.hardware.pixel.display.IDisplay/default
04-15 15:09:41.211 20139 20139 E libbinder.IPCThreadState: Binder transaction failure. id: 242954062, cmd: BR_FAILED_REPLY (29201), error: -1 (Operation not permitted)
04-15 15:09:41.212 20139 20139 W libbinder.BackendUnifiedServiceManager: Thread Pool max thread count is 0. Cannot cache binder as linkToDeath cannot be implemented. serviceName: com.google.hardware.pixel.display.IDisplay/secondary
04-15 15:09:41.212 20139 20139 E libbinder.IPCThreadState: Binder transaction failure. id: 242954067, cmd: BR_FAILED_REPLY (29201), error: -1 (Operation not permitted)
04-15 15:09:41.214 20139 20139 W libbinder.BackendUnifiedServiceManager: Thread Pool max thread count is 0. Cannot cache binder as linkToDeath cannot be implemented. serviceName: com.google.input.ITouchContextService/default
04-15 15:09:41.214 20139 20139 E libbinder.IPCThreadState: Binder transaction failure. id: 242954071, cmd: BR_FAILED_REPLY (29201), error: -1 (Operation not permitted)
04-15 15:09:41.215 20139 20139 W libbinder.BackendUnifiedServiceManager: Thread Pool max thread count is 0. Cannot cache binder as linkToDeath cannot be implemented. serviceName: com.google.input.ITwoshayFileDumpService/touchflow_default
04-15 15:09:41.215 20139 20139 E libbinder.IPCThreadState: Binder transaction failure. id: 242954075, cmd: BR_FAILED_REPLY (29201), error: -1 (Operation not permitted)
04-15 15:09:41.216 20139 20139 W libbinder.BackendUnifiedServiceManager: Thread Pool max thread count is 0. Cannot cache binder as linkToDeath cannot be implemented. serviceName: com.google.input.ITwoshayFileDumpService/touchflow_outer
04-15 15:09:41.216 20139 20139 E libbinder.IPCThreadState: Binder transaction failure. id: 242954079, cmd: BR_FAILED_REPLY (29201), error: -1 (Operation not permitted)
04-15 15:09:41.217 20139 20139 W libbinder.BackendUnifiedServiceManager: Thread Pool max thread count is 0. Cannot cache binder as linkToDeath cannot be implemented. serviceName: com.google.input.ITwoshayFileDumpService/twoshay
04-15 15:09:41.218 20139 20139 E libbinder.IPCThreadState: Binder transaction failure. id: 242954083, cmd: BR_FAILED_REPLY (29201), error: -1 (Operation not permitted)
04-15 15:09:41.219 20139 20139 W libbinder.BackendUnifiedServiceManager: Thread Pool max thread count is 0. Cannot cache binder as linkToDeath cannot be implemented. serviceName: com.google.input.ITwoshayNotificationService/default
04-15 15:09:41.219 20139 20139 E libbinder.IPCThreadState: Binder transaction failure. id: 242954087, cmd: BR_FAILED_REPLY (29201), error: -1 (Operation not permitted)
04-15 15:09:41.220 20139 20139 W libbinder.BackendUnifiedServiceManager: Thread Pool max thread count is 0. Cannot cache binder as linkToDeath cannot be implemented. serviceName: com.google.input.algos.gril.IGrilAntennaTuningService/default
04-15 15:09:41.220 20139 20139 E libbinder.IPCThreadState: Binder transaction failure. id: 242954091, cmd: BR_FAILED_REPLY (29201), error: -1 (Operation not permitted)
04-15 15:09:41.221 20139 20139 W libbinder.BackendUnifiedServiceManager: Thread Pool max thread count is 0. Cannot cache binder as linkToDeath cannot be implemented. serviceName: com.google.input.algos.spd.IScreenProtectorDetectorService/default
04-15 15:09:41.221 20139 20139 E libbinder.IPCThreadState: Binder transaction failure. id: 242954095, cmd: BR_FAILED_REPLY (29201), error: -1 (Operation not permitted)
04-15 15:09:41.223 20139 20139 W libbinder.BackendUnifiedServiceManager: Thread Pool max thread count is 0. Cannot cache binder as linkToDeath cannot be implemented. serviceName: com.google.pixel.camera.services.binder.IServiceBinder/default
04-15 15:09:41.225 20139 20139 W libbinder.BackendUnifiedServiceManager: Thread Pool max thread count is 0. Cannot cache binder as linkToDeath cannot be implemented. serviceName: com.google.pixel.camera.services.cameraidremapper.ICameraIdRemapper/default
04-15 15:09:41.227 20139 20139 W libbinder.BackendUnifiedServiceManager: Thread Pool max thread count is 0. Cannot cache binder as linkToDeath cannot be implemented. serviceName: com.google.pixel.camera.services.lyricconfigprovider.ILyricConfigProvider/default
04-15 15:09:41.228 20139 20139 W libbinder.BackendUnifiedServiceManager: Thread Pool max thread count is 0. Cannot cache binder as linkToDeath cannot be implemented. serviceName: com.google.pixel.moseyservice.IMoseyService/default
04-15 15:09:41.228 20139 20139 E libbinder.IPCThreadState: Binder transaction failure. id: 242954116, cmd: BR_FAILED_REPLY (29201), error: -1 (Operation not permitted)
04-15 15:09:41.229 20139 20139 W libbinder.BackendUnifiedServiceManager: Thread Pool max thread count is 0. Cannot cache binder as linkToDeath cannot be implemented. serviceName: com.google.pixel.shared_modem_platform.ISharedModemPlatform/default
04-15 15:09:41.229 20139 20139 E libbinder.IPCThreadState: Binder transaction failure. id: 242954122, cmd: BR_FAILED_REPLY (29201), error: -1 (Operation not permitted)
04-15 15:09:41.230 20139 20139 W libbinder.BackendUnifiedServiceManager: Thread Pool max thread count is 0. Cannot cache binder as linkToDeath cannot be implemented. serviceName: companiondevice
04-15 15:09:41.231 20139 20139 W libbinder.BackendUnifiedServiceManager: Thread Pool max thread count is 0. Cannot cache binder as linkToDeath cannot be implemented. serviceName: connectivity
04-15 15:09:41.233 20139 20139 W libbinder.BackendUnifiedServiceManager: Thread Pool max thread count is 0. Cannot cache binder as linkToDeath cannot be implemented. serviceName: connectivity_native
04-15 15:09:41.234 20139 20139 W libbinder.BackendUnifiedServiceManager: Thread Pool max thread count is 0. Cannot cache binder as linkToDeath cannot be implemented. serviceName: connmetrics
04-15 15:09:41.234 20139 20139 W libbinder.BackendUnifiedServiceManager: Thread Pool max thread count is 0. Cannot cache binder as linkToDeath cannot be implemented. serviceName: content
04-15 15:09:41.236 20139 20139 W libbinder.BackendUnifiedServiceManager: Thread Pool max thread count is 0. Cannot cache binder as linkToDeath cannot be implemented. serviceName: content_capture
04-15 15:09:41.237 20139 20139 W libbinder.BackendUnifiedServiceManager: Thread Pool max thread count is 0. Cannot cache binder as linkToDeath cannot be implemented. serviceName: content_suggestions
04-15 15:09:41.238 20139 20139 W libbinder.BackendUnifiedServiceManager: Thread Pool max thread count is 0. Cannot cache binder as linkToDeath cannot be implemented. serviceName: contexthub
04-15 15:09:41.239 20139 20139 W libbinder.BackendUnifiedServiceManager: Thread Pool max thread count is 0. Cannot cache binder as linkToDeath cannot be implemented. serviceName: contextual_search
04-15 15:09:41.240 20139 20139 W libbinder.BackendUnifiedServiceManager: Thread Pool max thread count is 0. Cannot cache binder as linkToDeath cannot be implemented. serviceName: country_detector
04-15 15:09:41.241 20139 20139 W libbinder.BackendUnifiedServiceManager: Thread Pool max thread count is 0. Cannot cache binder as linkToDeath cannot be implemented. serviceName: cpuinfo
04-15 15:09:41.242 20139 20139 E libbinder.Parcel: Reading a NULL string not supported here.
04-15 15:09:41.242 20139 20139 W libbinder.BackendUnifiedServiceManager: Thread Pool max thread count is 0. Cannot cache binder as linkToDeath cannot be implemented. serviceName: credential
04-15 15:09:41.243 20139 20139 W libbinder.BackendUnifiedServiceManager: Thread Pool max thread count is 0. Cannot cache binder as linkToDeath cannot be implemented. serviceName: crossprofileapps
04-15 15:09:41.244 20139 20139 W libbinder.BackendUnifiedServiceManager: Thread Pool max thread count is 0. Cannot cache binder as linkToDeath cannot be implemented. serviceName: dataloader_manager
04-15 15:09:41.245 20139 20139 W libbinder.BackendUnifiedServiceManager: Thread Pool max thread count is 0. Cannot cache binder as linkToDeath cannot be implemented. serviceName: dbinfo
04-15 15:09:41.245 20139 20139 E libbinder.Parcel: Reading a NULL string not supported here.
04-15 15:09:41.246 20139 20139 W libbinder.BackendUnifiedServiceManager: Thread Pool max thread count is 0. Cannot cache binder as linkToDeath cannot be implemented. serviceName: device_config
04-15 15:09:41.247 20139 20139 E libbinder.Parcel: Reading a NULL string not supported here.
04-15 15:09:41.247 20139 20139 W libbinder.BackendUnifiedServiceManager: Thread Pool max thread count is 0. Cannot cache binder as linkToDeath cannot be implemented. serviceName: device_identifiers
04-15 15:09:41.249 20139 20139 W libbinder.BackendUnifiedServiceManager: Thread Pool max thread count is 0. Cannot cache binder as linkToDeath cannot be implemented. serviceName: device_lock
04-15 15:09:41.250 20139 20139 W libbinder.BackendUnifiedServiceManager: Thread Pool max thread count is 0. Cannot cache binder as linkToDeath cannot be implemented. serviceName: device_policy
04-15 15:09:41.250 20139 20139 W libbinder.BackendUnifiedServiceManager: Thread Pool max thread count is 0. Cannot cache binder as linkToDeath cannot be implemented. serviceName: device_state
04-15 15:09:41.251 20139 20139 W libbinder.BackendUnifiedServiceManager: Thread Pool max thread count is 0. Cannot cache binder as linkToDeath cannot be implemented. serviceName: deviceidle
04-15 15:09:41.252 20139 20139 W libbinder.BackendUnifiedServiceManager: Thread Pool max thread count is 0. Cannot cache binder as linkToDeath cannot be implemented. serviceName: devicestoragemonitor
04-15 15:09:41.253 20139 20139 E libbinder.Parcel: Reading a NULL string not supported here.
04-15 15:09:41.253 20139 20139 W libbinder.BackendUnifiedServiceManager: Thread Pool max thread count is 0. Cannot cache binder as linkToDeath cannot be implemented. serviceName: diskstats
