04-15 15:08:05.516  9087  9566 W GmsStrictMode: 	at java.lang.reflect.Method.invoke(Native Method)
04-15 15:08:05.516  9087  9566 W GmsStrictMode: 	at com.android.internal.os.RuntimeInit$MethodAndArgsCaller.run(RuntimeInit.java:566)
04-15 15:08:05.516  9087  9566 W GmsStrictMode: 	at com.android.internal.os.ZygoteInit.main(ZygoteInit.java:929)
04-15 15:08:05.517  1588  2446 D BackupTransportManager: [UserID:0] Transport com.google.android.gms/.backup.BackupTransportService updated its attributes
04-15 15:08:05.519  9087  9566 W GmsStrictMode: DISK_READ [CONTEXT service_id=256 ]
04-15 15:08:05.519  9087  9566 W GmsStrictMode: gztt: 
04-15 15:08:05.519  9087  9566 W GmsStrictMode: Caused by: android.os.strictmode.DiskReadViolation
04-15 15:08:05.519  9087  9566 W GmsStrictMode: 	at android.os.StrictMode$AndroidBlockGuardPolicy.onReadFromDisk(StrictMode.java:1836)
04-15 15:08:05.519  9087  9566 W GmsStrictMode: 	at libcore.io.BlockGuardOs.access(BlockGuardOs.java:74)
04-15 15:08:05.519  9087  9566 W GmsStrictMode: 	at libcore.io.ForwardingOs.access(ForwardingOs.java:129)
04-15 15:08:05.519  9087  9566 W GmsStrictMode: 	at android.app.AndroidForwardingOs.access(AndroidForwardingOs.java:111)
04-15 15:08:05.519  9087  9566 W GmsStrictMode: 	at java.io.UnixFileSystem.checkAccess(UnixFileSystem.java:337)
04-15 15:08:05.519  9087  9566 W GmsStrictMode: 	at java.io.File.exists(File.java:829)
04-15 15:08:05.519  9087  9566 W GmsStrictMode: 	at android.app.ContextImpl.ensurePrivateDirExists(ContextImpl.java:862)
04-15 15:08:05.519  9087  9566 W GmsStrictMode: 	at android.app.ContextImpl.ensurePrivateDirExists(ContextImpl.java:851)
04-15 15:08:05.519  9087  9566 W GmsStrictMode: 	at android.app.ContextImpl.getPreferencesDir(ContextImpl.java:803)
04-15 15:08:05.519  9087  9566 W GmsStrictMode: 	at android.app.ContextImpl.getSharedPreferencesPath(ContextImpl.java:1040)
04-15 15:08:05.519  9087  9566 W GmsStrictMode: 	at android.app.ContextImpl.getSharedPreferences(ContextImpl.java:635)
04-15 15:08:05.519  9087  9566 W GmsStrictMode: 	at android.content.ContextWrapper.getSharedPreferences(ContextWrapper.java:223)
04-15 15:08:05.519  9087  9566 W GmsStrictMode: 	at android.content.ContextWrapper.getSharedPreferences(ContextWrapper.java:223)
04-15 15:08:05.519  9087  9566 W GmsStrictMode: 	at cogf.a(:com.google.android.gms@261332035@26.13.32 (260400-895912391):67)
04-15 15:08:05.519  9087  9566 W GmsStrictMode: 	at camp.getSharedPreferences(:com.google.android.gms@261332035@26.13.32 (260400-895912391):5)
04-15 15:08:05.519  9087  9566 W GmsStrictMode: 	at android.content.ContextWrapper.getSharedPreferences(ContextWrapper.java:223)
04-15 15:08:05.519  9087  9566 W GmsStrictMode: 	at azlu.a(:com.google.android.gms@261332035@26.13.32 (260400-895912391):6)
04-15 15:08:05.519  9087  9566 W GmsStrictMode: 	at com.google.android.gms.backup.transport.BackupTransportChimeraService.onCreate(:com.google.android.gms@261332035@26.13.32 (260400-895912391):164)
04-15 15:08:05.519  9087  9566 W GmsStrictMode: 	at aawb.onCreate(:com.google.android.gms@261332035@26.13.32 (260400-895912391):18)
04-15 15:08:05.519  9087  9566 W GmsStrictMode: 	at bcko.onCreate(:com.google.android.gms@261332035@26.13.32 (260400-895912391):19)
04-15 15:08:05.519  9087  9566 W GmsStrictMode: 	at android.app.ActivityThread.handleCreateService(ActivityThread.java:5579)
04-15 15:08:05.519  9087  9566 W GmsStrictMode: 	at android.app.ActivityThread.-$$Nest$mhandleCreateService(Unknown Source:0)
04-15 15:08:05.519  9087  9566 W GmsStrictMode: 	at android.app.ActivityThread$H.handleMessage(ActivityThread.java:2759)
04-15 15:08:05.519  9087  9566 W GmsStrictMode: 	at android.os.Handler.dispatchMessageImpl(Handler.java:142)
04-15 15:08:05.519  9087  9566 W GmsStrictMode: 	at android.os.Handler.dispatchMessage(Handler.java:125)
04-15 15:08:05.519  9087  9566 W GmsStrictMode: 	at android.os.Looper.loopOnce(Looper.java:269)
04-15 15:08:05.519  9087  9566 W GmsStrictMode: 	at android.os.Looper.loop(Looper.java:367)
04-15 15:08:05.519  9087  9566 W GmsStrictMode: 	at android.app.ActivityThread.main(ActivityThread.java:9333)
04-15 15:08:05.519  9087  9566 W GmsStrictMode: 	at java.lang.reflect.Method.invoke(Native Method)
04-15 15:08:05.519  9087  9566 W GmsStrictMode: 	at com.android.internal.os.RuntimeInit$MethodAndArgsCaller.run(RuntimeInit.java:566)
04-15 15:08:05.519  9087  9566 W GmsStrictMode: 	at com.android.internal.os.ZygoteInit.main(ZygoteInit.java:929)
04-15 15:08:05.522  9087  9566 W GmsStrictMode: DISK_READ [CONTEXT service_id=256 ]
04-15 15:08:05.522  9087  9566 W GmsStrictMode: gztt: 
04-15 15:08:05.522  9087  9566 W GmsStrictMode: Caused by: android.os.strictmode.DiskReadViolation
04-15 15:08:05.522  9087  9566 W GmsStrictMode: 	at android.os.StrictMode$AndroidBlockGuardPolicy.onReadFromDisk(StrictMode.java:1836)
04-15 15:08:05.522  9087  9566 W GmsStrictMode: 	at libcore.io.BlockGuardOs.access(BlockGuardOs.java:74)
04-15 15:08:05.522  9087  9566 W GmsStrictMode: 	at libcore.io.ForwardingOs.access(ForwardingOs.java:129)
04-15 15:08:05.522  9087  9566 W GmsStrictMode: 	at android.app.AndroidForwardingOs.access(AndroidForwardingOs.java:111)
04-15 15:08:05.522  9087  9566 W GmsStrictMode: 	at java.io.UnixFileSystem.checkAccess(UnixFileSystem.java:337)
04-15 15:08:05.522  9087  9566 W GmsStrictMode: 	at java.io.File.exists(File.java:829)
04-15 15:08:05.522  9087  9566 W GmsStrictMode: 	at android.app.ContextImpl.ensurePrivateDirExists(ContextImpl.java:862)
04-15 15:08:05.522  9087  9566 W GmsStrictMode: 	at android.app.ContextImpl.ensurePrivateDirExists(ContextImpl.java:851)
04-15 15:08:05.522  9087  9566 W GmsStrictMode: 	at android.app.ContextImpl.getPreferencesDir(ContextImpl.java:803)
04-15 15:08:05.522  9087  9566 W GmsStrictMode: 	at android.app.ContextImpl.getSharedPreferencesPath(ContextImpl.java:1040)
04-15 15:08:05.522  9087  9566 W GmsStrictMode: 	at android.app.ContextImpl.getSharedPreferences(ContextImpl.java:635)
04-15 15:08:05.522  9087  9566 W GmsStrictMode: 	at android.content.ContextWrapper.getSharedPreferences(ContextWrapper.java:223)
04-15 15:08:05.522  9087  9566 W GmsStrictMode: 	at android.content.ContextWrapper.getSharedPreferences(ContextWrapper.java:223)
04-15 15:08:05.522  9087  9566 W GmsStrictMode: 	at cogf.a(:com.google.android.gms@261332035@26.13.32 (260400-895912391):67)
04-15 15:08:05.522  9087  9566 W GmsStrictMode: 	at camp.getSharedPreferences(:com.google.android.gms@261332035@26.13.32 (260400-895912391):5)
04-15 15:08:05.522  9087  9566 W GmsStrictMode: 	at android.content.ContextWrapper.getSharedPreferences(ContextWrapper.java:223)
04-15 15:08:05.522  9087  9566 W GmsStrictMode: 	at com.google.android.gms.backup.transport.BackupTransportChimeraService.onCreate(:com.google.android.gms@261332035@26.13.32 (260400-895912391):175)
04-15 15:08:05.522  9087  9566 W GmsStrictMode: 	at aawb.onCreate(:com.google.android.gms@261332035@26.13.32 (260400-895912391):18)
04-15 15:08:05.522  9087  9566 W GmsStrictMode: 	at bcko.onCreate(:com.google.android.gms@261332035@26.13.32 (260400-895912391):19)
04-15 15:08:05.522  9087  9566 W GmsStrictMode: 	at android.app.ActivityThread.handleCreateService(ActivityThread.java:5579)
04-15 15:08:05.522  9087  9566 W GmsStrictMode: 	at android.app.ActivityThread.-$$Nest$mhandleCreateService(Unknown Source:0)
04-15 15:08:05.522  9087  9566 W GmsStrictMode: 	at android.app.ActivityThread$H.handleMessage(ActivityThread.java:2759)
04-15 15:08:05.522  9087  9566 W GmsStrictMode: 	at android.os.Handler.dispatchMessageImpl(Handler.java:142)
04-15 15:08:05.522  9087  9566 W GmsStrictMode: 	at android.os.Handler.dispatchMessage(Handler.java:125)
04-15 15:08:05.522  9087  9566 W GmsStrictMode: 	at android.os.Looper.loopOnce(Looper.java:269)
04-15 15:08:05.522  9087  9566 W GmsStrictMode: 	at android.os.Looper.loop(Looper.java:367)
04-15 15:08:05.522  9087  9566 W GmsStrictMode: 	at android.app.ActivityThread.main(ActivityThread.java:9333)
04-15 15:08:05.522  9087  9566 W GmsStrictMode: 	at java.lang.reflect.Method.invoke(Native Method)
04-15 15:08:05.522  9087  9566 W GmsStrictMode: 	at com.android.internal.os.RuntimeInit$MethodAndArgsCaller.run(RuntimeInit.java:566)
04-15 15:08:05.522  9087  9566 W GmsStrictMode: 	at com.android.internal.os.ZygoteInit.main(ZygoteInit.java:929)
04-15 15:08:05.524  9087  9566 W GmsStrictMode: DISK_READ [CONTEXT service_id=256 ]
04-15 15:08:05.524  9087  9566 W GmsStrictMode: gztt: 
04-15 15:08:05.524  9087  9566 W GmsStrictMode: Caused by: android.os.strictmode.DiskReadViolation
04-15 15:08:05.524  9087  9566 W GmsStrictMode: 	at android.os.StrictMode$AndroidBlockGuardPolicy.onReadFromDisk(StrictMode.java:1836)
04-15 15:08:05.524  9087  9566 W GmsStrictMode: 	at libcore.io.BlockGuardOs.access(BlockGuardOs.java:74)
04-15 15:08:05.524  9087  9566 W GmsStrictMode: 	at libcore.io.ForwardingOs.access(ForwardingOs.java:129)
04-15 15:08:05.524  9087  9566 W GmsStrictMode: 	at android.app.AndroidForwardingOs.access(AndroidForwardingOs.java:111)
04-15 15:08:05.524  9087  9566 W GmsStrictMode: 	at java.io.UnixFileSystem.checkAccess(UnixFileSystem.java:337)
04-15 15:08:05.524  9087  9566 W GmsStrictMode: 	at java.io.File.exists(File.java:829)
04-15 15:08:05.524  9087  9566 W GmsStrictMode: 	at android.app.ContextImpl.getDataDir(ContextImpl.java:3493)
04-15 15:08:05.524  9087  9566 W GmsStrictMode: 	at android.app.ContextImpl.getFilesDir(ContextImpl.java:897)
04-15 15:08:05.524  9087  9566 W GmsStrictMode: 	at android.content.ContextWrapper.getFilesDir(ContextWrapper.java:288)
04-15 15:08:05.524  9087  9566 W GmsStrictMode: 	at android.content.ContextWrapper.getFilesDir(ContextWrapper.java:288)
04-15 15:08:05.524  9087  9566 W GmsStrictMode: 	at android.content.ContextWrapper.getFilesDir(ContextWrapper.java:288)
04-15 15:08:05.524  9087  9566 W GmsStrictMode: 	at android.content.ContextWrapper.getFilesDir(ContextWrapper.java:288)
04-15 15:08:05.524  9087  9566 W GmsStrictMode: 	at avvs.c(:com.google.android.gms@261332035@26.13.32 (260400-895912391):11)
04-15 15:08:05.524  9087  9566 W GmsStrictMode: 	at avvs.d(:com.google.android.gms@261332035@26.13.32 (260400-895912391):3)
04-15 15:08:05.524  9087  9566 W GmsStrictMode: 	at avvs.b(:com.google.android.gms@261332035@26.13.32 (260400-895912391):11)
04-15 15:08:05.524  9087  9566 W GmsStrictMode: 	at avvj.c(:com.google.android.gms@261332035@26.13.32 (260400-895912391):6)
04-15 15:08:05.524  9087  9566 W GmsStrictMode: 	at avvj.<init>(:com.google.android.gms@261332035@26.13.32 (260400-895912391):6)
04-15 15:08:05.524  9087  9566 W GmsStrictMode: 	at azak.<init>(:com.google.android.gms@261332035@26.13.32 (260400-895912391):6)
04-15 15:08:05.524  9087  9566 W GmsStrictMode: 	at com.google.android.gms.backup.transport.BackupTransportChimeraService.onCreate(:com.google.android.gms@261332035@26.13.32 (260400-895912391):345)
04-15 15:08:05.524  9087  9566 W GmsStrictMode: 	at aawb.onCreate(:com.google.android.gms@261332035@26.13.32 (260400-895912391):18)
04-15 15:08:05.524  9087  9566 W GmsStrictMode: 	at bcko.onCreate(:com.google.android.gms@261332035@26.13.32 (260400-895912391):19)
04-15 15:08:05.524  9087  9566 W GmsStrictMode: 	at android.app.ActivityThread.handleCreateService(ActivityThread.java:5579)
04-15 15:08:05.524  9087  9566 W GmsStrictMode: 	at android.app.ActivityThread.-$$Nest$mhandleCreateService(Unknown Source:0)
04-15 15:08:05.524  9087  9566 W GmsStrictMode: 	at android.app.ActivityThread$H.handleMessage(ActivityThread.java:2759)
04-15 15:08:05.524  9087  9566 W GmsStrictMode: 	at android.os.Handler.dispatchMessageImpl(Handler.java:142)
04-15 15:08:05.524  9087  9566 W GmsStrictMode: 	at android.os.Handler.dispatchMessage(Handler.java:125)
04-15 15:08:05.524  9087  9566 W GmsStrictMode: 	at android.os.Looper.loopOnce(Looper.java:269)
04-15 15:08:05.524  9087  9566 W GmsStrictMode: 	at android.os.Looper.loop(Looper.java:367)
04-15 15:08:05.524  9087  9566 W GmsStrictMode: 	at android.app.ActivityThread.main(ActivityThread.java:9333)
04-15 15:08:05.524  9087  9566 W GmsStrictMode: 	at java.lang.reflect.Method.invoke(Native Method)
04-15 15:08:05.524  9087  9566 W GmsStrictMode: 	at com.android.internal.os.RuntimeInit$MethodAndArgsCaller.run(RuntimeInit.java:566)
04-15 15:08:05.524  9087  9566 W GmsStrictMode: 	at com.android.internal.os.ZygoteInit.main(ZygoteInit.java:929)
04-15 15:08:05.525  9087  9137 I AndroidBackupEventsLogg: (REDACTED) Logging without sampling %s
04-15 15:08:05.526  9087  9566 W GmsStrictMode: DISK_READ [CONTEXT service_id=256 ]
04-15 15:08:05.526  9087  9566 W GmsStrictMode: gztt: 
04-15 15:08:05.526  9087  9566 W GmsStrictMode: Caused by: android.os.strictmode.DiskReadViolation
04-15 15:08:05.526  9087  9566 W GmsStrictMode: 	at android.os.StrictMode$AndroidBlockGuardPolicy.onReadFromDisk(StrictMode.java:1836)
04-15 15:08:05.526  9087  9566 W GmsStrictMode: 	at libcore.io.BlockGuardOs.access(BlockGuardOs.java:74)
04-15 15:08:05.526  9087  9566 W GmsStrictMode: 	at libcore.io.ForwardingOs.access(ForwardingOs.java:129)
04-15 15:08:05.526  9087  9566 W GmsStrictMode: 	at android.app.AndroidForwardingOs.access(AndroidForwardingOs.java:111)
04-15 15:08:05.526  9087  9566 W GmsStrictMode: 	at java.io.UnixFileSystem.checkAccess(UnixFileSystem.java:337)
04-15 15:08:05.526  9087  9566 W GmsStrictMode: 	at java.io.File.exists(File.java:829)
04-15 15:08:05.526  9087  9566 W GmsStrictMode: 	at android.app.ContextImpl.ensurePrivateDirExists(ContextImpl.java:862)
04-15 15:08:05.526  9087  9566 W GmsStrictMode: 	at android.app.ContextImpl.ensurePrivateDirExists(ContextImpl.java:851)
04-15 15:08:05.526  9087  9566 W GmsStrictMode: 	at android.app.ContextImpl.getFilesDir(ContextImpl.java:899)
04-15 15:08:05.526  9087  9566 W GmsStrictMode: 	at android.content.ContextWrapper.getFilesDir(ContextWrapper.java:288)
04-15 15:08:05.526  9087  9566 W GmsStrictMode: 	at android.content.ContextWrapper.getFilesDir(ContextWrapper.java:288)
04-15 15:08:05.526  9087  9566 W GmsStrictMode: 	at android.content.ContextWrapper.getFilesDir(ContextWrapper.java:288)
04-15 15:08:05.526  9087  9566 W GmsStrictMode: 	at android.content.ContextWrapper.getFilesDir(ContextWrapper.java:288)
04-15 15:08:05.526  9087  9566 W GmsStrictMode: 	at avvs.c(:com.google.android.gms@261332035@26.13.32 (260400-895912391):11)
04-15 15:08:05.526  9087  9566 W GmsStrictMode: 	at avvs.d(:com.google.android.gms@261332035@26.13.32 (260400-895912391):3)
04-15 15:08:05.526  9087  9566 W GmsStrictMode: 	at avvs.b(:com.google.android.gms@261332035@26.13.32 (260400-895912391):11)
04-15 15:08:05.526  9087  9566 W GmsStrictMode: 	at avvj.c(:com.google.android.gms@261332035@26.13.32 (260400-895912391):6)
04-15 15:08:05.526  9087  9566 W GmsStrictMode: 	at avvj.<init>(:com.google.android.gms@261332035@26.13.32 (260400-895912391):6)
04-15 15:08:05.526  9087  9566 W GmsStrictMode: 	at azak.<init>(:com.google.android.gms@261332035@26.13.32 (260400-895912391):6)
04-15 15:08:05.526  9087  9566 W GmsStrictMode: 	at com.google.android.gms.backup.transport.BackupTransportChimeraService.onCreate(:com.google.android.gms@261332035@26.13.32 (260400-895912391):345)
04-15 15:08:05.526  9087  9566 W GmsStrictMode: 	at aawb.onCreate(:com.google.android.gms@261332035@26.13.32 (260400-895912391):18)
04-15 15:08:05.526  9087  9566 W GmsStrictMode: 	at bcko.onCreate(:com.google.android.gms@261332035@26.13.32 (260400-895912391):19)
04-15 15:08:05.526  9087  9566 W GmsStrictMode: 	at android.app.ActivityThread.handleCreateService(ActivityThread.java:5579)
04-15 15:08:05.526  9087  9566 W GmsStrictMode: 	at android.app.ActivityThread.-$$Nest$mhandleCreateService(Unknown Source:0)
04-15 15:08:05.526  9087  9566 W GmsStrictMode: 	at android.app.ActivityThread$H.handleMessage(ActivityThread.java:2759)
04-15 15:08:05.526  9087  9566 W GmsStrictMode: 	at android.os.Handler.dispatchMessageImpl(Handler.java:142)
04-15 15:08:05.526  9087  9566 W GmsStrictMode: 	at android.os.Handler.dispatchMessage(Handler.java:125)
04-15 15:08:05.526  9087  9566 W GmsStrictMode: 	at android.os.Looper.loopOnce(Looper.java:269)
04-15 15:08:05.526  9087  9566 W GmsStrictMode: 	at android.os.Looper.loop(Looper.java:367)
04-15 15:08:05.526  9087  9566 W GmsStrictMode: 	at android.app.ActivityThread.main(ActivityThread.java:9333)
04-15 15:08:05.526  9087  9566 W GmsStrictMode: 	at java.lang.reflect.Method.invoke(Native Method)
04-15 15:08:05.526  9087  9566 W GmsStrictMode: 	at com.android.internal.os.RuntimeInit$MethodAndArgsCaller.run(RuntimeInit.java:566)
04-15 15:08:05.526  9087  9566 W GmsStrictMode: 	at com.android.internal.os.ZygoteInit.main(ZygoteInit.java:929)
04-15 15:08:05.528  9087  9139 I AndroidBackupEventsLogg: (REDACTED) Logging without sampling %s
04-15 15:08:05.529  9087  9566 W GmsStrictMode: DISK_READ [CONTEXT service_id=256 ]
04-15 15:08:05.529  9087  9566 W GmsStrictMode: gztt: 
04-15 15:08:05.529  9087  9566 W GmsStrictMode: Caused by: android.os.strictmode.DiskReadViolation
04-15 15:08:05.529  9087  9566 W GmsStrictMode: 	at android.os.StrictMode$AndroidBlockGuardPolicy.onReadFromDisk(StrictMode.java:1836)
04-15 15:08:05.529  9087  9566 W GmsStrictMode: 	at java.io.UnixFileSystem.getBooleanAttributes(UnixFileSystem.java:306)
04-15 15:08:05.529  9087  9566 W GmsStrictMode: 	at java.io.File.isDirectory(File.java:859)
04-15 15:08:05.529  9087  9566 W GmsStrictMode: 	at avvs.c(:com.google.android.gms@261332035@26.13.32 (260400-895912391):32)
04-15 15:08:05.529  9087  9566 W GmsStrictMode: 	at avvs.d(:com.google.android.gms@261332035@26.13.32 (260400-895912391):3)
04-15 15:08:05.529  9087  9566 W GmsStrictMode: 	at avvs.b(:com.google.android.gms@261332035@26.13.32 (260400-895912391):11)
04-15 15:08:05.529  9087  9566 W GmsStrictMode: 	at avvj.c(:com.google.android.gms@261332035@26.13.32 (260400-895912391):6)
04-15 15:08:05.529  9087  9566 W GmsStrictMode: 	at avvj.<init>(:com.google.android.gms@261332035@26.13.32 (260400-895912391):6)
04-15 15:08:05.529  9087  9566 W GmsStrictMode: 	at azak.<init>(:com.google.android.gms@261332035@26.13.32 (260400-895912391):6)
04-15 15:08:05.529  9087  9566 W GmsStrictMode: 	at com.google.android.gms.backup.transport.BackupTransportChimeraService.onCreate(:com.google.android.gms@261332035@26.13.32 (260400-895912391):345)
04-15 15:08:05.529  9087  9566 W GmsStrictMode: 	at aawb.onCreate(:com.google.android.gms@261332035@26.13.32 (260400-895912391):18)
04-15 15:08:05.529  9087  9566 W GmsStrictMode: 	at bcko.onCreate(:com.google.android.gms@261332035@26.13.32 (260400-895912391):19)
04-15 15:08:05.529  9087  9566 W GmsStrictMode: 	at android.app.ActivityThread.handleCreateService(ActivityThread.java:5579)
04-15 15:08:05.529  9087  9566 W GmsStrictMode: 	at android.app.ActivityThread.-$$Nest$mhandleCreateService(Unknown Source:0)
04-15 15:08:05.529  9087  9566 W GmsStrictMode: 	at android.app.ActivityThread$H.handleMessage(ActivityThread.java:2759)
04-15 15:08:05.529  9087  9566 W GmsStrictMode: 	at android.os.Handler.dispatchMessageImpl(Handler.java:142)
04-15 15:08:05.529  9087  9566 W GmsStrictMode: 	at android.os.Handler.dispatchMessage(Handler.java:125)
04-15 15:08:05.529  9087  9566 W GmsStrictMode: 	at android.os.Looper.loopOnce(Looper.java:269)
04-15 15:08:05.529  9087  9566 W GmsStrictMode: 	at android.os.Looper.loop(Looper.java:367)
04-15 15:08:05.529  9087  9566 W GmsStrictMode: 	at android.app.ActivityThread.main(ActivityThread.java:9333)
04-15 15:08:05.529  9087  9566 W GmsStrictMode: 	at java.lang.reflect.Method.invoke(Native Method)
04-15 15:08:05.529  9087  9566 W GmsStrictMode: 	at com.android.internal.os.RuntimeInit$MethodAndArgsCaller.run(RuntimeInit.java:566)
04-15 15:08:05.529  9087  9566 W GmsStrictMode: 	at com.android.internal.os.ZygoteInit.main(ZygoteInit.java:929)
04-15 15:08:05.532  9087  9566 W GmsStrictMode: DISK_READ [CONTEXT service_id=256 ]
04-15 15:08:05.532  9087  9566 W GmsStrictMode: gztt: 
04-15 15:08:05.532  9087  9566 W GmsStrictMode: Caused by: android.os.strictmode.DiskReadViolation
04-15 15:08:05.532  9087  9566 W GmsStrictMode: 	at android.os.StrictMode$AndroidBlockGuardPolicy.onReadFromDisk(StrictMode.java:1836)
04-15 15:08:05.532  9087  9566 W GmsStrictMode: 	at libcore.io.BlockGuardOs.access(BlockGuardOs.java:74)
04-15 15:08:05.532  9087  9566 W GmsStrictMode: 	at libcore.io.ForwardingOs.access(ForwardingOs.java:129)
04-15 15:08:05.532  9087  9566 W GmsStrictMode: 	at android.app.AndroidForwardingOs.access(AndroidForwardingOs.java:111)
04-15 15:08:05.532  9087  9566 W GmsStrictMode: 	at java.io.UnixFileSystem.checkAccess(UnixFileSystem.java:337)
04-15 15:08:05.532  9087  9566 W GmsStrictMode: 	at java.io.File.exists(File.java:829)
04-15 15:08:05.532  9087  9566 W GmsStrictMode: 	at android.app.ContextImpl.ensurePrivateDirExists(ContextImpl.java:862)
04-15 15:08:05.532  9087  9566 W GmsStrictMode: 	at android.app.ContextImpl.ensurePrivateDirExists(ContextImpl.java:851)
04-15 15:08:05.532  9087  9566 W GmsStrictMode: 	at android.app.ContextImpl.getFilesDir(ContextImpl.java:899)
04-15 15:08:05.532  9087  9566 W GmsStrictMode: 	at android.content.ContextWrapper.getFilesDir(ContextWrapper.java:288)
04-15 15:08:05.532  9087  9566 W GmsStrictMode: 	at android.content.ContextWrapper.getFilesDir(ContextWrapper.java:288)
04-15 15:08:05.532  9087  9566 W GmsStrictMode: 	at android.content.ContextWrapper.getFilesDir(ContextWrapper.java:288)
04-15 15:08:05.532  9087  9566 W GmsStrictMode: 	at android.content.ContextWrapper.getFilesDir(ContextWrapper.java:288)
04-15 15:08:05.532  9087  9566 W GmsStrictMode: 	at avvj.c(:com.google.android.gms@261332035@26.13.32 (260400-895912391):22)
04-15 15:08:05.532  9087  9566 W GmsStrictMode: 	at avvj.<init>(:com.google.android.gms@261332035@26.13.32 (260400-895912391):6)
04-15 15:08:05.532  9087  9566 W GmsStrictMode: 	at azak.<init>(:com.google.android.gms@261332035@26.13.32 (260400-895912391):6)
04-15 15:08:05.532  9087  9566 W GmsStrictMode: 	at com.google.android.gms.backup.transport.BackupTransportChimeraService.onCreate(:com.google.android.gms@261332035@26.13.32 (260400-895912391):345)
04-15 15:08:05.532  9087  9566 W GmsStrictMode: 	at aawb.onCreate(:com.google.android.gms@261332035@26.13.32 (260400-895912391):18)
04-15 15:08:05.532  9087  9566 W GmsStrictMode: 	at bcko.onCreate(:com.google.android.gms@261332035@26.13.32 (260400-895912391):19)
04-15 15:08:05.532  9087  9566 W GmsStrictMode: 	at android.app.ActivityThread.handleCreateService(ActivityThread.java:5579)
04-15 15:08:05.532  9087  9566 W GmsStrictMode: 	at android.app.ActivityThread.-$$Nest$mhandleCreateService(Unknown Source:0)
04-15 15:08:05.532  9087  9566 W GmsStrictMode: 	at android.app.ActivityThread$H.handleMessage(ActivityThread.java:2759)
04-15 15:08:05.532  9087  9566 W GmsStrictMode: 	at android.os.Handler.dispatchMessageImpl(Handler.java:142)
04-15 15:08:05.532  9087  9566 W GmsStrictMode: 	at android.os.Handler.dispatchMessage(Handler.java:125)
04-15 15:08:05.532  9087  9566 W GmsStrictMode: 	at android.os.Looper.loopOnce(Looper.java:269)
04-15 15:08:05.532  9087  9566 W GmsStrictMode: 	at android.os.Looper.loop(Looper.java:367)
04-15 15:08:05.532  9087  9566 W GmsStrictMode: 	at android.app.ActivityThread.main(ActivityThread.java:9333)
04-15 15:08:05.532  9087  9566 W GmsStrictMode: 	at java.lang.reflect.Method.invoke(Native Method)
04-15 15:08:05.532  9087  9566 W GmsStrictMode: 	at com.android.internal.os.RuntimeInit$MethodAndArgsCaller.run(RuntimeInit.java:566)
04-15 15:08:05.532  9087  9566 W GmsStrictMode: 	at com.android.internal.os.ZygoteInit.main(ZygoteInit.java:929)
04-15 15:08:05.532  9087  9139 I Backup  : [GmsBackupTransport] New restore session, 1 apps
04-15 15:08:05.535  9087  9566 W GmsStrictMode: DISK_READ [CONTEXT service_id=256 ]
04-15 15:08:05.535  9087  9566 W GmsStrictMode: gztt: 
04-15 15:08:05.535  9087  9566 W GmsStrictMode: Caused by: android.os.strictmode.DiskReadViolation
04-15 15:08:05.535  9087  9566 W GmsStrictMode: 	at android.os.StrictMode$AndroidBlockGuardPolicy.onReadFromDisk(StrictMode.java:1836)
04-15 15:08:05.535  9087  9566 W GmsStrictMode: 	at libcore.io.BlockGuardOs.access(BlockGuardOs.java:74)
04-15 15:08:05.535  9087  9566 W GmsStrictMode: 	at libcore.io.ForwardingOs.access(ForwardingOs.java:129)
04-15 15:08:05.535  9087  9566 W GmsStrictMode: 	at android.app.AndroidForwardingOs.access(AndroidForwardingOs.java:111)
04-15 15:08:05.535  9087  9566 W GmsStrictMode: 	at java.io.UnixFileSystem.checkAccess(UnixFileSystem.java:337)
04-15 15:08:05.535  9087  9566 W GmsStrictMode: 	at java.io.File.exists(File.java:829)
04-15 15:08:05.535  9087  9566 W GmsStrictMode: 	at java.io.File.mkdirs(File.java:1363)
04-15 15:08:05.535  9087  9566 W GmsStrictMode: 	at avvj.c(:com.google.android.gms@261332035@26.13.32 (260400-895912391):51)
04-15 15:08:05.535  9087  9566 W GmsStrictMode: 	at avvj.<init>(:com.google.android.gms@261332035@26.13.32 (260400-895912391):6)
04-15 15:08:05.535  9087  9566 W GmsStrictMode: 	at azak.<init>(:com.google.android.gms@261332035@26.13.32 (260400-895912391):6)
04-15 15:08:05.535  9087  9566 W GmsStrictMode: 	at com.google.android.gms.backup.transport.BackupTransportChimeraService.onCreate(:com.google.android.gms@261332035@26.13.32 (260400-895912391):345)
04-15 15:08:05.535  9087  9566 W GmsStrictMode: 	at aawb.onCreate(:com.google.android.gms@261332035@26.13.32 (260400-895912391):18)
04-15 15:08:05.535  9087  9566 W GmsStrictMode: 	at bcko.onCreate(:com.google.android.gms@261332035@26.13.32 (260400-895912391):19)
04-15 15:08:05.535  9087  9566 W GmsStrictMode: 	at android.app.ActivityThread.handleCreateService(ActivityThread.java:5579)
04-15 15:08:05.535  9087  9566 W GmsStrictMode: 	at android.app.ActivityThread.-$$Nest$mhandleCreateService(Unknown Source:0)
04-15 15:08:05.535  9087  9566 W GmsStrictMode: 	at android.app.ActivityThread$H.handleMessage(ActivityThread.java:2759)
04-15 15:08:05.535  9087  9566 W GmsStrictMode: 	at android.os.Handler.dispatchMessageImpl(Handler.java:142)
04-15 15:08:05.535  9087  9566 W GmsStrictMode: 	at android.os.Handler.dispatchMessage(Handler.java:125)
04-15 15:08:05.535  9087  9566 W GmsStrictMode: 	at android.os.Looper.loopOnce(Looper.java:269)
04-15 15:08:05.535  9087  9566 W GmsStrictMode: 	at android.os.Looper.loop(Looper.java:367)
04-15 15:08:05.535  9087  9566 W GmsStrictMode: 	at android.app.ActivityThread.main(ActivityThread.java:9333)
04-15 15:08:05.535  9087  9566 W GmsStrictMode: 	at java.lang.reflect.Method.invoke(Native Method)
04-15 15:08:05.535  9087  9566 W GmsStrictMode: 	at com.android.internal.os.RuntimeInit$MethodAndArgsCaller.run(RuntimeInit.java:566)
04-15 15:08:05.535  9087  9566 W GmsStrictMode: 	at com.android.internal.os.ZygoteInit.main(ZygoteInit.java:929)
04-15 15:08:05.536  9087  9566 W GmsStrictMode: DISK_READ [CONTEXT service_id=256 ]
04-15 15:08:05.536  9087  9566 W GmsStrictMode: gztt: 
04-15 15:08:05.536  9087  9566 W GmsStrictMode: Caused by: android.os.strictmode.DiskReadViolation
04-15 15:08:05.536  9087  9566 W GmsStrictMode: 	at android.os.StrictMode$AndroidBlockGuardPolicy.onReadFromDisk(StrictMode.java:1836)
04-15 15:08:05.536  9087  9566 W GmsStrictMode: 	at libcore.io.BlockGuardOs.access(BlockGuardOs.java:74)
04-15 15:08:05.536  9087  9566 W GmsStrictMode: 	at libcore.io.ForwardingOs.access(ForwardingOs.java:129)
04-15 15:08:05.536  9087  9566 W GmsStrictMode: 	at android.app.AndroidForwardingOs.access(AndroidForwardingOs.java:111)
04-15 15:08:05.536  9087  9566 W GmsStrictMode: 	at java.io.UnixFileSystem.checkAccess(UnixFileSystem.java:337)
04-15 15:08:05.536  9087  9566 W GmsStrictMode: 	at java.io.File.exists(File.java:829)
04-15 15:08:05.536  9087  9566 W GmsStrictMode: 	at java.io.File.mkdirs(File.java:1363)
04-15 15:08:05.536  9087  9566 W GmsStrictMode: 	at avvj.c(:com.google.android.gms@261332035@26.13.32 (260400-895912391):56)
04-15 15:08:05.536  9087  9566 W GmsStrictMode: 	at avvj.<init>(:com.google.android.gms@261332035@26.13.32 (260400-895912391):6)
04-15 15:08:05.536  9087  9566 W GmsStrictMode: 	at azak.<init>(:com.google.android.gms@261332035@26.13.32 (260400-895912391):6)
04-15 15:08:05.536  9087  9566 W GmsStrictMode: 	at com.google.android.gms.backup.transport.BackupTransportChimeraService.onCreate(:com.google.android.gms@261332035@26.13.32 (260400-895912391):345)
04-15 15:08:05.536  9087  9566 W GmsStrictMode: 	at aawb.onCreate(:com.google.android.gms@261332035@26.13.32 (260400-895912391):18)
04-15 15:08:05.536  9087  9566 W GmsStrictMode: 	at bcko.onCreate(:com.google.android.gms@261332035@26.13.32 (260400-895912391):19)
04-15 15:08:05.536  9087  9566 W GmsStrictMode: 	at android.app.ActivityThread.handleCreateService(ActivityThread.java:5579)
04-15 15:08:05.536  9087  9566 W GmsStrictMode: 	at android.app.ActivityThread.-$$Nest$mhandleCreateService(Unknown Source:0)
04-15 15:08:05.536  9087  9566 W GmsStrictMode: 	at android.app.ActivityThread$H.handleMessage(ActivityThread.java:2759)
04-15 15:08:05.536  9087  9566 W GmsStrictMode: 	at android.os.Handler.dispatchMessageImpl(Handler.java:142)
04-15 15:08:05.536  9087  9566 W GmsStrictMode: 	at android.os.Handler.dispatchMessage(Handler.java:125)
04-15 15:08:05.536  9087  9566 W GmsStrictMode: 	at android.os.Looper.loopOnce(Looper.java:269)
04-15 15:08:05.536  9087  9566 W GmsStrictMode: 	at android.os.Looper.loop(Looper.java:367)
04-15 15:08:05.536  9087  9566 W GmsStrictMode: 	at android.app.ActivityThread.main(ActivityThread.java:9333)
04-15 15:08:05.536  9087  9566 W GmsStrictMode: 	at java.lang.reflect.Method.invoke(Native Method)
04-15 15:08:05.536  9087  9566 W GmsStrictMode: 	at com.android.internal.os.RuntimeInit$MethodAndArgsCaller.run(RuntimeInit.java:566)
04-15 15:08:05.536  9087  9566 W GmsStrictMode: 	at com.android.internal.os.ZygoteInit.main(ZygoteInit.java:929)
04-15 15:08:05.537  9087  9139 I Backup  : [DenylistedInfoRequestProcessor] Attaching GetAppKeyDenylistInfo request to restore request.
04-15 15:08:05.541  9087  9566 W GmsStrictMode: DISK_READ [CONTEXT service_id=256 ]
04-15 15:08:05.541  9087  9566 W GmsStrictMode: gztt: 
04-15 15:08:05.541  9087  9566 W GmsStrictMode: Caused by: android.os.strictmode.DiskReadViolation
04-15 15:08:05.541  9087  9566 W GmsStrictMode: 	at android.os.StrictMode$AndroidBlockGuardPolicy.onReadFromDisk(StrictMode.java:1836)
04-15 15:08:05.541  9087  9566 W GmsStrictMode: 	at libcore.io.BlockGuardOs.access(BlockGuardOs.java:74)
04-15 15:08:05.541  9087  9566 W GmsStrictMode: 	at libcore.io.ForwardingOs.access(ForwardingOs.java:129)
04-15 15:08:05.541  9087  9566 W GmsStrictMode: 	at android.app.AndroidForwardingOs.access(AndroidForwardingOs.java:111)
04-15 15:08:05.541  9087  9566 W GmsStrictMode: 	at java.io.UnixFileSystem.checkAccess(UnixFileSystem.java:337)
04-15 15:08:05.541  9087  9566 W GmsStrictMode: 	at java.io.File.exists(File.java:829)
04-15 15:08:05.541  9087  9566 W GmsStrictMode: 	at android.app.ContextImpl.ensurePrivateDirExists(ContextImpl.java:862)
04-15 15:08:05.541  9087  9566 W GmsStrictMode: 	at android.app.ContextImpl.ensurePrivateDirExists(ContextImpl.java:851)
04-15 15:08:05.541  9087  9566 W GmsStrictMode: 	at android.app.ContextImpl.getPreferencesDir(ContextImpl.java:803)
04-15 15:08:05.541  9087  9566 W GmsStrictMode: 	at android.app.ContextImpl.getSharedPreferencesPath(ContextImpl.java:1040)
04-15 15:08:05.541  9087  9566 W GmsStrictMode: 	at android.app.ContextImpl.getSharedPreferences(ContextImpl.java:635)
04-15 15:08:05.541  9087  9566 W GmsStrictMode: 	at android.content.ContextWrapper.getSharedPreferences(ContextWrapper.java:223)
04-15 15:08:05.541  9087  9566 W GmsStrictMode: 	at android.content.ContextWrapper.getSharedPreferences(ContextWrapper.java:223)
04-15 15:08:05.541  9087  9566 W GmsStrictMode: 	at cogf.a(:com.google.android.gms@261332035@26.13.32 (260400-895912391):67)
04-15 15:08:05.541  9087  9566 W GmsStrictMode: 	at camp.getSharedPreferences(:com.google.android.gms@261332035@26.13.32 (260400-895912391):5)
04-15 15:08:05.541  9087  9566 W GmsStrictMode: 	at android.content.ContextWrapper.getSharedPreferences(ContextWrapper.java:223)
04-15 15:08:05.541  9087  9566 W GmsStrictMode: 	at azba.a(:com.google.android.gms@261332035@26.13.32 (260400-895912391):6)
04-15 15:08:05.541  9087  9566 W GmsStrictMode: 	at azae.run(:com.google.android.gms@261332035@26.13.32 (260400-895912391):19)
04-15 15:08:05.541  9087  9566 W GmsStrictMode: 	at android.os.Handler.handleCallback(Handler.java:1095)
04-15 15:08:05.541  9087  9566 W GmsStrictMode: 	at android.os.Handler.dispatchMessageImpl(Handler.java:135)
04-15 15:08:05.541  9087  9566 W GmsStrictMode: 	at android.os.Handler.dispatchMessage(Handler.java:125)
04-15 15:08:05.541  9087  9566 W GmsStrictMode: 	at cyil.mp(:com.google.android.gms@261332035@26.13.32 (260400-895912391):1)
04-15 15:08:05.541  9087  9566 W GmsStrictMode: 	at cyil.dispatchMessage(:com.google.android.gms@261332035@26.13.32 (260400-895912391):140)
04-15 15:08:05.541  9087  9566 W GmsStrictMode: 	at android.os.Looper.loopOnce(Looper.java:269)
04-15 15:08:05.541  9087  9566 W GmsStrictMode: 	at android.os.Looper.loop(Looper.java:367)
04-15 15:08:05.541  9087  9566 W GmsStrictMode: 	at android.app.ActivityThread.main(ActivityThread.java:9333)
04-15 15:08:05.541  9087  9566 W GmsStrictMode: 	at java.lang.reflect.Method.invoke(Native Method)
04-15 15:08:05.541  9087  9566 W GmsStrictMode: 	at com.android.internal.os.RuntimeInit$MethodAndArgsCaller.run(RuntimeInit.java:566)
04-15 15:08:05.541  9087  9566 W GmsStrictMode: 	at com.android.internal.os.ZygoteInit.main(ZygoteInit.java:929)
04-15 15:08:05.565  9087  9564 I AndroidBackupEventsLogg: (REDACTED) Logging without sampling %s
04-15 15:08:05.578  1588  2673 D BackgroundInstallControlService: Package event received: 0
04-15 15:08:05.588  2876 15134 D ServerContainer: registerPixelStateListeners from 10174
04-15 15:08:05.589  2876 15134 D BusinessScope: Enqueuing the block
04-15 15:08:05.590  2876  2998 D BusinessScope: Start running the #97139 block
04-15 15:08:05.592  2876  2998 D BusinessScope: Finish running the #97139 block
04-15 15:08:05.630  1244  1244 D AOC     : A3:MSG: tmd3743_device.cc, 997: USF: TMD3743: C/G switch 1 -> 2 d_lux:72.68 w_lux: 178.53 C:2.16 G:0.77
04-15 15:08:05.668  1244  1244 D AOC     : A3:MSG: tmd3743_device.cc, 997: USF: TMD3743: C/G switch 2 -> 1 d_lux:74.24 w_lux: 178.73 C:2.15 G:0.79
04-15 15:08:05.698  1244  1244 D AOC     : A3:MSG: tmd3743_device.cc, 997: USF: TMD3743: C/G switch 1 -> 2 d_lux:72.59 w_lux: 178.23 C:2.16 G:0.77
04-15 15:08:05.735  1244  1244 D AOC     : A3:MSG: tmd3743_device.cc, 997: USF: TMD3743: C/G switch 2 -> 1 d_lux:75.29 w_lux: 178.53 C:2.15 G:0.80
04-15 15:08:05.763  1244  1244 D AOC     : A3:MSG: tmd3743_device.cc, 997: USF: TMD3743: C/G switch 1 -> 2 d_lux:72.87 w_lux: 178.03 C:2.16 G:0.77
04-15 15:08:05.800  1244  1244 D AOC     : A3:MSG: tmd3743_device.cc, 997: USF: TMD3743: C/G switch 2 -> 1 d_lux:74.17 w_lux: 178.83 C:2.16 G:0.78
04-15 15:08:05.812  1519  1540 I pixel-thermal: VIRTUAL-SKIN-MODEL: model_input: [42250.00 41726.00 36932.00 45426.00 43539.00 42615.00 43249.00 43898.00 40489.00 ]
04-15 15:08:05.812  1519  1540 I native  : I0000 00:00:1776280085.812419    1540 thermal_tflite_wrapper.cc:261] ThermalTfliteInvoke
04-15 15:08:05.813  1519  1540 I pixel-thermal: VIRTUAL-SKIN-MODEL: model_output: [42459 ]
04-15 15:08:05.813  1519  1540 I pixel-thermal: VIRTUAL-SKIN-MODEL: predicted_value: [42959 ]
04-15 15:08:05.813  1519  1540 I pixel-thermal: VIRTUAL-SKIN-CPU-HIGH:42.9285 raw data: CLOSE_WEIGHT:1 OPEN_WEIGHT:0 VIRTUAL-SKIN:42928.5 VIRTUAL-SKIN-CLOSE:41977.9 VIRTUAL-SKIN-CLOSE-SUB-0:41375.1 VIRTUAL-SKIN-CLOSE-SUB-1:41977.9 VIRTUAL-SKIN-CLOSE-SUB-2:39848.2 VIRTUAL-SKIN-CLOSE-SUB-3:41968.9 VIRTUAL-SKIN-CLOSE-SUB-4:41795.7 VIRTUAL-SKIN-CPU-HIGH:42928.5 VIRTUAL-SKIN-LEGACY:41977.9 VIRTUAL-SKIN-LEGACY-MODEL-DIFF:-981.125 VIRTUAL-SKIN-LEGACY-SHUTDOWN:0 VIRTUAL-SKIN-MODEL:42959 VIRTUAL-SKIN-MODEL-CLAMPED:42959 VIRTUAL-SKIN-MODEL-LEGACY-DIFF:981.125 VIRTUAL-SKIN-MODEL-UPDATED:42928.5 VIRTUAL-SKIN-MODEL-UPPER-CLAMPED:42959 VIRTUAL-SKIN-OPEN:42813.6 VIRTUAL-SKIN-OPEN-SUB-0:42136.4 VIRTUAL-SKIN-OPEN-SUB-1:42511.2 VIRTUAL-SKIN-OPEN-SUB-2:42096 VIRTUAL-SKIN-OPEN-SUB-3:42372.6 VIRTUAL-SKIN-OPEN-SUB-4:42813.6 VT_LEGACY_WEIGHT:0 VT_MODEL_WEIGHT:1 charging_therm:42250 flash_therm:45426 inner_disp_therm:41726 north_therm:43539 outer_disp_therm:36932 quiet_therm:42615 rfpa_therm:43249 soc_therm:43898 usb_pwr_therm:40489 
04-15 15:08:05.814  1519  1540 I pixel-thermal: VIRTUAL-SKIN-CPU-HIGH power_budget=1528.67 err=0.071476 s_power=600 time_elapsed_ms=7029 p=28.5904 i=900.078 d=-0 dt_per_min=nan compensation=0 budget transient=0 control target=2 excluded power budget=0
04-15 15:08:05.814  1519  1540 I pixel-thermal: flash_therm:45.426 raw data: flash_therm:45426 
04-15 15:08:05.814  1519  1540 I pixel-thermal: north_therm:43.539 raw data: north_therm:43539 
04-15 15:08:05.815  1519  1540 I pixel-thermal: STATS-UPDATOR:0 raw data: STATS-UPDATOR:0 VIRTUAL-SKIN-LEGACY:41977.9 VIRTUAL-SKIN-MODEL:42959 VIRTUAL-SKIN-MODEL-LEGACY-DIFF:981.125 
04-15 15:08:05.815  1519  1540 I pixel-thermal: VIRTUAL-SKIN-CPU-LIGHT-ODPM:42.9285 raw data: VIRTUAL-SKIN:42928.5 VIRTUAL-SKIN-CPU-LIGHT-ODPM:42928.5 
04-15 15:08:05.815  1519  1540 I pixel-thermal: VIRTUAL-SKIN-CPU-LIGHT-ODPM power_budget=1066 err=-3.92852 s_power=1066 time_elapsed_ms=7029 p=-1571.41 i=-0.387821 d=-0 dt_per_min=nan compensation=0 budget transient=0 control target=2 excluded power budget=0
04-15 15:08:05.815  1519  1540 I pixel-thermal: VIRTUAL-SKIN-CPU-LIGHT-ODPM binded power rails: (S4M_VDD_CPU: 46.52 mW)(S3M_VDD_CPU1: 11.59 mW)(S2M_VDD_CPU2: 9.18 mW)(S2M_VDD_CPU2: 9.18 mW)
04-15 15:08:05.816  1519  1540 I pixel-thermal: BG-TASKS-THROTTLING-HINT:0 raw data: BG-TASKS-THROTTLING-EXP-PROPERTY:0 BG-TASKS-THROTTLING-HINT:0 BG_TASKS_THROTTLING_COUNT:1 IS_BG_TASKS_THROTTLING_ACTIVE:0 IS_CHARGING:1 VIRTUAL-SKIN:42928.5 thb_hda:1 
04-15 15:08:05.816  1519  1540 I pixel-thermal: VIRTUAL-SKIN-CPU-ODPM:42.9285 raw data: VIRTUAL-SKIN:42928.5 VIRTUAL-SKIN-CPU-ODPM:42928.5 
04-15 15:08:05.816  1519  1540 I pixel-thermal: VIRTUAL-SKIN-CPU-ODPM power_budget=800 err=-1.92852 s_power=800 time_elapsed_ms=7029 p=-1928.52 i=419.214 d=-0 dt_per_min=nan compensation=0 budget transient=0 control target=2 excluded power budget=0
04-15 15:08:05.816  1519  1540 I pixel-thermal: VIRTUAL-SKIN-CPU-ODPM binded power rails: (S4M_VDD_CPU: 46.52 mW)(S3M_VDD_CPU1: 11.59 mW)(S2M_VDD_CPU2: 9.18 mW)(S2M_VDD_CPU2: 9.18 mW)
04-15 15:08:05.817  1519  1540 I pixel-thermal: VIRTUAL-SKIN-HINT:42.9285 raw data: VIRTUAL-SKIN:42928.5 VIRTUAL-SKIN-HINT:42928.5 
04-15 15:08:05.817  1519  1540 I pixel-thermal: VIRTUAL-SKIN:42.9285 raw data: VIRTUAL-SKIN:42928.5 
04-15 15:08:05.817  1519  1540 I pixel-thermal: VIRTUAL-SKIN-SOC:42.9285 raw data: VIRTUAL-SKIN:42928.5 VIRTUAL-SKIN-SOC:42928.5 
04-15 15:08:05.817  1519  1540 I pixel-thermal: VIRTUAL-SKIN-SOC power_budget=1581.44 err=2.07148 s_power=960 time_elapsed_ms=7029 p=621.443 i=0 d=-0 dt_per_min=-0.0338819 compensation=0 budget transient=0 control target=4 excluded power budget=0
04-15 15:08:05.817  1519  1540 I pixel-thermal: VIRTUAL-SKIN-SOC binded power rails: (S2M_VDD_CPU2: 9.18 mW)(S2M_VDD_CPU2: 9.18 mW)(S3M_VDD_CPU1: 11.59 mW)(S2S_VDD_GPU: 2.28 mW)(S4M_VDD_CPU: 46.52 mW)(S7M_VDD_TPU: 0.00 mW)
04-15 15:08:05.818  1519  1540 I pixel-thermal: VIRTUAL-SKIN-INNER-DISPLAY:42.8136 raw data: VIRTUAL-SKIN-INNER-DISPLAY:42813.6 VIRTUAL-SKIN-OPEN:42813.6 
04-15 15:08:05.818  1519  1540 I pixel-thermal: VIRTUAL-SKIN-CPU-MID:42.9285 raw data: VIRTUAL-SKIN:42928.5 VIRTUAL-SKIN-CPU-MID:42928.5 
04-15 15:08:05.818  1519  1540 I pixel-thermal: VIRTUAL-SKIN-CPU-MID power_budget=52.291 err=-1.92852 s_power=700 time_elapsed_ms=7029 p=-771.41 i=123.701 d=-0 dt_per_min=nan compensation=0 budget transient=0 control target=2 excluded power budget=0
04-15 15:08:05.819  1519  1540 I pixel-thermal: VIRTUAL-SKIN-OUTER-DISPLAY: model_input: [42250.00 41726.00 36932.00 45426.00 43539.00 42615.00 43249.00 43898.00 40489.00 ]
04-15 15:08:05.819  1519  1540 I native  : I0000 00:00:1776280085.819228    1540 thermal_tflite_wrapper.cc:261] ThermalTfliteInvoke
04-15 15:08:05.819  1519  1540 I pixel-thermal: VIRTUAL-SKIN-OUTER-DISPLAY: model_output: [33626.7 ]
04-15 15:08:05.819  1519  1540 I pixel-thermal: VIRTUAL-SKIN-OUTER-DISPLAY: predicted_value: [33626.7 ]
04-15 15:08:05.819  1519  1540 I pixel-thermal: VIRTUAL-SKIN-OUTER-DISPLAY:33.6267 raw data: VIRTUAL-SKIN-OUTER-DISPLAY:33626.7 charging_therm:42250 flash_therm:45426 inner_disp_therm:41726 north_therm:43539 outer_disp_therm:36932 quiet_therm:42615 rfpa_therm:43249 soc_therm:43898 usb_pwr_therm:40489 
04-15 15:08:05.820  1519  1540 I pixel-thermal: cellular-emergency:42.9285 raw data: VIRTUAL-SKIN:42928.5 cellular-emergency:42928.5 
04-15 15:08:05.820  1519  1540 I pixel-thermal: outer_disp_therm:36.932 raw data: outer_disp_therm:36932 
04-15 15:08:05.820  1519  1540 I pixel-thermal: quiet_therm:42.615 raw data: quiet_therm:42615 
04-15 15:08:05.821  1519  1540 I pixel-thermal: VIRTUAL-SKIN-SOC-EXTREME:0 raw data: CONCURRENT_USE_POWER:0 EXTREME_CONDITION:0 EXTREME_POWER_VSKIN:0 EXTREME_THROTTLE:0 PARTIAL_SYSTEM_POWER:553.528 S2S_VDD_GPU:2.27734 S7M_VDD_TPU:0 S8S_VDD_GMC:43.0911 VIRTUAL-SKIN:42928.5 VIRTUAL-SKIN-SOC-EXTREME:0 VIRTUAL_CPU_POWER:67.29 
04-15 15:08:05.829  9087  9139 I Backup  : [GmsBackupTransport] Got kv restore package: @pm@
04-15 15:08:05.830  9087  9139 I AndroidBackupEventsLogg: (REDACTED) Logging without sampling %s
04-15 15:08:05.879  1588  4809 D BackupManagerService: initiateOneRestore packageName=@pm@
04-15 15:08:05.885  9087  9139 I Backup  : [GmsBackupTransport] Encrypted kv restore of @pm@
04-15 15:08:05.889  1588  3688 I RecoverableAppKeyStore: Get 0/10174/com.google.android.gms.backup/folsom/19F282E5F3837A03204ABDFFDD25B9B5
04-15 15:08:05.893  1588  3688 W RecoverableAppKeyStore: Failed to get grant for KeyStore key - key not found
04-15 15:08:05.895  9087  9139 I AndroidBackupEventsLogg: (REDACTED) Logging without sampling %s
04-15 15:08:05.897  9087  9139 E Backup  : [GmsBackupTransport] Encrypted kv restore failed
04-15 15:08:05.897  9087  9139 E Backup  : azfr: Could not retrieve key:com.google.android.gms.backup/folsom/19F282E5F3837A03204ABDFFDD25B9B5
04-15 15:08:05.897  9087  9139 E Backup  : 	at azef.b(:com.google.android.gms@261332035@26.13.32 (260400-895912391):39)
04-15 15:08:05.897  9087  9139 E Backup  : 	at azef.a(:com.google.android.gms@261332035@26.13.32 (260400-895912391):1)
04-15 15:08:05.897  9087  9139 E Backup  : 	at azbq.c(:com.google.android.gms@261332035@26.13.32 (260400-895912391):103)
04-15 15:08:05.897  9087  9139 E Backup  : 	at azbq.getRestoreData(:com.google.android.gms@261332035@26.13.32 (260400-895912391):287)
04-15 15:08:05.897  9087  9139 E Backup  : 	at android.app.backup.BackupTransport$TransportImpl.getRestoreData(BackupTransport.java:864)
04-15 15:08:05.897  9087  9139 E Backup  : 	at com.android.internal.backup.IBackupTransport$Stub.onTransact(IBackupTransport.java:747)
04-15 15:08:05.897  9087  9139 E Backup  : 	at android.os.Binder.transact(Binder.java:1318)
04-15 15:08:05.897  9087  9139 E Backup  : 	at cnuy.onTransact(:com.google.android.gms@261332035@26.13.32 (260400-895912391):10)
04-15 15:08:05.897  9087  9139 E Backup  : 	at android.os.Binder.transact(Binder.java:1318)
04-15 15:08:05.897  9087  9139 E Backup  : 	at canx.onTransact(:com.google.android.gms@261332035@26.13.32 (260400-895912391):161)
04-15 15:08:05.897  9087  9139 E Backup  : 	at android.os.Binder.execTransactInternal(Binder.java:1471)
04-15 15:08:05.897  9087  9139 E Backup  : 	at android.os.Binder.execTransact(Binder.java:1411)
04-15 15:08:05.897  9087  9139 E Backup  : Caused by: java.security.UnrecoverableKeyException: Key not found (internal Keystore code: 7 message: system/security/keystore2/src/service.rs:384: KeystoreService::grant.
04-15 15:08:05.897  9087  9139 E Backup  : 
04-15 15:08:05.897  9087  9139 E Backup  : Caused by:
04-15 15:08:05.897  9087  9139 E Backup  :     0: Legacy database is empty.
04-15 15:08:05.897  9087  9139 E Backup  :     1: Error::Rc(r#KEY_NOT_FOUND))
04-15 15:08:05.897  9087  9139 E Backup  : 	at android.security.keystore.recovery.RecoveryController.getKey(RecoveryController.java:711)
04-15 15:08:05.897  9087  9139 E Backup  : 	at avep.c(:com.google.android.gms@261332035@26.13.32 (260400-895912391):5)
04-15 15:08:05.897  9087  9139 E Backup  : 	at azef.b(:com.google.android.gms@261332035@26.13.32 (260400-895912391):5)
04-15 15:08:05.897  9087  9139 E Backup  : 	... 11 more
04-15 15:08:05.902  1244  1244 D AOC     : A3:MSG: tmd3743_device.cc, 997: USF: TMD3743: C/G switch 1 -> 2 d_lux:72.59 w_lux: 178.33 C:2.16 G:0.77
04-15 15:08:05.949  1588  4809 E BackupManagerService: Error getting restore data for @pm@
04-15 15:08:05.953  1244  1244 D AOC     : A3:MSG: tmd3743_device.cc, 997: USF: TMD3743: C/G switch 2 -> 1 d_lux:72.38 w_lux: 178.93 C:2.15 G:0.77
04-15 15:08:05.958  9087  9139 I AndroidBackupEventsLogg: (REDACTED) Logging without sampling %s
04-15 15:08:05.960  1588  4809 E BackupManagerService: PM agent has no metadata, so not restoring
04-15 15:08:05.967  9087  9139 I AndroidBackupEventsLogg: (REDACTED) Logging without sampling %s
04-15 15:08:05.969  9087 10391 I AndroidBackupEventsLogg: (REDACTED) Logging without sampling %s
04-15 15:08:05.970  9087 10391 I AndroidBackupEventsLogg: (REDACTED) Logging without sampling %s
04-15 15:08:05.971  9087 10391 I Backup  : [GmsBackupTransport] restore finished
04-15 15:08:05.971  9087 10391 I AndroidBackupEventsLogg: (REDACTED) Logging without sampling %s
04-15 15:08:05.978  1588  4809 I BackupManagerService: Restore complete.
04-15 15:08:05.981  9087  9139 I AndroidBackupEventsLogg: (REDACTED) Logging without sampling %s
04-15 15:08:05.996  1588  1875 I PackageManager: installation completed for package:com.adamoutler.ssh. Final code path: /data/app/~~Sx_7-91xfxC1nvG2RdcXmQ==/com.adamoutler.ssh-G8c6AUJVgDkOhzNk5P48Uw==
04-15 15:08:05.997  1588  2673 D BackgroundInstallControlService: Package event received: 0
04-15 15:08:06.004  1588  2696 D ActivityManager: sync unfroze 3225 com.google.android.permissioncontroller for 6
04-15 15:08:06.011  1588  1875 I AppsFilter: interaction: PackageSetting{bad752e com.google.android.microdroid.empty_payload/10305} -> PackageSetting{b583322 com.adamoutler.ssh/10439} BLOCKED
04-15 15:08:06.013  1588  2673 D BackgroundInstallControlService: Package event received: 1
04-15 15:08:06.016  1588  2673 D BackgroundInstallControlService: Package event received: 0
04-15 15:08:06.020  1588  1875 D PackageInstallerSession: Marking session 115205857 as applied
04-15 15:08:06.037  1588  3217 W libbinder.Binder: Binder transaction to android.content.pm.IPackageManager code 1598246212 took 1070ms. Data bytes: 192 Reply bytes: 4 Flags: 16
04-15 15:08:06.036  1588  1588 W binder:1588_10: type=1400 audit(0.0:94801): avc:  denied  { getopt } for  scontext=u:r:system_server:s0 tcontext=u:r:shell:s0 tclass=unix_stream_socket permissive=0
04-15 15:08:06.036  1588  1588 W binder:1588_10: type=1400 audit(0.0:94802): avc:  denied  { getopt } for  scontext=u:r:system_server:s0 tcontext=u:r:shell:s0 tclass=unix_stream_socket permissive=0
04-15 15:08:06.036  1588  1588 W binder:1588_10: type=1400 audit(0.0:94803): avc:  denied  { getopt } for  scontext=u:r:system_server:s0 tcontext=u:r:shell:s0 tclass=unix_stream_socket permissive=0
04-15 15:08:06.064  1588  4809 D BackupManagerService: [UserID:0] Released wakelock:*backup*-0-4809
04-15 15:08:06.086 24861 24861 I abb     : StartCommandInProcess(7061636b61676500696e7374616c6c2d package.install- [truncated])
04-15 15:08:06.100  1588  1588 W binder:1588_10: type=1400 audit(0.0:94804): avc:  denied  { getopt } for  scontext=u:r:system_server:s0 tcontext=u:r:shell:s0 tclass=unix_stream_socket permissive=0
04-15 15:08:06.100  1588  1588 W binder:1588_10: type=1400 audit(0.0:94805): avc:  denied  { getopt } for  scontext=u:r:system_server:s0 tcontext=u:r:shell:s0 tclass=unix_stream_socket permissive=0
04-15 15:08:06.102  1588  2614 E AppOps  : attributionTag VCN not declared in manifest of android
04-15 15:08:06.103  3074  3074 D CarrierSvcBindHelper: onPackageAdded: com.adamoutler.ssh
04-15 15:08:06.105  2990  2990 I RegisteredComponentCache: generateComponentsList: New Components => 
04-15 15:08:06.105  2990  2990 I RegisteredComponentCache: ComponentInfo: ResolveInfo{89fa0ae com.google.android.tag/com.android.apps.tag.TagViewer m=0x108000 userHandle=UserHandle{0}}, techs: android.nfc.tech.Ndef, 
04-15 15:08:06.105  2990  2990 I RegisteredComponentCache: generateComponentsList: Removed Components => 
04-15 15:08:06.105  2990  2990 I RegisteredComponentCache: ComponentInfo: ResolveInfo{bc7f2bb com.google.android.tag/com.android.apps.tag.TagViewer m=0x108000 userHandle=UserHandle{0}}, techs: android.nfc.tech.Ndef, 
04-15 15:08:06.106  1588  2670 D ShortcutService: received package broadcast intent: Intent { act=android.intent.action.PACKAGE_ADDED dat=package: flg=0x4000010 (has extras) }
04-15 15:08:06.106  1588  2670 D ShortcutService: adding package: com.adamoutler.ssh userId=0
04-15 15:08:06.112  3074  3227 D EuiccConnector: handleMessage: E msg.what=1
04-15 15:08:06.112  3074  3227 D EuiccConnector: processMsg: ConnectedState
04-15 15:08:06.112  3074  3227 D EuiccConnector: processMsg: DisconnectedState
04-15 15:08:06.112  3074  3219 I SatelliteAppTracker: onPackageAdded : com.adamoutler.ssh
04-15 15:08:06.115  3074  3074 D CarrierSvcBindHelper: No carrier app for: 0
04-15 15:08:06.117  2721  2721 D ControlsListingControllerImpl: ServiceConfig reloaded, count: 2
04-15 15:08:06.118  3074  3074 D CarrierSvcBindHelper: No carrier app for: 1
04-15 15:08:06.124  3074  3227 D EuiccConnector: handleMessage: X
