04-15 15:08:06.841 19439 19548 I AiAiVC  : (REDACTED) Centralized allowlist: requested package %s is in the allowlist
04-15 15:08:06.841 19439 19548 I AiAiVC  : (REDACTED) Centralized allowlist: requested package %s is in the allowlist
04-15 15:08:06.841 19439 19548 I AiAiVC  : (REDACTED) Centralized allowlist: requested package %s is in the allowlist
04-15 15:08:06.841 19439 19548 I AiAiVC  : (REDACTED) Centralized allowlist: requested package %s is in the allowlist
04-15 15:08:06.841 19439 19548 I AiAiVC  : (REDACTED) Centralized allowlist: requested package %s is in the allowlist
04-15 15:08:06.841 19439 19548 I AiAiVC  : (REDACTED) Centralized allowlist: requested package %s is in the allowlist
04-15 15:08:06.841 19439 19548 I AiAiVC  : (REDACTED) Centralized allowlist: requested package %s is in the allowlist
04-15 15:08:06.841 19439 19548 I AiAiVC  : (REDACTED) Centralized allowlist: requested package %s is in the allowlist
04-15 15:08:06.841 19439 19548 I AiAiVC  : (REDACTED) Centralized allowlist: requested package %s is in the allowlist
04-15 15:08:06.841 19439 19548 I AiAiVC  : (REDACTED) Centralized allowlist: requested package %s is in the allowlist
04-15 15:08:06.841 19439 19548 I AiAiVC  : (REDACTED) Centralized allowlist: requested package %s is in the allowlist
04-15 15:08:06.841 19439 19548 I AiAiVC  : (REDACTED) Centralized allowlist: requested package %s is in the allowlist
04-15 15:08:06.841 19439 19548 I AiAiVC  : (REDACTED) Centralized allowlist: requested package %s is in the allowlist
04-15 15:08:06.841 19439 19548 I AiAiVC  : (REDACTED) Centralized allowlist: requested package %s is in the allowlist
04-15 15:08:06.841 19439 19548 I AiAiVC  : (REDACTED) Centralized allowlist: requested package %s is not in the allowlist
04-15 15:08:06.841 19439 19548 I AiAiVC  : (REDACTED) Centralized allowlist: requested package %s is not in the allowlist
04-15 15:08:06.841 19439 19548 I AiAiVC  : (REDACTED) Centralized allowlist: requested package %s is in the allowlist
04-15 15:08:06.841 19439 19548 I AiAiVC  : (REDACTED) Centralized allowlist: requested package %s is not in the allowlist
04-15 15:08:06.841 19439 19548 I AiAiVC  : (REDACTED) Centralized allowlist: requested package %s is in the allowlist
04-15 15:08:06.841 19439 19548 I AiAiVC  : (REDACTED) Centralized allowlist: requested package %s is in the allowlist
04-15 15:08:06.841 19439 19548 I AiAiVC  : (REDACTED) Centralized allowlist: requested package %s is in the allowlist
04-15 15:08:06.841 19439 19548 I AiAiVC  : (REDACTED) Centralized allowlist: requested package %s is in the allowlist
04-15 15:08:06.841 19439 19548 I AiAiVC  : (REDACTED) Centralized allowlist: requested component %s is in the allowlist
04-15 15:08:06.841 19439 19548 I AiAiVC  : (REDACTED) Centralized allowlist: requested component %s is in the allowlist
04-15 15:08:06.841 19439 19548 I AiAiVC  : (REDACTED) Centralized allowlist: requested component %s is not in the allowlist
04-15 15:08:06.841 19439 19548 I AiAiVC  : (REDACTED) Centralized allowlist: requested component %s is not in the allowlist
04-15 15:08:06.841 19439 19548 I AiAiVC  : (REDACTED) Centralized allowlist: requested component %s is in the allowlist
04-15 15:08:06.841 19439 19548 I AiAiVC  : (REDACTED) Centralized allowlist: requested component %s is in the allowlist
04-15 15:08:06.841 19439 19548 I AiAiVC  : (REDACTED) Centralized allowlist: requested component %s is in the allowlist
04-15 15:08:06.845  9087 19519 I Icing   : Indexing com.google.android.gms-apps from com.google.android.gms
04-15 15:08:06.850  9087 18910 I Icing   : Indexing done com.google.android.gms-apps
04-15 15:08:06.850  9087 18910 I Icing   : Indexing com.google.android.gms-apps from com.google.android.gms
04-15 15:08:06.851  9087 18910 I Icing   : Indexing done com.google.android.gms-apps
04-15 15:08:06.857 11889 19314 I NearbySharing: Network state changed: NetworkState(isRestricted=false, isOnline=true, isCongested=false, isMetered=false, isWifiConnected=true)
04-15 15:08:06.874 23240 23338 I dumf    : (REDACTED) GetContext(%s, %s): Fetch from the %s surface finished with status: %s
04-15 15:08:06.877 23240 23353 I eddi    : (REDACTED) ContextResult succeeded for ContextKey: %s. %s
04-15 15:08:06.878 23240 23353 I eddu    : (REDACTED) Updating context input '%s' with dynamic class '%s' containing %s entities. %s
04-15 15:08:06.878 23240 23353 I eddu    : (REDACTED) Clearing context input '%s'. %s
04-15 15:08:06.878 23240 23353 I eddo    : (REDACTED) Sending speech biasing context update to SODA with locale %s. %s
04-15 15:08:06.879 23240 23338 I eoju    : (REDACTED) #getSodaAsrUpdateRequest inserting app domain: %s
04-15 15:08:06.879 23240 23344 I epbt    : #updateAndGetSnapshot
04-15 15:08:06.880 23240 23338 I epbt    : (REDACTED) Listening for responses for locale %s
04-15 15:08:06.880 23240 23353 I epbt    : (REDACTED) >>> [%s] Emitting request locale: %s, secondaryLocales: %s, resources: %s, requestClient: %s
04-15 15:08:06.881 22877 22920 I epen    : SRM: AccountScoped session starting on service-side.
04-15 15:08:06.881 22877 22920 I epcg    : (REDACTED) <<< [%s] Received request for primary locale %s. Secondary locales: '%s'
04-15 15:08:06.881 22877 22920 I epcg    : (REDACTED) <<< [%s] Requested resources IDs: %s. Note that this is a noop because we currently return all resource for each request.
04-15 15:08:06.882 22877 22920 I epbd    : (REDACTED) [%s] #getImmediateResourceStates with locale %s. Secondary locales: %s
04-15 15:08:06.882 22877 22920 I epbd    : (REDACTED) [%s] SRM initial state enabled (for hotword).
04-15 15:08:06.882 22877 22920 I epbd    : (REDACTED) [%s] #getAndUpdateSodaResourceCollection
04-15 15:08:06.882 22877 22920 I DefaultLPManager: #getAvailablePackages
04-15 15:08:06.882 22877 22920 I ervp    : #getDownloadableLanguagePacks
04-15 15:08:06.882 22877 22920 I erwh    : (REDACTED) Loaded languagepack (LP) flag value from latest config %s: %s
04-15 15:08:06.883 22877 22920 W SystemLPSourceImpl: #getAvailablePackages: Note there is not reason to call this method, as getInstalledPackages() returns the same LanguagePacks for this impl.
04-15 15:08:06.883 22877 22896 I czbu    : Getting hotwordModelConfig
04-15 15:08:06.883 22877 22920 W LegacyLPSourceImpl: #getAvailablePackages: Note there is no reason to call this method, as getInstalledPackages() returns the same LanguagePacks for this impl.
04-15 15:08:06.883 22877 22920 I DefaultLPManager: #getRequestedPackages
04-15 15:08:06.883 22877 22920 I ZipLPPopulator: #addNewFileGroups
04-15 15:08:06.883 22877 22920 I ervp    : #getDownloadableLanguagePacks
04-15 15:08:06.883 22877 22920 I erwh    : (REDACTED) Loaded languagepack (LP) flag value from latest config %s: %s
04-15 15:08:06.883 22877 22920 W SystemLPSourceImpl: #getRequestedPackages: There is not reason to call this method, as the result is always empty.
04-15 15:08:06.883 22877 22920 W LegacyLPSourceImpl: #getRequestedPackages: There is no reason to call this method, as the result is always empty.
04-15 15:08:06.883 22877 22920 I DefaultLPManager: #getAvailablePackages
04-15 15:08:06.883 22877 22920 I ervp    : #getDownloadableLanguagePacks
04-15 15:08:06.883 22877 22896 I SystemLPSourceImpl: (REDACTED) Parsed system partition LanguagePack metadata file: %s
04-15 15:08:06.883 22877 22921 I epbd    : (REDACTED) [%s] #getInstalledLanguagePacks
04-15 15:08:06.884 22877 22921 I epbd    : Skipping stopword download due to disablement by flag.
04-15 15:08:06.884 22877 22907 I czbu    : Getting hotwordModelConfig
04-15 15:08:06.884 22877 22921 I errj    : (REDACTED) MDD.getFileGroup(%s)
04-15 15:08:06.884 22877 22914 I eoyo    : (REDACTED) [%s] #updateResource begin
04-15 15:08:06.884 22877 22914 I eoyo    : (REDACTED) [%s] #updateResource end
04-15 15:08:06.885 23240 23347 I epbt    : (REDACTED) <<< [%s] Reading SodaResourceManager message with initial resourceIds: '%s.'
04-15 15:08:06.885 22877 22914 I LPRequestState: (REDACTED) [%s] #resolveDesiredLanguagePacks
04-15 15:08:06.885 22877 22914 I ZipLPPopulator: #addNewFileGroups complete
04-15 15:08:06.885 22877 22907 I czbu    : MDD.refreshFileGroups(hotwordFileGroupPopulator)
04-15 15:08:06.886 23240 23338 I epbt    : (REDACTED) <<< [%s] Reading SodaResourceManager message with updated resourceIds: %s. Total set: %s
04-15 15:08:06.886 22877 22920 I erwh    : (REDACTED) Loaded languagepack (LP) flag value from latest config %s: %s
04-15 15:08:06.886 22877 22920 W SystemLPSourceImpl: #getAvailablePackages: Note there is not reason to call this method, as getInstalledPackages() returns the same LanguagePacks for this impl.
04-15 15:08:06.886 22877 22920 W LegacyLPSourceImpl: #getAvailablePackages: Note there is no reason to call this method, as getInstalledPackages() returns the same LanguagePacks for this impl.
04-15 15:08:06.886 22877 22920 I DefaultLPManager: #getInstalledPackages
04-15 15:08:06.886 22877 22907 I czbg    : (REDACTED) MDD.addFileGroup(%s)
04-15 15:08:06.887 22877 22920 I ervp    : #getInstalledPackages from MDD
04-15 15:08:06.887 22877 22920 I ervp    : #GetLanguagePackList
04-15 15:08:06.887 22877 22920 I ervp    : MDD.getFileGroupsByFilter(langpack-domain_xx-XX_ver_zipfile)
04-15 15:08:06.887 22877 22914 I ervp    : #getPendingPackages from MDD
04-15 15:08:06.887 22877 22914 I ervp    : #GetLanguagePackList
04-15 15:08:06.887 22877 22914 I ervp    : MDD.getFileGroupsByFilter(langpack-domain_xx-XX_ver_zipfile)
04-15 15:08:06.889 12295 18236 I bte     : Handling installed or updated package: com.adamoutler.ssh
04-15 15:08:06.889 12295 18236 I ckk     : Attempting to classify package: com.adamoutler.ssh using model: bll_1
04-15 15:08:06.889 22877 22907 I czbu    : MDD.refreshFileGroups(hotwordFileGroupPopulator)
04-15 15:08:06.890 22877 22907 I czbg    : (REDACTED) MDD.addFileGroup(%s)
04-15 15:08:06.890 22877 22907 I SystemLPSourceImpl: (REDACTED) Parsed system partition LanguagePack metadata file: %s
04-15 15:08:06.891 12295 18236 I ckk     : Skipping package: com.adamoutler.ssh, it was already classified as: NOT_HARMFUL, and rescan was disabled
04-15 15:08:06.891 22877 22903 I SystemLPSourceImpl: (REDACTED) Parsed system partition LanguagePack metadata file: %s
04-15 15:08:06.900 12295 18236 I bte     : Handling installed or updated package: com.adamoutler.ssh.test
04-15 15:08:06.900 12295 18236 I ckk     : Attempting to classify package: com.adamoutler.ssh.test using model: bll_1
04-15 15:08:06.903  1588  1725 W System  : A resource failed to call close. 
04-15 15:08:06.905  1588  1725 W System  : A resource failed to call close. 
04-15 15:08:06.908 22877 22896 W errj    : No downloaded contextual models.
04-15 15:08:06.909  1588  4826 V Configuration: Updating configuration, locales updated from [en_US] to [af]
04-15 15:08:06.909  1588  4826 V Configuration: Updating configuration, locales updated from [en_US] to [af_ZA]
04-15 15:08:06.910  1588  4826 V Configuration: Updating configuration, locales updated from [en_US] to [am]
04-15 15:08:06.910 22877 18570 I czbg    : (REDACTED) MDD.addFileGroup(%s) returned %b
04-15 15:08:06.910  1588  4826 V Configuration: Updating configuration, locales updated from [en_US] to [am_ET]
04-15 15:08:06.910 22877 18570 I czbu    : MDD refresh completed.
04-15 15:08:06.910 22877 22921 I czbu    : Trying to get last downloaded model for current locale.
04-15 15:08:06.910 22877 22921 I czbu    : (REDACTED) MDD.getFileGroup(%s)
04-15 15:08:06.910  1588  4826 V Configuration: Updating configuration, locales updated from [en_US] to [ar]
04-15 15:08:06.911  1588  4826 V Configuration: Updating configuration, locales updated from [en_US] to [ar_EG]
04-15 15:08:06.911  1588  4826 V Configuration: Updating configuration, locales updated from [en_US] to [ar_XB]
04-15 15:08:06.912  1588  4826 V Configuration: Updating configuration, locales updated from [en_US] to [as]
04-15 15:08:06.912  1588  4826 V Configuration: Updating configuration, locales updated from [en_US] to [az]
04-15 15:08:06.913  1588  4826 V Configuration: Updating configuration, locales updated from [en_US] to [be]
04-15 15:08:06.913  1588  4826 V Configuration: Updating configuration, locales updated from [en_US] to [bg]
04-15 15:08:06.914  1588  4826 V Configuration: Updating configuration, locales updated from [en_US] to [bg_BG]
04-15 15:08:06.914  1588  1725 W System  : A resource failed to call close. 
04-15 15:08:06.914  1588  4826 V Configuration: Updating configuration, locales updated from [en_US] to [bn]
04-15 15:08:06.915  1588  4826 V Configuration: Updating configuration, locales updated from [en_US] to [bs]
04-15 15:08:06.915  1588  4826 V Configuration: Updating configuration, locales updated from [en_US] to [ca]
04-15 15:08:06.915  9087  9139 I Backup  : [GmsBackupTransport] Got kv restore package: @pm@
04-15 15:08:06.915  9087  9139 I AndroidBackupEventsLogg: (REDACTED) Logging without sampling %s
04-15 15:08:06.916  1588  4826 V Configuration: Updating configuration, locales updated from [en_US] to [ca_ES]
04-15 15:08:06.918  1588  4826 V Configuration: Updating configuration, locales updated from [en_US] to [cs]
04-15 15:08:06.918  1588  1725 W System  : A resource failed to call close. 
04-15 15:08:06.918  1588  4826 V Configuration: Updating configuration, locales updated from [en_US] to [cs_CZ]
04-15 15:08:06.919  1588  4826 V Configuration: Updating configuration, locales updated from [en_US] to [da]
04-15 15:08:06.920  1588  4826 V Configuration: Updating configuration, locales updated from [en_US] to [da_DK]
04-15 15:08:06.920  1588  4826 V Configuration: Updating configuration, locales updated from [en_US] to [de]
04-15 15:08:06.920  1588  4826 V Configuration: Updating configuration, locales updated from [en_US] to [de_DE]
04-15 15:08:06.921  1588  4826 V Configuration: Updating configuration, locales updated from [en_US] to [el]
04-15 15:08:06.921  1588  4826 V Configuration: Updating configuration, locales updated from [en_US] to [el_GR]
04-15 15:08:06.922  1588  4826 V Configuration: Updating configuration, locales updated from [en_US] to [en]
04-15 15:08:06.922  1588  4826 V Configuration: Updating configuration, locales updated from [en_US] to [en_AU]
04-15 15:08:06.923  1588  4826 V Configuration: Updating configuration, locales updated from [en_US] to [en_CA]
04-15 15:08:06.923  1588  4826 V Configuration: Updating configuration, locales updated from [en_US] to [en_GB]
04-15 15:08:06.924  1588  4826 V Configuration: Updating configuration, locales updated from [en_US] to [en_IN]
04-15 15:08:06.924  1588  4826 V Configuration: Updating configuration, locales updated from [en_US] to [en_TW]
04-15 15:08:06.924  1588  4826 V Configuration: Updating configuration, locales updated from [en_US] to [en_XA]
04-15 15:08:06.925  1588  1882 W ParceledListSlice: Element #62 is 22948 bytes.
04-15 15:08:06.925  1588  4826 V Configuration: Updating configuration, locales updated from [en_US] to [en_XC]
04-15 15:08:06.925  1588  1882 W ParceledListSlice: Element #63 is 23932 bytes.
04-15 15:08:06.925  1588  4826 V Configuration: Updating configuration, locales updated from [en_US] to [es]
04-15 15:08:06.926  1588  4809 D BackupManagerService: initiateOneRestore packageName=@pm@
04-15 15:08:06.927  9087  9139 I Backup  : [GmsBackupTransport] Encrypted kv restore of @pm@
04-15 15:08:06.928  1588  1882 I RecoverableAppKeyStore: Get 0/10174/com.google.android.gms.backup/folsom/19F282E5F3837A03204ABDFFDD25B9B5
04-15 15:08:06.929  1588  4826 V Configuration: Updating configuration, locales updated from [en_US] to [es_419]
04-15 15:08:06.929  1588  4826 V Configuration: Updating configuration, locales updated from [en_US] to [es_ES]
04-15 15:08:06.929  1588  1882 W RecoverableAppKeyStore: Failed to get grant for KeyStore key - key not found
04-15 15:08:06.930  1588  4826 V Configuration: Updating configuration, locales updated from [en_US] to [es_US]
04-15 15:08:06.930  1588  4826 V Configuration: Updating configuration, locales updated from [en_US] to [et]
04-15 15:08:06.930  9087  9139 I AndroidBackupEventsLogg: (REDACTED) Logging without sampling %s
04-15 15:08:06.930  1588  4826 V Configuration: Updating configuration, locales updated from [en_US] to [et_EE]
04-15 15:08:06.931  9087  9139 E Backup  : [GmsBackupTransport] Encrypted kv restore failed
04-15 15:08:06.931  9087  9139 E Backup  : azfr: Could not retrieve key:com.google.android.gms.backup/folsom/19F282E5F3837A03204ABDFFDD25B9B5
04-15 15:08:06.931  9087  9139 E Backup  : 	at azef.b(:com.google.android.gms@261332035@26.13.32 (260400-895912391):39)
04-15 15:08:06.931  9087  9139 E Backup  : 	at azef.a(:com.google.android.gms@261332035@26.13.32 (260400-895912391):1)
04-15 15:08:06.931  9087  9139 E Backup  : 	at azbq.c(:com.google.android.gms@261332035@26.13.32 (260400-895912391):103)
04-15 15:08:06.931  9087  9139 E Backup  : 	at azbq.getRestoreData(:com.google.android.gms@261332035@26.13.32 (260400-895912391):287)
04-15 15:08:06.931  9087  9139 E Backup  : 	at android.app.backup.BackupTransport$TransportImpl.getRestoreData(BackupTransport.java:864)
04-15 15:08:06.931  9087  9139 E Backup  : 	at com.android.internal.backup.IBackupTransport$Stub.onTransact(IBackupTransport.java:747)
04-15 15:08:06.931  9087  9139 E Backup  : 	at android.os.Binder.transact(Binder.java:1318)
04-15 15:08:06.931  9087  9139 E Backup  : 	at cnuy.onTransact(:com.google.android.gms@261332035@26.13.32 (260400-895912391):10)
04-15 15:08:06.931  9087  9139 E Backup  : 	at android.os.Binder.transact(Binder.java:1318)
04-15 15:08:06.931  9087  9139 E Backup  : 	at canx.onTransact(:com.google.android.gms@261332035@26.13.32 (260400-895912391):161)
04-15 15:08:06.931  9087  9139 E Backup  : 	at android.os.Binder.execTransactInternal(Binder.java:1471)
04-15 15:08:06.931  9087  9139 E Backup  : 	at android.os.Binder.execTransact(Binder.java:1411)
04-15 15:08:06.931  9087  9139 E Backup  : Caused by: java.security.UnrecoverableKeyException: Key not found (internal Keystore code: 7 message: system/security/keystore2/src/service.rs:384: KeystoreService::grant.
04-15 15:08:06.931  9087  9139 E Backup  : 
04-15 15:08:06.931  9087  9139 E Backup  : Caused by:
04-15 15:08:06.931  9087  9139 E Backup  :     0: Legacy database is empty.
04-15 15:08:06.931  9087  9139 E Backup  :     1: Error::Rc(r#KEY_NOT_FOUND))
04-15 15:08:06.931  9087  9139 E Backup  : 	at android.security.keystore.recovery.RecoveryController.getKey(RecoveryController.java:711)
04-15 15:08:06.931  9087  9139 E Backup  : 	at avep.c(:com.google.android.gms@261332035@26.13.32 (260400-895912391):5)
04-15 15:08:06.931  9087  9139 E Backup  : 	at azef.b(:com.google.android.gms@261332035@26.13.32 (260400-895912391):5)
04-15 15:08:06.931  9087  9139 E Backup  : 	... 11 more
04-15 15:08:06.931  1588  4826 V Configuration: Updating configuration, locales updated from [en_US] to [eu]
04-15 15:08:06.931  1588  4826 V Configuration: Updating configuration, locales updated from [en_US] to [fa]
04-15 15:08:06.932  1588  4826 V Configuration: Updating configuration, locales updated from [en_US] to [fa_IR]
04-15 15:08:06.932  1588  4826 V Configuration: Updating configuration, locales updated from [en_US] to [fi]
04-15 15:08:06.933  1588  4826 V Configuration: Updating configuration, locales updated from [en_US] to [fi_FI]
04-15 15:08:06.933  1588  4826 V Configuration: Updating configuration, locales updated from [en_US] to [fil]
04-15 15:08:06.934  1588  4826 V Configuration: Updating configuration, locales updated from [en_US] to [fil_PH]
04-15 15:08:06.934  1588  4826 V Configuration: Updating configuration, locales updated from [en_US] to [fr]
04-15 15:08:06.935  1588  4826 V Configuration: Updating configuration, locales updated from [en_US] to [fr_CA]
04-15 15:08:06.935  1588  4826 V Configuration: Updating configuration, locales updated from [en_US] to [fr_FR]
04-15 15:08:06.936  1588  4826 V Configuration: Updating configuration, locales updated from [en_US] to [gl]
04-15 15:08:06.936  1588  4826 V Configuration: Updating configuration, locales updated from [en_US] to [gu]
04-15 15:08:06.937  1588  4826 V Configuration: Updating configuration, locales updated from [en_US] to [hi]
04-15 15:08:06.937  1588  4826 V Configuration: Updating configuration, locales updated from [en_US] to [hi_IN]
04-15 15:08:06.938  1588  4826 V Configuration: Updating configuration, locales updated from [en_US] to [hr]
04-15 15:08:06.939  1588  4826 V Configuration: Updating configuration, locales updated from [en_US] to [hr_HR]
04-15 15:08:06.939  1588  4826 V Configuration: Updating configuration, locales updated from [en_US] to [hu]
04-15 15:08:06.940  1588  4826 V Configuration: Updating configuration, locales updated from [en_US] to [hu_HU]
04-15 15:08:06.940  1588  4826 V Configuration: Updating configuration, locales updated from [en_US] to [hy]
04-15 15:08:06.941  1588  4826 V Configuration: Updating configuration, locales updated from [en_US] to [id]
04-15 15:08:06.941  1588  4826 V Configuration: Updating configuration, locales updated from [en_US] to [id_ID]
04-15 15:08:06.942  1588  4826 V Configuration: Updating configuration, locales updated from [en_US] to [is]
04-15 15:08:06.942  1588  4826 V Configuration: Updating configuration, locales updated from [en_US] to [it]
04-15 15:08:06.943  1588  4826 V Configuration: Updating configuration, locales updated from [en_US] to [it_IT]
04-15 15:08:06.943  1588  4826 V Configuration: Updating configuration, locales updated from [en_US] to [he]
04-15 15:08:06.944  1588  4826 V Configuration: Updating configuration, locales updated from [en_US] to [he_IL]
04-15 15:08:06.944  1588  4826 V Configuration: Updating configuration, locales updated from [en_US] to [ja]
04-15 15:08:06.945  1588  4826 V Configuration: Updating configuration, locales updated from [en_US] to [ja_JP]
04-15 15:08:06.945  1588  4826 V Configuration: Updating configuration, locales updated from [en_US] to [ka]
04-15 15:08:06.945  1588  4826 V Configuration: Updating configuration, locales updated from [en_US] to [kk]
04-15 15:08:06.946  1588  4809 E BackupManagerService: Error getting restore data for @pm@
04-15 15:08:06.946  1588  4826 V Configuration: Updating configuration, locales updated from [en_US] to [km]
04-15 15:08:06.946  1588  4826 V Configuration: Updating configuration, locales updated from [en_US] to [kn]
04-15 15:08:06.947  1588  4809 E BackupManagerService: PM agent has no metadata, so not restoring
04-15 15:08:06.947  1588  4826 V Configuration: Updating configuration, locales updated from [en_US] to [ko]
04-15 15:08:06.947  9087  9139 I AndroidBackupEventsLogg: (REDACTED) Logging without sampling %s
04-15 15:08:06.947  1588  4826 V Configuration: Updating configuration, locales updated from [en_US] to [ko_KR]
04-15 15:08:06.948  9087 10391 I AndroidBackupEventsLogg: (REDACTED) Logging without sampling %s
04-15 15:08:06.948  1588  4826 V Configuration: Updating configuration, locales updated from [en_US] to [ky]
04-15 15:08:06.948  9087 10391 I AndroidBackupEventsLogg: (REDACTED) Logging without sampling %s
04-15 15:08:06.948  9087 10391 I Backup  : [GmsBackupTransport] restore finished
04-15 15:08:06.948  9087 10391 I AndroidBackupEventsLogg: (REDACTED) Logging without sampling %s
04-15 15:08:06.948  9087  9139 I AndroidBackupEventsLogg: (REDACTED) Logging without sampling %s
04-15 15:08:06.948  1588  4826 V Configuration: Updating configuration, locales updated from [en_US] to [lo]
04-15 15:08:06.949  1588  4826 V Configuration: Updating configuration, locales updated from [en_US] to [lt]
04-15 15:08:06.949 12295 18236 I buj     : BLL finished for package: com.adamoutler.ssh.test, score: 11000016, verdict: HARMFUL
04-15 15:08:06.949 12295 18236 I ckk     : Finished new classification for package: com.adamoutler.ssh.test, model: bll_1, verdict: HARMFUL, score: 1.1000016E7
04-15 15:08:06.949  1588  4826 V Configuration: Updating configuration, locales updated from [en_US] to [lt_LT]
04-15 15:08:06.950  1588  4826 V Configuration: Updating configuration, locales updated from [en_US] to [lv]
04-15 15:08:06.950  1588  4826 V Configuration: Updating configuration, locales updated from [en_US] to [lv_LV]
04-15 15:08:06.951  1588  1875 I PackageManager: installation completed for package:com.adamoutler.ssh.test. Final code path: /data/app/~~RTkiHu6aK-nOfDEBm-ES7A==/com.adamoutler.ssh.test-2APYtmAag9-hyMwHsVP8_Q==
04-15 15:08:06.951  1588  4826 V Configuration: Updating configuration, locales updated from [en_US] to [mk]
04-15 15:08:06.951  1588  4826 V Configuration: Updating configuration, locales updated from [en_US] to [ml]
04-15 15:08:06.952  1588  4826 V Configuration: Updating configuration, locales updated from [en_US] to [mn]
04-15 15:08:06.953 22877 22921 I DefaultLPManager: #getPackage
04-15 15:08:06.953  1588  4826 V Configuration: Updating configuration, locales updated from [en_US] to [mr]
04-15 15:08:06.953 22877 22921 I epbd    : (REDACTED) [%s] Installed LanguagePacks: %s
04-15 15:08:06.953 22877 22921 I epbd    : (REDACTED) [%s] Pending pack: %s
04-15 15:08:06.953  1588  4826 V Configuration: Updating configuration, locales updated from [en_US] to [ms]
04-15 15:08:06.954  1588  4826 V Configuration: Updating configuration, locales updated from [en_US] to [ms_MY]
04-15 15:08:06.954  1588  1875 I AppsFilter: interaction: PackageSetting{adb2f6f com.google.android.microdroid.empty_payload/10305} -> PackageSetting{c553ea4 com.adamoutler.ssh.test/10440} BLOCKED
04-15 15:08:06.955  1588  2673 D BackgroundInstallControlService: Package event received: 1
04-15 15:08:06.956  1588  1875 D PackageInstallerSession: Marking session 1322667312 as applied
04-15 15:08:06.957  1588  4826 V Configuration: Updating configuration, locales updated from [en_US] to [my]
04-15 15:08:06.958  1588  4826 V Configuration: Updating configuration, locales updated from [en_US] to [nb]
04-15 15:08:06.959  1588  4826 V Configuration: Updating configuration, locales updated from [en_US] to [nb_NO]
04-15 15:08:06.959  1588  4826 V Configuration: Updating configuration, locales updated from [en_US] to [ne]
04-15 15:08:06.960  1588  4826 V Configuration: Updating configuration, locales updated from [en_US] to [nl]
04-15 15:08:06.960 22877 18570 I czbg    : (REDACTED) MDD.addFileGroup(%s) returned %b
04-15 15:08:06.960  1588  4826 V Configuration: Updating configuration, locales updated from [en_US] to [nl_NL]
04-15 15:08:06.960 22877 18570 I czbu    : MDD refresh completed.
04-15 15:08:06.961  1588  4809 I BackupManagerService: Restore complete.
04-15 15:08:06.962 22877 22921 I czbu    : Trying to get last downloaded model for current locale.
04-15 15:08:06.962 22877 22921 I czbu    : (REDACTED) MDD.getFileGroup(%s)
04-15 15:08:06.962  9087  9139 I AndroidBackupEventsLogg: (REDACTED) Logging without sampling %s
04-15 15:08:06.962  1588  4826 V Configuration: Updating configuration, locales updated from [en_US] to [or]
04-15 15:08:06.963  1588  4826 V Configuration: Updating configuration, locales updated from [en_US] to [pa]
04-15 15:08:06.963  1588  4826 V Configuration: Updating configuration, locales updated from [en_US] to [pl]
04-15 15:08:06.963 22877 22908 I czbu    : (REDACTED) MDD get/download %s returned successful.
04-15 15:08:06.963 22877 22908 I czbu    : (REDACTED) MDD returned hotwordModelSpec %s
04-15 15:08:06.963  1588  4826 V Configuration: Updating configuration, locales updated from [en_US] to [pl_PL]
04-15 15:08:06.964  1588  4826 V Configuration: Updating configuration, locales updated from [en_US] to [pt]
04-15 15:08:06.964  1588  4826 V Configuration: Updating configuration, locales updated from [en_US] to [pt_BR]
04-15 15:08:06.965  1588  4826 V Configuration: Updating configuration, locales updated from [en_US] to [pt_PT]
04-15 15:08:06.966  1588  4826 V Configuration: Updating configuration, locales updated from [en_US] to [ro]
04-15 15:08:06.966  1588  4826 V Configuration: Updating configuration, locales updated from [en_US] to [ro_RO]
04-15 15:08:06.967  1588  4826 V Configuration: Updating configuration, locales updated from [en_US] to [ru]
04-15 15:08:06.967  1588  4826 V Configuration: Updating configuration, locales updated from [en_US] to [ru_RU]
04-15 15:08:06.968  1588  4826 V Configuration: Updating configuration, locales updated from [en_US] to [si]
04-15 15:08:06.968  1588  4826 V Configuration: Updating configuration, locales updated from [en_US] to [sk]
04-15 15:08:06.969  1588  4826 V Configuration: Updating configuration, locales updated from [en_US] to [sk_SK]
04-15 15:08:06.969  1588  4826 V Configuration: Updating configuration, locales updated from [en_US] to [sl]
04-15 15:08:06.970  1588  4826 V Configuration: Updating configuration, locales updated from [en_US] to [sl_SI]
04-15 15:08:06.970  1588  4826 V Configuration: Updating configuration, locales updated from [en_US] to [sq]
04-15 15:08:06.971  1588  4826 V Configuration: Updating configuration, locales updated from [en_US] to [sr]
04-15 15:08:06.972  1588  4826 V Configuration: Updating configuration, locales updated from [en_US] to [sr__#Latn]
04-15 15:08:06.972  1588  4826 V Configuration: Updating configuration, locales updated from [en_US] to [sr_RS]
04-15 15:08:06.973  1588  4826 V Configuration: Updating configuration, locales updated from [en_US] to [sv]
04-15 15:08:06.973  1588  4826 V Configuration: Updating configuration, locales updated from [en_US] to [sv_SE]
04-15 15:08:06.974 12295 18236 I bte     : Work finished, result: Result(successCount=2, failureCount=0), latency: PT0.12S
04-15 15:08:06.974  1588  4826 V Configuration: Updating configuration, locales updated from [en_US] to [sw]
04-15 15:08:06.974  1588  4809 D BackupManagerService: [UserID:0] Released wakelock:*backup*-0-4809
04-15 15:08:06.974  1588  4826 V Configuration: Updating configuration, locales updated from [en_US] to [sw_TZ]
04-15 15:08:06.975  1588  4826 V Configuration: Updating configuration, locales updated from [en_US] to [ta]
04-15 15:08:06.975  1588  4826 V Configuration: Updating configuration, locales updated from [en_US] to [te]
04-15 15:08:06.975 23240 23353 I epbt    : (REDACTED) <<< [%s] Reading SodaResourceManager message with updated resourceIds: %s. Total set: %s
04-15 15:08:06.975 23240 23353 I epbt    : (REDACTED) <<< [%s] SodaResourceManager session emitted all requested resources: %s. Ok to terminate.
04-15 15:08:06.976  1588  4826 V Configuration: Updating configuration, locales updated from [en_US] to [th]
04-15 15:08:06.976  1588  4826 V Configuration: Updating configuration, locales updated from [en_US] to [th_TH]
04-15 15:08:06.976  1588  4826 V Configuration: Updating configuration, locales updated from [en_US] to [tr]
04-15 15:08:06.977  1588  4826 V Configuration: Updating configuration, locales updated from [en_US] to [tr_TR]
04-15 15:08:06.977  1588  4826 V Configuration: Updating configuration, locales updated from [en_US] to [uk]
04-15 15:08:06.978 22877 22907 I czbu    : (REDACTED) MDD get/download %s returned successful.
04-15 15:08:06.978 22877 22907 I czbu    : (REDACTED) MDD returned hotwordModelSpec %s
04-15 15:08:06.978  1588  4826 V Configuration: Updating configuration, locales updated from [en_US] to [uk_UA]
04-15 15:08:06.978  1588  4826 V Configuration: Updating configuration, locales updated from [en_US] to [ur]
04-15 15:08:06.979  1588  4826 V Configuration: Updating configuration, locales updated from [en_US] to [uz]
04-15 15:08:06.979  1588  4826 V Configuration: Updating configuration, locales updated from [en_US] to [vi]
04-15 15:08:06.980  1588  4826 V Configuration: Updating configuration, locales updated from [en_US] to [vi_VN]
04-15 15:08:06.980  1588  4826 V Configuration: Updating configuration, locales updated from [en_US] to [zh_CN]
04-15 15:08:06.981  1588  4826 V Configuration: Updating configuration, locales updated from [en_US] to [zh_HK]
04-15 15:08:06.981  1588  4826 V Configuration: Updating configuration, locales updated from [en_US] to [zh_TW]
04-15 15:08:06.982  1588  4826 V Configuration: Updating configuration, locales updated from [en_US] to [zu]
04-15 15:08:06.982  1588  4826 V Configuration: Updating configuration, locales updated from [en_US] to [zu_ZA]
04-15 15:08:06.983 12295 25267 I btq     : Finished work type: HANDLE_PACKAGES_CHANGED, success: true, latency: PT0.14S
04-15 15:08:06.983 12295 12295 I WorkService: Stopping the work service
04-15 15:08:06.983 22877 22915 I czbu    : (REDACTED) HotwordModel returned with path: %s
04-15 15:08:06.985  1588  2670 D ShortcutService: received package broadcast intent: Intent { act=android.intent.action.PACKAGE_ADDED dat=package: flg=0x4000010 (has extras) }
04-15 15:08:06.988  1588  2670 D ShortcutService: adding package: com.adamoutler.ssh.test userId=0
04-15 15:08:06.989 22877 22921 I czbu    : (REDACTED) HotwordModel returned with path: %s
04-15 15:08:06.990 22877 22921 I czbu    : (REDACTED) Scraping model ID for model of size %d
04-15 15:08:06.990 22877 22921 I czbu    : (REDACTED) Scraped model ID: %s
04-15 15:08:06.991 22877 22915 I czbu    : (REDACTED) Scraping model ID for model of size %d
04-15 15:08:06.991 22877 22915 I czbu    : (REDACTED) Scraped model ID: %s
04-15 15:08:06.991  2721  2721 D ControlsListingControllerImpl: ServiceConfig reloaded, count: 2
04-15 15:08:06.991 22877 22907 I epgf    : (REDACTED) Returning hotword model with ID: %s
04-15 15:08:06.991 22877 22908 I epgf    : (REDACTED) Returning hotword model with ID: %s
04-15 15:08:06.992  1588  2679 I SdkSandboxManager: No SDKs used. Skipping SDK data reconcilation for CallingInfo{mUid=10440, mPackageName='com.adamoutler.ssh.test, mAppProcessToken='null'}
04-15 15:08:06.996  3074  3219 I SatelliteAppTracker: onPackageAdded : com.adamoutler.ssh.test
04-15 15:08:06.997  3074  3074 D CarrierSvcBindHelper: onPackageAdded: com.adamoutler.ssh.test
04-15 15:08:06.999  1588  2791 W ForegroundServiceTypeLoggerModule: FGS stop call for: 10187 has no types!
04-15 15:08:07.000  3074  3227 D EuiccConnector: handleMessage: E msg.what=1
04-15 15:08:07.000  3074  3227 D EuiccConnector: processMsg: ConnectedState
04-15 15:08:07.000  3074  3227 D EuiccConnector: processMsg: DisconnectedState
04-15 15:08:07.002  2990  2990 I RegisteredComponentCache: generateComponentsList: New Components => 
04-15 15:08:07.002  2990  2990 I RegisteredComponentCache: ComponentInfo: ResolveInfo{6d8f755 com.google.android.tag/com.android.apps.tag.TagViewer m=0x108000 userHandle=UserHandle{0}}, techs: android.nfc.tech.Ndef, 
04-15 15:08:07.002  2990  2990 I RegisteredComponentCache: generateComponentsList: Removed Components => 
04-15 15:08:07.002  2990  2990 I RegisteredComponentCache: ComponentInfo: ResolveInfo{1052612 com.google.android.tag/com.android.apps.tag.TagViewer m=0x108000 userHandle=UserHandle{0}}, techs: android.nfc.tech.Ndef, 
04-15 15:08:07.005  3074  3227 D EuiccConnector: handleMessage: X
04-15 15:08:07.008  1588  2673 D BackgroundInstallControlService: Package event received: 0
04-15 15:08:07.009  1588  2673 D BackgroundInstallControlService: Package event received: 0
04-15 15:08:07.009  1588  2673 D BackgroundInstallControlService: Package event received: 0
04-15 15:08:07.011  3225  3225 I SafetyLabelChangedBroadcastReceiver: received broadcast packageName: com.adamoutler.ssh.test, current user: UserHandle{0}, packageChangeEvent: NEW_INSTALL, intent user: UserHandle{0}
04-15 15:08:07.011 12295 12295 I WorkService: Work service moved out of the foreground
04-15 15:08:07.020  1588  1588 D AS.AudioService: received android.intent.action.PACKAGE_ADDED replacing: false archival: false for package com.adamoutler.ssh.test with uid 10440
04-15 15:08:07.021 12056 12056 E Finsky  : [2] Failed to load an Item com.android.vending, no data available.
04-15 15:08:07.021 12056 12056 E Finsky  : [2] Required items [com.android.vending]
04-15 15:08:07.021 12056 12056 E Finsky  : [2] Requested items [[com.android.vending]]
04-15 15:08:07.021 12056 12056 E Finsky  : [2] Retrieved items []
04-15 15:08:07.021  1008  4627 D NativePermissionController: updatePackagesForUid, UidPackageState{uid: 10440, packageStates: [PackageState{packageName: com.adamoutler.ssh.test, targetSdk: 34, isPlaybackCaptureAllowed: true}]}
04-15 15:08:07.022  1588  1588 D AppSearchAppsIndexerManagerS: userid in package receiver: 10440
04-15 15:08:07.023 22877 22920 I epbd    : (REDACTED) [%s] SRM initial state for hotword: '%s'
04-15 15:08:07.023 22877 22903 I czbu    : Getting hotwordModelConfig
04-15 15:08:07.024  3074  3074 D CarrierSvcBindHelper: No carrier app for: 0
04-15 15:08:07.025  1588  1588 D TransparencyService: Not an update. Skipping...
04-15 15:08:07.025  3074  3074 D CarrierSvcBindHelper: No carrier app for: 1
04-15 15:08:07.028  1588  1797 D LauncherAppsService: onPackageAdded: user=UserHandle{0}, packageName=com.adamoutler.ssh.test
04-15 15:08:07.028  1588  1797 D LauncherAppsService: onPackageAdded: triggering onPackageAdded for user=UserHandle{0}, packageName=com.adamoutler.ssh.test
04-15 15:08:07.028  3225  5834 I PermissionControllerServiceImpl: Updating user sensitive for uid 10440
04-15 15:08:07.028  1588  1797 D LauncherAppsService: onPackageAdded: triggering onPackageAdded for user=UserHandle{0}, packageName=com.adamoutler.ssh.test
04-15 15:08:07.028  1588  1797 D LauncherAppsService: onPackageAdded: triggering onPackageAdded for user=UserHandle{0}, packageName=com.adamoutler.ssh.test
04-15 15:08:07.029  2721  3358 D LauncherApps: onPackageAdded 0,com.adamoutler.ssh.test
04-15 15:08:07.029 25816 26086 D LauncherApps: onPackageAdded 0,com.adamoutler.ssh.test
04-15 15:08:07.029 25816 25842 D LauncherAppsCallbackImpl: onPackageAdded triggered for packageName=com.adamoutler.ssh.test, user=UserHandle{0}
04-15 15:08:07.030 23240 23347 I epbt    : (REDACTED) <<< [%s] Reading SodaResourceManager message with initial resourceIds: '%s.'
04-15 15:08:07.030 23240 23347 I epbt    : (REDACTED) <<< [%s] SodaResourceManager session emitted all requested resources: %s. Ok to terminate.
04-15 15:08:07.029  1588  2943 W ParceledListSlice: Element #12 is 22880 bytes.
04-15 15:08:07.034 22877 22907 I czbu    : MDD.refreshFileGroups(hotwordFileGroupPopulator)
04-15 15:08:07.035 22877 22907 I czbg    : (REDACTED) MDD.addFileGroup(%s)
04-15 15:08:07.039  1588  1797 W PackageManager: Failed registering loading progress callback. Package is fully loaded.
04-15 15:08:07.039 12295 12295 I WorkService: Work service destroyed
04-15 15:08:07.039 19439 19806 D LauncherApps: onPackageAdded 0,com.adamoutler.ssh.test
04-15 15:08:07.043 12295 12295 I ckq     : Stopping watchdog: work-service, completed in time
04-15 15:08:07.045  2990  2990 D NfcService: renewTagAppPrefList: TagAppPreference changed false
04-15 15:08:07.045 25816 25842 D BaseIconCache: Default icon returned for com.adamoutler.ssh.test
04-15 15:08:07.049 19439 19439 I AiAiEcho: (REDACTED) AppFetcherImplV2 updateApps package:[%s], userId:[%d], reason:[%s].
04-15 15:08:07.050  1588  4978 W AppOpService: Ignored setUidMode call for runtime permission app op: uid = 1001, code = READ_SMS, mode = allow, callingUid = 1001, oldMode = allow
04-15 15:08:07.051  1588  5014 W AppOpService: Ignored setUidMode call for runtime permission app op: uid = 1001, code = RECEIVE_SMS, mode = allow, callingUid = 1001, oldMode = allow
04-15 15:08:07.052  1588  2446 W AppOpService: Ignored setUidMode call for runtime permission app op: uid = 1001, code = RECEIVE_WAP_PUSH, mode = allow, callingUid = 1001, oldMode = allow
04-15 15:08:07.052  1588  2446 W AppOpService: Ignored setUidMode call for runtime permission app op: uid = 1001, code = SEND_SMS, mode = allow, callingUid = 1001, oldMode = allow
04-15 15:08:07.053  1588  2446 W AppOpService: Ignored setUidMode call for runtime permission app op: uid = 1001, code = READ_CELL_BROADCASTS, mode = allow, callingUid = 1001, oldMode = allow
04-15 15:08:07.056 22877 19036 I czbg    : (REDACTED) MDD.addFileGroup(%s) returned %b
04-15 15:08:07.056 22877 19036 I czbu    : MDD refresh completed.
04-15 15:08:07.058  1588  1588 D BackupManagerConstants: getFullBackupIntervalMilliseconds(...) returns 86400000
04-15 15:08:07.059  1588  1588 D BackupManagerConstants: getFullBackupRequiredNetworkType(...) returns 2
04-15 15:08:07.059 22877 22915 I czbu    : (REDACTED) Trying to get latest model with timeout: %dms.
04-15 15:08:07.059 22877 22915 I czbu    : Trying to get latest model bytes.
04-15 15:08:07.059  1588  1588 D BackupManagerConstants: getFullBackupRequireCharging(...) returns true
04-15 15:08:07.059 22877 22915 I czbu    : (REDACTED) Trying to get preloaded model for matching URL. (locale=%s)
04-15 15:08:07.059 22877 22915 I czbu    : Preloaded model not available. Attempting download.
04-15 15:08:07.059 22877 22915 I czbu    : Trying to get latest MDD Model bytes.
04-15 15:08:07.060 22877 22915 I czbu    : (REDACTED) MDD.getFileGroup(%s)
04-15 15:08:07.063  3074  3337 D ImsResolver: maybeAddedImsService, packageName: com.adamoutler.ssh.test
04-15 15:08:07.063  3074  3337 V ImsResolver: searchForImsServices: package=com.adamoutler.ssh.test, users=[UserHandle{0}]
04-15 15:08:07.063  3074  3337 V ImsResolver: searchForImsServices: package=com.adamoutler.ssh.test, users=[UserHandle{0}]
04-15 15:08:07.068  3074  3074 W VvmPkgInstalledRcvr: carrierVvmPkgAdded: carrier vvm packages doesn't contain com.adamoutler.ssh.test
04-15 15:08:07.068 22877 22920 I epbd    : (REDACTED) [%s] #getLatestServerTisidVoiceprint: %s
04-15 15:08:07.069 22877 22920 I epbd    : (REDACTED) [%s] Server Tisid voiceprint queries skipped because ServerTisid-specific flag is disabled.
04-15 15:08:07.069 22877 22920 I czbu    : (REDACTED) MDD.downloadFileGroup(%s)
04-15 15:08:07.071 22877 22915 I czdx    : #getTdsidModel
04-15 15:08:07.072 22877 22919 I czdx    : #getTisidModel
04-15 15:08:07.072 22877 22919 I czdx    : #initialize
04-15 15:08:07.079  1588  1588 I AppsFilter: interaction: PackageSetting{532297b com.google.android.microdroid.empty_payload/10305} -> PackageSetting{f215398 com.adamoutler.ssh.test/10440} BLOCKED
04-15 15:08:07.080  1588  1588 I RemoteContentProtectionService: Connection status for: ComponentInfo{com.google.android.odad/com.google.android.apps.miphone.odad.contentprotection.ContentProtectionService} changed to: connected
04-15 15:08:07.080 25816 25842 D AlphabeticIndexCompat: computeSectionName: cs: Settings sectionName: S
04-15 15:08:07.082 25816 25842 D AlphabeticIndexCompat: computeSectionName: cs: Photos sectionName: P
04-15 15:08:07.083 25816 25842 D AlphabeticIndexCompat: computeSectionName: cs: Cx File Explorer sectionName: C
04-15 15:08:07.084 22877 22907 I czdx    : Didn't find an initialized EnrollmentManager. Updating config.
04-15 15:08:07.084 22877 22907 I A       : (REDACTED) updateConfig: Hotword present: %b, LP directory: %s
04-15 15:08:07.084 25816 25842 D AlphabeticIndexCompat: computeSectionName: cs: Hulu sectionName: H
04-15 15:08:07.086 12295 12295 I ContentProtectionServic: CP service onConnected
04-15 15:08:07.086 25816 25842 D AlphabeticIndexCompat: computeSectionName: cs: Voice sectionName: V
04-15 15:08:07.087 25816 25842 D AlphabeticIndexCompat: computeSectionName: cs: Google TV sectionName: G
04-15 15:08:07.088 25816 25842 D AlphabeticIndexCompat: computeSectionName: cs: Gmail sectionName: G
04-15 15:08:07.088  2876  2876 D ServerContainer: uid 10440 is not cached.
04-15 15:08:07.089  2721  2721 D ControlsListingControllerImpl: ServiceConfig reloaded, count: 2
04-15 15:08:07.089 16980 16980 I Finsky:background: [2] Memory trim requested to level 40
04-15 15:08:07.089 16980 16980 I Finsky:background: [2] Memory trim requested to level 40
04-15 15:08:07.090 25816 25842 D AlphabeticIndexCompat: computeSectionName: cs: Gemini sectionName: G
04-15 15:08:07.090 22877 22915 I native  : I0000 00:00:1776280087.090141   22915 enrollment_manager_impl.cc:454] UpdateConfigRequest with timeout: 0
04-15 15:08:07.090 12056 12056 I Finsky  : [2] aiyb - Received: android.intent.action.PACKAGE_ADDED, [N2igpxMTI-gGTQRroGovqD19w0iEmxYrveFuhgcSbX4]
04-15 15:08:07.091 25816 25842 D AlphabeticIndexCompat: computeSectionName: cs: OneNote sectionName: O
04-15 15:08:07.092  3074  3074 D CarrierSvcBindHelper: onPackageModified: com.adamoutler.ssh.test
04-15 15:08:07.092  3074  3074 D CarrierSvcBindHelper: No carrier app for: 0
04-15 15:08:07.092  3074  3074 D CarrierSvcBindHelper: No carrier app for: 1
04-15 15:08:07.092 25816 25842 D AlphabeticIndexCompat: computeSectionName: cs: Translate sectionName: T
04-15 15:08:07.093 16980 16980 I Finsky:background: [2] Memory trim requested to level 40
04-15 15:08:07.093 12295 10122 I bzu     : Starting to build the allowlist
04-15 15:08:07.093 25816 25842 D AlphabeticIndexCompat: computeSectionName: cs: USAA sectionName: U
04-15 15:08:07.094  1588  2469 D CompatChangeReporter: Compat change id reported: 262645982; UID 10440; state: ENABLED
04-15 15:08:07.094  3074  3219 I SatelliteAppTracker: onPackageModified : com.adamoutler.ssh.test
04-15 15:08:07.095 25816 25842 D AlphabeticIndexCompat: computeSectionName: cs: Pixel Weather sectionName: P
04-15 15:08:07.095 16980 16980 I Finsky:background: [2] Memory trim requested to level 40
04-15 15:08:07.095 16980 16980 I Finsky:background: [2] Memory trim requested to level 40
04-15 15:08:07.095 16980 16980 I Finsky:background: [2] Memory trim requested to level 40
04-15 15:08:07.095 25816 25842 D AlphabeticIndexCompat: computeSectionName: cs: JuiceSSH sectionName: J
04-15 15:08:07.095 25816 25842 D AlphabeticIndexCompat: computeSectionName: cs: Contacts sectionName: C
04-15 15:08:07.095  3074  3227 D EuiccConnector: handleMessage: E msg.what=1
04-15 15:08:07.095  3074  3227 D EuiccConnector: processMsg: ConnectedState
04-15 15:08:07.096  3074  3227 D EuiccConnector: processMsg: DisconnectedState
04-15 15:08:07.096 25816 25842 D AlphabeticIndexCompat: computeSectionName: cs: Calendar sectionName: C
04-15 15:08:07.096 25816 25842 D AlphabeticIndexCompat: computeSectionName: cs: LinkedIn sectionName: L
04-15 15:08:07.096 16980 16980 I Finsky:background: [2] aixr - Received: android.intent.action.PACKAGE_ADDED, [N2igpxMTI-gGTQRroGovqD19w0iEmxYrveFuhgcSbX4]
04-15 15:08:07.096 25816 25842 D AlphabeticIndexCompat: computeSectionName: cs: Docs sectionName: D
04-15 15:08:07.096 25816 25842 D AlphabeticIndexCompat: computeSectionName: cs: Wyze sectionName: W
04-15 15:08:07.097 25816 25842 D AlphabeticIndexCompat: computeSectionName: cs: ECOVACS HOME sectionName: E
04-15 15:08:07.097 25816 25842 D AlphabeticIndexCompat: computeSectionName: cs: Home Assistant sectionName: H
04-15 15:08:07.097 25816 25842 D AlphabeticIndexCompat: computeSectionName: cs: Google News sectionName: G
04-15 15:08:07.097 25816 25842 D AlphabeticIndexCompat: computeSectionName: cs: Pixel Buds sectionName: P
04-15 15:08:07.098 25816 25842 D AlphabeticIndexCompat: computeSectionName: cs: WhatsApp sectionName: W
04-15 15:08:07.098 25816 25842 D AlphabeticIndexCompat: computeSectionName: cs: YouTube Music sectionName: Y
04-15 15:08:07.098 25816 25842 D AlphabeticIndexCompat: computeSectionName: cs: YouTube sectionName: Y
04-15 15:08:07.098 25816 25842 D AlphabeticIndexCompat: computeSectionName: cs: Android System Intelligence sectionName: A
04-15 15:08:07.098 25816 25842 D AlphabeticIndexCompat: computeSectionName: cs: Home sectionName: H
04-15 15:08:07.099 25816 25842 D AlphabeticIndexCompat: computeSectionName: cs: Digital Wellbeing sectionName: D
04-15 15:08:07.099 25816 25842 D AlphabeticIndexCompat: computeSectionName: cs: Conversations sectionName: C
04-15 15:08:07.099 25816 25842 D AlphabeticIndexCompat: computeSectionName: cs: Battery sectionName: B
04-15 15:08:07.099  2990  2990 I RegisteredComponentCache: generateComponentsList: New Components => 
04-15 15:08:07.099  2990  2990 I RegisteredComponentCache: ComponentInfo: ResolveInfo{5830c09 com.google.android.tag/com.android.apps.tag.TagViewer m=0x108000 userHandle=UserHandle{0}}, techs: android.nfc.tech.Ndef, 
04-15 15:08:07.099  2990  2990 I RegisteredComponentCache: generateComponentsList: Removed Components => 
04-15 15:08:07.099  2990  2990 I RegisteredComponentCache: ComponentInfo: ResolveInfo{6d8f755 com.google.android.tag/com.android.apps.tag.TagViewer m=0x108000 userHandle=UserHandle{0}}, techs: android.nfc.tech.Ndef, 
04-15 15:08:07.099 25816 25842 D AlphabeticIndexCompat: computeSectionName: cs: Chrome sectionName: C
04-15 15:08:07.100 25816 25842 D AlphabeticIndexCompat: computeSectionName: cs: Users sectionName: U
04-15 15:08:07.100 25816 25842 D AlphabeticIndexCompat: computeSectionName: cs: AAWireless sectionName: A
04-15 15:08:07.100 25816 25842 D AlphabeticIndexCompat: computeSectionName: cs: Drive sectionName: D
04-15 15:08:07.100 25816 25842 D AlphabeticIndexCompat: computeSectionName: cs: Clock sectionName: C
04-15 15:08:07.101 25816 25842 D AlphabeticIndexCompat: computeSectionName: cs: GitHub sectionName: G
04-15 15:08:07.101 25816 25842 D AlphabeticIndexCompat: computeSectionName: cs: Enpass sectionName: E
04-15 15:08:07.101 25816 25842 D AlphabeticIndexCompat: computeSectionName: cs: Maps sectionName: M
04-15 15:08:07.101 25816 25842 D AlphabeticIndexCompat: computeSectionName: cs: Google Play Store sectionName: G
04-15 15:08:07.102 25816 25842 D AlphabeticIndexCompat: computeSectionName: cs: Walmart sectionName: W
04-15 15:08:07.102 25816 25842 D AlphabeticIndexCompat: computeSectionName: cs: ChatGPT sectionName: C
04-15 15:08:07.102  3074  3227 D EuiccConnector: handleMessage: X
04-15 15:08:07.102 25816 25842 D AlphabeticIndexCompat: computeSectionName: cs: SmartThings sectionName: S
04-15 15:08:07.102 25816 25842 D AlphabeticIndexCompat: computeSectionName: cs: Keep Notes sectionName: K
04-15 15:08:07.102  1588  1588 D AppSearchAppsIndexerManagerS: userid in package receiver: 10440
