04-21 05:55:54.592  1643  4189 D BackgroundInstallControlService: Package event received: 0
04-21 05:55:54.592  1643  4189 D BackgroundInstallControlService: Package event received: 0
04-21 05:55:54.597  1643  1915 W JobScheduler: Job didn't exist in JobStore: e5f853d #u0a120/-280572046 com.google.android.as.oss/com.google.android.gms.learning.internal.training.InAppJobService
04-21 05:55:54.605  1643  1915 W JobScheduler: Job didn't exist in JobStore: 3443839 #u0a120/-1967367952 com.google.android.as.oss/com.google.android.gms.learning.internal.training.InAppJobService
04-21 05:55:54.613  1643  1915 W JobScheduler: Job didn't exist in JobStore: 5271ef5 #u0a120/-205649338 com.google.android.as.oss/com.google.android.gms.learning.internal.training.InAppJobService
04-21 05:55:54.621  1643  1915 W JobScheduler: Job didn't exist in JobStore: 7c6df56 #u0a120/-939763582 com.google.android.as.oss/com.google.android.gms.learning.internal.training.InAppJobService
04-21 05:55:54.629  1643  1915 W JobScheduler: Job didn't exist in JobStore: 3699ae2 #u0a120/-286677079 com.google.android.as.oss/com.google.android.gms.learning.internal.training.InAppJobService
04-21 05:55:54.636  1643  1915 W JobScheduler: Job didn't exist in JobStore: 18a832e #u0a120/-1670948438 com.google.android.as.oss/com.google.android.gms.learning.internal.training.InAppJobService
04-21 05:55:54.644  1643  1915 W JobScheduler: Job didn't exist in JobStore: ebfa43a #u0a120/-648439940 com.google.android.as.oss/com.google.android.gms.learning.internal.training.InAppJobService
04-21 05:55:54.651  1643  1915 W JobScheduler: Job didn't exist in JobStore: 8f3ca06 #u0a120/-144569728 com.google.android.as.oss/com.google.android.gms.learning.internal.training.InAppJobService
04-21 05:55:54.658  1643  1915 W JobScheduler: Job didn't exist in JobStore: ff28092 #u0a120/-1679289975 com.google.android.as.oss/com.google.android.gms.learning.internal.training.InAppJobService
04-21 05:55:54.665  1643  1915 W JobScheduler: Job didn't exist in JobStore: 2b413de #u0a120/-1517128893 com.google.android.as.oss/com.google.android.gms.learning.internal.training.InAppJobService
04-21 05:55:54.672  1643  1915 W JobScheduler: Job didn't exist in JobStore: 5698fea #u0a120/-2127835104 com.google.android.as.oss/com.google.android.gms.learning.internal.training.InAppJobService
04-21 05:55:54.683  1643  1915 D ActivityManager: sync unfroze 30300 com.thetileapp.tile for 6
04-21 05:55:54.699  1643  1915 D ActivityManager: sync unfroze 18656 com.android.vending for 6
04-21 05:55:54.706  1643  1915 W JobScheduler: Job didn't exist in JobStore: c48c0b6 #u0a120/-578294288 com.google.android.as.oss/com.google.android.gms.learning.internal.training.InAppJobService
04-21 05:55:54.709  1643  2234 W JobServiceContext: Sending onNetworkChanged for a job that isn't started. JobStatus{39eb201 androidx.work.systemjobscheduler:u0a318/12462 #TileJobWorker#@androidx.work.systemjobscheduler@com.thetileapp.tile/androidx.work.impl.background.systemjob.SystemJobService u=0 s=10318 TIME=-23s394ms:none NET READY}
04-21 05:55:54.720  1643  4349 W JobScheduler: Job didn't exist in JobStore: 7183242 #u0a120/-1269679295 com.google.android.as.oss/com.google.android.gms.learning.internal.training.InAppJobService
04-21 05:55:54.727  1643  4349 W JobScheduler: Job didn't exist in JobStore: e1320af #u0a120/-1909303987 com.google.android.as.oss/com.google.android.gms.learning.internal.training.InAppJobService
04-21 05:55:54.732  1643  1915 W JobScheduler: Job didn't exist in JobStore: 8746cbc #u0a120/-814368097 com.google.android.as.oss/com.google.android.gms.learning.internal.training.InAppJobService
04-21 05:55:54.734  1643  2226 W ProcessStats: Tracking association SourceState{5cf21d6 com.thetileapp.tile/10318 ImpBg #434826} whose proc state 6 is better than process ProcessState{704cc57 com.android.vending/10179 pkg=com.android.vending (sub)} proc state 14 (5 skipped)
04-21 05:55:54.741  1643  2226 W JobScheduler: Job didn't exist in JobStore: 81bc445 #u0a120/-782930206 com.google.android.as.oss/com.google.android.gms.learning.internal.training.InAppJobService
04-21 05:55:54.747  1643  2226 W JobScheduler: Job didn't exist in JobStore: bfdc79a #u0a120/-638764459 com.google.android.as.oss/com.google.android.gms.learning.internal.training.InAppJobService
04-21 05:56:00.046  1643  1720 I DisplayDeviceRepository: Display device changed render timings: "Built-in Screen", renderFrameRate=60.000004, presentationDeadlineNanos=11500000, appVsyncOffsetNanos=6233332, frameRateOverrides=[{uid=10258 frameRateHz=60.000004}]
04-21 05:56:00.047  1643  1711 D WindowManager: DeferredDisplayUpdater: partially applying DisplayInfo(960 x 2142) immediately
04-21 05:56:00.796  1643  1720 I DisplayDeviceRepository: Display device changed render timings: "Built-in Screen", renderFrameRate=60.000004, presentationDeadlineNanos=11500000, appVsyncOffsetNanos=6233332, frameRateOverrides=[]
04-21 05:56:05.240  1643  2242 D ActivityManager: freezing 30300 com.thetileapp.tile
04-21 05:56:05.247  1643  2242 D ActivityManager: freezing 18656 com.android.vending
04-21 05:56:05.427  1643  4189 D BackgroundInstallControlService: Package event received: 0
04-21 05:56:12.412  1643  1818 I ProcessStatsService: Pruning old procstats: /data/system/procstats/state-v2-2026-04-20-02-55-01.bin
04-21 05:56:13.923  1643  4189 D BackgroundInstallControlService: Package event received: 0
04-21 05:56:23.623  1643  4189 D BackgroundInstallControlService: Package event received: 0
04-21 05:56:30.626  1643  4189 D BackgroundInstallControlService: Package event received: 0
04-21 05:56:47.229  1643  4189 D BackgroundInstallControlService: Package event received: 0
04-21 05:56:49.066  4233  4837 D PowerUI : can't show warning due to - plugged: true status unknown: false
04-21 05:56:51.311  1643  4189 D BackgroundInstallControlService: Package event received: 0
04-21 05:56:52.244  1643  1821 D ActivityManager: sync unfroze 16498 com.google.android.apps.messaging for 3
04-21 05:56:52.248  1643  1821 D ActivityManager: sync unfroze 5586 com.google.android.apps.pixel.customizationbundle for 3
04-21 05:56:55.113  1643  2242 D ActivityManager: freezing 32152 com.google.android.apps.turbo
04-21 05:57:00.028  1643  1720 I DisplayDeviceRepository: Display device changed render timings: "Built-in Screen", renderFrameRate=120.00001, presentationDeadlineNanos=11500000, appVsyncOffsetNanos=6233332, frameRateOverrides=[]
04-21 05:57:00.029  1643  1711 D WindowManager: DeferredDisplayUpdater: partially applying DisplayInfo(960 x 2142) immediately
04-21 05:57:02.253  1643  2242 D ActivityManager: freezing 16498 com.google.android.apps.messaging
04-21 05:57:02.262  1643  2242 D ActivityManager: freezing 5586 com.google.android.apps.pixel.customizationbundle
04-21 05:57:03.927  1643  4189 D BackgroundInstallControlService: Package event received: 0
04-21 05:57:03.967  1643  4189 D BackgroundInstallControlService: Package event received: 0
04-21 05:57:07.998  4233  5421 D PowerUI : can't show warning due to - plugged: true status unknown: false
04-21 05:57:34.808  1643  4189 D BackgroundInstallControlService: Package event received: 0
04-21 05:57:36.121  1643  4189 D BackgroundInstallControlService: Package event received: 0
04-21 05:57:47.391  1643  4189 D BackgroundInstallControlService: Package event received: 0
04-21 05:57:50.223  1643  4189 D BackgroundInstallControlService: Package event received: 0
04-21 05:57:51.523  1643  4189 D BackgroundInstallControlService: Package event received: 0
04-21 05:58:01.496  1643  4189 D BackgroundInstallControlService: Package event received: 0
04-21 05:58:04.146  1643  4189 D BackgroundInstallControlService: Package event received: 0
04-21 05:58:09.722  1643  4189 D BackgroundInstallControlService: Package event received: 0
04-21 05:58:15.443  1643  4189 D BackgroundInstallControlService: Package event received: 0
04-21 05:58:26.533  1643  4189 D BackgroundInstallControlService: Package event received: 0
04-21 05:58:40.661  1643  4189 D BackgroundInstallControlService: Package event received: 0
04-21 05:58:42.215  4233  5669 D PowerUI : can't show warning due to - plugged: true status unknown: false
04-21 05:58:43.335  1643  4189 D BackgroundInstallControlService: Package event received: 0
04-21 05:58:47.593  1643  4189 D BackgroundInstallControlService: Package event received: 0
04-21 05:58:58.764  1643  4189 D BackgroundInstallControlService: Package event received: 0
04-21 05:59:00.041  1643  1720 I DisplayDeviceRepository: Display device changed render timings: "Built-in Screen", renderFrameRate=60.000004, presentationDeadlineNanos=11500000, appVsyncOffsetNanos=6233332, frameRateOverrides=[{uid=10258 frameRateHz=60.000004}]
04-21 05:59:00.042  1643  1711 D WindowManager: DeferredDisplayUpdater: partially applying DisplayInfo(960 x 2142) immediately
04-21 05:59:00.793  1643  1720 I DisplayDeviceRepository: Display device changed render timings: "Built-in Screen", renderFrameRate=60.000004, presentationDeadlineNanos=11500000, appVsyncOffsetNanos=6233332, frameRateOverrides=[]
04-21 05:59:05.800  1643  4189 D BackgroundInstallControlService: Package event received: 0
04-21 05:59:07.239  1643  4189 D BackgroundInstallControlService: Package event received: 0
04-21 05:59:11.359  1643  4189 D BackgroundInstallControlService: Package event received: 0
04-21 05:59:18.442  1643  4189 D BackgroundInstallControlService: Package event received: 0
04-21 05:59:21.177  1643  4189 D BackgroundInstallControlService: Package event received: 0
04-21 05:59:25.295  1643  4189 D BackgroundInstallControlService: Package event received: 0
04-21 05:59:25.299  1643  4697 D ActivityManager: sync unfroze 32152 com.google.android.apps.turbo for 6
04-21 05:59:25.314  1643  4189 D BackgroundInstallControlService: Package event received: 0
04-21 05:59:25.337  1643  4697 W ProcessStats: Tracking association SourceState{da2e54b com.google.android.pixelsystemservice/10261 ImpFg #435049} whose proc state 5 is better than process ProcessState{1c3a3c5 com.google.android.apps.turbo/10149 pkg=com.google.android.apps.turbo} proc state 14 (1 skipped)
04-21 05:59:29.327  4233  8601 D PowerUI : can't show warning due to - plugged: true status unknown: false
04-21 05:59:29.340  4233 11158 D PowerUI : can't show warning due to - plugged: true status unknown: false
04-21 05:59:47.756  1643  4189 D BackgroundInstallControlService: Package event received: 0
04-21 05:59:49.144  1643  4189 D BackgroundInstallControlService: Package event received: 0
04-21 05:59:56.205  1643  4189 D BackgroundInstallControlService: Package event received: 0
04-21 05:59:59.009  1643  4189 D BackgroundInstallControlService: Package event received: 0
04-21 06:00:00.028  1643  1821 D ActivityManager: sync unfroze 4724 com.android.settings for 3
04-21 06:00:00.041  1643  1821 D ActivityManager: sync unfroze 7824 com.google.android.settings.intelligence for 3
04-21 06:00:00.047  1643  1821 D ActivityManager: sync unfroze 5804 com.android.keychain for 10
04-21 06:00:00.048  1643  4189 D BackgroundInstallControlService: Package event received: 0
04-21 06:00:00.048  1643  4189 D BackgroundInstallControlService: Package event received: 0
04-21 06:00:00.048  1643  1821 D ActivityManager: sync unfroze 31678 com.android.DeviceAsWebcam for 10
04-21 06:00:00.049  1643  1821 D ActivityManager: sync unfroze 11029 com.android.dynsystem:dynsystem for 10
04-21 06:00:00.050  1643  1821 D ActivityManager: sync unfroze 11015 com.android.dynsystem for 10
04-21 06:00:00.051  1643  1821 D ActivityManager: sync unfroze 5462 com.google.android.repairmode for 10
04-21 06:00:00.052  1643  1821 D ActivityManager: sync unfroze 6745 com.android.localtransport for 10
04-21 06:00:00.052  1643  1821 W ProcessStats: Tracking association SourceState{f5a447c com.android.settings/1000 Service #435080} whose proc state 8 is better than process ProcessState{8e3f237 com.google.android.settings.intelligence/10137 pkg=com.google.android.settings.intelligence} proc state 15 (0 skipped)
04-21 06:00:00.055  1643  4189 D BackgroundInstallControlService: Package event received: 0
04-21 06:00:00.055  1643  4189 D BackgroundInstallControlService: Package event received: 0
04-21 06:00:00.055  1643  4189 D BackgroundInstallControlService: Package event received: 0
04-21 06:00:00.057  1643  4189 D BackgroundInstallControlService: Package event received: 0
04-21 06:00:00.061  1643  1720 I DisplayDeviceRepository: Display device changed render timings: "Built-in Screen", renderFrameRate=120.00001, presentationDeadlineNanos=11500000, appVsyncOffsetNanos=6233332, frameRateOverrides=[]
04-21 06:00:00.064  1643  1711 D WindowManager: DeferredDisplayUpdater: partially applying DisplayInfo(960 x 2142) immediately
04-21 06:00:00.069  1643  1821 D ActivityManager: sync unfroze 16492 com.google.android.apps.wellbeing for 3
04-21 06:00:00.107  1643  4189 D BackgroundInstallControlService: Package event received: 0
04-21 06:00:00.113  1643  1821 D ActivityManager: sync unfroze 30300 com.thetileapp.tile for 3
04-21 06:00:00.114  1643  1821 D ActivityManager: sync unfroze 18656 com.android.vending for 3
04-21 06:00:00.157  1643  4189 D BackgroundInstallControlService: Package event received: 0
04-21 06:00:00.324  1643  1670 D ActivityManager: sync unfroze 24926 com.google.android.gms for 6
04-21 06:00:00.325  1643  1670 D ActivityManager: sync unfroze 3587 com.google.android.adservices.api for 6
04-21 06:00:00.363 24926 24949 W Looper  : Slow delivery took 277846ms android.bg app=com.google.android.gms main=false group=FOREGROUND h=android.database.sqlite.SQLiteConnectionPool$IdleConnectionHandler c=null m=14
04-21 06:00:00.379  1643  4189 D BackgroundInstallControlService: Package event received: 0
04-21 06:00:00.391  1643  2234 D ActivityManager: sync unfroze 12646 com.google.android.apps.pixel.support for 6
04-21 06:00:00.398  1643  2234 D ActivityManager: sync unfroze 1236 com.google.android.googlequicksearchbox:search for 6
04-21 06:00:00.400 12646 12646 D ActivityThread: Package [com.android.vending] reported as REPLACED, but missing application info. Assuming REMOVED.
04-21 06:00:00.400 12646 12646 D ActivityThread: Package [com.android.vending] reported as REPLACED, but missing application info. Assuming REMOVED.
04-21 06:00:00.403  1643  4189 D BackgroundInstallControlService: Package event received: 0
04-21 06:00:00.405  1643  4189 D BackgroundInstallControlService: Package event received: 0
04-21 06:00:00.407  1643  4189 D BackgroundInstallControlService: Package event received: 0
04-21 06:00:00.407  1643  4189 D BackgroundInstallControlService: Package event received: 0
04-21 06:00:00.407  1643  4189 D BackgroundInstallControlService: Package event received: 0
04-21 06:00:00.407  1643  4189 D BackgroundInstallControlService: Package event received: 0
04-21 06:00:00.407  1643  4189 D BackgroundInstallControlService: Package event received: 0
04-21 06:00:00.413  1643  4189 D BackgroundInstallControlService: Package event received: 0
04-21 06:00:00.414  1643  4189 D BackgroundInstallControlService: Package event received: 0
04-21 06:00:00.414  1643  4189 D BackgroundInstallControlService: Package event received: 0
04-21 06:00:00.414  1643  4189 D BackgroundInstallControlService: Package event received: 0
04-21 06:00:00.414  1643  4189 D BackgroundInstallControlService: Package event received: 0
04-21 06:00:00.414  1643  4189 D BackgroundInstallControlService: Package event received: 0
04-21 06:00:00.418  1643  4189 D BackgroundInstallControlService: Package event received: 0
04-21 06:00:00.533  1643  4697 D ActivityManager: sync unfroze 1327 com.google.android.googlequicksearchbox:googleapp for 6
04-21 06:00:00.534  1643  4697 D ActivityManager: sync unfroze 3470 com.google.android.webview:sandboxed_process0:org.chromium.content.app.SandboxedProcessService0:0 for 6
04-21 06:00:00.535  1643  4697 D ActivityManager: sync unfroze 24589 com.google.android.webview:sandboxed_process0:org.chromium.content.app.SandboxedProcessService0:2 for 6
04-21 06:00:00.787  1643  4697 W JobScheduler: Job didn't exist in JobStore: d7888f7 {androidx.work.systemjobscheduler} #u0a154/14119 #TikTokWorker#com.google.apps.tiktok.sync.impl.workmanager.SyncPeriodicWorker#@androidx.work.systemjobscheduler@com.google.android.googlequicksearchbox/androidx.work.impl.background.systemjob.SystemJobService
04-21 06:00:01.331  1643  4697 W AppOpService: Ignored setUidMode call for runtime permission app op: uid = 10135, code = READ_CELL_BROADCASTS, mode = allow, callingUid = 1000, oldMode = allow
04-21 06:00:01.335  1643  4697 W AppOpService: Ignored setUidMode call for runtime permission app op: uid = 1001, code = READ_SMS, mode = allow, callingUid = 1000, oldMode = allow
04-21 06:00:01.336  1643  4697 W AppOpService: Ignored setUidMode call for runtime permission app op: uid = 1001, code = RECEIVE_SMS, mode = allow, callingUid = 1000, oldMode = allow
04-21 06:00:01.337  1643  4697 W AppOpService: Ignored setUidMode call for runtime permission app op: uid = 1001, code = RECEIVE_WAP_PUSH, mode = allow, callingUid = 1000, oldMode = allow
04-21 06:00:01.337  1643  4697 W AppOpService: Ignored setUidMode call for runtime permission app op: uid = 1001, code = SEND_SMS, mode = allow, callingUid = 1000, oldMode = allow
04-21 06:00:01.337  1643  4697 W AppOpService: Ignored setUidMode call for runtime permission app op: uid = 1001, code = READ_CELL_BROADCASTS, mode = allow, callingUid = 1000, oldMode = allow
04-21 06:00:01.346  1643  4697 W AppOpService: Ignored setUidMode call for runtime permission app op: uid = 10135, code = READ_CELL_BROADCASTS, mode = allow, callingUid = 1000, oldMode = allow
04-21 06:00:01.348  1643  4697 W AppOpService: Ignored setUidMode call for runtime permission app op: uid = 1001, code = READ_SMS, mode = allow, callingUid = 1000, oldMode = allow
04-21 06:00:01.348  1643  4697 W AppOpService: Ignored setUidMode call for runtime permission app op: uid = 1001, code = RECEIVE_SMS, mode = allow, callingUid = 1000, oldMode = allow
04-21 06:00:01.348  1643  4697 W AppOpService: Ignored setUidMode call for runtime permission app op: uid = 1001, code = RECEIVE_WAP_PUSH, mode = allow, callingUid = 1000, oldMode = allow
04-21 06:00:01.349  1643  4697 W AppOpService: Ignored setUidMode call for runtime permission app op: uid = 1001, code = SEND_SMS, mode = allow, callingUid = 1000, oldMode = allow
04-21 06:00:01.349  1643  4697 W AppOpService: Ignored setUidMode call for runtime permission app op: uid = 1001, code = READ_CELL_BROADCASTS, mode = allow, callingUid = 1000, oldMode = allow
04-21 06:00:01.389  1643  4189 D BackgroundInstallControlService: Package event received: 0
04-21 06:00:01.390  1643  4189 D BackgroundInstallControlService: Package event received: 0
04-21 06:00:01.447  1643  4697 D ActivityManager: sync unfroze 11247 com.google.android.apps.turbo:aab for 7
04-21 06:00:01.452  1643  4189 D BackgroundInstallControlService: Package event received: 0
04-21 06:00:01.489  1643  4697 W AlarmManager: Window length 300000ms too short; expanding to 600000ms.
04-21 06:00:03.818  1643  4658 W AppOps  : Noting op not finished: uid 10186 pkg com.google.android.gms code 79 startTime of in progress event=1776744548977
04-21 06:00:03.826  1643  4658 W AppOps  : Noting op not finished: uid 10186 pkg com.google.android.gms code 113 startTime of in progress event=1776744548977
04-21 06:00:03.834  1643  2226 W AppOps  : Noting op not finished: uid 10186 pkg com.google.android.gms code 113 startTime of in progress event=1776744548977
04-21 06:00:04.313  1643  4349 W AppOps  : Noting op not finished: uid 10186 pkg com.google.android.gms code 113 startTime of in progress event=1776744548977
04-21 06:00:05.006  1643  4189 D BackgroundInstallControlService: Package event received: 0
04-21 06:00:05.027  1643  4189 D BackgroundInstallControlService: Package event received: 0
04-21 06:00:05.028  1643  4189 D BackgroundInstallControlService: Package event received: 0
04-21 06:00:10.628  1643  2242 D ActivityManager: freezing 12646 com.google.android.apps.pixel.support
04-21 06:00:10.796  1643  2242 D ActivityManager: freezing 1236 com.google.android.googlequicksearchbox:search
04-21 06:00:10.954  1643  2242 D ActivityManager: freezing 1327 com.google.android.googlequicksearchbox:googleapp
04-21 06:00:10.962  1643  2242 D ActivityManager: freezing 3470 com.google.android.webview:sandboxed_process0:org.chromium.content.app.SandboxedProcessService0:0
04-21 06:00:10.964  1643  2242 D ActivityManager: freezing 24589 com.google.android.webview:sandboxed_process0:org.chromium.content.app.SandboxedProcessService0:2
04-21 06:00:20.083  1643  4189 D BackgroundInstallControlService: Package event received: 0
04-21 06:00:20.104  1643  2242 D ActivityManager: freezing 5804 com.android.keychain
04-21 06:00:20.109  1643  2242 D ActivityManager: freezing 31678 com.android.DeviceAsWebcam
04-21 06:00:20.111  1643  2242 D ActivityManager: freezing 11029 com.android.dynsystem:dynsystem
04-21 06:00:20.114  1643  2242 D ActivityManager: freezing 11015 com.android.dynsystem
04-21 06:00:20.117  1643  2242 D ActivityManager: freezing 5462 com.google.android.repairmode
04-21 06:00:20.119  1643  2242 D ActivityManager: freezing 6745 com.android.localtransport
04-21 06:00:20.122  1643  2242 D ActivityManager: freezing 16492 com.google.android.apps.wellbeing
04-21 06:00:25.634  1643  4189 D BackgroundInstallControlService: Package event received: 0
04-21 06:00:28.455  1643  1833 W ProcessStats: Tracking association SourceState{da2e54b com.google.android.pixelsystemservice/10261 ImpFg #435195} whose proc state 5 is better than process ProcessState{1c3a3c5 com.google.android.apps.turbo/10149 pkg=com.google.android.apps.turbo} proc state 14 (40 skipped)
04-21 06:00:28.473  1643  4189 D BackgroundInstallControlService: Package event received: 0
04-21 06:00:30.101  1643  2242 D ActivityManager: freezing 24926 com.google.android.gms
04-21 06:00:30.111  1643  2242 D ActivityManager: freezing 3587 com.google.android.adservices.api
04-21 06:00:30.559  1643  2242 D ActivityManager: freezing 30300 com.thetileapp.tile
04-21 06:00:30.565  1643  2242 D ActivityManager: freezing 18656 com.android.vending
04-21 06:00:36.843  1643  4189 D BackgroundInstallControlService: Package event received: 0
04-21 06:00:37.457  1643  2242 D ActivityManager: freezing 4724 com.android.settings
04-21 06:00:37.464  1643  2242 D ActivityManager: freezing 7824 com.google.android.settings.intelligence
04-21 06:00:38.459  1643  2242 D ActivityManager: freezing 11247 com.google.android.apps.turbo:aab
04-21 06:00:43.867  1643  4189 D BackgroundInstallControlService: Package event received: 0
04-21 06:00:50.781  1643  4189 D BackgroundInstallControlService: Package event received: 0
04-21 06:00:51.162  1643  1670 I ActivityManager: Background started FGS: Allowed [callingPackage: io.homeassistant.companion.android; callingUid: 10302; uidState: BFGS; uidBFSL: [BFSL]; intent: Intent { act=ACTION_START_FOREGROUND xflg=0x4 cmp=io.homeassistant.companion.android/androidx.work.impl.foreground.SystemForegroundService (has extras) }; code:PROC_STATE_BFGS; tempAllowListReason:<null>; allowWiu:-1; targetSdkVersion:36; callerTargetSdkVersion:36; startForegroundCount:0; bindFromPackage:null: isBindService:false]
04-21 06:00:51.174  1643  4349 W ActivityManager: Foreground service started from background can not have location/camera/microphone access: service io.homeassistant.companion.android/androidx.work.impl.foreground.SystemForegroundService
04-21 06:00:51.174  1643  4349 I ActivityManager: Background started FGS: Allowed [callingPackage: io.homeassistant.companion.android; callingUid: 10302; uidState: FGS ; uidBFSL: [BFSL]; intent: Intent { act=ACTION_START_FOREGROUND cmp=io.homeassistant.companion.android/androidx.work.impl.foreground.SystemForegroundService }; code:PROC_STATE_FGS; tempAllowListReason:<null>; allowWiu:-1; targetSdkVersion:36; callerTargetSdkVersion:36; startForegroundCount:0; bindFromPackage:null: isBindService:false]
04-21 06:00:51.179  1643  4349 W ForegroundServiceTypeLoggerModule: Foreground service start for UID: 10302 does not have any types
04-21 06:00:51.180  1643  4189 D BackgroundInstallControlService: Package event received: 0
04-21 06:00:51.207  1643  4349 W ActivityManager: Foreground service started from background can not have location/camera/microphone access: service io.homeassistant.companion.android/androidx.work.impl.foreground.SystemForegroundService
04-21 06:00:51.208  1643  4349 I ActivityManager: Background started FGS: Allowed [callingPackage: io.homeassistant.companion.android; callingUid: 10302; uidState: FGS ; uidBFSL: [BFSL]; intent: Intent { act=ACTION_START_FOREGROUND cmp=io.homeassistant.companion.android/androidx.work.impl.foreground.SystemForegroundService }; code:PROC_STATE_FGS; tempAllowListReason:<null>; allowWiu:-1; targetSdkVersion:36; callerTargetSdkVersion:36; startForegroundCount:1; bindFromPackage:null: isBindService:false]
04-21 06:00:51.558  1643  4349 D ActivityManager: Stop FGS timeout: ServiceRecord{e4f29fe u0 io.homeassistant.companion.android/androidx.work.impl.foreground.SystemForegroundService c:io.homeassistant.companion.android}
04-21 06:00:51.559  1643  4349 W ForegroundServiceTypeLoggerModule: FGS stop call for: 10302 has no types!
04-21 06:00:51.561  1643  4189 D BackgroundInstallControlService: Package event received: 0
04-21 06:00:51.561  1643  4189 D BackgroundInstallControlService: Package event received: 0
04-21 06:00:51.593  1643  2234 D ActivityManager: sync unfroze 16492 com.google.android.apps.wellbeing for 6
04-21 06:00:51.643  1643  4614 W JobScheduler: Job didn't exist in JobStore: b77f460 #u0a120/-1459396391 com.google.android.as.oss/com.google.android.gms.learning.internal.training.InAppJobService
04-21 06:00:51.655  1643  4614 D ActivityManager: sync unfroze 30300 com.thetileapp.tile for 6
04-21 06:00:51.659  1643  4614 D ActivityManager: sync unfroze 18656 com.android.vending for 6
04-21 06:00:51.669  1643  4614 W JobScheduler: Job didn't exist in JobStore: 586dea #u0a120/-1371219540 com.google.android.as.oss/com.google.android.gms.learning.internal.training.InAppJobService
04-21 06:00:51.670  1643  2234 W JobServiceContext: Sending onNetworkChanged for a job that isn't started. JobStatus{5e4d283 androidx.work.systemjobscheduler:u0a318/12463 #TileJobWorker#@androidx.work.systemjobscheduler@com.thetileapp.tile/androidx.work.impl.background.systemjob.SystemJobService u=0 s=10318 TIME=-20s287ms:none NET READY}
04-21 06:00:51.675  1643  4614 W JobScheduler: Job didn't exist in JobStore: 4d3ae8e #u0a120/-1458638241 com.google.android.as.oss/com.google.android.gms.learning.internal.training.InAppJobService
04-21 06:00:51.681  1643  4349 W JobScheduler: Job didn't exist in JobStore: 760259a #u0a120/-605916168 com.google.android.as.oss/com.google.android.gms.learning.internal.training.InAppJobService
04-21 06:00:51.687  1643  4349 W JobScheduler: Job didn't exist in JobStore: d35cdf2 #u0a120/-546068258 com.google.android.as.oss/com.google.android.gms.learning.internal.training.InAppJobService
04-21 06:00:51.715  1643  4349 W ProcessStats: Tracking association SourceState{5cf21d6 com.thetileapp.tile/10318 ImpBg #435243} whose proc state 6 is better than process ProcessState{704cc57 com.android.vending/10179 pkg=com.android.vending} proc state 14 (0 skipped)
04-21 06:00:51.811  1643  4349 W JobScheduler: Job didn't exist in JobStore: fbe6c5d {androidx.work.systemjobscheduler} #u0a159/3892 #TikTokWorker#com.google.apps.tiktok.sync.impl.workmanager.SyncWorker#@androidx.work.systemjobscheduler@com.google.android.apps.wellbeing/androidx.work.impl.background.systemjob.SystemJobService
04-21 06:00:53.623  1643  4189 D BackgroundInstallControlService: Package event received: 0
04-21 06:00:56.508  1643  4189 D BackgroundInstallControlService: Package event received: 0
04-21 06:01:00.556  1643  4189 D BackgroundInstallControlService: Package event received: 0
04-21 06:01:01.844  1643  2242 D ActivityManager: freezing 16492 com.google.android.apps.wellbeing
04-21 06:01:02.180  1643  2242 D ActivityManager: freezing 30300 com.thetileapp.tile
04-21 06:01:02.190  1643  2242 D ActivityManager: freezing 18656 com.android.vending
04-21 06:01:11.776  1643  4189 D BackgroundInstallControlService: Package event received: 0
04-21 06:01:12.615  1643  4189 D BackgroundInstallControlService: Package event received: 0
04-21 06:01:14.657  1643  4189 D BackgroundInstallControlService: Package event received: 0
04-21 06:01:25.851  1643  4189 D BackgroundInstallControlService: Package event received: 0
04-21 06:01:25.880  1643  4189 D BackgroundInstallControlService: Package event received: 0
04-21 06:01:28.598  1643  4189 D BackgroundInstallControlService: Package event received: 0
04-21 06:01:38.473  1643  4189 D BackgroundInstallControlService: Package event received: 0
04-21 06:01:40.273  1643  2234 D ActivityManager: sync unfroze 1236 com.google.android.googlequicksearchbox:search for 6
04-21 06:01:40.647  1643  4349 W ProcessStats: Tracking association SourceState{2b09f2c system/1000 ImpBg #435312} whose proc state 6 is better than process ProcessState{83fcc67 com.google.android.googlequicksearchbox:search/10154 pkg=com.google.android.googlequicksearchbox} proc state 14 (2 skipped)
04-21 06:01:42.154  1643  1821 D ActivityManager: sync unfroze 13256 com.google.android.gm for 3
04-21 06:01:42.158  1643  1821 D ActivityManager: sync unfroze 14206 com.google.android.webview:sandboxed_process0:org.chromium.content.app.SandboxedProcessService0:0 for 3
04-21 06:01:42.333  1643  4189 D BackgroundInstallControlService: Package event received: 0
04-21 06:01:42.535  1643  4189 D BackgroundInstallControlService: Package event received: 0
04-21 06:01:42.543  1643  4189 D BackgroundInstallControlService: Package event received: 0
04-21 06:01:42.566  1643  4189 D BackgroundInstallControlService: Package event received: 0
04-21 06:01:44.016  1643  4189 D BackgroundInstallControlService: Package event received: 0
04-21 06:01:49.054  4233 12137 D PowerUI : can't show warning due to - plugged: true status unknown: false
04-21 06:01:49.591  1643  4189 D BackgroundInstallControlService: Package event received: 0
04-21 06:01:50.708  1643  2242 D ActivityManager: freezing 1236 com.google.android.googlequicksearchbox:search
04-21 06:01:51.047  1643  4189 D BackgroundInstallControlService: Package event received: 0
04-21 06:01:53.654  1643  2242 D ActivityManager: freezing 14206 com.google.android.webview:sandboxed_process0:org.chromium.content.app.SandboxedProcessService0:0
04-21 06:01:55.420  1643  2242 D ActivityManager: freezing 32152 com.google.android.apps.turbo
04-21 06:02:02.192  1643  2242 D ActivityManager: freezing 13256 com.google.android.gm
04-21 06:02:02.222  1643  4189 D BackgroundInstallControlService: Package event received: 0
04-21 06:02:06.457  1643  4189 D BackgroundInstallControlService: Package event received: 0
04-21 06:02:09.205  1643  4189 D BackgroundInstallControlService: Package event received: 0
04-21 06:02:16.248  1643  4189 D BackgroundInstallControlService: Package event received: 0
04-21 06:02:23.296  1643  4189 D BackgroundInstallControlService: Package event received: 0
04-21 06:02:31.521  1643  1870 D AppOpHistoryHelper: MetricHandler reporting 4 records.
04-21 06:02:33.092  1643  4189 D BackgroundInstallControlService: Package event received: 0
04-21 06:02:34.367  1643  4189 D BackgroundInstallControlService: Package event received: 0
04-21 06:02:36.937  1643  2234 D ActivityManager: sync unfroze 13583 com.google.android.apps.restore for 6
04-21 06:02:36.948  1643  2234 D ActivityManager: sync unfroze 17754 com.android.vending:instant_app_installer for 6
04-21 06:02:36.964  1643  2234 D ActivityManager: sync unfroze 18656 com.android.vending for 6
04-21 06:02:36.975  1643  4697 W ProcessStats: Tracking association SourceState{c8260e9 system/1000 ImpBg #435417} whose proc state 6 is better than process ProcessState{a40716e com.android.vending:instant_app_installer/10179 pkg=com.android.vending} proc state 14 (4 skipped)
04-21 06:02:37.014  1643  4349 W JobScheduler: Job didn't exist in JobStore: a767a4 #u0a179/165064389 com.android.vending/com.google.android.finsky.instantapps.metrics.LogFlushJob
04-21 06:02:37.739  4233 13655 D PowerUI : can't show warning due to - plugged: true status unknown: false
04-21 06:02:41.421  1643  4189 D BackgroundInstallControlService: Package event received: 0
04-21 06:02:44.200  1643  4189 D BackgroundInstallControlService: Package event received: 0
04-21 06:02:44.287  1643  4189 D BackgroundInstallControlService: Package event received: 0
04-21 06:02:47.068  1643  2242 D ActivityManager: freezing 17754 com.android.vending:instant_app_installer
04-21 06:02:47.190  1643  2242 D ActivityManager: freezing 18656 com.android.vending
04-21 06:02:47.196  1643  2242 D ActivityManager: freezing 13583 com.google.android.apps.restore
04-21 06:02:56.373  1643  2233 I UsageStatsService: User[0] Flushing usage stats to disk
04-21 06:02:56.427  1643  4189 D BackgroundInstallControlService: Package event received: 0
04-21 06:02:56.854  1643  4189 D BackgroundInstallControlService: Package event received: 0
04-21 06:02:58.233  1643  4189 D BackgroundInstallControlService: Package event received: 0
04-21 06:03:00.035  1643  1720 I DisplayDeviceRepository: Display device changed render timings: "Built-in Screen", renderFrameRate=60.000004, presentationDeadlineNanos=11500000, appVsyncOffsetNanos=6233332, frameRateOverrides=[{uid=10258 frameRateHz=60.000004}]
04-21 06:03:00.037  1643  1711 D WindowManager: DeferredDisplayUpdater: partially applying DisplayInfo(960 x 2142) immediately
04-21 06:03:00.794  1643  1720 I DisplayDeviceRepository: Display device changed render timings: "Built-in Screen", renderFrameRate=60.000004, presentationDeadlineNanos=11500000, appVsyncOffsetNanos=6233332, frameRateOverrides=[]
04-21 06:03:12.187  1643  4189 D BackgroundInstallControlService: Package event received: 0
04-21 06:03:13.602  1643  4189 D BackgroundInstallControlService: Package event received: 0
04-21 06:03:24.846  4233 15351 D PowerUI : can't show warning due to - plugged: true status unknown: false
04-21 06:03:31.794  1643  4189 D BackgroundInstallControlService: Package event received: 0
04-21 06:03:35.608  1643  2234 D ActivityManager: sync unfroze 29101 com.google.android.apps.stargate for 6
04-21 06:03:35.663  1643  2226 W ProcessStats: Tracking association SourceState{4b21b3e system/1000 ImpBg #435491} whose proc state 6 is better than process ProcessState{7a477f0 com.google.android.apps.stargate/10129 pkg=com.google.android.apps.stargate} proc state 14 (2 skipped)
04-21 06:03:37.088  1643  1871 D AppOpHistoryHelper: MetricHandler reporting 62 records.
04-21 06:03:41.703  1643  4189 D BackgroundInstallControlService: Package event received: 0
04-21 06:03:45.858  1643  4189 D BackgroundInstallControlService: Package event received: 0
04-21 06:03:45.905  1643  2242 D ActivityManager: freezing 29101 com.google.android.apps.stargate
04-21 06:03:45.941  1643  4189 D BackgroundInstallControlService: Package event received: 0
04-21 06:03:50.053  1643  4189 D BackgroundInstallControlService: Package event received: 0
04-21 06:03:51.495  1643  4189 D BackgroundInstallControlService: Package event received: 0
04-21 06:03:52.909  1643  4189 D BackgroundInstallControlService: Package event received: 0
04-21 06:04:00.053  1643  1720 I DisplayDeviceRepository: Display device changed render timings: "Built-in Screen", renderFrameRate=120.00001, presentationDeadlineNanos=11500000, appVsyncOffsetNanos=6233332, frameRateOverrides=[]
04-21 06:04:00.055  1643  1711 D WindowManager: DeferredDisplayUpdater: partially applying DisplayInfo(960 x 2142) immediately
04-21 06:04:11.948  4233  4837 D PowerUI : can't show warning due to - plugged: true status unknown: false
04-21 06:04:19.799  1643  4189 D BackgroundInstallControlService: Package event received: 0
04-21 06:04:21.126  1643  4189 D BackgroundInstallControlService: Package event received: 0
04-21 06:04:23.894  1643  4189 D BackgroundInstallControlService: Package event received: 0
04-21 06:04:36.541  1643  4189 D BackgroundInstallControlService: Package event received: 0
04-21 06:04:42.116  1643  4189 D BackgroundInstallControlService: Package event received: 0
04-21 06:04:45.642  1643  4189 D BackgroundInstallControlService: Package event received: 0
04-21 06:04:45.647  1643  4697 D ActivityManager: sync unfroze 32152 com.google.android.apps.turbo for 6
04-21 06:04:45.660  1643  4189 D BackgroundInstallControlService: Package event received: 0
04-21 06:04:47.813  1643  4189 D BackgroundInstallControlService: Package event received: 0
04-21 06:04:54.762  1643  4189 D BackgroundInstallControlService: Package event received: 0
04-21 06:05:00.114  1643  1821 D ActivityManager: sync unfroze 30300 com.thetileapp.tile for 3
04-21 06:05:00.119  1643  1821 D ActivityManager: sync unfroze 18656 com.android.vending for 3
04-21 06:05:00.198  1643  4189 D BackgroundInstallControlService: Package event received: 0
04-21 06:05:00.282  1643  4189 D BackgroundInstallControlService: Package event received: 0
04-21 06:05:00.288  1643  1821 D ActivityManager: sync unfroze 24926 com.google.android.gms for 3
04-21 06:05:00.290  1643  1821 D ActivityManager: sync unfroze 3587 com.google.android.adservices.api for 3
04-21 06:05:01.517  1643  1670 W AlarmManager: Window length 300000ms too short; expanding to 600000ms.
04-21 06:05:14.944  1643  4189 D BackgroundInstallControlService: Package event received: 0
04-21 06:05:18.526  1643  4189 D BackgroundInstallControlService: Package event received: 0
04-21 06:05:24.984  1643  2242 D ActivityManager: freezing 24926 com.google.android.gms
04-21 06:05:24.997  1643  2242 D ActivityManager: freezing 3587 com.google.android.adservices.api
04-21 06:05:25.575  1643  4189 D BackgroundInstallControlService: Package event received: 0
04-21 06:05:25.695  1643  2242 D ActivityManager: freezing 32152 com.google.android.apps.turbo
04-21 06:05:30.149  1643  2242 D ActivityManager: freezing 30300 com.thetileapp.tile
04-21 06:05:30.158  1643  2242 D ActivityManager: freezing 18656 com.android.vending
04-21 06:05:39.590  1643  4189 D BackgroundInstallControlService: Package event received: 0
04-21 06:05:45.706  1643  4189 D BackgroundInstallControlService: Package event received: 0
04-21 06:05:45.711  1643  4349 D ActivityManager: sync unfroze 32152 com.google.android.apps.turbo for 6
04-21 06:05:45.724  1643  4189 D BackgroundInstallControlService: Package event received: 0
04-21 06:05:45.746  1643  4349 W ProcessStats: Tracking association SourceState{da2e54b com.google.android.pixelsystemservice/10261 ImpFg #435660} whose proc state 5 is better than process ProcessState{1c3a3c5 com.google.android.apps.turbo/10149 pkg=com.google.android.apps.turbo} proc state 14 (0 skipped)
04-21 06:05:49.315  1643  4189 D BackgroundInstallControlService: Package event received: 0
04-21 06:05:50.766  1643  4189 D BackgroundInstallControlService: Package event received: 0
04-21 06:05:50.944  1643  2234 D ActivityManager: sync unfroze 30300 com.thetileapp.tile for 6
04-21 06:05:50.948  1643  2234 D ActivityManager: sync unfroze 18656 com.android.vending for 6
04-21 06:05:50.972  1643  2234 W JobServiceContext: Sending onNetworkChanged for a job that isn't started. JobStatus{44278b5 androidx.work.systemjobscheduler:u0a318/12464 #TileJobWorker#@androidx.work.systemjobscheduler@com.thetileapp.tile/androidx.work.impl.background.systemjob.SystemJobService u=0 s=10318 TIME=-19s523ms:none NET READY}
04-21 06:06:00.048  1643  1720 I DisplayDeviceRepository: Display device changed render timings: "Built-in Screen", renderFrameRate=60.000004, presentationDeadlineNanos=11500000, appVsyncOffsetNanos=6233332, frameRateOverrides=[{uid=10258 frameRateHz=60.000004}]
04-21 06:06:00.049  1643  1711 D WindowManager: DeferredDisplayUpdater: partially applying DisplayInfo(960 x 2142) immediately
04-21 06:06:00.799  1643  1720 I DisplayDeviceRepository: Display device changed render timings: "Built-in Screen", renderFrameRate=60.000004, presentationDeadlineNanos=11500000, appVsyncOffsetNanos=6233332, frameRateOverrides=[]
04-21 06:06:01.464  1643  2242 D ActivityManager: freezing 30300 com.thetileapp.tile
04-21 06:06:01.473  1643  2242 D ActivityManager: freezing 18656 com.android.vending
04-21 06:06:01.966  1643  4189 D BackgroundInstallControlService: Package event received: 0
04-21 06:06:02.489  1643  4614 W AppOps  : Noting op not finished: uid 10186 pkg com.google.android.gms code 79 startTime of in progress event=1776765914953
04-21 06:06:02.497  1643  1670 W AppOps  : Noting op not finished: uid 10186 pkg com.google.android.gms code 113 startTime of in progress event=1776765914953
04-21 06:06:02.505  1643  1670 W AppOps  : Noting op not finished: uid 10186 pkg com.google.android.gms code 113 startTime of in progress event=1776765914953
04-21 06:06:03.489  1643  4697 W AppOps  : Noting op not finished: uid 10186 pkg com.google.android.gms code 113 startTime of in progress event=1776765914953
04-21 06:06:14.607  1643  4189 D BackgroundInstallControlService: Package event received: 0
04-21 06:06:34.114  1643  4189 D BackgroundInstallControlService: Package event received: 0
04-21 06:06:34.157  1643  4189 D BackgroundInstallControlService: Package event received: 0
04-21 06:06:55.240  1643  4189 D BackgroundInstallControlService: Package event received: 0
04-21 06:07:00.055  1643  1720 I DisplayDeviceRepository: Display device changed render timings: "Built-in Screen", renderFrameRate=120.00001, presentationDeadlineNanos=11500000, appVsyncOffsetNanos=6233332, frameRateOverrides=[]
04-21 06:07:00.056  1643  1711 D WindowManager: DeferredDisplayUpdater: partially applying DisplayInfo(960 x 2142) immediately
04-21 06:07:05.775  1643  2242 D ActivityManager: freezing 32152 com.google.android.apps.turbo
04-21 06:07:16.250  1643  4189 D BackgroundInstallControlService: Package event received: 0
04-21 06:07:16.293  1643  4189 D BackgroundInstallControlService: Package event received: 0
04-21 06:07:20.143  1643  1643 I PackageWatchdog: Syncing state, reason: scheduled
04-21 06:07:20.144  1643  1643 I PackageWatchdog: Syncing health check requests for packages: {}
04-21 06:07:20.144  1643  1643 I ExplicitHealthCheckController: Service not ready to get health check supported packages. Binding...
04-21 06:07:20.146  1643  1835 I PackageWatchdog: Saving observer state to file
04-21 06:07:20.152  1643  4189 D BackgroundInstallControlService: Package event received: 0
04-21 06:07:20.153  1643  1643 I ExplicitHealthCheckController: Explicit health check service is bound
04-21 06:07:20.156  1643  1643 I ExplicitHealthCheckController: Explicit health check service is connected ComponentInfo{com.google.android.ext.services/android.ext.services.watchdog.ExplicitHealthCheckServiceImpl}
04-21 06:07:20.157  1643  1643 I ExplicitHealthCheckController: Service initialized, syncing requests
04-21 06:07:20.162  1643  1643 I PackageWatchdog: Syncing health check requests for packages: {}
04-21 06:07:20.162  1643  1643 D ExplicitHealthCheckController: Getting health check supported packages
04-21 06:07:20.163  1643  4658 I ExplicitHealthCheckController: Explicit health check supported packages [PackageConfig{com.google.android.networkstack, 86400000}]
04-21 06:07:20.163  1643  4658 D PackageWatchdog: Received supported packages [PackageConfig{com.google.android.networkstack, 86400000}]
04-21 06:07:20.163  1643  4658 D ExplicitHealthCheckController: Getting health check requested packages
04-21 06:07:20.164  1643  4658 I ExplicitHealthCheckController: Explicit health check requested packages []
04-21 06:07:20.164  1643  4658 I ExplicitHealthCheckController: No more health check requests, unbinding...
04-21 06:07:20.167  1643  4658 I ExplicitHealthCheckController: Explicit health check service is unbound
04-21 06:07:21.794  1643  4189 D BackgroundInstallControlService: Package event received: 0
04-21 06:07:23.137  1643  4189 D BackgroundInstallControlService: Package event received: 0
04-21 06:07:31.187   609 20664 I keystore2: system/security/keystore2/watchdog/src/lib.rs:371 - Watchdog thread idle -> terminating. Have a great day.
04-21 06:07:37.972  1643  4189 D BackgroundInstallControlService: Package event received: 0
04-21 06:07:45.038  1643  4189 D BackgroundInstallControlService: Package event received: 0
04-21 06:07:58.985  1643  4189 D BackgroundInstallControlService: Package event received: 0
04-21 06:08:00.344  1643  4189 D BackgroundInstallControlService: Package event received: 0
04-21 06:08:07.455  4233  5421 D PowerUI : can't show warning due to - plugged: true status unknown: false
04-21 06:08:10.302  1643  4189 D BackgroundInstallControlService: Package event received: 0
04-21 06:08:14.342  1643  4189 D BackgroundInstallControlService: Package event received: 0
04-21 06:08:15.837  1643  4189 D BackgroundInstallControlService: Package event received: 0
04-21 06:08:22.874  1643  4189 D BackgroundInstallControlService: Package event received: 0
04-21 06:08:22.901  1643  4189 D BackgroundInstallControlService: Package event received: 0
04-21 06:08:33.980  1643  4189 D BackgroundInstallControlService: Package event received: 0
04-21 06:08:36.794  1643  4189 D BackgroundInstallControlService: Package event received: 0
04-21 06:08:39.651  1643  4189 D BackgroundInstallControlService: Package event received: 0
04-21 06:08:46.724  1643  4189 D BackgroundInstallControlService: Package event received: 0
04-21 06:08:52.284  1643  4189 D BackgroundInstallControlService: Package event received: 0
04-21 06:09:00.033  1643  1720 I DisplayDeviceRepository: Display device changed render timings: "Built-in Screen", renderFrameRate=60.000004, presentationDeadlineNanos=11500000, appVsyncOffsetNanos=6233332, frameRateOverrides=[{uid=10258 frameRateHz=60.000004}]
04-21 06:09:00.035  1643  1711 D WindowManager: DeferredDisplayUpdater: partially applying DisplayInfo(960 x 2142) immediately
04-21 06:09:00.706  1643  4189 D BackgroundInstallControlService: Package event received: 0
04-21 06:09:00.783  1643  1720 I DisplayDeviceRepository: Display device changed render timings: "Built-in Screen", renderFrameRate=60.000004, presentationDeadlineNanos=11500000, appVsyncOffsetNanos=6233332, frameRateOverrides=[]
04-21 06:09:13.301  1643  4189 D BackgroundInstallControlService: Package event received: 0
04-21 06:09:28.583  1643  4189 D BackgroundInstallControlService: Package event received: 0
04-21 06:09:32.753  1643  4189 D BackgroundInstallControlService: Package event received: 0
04-21 06:09:38.501  1643  4189 D BackgroundInstallControlService: Package event received: 0
04-21 06:09:41.674  4233  5669 D PowerUI : can't show warning due to - plugged: true status unknown: false
04-21 06:09:49.606  1643  4189 D BackgroundInstallControlService: Package event received: 0
04-21 06:09:58.005  1643  4189 D BackgroundInstallControlService: Package event received: 0
04-21 06:10:00.065  1643  1720 I DisplayDeviceRepository: Display device changed render timings: "Built-in Screen", renderFrameRate=120.00001, presentationDeadlineNanos=11500000, appVsyncOffsetNanos=6233332, frameRateOverrides=[]
04-21 06:10:00.065  1643  1711 D WindowManager: DeferredDisplayUpdater: partially applying DisplayInfo(960 x 2142) immediately
04-21 06:10:00.089  1643  1643 D TwilightService: onLocationChanged: provider=fused accuracy=100.0 time=1776766200076
04-21 06:10:00.121  1643  1821 D ActivityManager: sync unfroze 30300 com.thetileapp.tile for 3
04-21 06:10:00.156  1643  1821 D ActivityManager: sync unfroze 18656 com.android.vending for 3
04-21 06:10:00.213  1643  4189 D BackgroundInstallControlService: Package event received: 0
04-21 06:10:00.429  1643  2226 D ActivityManager: sync unfroze 24926 com.google.android.gms for 6
04-21 06:10:00.435  1643  2226 D ActivityManager: sync unfroze 3587 com.google.android.adservices.api for 6
04-21 06:10:00.474  1643  4189 D BackgroundInstallControlService: Package event received: 0
04-21 06:10:00.479  1643  1670 W ProcessStats: Tracking association SourceState{f61c77d com.google.android.gms/10186 Service #435949} whose proc state 8 is better than process ProcessState{c783460 com.google.android.adservices.api/10278 pkg=com.google.android.adservices.api} proc state 14 (2 skipped)
04-21 06:10:01.541  1643  1670 W AlarmManager: Window length 300000ms too short; expanding to 600000ms.
04-21 06:10:03.669  1643  4189 D BackgroundInstallControlService: Package event received: 0
04-21 06:10:05.130  1643  4189 D BackgroundInstallControlService: Package event received: 0
04-21 06:10:05.150  1643  4189 D BackgroundInstallControlService: Package event received: 0
04-21 06:10:05.151  1643  4189 D BackgroundInstallControlService: Package event received: 0
04-21 06:10:06.447  1643  4189 D BackgroundInstallControlService: Package event received: 0
04-21 06:10:17.719  1643  4189 D BackgroundInstallControlService: Package event received: 0
04-21 06:10:20.216  1643  2234 E JobScheduler.JobStatus: App com.microsoft.appmanager became active but still in NEVER bucket
04-21 06:10:20.217  1643  2234 E JobScheduler.JobStatus: App com.microsoft.appmanager became active but still in NEVER bucket
04-21 06:10:20.217  1643  2234 E JobScheduler.JobStatus: App com.microsoft.appmanager became active but still in NEVER bucket
04-21 06:10:20.218  1643  2234 E JobScheduler.JobStatus: App com.microsoft.appmanager became active but still in NEVER bucket
04-21 06:10:20.218  1643  2234 E JobScheduler.JobStatus: App com.microsoft.appmanager became active but still in NEVER bucket
04-21 06:10:20.362  1643  4189 D BackgroundInstallControlService: Package event received: 0
