04-21 06:20:54.684  1643  1821 D ActivityManager: sync unfroze 3470 com.google.android.webview:sandboxed_process0:org.chromium.content.app.SandboxedProcessService0:0 for 3
04-21 06:20:54.738  1643  4189 D BackgroundInstallControlService: Package event received: 0
04-21 06:20:54.739  1643  4189 D BackgroundInstallControlService: Package event received: 0
04-21 06:20:54.740  1643  1643 W ProcessStats: Tracking association SourceState{c2c781a system/1000 ImpBg #437153} whose proc state 6 is better than process ProcessState{66b3b85 com.sonelli.juicessh/10308 pkg=com.sonelli.juicessh} proc state 14 (0 skipped)
04-21 06:20:54.764  1643  2234 D ActivityManager: sync unfroze 1236 com.google.android.googlequicksearchbox:search for 6
04-21 06:20:54.776  1643  2234 D ActivityManager: sync unfroze 3802 com.google.android.apps.weather for 6
04-21 06:20:54.807  1643  2234 D ActivityManager: sync unfroze 30300 com.thetileapp.tile for 6
04-21 06:20:54.813  1643  2234 D ActivityManager: sync unfroze 18656 com.android.vending for 6
04-21 06:20:54.820  1643  1643 D BackupManagerService: [UserID:0] Scheduling immediate backup pass
04-21 06:20:54.831  1643  4189 D BackgroundInstallControlService: Package event received: 0
04-21 06:20:54.835  1643  5710 D ActivityManager: sync unfroze 21066 com.google.android.gms for 6
04-21 06:20:54.841  1643  1643 W JobScheduler: Job didn't exist in JobStore: dcba99e #1000/52417896 android/com.android.server.backup.KeyValueBackupJob
04-21 06:20:54.843  1643  2234 W JobServiceContext: Sending onNetworkChanged for a job that isn't started. JobStatus{a493009 androidx.work.systemjobscheduler:u0a318/12467 #TileJobWorker#@androidx.work.systemjobscheduler@com.thetileapp.tile/androidx.work.impl.background.systemjob.SystemJobService u=0 s=10318 TIME=-23s408ms:none NET READY}
04-21 06:20:54.845  1643  4189 D BackgroundInstallControlService: Package event received: 0
04-21 06:20:55.030  1643  1643 I TransportConnection: BackupTransportService#1818: Notifying [BH/MSG_RUN_BACKUP] transport = BackupTransportClient
04-21 06:20:55.031  1643  5710 D BackupManagerService: Running a backup pass
04-21 06:20:55.031  1643  5710 D BackupManagerConstants: wakelock timeout: 1800000
04-21 06:20:55.032  1643  5710 D BackupManagerService: [UserID:0] Acquired wakelock:*backup*-0-5710
04-21 06:20:55.032  1643  5710 D BackupManagerService: clearing pending backups
04-21 06:20:55.036  1643  5710 D KeyValueBackupTask: Spinning thread key-value-backup-8
04-21 06:20:55.036  1643 21996 D PFTBT   : backupmanager pftbt token=46dd822
04-21 06:20:55.036  1643 21996 D KeyValueBackupTask: Beginning backup of 9 targets
04-21 06:20:55.038  1643 21996 D KeyValueBackupTask: Starting key-value backup of @pm@
04-21 06:20:55.044  1643  4658 D BackupTransportManager: [UserID:0] Transport com.google.android.gms/.backup.BackupTransportService updated its attributes
04-21 06:20:55.046  1643 21996 D KeyValueBackupTask: Invoking agent on @pm@
04-21 06:20:55.072  1643  4658 W JobScheduler: Job didn't exist in JobStore: ecedbf {androidx.work.systemjobscheduler} #u0a154/14130 #TikTokWorker#com.google.apps.tiktok.sync.impl.workmanager.SyncPeriodicWorker#@androidx.work.systemjobscheduler@com.google.android.googlequicksearchbox/androidx.work.impl.background.systemjob.SystemJobService
04-21 06:20:55.276  1643  1915 W JobScheduler: Job didn't exist in JobStore: a493009 {androidx.work.systemjobscheduler} #u0a318/12467 #TileJobWorker#@androidx.work.systemjobscheduler@com.thetileapp.tile/androidx.work.impl.background.systemjob.SystemJobService
04-21 06:20:55.302  1643  4189 D BackgroundInstallControlService: Package event received: 0
04-21 06:20:55.472  1643  4189 D BackgroundInstallControlService: Package event received: 0
04-21 06:20:56.477  1643 21996 D KeyValueBackupTask: Starting key-value backup of com.google.android.apps.wellbeing
04-21 06:20:56.485  1643 21996 D ActivityManager: sync unfroze 16492 com.google.android.apps.wellbeing for 22
04-21 06:20:56.487  1643 21996 D BackupManagerService: [UserID:0] awaiting agent for com.google.android.apps.wellbeing
04-21 06:20:56.562  1643  1670 D BackupManagerService: [UserID:0] agentConnected pkg=com.google.android.apps.wellbeing agent=android.os.BinderProxy@72b29f
04-21 06:20:56.564  1643 21996 D KeyValueBackupTask: Invoking agent on com.google.android.apps.wellbeing
04-21 06:20:56.724  1643 21996 D KeyValueBackupTask: Starting key-value backup of com.google.android.apps.youtube.music
04-21 06:20:56.731  1643 21996 D ActivityManager: sync unfroze 16874 com.google.android.apps.youtube.music for 22
04-21 06:20:56.733  1643 21996 D BackupManagerService: [UserID:0] awaiting agent for com.google.android.apps.youtube.music
04-21 06:20:56.795  1643  2234 D CompatChangeReporter: Compat change id reported: 151861875; UID 10290; state: ENABLED
04-21 06:20:56.796 16874 16874 D ActivityThread: Package [com.adamoutler.ssh] reported as REPLACED, but missing application info. Assuming REMOVED.
04-21 06:20:56.797 16874 16874 D ActivityThread: Package [com.adamoutler.ssh] reported as REPLACED, but missing application info. Assuming REMOVED.
04-21 06:20:56.800 16874 16874 D ActivityThread: Package [com.android.vending] reported as REPLACED, but missing application info. Assuming REMOVED.
04-21 06:20:56.802 16874 16874 D ActivityThread: Package [com.android.vending] reported as REPLACED, but missing application info. Assuming REMOVED.
04-21 06:20:56.807  1643  2234 D ActivityManager: sync unfroze 13808 com.dd.doordash for 6
04-21 06:20:56.821  1643  2234 D ActivityManager: sync unfroze 14079 com.google.android.webview:sandboxed_process0:org.chromium.content.app.SandboxedProcessService0:0 for 6
04-21 06:20:56.841  1643  1822 I ActivityManager: Start proc 22018:com.google.android.play.games/u0a290 for service {com.google.android.play.games/androidx.work.impl.background.systemjob.SystemJobService}
04-21 06:20:56.845  1643  2234 W JobServiceContext: Sending onNetworkChanged for a job that isn't started. JobStatus{a5d5ce2 #u0a332/294 com.dd.doordash/androidx.work.impl.background.systemjob.SystemJobService u=0 s=10332 TIME=-12h18m36s6ms:none NET READY}
04-21 06:20:56.845  1643  2234 W JobServiceContext: Sending onNetworkChanged for a job that isn't started. JobStatus{5f88110 #u0a332/295 com.dd.doordash/androidx.work.impl.background.systemjob.SystemJobService u=0 s=10332 TIME=-6h37m13s292ms:none NET READY}
04-21 06:20:56.864  1643  1670 D BackupManagerService: [UserID:0] agentConnected pkg=com.google.android.apps.youtube.music agent=android.os.BinderProxy@24d2d03
04-21 06:20:56.866  1643 21996 D KeyValueBackupTask: Invoking agent on com.google.android.apps.youtube.music
04-21 06:20:57.011  1643  1915 D ActivityManager: sync unfroze 16126 com.ubercab for 6
04-21 06:20:57.013  1643  1915 W JobScheduler: Job didn't exist in JobStore: a5d5ce2 #u0a332/294 com.dd.doordash/androidx.work.impl.background.systemjob.SystemJobService
04-21 06:20:57.089  1643  1670 D CompatChangeReporter: Compat change id reported: 297989574; UID 10290; state: ENABLED
04-21 06:20:57.097  1643  4189 D BackgroundInstallControlService: Package event received: 0
04-21 06:20:57.169  1643  1643 D CompatChangeReporter: Compat change id reported: 311208629; UID 10290; state: ENABLED
04-21 06:20:57.172  1643  1643 D ActivityManager: sync unfroze 2408 com.reddit.frontpage for 6
04-21 06:20:57.185  1643  2234 W JobServiceContext: Sending onNetworkChanged for a job that isn't started. JobStatus{92ecf34 androidx.work.systemjobscheduler:u0a329/1036 #PublishCubesRecommendationsWorker#@androidx.work.systemjobscheduler@com.reddit.frontpage/androidx.work.impl.background.systemjob.SystemJobService u=0 s=10329 TIME=-20m29s981ms:none NET BATNOTLOW READY}
04-21 06:20:57.218  1643 21996 D KeyValueBackupTask: Starting key-value backup of com.android.vending
04-21 06:20:57.220  1643 21996 D BackupManagerService: [UserID:0] awaiting agent for com.android.vending
04-21 06:20:57.229  1643  1670 D BackupManagerService: [UserID:0] agentConnected pkg=com.android.vending agent=android.os.BinderProxy@33ceccd
04-21 06:20:57.230  1643 21996 D KeyValueBackupTask: Invoking agent on com.android.vending
04-21 06:20:57.337  1643  5943 D ActivityManager: sync unfroze 31341 com.google.android.apps.tachyon for 6
04-21 06:20:57.546  1643  5943 D CompatChangeReporter: Compat change id reported: 311402873; UID 10290; state: ENABLED
04-21 06:20:57.546  1643  5943 D CompatChangeReporter: Compat change id reported: 323349338; UID 10290; state: ENABLED
04-21 06:20:57.585  1643 21996 D KeyValueBackupTask: Starting key-value backup of android
04-21 06:20:57.591  1643 21996 D BackupManagerService: [UserID:0] awaiting agent for android
04-21 06:20:57.593  1643  1643 D BackupManagerService: [UserID:0] agentConnected pkg=android agent=android.app.backup.BackupAgent$BackupServiceBinder@4c21d90
04-21 06:20:57.593  1643 21996 D KeyValueBackupTask: Invoking agent on android
04-21 06:20:57.635  1643 21996 W PackageConfigPersister: App-specific configuration not found for packageName: com.google.android.uvexposurereporter and userId: 0
04-21 06:20:57.635  1643 21996 W PackageConfigPersister: App-specific configuration not found for packageName: com.google.android.networkstack.tethering and userId: 0
04-21 06:20:57.635  1643 21996 W PackageConfigPersister: App-specific configuration not found for packageName: com.google.android.uwb.resources.pixel and userId: 0
04-21 06:20:57.635  1643 21996 W PackageConfigPersister: App-specific configuration not found for packageName: com.google.android.overlay.trafficlightfaceoverlay and userId: 0
04-21 06:20:57.635  1643 21996 W PackageConfigPersister: App-specific configuration not found for packageName: com.google.omadm.trigger and userId: 0
04-21 06:20:57.635  1643 21996 W PackageConfigPersister: App-specific configuration not found for packageName: com.google.android.carriersetup and userId: 0
04-21 06:20:57.635  1643 21996 W PackageConfigPersister: App-specific configuration not found for packageName: com.google.android.settings.overlay.pixelvpnconfig and userId: 0
04-21 06:20:57.635  1643 21996 W PackageConfigPersister: App-specific configuration not found for packageName: com.nextcloud.client and userId: 0
04-21 06:20:57.635  1643 21996 W PackageConfigPersister: App-specific configuration not found for packageName: com.android.systemui.clocks.metro and userId: 0
04-21 06:20:57.635  1643 21996 W PackageConfigPersister: App-specific configuration not found for packageName: com.google.android.apps.subscriptions.red and userId: 0
04-21 06:20:57.635  1643 21996 W PackageConfigPersister: App-specific configuration not found for packageName: com.android.cts.priv.ctsshim and userId: 0
04-21 06:20:57.635  1643 21996 W PackageConfigPersister: App-specific configuration not found for packageName: com.google.android.youtube and userId: 0
04-21 06:20:57.635  1643 21996 W PackageConfigPersister: App-specific configuration not found for packageName: com.vzw.apnlib and userId: 0
04-21 06:20:57.635  1643 21996 W PackageConfigPersister: App-specific configuration not found for packageName: com.google.android.apps.labs.language.tailwind and userId: 0
04-21 06:20:57.635  1643 21996 W PackageConfigPersister: App-specific configuration not found for packageName: com.android.internal.display.cutout.emulation.corner and userId: 0
04-21 06:20:57.635  1643 21996 W PackageConfigPersister: App-specific configuration not found for packageName: com.tailscale.ipn and userId: 0
04-21 06:20:57.635  1643 21996 W PackageConfigPersister: App-specific configuration not found for packageName: com.google.android.ext.services and userId: 0
04-21 06:20:57.635  1643 21996 W PackageConfigPersister: App-specific configuration not found for packageName: com.google.euiccpixel.overlay.zumapro and userId: 0
04-21 06:20:57.635  1643 21996 W PackageConfigPersister: App-specific configuration not found for packageName: com.google.android.apps.weather and userId: 0
04-21 06:20:57.635  1643 21996 W PackageConfigPersister: App-specific configuration not found for packageName: com.android.internal.display.cutout.emulation.double and userId: 0
04-21 06:20:57.635  1643 21996 W PackageConfigPersister: App-specific configuration not found for packageName: com.google.android.overlay.pixelconfig2018 and userId: 0
04-21 06:20:57.635  1643 21996 W PackageConfigPersister: App-specific configuration not found for packageName: com.google.android.overlay.pixelconfig2019 and userId: 0
04-21 06:20:57.635  1643 21996 W PackageConfigPersister: App-specific configuration not found for packageName: com.google.android.overlay.pixelconfig2021 and userId: 0
04-21 06:20:57.635  1643 21996 W PackageConfigPersister: App-specific configuration not found for packageName: com.microsoft.appmanager and userId: 0
04-21 06:20:57.635  1643 21996 W PackageConfigPersister: App-specific configuration not found for packageName: com.medco.medcopharmacy and userId: 0
04-21 06:20:57.635  1643 21996 W PackageConfigPersister: App-specific configuration not found for packageName: com.android.providers.telephony and userId: 0
04-21 06:20:57.635  1643 21996 W PackageConfigPersister: App-specific configuration not found for packageName: com.google.android.carrierlocation and userId: 0
04-21 06:20:57.635  1643 21996 W PackageConfigPersister: App-specific configuration not found for packageName: com.android.dynsystem and userId: 0
04-21 06:20:57.635  1643 21996 W PackageConfigPersister: App-specific configuration not found for packageName: com.google.android.apps.retaildemo.preload and userId: 0
04-21 06:20:57.635  1643 21996 W PackageConfigPersister: App-specific configuration not found for packageName: com.android.sdm.plugins.connmo and userId: 0
04-21 06:20:57.635  1643 21996 W PackageConfigPersister: App-specific configuration not found for packageName: com.google.android.googlequicksearchbox and userId: 0
04-21 06:20:57.635  1643 21996 W PackageConfigPersister: App-specific configuration not found for packageName: com.google.android.cellbroadcastservice and userId: 0
04-21 06:20:57.635  1643 21996 W PackageConfigPersister: App-specific configuration not found for packageName: com.verizon.mips.services and userId: 0
04-21 06:20:57.635  1643 21996 W PackageConfigPersister: App-specific configuration not found for packageName: com.google.android.flipendo.auto_generated_rro_vendor__ and userId: 0
04-21 06:20:57.635  1643 21996 W PackageConfigPersister: App-specific configuration not found for packageName: com.google.android.crossdeviceaccessservice and userId: 0
04-21 06:20:57.635  1643 21996 W PackageConfigPersister: App-specific configuration not found for packageName: com.android.providers.calendar and userId: 0
04-21 06:20:57.635  1643 21996 W PackageConfigPersister: App-specific configuration not found for packageName: com.google.android.apps.googleassistant and userId: 0
04-21 06:20:57.635  1643 21996 W PackageConfigPersister: App-specific configuration not found for packageName: com.google.android.pixelsystemservice and userId: 0
04-21 06:20:57.635  1643 21996 W PackageConfigPersister: App-specific configuration not found for packageName: com.google.android.googlequicksearchbox.nga_resources and userId: 0
04-21 06:20:57.635  1643 21996 W PackageConfigPersister: App-specific configuration not found for packageName: org.telegram.messenger and userId: 0
04-21 06:20:57.635  1643 21996 W PackageConfigPersister: App-specific configuration not found for packageName: com.android.providers.media and userId: 0
04-21 06:20:57.635  1643 21996 W PackageConfigPersister: App-specific configuration not found for packageName: com.google.pixel.livewallpaper and userId: 0
04-21 06:20:57.635  1643 21996 W PackageConfigPersister: App-specific configuration not found for packageName: com.google.android.apps.docs.editors.docs and userId: 0
04-21 06:20:57.635  1643 21996 W PackageConfigPersister: App-specific configuration not found for packageName: com.google.android.ext.shared and userId: 0
04-21 06:20:57.635  1643 21996 W PackageConfigPersister: App-specific configuration not found for packageName: com.peacocktv.peacockandroid and userId: 0
04-21 06:20:57.635  1643 21996 W PackageConfigPersister: App-specific configuration not found for packageName: com.google.android.euiccoverlay and userId: 0
04-21 06:20:57.635  1643 21996 W PackageConfigPersister: App-specific configuration not found for packageName: com.google.android.federatedcompute and userId: 0
04-21 06:20:57.635  1643 21996 W PackageConfigPersister: App-specific configuration not found for packageName: com.maxistar.textpad and userId: 0
04-21 06:20:57.635  1643 21996 W PackageConfigPersister: App-specific configuration not found for packageName: com.manageengine.wifimonitor and userId: 0
04-21 06:20:57.635  1643 21996 W PackageConfigPersister: App-specific configuration not found for packageName: com.google.android.settings.future.biometrics.faceenroll and userId: 0
04-21 06:20:57.635  1643 21996 W PackageConfigPersister: App-specific configuration not found for packageName: com.pixlr.express and userId: 0
04-21 06:20:57.635  1643 21996 W PackageConfigPersister: App-specific configuration not found for packageName: com.thetileapp.tile and userId: 0
04-21 06:20:57.635  1643 21996 W PackageConfigPersister: App-specific configuration not found for packageName: com.google.android.apps.diagnosticstool and userId: 0
04-21 06:20:57.635  1643 21996 W PackageConfigPersister: App-specific configuration not found for packageName: com.google.euiccpixel.permissions and userId: 0
04-21 06:20:57.635  1643 21996 W PackageConfigPersister: App-specific configuration not found for packageName: com.google.euiccpixel and userId: 0
04-21 06:20:57.635  1643 21996 W PackageConfigPersister: App-specific configuration not found for packageName: com.google.android.server.deviceconfig.resources and userId: 0
04-21 06:20:57.635  1643 21996 W PackageConfigPersister: App-specific configuration not found for packageName: com.google.android.flipendo and userId: 0
04-21 06:20:57.635  1643 21996 W PackageConfigPersister: App-specific configuration not found for packageName: com.google.android.storagemanager.auto_generated_rro_product__ and userId: 0
04-21 06:20:57.635  1643 21996 W PackageConfigPersister: App-specific configuration not found for packageName: com.google.android.apps.pixel.relationships and userId: 0
04-21 06:20:57.635  1643 21996 W PackageConfigPersister: App-specific configuration not found for packageName: com.android.systemui.overlay.pearloverlay2024 and userId: 0
04-21 06:20:57.635  1643 21996 W PackageConfigPersister: App-specific configuration not found for packageName: com.google.android.overlay.glanceablehubsettings2022 and userId: 0
04-21 06:20:57.635  1643 21996 W PackageConfigPersister: App-specific configuration not found for packageName: com.google.android.apps.paidtasks and userId: 0
04-21 06:20:57.635  1643 21996 W PackageConfigPersister: App-specific configuration not found for packageName: com.android.providers.telephony.auto_generated_characteristics_rro and userId: 0
04-21 06:20:57.635  1643 21996 W PackageConfigPersister: App-specific configuration not found for packageName: com.google.android.apps.podcasts and userId: 0
04-21 06:20:57.635  1643 21996 W PackageConfigPersister: App-specific configuration not found for packageName: com.luxdelux.frequencygenerator and userId: 0
04-21 06:20:57.635  1643 21996 W PackageConfigPersister: App-specific configuration not found for packageName: com.android.simappdialog.auto_generated_rro_product__ and userId: 0
04-21 06:20:57.635  1643 21996 W PackageConfigPersister: App-specific configuration not found for packageName: com.android.safetyregulatoryinfo.auto_generated_rro_product__ and userId: 0
04-21 06:20:57.635  1643 21996 W PackageConfigPersister: App-specific configuration not found for packageName: com.android.omadm.service.auto_generated_rro_product__ and userId: 0
04-21 06:20:57.635  1643 21996 W PackageConfigPersister: App-specific configuration not found for packageName: com.dynamixsoftware.printershare and userId: 0
04-21 06:20:57.635  1643 21996 W PackageConfigPersister: App-specific configuration not found for packageName: com.android.externalstorage and userId: 0
04-21 06:20:57.635  1643 21996 W PackageConfigPersister: App-specific configuration not found for packageName: com.android.htmlviewer and userId: 0
04-21 06:20:57.635  1643 21996 W PackageConfigPersister: App-specific configuration not found for packageName: com.alphainventor.filemanager and userId: 0
04-21 06:20:57.635  1643 21996 W PackageConfigPersister: App-specific configuration not found for packageName: com.android.pixeldisplayservice.auto_generated_rro_product__ and userId: 0
04-21 06:20:57.635  1643 21996 W PackageConfigPersister: App-specific configuration not found for packageName: com.google.android.telephony and userId: 0
04-21 06:20:57.635  1643 21996 W PackageConfigPersister: App-specific configuration not found for packageName: com.android.companiondevicemanager and userId: 0
04-21 06:20:57.636  1643 21996 W PackageConfigPersister: App-specific configuration not found for packageName: chromecast.tv.setup and userId: 0
04-21 06:20:57.636  1643 21996 W PackageConfigPersister: App-specific configuration not found for packageName: com.android.mms.service and userId: 0
04-21 06:20:57.636  1643 21996 W PackageConfigPersister: App-specific configuration not found for packageName: com.solaredge.homeowner and userId: 0
04-21 06:20:57.636  1643 21996 W PackageConfigPersister: App-specific configuration not found for packageName: com.google.android.apps.docs.editors.sheets and userId: 0
04-21 06:20:57.636  1643 21996 W PackageConfigPersister: App-specific configuration not found for packageName: com.google.android.apps.docs.editors.slides and userId: 0
04-21 06:20:57.636  1643 21996 W PackageConfigPersister: App-specific configuration not found for packageName: com.nest.android and userId: 0
04-21 06:20:57.636  1643 21996 W PackageConfigPersister: App-specific configuration not found for packageName: com.android.providers.downloads and userId: 0
04-21 06:20:57.636  1643 21996 W PackageConfigPersister: App-specific configuration not found for packageName: com.google.android.apps.authenticator2 and userId: 0
04-21 06:20:57.636  1643 21996 W PackageConfigPersister: App-specific configuration not found for packageName: com.google.android.health.connect.backuprestore and userId: 0
04-21 06:20:57.636  1643 21996 W PackageConfigPersister: App-specific configuration not found for packageName: com.android.systemui.auto_generated_rro_product__ and userId: 0
04-21 06:20:57.636  1643 21996 W PackageConfigPersister: App-specific configuration not found for packageName: com.google.android.apps.messaging and userId: 0
04-21 06:20:57.636  1643 21996 W PackageConfigPersister: App-specific configuration not found for packageName: com.google.android.soundpicker and userId: 0
04-21 06:20:57.636  1643 21996 W PackageConfigPersister: App-specific configuration not found for packageName: com.google.android.systemui.overlay.pixelbatteryhealthconfig and userId: 0
04-21 06:20:57.636  1643 21996 W PackageConfigPersister: App-specific configuration not found for packageName: com.hulu.plus and userId: 0
04-21 06:20:57.636  1643 21996 W PackageConfigPersister: App-specific configuration not found for packageName: com.google.android.apps.pixel.agent and userId: 0
04-21 06:20:57.636  1643 21996 W PackageConfigPersister: App-specific configuration not found for packageName: com.discord and userId: 0
04-21 06:20:57.636  1643 21996 W PackageConfigPersister: App-specific configuration not found for packageName: com.shannon.imsservice.auto_generated_rro_product__ and userId: 0
04-21 06:20:57.636  1643 21996 W PackageConfigPersister: App-specific configuration not found for packageName: com.openai.chatgpt and userId: 0
04-21 06:20:57.636  1643 21996 W PackageConfigPersister: App-specific configuration not found for packageName: android.autoinstalls.config.google.nexus and userId: 0
04-21 06:20:57.636  1643 21996 W PackageConfigPersister: App-specific configuration not found for packageName: com.microsoft.office.officelens and userId: 0
04-21 06:20:57.636  1643 21996 W PackageConfigPersister: App-specific configuration not found for packageName: com.nintendo.znma and userId: 0
04-21 06:20:57.636  1643 21996 W PackageConfigPersister: App-specific configuration not found for packageName: com.google.android.systemui.overlay.pixelbatterylotxconfig and userId: 0
04-21 06:20:57.636  1643 21996 W PackageConfigPersister: App-specific configuration not found for packageName: com.nicehash.metallum and userId: 0
04-21 06:20:57.636  1643 21996 W PackageConfigPersister: App-specific configuration not found for packageName: com.google.android.verifier and userId: 0
04-21 06:20:57.636  1643 21996 W PackageConfigPersister: App-specific configuration not found for packageName: com.android.multiuser and userId: 0
04-21 06:20:57.636  1643 21996 W PackageConfigPersister: App-specific configuration not found for packageName: com.google.pixel.camera.services and userId: 0
04-21 06:20:57.636  1643 21996 W PackageConfigPersister: App-specific configuration not found for packageName: com.google.android.configupdater and userId: 0
04-21 06:20:57.636  1643 21996 W PackageConfigPersister: App-specific configuration not found for packageName: com.microsoft.office.excel and userId: 0
04-21 06:20:57.636  1643 21996 W PackageConfigPersister: App-specific configuration not found for packageName: com.google.android.providers.media.module and userId: 0
04-21 06:20:57.636  1643 21996 W PackageConfigPersister: App-specific configuration not found for packageName: com.android.systemui.clocks.bignum and userId: 0
04-21 06:20:57.636  1643 21996 W PackageConfigPersister: App-specific configuration not found for packageName: com.google.android.overlay.udfpsoverlay and userId: 0
04-21 06:20:57.636  1643 21996 W PackageConfigPersister: App-specific configuration not found for packageName: com.google.android.wifi.resources.pixel and userId: 0
04-21 06:20:57.636  1643 21996 W PackageConfigPersister: App-specific configuration not found for packageName: com.google.android.overlay.googlewebview and userId: 0
04-21 06:20:57.636  1643 21996 W PackageConfigPersister: App-specific configuration not found for packageName: com.walmart.android and userId: 0
04-21 06:20:57.636  1643 21996 W PackageConfigPersister: App-specific configuration not found for packageName: com.google.android.apps.safetyhub and userId: 0
04-21 06:20:57.636  1643 21996 W PackageConfigPersister: App-specific configuration not found for packageName: com.google.android.factoryota and userId: 0
04-21 06:20:57.636  1643 21996 W PackageConfigPersister: App-specific configuration not found for packageName: com.android.healthconnect.overlay and userId: 0
04-21 06:20:57.636  1643 21996 W PackageConfigPersister: App-specific configuration not found for packageName: com.bk.videotogif and userId: 0
04-21 06:20:57.636  1643 21996 W PackageConfigPersister: App-specific configuration not found for packageName: org.chromium.webapk.aeba77c67001e3dbf_v2 and userId: 0
04-21 06:20:57.636  1643 21996 W PackageConfigPersister: App-specific configuration not found for packageName: com.android.systemui.plugin.globalactions.wallet and userId: 0
04-21 06:20:57.636  1643 21996 W PackageConfigPersister: App-specific configuration not found for packageName: com.google.ar.core and userId: 0
04-21 06:20:57.636  1643 21996 W PackageConfigPersister: App-specific configuration not found for packageName: net.cozic.joplin and userId: 0
04-21 06:20:57.636  1643 21996 W PackageConfigPersister: App-specific configuration not found for packageName: com.google.android.apps.emojiwallpaper and userId: 0
04-21 06:20:57.636  1643 21996 W PackageConfigPersister: App-specific configuration not found for packageName: org.zwanoo.android.speedtest and userId: 0
04-21 06:20:57.636  1643 21996 W PackageConfigPersister: App-specific configuration not found for packageName: com.android.providers.downloads.ui and userId: 0
04-21 06:20:57.636  1643 21996 W PackageConfigPersister: App-specific configuration not found for packageName: com.google.android.hotspot2.osulogin and userId: 0
04-21 06:20:57.636  1643 21996 W PackageConfigPersister: App-specific configuration not found for packageName: com.android.vending and userId: 0
04-21 06:20:57.636  1643 21996 W PackageConfigPersister: App-specific configuration not found for packageName: com.android.pacprocessor and userId: 0
04-21 06:20:57.636  1643 21996 W PackageConfigPersister: App-specific configuration not found for packageName: com.android.simappdialog and userId: 0
04-21 06:20:57.636  1643 21996 W PackageConfigPersister: App-specific configuration not found for packageName: com.android.cellbroadcastreceiver.overlay.pixel and userId: 0
04-21 06:20:57.636  1643 21996 W PackageConfigPersister: App-specific configuration not found for packageName: com.google.android.adservices.api and userId: 0
04-21 06:20:57.636  1643 21996 W PackageConfigPersister: App-specific configuration not found for packageName: com.android.systemui.clocks.growth and userId: 0
04-21 06:20:57.636  1643 21996 W PackageConfigPersister: App-specific configuration not found for packageName: com.google.android.overlay.pixelconfig2019midyear and userId: 0
04-21 06:20:57.636  1643 21996 W PackageConfigPersister: App-specific configuration not found for packageName: com.speedsoftware.explorer and userId: 0
04-21 06:20:57.636  1643 21996 W PackageConfigPersister: App-specific configuration not found for packageName: com.android.internal.display.cutout.emulation.hole and userId: 0
04-21 06:20:57.636  1643 21996 W PackageConfigPersister: App-specific configuration not found for packageName: com.android.internal.display.cutout.emulation.tall and userId: 0
04-21 06:20:57.636  1643 21996 W PackageConfigPersister: App-specific configuration not found for packageName: com.android.networkstack.overlay and userId: 0
04-21 06:20:57.636  1643 21996 W PackageConfigPersister: App-specific configuration not found for packageName: com.android.certinstaller and userId: 0
04-21 06:20:57.636  1643 21996 W PackageConfigPersister: App-specific configuration not found for packageName: com.duosecurity.duomobile and userId: 0
04-21 06:20:57.636  1643 21996 W PackageConfigPersister: App-specific configuration not found for packageName: com.google.android.marvin.talkback and userId: 0
04-21 06:20:57.636  1643 21996 W PackageConfigPersister: App-specific configuration not found for packageName: com.google.android.apps.accessibility.voiceaccess and userId: 0
04-21 06:20:57.636  1643 21996 W PackageConfigPersister: App-specific configuration not found for packageName: com.google.android.connectivity.resources.overlay and userId: 0
04-21 06:20:57.636  1643 21996 W PackageConfigPersister: App-specific configuration not found for packageName: com.android.internal.systemui.navbar.threebutton and userId: 0
04-21 06:20:57.636  1643 21996 W PackageConfigPersister: App-specific configuration not found for packageName: com.google.android.apps.work.oobconfig and userId: 0
04-21 06:20:57.636  1643 21996 W PackageConfigPersister: App-specific configuration not found for packageName: com.solaregde.apps.monitoring and userId: 0
04-21 06:20:57.636  1643 21996 W PackageConfigPersister: App-specific configuration not found for packageName: android and userId: 0
04-21 06:20:57.636  1643 21996 W PackageConfigPersister: App-specific configuration not found for packageName: com.android.hotwordenrollment.xgoogle and userId: 0
04-21 06:20:57.636  1643 21996 W PackageConfigPersister: App-specific configuration not found for packageName: io.homeassistant.companion.android and userId: 0
04-21 06:20:57.636  1643 21996 W PackageConfigPersister: App-specific configuration not found for packageName: com.google.android.apps.privacy.wildlife and userId: 0
04-21 06:20:57.636  1643 21996 W PackageConfigPersister: App-specific configuration not found for packageName: com.google.android.pixel.setupwizard and userId: 0
04-21 06:20:57.636  1643 21996 W PackageConfigPersister: App-specific configuration not found for packageName: com.google.android.repairmode and userId: 0
04-21 06:20:57.636  1643 21996 W PackageConfigPersister: App-specific configuration not found for packageName: com.google.android.grilservice and userId: 0
04-21 06:20:57.636  1643 21996 W PackageConfigPersister: App-specific configuration not found for packageName: org.chromium.webapk.aa3c3b265300b781f_v2 and userId: 0
04-21 06:20:57.636  1643 21996 W PackageConfigPersister: App-specific configuration not found for packageName: com.google.android.sdksandbox and userId: 0
04-21 06:20:57.636  1643 21996 W PackageConfigPersister: App-specific configuration not found for packageName: com.android.egg and userId: 0
04-21 06:20:57.636  1643 21996 W PackageConfigPersister: App-specific configuration not found for packageName: com.android.mtp and userId: 0
04-21 06:20:57.636  1643 21996 W PackageConfigPersister: App-specific configuration not found for packageName: com.android.nfc and userId: 0
04-21 06:20:57.636  1643 21996 W PackageConfigPersister: App-specific configuration not found for packageName: com.android.ons and userId: 0
04-21 06:20:57.636  1643 21996 W PackageConfigPersister: App-specific configuration not found for packageName: com.android.qns and userId: 0
04-21 06:20:57.636  1643 21996 W PackageConfigPersister: App-specific configuration not found for packageName: com.android.stk and userId: 0
04-21 06:20:57.636  1643 21996 W PackageConfigPersister: App-specific configuration not found for packageName: com.google.android.pixel.avatarpicker and userId: 0
04-21 06:20:57.636  1643 21996 W PackageConfigPersister: App-specific configuration not found for packageName: com.android.backupconfirm and userId: 0
04-21 06:20:57.637  1643 21996 W PackageConfigPersister: App-specific configuration not found for packageName: com.android.settings.auto_generated_rro_vendor__ and userId: 0
04-21 06:20:57.637  1643 21996 W PackageConfigPersister: App-specific configuration not found for packageName: com.google.android.apps.stargate and userId: 0
04-21 06:20:57.637  1643 21996 W PackageConfigPersister: App-specific configuration not found for packageName: com.android.systemui.auto_generated_rro_vendor__ and userId: 0
04-21 06:20:57.637  1643 21996 W PackageConfigPersister: App-specific configuration not found for packageName: com.microsoft.office.onenote and userId: 0
04-21 06:20:57.637  1643 21996 W PackageConfigPersister: App-specific configuration not found for packageName: com.samsung.slsi.telephony.oem.oemrilhookservice and userId: 0
04-21 06:20:57.637  1643 21996 W PackageConfigPersister: App-specific configuration not found for packageName: com.google.android.deskclock and userId: 0
04-21 06:20:57.637  1643 21996 W PackageConfigPersister: App-specific configuration not found for packageName: com.android.systemui.clocks.numoverlap and userId: 0
04-21 06:20:57.637  1643 21996 W PackageConfigPersister: App-specific configuration not found for packageName: com.google.android.overlay.ultrasonicoverlay and userId: 0
04-21 06:20:57.637  1643 21996 W PackageConfigPersister: App-specific configuration not found for packageName: com.google.android.as and userId: 0
04-21 06:20:57.637  1643 21996 W PackageConfigPersister: App-specific configuration not found for packageName: com.google.android.gm and userId: 0
04-21 06:20:57.637  1643 21996 W PackageConfigPersister: App-specific configuration not found for packageName: com.google.android.carrier and userId: 0
04-21 06:20:57.637  1643 21996 W PackageConfigPersister: App-specific configuration not found for packageName: com.google.android.verifier.overlay and userId: 0
04-21 06:20:57.637  1643 21996 W PackageConfigPersister: App-specific configuration not found for packageName: com.google.android.apps.tachyon and userId: 0
04-21 06:20:57.637  1643 21996 W PackageConfigPersister: App-specific configuration not found for packageName: com.google.android.systemui.overlay.pixelvpnconfig and userId: 0
04-21 06:20:57.637  1643 21996 W PackageConfigPersister: App-specific configuration not found for packageName: jp.co.canon.bsd.ad.pixmaprint and userId: 0
04-21 06:20:57.637  1643 21996 W PackageConfigPersister: App-specific configuration not found for packageName: com.logitech.harmonyhub and userId: 0
04-21 06:20:57.637  1643 21996 W PackageConfigPersister: App-specific configuration not found for packageName: com.android.systemui.clocks.weather and userId: 0
04-21 06:20:57.637  1643 21996 W PackageConfigPersister: App-specific configuration not found for packageName: com.google.android.crossdeviceaccessservice.auto_generated_rro_product__ and userId: 0
04-21 06:20:57.637  1643 21996 W PackageConfigPersister: App-specific configuration not found for packageName: com.google.android.turboadapter and userId: 0
04-21 06:20:57.637  1643 21996 W PackageConfigPersister: App-specific configuration not found for packageName: com.android.systemui.clocks.calligraphy and userId: 0
04-21 06:20:57.637  1643 21996 W PackageConfigPersister: App-specific configuration not found for packageName: com.android.managedprovisioning.overlay and userId: 0
04-21 06:20:57.637  1643 21996 W PackageConfigPersister: App-specific configuration not found for packageName: com.android.systemui.accessibility.accessibilitymenu and userId: 0
04-21 06:20:57.637  1643 21996 W PackageConfigPersister: App-specific configuration not found for packageName: com.android.settings.identitychecksettingsoverlay and userId: 0
04-21 06:20:57.637  1643 21996 W PackageConfigPersister: App-specific configuration not found for packageName: com.google.android.permissioncontroller and userId: 0
04-21 06:20:57.637  1643 21996 W PackageConfigPersister: App-specific configuration not found for packageName: com.google.intelligence.sense and userId: 0
04-21 06:20:57.637  1643 21996 W PackageConfigPersister: App-specific configuration not found for packageName: org.chromium.webapk.ab233cb66d3135711_v2 and userId: 0
04-21 06:20:57.637  1643 21996 W PackageConfigPersister: App-specific configuration not found for packageName: com.google.android.setupwizard and userId: 0
04-21 06:20:57.637  1643 21996 W PackageConfigPersister: App-specific configuration not found for packageName: com.google.android.bluetooth and userId: 0
04-21 06:20:57.637  1643 21996 W PackageConfigPersister: App-specific configuration not found for packageName: com.google.pixel.digitalkey.timesync and userId: 0
04-21 06:20:57.637  1643 21996 W PackageConfigPersister: App-specific configuration not found for packageName: com.android.providers.settings and userId: 0
04-21 06:20:57.637  1643 21996 W PackageConfigPersister: App-specific configuration not found for packageName: com.google.android.networkstack.tethering.overlay2021 and userId: 0
04-21 06:20:57.637  1643 21996 W PackageConfigPersister: App-specific configuration not found for packageName: com.android.sharedstoragebackup and userId: 0
04-21 06:20:57.637  1643 21996 W PackageConfigPersister: App-specific configuration not found for packageName: com.verizon.services and userId: 0
04-21 06:20:57.637  1643 21996 W PackageConfigPersister: App-specific configuration not found for packageName: com.google.android.euicc and userId: 0
04-21 06:20:57.637  1643 21996 W PackageConfigPersister: App-specific configuration not found for packageName: com.wakdev.wdnfc and userId: 0
04-21 06:20:57.637  1643 21996 W PackageConfigPersister: App-specific configuration not found for packageName: com.google.android.apps.magicportrait and userId: 0
04-21 06:20:57.637  1643 21996 W PackageConfigPersister: App-specific configuration not found for packageName: com.google.android.iwlan and userId: 0
04-21 06:20:57.637  1643 21996 W PackageConfigPersister: App-specific configuration not found for packageName: com.google.android.apps.ai.icons and userId: 0
04-21 06:20:57.637  1643 21996 W PackageConfigPersister: App-specific configuration not found for packageName: com.google.android.mosey and userId: 0
04-21 06:20:57.637  1643 21996 W PackageConfigPersister: App-specific configuration not found for packageName: com.android.printspooler and userId: 0
04-21 06:20:57.637  1643 21996 W PackageConfigPersister: App-specific configuration not found for packageName: com.squareup.cash and userId: 0
04-21 06:20:57.637  1643 21996 W PackageConfigPersister: App-specific configuration not found for packageName: com.android.hotwordenrollment.okgoogle and userId: 0
04-21 06:20:57.637  1643 21996 W PackageConfigPersister: App-specific configuration not found for packageName: com.android.settings.caiman and userId: 0
04-21 06:20:57.637  1643 21996 W PackageConfigPersister: App-specific configuration not found for packageName: com.android.virtualization.terminal and userId: 0
04-21 06:20:57.637  1643 21996 W PackageConfigPersister: App-specific configuration not found for packageName: com.android.sdm.plugins.diagmon and userId: 0
04-21 06:20:57.637  1643 21996 W PackageConfigPersister: App-specific configuration not found for packageName: com.android.dreams.basic and userId: 0
04-21 06:20:57.637  1643 21996 W PackageConfigPersister: App-specific configuration not found for packageName: ai.polycam and userId: 0
04-21 06:20:57.637  1643 21996 W PackageConfigPersister: App-specific configuration not found for packageName: com.google.android.aicore and userId: 0
04-21 06:20:57.637  1643 21996 W PackageConfigPersister: App-specific configuration not found for packageName: com.android.providers.settings.auto_generated_rro_product__ and userId: 0
04-21 06:20:57.637  1643 21996 W PackageConfigPersister: App-specific configuration not found for packageName: com.google.android.as.oss and userId: 0
04-21 06:20:57.637  1643 21996 W PackageConfigPersister: App-specific configuration not found for packageName: dji.go.v5 and userId: 0
04-21 06:20:57.637  1643 21996 W PackageConfigPersister: App-specific configuration not found for packageName: com.ipotensic.depstech and userId: 0
04-21 06:20:57.637  1643 21996 W PackageConfigPersister: App-specific configuration not found for packageName: com.android.se and userId: 0
04-21 06:20:57.637  1643 21996 W PackageConfigPersister: App-specific configuration not found for packageName: com.android.inputdevices and userId: 0
04-21 06:20:57.637  1643 21996 W PackageConfigPersister: App-specific configuration not found for packageName: com.android.traceur.auto_generated_rro_product__ and userId: 0
04-21 06:20:57.637  1643 21996 W PackageConfigPersister: App-specific configuration not found for packageName: com.google.android.apps.wellbeing and userId: 0
04-21 06:20:57.637  1643 21996 W PackageConfigPersister: App-specific configuration not found for packageName: com.google.android.dialer and userId: 0
04-21 06:20:57.637  1643 21996 W PackageConfigPersister: App-specific configuration not found for packageName: com.android.bips and userId: 0
04-21 06:20:57.637  1643 21996 W PackageConfigPersister: App-specific configuration not found for packageName: com.google.audio.hearing.visualization.accessibility.scribe and userId: 0
04-21 06:20:57.637  1643 21996 W PackageConfigPersister: App-specific configuration not found for packageName: com.google.android.apps.nbu.files and userId: 0
04-21 06:20:57.637  1643 21996 W PackageConfigPersister: App-specific configuration not found for packageName: com.starbucks.mobilecard and userId: 0
04-21 06:20:57.637  1643 21996 W PackageConfigPersister: App-specific configuration not found for packageName: com.google.android.captiveportallogin and userId: 0
04-21 06:20:57.637  1643 21996 W PackageConfigPersister: App-specific configuration not found for packageName: com.google.android.flipendo.auto_generated_rro_product__ and userId: 0
04-21 06:20:57.637  1643 21996 W PackageConfigPersister: App-specific configuration not found for packageName: com.google.android.accessibility.soundamplifier and userId: 0
04-21 06:20:57.637  1643 21996 W PackageConfigPersister: App-specific configuration not found for packageName: com.shannon.rcsservice and userId: 0
04-21 06:20:57.637  1643 21996 W PackageConfigPersister: App-specific configuration not found for packageName: android.auto_generated_characteristics_rro and userId: 0
04-21 06:20:57.637  1643 21996 W PackageConfigPersister: App-specific configuration not found for packageName: com.android.settings.overlay.caiman and userId: 0
04-21 06:20:57.637  1643 21996 W PackageConfigPersister: App-specific configuration not found for packageName: com.google.android.apps.cloudprint and userId: 0
04-21 06:20:57.637  1643 21996 W PackageConfigPersister: App-specific configuration not found for packageName: com.google.android.appsearch.apk and userId: 0
04-21 06:20:57.637  1643 21996 W PackageConfigPersister: App-specific configuration not found for packageName: com.google.ambient.streaming and userId: 0
04-21 06:20:57.637  1643 21996 W PackageConfigPersister: App-specific configuration not found for packageName: com.android.musicfx and userId: 0
04-21 06:20:57.637  1643 21996 W PackageConfigPersister: App-specific configuration not found for packageName: com.android.devicediagnostics.auto_generated_rro_vendor__ and userId: 0
04-21 06:20:57.637  1643 21996 W PackageConfigPersister: App-specific configuration not found for packageName: net.sourceforge.opencamera and userId: 0
04-21 06:20:57.637  1643 21996 W PackageConfigPersister: App-specific configuration not found for packageName: com.google.android.apps.bard and userId: 0
04-21 06:20:57.637  1643 21996 W PackageConfigPersister: App-specific configuration not found for packageName: com.google.android.apps.docs and userId: 0
04-21 06:20:57.637  1643 21996 W PackageConfigPersister: App-specific configuration not found for packageName: com.google.android.apps.maps and userId: 0
04-21 06:20:57.637  1643 21996 W PackageConfigPersister: App-specific configuration not found for packageName: com.google.android.apps.tips and userId: 0
04-21 06:20:57.637  1643 21996 W PackageConfigPersister: App-specific configuration not found for packageName: com.google.android.documentsui.theme.pixel and userId: 0
04-21 06:20:57.637  1643 21996 W PackageConfigPersister: App-specific configuration not found for packageName: com.adamoutler.ssh and userId: 0
04-21 06:20:57.637  1643 21996 W PackageConfigPersister: App-specific configuration not found for packageName: com.ketchapp.rider.evolution.world.race.car.bike.flip and userId: 0
04-21 06:20:57.637  1643 21996 W PackageConfigPersister: App-specific configuration not found for packageName: com.google.android.modulemetadata and userId: 0
04-21 06:20:57.637  1643 21996 W PackageConfigPersister: App-specific configuration not found for packageName: com.google.android.avatarpicker and userId: 0
04-21 06:20:57.637  1643 21996 W PackageConfigPersister: App-specific configuration not found for packageName: com.microsoft.office.word and userId: 0
04-21 06:20:57.637  1643 21996 W PackageConfigPersister: App-specific configuration not found for packageName: mobiletelnet.feng.gao and userId: 0
04-21 06:20:57.637  1643 21996 W PackageConfigPersister: App-specific configuration not found for packageName: com.google.android.microdroid.empty_payload and userId: 0
04-21 06:20:57.637  1643 21996 W PackageConfigPersister: App-specific configuration not found for packageName: com.google.android.crossdeviceaccessservice.auto_generated_rro_vendor__ and userId: 0
04-21 06:20:57.637  1643 21996 W PackageConfigPersister: App-specific configuration not found for packageName: com.google.android.markup and userId: 0
04-21 06:20:57.637  1643 21996 W PackageConfigPersister: App-specific configuration not found for packageName: com.android.providers.settings.auto_generated_rro_vendor__ and userId: 0
04-21 06:20:57.637  1643 21996 W PackageConfigPersister: App-specific configuration not found for packageName: com.android.cellbroadcastreceiver and userId: 0
04-21 06:20:57.637  1643 21996 W PackageConfigPersister: App-specific configuration not found for packageName: com.google.android.webview and userId: 0
04-21 06:20:57.637  1643 21996 W PackageConfigPersister: App-specific configuration not found for packageName: org.npr.android.news and userId: 0
04-21 06:20:57.638  1643 21996 W PackageConfigPersister: App-specific configuration not found for packageName: com.microsoft.office.powerpoint and userId: 0
04-21 06:20:57.638  1643 21996 W PackageConfigPersister: App-specific configuration not found for packageName: com.google.android.apps.carrier.log and userId: 0
04-21 06:20:57.638  1643 21996 W PackageConfigPersister: App-specific configuration not found for packageName: com.tracfone.mds.deviceinformationgathering and userId: 0
04-21 06:20:57.638  1643 21996 W PackageConfigPersister: App-specific configuration not found for packageName: com.google.android.networkstack and userId: 0
04-21 06:20:57.638  1643 21996 W PackageConfigPersister: App-specific configuration not found for packageName: com.google.android.rkpdapp and userId: 0
04-21 06:20:57.638  1643 21996 W PackageConfigPersister: App-specific configuration not found for packageName: com.google.android.contactkeys and userId: 0
04-21 06:20:57.638  1643 21996 W PackageConfigPersister: App-specific configuration not found for packageName: com.google.android.contacts and userId: 0
04-21 06:20:57.638  1643 21996 W PackageConfigPersister: App-specific configuration not found for packageName: com.android.server.telecom and userId: 0
04-21 06:20:57.638  1643 21996 W PackageConfigPersister: App-specific configuration not found for packageName: com.android.keychain and userId: 0
