04-21 05:45:13.174 13061 13061 D ActivityThread: Package [com.hualai] reported as REPLACED, but missing application info. Assuming REMOVED.
04-21 05:45:13.178 13061 13061 D ActivityThread: Package [com.google.android.apps.weather] reported as REPLACED, but missing application info. Assuming REMOVED.
04-21 05:45:13.183 13061 13061 D ActivityThread: Package [com.google.android.apps.weather] reported as REPLACED, but missing application info. Assuming REMOVED.
04-21 05:45:13.186 13061 13061 D ActivityThread: Package [com.google.android.apps.aiwallpapers] reported as REPLACED, but missing application info. Assuming REMOVED.
04-21 05:45:13.187 13061 13061 D ActivityThread: Package [com.google.android.apps.aiwallpapers] reported as REPLACED, but missing application info. Assuming REMOVED.
04-21 05:45:13.187 13061 13061 D ActivityThread: Package [com.medco.medcopharmacy] reported as REPLACED, but missing application info. Assuming REMOVED.
04-21 05:45:13.188 13061 13061 D ActivityThread: Package [com.medco.medcopharmacy] reported as REPLACED, but missing application info. Assuming REMOVED.
04-21 05:45:13.192 13061 13061 D ActivityThread: Package [chromecast.tv.setup] reported as REPLACED, but missing application info. Assuming REMOVED.
04-21 05:45:13.194 13061 13061 D ActivityThread: Package [chromecast.tv.setup] reported as REPLACED, but missing application info. Assuming REMOVED.
04-21 05:45:13.195 13061 13061 D ActivityThread: Package [com.google.android.apps.ai.icons] reported as REPLACED, but missing application info. Assuming REMOVED.
04-21 05:45:13.197 13061 13061 D ActivityThread: Package [com.google.android.apps.ai.icons] reported as REPLACED, but missing application info. Assuming REMOVED.
04-21 05:45:13.199 13061 13061 D ActivityThread: Package [com.google.android.apps.pixel.customizationbundle] reported as REPLACED, but missing application info. Assuming REMOVED.
04-21 05:45:13.222 13061 13061 D ActivityThread: Package [com.google.android.apps.pixel.customizationbundle] reported as REPLACED, but missing application info. Assuming REMOVED.
04-21 05:45:13.223 13061 13061 D ActivityThread: Package [com.google.android.apps.pixel.nowplaying] reported as REPLACED, but missing application info. Assuming REMOVED.
04-21 05:45:13.224 13061 13061 D ActivityThread: Package [com.google.android.apps.pixel.nowplaying] reported as REPLACED, but missing application info. Assuming REMOVED.
04-21 05:45:13.233 13061 13061 D ActivityThread: Package [com.adamoutler.ssh] reported as REPLACED, but missing application info. Assuming REMOVED.
04-21 05:45:13.258 13061 13061 D ActivityThread: Package [com.adamoutler.ssh] reported as REPLACED, but missing application info. Assuming REMOVED.
04-21 05:45:13.262 13061 13061 D ActivityThread: Package [com.android.vending] reported as REPLACED, but missing application info. Assuming REMOVED.
04-21 05:45:13.277 13061 13061 D ActivityThread: Package [com.android.vending] reported as REPLACED, but missing application info. Assuming REMOVED.
04-21 05:45:13.317  1643  4139 W ActivityManager: pid 1643 system sent binder code 1 with flags 1 and got error -32
04-21 05:45:13.364  1643  4139 W ActivityManager: pid 1643 system sent binder code 1 with flags 1 and got error -32
04-21 05:45:13.364  1643  4139 D ActivityManager: Too many transaction errors, throttling transaction error callback.
04-21 05:45:13.365  1643  4139 W ActivityManager: pid 1643 system sent binder code 1 with flags 1 and got error -32
04-21 05:45:13.365  1643  4139 D ActivityManager: Too many transaction errors, throttling transaction error callback.
04-21 05:45:13.366  1643  4139 W ActivityManager: pid 1643 system sent binder code 1 with flags 1 and got error -32
04-21 05:45:13.366  1643  4139 D ActivityManager: Too many transaction errors, throttling transaction error callback.
04-21 05:45:13.369  1643  4139 W ActivityManager: pid 1643 system sent binder code 1 with flags 1 and got error -32
04-21 05:45:13.369  1643  4139 D ActivityManager: Too many transaction errors, throttling transaction error callback.
04-21 05:45:13.369  1643  4139 W ActivityManager: pid 1643 system sent binder code 1 with flags 1 and got error -32
04-21 05:45:13.370  1643  4139 D ActivityManager: Too many transaction errors, throttling transaction error callback.
04-21 05:45:13.413  1643  4614 I ActivityManager: Process com.google.android.keep (pid 17571) has died: cch  +55 CEM 
04-21 05:45:13.447  1643  1917 I ActivityManager: Process com.google.android.apps.paidtasks (pid 23997) has died: cch  +55 CEM 
04-21 05:45:13.562  1643  1917 I ActivityManager: Process com.google.android.play.games (pid 29299) has died: cch  +45 CEM 
04-21 05:45:13.594  1643  4653 I ActivityManager: Process com.google.android.calendar (pid 22860) has died: cch  +25 CEM 
04-21 05:45:13.631  1643  4614 I ActivityManager: Process com.google.android.apps.maps (pid 31120) has died: cch  +15 CEM 
04-21 05:45:14.980  1643  1889 W PackageManager: Not removing package com.google.android.libraries.internal.sampleads_20009 hosting lib com.google.android.libraries.internal.sampleads version 20009 used by [VersionedPackage[com.google.android.play.games/624524440]] for user 0
04-21 05:45:14.980  1643  1889 W PackageManager: Not removing package com.google.android.trichromelibrary hosting lib com.google.android.trichromelibrary version 744401043 used by [VersionedPackage[com.google.android.webview/744401043]] for user 0
04-21 05:45:19.558  1643  4189 D BackgroundInstallControlService: Package event received: 0
04-21 05:45:22.394  1643  2242 D ActivityManager: freezing 17358 com.google.android.apps.pixel.agent
04-21 05:45:22.401  1643  2242 D ActivityManager: freezing 5882 com.google.android.gms.ui
04-21 05:45:22.405  1643  2242 D ActivityManager: freezing 14908 com.google.android.gms.learning
04-21 05:45:22.408  1643  2242 D ActivityManager: freezing 14935 com.google.android.gms.feedback
04-21 05:45:22.410  1643  2242 D ActivityManager: freezing 5261 com.google.android.carrier
04-21 05:45:22.412  1643  2242 D ActivityManager: freezing 5599 com.google.android.deskclock
04-21 05:45:22.415  1643  2242 D ActivityManager: freezing 20209 com.google.android.apps.pixel.dcservice
04-21 05:45:22.692  1643  2242 D ActivityManager: freezing 28642 com.google.android.safetycore
04-21 05:45:23.003  1643  2242 D ActivityManager: freezing 4678 com.google.android.gms.unstable
04-21 05:45:23.009  1643  2242 D ActivityManager: freezing 13061 com.nest.android
04-21 05:45:23.013  1643  2242 D ActivityManager: freezing 13583 com.google.android.apps.restore
04-21 05:45:23.016  1643  2242 D ActivityManager: freezing 16492 com.google.android.apps.wellbeing
04-21 05:45:23.018  1643  2242 D ActivityManager: freezing 20751 com.google.android.apps.nbu.files
04-21 05:45:23.022  1643  2242 D ActivityManager: freezing 22090 com.google.android.apps.tips
04-21 05:45:23.025  1643  2242 D ActivityManager: freezing 23017 com.google.android.apps.subscriptions.red
04-21 05:45:23.027  1643  2242 D ActivityManager: freezing 24437 com.genesisusa.genesis.digitalcarkey
04-21 05:45:23.029  1643  2242 D ActivityManager: freezing 25085 com.google.android.apps.labs.language.tailwind
04-21 05:45:23.031  1643  2242 D ActivityManager: freezing 25183 com.google.android.apps.kids.familylink
04-21 05:45:23.033  1643  2242 D ActivityManager: freezing 29101 com.google.android.apps.stargate
04-21 05:45:23.036  1643  2242 D ActivityManager: freezing 31341 com.google.android.apps.tachyon
04-21 05:45:23.039  1643  2242 D ActivityManager: freezing 31740 com.google.android.apps.safetyhub
04-21 05:45:23.041  1643  2242 D ActivityManager: freezing 2408 com.reddit.frontpage
04-21 05:45:23.045  1643  2242 D ActivityManager: freezing 6882 org.zwanoo.android.speedtest
04-21 05:45:23.047  1643  2242 D ActivityManager: freezing 17486 com.google.android.contactkeys
04-21 05:45:23.048  1643  2242 D ActivityManager: freezing 27933 com.irobot.home
04-21 05:45:23.049  1643  2242 D ActivityManager: freezing 5145 chromecast.tv.setup
04-21 05:45:23.051  1643  2242 D ActivityManager: freezing 5586 com.google.android.apps.pixel.customizationbundle
04-21 05:45:23.052  1643  2242 D ActivityManager: freezing 14382 com.google.android.tts
04-21 05:45:23.053  1643  2242 D ActivityManager: freezing 10704 com.android.chrome
04-21 05:45:23.055  1643  2242 D ActivityManager: freezing 13391 com.android.chrome:sandboxed_process0:org.chromium.content.app.SandboxedProcessService0:0
04-21 05:45:23.056  1643  2242 D ActivityManager: freezing 13305 com.android.chrome:privileged_process0
04-21 05:45:23.725  1643  4189 D BackgroundInstallControlService: Package event received: 0
04-21 05:45:24.618  1643  2242 D ActivityManager: freezing 22668 com.google.android.apps.tasks
04-21 05:45:24.621  1643  2242 D ActivityManager: freezing 30063 com.google.android.projection.gearhead:car
04-21 05:45:24.624  1643  2242 D ActivityManager: freezing 24926 com.google.android.gms
04-21 05:45:24.631  1643  2242 D ActivityManager: freezing 3587 com.google.android.adservices.api
04-21 05:45:28.051  1643  2242 D ActivityManager: freezing 3802 com.google.android.apps.weather
04-21 05:45:30.113  1643  2242 D ActivityManager: freezing 18656 com.android.vending
04-21 05:45:30.121  1643  2242 D ActivityManager: freezing 17315 com.android.vending:background
04-21 05:45:30.126  1643  2242 D ActivityManager: freezing 30300 com.thetileapp.tile
04-21 05:45:30.795  1643  4189 D BackgroundInstallControlService: Package event received: 0
04-21 05:45:41.885  1643  4189 D BackgroundInstallControlService: Package event received: 0
04-21 05:45:44.433  1643  2242 D ActivityManager: freezing 32152 com.google.android.apps.turbo
04-21 05:45:48.904  1643  4189 D BackgroundInstallControlService: Package event received: 0
04-21 05:45:50.707  1643  5975 I ActivityManager: Background started FGS: Allowed [callingPackage: io.homeassistant.companion.android; callingUid: 10302; uidState: BFGS; uidBFSL: [BFSL]; intent: Intent { act=ACTION_START_FOREGROUND xflg=0x4 cmp=io.homeassistant.companion.android/androidx.work.impl.foreground.SystemForegroundService (has extras) }; code:PROC_STATE_BFGS; tempAllowListReason:<null>; allowWiu:-1; targetSdkVersion:36; callerTargetSdkVersion:36; startForegroundCount:0; bindFromPackage:null: isBindService:false]
04-21 05:45:50.723  1643  1915 W ActivityManager: Foreground service started from background can not have location/camera/microphone access: service io.homeassistant.companion.android/androidx.work.impl.foreground.SystemForegroundService
04-21 05:45:50.724  1643  1915 I ActivityManager: Background started FGS: Allowed [callingPackage: io.homeassistant.companion.android; callingUid: 10302; uidState: FGS ; uidBFSL: [BFSL]; intent: Intent { act=ACTION_START_FOREGROUND cmp=io.homeassistant.companion.android/androidx.work.impl.foreground.SystemForegroundService }; code:PROC_STATE_FGS; tempAllowListReason:<null>; allowWiu:-1; targetSdkVersion:36; callerTargetSdkVersion:36; startForegroundCount:0; bindFromPackage:null: isBindService:false]
04-21 05:45:50.725  1643  1915 W ForegroundServiceTypeLoggerModule: Foreground service start for UID: 10302 does not have any types
04-21 05:45:50.726  1643  4189 D BackgroundInstallControlService: Package event received: 0
04-21 05:45:50.740  1643  5975 W ActivityManager: Foreground service started from background can not have location/camera/microphone access: service io.homeassistant.companion.android/androidx.work.impl.foreground.SystemForegroundService
04-21 05:45:50.741  1643  5975 I ActivityManager: Background started FGS: Allowed [callingPackage: io.homeassistant.companion.android; callingUid: 10302; uidState: FGS ; uidBFSL: [BFSL]; intent: Intent { act=ACTION_START_FOREGROUND cmp=io.homeassistant.companion.android/androidx.work.impl.foreground.SystemForegroundService }; code:PROC_STATE_FGS; tempAllowListReason:<null>; allowWiu:-1; targetSdkVersion:36; callerTargetSdkVersion:36; startForegroundCount:1; bindFromPackage:null: isBindService:false]
04-21 05:45:51.088  1643  5975 D ActivityManager: Stop FGS timeout: ServiceRecord{5b0093 u0 io.homeassistant.companion.android/androidx.work.impl.foreground.SystemForegroundService c:io.homeassistant.companion.android}
04-21 05:45:51.090  1643  5975 W ForegroundServiceTypeLoggerModule: FGS stop call for: 10302 has no types!
04-21 05:45:51.091  1643  4189 D BackgroundInstallControlService: Package event received: 0
04-21 05:45:51.091  1643  4189 D BackgroundInstallControlService: Package event received: 0
04-21 05:45:51.116  1643  2234 D ActivityManager: sync unfroze 1236 com.google.android.googlequicksearchbox:search for 6
04-21 05:45:51.132  1643  2234 D ActivityManager: sync unfroze 6259 com.google.android.partnersetup for 6
04-21 05:45:51.160  1643  2234 D ActivityManager: sync unfroze 11247 com.google.android.apps.turbo:aab for 6
04-21 05:45:51.161 11247 11247 D ActivityThread: Package [com.android.vending] reported as REPLACED, but missing application info. Assuming REMOVED.
04-21 05:45:51.168 11247 11247 D ActivityThread: Package [com.android.vending] reported as REPLACED, but missing application info. Assuming REMOVED.
04-21 05:45:51.169  1643  1643 W ProcessStats: Tracking association SourceState{127a6e7 system/1000 ImpBg #433888} whose proc state 6 is better than process ProcessState{83fcc67 com.google.android.googlequicksearchbox:search/10154 pkg=com.google.android.googlequicksearchbox} proc state 14 (1 skipped)
04-21 05:45:51.216   597   768 I Checkpoint: cp_needsCheckpoint called
04-21 05:45:51.219  1643 19058 I StorageManagerService: Storage lifetime: 1
04-21 05:45:51.222  1643 19058 I StorageManagerService: Set smart idle maintenance: latest write amount: 511, average write amount: 269, min segment threshold: 512, dirty reclaim rate: 0.5, segment reclaim weight: 2.0, period(min): 60, min gc sleep time(ms): 5000, target dirty ratio: 80
04-21 05:45:51.224   597   768 I vold    : Enough free segments: 10549
04-21 05:45:51.225  1643 19058 I SmartStorageMaintIdler: Got smart storage maintenance service completion callback
04-21 05:45:51.257  1643  4349 D ActivityManager: sync unfroze 1327 com.google.android.googlequicksearchbox:googleapp for 6
04-21 05:45:51.258  1643  4349 D ActivityManager: sync unfroze 3470 com.google.android.webview:sandboxed_process0:org.chromium.content.app.SandboxedProcessService0:0 for 6
04-21 05:45:51.260  1643  4349 D ActivityManager: sync unfroze 24589 com.google.android.webview:sandboxed_process0:org.chromium.content.app.SandboxedProcessService0:2 for 6
04-21 05:45:51.281  1643  4349 W JobScheduler: Job didn't exist in JobStore: 657c344 #u0a120/-1459396391 com.google.android.as.oss/com.google.android.gms.learning.internal.training.InAppJobService
04-21 05:45:51.354  1643  5943 W JobScheduler: Job didn't exist in JobStore: 7afcfb0 #u0a120/-1371219540 com.google.android.as.oss/com.google.android.gms.learning.internal.training.InAppJobService
04-21 05:45:51.365  1643  1915 W JobScheduler: Job didn't exist in JobStore: 88ee246 #u0a166/4096 com.google.android.partnersetup/.InstalledAppJobService
04-21 05:45:51.377  1643  5975 W JobScheduler: Job didn't exist in JobStore: 2538961 #u0a120/-1458638241 com.google.android.as.oss/com.google.android.gms.learning.internal.training.InAppJobService
04-21 05:45:51.391  1643  5975 D ActivityManager: sync unfroze 30300 com.thetileapp.tile for 6
04-21 05:45:51.393  1643  5975 D ActivityManager: sync unfroze 18656 com.android.vending for 6
04-21 05:45:51.396  1643  5975 D ActivityManager: sync unfroze 17315 com.android.vending:background for 6
04-21 05:45:51.399  1643  5975 W JobScheduler: Job didn't exist in JobStore: 55e5a9d #u0a120/-605916168 com.google.android.as.oss/com.google.android.gms.learning.internal.training.InAppJobService
04-21 05:45:51.406  1643  1915 W JobScheduler: Job didn't exist in JobStore: 64b0399 #u0a120/-546068258 com.google.android.as.oss/com.google.android.gms.learning.internal.training.InAppJobService
04-21 05:45:51.418  1643  2234 W JobServiceContext: Sending onNetworkChanged for a job that isn't started. JobStatus{ab2b9f5 androidx.work.systemjobscheduler:u0a318/12460 #TileJobWorker#@androidx.work.systemjobscheduler@com.thetileapp.tile/androidx.work.impl.background.systemjob.SystemJobService u=0 s=10318 TIME=-20s62ms:none NET READY}
04-21 05:45:51.833  1643  1915 D ActivityManager: sync unfroze 32152 com.google.android.apps.turbo for 7
04-21 05:45:51.958  1643  5975 D ActivityManager: sync unfroze 4724 com.android.settings for 7
04-21 05:45:51.960  1643  5975 D ActivityManager: sync unfroze 7824 com.google.android.settings.intelligence for 7
04-21 05:45:52.392  1643  1915 W ActivityManager: Unable to start service Intent { act=grpc.io.action.BIND xflg=0x4 cmp=com.google.android.inputmethod.latin/com.google.android.apps.inputmethod.libs.nga.impl.KeyboardDictationService } U=0: not found
04-21 05:45:52.394  1643  1915 W ActivityManager: Unbind failed: could not find connection for android.os.BinderProxy@bc37ee
04-21 05:45:53.205  1643  4349 W ActivityManager: Unable to start service Intent { act=grpc.io.action.BIND xflg=0x4 cmp=com.google.android.inputmethod.latin/com.google.android.apps.inputmethod.libs.nga.impl.KeyboardDictationService } U=0: not found
04-21 05:45:53.206  1643  4349 W ActivityManager: Unbind failed: could not find connection for android.os.BinderProxy@abb6508
04-21 05:45:54.546  1643  4614 W ActivityManager: Unable to start service Intent { act=grpc.io.action.BIND xflg=0x4 cmp=com.google.android.inputmethod.latin/com.google.android.apps.inputmethod.libs.nga.impl.KeyboardDictationService } U=0: not found
04-21 05:45:54.547  1643  4614 W ActivityManager: Unbind failed: could not find connection for android.os.BinderProxy@31c789e
04-21 05:45:55.947  1643  4189 D BackgroundInstallControlService: Package event received: 0
04-21 05:45:55.982  1643  4189 D BackgroundInstallControlService: Package event received: 0
04-21 05:45:56.904  1643  4349 W ActivityManager: Unable to start service Intent { act=grpc.io.action.BIND xflg=0x4 cmp=com.google.android.inputmethod.latin/com.google.android.apps.inputmethod.libs.nga.impl.KeyboardDictationService } U=0: not found
04-21 05:45:56.907  1643  4349 W ActivityManager: Unbind failed: could not find connection for android.os.BinderProxy@8ec6ed6
04-21 05:46:00.045  1643  1720 I DisplayDeviceRepository: Display device changed render timings: "Built-in Screen", renderFrameRate=60.000004, presentationDeadlineNanos=11500000, appVsyncOffsetNanos=6233332, frameRateOverrides=[{uid=10258 frameRateHz=60.000004}]
04-21 05:46:00.050  1643  1711 D WindowManager: DeferredDisplayUpdater: partially applying DisplayInfo(960 x 2142) immediately
04-21 05:46:00.796  1643  1720 I DisplayDeviceRepository: Display device changed render timings: "Built-in Screen", renderFrameRate=60.000004, presentationDeadlineNanos=11500000, appVsyncOffsetNanos=6233332, frameRateOverrides=[]
04-21 05:46:01.134  1643  4614 W ActivityManager: Unable to start service Intent { act=grpc.io.action.BIND xflg=0x4 cmp=com.google.android.inputmethod.latin/com.google.android.apps.inputmethod.libs.nga.impl.KeyboardDictationService } U=0: not found
04-21 05:46:01.135  1643  4614 W ActivityManager: Unbind failed: could not find connection for android.os.BinderProxy@6ee4844
04-21 05:46:01.431  1643  2242 D ActivityManager: freezing 6259 com.google.android.partnersetup
04-21 05:46:01.936  1643  2242 D ActivityManager: freezing 30300 com.thetileapp.tile
04-21 05:46:01.946  1643  2242 D ActivityManager: freezing 18656 com.android.vending
04-21 05:46:01.950  1643  2242 D ActivityManager: freezing 17315 com.android.vending:background
04-21 05:46:02.214  1643  2242 D ActivityManager: freezing 4724 com.android.settings
04-21 05:46:02.221  1643  2242 D ActivityManager: freezing 11247 com.google.android.apps.turbo:aab
04-21 05:46:02.223  1643  2242 D ActivityManager: freezing 32152 com.google.android.apps.turbo
04-21 05:46:02.227  1643  2242 D ActivityManager: freezing 7824 com.google.android.settings.intelligence
04-21 05:46:04.466  1643  4189 D BackgroundInstallControlService: Package event received: 0
04-21 05:46:04.477  1643  4614 D ActivityManager: sync unfroze 32152 com.google.android.apps.turbo for 6
04-21 05:46:04.478  1643  4189 D BackgroundInstallControlService: Package event received: 0
04-21 05:46:04.496  1643  4614 W ProcessStats: Tracking association SourceState{da2e54b com.google.android.pixelsystemservice/10261 ImpFg #433942} whose proc state 5 is better than process ProcessState{1c3a3c5 com.google.android.apps.turbo/10149 pkg=com.google.android.apps.turbo} proc state 14 (37 skipped)
04-21 05:46:05.364  1643  2242 D ActivityManager: freezing 1236 com.google.android.googlequicksearchbox:search
04-21 05:46:05.373  1643  2242 D ActivityManager: freezing 1327 com.google.android.googlequicksearchbox:googleapp
04-21 05:46:05.381  1643  2242 D ActivityManager: freezing 3470 com.google.android.webview:sandboxed_process0:org.chromium.content.app.SandboxedProcessService0:0
04-21 05:46:05.383  1643  2242 D ActivityManager: freezing 24589 com.google.android.webview:sandboxed_process0:org.chromium.content.app.SandboxedProcessService0:2
04-21 05:46:14.081  1643  4189 D BackgroundInstallControlService: Package event received: 0
04-21 05:46:19.710  1643  4189 D BackgroundInstallControlService: Package event received: 0
04-21 05:46:21.104  1643  4189 D BackgroundInstallControlService: Package event received: 0
04-21 05:46:28.173  1643  4189 D BackgroundInstallControlService: Package event received: 0
04-21 05:46:33.740  1643  4189 D BackgroundInstallControlService: Package event received: 0
04-21 05:46:39.426  1643  4189 D BackgroundInstallControlService: Package event received: 0
04-21 05:46:43.464  1643  4189 D BackgroundInstallControlService: Package event received: 0
04-21 05:46:44.556  1643  2242 D ActivityManager: freezing 32152 com.google.android.apps.turbo
04-21 05:46:46.300  1643  4189 D BackgroundInstallControlService: Package event received: 0
04-21 05:46:47.679  1643  4189 D BackgroundInstallControlService: Package event received: 0
04-21 05:46:47.710  1643  4189 D BackgroundInstallControlService: Package event received: 0
04-21 05:46:50.138  1643  2234 D ActivityManager: sync unfroze 16492 com.google.android.apps.wellbeing for 6
04-21 05:46:50.163  1643  4614 W ProcessStats: Tracking association SourceState{d8c2b87 system/1000 ImpBg #434019} whose proc state 6 is better than process ProcessState{7b50e49 com.google.android.apps.wellbeing/10159 pkg=com.google.android.apps.wellbeing} proc state 14 (0 skipped)
04-21 05:46:50.227  1643  4614 D AmbientContextManagerService: Not all events types are wearable events.
04-21 05:46:50.227  1643  4614 D AmbientContextManagerService: getServiceForType with userid: 0 service type: DEFAULT
04-21 05:46:50.227  1643  4614 D AmbientContextManagerService: Services that are available: 1 number of services
04-21 05:46:50.227  1643  4614 D AmbientContextManagerService: Not all events types are wearable events.
04-21 05:46:50.227  1643  4614 D AmbientContextManagerPerUserService: Query event status of [1] for com.google.android.apps.wellbeing
04-21 05:46:50.228  1643  4614 I DefaultRemoteAmbientContextDetectionService: Query status for com.google.android.apps.wellbeing
04-21 05:46:50.235  1643  4614 I AmbientContextManagerPerUserService: Got detection status of 1 for com.google.android.apps.wellbeing
04-21 05:46:50.239  1643  1915 D AmbientContextManagerService: Not all events types are wearable events.
04-21 05:46:50.239  1643  1915 D AmbientContextManagerService: getServiceForType with userid: 0 service type: DEFAULT
04-21 05:46:50.239  1643  1915 D AmbientContextManagerService: Services that are available: 1 number of services
04-21 05:46:50.239  1643  1915 D AmbientContextManagerService: Not all events types are wearable events.
04-21 05:46:50.239  1643  1915 D AmbientContextManagerPerUserService: Query event status of [2] for com.google.android.apps.wellbeing
04-21 05:46:50.239  1643  1915 I DefaultRemoteAmbientContextDetectionService: Query status for com.google.android.apps.wellbeing
04-21 05:46:50.241  1643  1915 I AmbientContextManagerPerUserService: Got detection status of 1 for com.google.android.apps.wellbeing
04-21 05:46:50.251  1643  1915 D AmbientContextManagerService: Not all events types are wearable events.
04-21 05:46:50.252  1643  1915 D AmbientContextManagerService: getServiceForType with userid: 0 service type: DEFAULT
04-21 05:46:50.252  1643  1915 D AmbientContextManagerService: Services that are available: 1 number of services
04-21 05:46:50.252  1643  1915 I AmbientContextManagerService: AmbientContextManagerService registerObserverWithCallback.
04-21 05:46:50.252  1643  1915 D AmbientContextManagerService: Not all events types are wearable events.
04-21 05:46:50.252  1643  1915 D AmbientContextManagerService: getServiceForType with userid: 0 service type: DEFAULT
04-21 05:46:50.252  1643  1915 D AmbientContextManagerService: Services that are available: 1 number of services
04-21 05:46:50.252  1643  1915 D AmbientContextManagerService: Not all events types are wearable events.
04-21 05:46:50.252  1643  1915 D AmbientContextManagerPerUserService: Requested detection of {1, 2}
04-21 05:46:50.252  1643  1915 I DefaultRemoteAmbientContextDetectionService: Start detection for {1, 2}
04-21 05:46:50.252  1643  1915 D AmbientContextManagerService: New client added: com.google.android.apps.wellbeing
04-21 05:46:50.254  5707  5730 D AmbientContextDetectionService: startDetection AmbientContextEventRequest { eventTypes = {1, 2}, options = PersistableBundle[EMPTY_PARCEL] }
04-21 05:46:50.260  1643  4614 I AmbientContextManagerPerUserService: Got detection status of 1 for com.google.android.apps.wellbeing
04-21 05:47:00.047  1643  1720 I DisplayDeviceRepository: Display device changed render timings: "Built-in Screen", renderFrameRate=120.00001, presentationDeadlineNanos=11500000, appVsyncOffsetNanos=6233332, frameRateOverrides=[]
04-21 05:47:00.048  1643  1711 D WindowManager: DeferredDisplayUpdater: partially applying DisplayInfo(960 x 2142) immediately
04-21 05:47:00.392  1643  2242 D ActivityManager: freezing 16492 com.google.android.apps.wellbeing
04-21 05:47:00.442  1643  4189 D BackgroundInstallControlService: Package event received: 0
04-21 05:47:08.739  1643  4189 D BackgroundInstallControlService: Package event received: 0
04-21 05:47:14.300  1643  4189 D BackgroundInstallControlService: Package event received: 0
04-21 05:47:14.536  1643  4189 D BackgroundInstallControlService: Package event received: 0
04-21 05:47:14.543  1643  2226 D ActivityManager: sync unfroze 32152 com.google.android.apps.turbo for 6
04-21 05:47:14.546  1643  4189 D BackgroundInstallControlService: Package event received: 0
04-21 05:47:14.575  1643  2226 W ProcessStats: Tracking association SourceState{da2e54b com.google.android.pixelsystemservice/10261 ImpFg #434048} whose proc state 5 is better than process ProcessState{1c3a3c5 com.google.android.apps.turbo/10149 pkg=com.google.android.apps.turbo} proc state 14 (0 skipped)
04-21 05:47:18.537  1643  4189 D BackgroundInstallControlService: Package event received: 0
04-21 05:47:21.353  1643  4189 D BackgroundInstallControlService: Package event received: 0
04-21 05:47:36.692  1643  4189 D BackgroundInstallControlService: Package event received: 0
04-21 05:47:39.536  1643  4189 D BackgroundInstallControlService: Package event received: 0
04-21 05:47:45.115  1643  4189 D BackgroundInstallControlService: Package event received: 0
04-21 05:47:49.403  1643  4189 D BackgroundInstallControlService: Package event received: 0
04-21 05:47:52.199  1643  4189 D BackgroundInstallControlService: Package event received: 0
04-21 05:47:57.753  1643  4189 D BackgroundInstallControlService: Package event received: 0
04-21 05:48:04.804  1643  4189 D BackgroundInstallControlService: Package event received: 0
04-21 05:48:06.467  1643  4614 W AppOps  : Noting op not finished: uid 10186 pkg com.google.android.gms code 79 startTime of in progress event=1776744548977
04-21 05:48:06.476  1643  4614 W AppOps  : Noting op not finished: uid 10186 pkg com.google.android.gms code 113 startTime of in progress event=1776744548977
04-21 05:48:06.482  1643  4614 W AppOps  : Noting op not finished: uid 10186 pkg com.google.android.gms code 113 startTime of in progress event=1776744548977
04-21 05:48:07.470  1643  5975 W AppOps  : Noting op not finished: uid 10186 pkg com.google.android.gms code 113 startTime of in progress event=1776744548977
04-21 05:48:14.598  1643  4189 D BackgroundInstallControlService: Package event received: 0
04-21 05:48:14.602  1643  4189 D BackgroundInstallControlService: Package event received: 0
04-21 05:48:15.938  1643  4189 D BackgroundInstallControlService: Package event received: 0
04-21 05:48:18.914  1643  2234 D ActivityManager: sync unfroze 14382 com.google.android.tts for 6
04-21 05:48:18.946  1643  5943 W ProcessStats: Tracking association SourceState{6e2eb89 system/1000 ImpBg #434139} whose proc state 6 is better than process ProcessState{3aa1f7d com.google.android.tts/10191 pkg=com.google.android.tts} proc state 14 (0 skipped)
04-21 05:48:23.004  1643  4189 D BackgroundInstallControlService: Package event received: 0
04-21 05:48:29.087  1643  2242 D ActivityManager: freezing 14382 com.google.android.tts
04-21 05:48:32.594  1643  4189 D BackgroundInstallControlService: Package event received: 0
04-21 05:48:35.625  1643  4189 D BackgroundInstallControlService: Package event received: 0
04-21 05:48:42.690  1643  4189 D BackgroundInstallControlService: Package event received: 0
04-21 05:48:44.121  1643  4189 D BackgroundInstallControlService: Package event received: 0
04-21 05:48:54.670  1643  2242 D ActivityManager: freezing 32152 com.google.android.apps.turbo
04-21 05:49:04.650  1643  4189 D BackgroundInstallControlService: Package event received: 0
04-21 05:49:04.658  1643  2261 D ActivityManager: sync unfroze 32152 com.google.android.apps.turbo for 6
04-21 05:49:04.662  1643  4189 D BackgroundInstallControlService: Package event received: 0
04-21 05:49:04.687  1643  2261 W ProcessStats: Tracking association SourceState{da2e54b com.google.android.pixelsystemservice/10261 ImpFg #434178} whose proc state 5 is better than process ProcessState{1c3a3c5 com.google.android.apps.turbo/10149 pkg=com.google.android.apps.turbo} proc state 14 (0 skipped)
04-21 05:49:16.955  4233  8601 D PowerUI : can't show warning due to - plugged: true status unknown: false
04-21 05:49:24.138  1643  4189 D BackgroundInstallControlService: Package event received: 0
04-21 05:49:25.405  1643  4189 D BackgroundInstallControlService: Package event received: 0
04-21 05:49:28.700  1643  4189 D BackgroundInstallControlService: Package event received: 0
04-21 05:49:31.015  1643  4189 D BackgroundInstallControlService: Package event received: 0
04-21 05:49:33.733  1643  4189 D BackgroundInstallControlService: Package event received: 0
04-21 05:49:33.745  1643  1821 D ActivityManager: sync unfroze 1327 com.google.android.googlequicksearchbox:googleapp for 3
04-21 05:49:33.747  1643  1821 D ActivityManager: sync unfroze 24589 com.google.android.webview:sandboxed_process0:org.chromium.content.app.SandboxedProcessService0:2 for 3
04-21 05:49:33.753  1643  1821 D ActivityManager: sync unfroze 1236 com.google.android.googlequicksearchbox:search for 3
04-21 05:49:33.755  1643  1821 D ActivityManager: sync unfroze 3470 com.google.android.webview:sandboxed_process0:org.chromium.content.app.SandboxedProcessService0:0 for 3
04-21 05:49:33.830  1643  2234 D ActivityManager: sync unfroze 20209 com.google.android.apps.pixel.dcservice for 6
04-21 05:49:33.854  1643  2234 D ActivityManager: sync unfroze 31740 com.google.android.apps.safetyhub for 6
04-21 05:49:33.860  1643  2226 W ProcessStats: Tracking association SourceState{f22bd8f system/1000 ImpBg #434216} whose proc state 6 is better than process ProcessState{d91fd69 com.google.android.apps.pixel.dcservice/10253 pkg=com.google.android.apps.pixel.dcservice} proc state 14 (0 skipped)
04-21 05:49:33.867  1643  2226 W ActivityManager: Unable to start service Intent { act=grpc.io.action.BIND xflg=0x4 cmp=com.google.android.inputmethod.latin/com.google.android.apps.inputmethod.libs.nga.impl.KeyboardDictationService } U=0: not found
04-21 05:49:33.873  1643  4614 W ActivityManager: Unbind failed: could not find connection for android.os.BinderProxy@d370688
04-21 05:49:44.033  1643  2242 D ActivityManager: freezing 20209 com.google.android.apps.pixel.dcservice
04-21 05:49:44.177  1643  2242 D ActivityManager: freezing 31740 com.google.android.apps.safetyhub
04-21 05:49:44.695  1643  4189 D BackgroundInstallControlService: Package event received: 0
04-21 05:49:44.703  1643  4189 D BackgroundInstallControlService: Package event received: 0
04-21 05:49:57.687  1643  4189 D BackgroundInstallControlService: Package event received: 0
04-21 05:50:00.072  1643  1821 D ActivityManager: sync unfroze 30300 com.thetileapp.tile for 3
04-21 05:50:00.076  1643  1821 D ActivityManager: sync unfroze 18656 com.android.vending for 3
04-21 05:50:00.079  1643  1821 D ActivityManager: sync unfroze 17315 com.android.vending:background for 3
04-21 05:50:00.105  1643  4189 D BackgroundInstallControlService: Package event received: 0
04-21 05:50:00.116  1643  2234 E JobScheduler.JobStatus: App com.microsoft.appmanager became active but still in NEVER bucket
04-21 05:50:00.117  1643  2234 E JobScheduler.JobStatus: App com.microsoft.appmanager became active but still in NEVER bucket
04-21 05:50:00.118  1643  2234 E JobScheduler.JobStatus: App com.microsoft.appmanager became active but still in NEVER bucket
04-21 05:50:00.118  1643  2234 E JobScheduler.JobStatus: App com.microsoft.appmanager became active but still in NEVER bucket
04-21 05:50:00.119  1643  2234 E JobScheduler.JobStatus: App com.microsoft.appmanager became active but still in NEVER bucket
04-21 05:50:00.141  1643  4189 D BackgroundInstallControlService: Package event received: 0
04-21 05:50:00.318  1643  4349 D ActivityManager: sync unfroze 24926 com.google.android.gms for 6
04-21 05:50:00.318  1643  4349 D ActivityManager: sync unfroze 3587 com.google.android.adservices.api for 6
04-21 05:50:00.379  1643  5975 W ProcessStats: Tracking association SourceState{f61c77d com.google.android.gms/10186 Service #434273} whose proc state 8 is better than process ProcessState{c783460 com.google.android.adservices.api/10278 pkg=com.google.android.adservices.api} proc state 14 (1 skipped)
04-21 05:50:00.512  1643  4189 D BackgroundInstallControlService: Package event received: 0
04-21 05:50:01.436  1643  4349 W AlarmManager: Window length 300000ms too short; expanding to 600000ms.
04-21 05:50:04.073  4233 11158 D PowerUI : can't show warning due to - plugged: true status unknown: false
04-21 05:50:04.904  1643  4189 D BackgroundInstallControlService: Package event received: 0
04-21 05:50:04.920  1643  4189 D BackgroundInstallControlService: Package event received: 0
04-21 05:50:04.931  1643  4189 D BackgroundInstallControlService: Package event received: 0
04-21 05:50:10.180  1643  2242 D ActivityManager: freezing 17315 com.android.vending:background
04-21 05:50:22.823  1643  4189 D BackgroundInstallControlService: Package event received: 0
04-21 05:50:22.861  1643  4189 D BackgroundInstallControlService: Package event received: 0
04-21 05:50:22.886  1643  4189 D BackgroundInstallControlService: Package event received: 0
04-21 05:50:28.400  1643  4189 D BackgroundInstallControlService: Package event received: 0
04-21 05:50:29.873  1643  4189 D BackgroundInstallControlService: Package event received: 0
04-21 05:50:30.009  1643  2242 D ActivityManager: freezing 1327 com.google.android.googlequicksearchbox:googleapp
04-21 05:50:30.016  1643  2242 D ActivityManager: freezing 3470 com.google.android.webview:sandboxed_process0:org.chromium.content.app.SandboxedProcessService0:0
04-21 05:50:30.018  1643  2242 D ActivityManager: freezing 24589 com.google.android.webview:sandboxed_process0:org.chromium.content.app.SandboxedProcessService0:2
04-21 05:50:30.020  1643  2242 D ActivityManager: freezing 24926 com.google.android.gms
04-21 05:50:30.026  1643  2242 D ActivityManager: freezing 3587 com.google.android.adservices.api
04-21 05:50:30.028  1643  2242 D ActivityManager: freezing 1236 com.google.android.googlequicksearchbox:search
04-21 05:50:31.081  1643  2242 D ActivityManager: freezing 30300 com.thetileapp.tile
04-21 05:50:31.090  1643  2242 D ActivityManager: freezing 18656 com.android.vending
04-21 05:50:33.961  1643  4189 D BackgroundInstallControlService: Package event received: 0
04-21 05:50:40.961  1643  4189 D BackgroundInstallControlService: Package event received: 0
04-21 05:50:41.018  1643  4189 D BackgroundInstallControlService: Package event received: 0
04-21 05:50:47.996  1643  4189 D BackgroundInstallControlService: Package event received: 0
04-21 05:50:49.047  4233 12137 D PowerUI : can't show warning due to - plugged: true status unknown: false
04-21 05:50:53.648  1643  4189 D BackgroundInstallControlService: Package event received: 0
04-21 05:50:54.622  1643  2234 D ActivityManager: sync unfroze 30300 com.thetileapp.tile for 6
04-21 05:50:54.625  1643  2234 D ActivityManager: sync unfroze 18656 com.android.vending for 6
04-21 05:50:54.650  1643  2234 W JobServiceContext: Sending onNetworkChanged for a job that isn't started. JobStatus{acd47df androidx.work.systemjobscheduler:u0a318/12461 #TileJobWorker#@androidx.work.systemjobscheduler@com.thetileapp.tile/androidx.work.impl.background.systemjob.SystemJobService u=0 s=10318 TIME=-23s281ms:none NET READY}
04-21 05:50:54.672  1643  4658 W ProcessStats: Tracking association SourceState{5cf21d6 com.thetileapp.tile/10318 ImpBg #434373} whose proc state 6 is better than process ProcessState{704cc57 com.android.vending/10179 pkg=com.android.vending (sub)} proc state 14 (2 skipped)
04-21 05:50:55.029  1643  4189 D BackgroundInstallControlService: Package event received: 0
04-21 05:51:04.788  1643  2242 D ActivityManager: freezing 32152 com.google.android.apps.turbo
04-21 05:51:05.162  1643  2242 D ActivityManager: freezing 30300 com.thetileapp.tile
04-21 05:51:05.173  1643  2242 D ActivityManager: freezing 18656 com.android.vending
04-21 05:51:12.140  1643  4189 D BackgroundInstallControlService: Package event received: 0
04-21 05:51:13.189  1643  4189 D BackgroundInstallControlService: Package event received: 0
04-21 05:51:14.609  1643  4189 D BackgroundInstallControlService: Package event received: 0
04-21 05:51:38.275  4233 13655 D PowerUI : can't show warning due to - plugged: true status unknown: false
04-21 05:51:38.394  1643  4189 D BackgroundInstallControlService: Package event received: 0
04-21 05:51:38.430  1643  4189 D BackgroundInstallControlService: Package event received: 0
04-21 05:51:45.453  1643  4189 D BackgroundInstallControlService: Package event received: 0
04-21 05:51:49.477  1643  1870 D AppOpHistoryHelper: MetricHandler reporting 18 records.
04-21 05:51:50.993  1643  4189 D BackgroundInstallControlService: Package event received: 0
04-21 05:51:52.444  1643  4189 D BackgroundInstallControlService: Package event received: 0
04-21 05:51:58.071  1643  4189 D BackgroundInstallControlService: Package event received: 0
04-21 05:52:03.635  1643  4189 D BackgroundInstallControlService: Package event received: 0
04-21 05:52:06.383  1643  4189 D BackgroundInstallControlService: Package event received: 0
04-21 05:52:15.044  1643  4189 D BackgroundInstallControlService: Package event received: 0
04-21 05:52:15.044  1643  4189 D BackgroundInstallControlService: Package event received: 0
04-21 05:52:15.045  1643  4189 D BackgroundInstallControlService: Package event received: 0
04-21 05:52:15.045  1643  4189 D BackgroundInstallControlService: Package event received: 0
04-21 05:52:15.082  1643  2234 D ActivityManager: sync unfroze 5586 com.google.android.apps.pixel.customizationbundle for 6
04-21 05:52:15.093  1643  2234 D ActivityManager: sync unfroze 27841 com.squareup.cash for 6
04-21 05:52:15.105  1643  2234 D ActivityManager: sync unfroze 6882 org.zwanoo.android.speedtest for 6
04-21 05:52:15.140  1643  2234 W JobServiceContext: Sending onNetworkChanged for a job that isn't started. JobStatus{5db26e9 androidx.work.systemjobscheduler:u0a309/313 #SandboxedCoroutineWorker#@androidx.work.systemjobscheduler@com.squareup.cash/androidx.work.impl.background.systemjob.SystemJobService u=0 s=10309 TIME=-9m29s704ms:none NET READY}
04-21 05:52:15.142  1643  2234 W JobServiceContext: Sending onNetworkChanged for a job that isn't started. JobStatus{4775b63 #u0a340/-1331025784 org.zwanoo.android.speedtest/com.google.android.datatransport.runtime.scheduling.jobscheduling.JobInfoSchedulerService u=0 s=10340 TIME=-6m31s880ms:none NET READY}
04-21 05:52:15.160  1643  2261 D ActivityManager: sync unfroze 24926 com.google.android.gms for 4
04-21 05:52:15.162  1643  2261 D ActivityManager: sync unfroze 3587 com.google.android.adservices.api for 4
04-21 05:52:15.171  1643  5975 W ProcessStats: Tracking association SourceState{a8bf3ce system/1000 ImpBg #434475} whose proc state 6 is better than process ProcessState{960269e com.squareup.cash/10309 pkg=com.squareup.cash} proc state 14 (1 skipped)
04-21 05:52:15.179  1643  1643 W JobScheduler: Job didn't exist in JobStore: 5db26e9 {androidx.work.systemjobscheduler} #u0a309/313 #SandboxedCoroutineWorker#@androidx.work.systemjobscheduler@com.squareup.cash/androidx.work.impl.background.systemjob.SystemJobService
04-21 05:52:18.380  1643  2234 D ActivityManager: sync unfroze 18656 com.android.vending for 6
04-21 05:52:18.559  1643  1670 W JobScheduler: Job didn't exist in JobStore: cb40332 #u0a179/9697 com.android.vending/com.google.android.finsky.scheduler.process.mainimpl.PhoneskyJobServiceMain
04-21 05:52:25.209  1643  2242 D ActivityManager: freezing 27841 com.squareup.cash
04-21 05:52:25.428  1643  2242 D ActivityManager: freezing 6882 org.zwanoo.android.speedtest
04-21 05:52:25.435  1643  2242 D ActivityManager: freezing 24926 com.google.android.gms
04-21 05:52:25.442  1643  2242 D ActivityManager: freezing 3587 com.google.android.adservices.api
04-21 05:52:25.725  1643  2242 D ActivityManager: freezing 5586 com.google.android.apps.pixel.customizationbundle
04-21 05:52:26.308  1643  4189 D BackgroundInstallControlService: Package event received: 0
04-21 05:52:30.064  1643  2242 D ActivityManager: freezing 18656 com.android.vending
04-21 05:52:31.820  1643  4189 D BackgroundInstallControlService: Package event received: 0
04-21 05:52:37.507  1643  4189 D BackgroundInstallControlService: Package event received: 0
04-21 05:52:40.246  1643  4189 D BackgroundInstallControlService: Package event received: 0
04-21 05:52:57.058  1643  4189 D BackgroundInstallControlService: Package event received: 0
04-21 05:53:18.126  1643  4189 D BackgroundInstallControlService: Package event received: 0
04-21 05:53:19.473  1643  4189 D BackgroundInstallControlService: Package event received: 0
04-21 05:53:30.622  1643  4189 D BackgroundInstallControlService: Package event received: 0
04-21 05:53:34.437  1643  1871 D AppOpHistoryHelper: MetricHandler reporting 37 records.
04-21 05:53:40.436  1643  4189 D BackgroundInstallControlService: Package event received: 0
04-21 05:53:43.250  1643  4189 D BackgroundInstallControlService: Package event received: 0
04-21 05:53:43.324  1643  4189 D BackgroundInstallControlService: Package event received: 0
04-21 05:53:45.990  1643  4189 D BackgroundInstallControlService: Package event received: 0
04-21 05:53:55.892  1643  4189 D BackgroundInstallControlService: Package event received: 0
04-21 05:54:05.151  1643  4614 W AppOps  : Noting op not finished: uid 10186 pkg com.google.android.gms code 79 startTime of in progress event=1776744548977
04-21 05:54:05.159  1643  4614 W AppOps  : Noting op not finished: uid 10186 pkg com.google.android.gms code 113 startTime of in progress event=1776744548977
04-21 05:54:05.169  1643  4614 W AppOps  : Noting op not finished: uid 10186 pkg com.google.android.gms code 113 startTime of in progress event=1776744548977
04-21 05:54:05.625  1643  4189 D BackgroundInstallControlService: Package event received: 0
04-21 05:54:06.153  1643  4349 W AppOps  : Noting op not finished: uid 10186 pkg com.google.android.gms code 113 startTime of in progress event=1776744548977
04-21 05:54:08.565  1643  1821 D ActivityManager: sync unfroze 16492 com.google.android.apps.wellbeing for 3
04-21 05:54:08.849  1643  4189 D BackgroundInstallControlService: Package event received: 0
04-21 05:54:12.817  1643  4189 D BackgroundInstallControlService: Package event received: 0
04-21 05:54:26.780  1643  4189 D BackgroundInstallControlService: Package event received: 0
04-21 05:54:28.214  1643  4189 D BackgroundInstallControlService: Package event received: 0
04-21 05:54:35.327  1643  4189 D BackgroundInstallControlService: Package event received: 0
04-21 05:54:40.887  1643  4189 D BackgroundInstallControlService: Package event received: 0
04-21 05:54:44.949  1643  4189 D BackgroundInstallControlService: Package event received: 0
04-21 05:54:45.007  1643  4189 D BackgroundInstallControlService: Package event received: 0
04-21 05:54:45.013  1643  1915 D ActivityManager: sync unfroze 32152 com.google.android.apps.turbo for 6
04-21 05:54:45.023  1643  4189 D BackgroundInstallControlService: Package event received: 0
04-21 05:54:45.043  1643  1915 W ProcessStats: Tracking association SourceState{1f3c79d system/1000 ImpBg #434669} whose proc state 6 is better than process ProcessState{1c3a3c5 com.google.android.apps.turbo/10149 pkg=com.google.android.apps.turbo} proc state 14 (7 skipped)
04-21 05:54:45.084  1643  2234 D ActivityManager: sync unfroze 5500 com.google.android.apps.ai.icons for 6
04-21 05:54:45.094  5500  5500 D ActivityThread: Package [com.adamoutler.ssh] reported as REPLACED, but missing application info. Assuming REMOVED.
04-21 05:54:45.096  5500  5500 D ActivityThread: Package [com.adamoutler.ssh] reported as REPLACED, but missing application info. Assuming REMOVED.
04-21 05:54:45.097  5500  5500 D ActivityThread: Package [com.android.vending] reported as REPLACED, but missing application info. Assuming REMOVED.
04-21 05:54:45.098  5500  5500 D ActivityThread: Package [com.android.vending] reported as REPLACED, but missing application info. Assuming REMOVED.
04-21 05:54:45.332  1643  2242 D ActivityManager: freezing 16492 com.google.android.apps.wellbeing
04-21 05:54:45.343  1643  1915 D CompatChangeReporter: Compat change id reported: 311208629; UID 10400; state: ENABLED
04-21 05:54:51.966  1643  4189 D BackgroundInstallControlService: Package event received: 0
04-21 05:54:52.419  1643  1915 D ActivityManager: sync unfroze 24926 com.google.android.gms for 4
04-21 05:54:52.420  1643  4189 D BackgroundInstallControlService: Package event received: 0
04-21 05:54:52.421  1643  1915 D ActivityManager: sync unfroze 3587 com.google.android.adservices.api for 4
04-21 05:54:52.438  1643  4189 D BackgroundInstallControlService: Package event received: 0
04-21 05:54:55.367  1643  2242 D ActivityManager: freezing 5500 com.google.android.apps.ai.icons
04-21 05:54:56.984  1643  1670 W ProcessStats: Tracking association SourceState{f61c77d com.google.android.gms/10186 BFgs #434701} whose proc state 4 is better than process ProcessState{c783460 com.google.android.adservices.api/10278 pkg=com.google.android.adservices.api} proc state 14 (26 skipped)
04-21 05:54:57.708  1643  4189 D BackgroundInstallControlService: Package event received: 0
04-21 05:54:59.000  1643  4189 D BackgroundInstallControlService: Package event received: 0
04-21 05:55:00.072  1643  1821 D ActivityManager: sync unfroze 30300 com.thetileapp.tile for 3
04-21 05:55:00.077  1643  1821 D ActivityManager: sync unfroze 18656 com.android.vending for 3
04-21 05:55:00.124  1643  4189 D BackgroundInstallControlService: Package event received: 0
04-21 05:55:01.469  1643  2261 W AlarmManager: Window length 300000ms too short; expanding to 600000ms.
04-21 05:55:03.164  1643  4189 D BackgroundInstallControlService: Package event received: 0
04-21 05:55:07.153  1643  1670 W ProcessStats: Tracking association SourceState{f61c77d com.google.android.gms/10186 BFgs #434738} whose proc state 4 is better than process ProcessState{c783460 com.google.android.adservices.api/10278 pkg=com.google.android.adservices.api} proc state 14 (69 skipped)
04-21 05:55:08.237   609 19728 I keystore2: system/security/keystore2/watchdog/src/lib.rs:371 - Watchdog thread idle -> terminating. Have a great day.
04-21 05:55:13.632  1643  4189 D BackgroundInstallControlService: Package event received: 0
04-21 05:55:17.548  1643  2242 D ActivityManager: freezing 24926 com.google.android.gms
04-21 05:55:17.560  1643  2242 D ActivityManager: freezing 3587 com.google.android.adservices.api
04-21 05:55:17.798  1643  4189 D BackgroundInstallControlService: Package event received: 0
04-21 05:55:30.127  1643  2242 D ActivityManager: freezing 30300 com.thetileapp.tile
04-21 05:55:30.137  1643  2242 D ActivityManager: freezing 18656 com.android.vending
04-21 05:55:33.210  1643  4189 D BackgroundInstallControlService: Package event received: 0
04-21 05:55:40.262  1643  4189 D BackgroundInstallControlService: Package event received: 0
04-21 05:55:43.048  1643  4189 D BackgroundInstallControlService: Package event received: 0
04-21 05:55:43.082  1643  4189 D BackgroundInstallControlService: Package event received: 0
04-21 05:55:47.311  1643  4189 D BackgroundInstallControlService: Package event received: 0
04-21 05:55:48.635  1643  4189 D BackgroundInstallControlService: Package event received: 0
04-21 05:55:49.054  4233 15351 D PowerUI : can't show warning due to - plugged: true status unknown: false
