04-21 06:10:21.770  1643  4189 D BackgroundInstallControlService: Package event received: 0
04-21 06:10:28.833  1643  4189 D BackgroundInstallControlService: Package event received: 0
04-21 06:10:30.241  1643  2242 D ActivityManager: freezing 24926 com.google.android.gms
04-21 06:10:30.250  1643  2242 D ActivityManager: freezing 3587 com.google.android.adservices.api
04-21 06:10:30.254  1643  2242 D ActivityManager: freezing 30300 com.thetileapp.tile
04-21 06:10:30.260  1643  2242 D ActivityManager: freezing 18656 com.android.vending
04-21 06:10:34.414  1643  4189 D BackgroundInstallControlService: Package event received: 0
04-21 06:10:46.028  1643  4189 D BackgroundInstallControlService: Package event received: 0
04-21 06:10:46.032  1643  5943 D ActivityManager: sync unfroze 32152 com.google.android.apps.turbo for 6
04-21 06:10:46.038  1643  4189 D BackgroundInstallControlService: Package event received: 0
04-21 06:10:46.072  1643  5943 W ProcessStats: Tracking association SourceState{1fc8336 system/1000 ImpBg #436013} whose proc state 6 is better than process ProcessState{1c3a3c5 com.google.android.apps.turbo/10149 pkg=com.google.android.apps.turbo} proc state 14 (0 skipped)
04-21 06:10:46.113  1643  2234 D ActivityManager: sync unfroze 5261 com.google.android.carrier for 6
04-21 06:10:46.136  1643  2234 D CompatChangeReporter: Compat change id reported: 441041342; UID 10210; state: ENABLED
04-21 06:10:46.150  1643  2234 D ActivityManager: sync unfroze 3802 com.google.android.apps.weather for 6
04-21 06:10:46.161  1643  2234 D ActivityManager: sync unfroze 5586 com.google.android.apps.pixel.customizationbundle for 6
04-21 06:10:46.170  1643  2234 D ActivityManager: sync unfroze 30300 com.thetileapp.tile for 6
04-21 06:10:46.172  1643  2234 D ActivityManager: sync unfroze 18656 com.android.vending for 6
04-21 06:10:46.173  1643  1822 I ActivityManager: Start proc 20961:com.google.android.videos/u0a210 for service {com.google.android.videos/androidx.work.impl.background.systemjob.SystemJobService}
04-21 06:10:46.193  1643  2234 W JobServiceContext: Sending onNetworkChanged for a job that isn't started. JobStatus{f88307f androidx.work.systemjobscheduler:u0a318/12465 #TileJobWorker#@androidx.work.systemjobscheduler@com.thetileapp.tile/androidx.work.impl.background.systemjob.SystemJobService u=0 s=10318 TIME=-14s728ms:none NET READY}
04-21 06:10:46.265  1643  7026 W JobScheduler: Job didn't exist in JobStore: 32f36ef #u0a176/13 com.google.android.carrier/.CheckinService
04-21 06:10:46.367  1643  7026 W JobScheduler: Job didn't exist in JobStore: 87cd2a4 {androidx.work.systemjobscheduler} #u0a128/4193 #TikTokWorker#com.google.apps.tiktok.sync.impl.workmanager.SyncPeriodicWorker#@androidx.work.systemjobscheduler@com.google.android.apps.weather/androidx.work.impl.background.systemjob.SystemJobService
04-21 06:10:46.583  1643  4189 D BackgroundInstallControlService: Package event received: 0
04-21 06:10:46.591  1643  5943 I MediaSessionStack: addSession to bottom of stack | record: com.google.android.videos/play_movies_media/3918 (userId=0)
04-21 06:10:46.605  1643  4614 W DisplayManagerService: Permission Denial: getWifiDisplayStatus() from pid=20961, uid=10210 requires android.permission.CONFIGURE_WIFI_DISPLAY
04-21 06:10:46.613  1643  4614 W DisplayManagerService: Permission Denial: getWifiDisplayStatus() from pid=20961, uid=10210 requires android.permission.CONFIGURE_WIFI_DISPLAY
04-21 06:10:46.621  1643  4189 D BackgroundInstallControlService: Package event received: 0
04-21 06:10:46.677  1643  1915 W JobScheduler: Job didn't exist in JobStore: f88307f {androidx.work.systemjobscheduler} #u0a318/12465 #TileJobWorker#@androidx.work.systemjobscheduler@com.thetileapp.tile/androidx.work.impl.background.systemjob.SystemJobService
04-21 06:10:46.725  1643  7026 W ActivityManager: pid 20961 com.google.android.videos sent binder code 46 with flags 2 and got error -2147483646
04-21 06:10:46.736  1643  2242 I ActivityManager: binder error: kill 24926 Sync transaction while frozen
04-21 06:10:46.736  1643  1821 I ActivityManager: Killing 24926:com.google.android.gms/u0a186 (adj 905): Sync transaction while frozen
04-21 06:10:46.959  1643  5943 D ActivityManager: sync unfroze 3587 com.google.android.adservices.api for 5
04-21 06:10:46.966  1643  5943 W ActivityManager: Scheduling restart of crashed service com.google.android.gms/.chimera.GmsBoundBrokerService in 1000ms for connection
04-21 06:10:46.967  1643  5943 W ActivityManager: Scheduling restart of crashed service com.google.android.gms/.ads.identifier.service.AdvertisingIdService in 11000ms for connection
04-21 06:10:46.967  1643  5943 W ActivityManager: Scheduling restart of crashed service com.google.android.gms/.measurement.service.MeasurementBrokerService in 20999ms for connection
04-21 06:10:46.967  1643  5943 W ActivityManager: Scheduling restart of crashed service com.google.android.gms/.chimera.GmsApiService in 30999ms for connection
04-21 06:10:47.030  1643  4189 D BackgroundInstallControlService: Package event received: 0
04-21 06:10:47.971  1643  4189 D BackgroundInstallControlService: Package event received: 0
04-21 06:10:47.971  1643  1821 D CompatChangeReporter: Compat change id reported: 441041342; UID 10186; state: ENABLED
04-21 06:10:48.015  1643  1822 I ActivityManager: Start proc 21066:com.google.android.gms/u0a186 for service {com.google.android.gms/com.google.android.gms.chimera.GmsBoundBrokerService}
04-21 06:10:48.876  1643  4189 D BackgroundInstallControlService: Package event received: 0
04-21 06:10:48.877  1643  4189 D BackgroundInstallControlService: Package event received: 0
04-21 06:10:49.020 21066 21066 W ActivityThread: getPackageInfo() called with an older ApplicationInfo than the cached version for package com.google.android.gms
04-21 06:10:49.053  4233  8601 D PowerUI : can't show warning due to - plugged: true status unknown: false
04-21 06:10:50.163  1643  4189 D BackgroundInstallControlService: Package event received: 0
04-21 06:10:52.631  1643  4189 D BackgroundInstallControlService: Package event received: 0
04-21 06:10:54.609  1643  4189 D BackgroundInstallControlService: Package event received: 0
04-21 06:10:54.609  1643  4189 D BackgroundInstallControlService: Package event received: 0
04-21 06:10:54.621  1643  2226 W JobScheduler: Job didn't exist in JobStore: b7f1fa9 #u0a120/-280572046 com.google.android.as.oss/com.google.android.gms.learning.internal.training.InAppJobService
04-21 06:10:56.317  1643  2242 D ActivityManager: freezing 5261 com.google.android.carrier
04-21 06:10:56.453  1643  2242 D ActivityManager: freezing 3802 com.google.android.apps.weather
04-21 06:10:56.462  1643  2242 D ActivityManager: freezing 5586 com.google.android.apps.pixel.customizationbundle
04-21 06:10:56.761  1643  2242 D ActivityManager: freezing 30300 com.thetileapp.tile
04-21 06:10:56.769  1643  2242 D ActivityManager: freezing 18656 com.android.vending
04-21 06:10:56.773  1643  2242 D ActivityManager: freezing 20961 com.google.android.videos
04-21 06:10:57.274  1643  2242 D ActivityManager: freezing 3587 com.google.android.adservices.api
04-21 06:10:57.317   609 21044 I keystore2: system/security/keystore2/watchdog/src/lib.rs:371 - Watchdog thread idle -> terminating. Have a great day.
04-21 06:10:58.179  1643  4189 D BackgroundInstallControlService: Package event received: 0
04-21 06:10:58.226  1643  4189 D BackgroundInstallControlService: Package event received: 0
04-21 06:10:58.714  1643  1821 D ActivityManager: sync unfroze 16492 com.google.android.apps.wellbeing for 3
04-21 06:10:58.907  1643  5943 W AppOps  : Noting op not finished: uid 10186 pkg com.google.android.gms code 79 startTime of in progress event=1776765914953
04-21 06:10:58.919  1643  5943 W AppOps  : Noting op not finished: uid 10186 pkg com.google.android.gms code 113 startTime of in progress event=1776765914953
04-21 06:10:58.932  1643  1915 W AppOps  : Noting op not finished: uid 10186 pkg com.google.android.gms code 113 startTime of in progress event=1776765914953
04-21 06:10:59.161  1643  4189 D BackgroundInstallControlService: Package event received: 0
04-21 06:10:59.911  1643  1915 W AppOps  : Noting op not finished: uid 10186 pkg com.google.android.gms code 113 startTime of in progress event=1776765914953
04-21 06:11:13.049  1643  4189 D BackgroundInstallControlService: Package event received: 0
04-21 06:11:14.354  1643  4189 D BackgroundInstallControlService: Package event received: 0
04-21 06:11:15.340  1643  2242 D ActivityManager: freezing 21066 com.google.android.gms
04-21 06:11:17.207  1643  4189 D BackgroundInstallControlService: Package event received: 0
04-21 06:11:21.415  1643  4189 D BackgroundInstallControlService: Package event received: 0
04-21 06:11:24.265  1643  4189 D BackgroundInstallControlService: Package event received: 0
04-21 06:11:35.304  1643  2242 D ActivityManager: freezing 16492 com.google.android.apps.wellbeing
04-21 06:11:36.081  1643  4189 D BackgroundInstallControlService: Package event received: 0
04-21 06:11:36.083  1643  4189 D BackgroundInstallControlService: Package event received: 0
04-21 06:11:39.586  1643  4189 D BackgroundInstallControlService: Package event received: 0
04-21 06:11:42.381  1643  4189 D BackgroundInstallControlService: Package event received: 0
04-21 06:11:46.644  1643  4189 D BackgroundInstallControlService: Package event received: 0
04-21 06:11:47.115  1643  2234 D ActivityManager: sync unfroze 3587 com.google.android.adservices.api for 6
04-21 06:11:47.141  1643  2234 W JobServiceContext: Sending onNetworkChanged for a job that isn't started. JobStatus{f1a3854 #u0a278/24 com.google.android.adservices.api/com.android.adservices.service.measurement.reporting.VerboseDebugReportingFallbackJobService u=0 s=10278 TIME=-3s280ms:+59m56s720ms NET PERIODIC PERSISTED READY}
04-21 06:11:47.141  1643  2234 W JobServiceContext: Sending onNetworkChanged for a job that isn't started. JobStatus{7ed4cd0 #u0a278/14 com.google.android.adservices.api/com.android.adservices.spe.AdServicesJobService u=0 s=10278 TIME=-3s281ms:+1h59m56s719ms NET CHARGING PERIODIC PERSISTED READY}
04-21 06:11:47.141  1643  2234 W JobServiceContext: Sending onNetworkChanged for a job that isn't started. JobStatus{7e070b4 #u0a278/19 com.google.android.adservices.api/com.android.adservices.spe.AdServicesJobService u=0 s=10278 TIME=-3s281ms:+59m56s719ms NET BATNOTLOW PERIODIC PERSISTED READY}
04-21 06:11:47.142  1643  2234 W JobServiceContext: Sending onNetworkChanged for a job that isn't started. JobStatus{65144c9 #u0a278/13 com.google.android.adservices.api/com.android.adservices.spe.AdServicesJobService u=0 s=10278 TIME=-3s281ms:+1h59m56s719ms NET CHARGING PERIODIC PERSISTED READY}
04-21 06:11:47.142  1643  2234 W JobServiceContext: Sending onNetworkChanged for a job that isn't started. JobStatus{5582ea2 #u0a278/25 com.google.android.adservices.api/com.android.adservices.service.measurement.reporting.DebugReportingFallbackJobService u=0 s=10278 TIME=-3s281ms:+59m56s719ms NET PERIODIC PERSISTED READY}
04-21 06:11:47.145  1643  1917 W ProcessStats: Tracking association SourceState{7656037 system/1000 ImpBg #436195} whose proc state 6 is better than process ProcessState{c783460 com.google.android.adservices.api/10278 pkg=com.google.android.adservices.api} proc state 14 (10 skipped)
04-21 06:11:47.215  1643  1917 D ActivityManager: sync unfroze 16498 com.google.android.apps.messaging for 6
04-21 06:11:47.310  1643  6632 W JobScheduler: Job didn't exist in JobStore: 6810d65 #u0a120/-1967367952 com.google.android.as.oss/com.google.android.gms.learning.internal.training.InAppJobService
04-21 06:11:47.324  1643  1917 W JobScheduler: Job didn't exist in JobStore: fa1ae1 #u0a120/-205649338 com.google.android.as.oss/com.google.android.gms.learning.internal.training.InAppJobService
04-21 06:11:47.343  1643  1917 W JobScheduler: Job didn't exist in JobStore: 99c841d #u0a120/-939763582 com.google.android.as.oss/com.google.android.gms.learning.internal.training.InAppJobService
04-21 06:11:47.358  1643  4285 W JobScheduler: Job didn't exist in JobStore: e024519 #u0a120/-286677079 com.google.android.as.oss/com.google.android.gms.learning.internal.training.InAppJobService
04-21 06:11:47.382  1643  1917 W JobScheduler: Job didn't exist in JobStore: 16919d5 #u0a120/-1670948438 com.google.android.as.oss/com.google.android.gms.learning.internal.training.InAppJobService
04-21 06:11:47.401  1643  1917 W JobScheduler: Job didn't exist in JobStore: 32e7e51 #u0a120/-648439940 com.google.android.as.oss/com.google.android.gms.learning.internal.training.InAppJobService
04-21 06:11:47.415  1643  1915 W JobScheduler: Job didn't exist in JobStore: 10bae8d #u0a120/-144569728 com.google.android.as.oss/com.google.android.gms.learning.internal.training.InAppJobService
04-21 06:11:47.429  1643  1917 W JobScheduler: Job didn't exist in JobStore: 111a689 #u0a120/-1679289975 com.google.android.as.oss/com.google.android.gms.learning.internal.training.InAppJobService
04-21 06:11:47.441  1643  4285 W JobScheduler: Job didn't exist in JobStore: f652245 #u0a120/-1517128893 com.google.android.as.oss/com.google.android.gms.learning.internal.training.InAppJobService
04-21 06:11:47.453  1643  6632 W JobScheduler: Job didn't exist in JobStore: bba9dc1 #u0a120/-2127835104 com.google.android.as.oss/com.google.android.gms.learning.internal.training.InAppJobService
04-21 06:11:47.478  1643  1915 W JobScheduler: Job didn't exist in JobStore: 29254fd #u0a120/-578294288 com.google.android.as.oss/com.google.android.gms.learning.internal.training.InAppJobService
04-21 06:11:47.484  1643  1915 W JobScheduler: Job didn't exist in JobStore: 48cff3e #u0a120/-1269679295 com.google.android.as.oss/com.google.android.gms.learning.internal.training.InAppJobService
04-21 06:11:47.489  1643  1915 W JobScheduler: Job didn't exist in JobStore: dc1c19f #u0a120/-1909303987 com.google.android.as.oss/com.google.android.gms.learning.internal.training.InAppJobService
04-21 06:11:47.494  1643  1915 W JobScheduler: Job didn't exist in JobStore: 47812ec #u0a120/-814368097 com.google.android.as.oss/com.google.android.gms.learning.internal.training.InAppJobService
04-21 06:11:47.501  1643  1915 D ActivityManager: sync unfroze 14382 com.google.android.tts for 6
04-21 06:11:47.503  1643  1915 W JobScheduler: Job didn't exist in JobStore: b6c26b5 #u0a120/-782930206 com.google.android.as.oss/com.google.android.gms.learning.internal.training.InAppJobService
04-21 06:11:47.517  1643  4285 W JobScheduler: Job didn't exist in JobStore: 5d5d14a #u0a120/-638764459 com.google.android.as.oss/com.google.android.gms.learning.internal.training.InAppJobService
04-21 06:11:47.840  1643  2234 D ActivityManager: sync unfroze 30300 com.thetileapp.tile for 6
04-21 06:11:47.846  1643  2234 D ActivityManager: sync unfroze 18656 com.android.vending for 6
04-21 06:11:47.852  1643  2234 W JobServiceContext: Sending onNetworkChanged for a job that isn't started. JobStatus{b09b6d5 #u0a318/301 com.thetileapp.tile/.analytics.dcs.DcsBUploadJobService u=0 s=10318 TIME=-3s991ms:+29m56s9ms NET PERIODIC PERSISTED READY}
04-21 06:11:49.056  4233 11158 D PowerUI : can't show warning due to - plugged: true status unknown: false
04-21 06:11:49.430  1643  4189 D BackgroundInstallControlService: Package event received: 0
04-21 06:11:57.772  1643  2242 D ActivityManager: freezing 14382 com.google.android.tts
04-21 06:11:57.945  1643  2242 D ActivityManager: freezing 30300 com.thetileapp.tile
04-21 06:11:57.950  1643  2242 D ActivityManager: freezing 18656 com.android.vending
04-21 06:11:58.118  1643  2242 D ActivityManager: freezing 3587 com.google.android.adservices.api
04-21 06:12:01.164  1643  2226 W AppOps  : Noting op not finished: uid 10186 pkg com.google.android.gms code 79 startTime of in progress event=1776765914953
04-21 06:12:01.172  1643  2226 W AppOps  : Noting op not finished: uid 10186 pkg com.google.android.gms code 113 startTime of in progress event=1776765914953
04-21 06:12:01.184  1643  2226 W AppOps  : Noting op not finished: uid 10186 pkg com.google.android.gms code 113 startTime of in progress event=1776765914953
04-21 06:12:02.166  1643  6632 W AppOps  : Noting op not finished: uid 10186 pkg com.google.android.gms code 113 startTime of in progress event=1776765914953
04-21 06:12:02.174  1643  2242 D ActivityManager: freezing 16498 com.google.android.apps.messaging
04-21 06:12:07.587  1643  4189 D BackgroundInstallControlService: Package event received: 0
04-21 06:12:09.008  1643  4189 D BackgroundInstallControlService: Package event received: 0
04-21 06:12:10.412  1643  4189 D BackgroundInstallControlService: Package event received: 0
04-21 06:12:14.628  1643  4189 D BackgroundInstallControlService: Package event received: 0
04-21 06:12:16.152  1643  2242 D ActivityManager: freezing 32152 com.google.android.apps.turbo
04-21 06:12:21.687  1643  4189 D BackgroundInstallControlService: Package event received: 0
04-21 06:12:37.091  1643  4189 D BackgroundInstallControlService: Package event received: 0
04-21 06:12:39.756  1643  4189 D BackgroundInstallControlService: Package event received: 0
04-21 06:12:49.051  4233 12137 D PowerUI : can't show warning due to - plugged: true status unknown: false
04-21 06:12:52.399  1643  4189 D BackgroundInstallControlService: Package event received: 0
04-21 06:12:53.780  1643  4189 D BackgroundInstallControlService: Package event received: 0
04-21 06:12:55.119  1643  4189 D BackgroundInstallControlService: Package event received: 0
04-21 06:12:57.969  1643  4189 D BackgroundInstallControlService: Package event received: 0
04-21 06:13:00.042  1643  1720 I DisplayDeviceRepository: Display device changed render timings: "Built-in Screen", renderFrameRate=60.000004, presentationDeadlineNanos=11500000, appVsyncOffsetNanos=6233332, frameRateOverrides=[{uid=10258 frameRateHz=60.000004}]
04-21 06:13:00.044  1643  1711 D WindowManager: DeferredDisplayUpdater: partially applying DisplayInfo(960 x 2142) immediately
04-21 06:13:00.792  1643  1720 I DisplayDeviceRepository: Display device changed render timings: "Built-in Screen", renderFrameRate=60.000004, presentationDeadlineNanos=11500000, appVsyncOffsetNanos=6233332, frameRateOverrides=[]
04-21 06:13:03.527  1643  4189 D BackgroundInstallControlService: Package event received: 0
04-21 06:13:05.031  1643  4189 D BackgroundInstallControlService: Package event received: 0
04-21 06:13:22.205  1643  1870 D AppOpHistoryHelper: MetricHandler reporting 11 records.
04-21 06:13:23.211  1643  4189 D BackgroundInstallControlService: Package event received: 0
04-21 06:13:31.629  1643  4189 D BackgroundInstallControlService: Package event received: 0
04-21 06:13:49.047  4233 13655 D PowerUI : can't show warning due to - plugged: true status unknown: false
04-21 06:13:57.648  1643  1871 D AppOpHistoryHelper: MetricHandler reporting 3 records.
04-21 06:13:58.160  1643  4189 D BackgroundInstallControlService: Package event received: 0
04-21 06:13:58.240  1643  4189 D BackgroundInstallControlService: Package event received: 0
04-21 06:14:00.062  1643  1720 I DisplayDeviceRepository: Display device changed render timings: "Built-in Screen", renderFrameRate=120.00001, presentationDeadlineNanos=11500000, appVsyncOffsetNanos=6233332, frameRateOverrides=[]
04-21 06:14:00.063  1643  1711 D WindowManager: DeferredDisplayUpdater: partially applying DisplayInfo(960 x 2142) immediately
04-21 06:14:12.848  1643  2234 D ActivityManager: sync unfroze 8950 com.sonelli.juicessh for 6
04-21 06:14:12.859  8950  8950 D ActivityThread: Package [com.google.android.apps.weather] reported as REPLACED, but missing application info. Assuming REMOVED.
04-21 06:14:12.862  8950  8950 D ActivityThread: Package [com.google.android.apps.weather] reported as REPLACED, but missing application info. Assuming REMOVED.
04-21 06:14:12.863  8950  8950 D ActivityThread: Package [com.google.android.apps.aiwallpapers] reported as REPLACED, but missing application info. Assuming REMOVED.
04-21 06:14:12.864  8950  8950 D ActivityThread: Package [com.google.android.apps.aiwallpapers] reported as REPLACED, but missing application info. Assuming REMOVED.
04-21 06:14:12.864  8950  8950 D ActivityThread: Package [com.medco.medcopharmacy] reported as REPLACED, but missing application info. Assuming REMOVED.
04-21 06:14:12.865  8950  8950 D ActivityThread: Package [com.medco.medcopharmacy] reported as REPLACED, but missing application info. Assuming REMOVED.
04-21 06:14:12.865  8950  8950 D ActivityThread: Package [chromecast.tv.setup] reported as REPLACED, but missing application info. Assuming REMOVED.
04-21 06:14:12.866  8950  8950 D ActivityThread: Package [chromecast.tv.setup] reported as REPLACED, but missing application info. Assuming REMOVED.
04-21 06:14:12.866  8950  8950 D ActivityThread: Package [com.google.android.apps.ai.icons] reported as REPLACED, but missing application info. Assuming REMOVED.
04-21 06:14:12.867  8950  8950 D ActivityThread: Package [com.google.android.apps.ai.icons] reported as REPLACED, but missing application info. Assuming REMOVED.
04-21 06:14:12.867  8950  8950 D ActivityThread: Package [com.google.android.apps.pixel.customizationbundle] reported as REPLACED, but missing application info. Assuming REMOVED.
04-21 06:14:12.868  8950  8950 D ActivityThread: Package [com.google.android.apps.pixel.customizationbundle] reported as REPLACED, but missing application info. Assuming REMOVED.
04-21 06:14:12.868  8950  8950 D ActivityThread: Package [com.google.android.apps.pixel.nowplaying] reported as REPLACED, but missing application info. Assuming REMOVED.
04-21 06:14:12.869  8950  8950 D ActivityThread: Package [com.google.android.apps.pixel.nowplaying] reported as REPLACED, but missing application info. Assuming REMOVED.
04-21 06:14:12.869  8950  8950 D ActivityThread: Package [com.adamoutler.ssh] reported as REPLACED, but missing application info. Assuming REMOVED.
04-21 06:14:12.869  1643  2234 D ActivityManager: sync unfroze 2562 com.google.android.apps.work.clouddpc for 6
04-21 06:14:12.869  8950  8950 D ActivityThread: Package [com.adamoutler.ssh] reported as REPLACED, but missing application info. Assuming REMOVED.
04-21 06:14:12.870  8950  8950 D ActivityThread: Package [com.android.vending] reported as REPLACED, but missing application info. Assuming REMOVED.
04-21 06:14:12.870  8950  8950 D ActivityThread: Package [com.android.vending] reported as REPLACED, but missing application info. Assuming REMOVED.
04-21 06:14:12.886  1643  2234 D ActivityManager: sync unfroze 31740 com.google.android.apps.safetyhub for 6
04-21 06:14:12.895  1643  2234 D ActivityManager: sync unfroze 5500 com.google.android.apps.ai.icons for 6
04-21 06:14:12.899  1643  2234 W JobServiceContext: Sending onNetworkChanged for a job that isn't started. JobStatus{730cb2c #u0a308/87253 com.sonelli.juicessh/.services.CloudSync u=0 s=10308 TIME=-35m35s389ms:+23h24m24s611ms NET PERIODIC PERSISTED READY}
04-21 06:14:12.899  1643  2234 W JobServiceContext: Sending onNetworkChanged for a job that isn't started. JobStatus{4e9609a #u0a193/27 com.google.android.apps.work.clouddpc/.base.services.HealthCheckJobService u=0 s=10193 TIME=-1m2s528ms:+3m57s472ms NET PERIODIC READY}
04-21 06:14:12.913  1643  1915 W ProcessStats: Tracking association SourceState{2a43a1e system/1000 ImpBg #436425} whose proc state 6 is better than process ProcessState{78c2362 com.google.android.apps.work.clouddpc/10193 pkg=com.google.android.apps.work.clouddpc} proc state 14 (24 skipped)
04-21 06:14:13.001  1643  2226 D ActivityManager: sync unfroze 21066 com.google.android.gms for 4
04-21 06:14:13.014 21066 21118 W Looper  : Slow delivery took 172761ms android.bg app=com.google.android.gms main=false group=BACKGROUND h=android.database.sqlite.SQLiteConnectionPool$IdleConnectionHandler c=null m=0
04-21 06:14:13.149  1643  2226 W JobScheduler: Job didn't exist in JobStore: 6eb228e {androidx.work.systemjobscheduler} #u0a400/5 #TikTokWorker#com.google.apps.tiktok.sync.impl.workmanager.SyncWorker#@androidx.work.systemjobscheduler@com.google.android.apps.ai.icons/androidx.work.impl.background.systemjob.SystemJobService
04-21 06:14:17.926  1643  4189 D BackgroundInstallControlService: Package event received: 0
04-21 06:14:23.080  1643  2242 D ActivityManager: freezing 2562 com.google.android.apps.work.clouddpc
04-21 06:14:23.193  1643  2242 D ActivityManager: freezing 31740 com.google.android.apps.safetyhub
04-21 06:14:23.199  1643  2242 D ActivityManager: freezing 5500 com.google.android.apps.ai.icons
04-21 06:14:23.438  1643  4189 D BackgroundInstallControlService: Package event received: 0
04-21 06:14:24.287  4233 15351 D PowerUI : can't show warning due to - plugged: true status unknown: false
04-21 06:14:24.413   609 21439 I keystore2: system/security/keystore2/watchdog/src/lib.rs:371 - Watchdog thread idle -> terminating. Have a great day.
04-21 06:14:29.028  1643  4189 D BackgroundInstallControlService: Package event received: 0
04-21 06:14:38.356  1643  2242 D ActivityManager: freezing 21066 com.google.android.gms
04-21 06:14:47.246  1643  4189 D BackgroundInstallControlService: Package event received: 0
04-21 06:14:49.045  4233  4837 D PowerUI : can't show warning due to - plugged: true status unknown: false
04-21 06:15:00.113  1643  1821 D ActivityManager: sync unfroze 30300 com.thetileapp.tile for 3
04-21 06:15:00.140  1643  1821 D ActivityManager: sync unfroze 18656 com.android.vending for 3
04-21 06:15:00.195  1643  4189 D BackgroundInstallControlService: Package event received: 0
04-21 06:15:00.330  1643  5943 D ActivityManager: sync unfroze 21066 com.google.android.gms for 6
04-21 06:15:01.574  1643  5943 W AlarmManager: Window length 300000ms too short; expanding to 600000ms.
04-21 06:15:10.965  1643  4189 D BackgroundInstallControlService: Package event received: 0
04-21 06:15:15.221  1643  4189 D BackgroundInstallControlService: Package event received: 0
04-21 06:15:17.521  1643  2242 D ActivityManager: freezing 21066 com.google.android.gms
04-21 06:15:23.634  1643  4189 D BackgroundInstallControlService: Package event received: 0
04-21 06:15:29.177  1643  4189 D BackgroundInstallControlService: Package event received: 0
04-21 06:15:29.204  1643  4189 D BackgroundInstallControlService: Package event received: 0
04-21 06:15:30.211  1643  2242 D ActivityManager: freezing 30300 com.thetileapp.tile
04-21 06:15:30.222  1643  2242 D ActivityManager: freezing 18656 com.android.vending
04-21 06:15:34.761  1643  4189 D BackgroundInstallControlService: Package event received: 0
04-21 06:15:44.874  1643  4189 D BackgroundInstallControlService: Package event received: 0
04-21 06:15:44.906  1643  4189 D BackgroundInstallControlService: Package event received: 0
04-21 06:15:51.636  1643  6632 I ActivityManager: Background started FGS: Allowed [callingPackage: io.homeassistant.companion.android; callingUid: 10302; uidState: BFGS; uidBFSL: [BFSL]; intent: Intent { act=ACTION_START_FOREGROUND xflg=0x4 cmp=io.homeassistant.companion.android/androidx.work.impl.foreground.SystemForegroundService (has extras) }; code:PROC_STATE_BFGS; tempAllowListReason:<null>; allowWiu:-1; targetSdkVersion:36; callerTargetSdkVersion:36; startForegroundCount:0; bindFromPackage:null: isBindService:false]
04-21 06:15:51.651  1643  6632 W ActivityManager: Foreground service started from background can not have location/camera/microphone access: service io.homeassistant.companion.android/androidx.work.impl.foreground.SystemForegroundService
04-21 06:15:51.652  1643  6632 I ActivityManager: Background started FGS: Allowed [callingPackage: io.homeassistant.companion.android; callingUid: 10302; uidState: FGS ; uidBFSL: [BFSL]; intent: Intent { act=ACTION_START_FOREGROUND cmp=io.homeassistant.companion.android/androidx.work.impl.foreground.SystemForegroundService }; code:PROC_STATE_FGS; tempAllowListReason:<null>; allowWiu:-1; targetSdkVersion:36; callerTargetSdkVersion:36; startForegroundCount:0; bindFromPackage:null: isBindService:false]
04-21 06:15:51.654  1643  4189 D BackgroundInstallControlService: Package event received: 0
04-21 06:15:51.655  1643  6632 W ForegroundServiceTypeLoggerModule: Foreground service start for UID: 10302 does not have any types
04-21 06:15:51.664  1643  6632 W ActivityManager: Foreground service started from background can not have location/camera/microphone access: service io.homeassistant.companion.android/androidx.work.impl.foreground.SystemForegroundService
04-21 06:15:51.665  1643  6632 I ActivityManager: Background started FGS: Allowed [callingPackage: io.homeassistant.companion.android; callingUid: 10302; uidState: FGS ; uidBFSL: [BFSL]; intent: Intent { act=ACTION_START_FOREGROUND cmp=io.homeassistant.companion.android/androidx.work.impl.foreground.SystemForegroundService }; code:PROC_STATE_FGS; tempAllowListReason:<null>; allowWiu:-1; targetSdkVersion:36; callerTargetSdkVersion:36; startForegroundCount:1; bindFromPackage:null: isBindService:false]
04-21 06:15:52.024  1643  6632 D ActivityManager: Stop FGS timeout: ServiceRecord{88df0f0 u0 io.homeassistant.companion.android/androidx.work.impl.foreground.SystemForegroundService c:io.homeassistant.companion.android}
04-21 06:15:52.025  1643  6632 W ForegroundServiceTypeLoggerModule: FGS stop call for: 10302 has no types!
04-21 06:15:52.027  1643  4189 D BackgroundInstallControlService: Package event received: 0
04-21 06:15:52.027  1643  4189 D BackgroundInstallControlService: Package event received: 0
04-21 06:15:52.053  1643  2234 D ActivityManager: sync unfroze 1236 com.google.android.googlequicksearchbox:search for 6
04-21 06:15:52.096  1643  4285 W ProcessStats: Tracking association SourceState{2b09f2c system/1000 ImpBg #436591} whose proc state 6 is better than process ProcessState{83fcc67 com.google.android.googlequicksearchbox:search/10154 pkg=com.google.android.googlequicksearchbox} proc state 14 (10 skipped)
04-21 06:15:52.102  1643  6632 W JobScheduler: Job didn't exist in JobStore: e29d7e3 #u0a120/-1459396391 com.google.android.as.oss/com.google.android.gms.learning.internal.training.InAppJobService
04-21 06:15:52.114  1643  6632 D ActivityManager: sync unfroze 30300 com.thetileapp.tile for 6
04-21 06:15:52.117  1643  6632 D ActivityManager: sync unfroze 18656 com.android.vending for 6
04-21 06:15:52.120  1643  6632 W JobScheduler: Job didn't exist in JobStore: 2980f3f #u0a120/-1371219540 com.google.android.as.oss/com.google.android.gms.learning.internal.training.InAppJobService
04-21 06:15:52.126  1643  5943 W JobScheduler: Job didn't exist in JobStore: bcef0f8 #u0a120/-1458638241 com.google.android.as.oss/com.google.android.gms.learning.internal.training.InAppJobService
04-21 06:15:52.129  1643  2234 W JobServiceContext: Sending onNetworkChanged for a job that isn't started. JobStatus{afcffc androidx.work.systemjobscheduler:u0a318/12466 #TileJobWorker#@androidx.work.systemjobscheduler@com.thetileapp.tile/androidx.work.impl.background.systemjob.SystemJobService u=0 s=10318 TIME=-20s769ms:none NET READY}
04-21 06:15:52.139  1643  5943 W JobScheduler: Job didn't exist in JobStore: c5859d1 #u0a120/-605916168 com.google.android.as.oss/com.google.android.gms.learning.internal.training.InAppJobService
04-21 06:15:52.145  1643  6632 W JobScheduler: Job didn't exist in JobStore: 5a21c36 #u0a120/-546068258 com.google.android.as.oss/com.google.android.gms.learning.internal.training.InAppJobService
04-21 06:16:00.045  1643  1720 I DisplayDeviceRepository: Display device changed render timings: "Built-in Screen", renderFrameRate=60.000004, presentationDeadlineNanos=11500000, appVsyncOffsetNanos=6233332, frameRateOverrides=[{uid=10258 frameRateHz=60.000004}]
04-21 06:16:00.047  1643  1711 D WindowManager: DeferredDisplayUpdater: partially applying DisplayInfo(960 x 2142) immediately
04-21 06:16:00.797  1643  1720 I DisplayDeviceRepository: Display device changed render timings: "Built-in Screen", renderFrameRate=60.000004, presentationDeadlineNanos=11500000, appVsyncOffsetNanos=6233332, frameRateOverrides=[]
04-21 06:16:02.320  1643  2242 D ActivityManager: freezing 1236 com.google.android.googlequicksearchbox:search
04-21 06:16:02.624  1643  2242 D ActivityManager: freezing 30300 com.thetileapp.tile
04-21 06:16:02.631  1643  2242 D ActivityManager: freezing 18656 com.android.vending
04-21 06:16:12.783  1643  4189 D BackgroundInstallControlService: Package event received: 0
04-21 06:16:15.678  1643  4189 D BackgroundInstallControlService: Package event received: 0
04-21 06:16:18.442  1643  4189 D BackgroundInstallControlService: Package event received: 0
04-21 06:16:37.980  1643  4189 D BackgroundInstallControlService: Package event received: 0
04-21 06:16:40.345  1643  2234 D ActivityManager: sync unfroze 12646 com.google.android.apps.pixel.support for 6
04-21 06:16:40.385  1643  4614 W ProcessStats: Tracking association SourceState{f1ca243 system/1000 ImpBg #436645} whose proc state 6 is better than process ProcessState{e2bffaf com.google.android.apps.pixel.support/10160 pkg=com.google.android.apps.pixel.support} proc state 14 (2 skipped)
04-21 06:16:43.607  1643  4189 D BackgroundInstallControlService: Package event received: 0
04-21 06:16:45.014  1643  4189 D BackgroundInstallControlService: Package event received: 0
04-21 06:16:50.540  1643  2242 D ActivityManager: freezing 12646 com.google.android.apps.pixel.support
04-21 06:16:50.608  1643  4189 D BackgroundInstallControlService: Package event received: 0
04-21 06:16:50.645  1643  4189 D BackgroundInstallControlService: Package event received: 0
04-21 06:16:56.259  1643  4189 D BackgroundInstallControlService: Package event received: 0
04-21 06:17:00.058  1643  1720 I DisplayDeviceRepository: Display device changed render timings: "Built-in Screen", renderFrameRate=120.00001, presentationDeadlineNanos=11500000, appVsyncOffsetNanos=6233332, frameRateOverrides=[]
04-21 06:17:00.060  1643  1711 D WindowManager: DeferredDisplayUpdater: partially applying DisplayInfo(960 x 2142) immediately
04-21 06:17:07.097  1643  1821 D ActivityManager: sync unfroze 13256 com.google.android.gm for 3
04-21 06:17:07.099  1643  1821 D ActivityManager: sync unfroze 14206 com.google.android.webview:sandboxed_process0:org.chromium.content.app.SandboxedProcessService0:0 for 3
04-21 06:17:07.275  1643  4189 D BackgroundInstallControlService: Package event received: 0
04-21 06:17:07.524  1643  4189 D BackgroundInstallControlService: Package event received: 0
04-21 06:17:07.546  1643  1643 W ProcessStats: Tracking association SourceState{c2c781a system/1000 ImpBg #436686} whose proc state 6 is better than process ProcessState{66b3b85 com.sonelli.juicessh/10308 pkg=com.sonelli.juicessh} proc state 14 (0 skipped)
04-21 06:17:07.547  1643  4189 D BackgroundInstallControlService: Package event received: 0
04-21 06:17:07.547  1643  4189 D BackgroundInstallControlService: Package event received: 0
04-21 06:17:07.547  1643  4189 D BackgroundInstallControlService: Package event received: 0
04-21 06:17:07.547  1643  4189 D BackgroundInstallControlService: Package event received: 0
04-21 06:17:07.547  1643  4189 D BackgroundInstallControlService: Package event received: 0
04-21 06:17:07.547  1643  4189 D BackgroundInstallControlService: Package event received: 0
04-21 06:17:07.547  1643  4189 D BackgroundInstallControlService: Package event received: 0
04-21 06:17:07.547  1643  4189 D BackgroundInstallControlService: Package event received: 0
04-21 06:17:07.548  1643  4189 D BackgroundInstallControlService: Package event received: 0
04-21 06:17:07.552  1643  4189 D BackgroundInstallControlService: Package event received: 0
04-21 06:17:07.552  1643  4189 D BackgroundInstallControlService: Package event received: 0
04-21 06:17:07.553  1643  4189 D BackgroundInstallControlService: Package event received: 0
04-21 06:17:07.553  1643  4189 D BackgroundInstallControlService: Package event received: 0
04-21 06:17:07.554  1643  4189 D BackgroundInstallControlService: Package event received: 0
04-21 06:17:07.554  1643  4189 D BackgroundInstallControlService: Package event received: 0
04-21 06:17:07.557  1643  4189 D BackgroundInstallControlService: Package event received: 0
04-21 06:17:07.579  1643  4189 D BackgroundInstallControlService: Package event received: 0
04-21 06:17:07.586  1643  4614 D ActivityManager: sync unfroze 21066 com.google.android.gms for 6
04-21 06:17:08.476  1643  4189 D BackgroundInstallControlService: Package event received: 0
04-21 06:17:08.883  1643  4189 D BackgroundInstallControlService: Package event received: 0
04-21 06:17:08.931  1643  6632 D ActivityManager: sync unfroze 31931 android.process.acore for 7
04-21 06:17:08.933  1643  4189 D BackgroundInstallControlService: Package event received: 0
04-21 06:17:08.933  1643  4189 D BackgroundInstallControlService: Package event received: 0
04-21 06:17:08.933  1643  4189 D BackgroundInstallControlService: Package event received: 0
04-21 06:17:08.933  1643  4189 D BackgroundInstallControlService: Package event received: 0
04-21 06:17:09.009 21066 21133 E ActivityThread: Failed to find provider info for gmail-ofls
04-21 06:17:10.198 21066 21429 E ActivityThread: Failed to find provider info for gmail-ofls
04-21 06:17:12.466 21066 21429 E ActivityThread: Failed to find provider info for gmail-ofls
04-21 06:17:13.684 21066 21429 E ActivityThread: Failed to find provider info for gmail-ofls
04-21 06:17:14.437  1643  4189 D BackgroundInstallControlService: Package event received: 0
04-21 06:17:14.499  1643  4189 D BackgroundInstallControlService: Package event received: 0
04-21 06:17:18.660  1643  2242 D ActivityManager: freezing 14206 com.google.android.webview:sandboxed_process0:org.chromium.content.app.SandboxedProcessService0:0
04-21 06:17:27.129  1643  2242 D ActivityManager: freezing 13256 com.google.android.gm
04-21 06:17:31.285  1643  4189 D BackgroundInstallControlService: Package event received: 0
04-21 06:17:32.725  4233  5421 D PowerUI : can't show warning due to - plugged: true status unknown: false
04-21 06:17:33.958  1643  2242 D ActivityManager: freezing 21066 com.google.android.gms
04-21 06:17:40.973  1643  4189 D BackgroundInstallControlService: Package event received: 0
04-21 06:17:42.401  1643  4189 D BackgroundInstallControlService: Package event received: 0
04-21 06:17:45.069  1643  2242 D ActivityManager: freezing 31931 android.process.acore
04-21 06:17:45.258  1643  4189 D BackgroundInstallControlService: Package event received: 0
04-21 06:17:46.523  1643  2234 D ActivityManager: sync unfroze 20209 com.google.android.apps.pixel.dcservice for 6
04-21 06:17:46.544  1643  4614 W ProcessStats: Tracking association SourceState{af94281 system/1000 ImpBg #436790} whose proc state 6 is better than process ProcessState{d91fd69 com.google.android.apps.pixel.dcservice/10253 pkg=com.google.android.apps.pixel.dcservice} proc state 14 (39 skipped)
04-21 06:17:56.678  1643  2242 D ActivityManager: freezing 20209 com.google.android.apps.pixel.dcservice
04-21 06:17:57.913  1643  4189 D BackgroundInstallControlService: Package event received: 0
04-21 06:17:59.841  1643  5943 W AppOps  : Noting op not finished: uid 10186 pkg com.google.android.gms code 79 startTime of in progress event=1776765914953
04-21 06:17:59.850  1643  5943 W AppOps  : Noting op not finished: uid 10186 pkg com.google.android.gms code 113 startTime of in progress event=1776765914953
04-21 06:17:59.859  1643  4285 W AppOps  : Noting op not finished: uid 10186 pkg com.google.android.gms code 113 startTime of in progress event=1776765914953
04-21 06:18:00.844  1643  5943 W AppOps  : Noting op not finished: uid 10186 pkg com.google.android.gms code 113 startTime of in progress event=1776765914953
04-21 06:18:02.108  1643  4189 D BackgroundInstallControlService: Package event received: 0
04-21 06:18:06.299  1643  4189 D BackgroundInstallControlService: Package event received: 0
04-21 06:18:13.208  1643  4189 D BackgroundInstallControlService: Package event received: 0
04-21 06:18:19.822  4233  5669 D PowerUI : can't show warning due to - plugged: true status unknown: false
04-21 06:18:20.173  1643  1821 D ActivityManager: sync unfroze 1236 com.google.android.googlequicksearchbox:search for 3
04-21 06:18:20.196  1643  1821 D ActivityManager: sync unfroze 1327 com.google.android.googlequicksearchbox:googleapp for 10
04-21 06:18:20.209  1643  1821 D ActivityManager: sync unfroze 3470 com.google.android.webview:sandboxed_process0:org.chromium.content.app.SandboxedProcessService0:0 for 10
04-21 06:18:20.211  1643  1821 D ActivityManager: sync unfroze 24589 com.google.android.webview:sandboxed_process0:org.chromium.content.app.SandboxedProcessService0:2 for 10
04-21 06:18:20.482  1643  4189 D BackgroundInstallControlService: Package event received: 0
04-21 06:18:20.485  1643  4614 D ActivityManager: sync unfroze 3802 com.google.android.apps.weather for 6
04-21 06:18:20.514  1643  4614 W ActivityManager: pid 1236 com.google.android.googlequicksearchbox:search sent binder code 24 with flags 2 and got error -2147483646
04-21 06:18:20.521  1643  2242 I ActivityManager: binder error: kill 16046 Sync transaction while frozen
04-21 06:18:20.521  1643  1821 I ActivityManager: Killing 16046:com.android.providers.calendar/u0a98 (adj 905): Sync transaction while frozen
04-21 06:18:20.522  1236 21806 I ActivityThread: Removing dead content provider:android.content.ContentProviderProxy@8b87e7e
04-21 06:18:20.524  1643  2226 I ActivityManager: Process com.android.providers.calendar (pid 16046) early provider death
04-21 06:18:20.617  1643  4285 V ActivityManager: Got obituary of 16046:com.android.providers.calendar
04-21 06:18:20.787  1643  4189 D BackgroundInstallControlService: Package event received: 0
04-21 06:18:20.790  1643  4285 D ActivityManager: sync unfroze 21066 com.google.android.gms for 6
04-21 06:18:20.890  1643  2226 D CompatChangeReporter: Compat change id reported: 441041342; UID 10098; state: ENABLED
04-21 06:18:20.890  1643  4189 D BackgroundInstallControlService: Package event received: 0
04-21 06:18:20.922  1643  1822 I ActivityManager: Start proc 21811:com.android.providers.calendar/u0a98 for content provider {com.android.providers.calendar/com.android.providers.calendar.CalendarProvider2}
04-21 06:18:21.205  1643  2226 I ContentCaptureManagerService: Data share request accepted by Content Capture service
04-21 06:18:30.954  1643  4189 D BackgroundInstallControlService: Package event received: 0
04-21 06:18:31.422  1643  4189 D BackgroundInstallControlService: Package event received: 0
04-21 06:18:31.467  1643  4189 D BackgroundInstallControlService: Package event received: 0
04-21 06:18:31.491  1643  1643 W ProcessStats: Tracking association SourceState{c2c781a system/1000 ImpBg #436874} whose proc state 6 is better than process ProcessState{66b3b85 com.sonelli.juicessh/10308 pkg=com.sonelli.juicessh} proc state 14 (0 skipped)
04-21 06:18:31.637  1643  4189 D BackgroundInstallControlService: Package event received: 0
04-21 06:18:31.646  1643  1643 V NotificationHistory: Attempted to add notif for locked/gone/disabled user 0
04-21 06:18:32.815  1643  4189 D BackgroundInstallControlService: Package event received: 0
04-21 06:18:37.084  1643  2242 D ActivityManager: freezing 21811 com.android.providers.calendar
04-21 06:18:39.887  1643  4189 D BackgroundInstallControlService: Package event received: 0
04-21 06:18:41.518  1643  2242 D ActivityManager: freezing 3470 com.google.android.webview:sandboxed_process0:org.chromium.content.app.SandboxedProcessService0:0
04-21 06:18:41.523  1643  2242 D ActivityManager: freezing 24589 com.google.android.webview:sandboxed_process0:org.chromium.content.app.SandboxedProcessService0:2
04-21 06:18:41.536  1643  2242 D ActivityManager: freezing 3802 com.google.android.apps.weather
04-21 06:18:41.674  1643  1833 W ProcessStats: Tracking association SourceState{c2c781a system/1000 ImpBg #436906} whose proc state 6 is better than process ProcessState{66b3b85 com.sonelli.juicessh/10308 pkg=com.sonelli.juicessh} proc state 14 (7 skipped)
04-21 06:18:45.445  1643  4189 D BackgroundInstallControlService: Package event received: 0
04-21 06:18:46.298  1643  2242 D ActivityManager: freezing 21066 com.google.android.gms
04-21 06:18:51.498  1643  2242 D ActivityManager: freezing 1327 com.google.android.googlequicksearchbox:googleapp
04-21 06:18:51.844  1643  2242 D ActivityManager: freezing 1236 com.google.android.googlequicksearchbox:search
04-21 06:18:58.100  1643  4189 D BackgroundInstallControlService: Package event received: 0
04-21 06:18:58.125  1643  4189 D BackgroundInstallControlService: Package event received: 0
04-21 06:19:00.030  1643  1720 I DisplayDeviceRepository: Display device changed render timings: "Built-in Screen", renderFrameRate=60.000004, presentationDeadlineNanos=11500000, appVsyncOffsetNanos=6233332, frameRateOverrides=[{uid=10258 frameRateHz=60.000004}]
04-21 06:19:00.031  1643  1711 D WindowManager: DeferredDisplayUpdater: partially applying DisplayInfo(960 x 2142) immediately
04-21 06:19:00.789  1643  1720 I DisplayDeviceRepository: Display device changed render timings: "Built-in Screen", renderFrameRate=60.000004, presentationDeadlineNanos=11500000, appVsyncOffsetNanos=6233332, frameRateOverrides=[]
04-21 06:19:03.597  1643  4189 D BackgroundInstallControlService: Package event received: 0
04-21 06:19:03.656  1643  4189 D BackgroundInstallControlService: Package event received: 0
04-21 06:19:09.237  1643  4189 D BackgroundInstallControlService: Package event received: 0
04-21 06:19:17.775  1643  1917 D ActivityManager: sync unfroze 11206 com.tailscale.ipn for 6
04-21 06:19:17.775  1643  4189 D BackgroundInstallControlService: Package event received: 0
04-21 06:19:17.781 11206 11206 D ActivityThread: Package [com.android.vending] reported as REPLACED, but missing application info. Assuming REMOVED.
04-21 06:19:17.784 11206 11206 D ActivityThread: Package [com.android.vending] reported as REPLACED, but missing application info. Assuming REMOVED.
04-21 06:19:26.001  1643  4189 D BackgroundInstallControlService: Package event received: 0
04-21 06:19:27.456  1643  4189 D BackgroundInstallControlService: Package event received: 0
04-21 06:19:31.772  1643  4189 D BackgroundInstallControlService: Package event received: 0
04-21 06:19:32.830  1643  2242 D ActivityManager: freezing 11206 com.tailscale.ipn
04-21 06:19:38.605  1643  4189 D BackgroundInstallControlService: Package event received: 0
04-21 06:19:42.844  1643  4189 D BackgroundInstallControlService: Package event received: 0
04-21 06:19:45.647  1643  4189 D BackgroundInstallControlService: Package event received: 0
04-21 06:19:46.623  1643  4189 D BackgroundInstallControlService: Package event received: 0
04-21 06:19:46.631  1643  1917 D ActivityManager: sync unfroze 32152 com.google.android.apps.turbo for 6
04-21 06:19:46.643  1643  4189 D BackgroundInstallControlService: Package event received: 0
04-21 06:19:46.667  1643  1917 W ProcessStats: Tracking association SourceState{da2e54b com.google.android.pixelsystemservice/10261 ImpFg #437008} whose proc state 5 is better than process ProcessState{1c3a3c5 com.google.android.apps.turbo/10149 pkg=com.google.android.apps.turbo} proc state 14 (5 skipped)
04-21 06:19:52.223  1643  4189 D BackgroundInstallControlService: Package event received: 0
04-21 06:19:53.611  1643  4189 D BackgroundInstallControlService: Package event received: 0
04-21 06:19:57.782  1643  4189 D BackgroundInstallControlService: Package event received: 0
04-21 06:19:57.847  1643  4189 D BackgroundInstallControlService: Package event received: 0
04-21 06:20:00.050  1643  1720 I DisplayDeviceRepository: Display device changed render timings: "Built-in Screen", renderFrameRate=120.00001, presentationDeadlineNanos=11500000, appVsyncOffsetNanos=6233332, frameRateOverrides=[]
04-21 06:20:00.051  1643  1711 D WindowManager: DeferredDisplayUpdater: partially applying DisplayInfo(960 x 2142) immediately
04-21 06:20:00.126  1643  1821 D ActivityManager: sync unfroze 30300 com.thetileapp.tile for 3
04-21 06:20:00.144  1643  1821 D ActivityManager: sync unfroze 18656 com.android.vending for 3
04-21 06:20:00.192  1643  4189 D BackgroundInstallControlService: Package event received: 0
04-21 06:20:00.391  1643  4285 D ActivityManager: sync unfroze 21066 com.google.android.gms for 6
04-21 06:20:01.605  1643  4285 W AlarmManager: Window length 300000ms too short; expanding to 600000ms.
04-21 06:20:01.965  1643  4189 D BackgroundInstallControlService: Package event received: 0
04-21 06:20:05.235  1643  4189 D BackgroundInstallControlService: Package event received: 0
04-21 06:20:05.255  1643  4189 D BackgroundInstallControlService: Package event received: 0
04-21 06:20:09.034  1643  4189 D BackgroundInstallControlService: Package event received: 0
04-21 06:20:25.779  1643  4189 D BackgroundInstallControlService: Package event received: 0
04-21 06:20:26.721  1643  2242 D ActivityManager: freezing 32152 com.google.android.apps.turbo
04-21 06:20:30.172  1643  2242 D ActivityManager: freezing 30300 com.thetileapp.tile
04-21 06:20:30.183  1643  2242 D ActivityManager: freezing 18656 com.android.vending
04-21 06:20:30.397  1643  2242 D ActivityManager: freezing 21066 com.google.android.gms
04-21 06:20:34.172  1643  4189 D BackgroundInstallControlService: Package event received: 0
04-21 06:20:49.677  1643  4189 D BackgroundInstallControlService: Package event received: 0
04-21 06:20:52.379  1643  4189 D BackgroundInstallControlService: Package event received: 0
04-21 06:20:54.674  1643  1821 D ActivityManager: sync unfroze 1327 com.google.android.googlequicksearchbox:googleapp for 3
04-21 06:20:54.679  1643  1821 D ActivityManager: sync unfroze 24589 com.google.android.webview:sandboxed_process0:org.chromium.content.app.SandboxedProcessService0:2 for 3
