04-15 15:12:35.796  1588  3217 V Configuration: Updating configuration, locales updated from [] to [en_US]
04-15 15:12:35.796  1588  3217 V Configuration: Updating configuration, locales updated from [] to [en_US]
04-15 15:12:35.796  1588  3217 V Configuration: Updating configuration, locales updated from [] to [en]
04-15 15:12:35.797  1588  3217 V Configuration: Updating configuration, locales updated from [] to [en_US]
04-15 15:12:35.797  1588  3217 V Configuration: Updating configuration, locales updated from [] to [en]
04-15 15:12:35.797  1588  3217 V Configuration: Updating configuration, locales updated from [] to [en_US]
04-15 15:12:35.797  1588  3217 V Configuration: Updating configuration, locales updated from [] to [en_US]
04-15 15:12:35.797  1588  3217 V Configuration: Updating configuration, locales updated from [] to [en_US]
04-15 15:12:35.799  1588  3217 D IntervalStats: Unable to parse usage stats packages: [30, 242, 273, 339, 345, 362, 365, 366, 369, 371, 391, 400, 401, 406, 411, 425, 431, 434, 435, 437, 438, 439, 440, 441, 442, 443, 456, 458, 459, 460, 461, 462]
04-15 15:12:35.804  1588  3216 W ForegroundServiceTypeLoggerModule: Foreground service start for UID: 10187 does not have any types
04-15 15:12:35.816  1588  2673 D BackgroundInstallControlService: Package event received: 0
04-15 15:12:35.854  1588 20594 V Configuration: Updating configuration, locales updated from [] to [en_US]
04-15 15:12:35.854  1588 20594 V Configuration: Updating configuration, locales updated from [] to [en_US]
04-15 15:12:35.854  1588 20594 V Configuration: Updating configuration, locales updated from [] to [en_US]
04-15 15:12:35.854  1588 20594 D IntervalStats: Unable to parse usage stats packages: [497, 498]
04-15 15:12:35.855  1588 20594 V Configuration: Updating configuration, locales updated from [] to [en_US]
04-15 15:12:35.855  1588 20594 V Configuration: Updating configuration, locales updated from [] to [en_US]
04-15 15:12:35.855  1588 20594 V Configuration: Updating configuration, locales updated from [] to [en_US]
04-15 15:12:35.855  1588 20594 V Configuration: Updating configuration, locales updated from [] to [en_US]
04-15 15:12:35.855  1588 20594 D IntervalStats: Unable to parse usage stats packages: [500, 502]
04-15 15:12:35.856  1588 20594 V Configuration: Updating configuration, locales updated from [] to [en_US]
04-15 15:12:35.856  1588 20594 V Configuration: Updating configuration, locales updated from [] to [en_US]
04-15 15:12:35.856  1588 20594 V Configuration: Updating configuration, locales updated from [] to [en_US]
04-15 15:12:35.857  1588 20594 D IntervalStats: Unable to parse usage stats packages: [503]
04-15 15:12:35.857  1588 20594 V Configuration: Updating configuration, locales updated from [] to [en_US]
04-15 15:12:35.857  1588 20594 V Configuration: Updating configuration, locales updated from [] to [en_US]
04-15 15:12:35.857  1588 20594 V Configuration: Updating configuration, locales updated from [] to [en_US]
04-15 15:12:35.857  1588 20594 V Configuration: Updating configuration, locales updated from [] to [en_US]
04-15 15:12:35.857  1588 20594 V Configuration: Updating configuration, locales updated from [] to [en_US]
04-15 15:12:35.857  1588 20594 V Configuration: Updating configuration, locales updated from [] to [en_US]
04-15 15:12:35.857  1588 20594 V Configuration: Updating configuration, locales updated from [] to [en_US]
04-15 15:12:35.857  1588 20594 V Configuration: Updating configuration, locales updated from [] to [en_US]
04-15 15:12:35.857  1588 20594 V Configuration: Updating configuration, locales updated from [] to [en_US]
04-15 15:12:35.858  1588 20594 D IntervalStats: Unable to parse usage stats packages: [503, 505]
04-15 15:12:35.859  1588 20594 V Configuration: Updating configuration, locales updated from [] to [en_US]
04-15 15:12:35.859  1588 20594 V Configuration: Updating configuration, locales updated from [] to [en_US]
04-15 15:12:35.859  1588 20594 V Configuration: Updating configuration, locales updated from [] to [en_US]
04-15 15:12:35.859  1588 20594 V Configuration: Updating configuration, locales updated from [] to [en_US]
04-15 15:12:35.859  1588 20594 D IntervalStats: Unable to parse usage stats packages: [505]
04-15 15:12:35.860  1588 20594 V Configuration: Updating configuration, locales updated from [] to [en_US]
04-15 15:12:35.860  1588 20594 V Configuration: Updating configuration, locales updated from [] to [en_US]
04-15 15:12:35.860  1588 20594 V Configuration: Updating configuration, locales updated from [] to [en_US]
04-15 15:12:35.860  1588 20594 V Configuration: Updating configuration, locales updated from [] to [en_US]
04-15 15:12:35.860  1588 20594 V Configuration: Updating configuration, locales updated from [] to [en_US]
04-15 15:12:35.860  1588 20594 V Configuration: Updating configuration, locales updated from [] to [en_US]
04-15 15:12:35.860  1588 20594 D IntervalStats: Unable to parse usage stats packages: [505]
04-15 15:12:35.861  1588 20594 V Configuration: Updating configuration, locales updated from [] to [en_US]
04-15 15:12:35.861  1588 20594 V Configuration: Updating configuration, locales updated from [] to [en_US]
04-15 15:12:35.861  1588 20594 V Configuration: Updating configuration, locales updated from [] to [en_US]
04-15 15:12:35.861  1588 20594 V Configuration: Updating configuration, locales updated from [] to [en_US]
04-15 15:12:35.861  1588 20594 V Configuration: Updating configuration, locales updated from [] to [en_US]
04-15 15:12:35.861  1588 20594 D IntervalStats: Unable to parse usage stats packages: [505]
04-15 15:12:35.864  1588 20594 V Configuration: Updating configuration, locales updated from [] to [en_US]
04-15 15:12:35.864  1588 20594 V Configuration: Updating configuration, locales updated from [] to [en_US]
04-15 15:12:35.864  1588 20594 V Configuration: Updating configuration, locales updated from [] to [en_US]
04-15 15:12:35.864  1588 20594 V Configuration: Updating configuration, locales updated from [] to [en_US]
04-15 15:12:35.864  1588 20594 V Configuration: Updating configuration, locales updated from [] to [en_US]
04-15 15:12:35.864  1588 20594 V Configuration: Updating configuration, locales updated from [] to [en_US]
04-15 15:12:35.865  1588 20594 D IntervalStats: Unable to parse usage stats packages: [505, 510]
04-15 15:12:35.865  1588 20594 V Configuration: Updating configuration, locales updated from [] to [en_US]
04-15 15:12:35.865  1588 20594 V Configuration: Updating configuration, locales updated from [] to [en_US]
04-15 15:12:35.865  1588 20594 V Configuration: Updating configuration, locales updated from [] to [en_US]
04-15 15:12:35.865  1588 20594 V Configuration: Updating configuration, locales updated from [] to [en_US]
04-15 15:12:35.865  1588 20594 V Configuration: Updating configuration, locales updated from [] to [en_US]
04-15 15:12:35.865  1588 20594 D IntervalStats: Unable to parse usage stats packages: [505]
04-15 15:12:35.867  1588  1801 D ActivityManager: sync unfroze 7912 com.google.android.rkpdapp for 3
04-15 15:12:35.879  1588  3216 E AppOps  : attributionTag VCN not declared in manifest of android
04-15 15:12:35.897  1588  2673 D BackgroundInstallControlService: Package event received: 0
04-15 15:12:35.899  1588  1801 D ActivityManager: sync unfroze 11334 com.microsoft.familysafety for 3
04-15 15:12:35.913  1588  1801 D ActivityManager: sync unfroze 11396 android.process.media for 3
04-15 15:12:35.917  1588  2761 W ForegroundServiceTypeLoggerModule: FGS stop call for: 10187 has no types!
04-15 15:12:35.917  1588  2673 D BackgroundInstallControlService: Package event received: 0
04-15 15:12:35.917  1588  2673 D BackgroundInstallControlService: Package event received: 0
04-15 15:12:35.961  1588  2673 D BackgroundInstallControlService: Package event received: 0
04-15 15:12:35.967  1588  2673 D BackgroundInstallControlService: Package event received: 0
04-15 15:12:35.967  1588  2673 D BackgroundInstallControlService: Package event received: 0
04-15 15:12:35.970  1588  2673 D BackgroundInstallControlService: Package event received: 0
04-15 15:12:36.046  1588  1588 I NotificationService: Cannot find enqueued record for key: 0|com.google.android.odad|75673|null|10187
04-15 15:12:38.361  1588  1588 I RemoteContentProtectionService: Connection status for: ComponentInfo{com.google.android.odad/com.google.android.apps.miphone.odad.contentprotection.ContentProtectionService} changed to: disconnected
04-15 15:12:38.476  1588  1588 I RemoteContentProtectionService: Connection status for: ComponentInfo{com.google.android.odad/com.google.android.apps.miphone.odad.contentprotection.ContentProtectionService} changed to: disconnected
04-15 15:12:45.156  1588  2702 W FileUtils: Failed to chmod(AtomicFile[/data/system_de/0/system/game-manager-service.xml])
04-15 15:12:45.156  1588  2702 W FileUtils: android.system.ErrnoException: chmod failed: ENOENT (No such file or directory)
04-15 15:12:45.156  1588  2702 W FileUtils: 	at libcore.io.Linux.chmod(Native Method)
04-15 15:12:45.156  1588  2702 W FileUtils: 	at libcore.io.ForwardingOs.chmod(ForwardingOs.java:166)
04-15 15:12:45.156  1588  2702 W FileUtils: 	at libcore.io.BlockGuardOs.chmod(BlockGuardOs.java:83)
04-15 15:12:45.156  1588  2702 W FileUtils: 	at android.system.Os.chmod(Os.java:119)
04-15 15:12:45.156  1588  2702 W FileUtils: 	at android.os.FileUtils.setPermissions(FileUtils.java:189)
04-15 15:12:45.156  1588  2702 W FileUtils: 	at com.android.server.app.GameManagerSettings.writePersistentDataLocked(GameManagerSettings.java:179)
04-15 15:12:45.156  1588  2702 W FileUtils: 	at com.android.server.app.GameManagerService$SettingsHandler.doHandleMessage(GameManagerService.java:329)
04-15 15:12:45.156  1588  2702 W FileUtils: 	at com.android.server.app.GameManagerService$SettingsHandler.handleMessage(GameManagerService.java:310)
04-15 15:12:45.156  1588  2702 W FileUtils: 	at android.os.Handler.dispatchMessageImpl(Handler.java:142)
04-15 15:12:45.156  1588  2702 W FileUtils: 	at android.os.Handler.dispatchMessage(Handler.java:125)
04-15 15:12:45.156  1588  2702 W FileUtils: 	at android.os.Looper.loopOnce(Looper.java:269)
04-15 15:12:45.156  1588  2702 W FileUtils: 	at android.os.Looper.loop(Looper.java:367)
04-15 15:12:45.156  1588  2702 W FileUtils: 	at android.os.HandlerThread.run(HandlerThread.java:139)
04-15 15:12:45.156  1588  2702 W FileUtils: 	at com.android.server.ServiceThread.run(ServiceThread.java:46)
04-15 15:12:45.277  1588  2505 D ActivityManager: freezing 17348 com.google.android.videos
04-15 15:12:45.448  1588  2505 D ActivityManager: freezing 11383 com.oasisfeng.island
04-15 15:12:45.505  1588  2505 D ActivityManager: freezing 10711 com.google.android.apps.nbu.files
04-15 15:12:45.716   472 20761 I keystore2: system/security/keystore2/watchdog/src/lib.rs:371 - Watchdog thread idle -> terminating. Have a great day.
04-15 15:12:45.895  1588  2505 D ActivityManager: freezing 7912 com.google.android.rkpdapp
04-15 15:12:45.912  1588  2505 D ActivityManager: freezing 11334 com.microsoft.familysafety
04-15 15:12:45.940  1588  2505 D ActivityManager: freezing 11396 android.process.media
04-15 15:12:45.946  1588  2505 D ActivityManager: freezing 11274 com.google.android.documentsui
04-15 15:12:45.985  1588  2505 D ActivityManager: freezing 20038 com.android.chrome
04-15 15:12:45.999  1588  2505 D ActivityManager: freezing 22215 com.android.chrome:sandboxed_process0:org.chromium.content.app.SandboxedProcessService0:219
04-15 15:12:46.007  1588  2505 D ActivityManager: freezing 28665 com.android.chrome:sandboxed_process0:org.chromium.content.app.SandboxedProcessService0:234
04-15 15:12:46.014  1588  2505 D ActivityManager: freezing 11738 org.chromium.webapk.a5a8228c3188a0ef2_v2
04-15 15:12:46.019  1588  2505 D ActivityManager: freezing 9594 com.android.chrome:privileged_process2
04-15 15:12:46.026  1588  2505 D ActivityManager: freezing 12056 com.android.vending
04-15 15:12:46.038  1588  2505 D ActivityManager: freezing 16980 com.android.vending:background
04-15 15:12:46.249  1588  2505 D ActivityManager: freezing 3225 com.google.android.permissioncontroller
04-15 15:12:46.294  1588  1838 V DisplayPowerController[0]: Brightness [0.041824676] reason changing to: 'automatic [ dim ]', previous reason: 'automatic'.
04-15 15:12:46.294  1588  1838 I DisplayPowerController[0]: BrightnessEvent: brt=0.041824676(62.0%), nits=86.32509, lux=111.07146, reason=automatic [ dim ], strat=AutomaticBrightnessStrategy, state=ON, stateReason=KEY, policy=DIM, flags=, initBrt=0.081824675, rcmdBrt=0.081824675, preBrt=NaN, preLux=NaN, lastReadLux=97.574295, wasShortTermModelActive=false, autoBrightness=true (default), unclampedBrt=0.081824675, hbmMax=0.29350588, hbmMode=off, thrmMax=1.0, rbcStrength=0, powerFactor=1.0, physDisp=Outer Display(local:4619827677550801153), logicalId=0, slowChange=false, rampSpeed=0.7047244
04-15 15:12:46.296  1588  1838 I DisplayPowerController[1]: BrightnessEvent: brt=0.0(0.0%), nits=1.0, lux=-1.0, reason=screen_off [ throttled lux_lower_bound ], strat=ScreenOffBrightnessStrategy, state=OFF, stateReason=KEY, policy=DIM, flags=, initBrt=0.0, rcmdBrt=NaN, preBrt=NaN, preLux=0.0, wasShortTermModelActive=false, autoBrightness=true (default), unclampedBrt=-1.0, hbmMax=0.68, hbmMode=off, thrmMax=1.0, rbcStrength=-1, powerFactor=1.0, physDisp=Inner Display(local:4619827677550801152), logicalId=1, slowChange=false, rampSpeed=0.0
04-15 15:12:48.482  1588  2505 D ActivityManager: freezing 12295 com.google.android.odad
04-15 15:12:53.437  1588  3863 D ActivityManager: sync unfroze 12140 com.google.android.apps.pixel.dcservice for 6
04-15 15:12:53.448  1588  2673 D BackgroundInstallControlService: Package event received: 0
04-15 15:12:53.457  1588  2445 W ProcessStats: Tracking association SourceState{65dc039 com.google.android.apps.pixel.dcservice:interactor/10276 BFgs #1389924} whose proc state 4 is better than process ProcessState{b2585c1 com.google.android.apps.pixel.dcservice/10276 pkg=com.google.android.apps.pixel.dcservice} proc state 14 (67 skipped)
04-15 15:12:53.522  1588  2673 D BackgroundInstallControlService: Package event received: 0
04-15 15:12:53.536  1588  2673 D BackgroundInstallControlService: Package event received: 0
04-15 15:12:59.371  1588  2673 D BackgroundInstallControlService: Package event received: 0
04-15 15:13:00.049  1588  1776 I DisplayDeviceRepository: Display device changed render timings: "Outer Display", renderFrameRate=120.00001, presentationDeadlineNanos=11500000, appVsyncOffsetNanos=6233332, frameRateOverrides=[]
04-15 15:13:00.050  1588  1774 D WindowManager: DeferredDisplayUpdater: partially applying DisplayInfo(1080 x 2364) immediately
04-15 15:13:00.728  1588  2673 D BackgroundInstallControlService: Package event received: 0
04-15 15:13:01.306  1588  2505 D ActivityManager: freezing 7894 com.google.android.apps.turbo
04-15 15:13:04.244  1588  2505 D ActivityManager: freezing 9087 com.google.android.gms
04-15 15:13:10.641  1588  1813 D KernelCpuUidUserSysTimeReader: Removing uids 10437-10437
04-15 15:13:10.643  1588  1813 D KernelCpuUidUserSysTimeReader: Removing uids 10438-10438
04-15 15:13:11.762  3721  3871 I virtmgr : virtualizationmanager::crosvm: Log(2048): AppSearchIcing: icing-search-engine.cc:2486: Persisting data to disk with mode 3
04-15 15:13:11.798  3721  3871 I virtmgr : virtualizationmanager::crosvm: Log(2048): AppSearchIcing: icing-search-engine.cc:2501: PersistToDisk completed.
04-15 15:13:14.165  1588  2505 D ActivityManager: freezing 12140 com.google.android.apps.pixel.dcservice
04-15 15:13:15.322  1588  2505 D ActivityManager: freezing 3191 com.android.settings
04-15 15:13:15.339  1588  2505 D ActivityManager: freezing 31958 com.google.android.apps.carrier.carrierwifi
04-15 15:13:15.345  1588  2505 D ActivityManager: freezing 32418 com.android.keychain
04-15 15:13:15.350  1588  2505 D ActivityManager: freezing 3874 com.google.android.apps.wellbeing
04-15 15:13:15.358  1588  2505 D ActivityManager: freezing 11653 system:ui
04-15 15:13:21.409  1588  2505 D ActivityManager: freezing 23076 com.google.android.euicc
04-15 15:13:22.522  1588  2445 D ActivityManager: sync unfroze 21591 com.google.android.googlequicksearchbox:googleapp for 6
04-15 15:13:22.529  1588  2445 D ActivityManager: sync unfroze 21744 com.google.android.webview:sandboxed_process0:org.chromium.content.app.SandboxedProcessService0:0 for 6
04-15 15:13:22.545  1588  2673 D BackgroundInstallControlService: Package event received: 0
04-15 15:13:22.589  1588  2445 W ProcessStats: Tracking association SourceState{e0e5bda com.google.android.googlequicksearchbox:search/10173 BFgs #1389982} whose proc state 4 is better than process ProcessState{410f841 com.google.android.googlequicksearchbox:googleapp/10173 pkg=com.google.android.googlequicksearchbox} proc state 14 (0 skipped)
04-15 15:13:25.920  1588  2673 D BackgroundInstallControlService: Package event received: 0
04-15 15:13:31.467  1588  2673 D BackgroundInstallControlService: Package event received: 0
04-15 15:13:32.807  1588  1838 V DisplayPowerController[0]: Brightness [0.081824675] reason changing to: 'automatic', previous reason: 'automatic [ dim ]'.
04-15 15:13:32.807  1588  1838 I DisplayPowerController[0]: BrightnessEvent: brt=0.081824675(76.0%), nits=167.8742, lux=111.07146, reason=automatic, strat=AutomaticBrightnessStrategy, state=ON, stateReason=KEY, policy=BRIGHT, flags=, initBrt=0.041824676, rcmdBrt=0.081824675, preBrt=NaN, preLux=NaN, lastReadLux=101.315926, wasShortTermModelActive=false, autoBrightness=true (default), unclampedBrt=0.081824675, hbmMax=0.29350588, hbmMode=off, thrmMax=1.0, rbcStrength=0, powerFactor=1.0, physDisp=Outer Display(local:4619827677550801153), logicalId=0, slowChange=false, rampSpeed=0.7047244
04-15 15:13:32.810  1588  1838 I DisplayPowerController[1]: BrightnessEvent: brt=0.0(0.0%), nits=1.0, lux=-1.0, reason=screen_off [ throttled lux_lower_bound ], strat=ScreenOffBrightnessStrategy, state=OFF, stateReason=KEY, policy=BRIGHT, flags=, initBrt=0.0, rcmdBrt=NaN, preBrt=NaN, preLux=0.0, wasShortTermModelActive=false, autoBrightness=true (default), unclampedBrt=-1.0, hbmMax=0.68, hbmMode=off, thrmMax=1.0, rbcStrength=-1, powerFactor=1.0, physDisp=Inner Display(local:4619827677550801152), logicalId=1, slowChange=false, rampSpeed=0.0
04-15 15:13:39.994  1588  2673 D BackgroundInstallControlService: Package event received: 0
04-15 15:13:41.151  1588  1776 I DisplayDeviceRepository: Display device changed render timings: "Outer Display", renderFrameRate=60.000004, presentationDeadlineNanos=11500000, appVsyncOffsetNanos=6233332, frameRateOverrides=[]
04-15 15:13:41.152  1588  1774 D WindowManager: DeferredDisplayUpdater: partially applying DisplayInfo(1080 x 2364) immediately
04-15 15:13:41.402  1588  2673 D BackgroundInstallControlService: Package event received: 0
04-15 15:13:41.415  1588  5004 D ActivityManager: sync unfroze 7894 com.google.android.apps.turbo for 6
04-15 15:13:41.418  1588  2673 D BackgroundInstallControlService: Package event received: 0
04-15 15:13:41.442  1588  2761 W ProcessStats: Tracking association SourceState{243a7aa com.google.android.pixelsystemservice/10279 ImpFg #1390018} whose proc state 5 is better than process ProcessState{576809e com.google.android.apps.turbo/10146 pkg=com.google.android.apps.turbo} proc state 14 (0 skipped)
04-15 15:13:41.771  1588  2673 D BackgroundInstallControlService: Package event received: 0
04-15 15:13:45.462  1588  2761 V SettingsShellCmd: putForUser(userId=0, table=global, key=verifier_verify_adb_installs, value=0, tag=null, makeDefault=false, overrideableByRestore=false)
04-15 15:13:45.466  1588  2673 D BackgroundInstallControlService: Package event received: 0
04-15 15:13:46.420  1588  1801 D ActivityManager: sync unfroze 29710 com.google.android.apps.privacy.wildlife for 3
04-15 15:13:46.427  1588  1801 D ActivityManager: sync unfroze 9087 com.google.android.gms for 3
04-15 15:13:46.448  1588  2673 D BackgroundInstallControlService: Package event received: 0
04-15 15:13:46.657  1588  1875 V Configuration: Updating configuration, locales updated from [] to [en_US]
04-15 15:13:46.945  1588  1875 D BackupManagerService: [UserID:0] restoreAtInstall pkg=com.adamoutler.ssh token=6f restoreSet=30083490e9696221
04-15 15:13:46.946  1588  1875 D BackupManagerConstants: wakelock timeout: 1800000
04-15 15:13:46.947  1588  1875 D BackupManagerService: [UserID:0] Acquired wakelock:*backup*-0-4809
04-15 15:13:46.968  1588  4809 D BackupManagerService: MSG_RUN_RESTORE observer=null
04-15 15:13:46.990  1588  4809 D BackupManagerService: Starting restore.
04-15 15:13:47.021  1588  2673 D BackgroundInstallControlService: Package event received: 0
04-15 15:13:47.022  1588  2673 D BackgroundInstallControlService: Package event received: 0
04-15 15:13:47.047  1588  1588 I TransportConnection: BackupTransportService#4349: Notifying [PerformUnifiedRestoreTask.startRestore()] transport = BackupTransportClient
04-15 15:13:47.056  1588  3688 D BackupTransportManager: [UserID:0] Transport com.google.android.gms/.backup.BackupTransportService updated its attributes
04-15 15:13:47.108  1588  2673 D BackgroundInstallControlService: Package event received: 0
04-15 15:13:47.324  1588  4809 D BackupManagerService: initiateOneRestore packageName=@pm@
04-15 15:13:47.405  1588  4809 E BackupManagerService: Error getting restore data for @pm@
04-15 15:13:47.411  1588  4809 E BackupManagerService: PM agent has no metadata, so not restoring
04-15 15:13:47.425  1588  4809 I BackupManagerService: Restore complete.
04-15 15:13:47.432  1588  4809 D BackupManagerService: [UserID:0] Released wakelock:*backup*-0-4809
04-15 15:13:47.439  1588  1875 I PackageManager: installation completed for package:com.adamoutler.ssh. Final code path: /data/app/~~k-CXWw7l8OtMYnrni3aZgA==/com.adamoutler.ssh-LionoMtKf59CXwEDpePBYQ==
04-15 15:13:47.443  1588  1875 I AppsFilter: interaction: PackageSetting{f5c3bf6 com.google.android.microdroid.empty_payload/10305} -> PackageSetting{84fc066 com.adamoutler.ssh/10445} BLOCKED
04-15 15:13:47.457  1588  2673 D BackgroundInstallControlService: Package event received: 1
04-15 15:13:47.464  1588  2696 D ActivityManager: sync unfroze 3225 com.google.android.permissioncontroller for 6
04-15 15:13:47.466  1588  2673 D BackgroundInstallControlService: Package event received: 0
04-15 15:13:47.468  1588  2673 D BackgroundInstallControlService: Package event received: 0
04-15 15:13:47.472  1588  1875 D PackageInstallerSession: Marking session 918858998 as applied
04-15 15:13:47.566  1588  2542 V AccessibilityUserState: updateShortcutTargets: type:accessibility_shortcut_target_service, current:{}, new:{}
04-15 15:13:47.566  1588  2542 V AccessibilityUserState: updateShortcutTargets: type:accessibility_qs_targets, current:{}, new:{}
04-15 15:13:47.566  1588  2542 V AccessibilityUserState: updateShortcutTargets: type:accessibility_button_targets, current:{}, new:{}
04-15 15:13:47.566  1588  2542 V AccessibilityUserState: updateShortcutTargets: type:accessibility_gesture_targets, current:{}, new:{}
04-15 15:13:47.566  1588  2542 V AccessibilityUserState: updateShortcutTargets: type:accessibility_key_gesture_targets, current:{}, new:{}
04-15 15:13:47.567  1588  2542 V AccessibilityManagerService: onUserStateChangedLocked for userId: 0, forceUpdate: false
04-15 15:13:47.568  1588  2542 V AccessibilityUserState: updateShortcutTargets: type:accessibility_shortcut_target_service, current:{}, new:{}
04-15 15:13:47.568  1588  2542 V AccessibilityUserState: updateShortcutTargets: type:accessibility_button_targets, current:{}, new:{}
04-15 15:13:47.568  1588  2542 V AccessibilityUserState: updateShortcutTargets: type:accessibility_gesture_targets, current:{}, new:{}
04-15 15:13:47.568  1588  2542 V AccessibilityUserState: updateShortcutTargets: type:accessibility_qs_targets, current:{}, new:{}
04-15 15:13:47.569  1588  2542 V AccessibilityUserState: updateShortcutTargets: type:accessibility_key_gesture_targets, current:{}, new:{}
04-15 15:13:47.569  1588  2542 W MagnificationConnectionManager: requestConnection duplicated request: connect=false, mConnectionState=DISCONNECTED
04-15 15:13:47.574  1588  2614 E AppOps  : attributionTag VCN not declared in manifest of android
04-15 15:13:47.575  1588  2670 D ShortcutService: received package broadcast intent: Intent { act=android.intent.action.PACKAGE_ADDED dat=package: flg=0x4000010 (has extras) }
04-15 15:13:47.575  1588  2670 D ShortcutService: adding package: com.adamoutler.ssh userId=0
04-15 15:13:47.610  1588  1801 D ActivityManager: sync unfroze 10658 com.google.android.packageinstaller for 3
04-15 15:13:47.615  1588  1588 D AS.AudioService: received android.intent.action.PACKAGE_ADDED replacing: false archival: false for package com.adamoutler.ssh with uid 10445
04-15 15:13:47.622  1588  3688 D ActivityManager: sync unfroze 23076 com.google.android.euicc for 6
04-15 15:13:47.624  1588  2673 D BackgroundInstallControlService: Package event received: 0
04-15 15:13:47.624  1588  2673 D BackgroundInstallControlService: Package event received: 0
04-15 15:13:47.624  1588  2673 D BackgroundInstallControlService: Package event received: 0
04-15 15:13:47.629  1588  1588 D TransparencyService: Not an update. Skipping...
04-15 15:13:47.633  1588  1797 D LauncherAppsService: onPackageAdded: user=UserHandle{0}, packageName=com.adamoutler.ssh
04-15 15:13:47.634  1588  1797 D LauncherAppsService: onPackageAdded: triggering onPackageAdded for user=UserHandle{0}, packageName=com.adamoutler.ssh
04-15 15:13:47.634  1588  1797 D LauncherAppsService: onPackageAdded: triggering onPackageAdded for user=UserHandle{0}, packageName=com.adamoutler.ssh
04-15 15:13:47.634  1588  1797 D LauncherAppsService: onPackageAdded: triggering onPackageAdded for user=UserHandle{0}, packageName=com.adamoutler.ssh
04-15 15:13:47.634  1588  1797 W PackageManager: Failed registering loading progress callback. Package is fully loaded.
04-15 15:13:47.637  1588  1801 D ActivityManager: sync unfroze 3191 com.android.settings for 3
04-15 15:13:47.644  1588  1801 D ActivityManager: sync unfroze 31958 com.google.android.apps.carrier.carrierwifi for 3
04-15 15:13:47.647  1588  1801 D ActivityManager: sync unfroze 3874 com.google.android.apps.wellbeing for 3
04-15 15:13:47.653  1588  1588 I AppsFilter: interaction: PackageSetting{3f5a2e2 com.google.android.microdroid.empty_payload/10305} -> PackageSetting{4036673 com.adamoutler.ssh/10445} BLOCKED
04-15 15:13:47.656  1588  5018 W AppOpService: Ignored setUidMode call for runtime permission app op: uid = 1001, code = READ_SMS, mode = allow, callingUid = 1001, oldMode = allow
04-15 15:13:47.663  1588  9000 I DevicePolicyManager: Found incompatible accounts on any user, not allowing bypassing
04-15 15:13:47.666  1588  2673 D BackgroundInstallControlService: Package event received: 0
04-15 15:13:47.666  1588  1588 D ActivityManager: sync unfroze 12295 com.google.android.odad for 6
04-15 15:13:47.667  1588  9000 I DevicePolicyManager: Found incompatible accounts on any user, not allowing bypassing
04-15 15:13:47.668  1588  2445 W AppOpService: Ignored setUidMode call for runtime permission app op: uid = 1001, code = RECEIVE_SMS, mode = allow, callingUid = 1001, oldMode = allow
04-15 15:13:47.668  1588  2673 D BackgroundInstallControlService: Package event received: 0
04-15 15:13:47.683  1588  2445 W AppOpService: Ignored setUidMode call for runtime permission app op: uid = 1001, code = RECEIVE_WAP_PUSH, mode = allow, callingUid = 1001, oldMode = allow
04-15 15:13:47.686  1588  3217 W AppOpService: Ignored setUidMode call for runtime permission app op: uid = 1001, code = SEND_SMS, mode = allow, callingUid = 1001, oldMode = allow
04-15 15:13:47.689  1588  3217 W AppOpService: Ignored setUidMode call for runtime permission app op: uid = 1001, code = READ_CELL_BROADCASTS, mode = allow, callingUid = 1001, oldMode = allow
04-15 15:13:47.697  1588  2670 D ShortcutService: received package broadcast intent: Intent { act=android.intent.action.PACKAGE_CHANGED dat=package: flg=0x5000010 (has extras) }
04-15 15:13:47.697  1588  2670 D ShortcutService: changing package: com.adamoutler.ssh userId=0
04-15 15:13:47.699  1588  2542 V AccessibilityUserState: updateShortcutTargets: type:accessibility_shortcut_target_service, current:{}, new:{}
04-15 15:13:47.699  1588  2542 V AccessibilityUserState: updateShortcutTargets: type:accessibility_qs_targets, current:{}, new:{}
04-15 15:13:47.699  1588  2542 V AccessibilityUserState: updateShortcutTargets: type:accessibility_button_targets, current:{}, new:{}
04-15 15:13:47.699  1588  2542 V AccessibilityUserState: updateShortcutTargets: type:accessibility_gesture_targets, current:{}, new:{}
04-15 15:13:47.699  1588  2542 V AccessibilityUserState: updateShortcutTargets: type:accessibility_key_gesture_targets, current:{}, new:{}
04-15 15:13:47.704  1588  2542 V AccessibilityManagerService: onUserStateChangedLocked for userId: 0, forceUpdate: false
04-15 15:13:47.707  1588  2469 D CompatChangeReporter: Compat change id reported: 262645982; UID 10445; state: ENABLED
04-15 15:13:47.711  1588  1801 D ActivityManager: sync unfroze 12056 com.android.vending for 3
04-15 15:13:47.711  1588  2542 V AccessibilityUserState: updateShortcutTargets: type:accessibility_shortcut_target_service, current:{}, new:{}
04-15 15:13:47.711  1588  2542 V AccessibilityUserState: updateShortcutTargets: type:accessibility_button_targets, current:{}, new:{}
04-15 15:13:47.711  1588  2542 V AccessibilityUserState: updateShortcutTargets: type:accessibility_gesture_targets, current:{}, new:{}
04-15 15:13:47.711  1588  2542 V AccessibilityUserState: updateShortcutTargets: type:accessibility_qs_targets, current:{}, new:{}
04-15 15:13:47.711  1588  2542 V AccessibilityUserState: updateShortcutTargets: type:accessibility_key_gesture_targets, current:{}, new:{}
04-15 15:13:47.711  1588  2542 W MagnificationConnectionManager: requestConnection duplicated request: connect=false, mConnectionState=DISCONNECTED
04-15 15:13:47.712  1588  1801 D ActivityManager: sync unfroze 16980 com.android.vending:background for 3
04-15 15:13:47.726  1588  1801 D ActivityManager: sync unfroze 10711 com.google.android.apps.nbu.files for 3
04-15 15:13:47.727  1588  1588 I RemoteContentProtectionService: Connection status for: ComponentInfo{com.google.android.odad/com.google.android.apps.miphone.odad.contentprotection.ContentProtectionService} changed to: connected
04-15 15:13:47.747  1588  4847 D HealthConnectTrackerManagerImpl: No packages eligible for step tracking. Aborting initialization.
04-15 15:13:47.760  1588  2445 V Configuration: Updating configuration, locales updated from [] to [en_US]
04-15 15:13:47.760  1588  2445 V Configuration: Updating configuration, locales updated from [] to [en_US]
04-15 15:13:47.760  1588  2445 V Configuration: Updating configuration, locales updated from [] to [en_US]
04-15 15:13:47.760  1588  2445 V Configuration: Updating configuration, locales updated from [] to [en]
04-15 15:13:47.760  1588  2445 V Configuration: Updating configuration, locales updated from [] to [en_US]
04-15 15:13:47.760  1588  2445 V Configuration: Updating configuration, locales updated from [] to [en]
04-15 15:13:47.760  1588  2445 V Configuration: Updating configuration, locales updated from [] to [en_US]
04-15 15:13:47.760  1588  2445 V Configuration: Updating configuration, locales updated from [] to [en_US]
04-15 15:13:47.760  1588  2445 V Configuration: Updating configuration, locales updated from [] to [en_US]
04-15 15:13:47.760  1588  2445 D IntervalStats: Unable to parse usage stats packages: [30, 242, 273, 339, 345, 362, 365, 366, 369, 371, 391, 400, 401, 406, 411, 425, 431, 434, 435, 437, 438, 439, 440, 441, 442, 443, 456, 458, 459, 460, 461, 462]
04-15 15:13:47.781  1588  1875 V Configuration: Updating configuration, locales updated from [] to [en_US]
04-15 15:13:47.787  1588  1875 W PackageParsing: No actions in intent-filter at /data/app/vmdl1804823512.tmp/base.apk Binary XML file line #33
04-15 15:13:47.787  1588  1875 W PackageParsing: No actions in intent-filter at /data/app/vmdl1804823512.tmp/base.apk Binary XML file line #41
04-15 15:13:47.787  1588  1875 W PackageParsing: No actions in intent-filter at /data/app/vmdl1804823512.tmp/base.apk Binary XML file line #49
04-15 15:13:47.791  1588  5026 V Configuration: Updating configuration, locales updated from [] to [en_US]
04-15 15:13:47.791  1588  5026 V Configuration: Updating configuration, locales updated from [] to [en_US]
04-15 15:13:47.791  1588  5026 V Configuration: Updating configuration, locales updated from [] to [en_US]
04-15 15:13:47.791  1588  5026 V Configuration: Updating configuration, locales updated from [] to [en]
04-15 15:13:47.791  1588  5026 V Configuration: Updating configuration, locales updated from [] to [en_US]
04-15 15:13:47.791  1588  5026 V Configuration: Updating configuration, locales updated from [] to [en]
04-15 15:13:47.791  1588  5026 V Configuration: Updating configuration, locales updated from [] to [en_US]
04-15 15:13:47.791  1588  5026 V Configuration: Updating configuration, locales updated from [] to [en_US]
04-15 15:13:47.791  1588  5026 V Configuration: Updating configuration, locales updated from [] to [en_US]
04-15 15:13:47.791  1588  5026 D IntervalStats: Unable to parse usage stats packages: [30, 242, 273, 339, 345, 362, 365, 366, 369, 371, 391, 400, 401, 406, 411, 425, 431, 434, 435, 437, 438, 439, 440, 441, 442, 443, 456, 458, 459, 460, 461, 462]
04-15 15:13:47.796  1588  1875 E PackageManager: Error occurred while checking alignment of package : com.adamoutler.ssh.test
04-15 15:13:47.825  1588  2981 W AppOpService: Ignored setUidMode call for runtime permission app op: uid = 1001, code = READ_SMS, mode = allow, callingUid = 1001, oldMode = allow
04-15 15:13:47.886  1588  1729 W AppOpService: Ignored setUidMode call for runtime permission app op: uid = 1001, code = RECEIVE_SMS, mode = allow, callingUid = 1001, oldMode = allow
04-15 15:13:47.886  1588  2981 W AppOpService: Ignored setUidMode call for runtime permission app op: uid = 1001, code = RECEIVE_WAP_PUSH, mode = allow, callingUid = 1001, oldMode = allow
04-15 15:13:47.887  1588  2943 W AppOpService: Ignored setUidMode call for runtime permission app op: uid = 1001, code = SEND_SMS, mode = allow, callingUid = 1001, oldMode = allow
04-15 15:13:47.888  1588  1875 D BackupManagerService: [UserID:0] restoreAtInstall pkg=com.adamoutler.ssh.test token=70 restoreSet=30083490e9696221
04-15 15:13:47.888  1588  1875 D BackupManagerConstants: wakelock timeout: 1800000
04-15 15:13:47.889  1588  1875 D BackupManagerService: [UserID:0] Acquired wakelock:*backup*-0-4809
04-15 15:13:47.890  1588  2981 W AppOpService: Ignored setUidMode call for runtime permission app op: uid = 1001, code = READ_CELL_BROADCASTS, mode = allow, callingUid = 1001, oldMode = allow
04-15 15:13:47.891  1588  4809 D BackupManagerService: MSG_RUN_RESTORE observer=null
04-15 15:13:47.891  1588  4809 D BackupManagerService: Starting restore.
04-15 15:13:47.909  1588  2673 D BackgroundInstallControlService: Package event received: 0
04-15 15:13:47.912  1588  3864 W AppOpService: Ignored setUidMode call for runtime permission app op: uid = 1001, code = READ_SMS, mode = allow, callingUid = 1001, oldMode = allow
04-15 15:13:47.912  1588  2673 D BackgroundInstallControlService: Package event received: 0
04-15 15:13:47.913  1588  3864 W AppOpService: Ignored setUidMode call for runtime permission app op: uid = 1001, code = RECEIVE_SMS, mode = allow, callingUid = 1001, oldMode = allow
04-15 15:13:47.913  1588  3864 W AppOpService: Ignored setUidMode call for runtime permission app op: uid = 1001, code = RECEIVE_WAP_PUSH, mode = allow, callingUid = 1001, oldMode = allow
04-15 15:13:47.913  1588  1729 W AppOpService: Ignored setUidMode call for runtime permission app op: uid = 1001, code = SEND_SMS, mode = allow, callingUid = 1001, oldMode = allow
04-15 15:13:47.914  1588  2445 W AppOpService: Ignored setUidMode call for runtime permission app op: uid = 1001, code = READ_CELL_BROADCASTS, mode = allow, callingUid = 1001, oldMode = allow
04-15 15:13:47.916  1588  5026 I ActivityManager: Background started FGS: Allowed [callingPackage: com.google.android.odad; callingUid: 10187; uidState: IMPF; uidBFSL: n/a; intent: Intent { xflg=0x4 cmp=com.google.android.odad/com.google.android.apps.miphone.odad.backgroundwork.impl.WorkService (has extras) }; code:BACKGROUND_ACTIVITY_PERMISSION; tempAllowListReason:<null>; allowWiu:58; targetSdkVersion:36; callerTargetSdkVersion:36; startForegroundCount:0; bindFromPackage:null: isBindService:false]
04-15 15:13:47.940  1588  1728 V Configuration: Updating configuration, locales updated from [] to [en_US]
04-15 15:13:47.940  1588  1728 V Configuration: Updating configuration, locales updated from [] to [en_US]
04-15 15:13:47.940  1588  1728 V Configuration: Updating configuration, locales updated from [] to [en_US]
04-15 15:13:47.940  1588  1728 V Configuration: Updating configuration, locales updated from [] to [en]
04-15 15:13:47.940  1588  1728 V Configuration: Updating configuration, locales updated from [] to [en_US]
04-15 15:13:47.940  1588  1728 V Configuration: Updating configuration, locales updated from [] to [en]
04-15 15:13:47.940  1588  1728 V Configuration: Updating configuration, locales updated from [] to [en_US]
04-15 15:13:47.940  1588  1728 V Configuration: Updating configuration, locales updated from [] to [en_US]
04-15 15:13:47.941  1588  1728 V Configuration: Updating configuration, locales updated from [] to [en_US]
04-15 15:13:47.941  1588  1728 D IntervalStats: Unable to parse usage stats packages: [30, 242, 273, 339, 345, 362, 365, 366, 369, 371, 391, 400, 401, 406, 411, 425, 431, 434, 435, 437, 438, 439, 440, 441, 442, 443, 456, 458, 459, 460, 461, 462]
04-15 15:13:47.952  1588  5018 W ForegroundServiceTypeLoggerModule: Foreground service start for UID: 10187 does not have any types
04-15 15:13:47.954  1588  2673 D BackgroundInstallControlService: Package event received: 0
04-15 15:13:47.993  1588  1588 I TransportConnection: BackupTransportService#4350: Notifying [PerformUnifiedRestoreTask.startRestore()] transport = BackupTransportClient
04-15 15:13:48.006  1588  3863 D BackupTransportManager: [UserID:0] Transport com.google.android.gms/.backup.BackupTransportService updated its attributes
04-15 15:13:48.131  1588  5026 W ForegroundServiceTypeLoggerModule: FGS stop call for: 10187 has no types!
04-15 15:13:48.134  1588  2673 D BackgroundInstallControlService: Package event received: 0
04-15 15:13:48.138  1588  2673 D BackgroundInstallControlService: Package event received: 0
04-15 15:13:48.184  1588  1588 I NotificationService: Cannot find enqueued record for key: 0|com.google.android.odad|75673|null|10187
04-15 15:13:48.221  1588  2673 D BackgroundInstallControlService: Package event received: 0
04-15 15:13:48.222  1588  2673 D BackgroundInstallControlService: Package event received: 0
04-15 15:13:48.248  1588  4809 D BackupManagerService: initiateOneRestore packageName=@pm@
04-15 15:13:48.256  1588  4826 V Configuration: Updating configuration, locales updated from [en_US] to [af]
04-15 15:13:48.257  1588  4826 V Configuration: Updating configuration, locales updated from [en_US] to [af_ZA]
04-15 15:13:48.257  1588  4826 V Configuration: Updating configuration, locales updated from [en_US] to [am]
04-15 15:13:48.257  1588  4826 V Configuration: Updating configuration, locales updated from [en_US] to [am_ET]
04-15 15:13:48.258  1588  4826 V Configuration: Updating configuration, locales updated from [en_US] to [ar]
04-15 15:13:48.258  1588  4826 V Configuration: Updating configuration, locales updated from [en_US] to [ar_EG]
04-15 15:13:48.258  1588  4826 V Configuration: Updating configuration, locales updated from [en_US] to [ar_XB]
04-15 15:13:48.259  1588  4826 V Configuration: Updating configuration, locales updated from [en_US] to [as]
04-15 15:13:48.259  1588  4826 V Configuration: Updating configuration, locales updated from [en_US] to [az]
04-15 15:13:48.260  1588  4826 V Configuration: Updating configuration, locales updated from [en_US] to [be]
04-15 15:13:48.260  1588  4826 V Configuration: Updating configuration, locales updated from [en_US] to [bg]
04-15 15:13:48.261  1588  4826 V Configuration: Updating configuration, locales updated from [en_US] to [bg_BG]
04-15 15:13:48.261  1588  4826 V Configuration: Updating configuration, locales updated from [en_US] to [bn]
04-15 15:13:48.261  1588  4826 V Configuration: Updating configuration, locales updated from [en_US] to [bs]
04-15 15:13:48.262  1588  4826 V Configuration: Updating configuration, locales updated from [en_US] to [ca]
04-15 15:13:48.262  1588  4826 V Configuration: Updating configuration, locales updated from [en_US] to [ca_ES]
04-15 15:13:48.262  1588  4826 V Configuration: Updating configuration, locales updated from [en_US] to [cs]
04-15 15:13:48.263  1588  4826 V Configuration: Updating configuration, locales updated from [en_US] to [cs_CZ]
04-15 15:13:48.264  1588  4826 V Configuration: Updating configuration, locales updated from [en_US] to [da]
04-15 15:13:48.264  1588  4826 V Configuration: Updating configuration, locales updated from [en_US] to [da_DK]
04-15 15:13:48.265  1588  4826 V Configuration: Updating configuration, locales updated from [en_US] to [de]
04-15 15:13:48.266  1588  4826 V Configuration: Updating configuration, locales updated from [en_US] to [de_DE]
04-15 15:13:48.266  1588  4826 V Configuration: Updating configuration, locales updated from [en_US] to [el]
04-15 15:13:48.267  1588  4826 V Configuration: Updating configuration, locales updated from [en_US] to [el_GR]
04-15 15:13:48.267  1588  4809 E BackupManagerService: Error getting restore data for @pm@
04-15 15:13:48.267  1588  4826 V Configuration: Updating configuration, locales updated from [en_US] to [en]
04-15 15:13:48.268  1588  4826 V Configuration: Updating configuration, locales updated from [en_US] to [en_AU]
04-15 15:13:48.268  1588  4826 V Configuration: Updating configuration, locales updated from [en_US] to [en_CA]
04-15 15:13:48.269  1588  4826 V Configuration: Updating configuration, locales updated from [en_US] to [en_GB]
04-15 15:13:48.269  1588  4826 V Configuration: Updating configuration, locales updated from [en_US] to [en_IN]
04-15 15:13:48.270  1588  4826 V Configuration: Updating configuration, locales updated from [en_US] to [en_TW]
04-15 15:13:48.270  1588  4809 E BackupManagerService: PM agent has no metadata, so not restoring
04-15 15:13:48.271  1588  4826 V Configuration: Updating configuration, locales updated from [en_US] to [en_XA]
04-15 15:13:48.271  1588  4826 V Configuration: Updating configuration, locales updated from [en_US] to [en_XC]
04-15 15:13:48.272  1588  4826 V Configuration: Updating configuration, locales updated from [en_US] to [es]
04-15 15:13:48.272  1588  4826 V Configuration: Updating configuration, locales updated from [en_US] to [es_419]
04-15 15:13:48.272  1588  4826 V Configuration: Updating configuration, locales updated from [en_US] to [es_ES]
04-15 15:13:48.273  1588  4826 V Configuration: Updating configuration, locales updated from [en_US] to [es_US]
04-15 15:13:48.274  1588  4826 V Configuration: Updating configuration, locales updated from [en_US] to [et]
04-15 15:13:48.274  1588  4826 V Configuration: Updating configuration, locales updated from [en_US] to [et_EE]
04-15 15:13:48.274  1588  4809 I BackupManagerService: Restore complete.
04-15 15:13:48.274  1588  4826 V Configuration: Updating configuration, locales updated from [en_US] to [eu]
04-15 15:13:48.275  1588  4826 V Configuration: Updating configuration, locales updated from [en_US] to [fa]
04-15 15:13:48.275  1588  4826 V Configuration: Updating configuration, locales updated from [en_US] to [fa_IR]
04-15 15:13:48.275  1588  4826 V Configuration: Updating configuration, locales updated from [en_US] to [fi]
04-15 15:13:48.276  1588  4826 V Configuration: Updating configuration, locales updated from [en_US] to [fi_FI]
04-15 15:13:48.276  1588  4826 V Configuration: Updating configuration, locales updated from [en_US] to [fil]
04-15 15:13:48.277  1588  4809 D BackupManagerService: [UserID:0] Released wakelock:*backup*-0-4809
04-15 15:13:48.277  1588  4826 V Configuration: Updating configuration, locales updated from [en_US] to [fil_PH]
04-15 15:13:48.277  1588  4826 V Configuration: Updating configuration, locales updated from [en_US] to [fr]
04-15 15:13:48.278  1588  1875 I PackageManager: installation completed for package:com.adamoutler.ssh.test. Final code path: /data/app/~~ncL8TUGJ4oqevkY0zGT3Wg==/com.adamoutler.ssh.test-fpo_bvazN85Y8txHs5VNoA==
04-15 15:13:48.278  1588  4826 V Configuration: Updating configuration, locales updated from [en_US] to [fr_CA]
04-15 15:13:48.278  1588  4826 V Configuration: Updating configuration, locales updated from [en_US] to [fr_FR]
04-15 15:13:48.278  1588  1875 I AppsFilter: interaction: PackageSetting{3f5a2e2 com.google.android.microdroid.empty_payload/10305} -> PackageSetting{5026f8f com.adamoutler.ssh.test/10446} BLOCKED
04-15 15:13:48.278  1588  4826 V Configuration: Updating configuration, locales updated from [en_US] to [gl]
04-15 15:13:48.279  1588  2673 D BackgroundInstallControlService: Package event received: 1
04-15 15:13:48.279  1588  4826 V Configuration: Updating configuration, locales updated from [en_US] to [gu]
04-15 15:13:48.279  1588  4826 V Configuration: Updating configuration, locales updated from [en_US] to [hi]
04-15 15:13:48.279  1588  1875 D PackageInstallerSession: Marking session 1804823512 as applied
04-15 15:13:48.279  1588  4826 V Configuration: Updating configuration, locales updated from [en_US] to [hi_IN]
04-15 15:13:48.280  1588  4826 V Configuration: Updating configuration, locales updated from [en_US] to [hr]
04-15 15:13:48.280  1588  4826 V Configuration: Updating configuration, locales updated from [en_US] to [hr_HR]
04-15 15:13:48.280  1588  4826 V Configuration: Updating configuration, locales updated from [en_US] to [hu]
04-15 15:13:48.281  1588  4826 V Configuration: Updating configuration, locales updated from [en_US] to [hu_HU]
04-15 15:13:48.281  1588  4826 V Configuration: Updating configuration, locales updated from [en_US] to [hy]
04-15 15:13:48.281  1588  4826 V Configuration: Updating configuration, locales updated from [en_US] to [id]
04-15 15:13:48.282  1588  4826 V Configuration: Updating configuration, locales updated from [en_US] to [id_ID]
04-15 15:13:48.282  1588  4826 V Configuration: Updating configuration, locales updated from [en_US] to [is]
04-15 15:13:48.282  1588  4826 V Configuration: Updating configuration, locales updated from [en_US] to [it]
04-15 15:13:48.283  1588  4826 V Configuration: Updating configuration, locales updated from [en_US] to [it_IT]
04-15 15:13:48.283  1588  4826 V Configuration: Updating configuration, locales updated from [en_US] to [he]
04-15 15:13:48.283  1588  4826 V Configuration: Updating configuration, locales updated from [en_US] to [he_IL]
04-15 15:13:48.284  1588  4826 V Configuration: Updating configuration, locales updated from [en_US] to [ja]
04-15 15:13:48.285  1588  4826 V Configuration: Updating configuration, locales updated from [en_US] to [ja_JP]
04-15 15:13:48.285  1588  4826 V Configuration: Updating configuration, locales updated from [en_US] to [ka]
04-15 15:13:48.285  1588  4826 V Configuration: Updating configuration, locales updated from [en_US] to [kk]
04-15 15:13:48.286  1588  4826 V Configuration: Updating configuration, locales updated from [en_US] to [km]
04-15 15:13:48.286  1588  4826 V Configuration: Updating configuration, locales updated from [en_US] to [kn]
04-15 15:13:48.287  1588  4826 V Configuration: Updating configuration, locales updated from [en_US] to [ko]
04-15 15:13:48.287  1588  4826 V Configuration: Updating configuration, locales updated from [en_US] to [ko_KR]
04-15 15:13:48.287  1588  4826 V Configuration: Updating configuration, locales updated from [en_US] to [ky]
04-15 15:13:48.287  1588  4826 V Configuration: Updating configuration, locales updated from [en_US] to [lo]
04-15 15:13:48.289  1588  4826 V Configuration: Updating configuration, locales updated from [en_US] to [lt]
04-15 15:13:48.289  1588  4826 V Configuration: Updating configuration, locales updated from [en_US] to [lt_LT]
04-15 15:13:48.289  1588  4826 V Configuration: Updating configuration, locales updated from [en_US] to [lv]
04-15 15:13:48.290  1588  4826 V Configuration: Updating configuration, locales updated from [en_US] to [lv_LV]
04-15 15:13:48.290  1588  4826 V Configuration: Updating configuration, locales updated from [en_US] to [mk]
04-15 15:13:48.290  1588  4826 V Configuration: Updating configuration, locales updated from [en_US] to [ml]
04-15 15:13:48.291  1588  4826 V Configuration: Updating configuration, locales updated from [en_US] to [mn]
04-15 15:13:48.291  1588  4826 V Configuration: Updating configuration, locales updated from [en_US] to [mr]
04-15 15:13:48.295  1588  4826 V Configuration: Updating configuration, locales updated from [en_US] to [ms]
04-15 15:13:48.295  1588  4826 V Configuration: Updating configuration, locales updated from [en_US] to [ms_MY]
04-15 15:13:48.295  1588  4826 V Configuration: Updating configuration, locales updated from [en_US] to [my]
04-15 15:13:48.296  1588  4826 V Configuration: Updating configuration, locales updated from [en_US] to [nb]
04-15 15:13:48.296  1588  4826 V Configuration: Updating configuration, locales updated from [en_US] to [nb_NO]
04-15 15:13:48.296  1588  4826 V Configuration: Updating configuration, locales updated from [en_US] to [ne]
