04-15 15:08:46.070  1588  1773 V WindowManager: Sent Transition (#5044) createdAt=04-15 15:08:45.994 via request=TransitionRequestInfo { type = CLOSE, triggerTask = TaskInfo{userId=0 taskId=1104 effectiveUid=10439 displayId=0 isRunning=false baseIntent=Intent { act=android.intent.action.MAIN cat=[android.intent.category.LAUNCHER] flg=0x10008000 cmp=com.adamoutler.ssh/.MainActivity } baseActivity=null topActivity=null origActivity=null realActivity=ComponentInfo{com.adamoutler.ssh/com.adamoutler.ssh.MainActivity} realActivityIsAppLockEnabled=false numActivities=0 lastActiveTime=577191838 supportsMultiWindow=true resizeMode=1 isResizeable=true minWidth=-1 minHeight=-1 defaultMinSize=220 token=WCT{RemoteToken{11e8c37 Task{48a3002 #1104 type=standard A=10439:com.adamoutler.ssh}}} topActivityType=1 pictureInPictureParams=null shouldDockBigOverlays=false launchIntoPipHostTaskId=-1 lastParentTaskIdBeforePip=-1 displayCutoutSafeInsets=Rect(0, 0 - 0, 0) topActivityInfo=null launchCookies=[] positionInParent=Point(0, 0) parentTaskId=-1 isFocused=true isVisible=true isVisibleRequested=true isTopActivityNoDisplay=false isSleeping=false locusId=null displayAreaFeatureId=1 isTopActivityTransparent=false isActivityStackTransparent=true lastNonFullscreenBounds=null leafTaskBoundsFromOptions= false capturedLink=null capturedLinkTimestamp=0 requestedVisibleTypes=503 topActivityRequestOpenInBrowserEducationTimestamp=0 appCompatTaskInfo=AppCompatTaskInfo { topActivityInSizeCompat=false isLeafTask= true eligibleForLetterboxEducation= false isLetterboxEducationEnabled= false isLetterboxDoubleTapEnabled= false eligibleForUserAspectRatioButton= false topActivityBoundsLetterboxed= false isFromLetterboxDoubleTap= false topActivityLetterboxVerticalPosition= -1 topActivityLetterboxHorizontalPosition= -1 topActivityLetterboxWidth=-1 topActivityLetterboxHeight=-1 topActivityAppBounds=Rect(0, 0 - 0, 0) isUserFullscreenOverrideEnabled=false isSystemFullscreenOverrideEnabled=false hasMinAspectRatioOverride=false topActivityLetterboxBounds=null topNonResizableActivityAspectRatio=-1.0} topActivityMainWindowFrame=null isAppBubble=false}, pipChange = null, remoteTransitionInfo = null, displayChange = null, requestedLocation = null, userChange = null, windowingLayerChange = null, fullscreenRequestChange = null, flags = 0, debugId = 5044 }
04-15 15:08:46.070  2721  2751 D Bubbles : BubbleData.onLocusVisibilityChanged() locusId=Overview|DISABLED visible=true taskId=1
04-15 15:08:46.072  1588  1773 V WindowManager:     startWCT=WindowContainerTransaction { changes= {} hops= [] flags= 0 errorCallbackToken=null taskFragmentOrganizer=null }
04-15 15:08:46.072  1588  1773 V WindowManager:     info={id=5044 t=CLOSE f=0x0 trk=0 r=[0@Point(0, 0)] c=[
04-15 15:08:46.072  1588  1773 V WindowManager:         {WCT{RemoteToken{11e8c37 Task{48a3002 #1104 type=standard A=10439:com.adamoutler.ssh}}} m=CLOSE f=NONE leash=Surface(name=Task=1104#59236)/@0x67f61f8 sb=Rect(0, 0 - 1080, 2364) eb=Rect(0, 0 - 1080, 2364) epz=Point(1080, 2364) d=0 taskParent=-1 winMode=1 userId=0},
04-15 15:08:46.072  1588  1773 V WindowManager:         {WCT{RemoteToken{7ffebfb Task{1f137be #1 type=home}}} m=TO_FRONT f=SHOW_WALLPAPER leash=Surface(name=Task=1#44)/@0x769a259 sb=Rect(0, 0 - 1080, 2364) eb=Rect(0, 0 - 1080, 2364) epz=Point(1080, 2364) d=0 taskParent=-1 winMode=1 userId=0},
04-15 15:08:46.072  1588  1773 V WindowManager:         {m=TO_FRONT f=IS_WALLPAPER leash=Surface(name=WallpaperWindowToken{a92f921}#60)/@0x968450 sb=Rect(0, 0 - 1080, 2364) eb=Rect(0, 0 - 1080, 2364) epz=Point(1080, 2364) d=0}
04-15 15:08:46.072  1588  1773 V WindowManager:     ]}
04-15 15:08:46.401  2721  2924 V WindowManagerShell: Received remote transition finished callback for (#5044)
04-15 15:08:46.401  2721  2751 V WindowManagerShell: Transition animation finished (aborted=false), notifying core (#5044) android.os.BinderProxy@9fc7576@0
04-15 15:08:46.408  2721  2751 V WindowManagerShell: Track 0 became idle
04-15 15:08:46.408  2721  2751 V WindowManagerShell: All active transition animations finished
04-15 15:08:46.410  1588  1773 V WindowManager: Finish Transition (#5044): created at 04-15 15:08:45.994 collect-started=0.037ms request-sent=0.193ms started=5.746ms ready=52.647ms sent=59.444ms commit=24.68ms finished=412.371ms
04-15 15:08:46.448  1588  5016 D CoreBackPreview: Window{b7923a0 u0 com.adamoutler.ssh/com.adamoutler.ssh.MainActivity}: Setting back callback null
04-15 15:08:46.463  2721  2751 V ShellTaskOrganizer: Task vanished taskId=1104
04-15 15:08:46.464  2721  2751 V ShellTaskOrganizer: Fullscreen Task Vanished: #1104
04-15 15:08:46.464  2721  2751 V ShellDesktopMode: Task Vanished: #1104 closed=true
04-15 15:08:46.464  2721  2751 D ShellDesktopMode: AppToWebRepository: Task 1104 is vanishing. Removing task data from repository
04-15 15:08:46.464  2721  2751 V AppCompat: SingleSurfaceLetterboxController: []
04-15 15:08:46.464  2721  2751 V AppCompat: MultiSurfaceLetterboxController: []
04-15 15:08:46.464  2721  2751 V AppCompat: LetterboxInputController: []
04-15 15:08:46.464  2721  2751 V AppCompat: RoundedCornersLetterboxController: {}
04-15 15:08:46.483  1588  2673 D BackgroundInstallControlService: Package event received: 0
04-15 15:08:46.507  1588  3864 V AccessibilityManagerService: onUserStateChangedLocked for userId: 0, forceUpdate: false
04-15 15:08:46.509  1588  3864 V AccessibilityUserState: updateShortcutTargets: type:accessibility_shortcut_target_service, current:{}, new:{}
04-15 15:08:46.510  1588  3864 V AccessibilityUserState: updateShortcutTargets: type:accessibility_button_targets, current:{}, new:{}
04-15 15:08:46.510  1588  3864 V AccessibilityUserState: updateShortcutTargets: type:accessibility_gesture_targets, current:{}, new:{}
04-15 15:08:46.510  1588  3864 V AccessibilityUserState: updateShortcutTargets: type:accessibility_qs_targets, current:{}, new:{}
04-15 15:08:46.510  1588  3864 V AccessibilityUserState: updateShortcutTargets: type:accessibility_key_gesture_targets, current:{}, new:{}
04-15 15:08:46.510  1588  3864 W MagnificationConnectionManager: requestConnection duplicated request: connect=false, mConnectionState=DISCONNECTED
04-15 15:08:46.510  1588  3864 D AccessibilityManagerService: restoreCurrentUserForTestAutomationIfNeededLocked(): ignoring because device doesn't support visible background users
04-15 15:08:46.513  1588  1882 I ActivityManager: Force stopping com.adamoutler.ssh appid=10439 user=0: finished inst
04-15 15:08:46.515  1588  1882 E ActivityManager: Unable to freeze binder for 19663: -11
04-15 15:08:46.519  1588  1882 I ActivityManager: Killing 19663:com.adamoutler.ssh/u0a439 (adj 0): stop com.adamoutler.ssh due to finished inst
04-15 15:08:46.534  1588  1588 W AccessibilityManagerService:  wait for adding window timeout: 324
04-15 15:08:46.534  1588  1588 D BatterySaverPolicy: accessibility changed to false, updating policy.
04-15 15:08:46.545  1588  1773 D HintManagerService: Uid gone for 10439
04-15 15:08:46.683  1588  5004 V ActivityManager: Got obituary of 19663:com.adamoutler.ssh
04-15 15:08:46.688  1588  1776 W ActivityManager: setHasOverlayUi called on unknown pid: 19663
04-15 15:08:47.561  1588  1801 I ActivityManager: Force stopping com.adamoutler.ssh appid=10439 user=-1: deletePackageX
04-15 15:08:47.569  1588  1875 I AppsFilter: interaction: PackageSetting{6097ace com.google.android.microdroid.empty_payload/10305} -> PackageSetting{abe5b8a com.adamoutler.ssh/10439} BLOCKED
04-15 15:08:47.652   472 12206 I keystore2: system/security/keystore2/src/maintenance.rs:613 - clearNamespace(r#APP, nspace=10439)
04-15 15:08:47.686     0     0 I trusty  : INFO: system/keymint/ta/src/lib.rs:1001 add 64 bytes of entropy
04-15 15:08:47.909  1588  2673 D BackgroundInstallControlService: Package event received: 2
04-15 15:08:47.909  1588  2673 D BackgroundInstallControlService: handlePackageRemove: removing com.adamoutler.ssh from 0
04-15 15:08:47.961  1588  1875 I ActivityManager: Force stopping com.adamoutler.ssh appid=10439 user=0: pkg removed
04-15 15:08:48.021  1588  5020 I MediaSessionStack: removeSession | record: com.google.android.gms/cast_rcn_media_session/4161 (userId=0)
04-15 15:08:48.023  1588  5020 I MediaSessionStack: removeSession | record: com.google.android.gms/cast_rcn_media_session/4162 (userId=0)
04-15 15:08:48.034  1588  4978 I MediaSessionStack: removeSession | record: com.google.android.gms/cast_rcn_media_session/4159 (userId=0)
04-15 15:08:48.044  1588  1875 E TransitionChain: Can't collect into a chain with no transition
04-15 15:08:48.044  1588  1875 E TransitionChain: Can't collect into a chain with no transition
04-15 15:08:48.058  1588  4992 I MediaSessionStack: removeSession | record: com.google.android.gms/cast_rcn_media_session/4164 (userId=0)
04-15 15:08:48.059  1588  2543 V StorageManagerService: Package com.adamoutler.ssh does not have legacy storage
04-15 15:08:48.060  1588  1774 D CoreBackPreview: Window{2fbe8dc u0 android}: Setting back callback null
04-15 15:08:48.096  1588  2596 I CredentialManager: updateProvidersWhenPackageRemoved
04-15 15:08:48.098  1588  4992 I MediaSessionStack: removeSession | record: com.google.android.gms/cast_rcn_media_session/4163 (userId=0)
04-15 15:08:48.105  1588  2614 E AppOps  : attributionTag VCN not declared in manifest of android
04-15 15:08:48.108  1588  2614 E AppOps  : attributionTag VCN not declared in manifest of android
04-15 15:08:48.111  1588  5016 I MediaSessionStack: addSession to bottom of stack | record: com.google.android.gms/cast_rcn_media_session/4165 (userId=0)
04-15 15:08:48.111  1588  2670 D ShortcutService: received package broadcast intent: Intent { act=android.intent.action.PACKAGE_REMOVED dat=package: flg=0x4000010 (has extras) }
04-15 15:08:48.111  1588  2670 D ShortcutService: removing package: com.adamoutler.ssh userId=0
04-15 15:08:48.126 25816 25816 D InsetsController: hide(ime())
04-15 15:08:48.133  1588  2473 I RollbackManager: broadcast=ACTION_PACKAGE_FULLY_REMOVED pkg=com.adamoutler.ssh
04-15 15:08:48.144  1588  2446 I MediaSessionStack: addSession to bottom of stack | record: com.google.android.gms/cast_rcn_media_session/4166 (userId=0)
04-15 15:08:48.146  1588  4847 D HealthConnectTrackerManagerImpl: No packages eligible for step tracking. Aborting initialization.
04-15 15:08:48.146  1588  1801 D ActivityManager: sync unfroze 20038 com.android.chrome for 3
04-15 15:08:48.156  1588  1801 D ActivityManager: sync unfroze 22215 com.android.chrome:sandboxed_process0:org.chromium.content.app.SandboxedProcessService0:219 for 3
04-15 15:08:48.165  1588  1801 D ActivityManager: sync unfroze 9594 com.android.chrome:privileged_process2 for 3
04-15 15:08:48.165  1588  1776 V WindowManager: Unknown focus tokens, dropping reportFocusChanged
04-15 15:08:48.171  1588  1801 D ActivityManager: sync unfroze 11738 org.chromium.webapk.a5a8228c3188a0ef2_v2 for 3
04-15 15:08:48.174  1588  2445 I MediaSessionStack: addSession to bottom of stack | record: com.google.android.gms/cast_rcn_media_session/4167 (userId=0)
04-15 15:08:48.182  1588  1801 D ActivityManager: sync unfroze 28665 com.android.chrome:sandboxed_process0:org.chromium.content.app.SandboxedProcessService0:234 for 3
04-15 15:08:48.183  1588  5016 W PackageConfigPersister: App-specific configuration not found for packageName: com.google.android.apps.nexuslauncher and userId: 0
04-15 15:08:48.197  1588  5020 I MediaSessionStack: addSession to bottom of stack | record: com.google.android.gms/cast_rcn_media_session/4168 (userId=0)
04-15 15:08:48.205  1588  1801 D ActivityManager: sync unfroze 11274 com.google.android.documentsui for 3
04-15 15:08:48.211  1588  5020 W AppOpService: Ignored setUidMode call for runtime permission app op: uid = 1001, code = READ_SMS, mode = allow, callingUid = 1001, oldMode = allow
04-15 15:08:48.220  1588  2542 V AccessibilityUserState: updateShortcutTargets: type:accessibility_shortcut_target_service, current:{}, new:{}
04-15 15:08:48.220  1588  2542 V AccessibilityUserState: updateShortcutTargets: type:accessibility_qs_targets, current:{}, new:{}
04-15 15:08:48.221  1588  2542 V AccessibilityUserState: updateShortcutTargets: type:accessibility_button_targets, current:{}, new:{}
04-15 15:08:48.221  1588  2542 V AccessibilityUserState: updateShortcutTargets: type:accessibility_gesture_targets, current:{}, new:{}
04-15 15:08:48.221  1588  2542 V AccessibilityUserState: updateShortcutTargets: type:accessibility_key_gesture_targets, current:{}, new:{}
04-15 15:08:48.221  1588  2542 V AccessibilityManagerService: onUserStateChangedLocked for userId: 0, forceUpdate: false
04-15 15:08:48.222  1588  5020 I MediaSessionStack: addSession to bottom of stack | record: com.google.android.gms/cast_rcn_media_session/4169 (userId=0)
04-15 15:08:48.222  1588  1801 D ActivityManager: sync unfroze 17348 com.google.android.videos for 3
04-15 15:08:48.223  1588  5016 W AppOpService: Ignored setUidMode call for runtime permission app op: uid = 1001, code = RECEIVE_SMS, mode = allow, callingUid = 1001, oldMode = allow
04-15 15:08:48.225  1588  5020 W AppOpService: Ignored setUidMode call for runtime permission app op: uid = 1001, code = RECEIVE_WAP_PUSH, mode = allow, callingUid = 1001, oldMode = allow
04-15 15:08:48.225  1588  1728 W AppOpService: Ignored setUidMode call for runtime permission app op: uid = 1001, code = SEND_SMS, mode = allow, callingUid = 1001, oldMode = allow
04-15 15:08:48.226  1588  5026 W AppOpService: Ignored setUidMode call for runtime permission app op: uid = 1001, code = READ_CELL_BROADCASTS, mode = allow, callingUid = 1001, oldMode = allow
04-15 15:08:48.228  1588  2542 V AccessibilityUserState: updateShortcutTargets: type:accessibility_shortcut_target_service, current:{}, new:{}
04-15 15:08:48.228  1588  2542 V AccessibilityUserState: updateShortcutTargets: type:accessibility_button_targets, current:{}, new:{}
04-15 15:08:48.228  1588  2542 V AccessibilityUserState: updateShortcutTargets: type:accessibility_gesture_targets, current:{}, new:{}
04-15 15:08:48.228  1588  2542 V AccessibilityUserState: updateShortcutTargets: type:accessibility_qs_targets, current:{}, new:{}
04-15 15:08:48.228  1588  2542 V AccessibilityUserState: updateShortcutTargets: type:accessibility_key_gesture_targets, current:{}, new:{}
04-15 15:08:48.228  1588  2542 W MagnificationConnectionManager: requestConnection duplicated request: connect=false, mConnectionState=DISCONNECTED
04-15 15:08:48.249  1588  3017 I MediaSessionStack: removeSession | record: com.google.android.gms/cast_rcn_media_session/4160 (userId=0)
04-15 15:08:48.272  1588  1875 I AppsFilter: interaction: PackageSetting{6097ace com.google.android.microdroid.empty_payload/10305} -> PackageSetting{e5fd506 com.adamoutler.ssh.test/10440} BLOCKED
04-15 15:08:48.273  1588  3864 I MediaSessionStack: addSession to bottom of stack | record: com.google.android.gms/cast_rcn_media_session/4170 (userId=0)
04-15 15:08:48.276  1588  4992 D ActivityManager: sync unfroze 23076 com.google.android.euicc for 6
04-15 15:08:48.279  1588  1588 D ActivityManager: sync unfroze 3191 com.android.settings for 10
04-15 15:08:48.280  1588  1588 D ActivityManager: sync unfroze 31958 com.google.android.apps.carrier.carrierwifi for 10
04-15 15:08:48.280  1588  1588 D ActivityManager: sync unfroze 32418 com.android.keychain for 10
04-15 15:08:48.282  1588  1588 D ActivityManager: sync unfroze 3874 com.google.android.apps.wellbeing for 10
04-15 15:08:48.284  1588  1588 D ActivityManager: sync unfroze 11653 system:ui for 10
04-15 15:08:48.290  1588  1588 W Looper  : Slow dispatch took 179ms main app=system_server main=true group=FOREGROUND h=android.app.ActivityThread$H c=android.app.LoadedApk$ReceiverDispatcher$Args$$ExternalSyntheticLambda0@250966d m=0
04-15 15:08:48.293  1588  1588 W Looper  : Slow delivery took 202ms main app=system_server main=true group=FOREGROUND h=android.app.ActivityThread$H c=android.app.LoadedApk$ReceiverDispatcher$Args$$ExternalSyntheticLambda0@f7372a2 m=0
04-15 15:08:48.314   472 12206 I keystore2: system/security/keystore2/src/maintenance.rs:613 - clearNamespace(r#APP, nspace=10440)
04-15 15:08:48.368  1588  2673 D BackgroundInstallControlService: Package event received: 2
04-15 15:08:48.368  1588  2673 D BackgroundInstallControlService: handlePackageRemove: removing com.adamoutler.ssh.test from 0
04-15 15:08:48.382  1588  2673 D BackgroundInstallControlService: Package event received: 0
04-15 15:08:48.382  1588  2673 D BackgroundInstallControlService: Package event received: 0
04-15 15:08:48.384  1588  2673 D BackgroundInstallControlService: Package event received: 0
04-15 15:08:48.384  1588  2673 D BackgroundInstallControlService: Package event received: 0
04-15 15:08:48.385  1588  1801 I ActivityManager: Force stopping com.adamoutler.ssh.test appid=10440 user=-1: deletePackageX
04-15 15:08:48.391  1588  1588 I Telecom : CarModeTracker: Package com.adamoutler.ssh is not tracked.: SSH.oR@sCI
04-15 15:08:48.391  1588  1588 I Telecom : InCallController: updateCarModeForConnections: car mode apps: : SSH.oR@sCI
04-15 15:08:48.391  1588  1588 I Telecom : InCallController: update carmode current:UserHandle{0} parent:null: SSH.oR@sCI
04-15 15:08:48.430  1588  1875 I ActivityManager: Force stopping com.adamoutler.ssh.test appid=10440 user=0: pkg removed
04-15 15:08:48.451  1588  9000 I DevicePolicyManager: Found incompatible accounts on any user, not allowing bypassing
04-15 15:08:48.453  1588  9000 I DevicePolicyManager: Found incompatible accounts on any user, not allowing bypassing
04-15 15:08:48.458  1588  2596 I CredentialManager: updateProvidersWhenPackageRemoved
04-15 15:08:48.465  1588  2543 V StorageManagerService: Package com.adamoutler.ssh.test does not have legacy storage
04-15 15:08:48.476  1588  1588 D ActivityManager: sync unfroze 12295 com.google.android.odad for 6
04-15 15:08:48.479  1588  2542 V AccessibilityUserState: updateShortcutTargets: type:accessibility_shortcut_target_service, current:{}, new:{}
04-15 15:08:48.479  1588  2542 V AccessibilityUserState: updateShortcutTargets: type:accessibility_qs_targets, current:{}, new:{}
04-15 15:08:48.479  1588  2542 V AccessibilityUserState: updateShortcutTargets: type:accessibility_button_targets, current:{}, new:{}
04-15 15:08:48.479  1588  2542 V AccessibilityUserState: updateShortcutTargets: type:accessibility_gesture_targets, current:{}, new:{}
04-15 15:08:48.479  1588  2542 V AccessibilityUserState: updateShortcutTargets: type:accessibility_key_gesture_targets, current:{}, new:{}
04-15 15:08:48.480  1588  2542 V AccessibilityManagerService: onUserStateChangedLocked for userId: 0, forceUpdate: false
04-15 15:08:48.480  1588  2542 V AccessibilityUserState: updateShortcutTargets: type:accessibility_shortcut_target_service, current:{}, new:{}
04-15 15:08:48.480  1588  2542 V AccessibilityUserState: updateShortcutTargets: type:accessibility_button_targets, current:{}, new:{}
04-15 15:08:48.480  1588  2542 V AccessibilityUserState: updateShortcutTargets: type:accessibility_gesture_targets, current:{}, new:{}
04-15 15:08:48.480  1588  2542 V AccessibilityUserState: updateShortcutTargets: type:accessibility_qs_targets, current:{}, new:{}
04-15 15:08:48.480  1588  2542 V AccessibilityUserState: updateShortcutTargets: type:accessibility_key_gesture_targets, current:{}, new:{}
04-15 15:08:48.485  1588  2673 D BackgroundInstallControlService: Package event received: 0
04-15 15:08:48.485  1588  2673 D BackgroundInstallControlService: Package event received: 0
04-15 15:08:48.492  1588  2542 W MagnificationConnectionManager: requestConnection duplicated request: connect=false, mConnectionState=DISCONNECTED
04-15 15:08:48.541  1588  1588 I ConditionProviders: Disallowing condition provider com.adamoutler.ssh (userSet: true)
04-15 15:08:48.547  1588 17295 V Configuration: Updating configuration, locales updated from [] to [en_US]
04-15 15:08:48.547  1588 17295 V Configuration: Updating configuration, locales updated from [] to [en_US]
04-15 15:08:48.547  1588 17295 V Configuration: Updating configuration, locales updated from [] to [en_US]
04-15 15:08:48.548  1588 17295 D IntervalStats: Unable to parse usage stats packages: [497, 498]
04-15 15:08:48.548  1588 17295 V Configuration: Updating configuration, locales updated from [] to [en_US]
04-15 15:08:48.548  1588 17295 V Configuration: Updating configuration, locales updated from [] to [en_US]
04-15 15:08:48.549  1588 17295 V Configuration: Updating configuration, locales updated from [] to [en_US]
04-15 15:08:48.549  1588 17295 V Configuration: Updating configuration, locales updated from [] to [en_US]
04-15 15:08:48.549  1588 17295 D IntervalStats: Unable to parse usage stats packages: [500, 502]
04-15 15:08:48.561  1588  1588 I RemoteContentProtectionService: Connection status for: ComponentInfo{com.google.android.odad/com.google.android.apps.miphone.odad.contentprotection.ContentProtectionService} changed to: connected
04-15 15:08:48.562  1588  1588 W Looper  : Drained
04-15 15:08:48.577  1588  1801 D ActivityManager: sync unfroze 12056 com.android.vending for 3
04-15 15:08:48.582  1588  1801 D ActivityManager: sync unfroze 16980 com.android.vending:background for 3
04-15 15:08:48.584  1588  2473 I RollbackManager: broadcast=ACTION_PACKAGE_FULLY_REMOVED pkg=com.adamoutler.ssh.test
04-15 15:08:48.589  1588 17295 V Configuration: Updating configuration, locales updated from [] to [en_US]
04-15 15:08:48.590  1588 17295 V Configuration: Updating configuration, locales updated from [] to [en_US]
04-15 15:08:48.590  1588 17295 V Configuration: Updating configuration, locales updated from [] to [en_US]
04-15 15:08:48.590  1588 17295 D IntervalStats: Unable to parse usage stats packages: [503]
04-15 15:08:48.591  1588 17295 V Configuration: Updating configuration, locales updated from [] to [en_US]
04-15 15:08:48.591  1588 17295 V Configuration: Updating configuration, locales updated from [] to [en_US]
04-15 15:08:48.591  1588 17295 V Configuration: Updating configuration, locales updated from [] to [en_US]
04-15 15:08:48.591  1588 17295 V Configuration: Updating configuration, locales updated from [] to [en_US]
04-15 15:08:48.591  1588 17295 V Configuration: Updating configuration, locales updated from [] to [en_US]
04-15 15:08:48.591  1588 17295 V Configuration: Updating configuration, locales updated from [] to [en_US]
04-15 15:08:48.591  1588 17295 V Configuration: Updating configuration, locales updated from [] to [en_US]
04-15 15:08:48.591  1588 17295 V Configuration: Updating configuration, locales updated from [] to [en_US]
04-15 15:08:48.591  1588 17295 V Configuration: Updating configuration, locales updated from [] to [en_US]
04-15 15:08:48.591  1588 17295 D IntervalStats: Unable to parse usage stats packages: [503, 505]
04-15 15:08:48.592  1588 17295 V Configuration: Updating configuration, locales updated from [] to [en_US]
04-15 15:08:48.592  1588 17295 V Configuration: Updating configuration, locales updated from [] to [en_US]
04-15 15:08:48.592  1588 17295 V Configuration: Updating configuration, locales updated from [] to [en_US]
04-15 15:08:48.592  1588 17295 V Configuration: Updating configuration, locales updated from [] to [en_US]
04-15 15:08:48.592  1588 17295 D IntervalStats: Unable to parse usage stats packages: [505]
04-15 15:08:48.605  1588 17295 V Configuration: Updating configuration, locales updated from [] to [en_US]
04-15 15:08:48.607  1588 17295 V Configuration: Updating configuration, locales updated from [] to [en_US]
04-15 15:08:48.607  1588 17295 V Configuration: Updating configuration, locales updated from [] to [en_US]
04-15 15:08:48.607  1588 17295 V Configuration: Updating configuration, locales updated from [] to [en_US]
04-15 15:08:48.607  1588 17295 V Configuration: Updating configuration, locales updated from [] to [en_US]
04-15 15:08:48.607  1588 17295 V Configuration: Updating configuration, locales updated from [] to [en_US]
04-15 15:08:48.607  1588 17295 D IntervalStats: Unable to parse usage stats packages: [505]
04-15 15:08:48.608  1588 17295 V Configuration: Updating configuration, locales updated from [] to [en_US]
04-15 15:08:48.608  1588 17295 V Configuration: Updating configuration, locales updated from [] to [en_US]
04-15 15:08:48.608  1588 17295 V Configuration: Updating configuration, locales updated from [] to [en_US]
04-15 15:08:48.608  1588 17295 V Configuration: Updating configuration, locales updated from [] to [en_US]
04-15 15:08:48.608  1588 17295 V Configuration: Updating configuration, locales updated from [] to [en_US]
04-15 15:08:48.608  1588 17295 D IntervalStats: Unable to parse usage stats packages: [505]
04-15 15:08:48.619  1588 17295 V Configuration: Updating configuration, locales updated from [] to [en_US]
04-15 15:08:48.622  1588 17295 V Configuration: Updating configuration, locales updated from [] to [en_US]
04-15 15:08:48.622  1588 17295 V Configuration: Updating configuration, locales updated from [] to [en_US]
04-15 15:08:48.622  1588 17295 V Configuration: Updating configuration, locales updated from [] to [en_US]
04-15 15:08:48.622  1588 17295 V Configuration: Updating configuration, locales updated from [] to [en_US]
04-15 15:08:48.622  1588 17295 V Configuration: Updating configuration, locales updated from [] to [en_US]
04-15 15:08:48.623  1588 17295 D IntervalStats: Unable to parse usage stats packages: [505, 510]
04-15 15:08:48.623  1588 17295 V Configuration: Updating configuration, locales updated from [] to [en_US]
04-15 15:08:48.623  1588 17295 V Configuration: Updating configuration, locales updated from [] to [en_US]
04-15 15:08:48.623  1588 17295 V Configuration: Updating configuration, locales updated from [] to [en_US]
04-15 15:08:48.623  1588 17295 V Configuration: Updating configuration, locales updated from [] to [en_US]
04-15 15:08:48.623  1588 17295 V Configuration: Updating configuration, locales updated from [] to [en_US]
04-15 15:08:48.623  1588 17295 D IntervalStats: Unable to parse usage stats packages: [505]
04-15 15:08:48.627  1588  1588 I Telecom : CarModeTracker: Package com.adamoutler.ssh.test is not tracked.: SSH.oR@sCU
04-15 15:08:48.627  1588  1588 I Telecom : InCallController: updateCarModeForConnections: car mode apps: : SSH.oR@sCU
04-15 15:08:48.627  1588  1588 I Telecom : InCallController: update carmode current:UserHandle{0} parent:null: SSH.oR@sCU
04-15 15:08:48.645  1588  5326 W AppOpService: Ignored setUidMode call for runtime permission app op: uid = 1001, code = READ_SMS, mode = allow, callingUid = 1001, oldMode = allow
04-15 15:08:48.646  1588  1588 I ConditionProviders: Disallowing condition provider com.adamoutler.ssh.test (userSet: true)
04-15 15:08:48.654  1588  2670 D ShortcutService: received package broadcast intent: Intent { act=android.intent.action.PACKAGE_REMOVED dat=package: flg=0x4000010 (has extras) }
04-15 15:08:48.655  1588  2670 D ShortcutService: removing package: com.adamoutler.ssh.test userId=0
04-15 15:08:48.655  1588  4847 D HealthConnectTrackerManagerImpl: No packages eligible for step tracking. Aborting initialization.
04-15 15:08:48.657  1588  5326 W AppOpService: Ignored setUidMode call for runtime permission app op: uid = 1001, code = RECEIVE_SMS, mode = allow, callingUid = 1001, oldMode = allow
04-15 15:08:48.657  1588  3864 W AppOpService: Ignored setUidMode call for runtime permission app op: uid = 1001, code = RECEIVE_WAP_PUSH, mode = allow, callingUid = 1001, oldMode = allow
04-15 15:08:48.660  1588  3864 W AppOpService: Ignored setUidMode call for runtime permission app op: uid = 1001, code = SEND_SMS, mode = allow, callingUid = 1001, oldMode = allow
04-15 15:08:48.661  1588  5020 W AppOpService: Ignored setUidMode call for runtime permission app op: uid = 1001, code = READ_CELL_BROADCASTS, mode = allow, callingUid = 1001, oldMode = allow
04-15 15:08:48.665  1588  2673 D BackgroundInstallControlService: Package event received: 0
04-15 15:08:48.673  1588  1801 D ActivityManager: sync unfroze 11383 com.oasisfeng.island for 3
04-15 15:08:48.697  1588  2673 D BackgroundInstallControlService: Package event received: 0
04-15 15:08:48.763  1588  3864 V Configuration: Updating configuration, locales updated from [] to [en_US]
04-15 15:08:48.763  1588  3864 V Configuration: Updating configuration, locales updated from [] to [en_US]
04-15 15:08:48.764  1588  3864 V Configuration: Updating configuration, locales updated from [] to [en_US]
04-15 15:08:48.764  1588  3864 V Configuration: Updating configuration, locales updated from [] to [en]
04-15 15:08:48.764  1588  3864 V Configuration: Updating configuration, locales updated from [] to [en_US]
04-15 15:08:48.764  1588  3864 V Configuration: Updating configuration, locales updated from [] to [en]
04-15 15:08:48.764  1588  3864 V Configuration: Updating configuration, locales updated from [] to [en_US]
04-15 15:08:48.764  1588  3864 V Configuration: Updating configuration, locales updated from [] to [en_US]
04-15 15:08:48.764  1588  3864 V Configuration: Updating configuration, locales updated from [] to [en_US]
04-15 15:08:48.764  1588  3864 D IntervalStats: Unable to parse usage stats packages: [30, 242, 273, 339, 345, 362, 365, 366, 369, 371, 391, 400, 401, 406, 411, 425, 431, 434, 435, 437, 438, 439, 440, 441, 442, 443, 456, 458, 459, 460, 461, 462]
04-15 15:08:48.800  1588 20030 V Configuration: Updating configuration, locales updated from [] to [en_US]
04-15 15:08:48.800  1588 20030 V Configuration: Updating configuration, locales updated from [] to [en_US]
04-15 15:08:48.800  1588 20030 V Configuration: Updating configuration, locales updated from [] to [en_US]
04-15 15:08:48.810  1588 20030 D IntervalStats: Unable to parse usage stats packages: [497, 498]
04-15 15:08:48.811  1588 20030 V Configuration: Updating configuration, locales updated from [] to [en_US]
04-15 15:08:48.811  1588 20030 V Configuration: Updating configuration, locales updated from [] to [en_US]
04-15 15:08:48.811  1588 20030 V Configuration: Updating configuration, locales updated from [] to [en_US]
04-15 15:08:48.811  1588 20030 V Configuration: Updating configuration, locales updated from [] to [en_US]
04-15 15:08:48.811  1588 20030 D IntervalStats: Unable to parse usage stats packages: [500, 502]
04-15 15:08:48.812  1588 20030 V Configuration: Updating configuration, locales updated from [] to [en_US]
04-15 15:08:48.812  1588 20030 V Configuration: Updating configuration, locales updated from [] to [en_US]
04-15 15:08:48.812  1588 20030 V Configuration: Updating configuration, locales updated from [] to [en_US]
04-15 15:08:48.812  1588 20030 D IntervalStats: Unable to parse usage stats packages: [503]
04-15 15:08:48.816  1588 20030 V Configuration: Updating configuration, locales updated from [] to [en_US]
04-15 15:08:48.816  1588 20030 V Configuration: Updating configuration, locales updated from [] to [en_US]
04-15 15:08:48.816  1588 20030 V Configuration: Updating configuration, locales updated from [] to [en_US]
04-15 15:08:48.816  1588 20030 V Configuration: Updating configuration, locales updated from [] to [en_US]
04-15 15:08:48.816  1588 20030 V Configuration: Updating configuration, locales updated from [] to [en_US]
04-15 15:08:48.816  1588 20030 V Configuration: Updating configuration, locales updated from [] to [en_US]
04-15 15:08:48.816  1588 20030 V Configuration: Updating configuration, locales updated from [] to [en_US]
04-15 15:08:48.816  1588 20030 V Configuration: Updating configuration, locales updated from [] to [en_US]
04-15 15:08:48.816  1588 20030 V Configuration: Updating configuration, locales updated from [] to [en_US]
04-15 15:08:48.817  1588 20030 D IntervalStats: Unable to parse usage stats packages: [503, 505]
04-15 15:08:48.817  1588 20030 V Configuration: Updating configuration, locales updated from [] to [en_US]
04-15 15:08:48.817  1588 20030 V Configuration: Updating configuration, locales updated from [] to [en_US]
04-15 15:08:48.817  1588 20030 V Configuration: Updating configuration, locales updated from [] to [en_US]
04-15 15:08:48.817  1588 20030 V Configuration: Updating configuration, locales updated from [] to [en_US]
04-15 15:08:48.817  1588 20030 D IntervalStats: Unable to parse usage stats packages: [505]
04-15 15:08:48.818  1588 20030 V Configuration: Updating configuration, locales updated from [] to [en_US]
04-15 15:08:48.818  1588 20030 V Configuration: Updating configuration, locales updated from [] to [en_US]
04-15 15:08:48.818  1588 20030 V Configuration: Updating configuration, locales updated from [] to [en_US]
04-15 15:08:48.818  1588 20030 V Configuration: Updating configuration, locales updated from [] to [en_US]
04-15 15:08:48.818  1588 20030 V Configuration: Updating configuration, locales updated from [] to [en_US]
04-15 15:08:48.818  1588 20030 V Configuration: Updating configuration, locales updated from [] to [en_US]
04-15 15:08:48.818  1588 20030 D IntervalStats: Unable to parse usage stats packages: [505]
04-15 15:08:48.821  1588 20030 V Configuration: Updating configuration, locales updated from [] to [en_US]
04-15 15:08:48.822  1588 20030 V Configuration: Updating configuration, locales updated from [] to [en_US]
04-15 15:08:48.822  1588 20030 V Configuration: Updating configuration, locales updated from [] to [en_US]
04-15 15:08:48.822  1588 20030 V Configuration: Updating configuration, locales updated from [] to [en_US]
04-15 15:08:48.822  1588 20030 V Configuration: Updating configuration, locales updated from [] to [en_US]
04-15 15:08:48.822  1588 20030 D IntervalStats: Unable to parse usage stats packages: [505]
04-15 15:08:48.822  1588  1797 D LauncherAppsService: onPackageRemoved: triggering onPackageRemoved for user=UserHandle{0}, packageName=com.adamoutler.ssh
04-15 15:08:48.823  1588 20030 V Configuration: Updating configuration, locales updated from [] to [en_US]
04-15 15:08:48.823  1588 20030 V Configuration: Updating configuration, locales updated from [] to [en_US]
04-15 15:08:48.823  1588 20030 V Configuration: Updating configuration, locales updated from [] to [en_US]
04-15 15:08:48.823  1588 20030 V Configuration: Updating configuration, locales updated from [] to [en_US]
04-15 15:08:48.823  1588  1797 D LauncherAppsService: onPackageRemoved: triggering onPackageRemoved for user=UserHandle{0}, packageName=com.adamoutler.ssh
04-15 15:08:48.823  1588  1797 D LauncherAppsService: onPackageRemoved: triggering onPackageRemoved for user=UserHandle{0}, packageName=com.adamoutler.ssh
04-15 15:08:48.824  2721  2751 D Bubbles : BubbleData.removeBubblesWithPackageName() package=com.adamoutler.ssh
04-15 15:08:48.828  1588 20030 V Configuration: Updating configuration, locales updated from [] to [en_US]
04-15 15:08:48.829  1588 20030 V Configuration: Updating configuration, locales updated from [] to [en_US]
04-15 15:08:48.831  1588 20030 D IntervalStats: Unable to parse usage stats packages: [505, 510]
04-15 15:08:48.833  1588 20030 V Configuration: Updating configuration, locales updated from [] to [en_US]
04-15 15:08:48.836  1588 20030 V Configuration: Updating configuration, locales updated from [] to [en_US]
04-15 15:08:48.836  1588 20030 V Configuration: Updating configuration, locales updated from [] to [en_US]
04-15 15:08:48.836  1588 20030 V Configuration: Updating configuration, locales updated from [] to [en_US]
04-15 15:08:48.836  1588 20030 V Configuration: Updating configuration, locales updated from [] to [en_US]
04-15 15:08:48.838  1588 20030 D IntervalStats: Unable to parse usage stats packages: [505]
04-15 15:08:48.864  1588  1588 W Looper  : Slow dispatch took 132ms main app=system_server main=true group=FOREGROUND h=android.os.Handler c=null m=1
04-15 15:08:48.866  1588  5014 V Configuration: Updating configuration, locales updated from [] to [en_US]
04-15 15:08:48.866  1588  5014 V Configuration: Updating configuration, locales updated from [] to [en_US]
04-15 15:08:48.866  1588  5014 V Configuration: Updating configuration, locales updated from [] to [en_US]
04-15 15:08:48.866  1588  5014 V Configuration: Updating configuration, locales updated from [] to [en]
04-15 15:08:48.866  1588  5014 V Configuration: Updating configuration, locales updated from [] to [en_US]
04-15 15:08:48.870  1588  5014 V Configuration: Updating configuration, locales updated from [] to [en]
04-15 15:08:48.870  1588  5014 V Configuration: Updating configuration, locales updated from [] to [en_US]
04-15 15:08:48.870  1588  5014 V Configuration: Updating configuration, locales updated from [] to [en_US]
04-15 15:08:48.871  1588  5014 V Configuration: Updating configuration, locales updated from [] to [en_US]
04-15 15:08:48.871  1588  5014 D IntervalStats: Unable to parse usage stats packages: [30, 242, 273, 339, 345, 362, 365, 366, 369, 371, 391, 400, 401, 406, 411, 425, 431, 434, 435, 437, 438, 439, 440, 441, 442, 443, 456, 458, 459, 460, 461, 462]
04-15 15:08:48.892  1588  2446 I ActivityManager: Background started FGS: Allowed [callingPackage: com.google.android.odad; callingUid: 10187; uidState: IMPF; uidBFSL: n/a; intent: Intent { xflg=0x4 cmp=com.google.android.odad/com.google.android.apps.miphone.odad.backgroundwork.impl.WorkService (has extras) }; code:BACKGROUND_ACTIVITY_PERMISSION; tempAllowListReason:<null>; allowWiu:58; targetSdkVersion:36; callerTargetSdkVersion:36; startForegroundCount:0; bindFromPackage:null: isBindService:false]
04-15 15:08:48.897  1588  2673 D BackgroundInstallControlService: Package event received: 0
04-15 15:08:48.897  1588  2673 D BackgroundInstallControlService: Package event received: 0
04-15 15:08:48.924  2721  8360 D PowerUI : can't show warning due to - plugged: true status unknown: false
04-15 15:08:48.939  1588 17295 V Configuration: Updating configuration, locales updated from [] to [en_US]
04-15 15:08:48.939  1588 17295 V Configuration: Updating configuration, locales updated from [] to [en_US]
04-15 15:08:48.939  1588 17295 V Configuration: Updating configuration, locales updated from [] to [en_US]
04-15 15:08:48.939  1588 17295 D IntervalStats: Unable to parse usage stats packages: [497, 498]
04-15 15:08:48.940  1588 17295 V Configuration: Updating configuration, locales updated from [] to [en_US]
04-15 15:08:48.940  1588 17295 V Configuration: Updating configuration, locales updated from [] to [en_US]
04-15 15:08:48.940  1588 17295 V Configuration: Updating configuration, locales updated from [] to [en_US]
04-15 15:08:48.940  1588 17295 V Configuration: Updating configuration, locales updated from [] to [en_US]
04-15 15:08:48.940  1588 17295 D IntervalStats: Unable to parse usage stats packages: [500, 502]
04-15 15:08:48.941  1588 17295 V Configuration: Updating configuration, locales updated from [] to [en_US]
04-15 15:08:48.941  1588 17295 V Configuration: Updating configuration, locales updated from [] to [en_US]
04-15 15:08:48.941  1588 17295 V Configuration: Updating configuration, locales updated from [] to [en_US]
04-15 15:08:48.944  1588  5004 W ForegroundServiceTypeLoggerModule: Foreground service start for UID: 10187 does not have any types
04-15 15:08:48.953  1588 17295 D IntervalStats: Unable to parse usage stats packages: [503]
04-15 15:08:48.954  1588 17295 V Configuration: Updating configuration, locales updated from [] to [en_US]
04-15 15:08:48.954  1588 17295 V Configuration: Updating configuration, locales updated from [] to [en_US]
04-15 15:08:48.954  1588 17295 V Configuration: Updating configuration, locales updated from [] to [en_US]
04-15 15:08:48.954  1588 17295 V Configuration: Updating configuration, locales updated from [] to [en_US]
04-15 15:08:48.954  1588 17295 V Configuration: Updating configuration, locales updated from [] to [en_US]
04-15 15:08:48.954  1588 17295 V Configuration: Updating configuration, locales updated from [] to [en_US]
04-15 15:08:48.954  1588 17295 V Configuration: Updating configuration, locales updated from [] to [en_US]
04-15 15:08:48.954  1588 17295 V Configuration: Updating configuration, locales updated from [] to [en_US]
04-15 15:08:48.954  1588 17295 V Configuration: Updating configuration, locales updated from [] to [en_US]
04-15 15:08:48.954  1588 17295 D IntervalStats: Unable to parse usage stats packages: [503, 505]
04-15 15:08:48.955  1588 17295 V Configuration: Updating configuration, locales updated from [] to [en_US]
04-15 15:08:48.955  1588 17295 V Configuration: Updating configuration, locales updated from [] to [en_US]
04-15 15:08:48.955  1588 17295 V Configuration: Updating configuration, locales updated from [] to [en_US]
04-15 15:08:48.955  1588 17295 V Configuration: Updating configuration, locales updated from [] to [en_US]
04-15 15:08:48.955  1588 17295 D IntervalStats: Unable to parse usage stats packages: [505]
04-15 15:08:48.955  1588 17295 V Configuration: Updating configuration, locales updated from [] to [en_US]
04-15 15:08:48.955  1588 17295 V Configuration: Updating configuration, locales updated from [] to [en_US]
04-15 15:08:48.955  1588 17295 V Configuration: Updating configuration, locales updated from [] to [en_US]
04-15 15:08:48.955  1588 17295 V Configuration: Updating configuration, locales updated from [] to [en_US]
04-15 15:08:48.955  1588 17295 V Configuration: Updating configuration, locales updated from [] to [en_US]
04-15 15:08:48.956  1588 17295 V Configuration: Updating configuration, locales updated from [] to [en_US]
04-15 15:08:48.959  1588 17295 D IntervalStats: Unable to parse usage stats packages: [505]
04-15 15:08:48.959  1588 17295 V Configuration: Updating configuration, locales updated from [] to [en_US]
04-15 15:08:48.959  1588 17295 V Configuration: Updating configuration, locales updated from [] to [en_US]
04-15 15:08:48.959  1588 17295 V Configuration: Updating configuration, locales updated from [] to [en_US]
04-15 15:08:48.959  1588 17295 V Configuration: Updating configuration, locales updated from [] to [en_US]
04-15 15:08:48.960  1588 17295 V Configuration: Updating configuration, locales updated from [] to [en_US]
04-15 15:08:48.960  1588 17295 D IntervalStats: Unable to parse usage stats packages: [505]
04-15 15:08:48.960  1588 17295 V Configuration: Updating configuration, locales updated from [] to [en_US]
04-15 15:08:48.960  1588 17295 V Configuration: Updating configuration, locales updated from [] to [en_US]
04-15 15:08:48.960  1588 17295 V Configuration: Updating configuration, locales updated from [] to [en_US]
04-15 15:08:48.960  1588 17295 V Configuration: Updating configuration, locales updated from [] to [en_US]
04-15 15:08:48.960  1588 17295 V Configuration: Updating configuration, locales updated from [] to [en_US]
04-15 15:08:48.960  1588 17295 V Configuration: Updating configuration, locales updated from [] to [en_US]
04-15 15:08:48.961  1588 17295 D IntervalStats: Unable to parse usage stats packages: [505, 510]
04-15 15:08:48.961  1588 17295 V Configuration: Updating configuration, locales updated from [] to [en_US]
04-15 15:08:48.961  1588 17295 V Configuration: Updating configuration, locales updated from [] to [en_US]
04-15 15:08:48.961  1588 17295 V Configuration: Updating configuration, locales updated from [] to [en_US]
04-15 15:08:48.961  1588 17295 V Configuration: Updating configuration, locales updated from [] to [en_US]
04-15 15:08:48.961  1588 17295 V Configuration: Updating configuration, locales updated from [] to [en_US]
04-15 15:08:48.962  1588 17295 D IntervalStats: Unable to parse usage stats packages: [505]
04-15 15:08:48.982  1588  2673 D BackgroundInstallControlService: Package event received: 0
04-15 15:08:48.993  3789  3807 I VirtualizationService: virtualizationservice::aidl: packageRemoved(user_id=0, app_id=10439)
04-15 15:08:48.993  3789  3807 I VirtualizationService: virtualizationservice::maintenance: delete_ids_for_app(user_id=0, app_id=10439) removes 0 secrets
04-15 15:08:49.011  1588  1797 D LauncherAppsService: onPackageRemoved: triggering onPackageRemoved for user=UserHandle{0}, packageName=com.adamoutler.ssh.test
04-15 15:08:49.011  1588  1797 D LauncherAppsService: onPackageRemoved: triggering onPackageRemoved for user=UserHandle{0}, packageName=com.adamoutler.ssh.test
04-15 15:08:49.012  1588  1797 D LauncherAppsService: onPackageRemoved: triggering onPackageRemoved for user=UserHandle{0}, packageName=com.adamoutler.ssh.test
04-15 15:08:49.012  2721  2751 D Bubbles : BubbleData.removeBubblesWithPackageName() package=com.adamoutler.ssh.test
04-15 15:08:49.013  1588  1588 I RemoteContentProtectionService: Connection status for: ComponentInfo{com.google.android.odad/com.google.android.apps.miphone.odad.contentprotection.ContentProtectionService} changed to: connected
04-15 15:08:49.029  1588  5014 V Configuration: Updating configuration, locales updated from [] to [en_US]
04-15 15:08:49.029  1588  5014 V Configuration: Updating configuration, locales updated from [] to [en_US]
04-15 15:08:49.029  1588  5014 V Configuration: Updating configuration, locales updated from [] to [en_US]
04-15 15:08:49.029  1588  5014 V Configuration: Updating configuration, locales updated from [] to [en]
04-15 15:08:49.029  1588  5014 V Configuration: Updating configuration, locales updated from [] to [en_US]
04-15 15:08:49.029  1588  5014 V Configuration: Updating configuration, locales updated from [] to [en]
04-15 15:08:49.029  1588  5014 V Configuration: Updating configuration, locales updated from [] to [en_US]
04-15 15:08:49.029  1588  5014 V Configuration: Updating configuration, locales updated from [] to [en_US]
04-15 15:08:49.029  1588  5014 V Configuration: Updating configuration, locales updated from [] to [en_US]
04-15 15:08:49.029  1588  5014 D IntervalStats: Unable to parse usage stats packages: [30, 242, 273, 339, 345, 362, 365, 366, 369, 371, 391, 400, 401, 406, 411, 425, 431, 434, 435, 437, 438, 439, 440, 441, 442, 443, 456, 458, 459, 460, 461, 462]
04-15 15:08:49.041  1588  1801 D ActivityManager: sync unfroze 10711 com.google.android.apps.nbu.files for 3
04-15 15:08:49.052 12056 12056 W NotificationManager: Shedding cancel (dupe) of NotificationKey[user=UserHandle{0}, pkg=com.android.vending, tag=null, id=1549933114], rate limit (5.0) exceeded: input 10.017039, output would be 7.0204415
04-15 15:08:49.063  1588  2673 D BackgroundInstallControlService: Package event received: 0
04-15 15:08:49.075  1588  1776 I DisplayDeviceRepository: Display device changed render timings: "Outer Display", renderFrameRate=60.000004, presentationDeadlineNanos=11500000, appVsyncOffsetNanos=6233332, frameRateOverrides=[]
04-15 15:08:49.076  1588  2673 D BackgroundInstallControlService: Package event received: 0
04-15 15:08:49.078  1588  1774 D WindowManager: DeferredDisplayUpdater: partially applying DisplayInfo(1080 x 2364) immediately
04-15 15:08:49.117  1588  1882 E AppOps  : attributionTag VCN not declared in manifest of android
04-15 15:08:49.125  3789  3807 I VirtualizationService: virtualizationservice::aidl: packageRemoved(user_id=0, app_id=10440)
04-15 15:08:49.126  3789  3807 I VirtualizationService: virtualizationservice::maintenance: delete_ids_for_app(user_id=0, app_id=10440) removes 0 secrets
04-15 15:08:49.133  1588  3017 V Configuration: Updating configuration, locales updated from [] to [en_US]
04-15 15:08:49.133  1588  3017 V Configuration: Updating configuration, locales updated from [] to [en_US]
04-15 15:08:49.133  1588  3017 V Configuration: Updating configuration, locales updated from [] to [en_US]
04-15 15:08:49.133  1588  3017 V Configuration: Updating configuration, locales updated from [] to [en]
04-15 15:08:49.133  1588  3017 V Configuration: Updating configuration, locales updated from [] to [en_US]
04-15 15:08:49.133  1588  3017 V Configuration: Updating configuration, locales updated from [] to [en]
04-15 15:08:49.134  1588  3017 V Configuration: Updating configuration, locales updated from [] to [en_US]
04-15 15:08:49.134  1588  3017 V Configuration: Updating configuration, locales updated from [] to [en_US]
04-15 15:08:49.141  1588  3017 V Configuration: Updating configuration, locales updated from [] to [en_US]
04-15 15:08:49.142  1588  3017 D IntervalStats: Unable to parse usage stats packages: [30, 242, 273, 339, 345, 362, 365, 366, 369, 371, 391, 400, 401, 406, 411, 425, 431, 434, 435, 437, 438, 439, 440, 441, 442, 443, 456, 458, 459, 460, 461, 462]
04-15 15:08:49.180  1588  1728 W JobScheduler: Job didn't exist in JobStore: 49c8cc8 {androidx.work.systemjobscheduler} #u0a171/114 #ProvisioningWorker#@androidx.work.systemjobscheduler@com.google.android.apps.carrier.carrierwifi/androidx.work.impl.background.systemjob.SystemJobService
04-15 15:08:49.201  1588  1801 D ActivityManager: sync unfroze 3225 com.google.android.permissioncontroller for 3
04-15 15:08:49.234  1588  2673 D BackgroundInstallControlService: Package event received: 0
04-15 15:08:49.235  1588  1588 V NotificationHistory: Attempted to add notif for locked/gone/disabled user 0
04-15 15:08:49.254  1588  3366 I MediaSessionStack: removeSession | record: com.google.android.gms/cast_rcn_media_session/4170 (userId=0)
04-15 15:08:49.258  1588  1801 D ActivityManager: sync unfroze 7912 com.google.android.rkpdapp for 3
04-15 15:08:49.258  1588  2673 D BackgroundInstallControlService: Package event received: 0
04-15 15:08:49.268  1588  5026 W ForegroundServiceTypeLoggerModule: FGS stop call for: 10187 has no types!
04-15 15:08:49.273  1588  2673 D BackgroundInstallControlService: Package event received: 0
04-15 15:08:49.280  1588  2673 D BackgroundInstallControlService: Package event received: 0
04-15 15:08:49.288  1588  4978 I MediaSessionStack: addSession to bottom of stack | record: com.google.android.gms/cast_rcn_media_session/4171 (userId=0)
04-15 15:08:49.297  1588  1801 D ActivityManager: sync unfroze 11334 com.microsoft.familysafety for 3
