04-15 15:10:18.853  1588  2702 W FileUtils: 	at android.os.Handler.dispatchMessage(Handler.java:125)
04-15 15:10:18.853  1588  2702 W FileUtils: 	at android.os.Looper.loopOnce(Looper.java:269)
04-15 15:10:18.853  1588  2702 W FileUtils: 	at android.os.Looper.loop(Looper.java:367)
04-15 15:10:18.853  1588  2702 W FileUtils: 	at android.os.HandlerThread.run(HandlerThread.java:139)
04-15 15:10:18.853  1588  2702 W FileUtils: 	at com.android.server.ServiceThread.run(ServiceThread.java:46)
04-15 15:10:19.247  1588  2505 D ActivityManager: freezing 11383 com.oasisfeng.island
04-15 15:10:19.316  1588  2761 D ActivityManager: sync unfroze 12140 com.google.android.apps.pixel.dcservice for 6
04-15 15:10:19.322  1588  2673 D BackgroundInstallControlService: Package event received: 0
04-15 15:10:19.336  1588  2505 D ActivityManager: freezing 10711 com.google.android.apps.nbu.files
04-15 15:10:19.389  1588  2673 D BackgroundInstallControlService: Package event received: 0
04-15 15:10:19.408  1588  2673 D BackgroundInstallControlService: Package event received: 0
04-15 15:10:19.531   472 20187 I keystore2: system/security/keystore2/watchdog/src/lib.rs:371 - Watchdog thread idle -> terminating. Have a great day.
04-15 15:10:19.648  1588  2505 D ActivityManager: freezing 7912 com.google.android.rkpdapp
04-15 15:10:19.664  1588  2505 D ActivityManager: freezing 11334 com.microsoft.familysafety
04-15 15:10:19.698  1588  2505 D ActivityManager: freezing 11396 android.process.media
04-15 15:10:19.706  1588  2505 D ActivityManager: freezing 20038 com.android.chrome
04-15 15:10:19.724  1588  2505 D ActivityManager: freezing 22215 com.android.chrome:sandboxed_process0:org.chromium.content.app.SandboxedProcessService0:219
04-15 15:10:19.732  1588  2505 D ActivityManager: freezing 28665 com.android.chrome:sandboxed_process0:org.chromium.content.app.SandboxedProcessService0:234
04-15 15:10:19.740  1588  2505 D ActivityManager: freezing 11738 org.chromium.webapk.a5a8228c3188a0ef2_v2
04-15 15:10:19.746  1588  2505 D ActivityManager: freezing 9594 com.android.chrome:privileged_process2
04-15 15:10:19.754  1588  2505 D ActivityManager: freezing 11274 com.google.android.documentsui
04-15 15:10:19.762  1588  2505 D ActivityManager: freezing 17348 com.google.android.videos
04-15 15:10:19.772  1588  2505 D ActivityManager: freezing 12056 com.android.vending
04-15 15:10:19.784  1588  2505 D ActivityManager: freezing 16980 com.android.vending:background
04-15 15:10:19.967  1588  2505 D ActivityManager: freezing 3225 com.google.android.permissioncontroller
04-15 15:10:22.250  1588  2505 D ActivityManager: freezing 12295 com.google.android.odad
04-15 15:10:24.811  1588  1838 V DisplayPowerController[0]: Brightness [0.041824676] reason changing to: 'automatic [ dim ]', previous reason: 'automatic'.
04-15 15:10:24.812  1588  1838 I DisplayPowerController[0]: BrightnessEvent: brt=0.041824676(62.0%), nits=86.32509, lux=111.07146, reason=automatic [ dim ], strat=AutomaticBrightnessStrategy, state=ON, stateReason=KEY, policy=DIM, flags=, initBrt=0.081824675, rcmdBrt=0.081824675, preBrt=NaN, preLux=NaN, lastReadLux=109.53743, wasShortTermModelActive=false, autoBrightness=true (default), unclampedBrt=0.081824675, hbmMax=0.29350588, hbmMode=off, thrmMax=1.0, rbcStrength=0, powerFactor=1.0, physDisp=Outer Display(local:4619827677550801153), logicalId=0, slowChange=false, rampSpeed=0.7047244
04-15 15:10:24.815  1588  1838 I DisplayPowerController[1]: BrightnessEvent: brt=0.0(0.0%), nits=1.0, lux=-1.0, reason=screen_off [ throttled lux_lower_bound ], strat=ScreenOffBrightnessStrategy, state=OFF, stateReason=KEY, policy=DIM, flags=, initBrt=0.0, rcmdBrt=NaN, preBrt=NaN, preLux=0.0, wasShortTermModelActive=false, autoBrightness=true (default), unclampedBrt=-1.0, hbmMax=0.68, hbmMode=off, thrmMax=1.0, rbcStrength=-1, powerFactor=1.0, physDisp=Inner Display(local:4619827677550801152), logicalId=1, slowChange=false, rampSpeed=0.0
04-15 15:10:35.342  1588  2505 D ActivityManager: freezing 9087 com.google.android.gms
04-15 15:10:39.906  1588  2505 D ActivityManager: freezing 12140 com.google.android.apps.pixel.dcservice
04-15 15:10:44.352  1588  1813 D KernelCpuUidUserSysTimeReader: Removing uids 10433-10433
04-15 15:10:44.354  1588  1813 D KernelCpuUidUserSysTimeReader: Removing uids 10434-10434
04-15 15:10:48.060  1588  2673 D BackgroundInstallControlService: Package event received: 0
04-15 15:10:48.798  2721  3254 D PowerUI : can't show warning due to - plugged: true status unknown: false
04-15 15:10:49.090  1588  2505 D ActivityManager: freezing 3191 com.android.settings
04-15 15:10:49.108  1588  2505 D ActivityManager: freezing 31958 com.google.android.apps.carrier.carrierwifi
04-15 15:10:49.117  1588  2505 D ActivityManager: freezing 3874 com.google.android.apps.wellbeing
04-15 15:10:49.125  1588  2505 D ActivityManager: freezing 32418 com.android.keychain
04-15 15:10:49.129  1588  2505 D ActivityManager: freezing 11653 system:ui
04-15 15:10:49.177  3721  3871 I virtmgr : virtualizationmanager::crosvm: Log(2048): AppSearchIcing: icing-search-engine.cc:2486: Persisting data to disk with mode 3
04-15 15:10:49.216  3721  3871 I virtmgr : virtualizationmanager::crosvm: Log(2048): AppSearchIcing: icing-search-engine.cc:2501: PersistToDisk completed.
04-15 15:11:00.058  1588  1776 I DisplayDeviceRepository: Display device changed render timings: "Outer Display", renderFrameRate=120.00001, presentationDeadlineNanos=11500000, appVsyncOffsetNanos=6233332, frameRateOverrides=[]
04-15 15:11:00.060  1588  1774 D WindowManager: DeferredDisplayUpdater: partially applying DisplayInfo(1080 x 2364) immediately
04-15 15:11:09.938  1588  2673 D BackgroundInstallControlService: Package event received: 0
04-15 15:11:19.427  1588  2505 D ActivityManager: freezing 23076 com.google.android.euicc
04-15 15:11:21.012  1588  2673 D BackgroundInstallControlService: Package event received: 0
04-15 15:11:23.853  1588  2673 D BackgroundInstallControlService: Package event received: 0
04-15 15:11:28.042  1588  2673 D BackgroundInstallControlService: Package event received: 0
04-15 15:11:30.669  1588  2468 I UsageStatsService: User[0] Flushing usage stats to disk
04-15 15:11:30.855  1588  2673 D BackgroundInstallControlService: Package event received: 0
04-15 15:11:37.816  1588  2673 D BackgroundInstallControlService: Package event received: 0
04-15 15:11:41.186  1588  1776 I DisplayDeviceRepository: Display device changed render timings: "Outer Display", renderFrameRate=60.000004, presentationDeadlineNanos=11500000, appVsyncOffsetNanos=6233332, frameRateOverrides=[]
04-15 15:11:41.189  1588  1774 D WindowManager: DeferredDisplayUpdater: partially applying DisplayInfo(1080 x 2364) immediately
04-15 15:11:41.831  1588  2505 D ActivityManager: freezing 8951 com.google.android.apps.pixel.psi
04-15 15:11:42.561  1588  2673 D BackgroundInstallControlService: Package event received: 0
04-15 15:11:45.727  1588  3365 D ActivityManager: sync unfroze 9087 com.google.android.gms for 4
04-15 15:11:45.740  1588  3864 W ProcessStats: Tracking association SourceState{114e71f com.google.android.gms.persistent/10174 BFgs #1389398} whose proc state 4 is better than process ProcessState{c7aeacc com.google.android.gms/10174 pkg=com.google.android.gms} proc state 14 (3 skipped)
04-15 15:11:45.749  1588  2673 D BackgroundInstallControlService: Package event received: 0
04-15 15:11:45.772  1588  2673 D BackgroundInstallControlService: Package event received: 0
04-15 15:11:47.692  1588  2673 D BackgroundInstallControlService: Package event received: 0
04-15 15:11:51.237  1588  2673 D BackgroundInstallControlService: Package event received: 0
04-15 15:11:51.254  1588  1728 D ActivityManager: sync unfroze 7894 com.google.android.apps.turbo for 6
04-15 15:11:51.256  1588  2673 D BackgroundInstallControlService: Package event received: 0
04-15 15:11:52.029  1588  1801 D CompatChangeReporter: Compat change id reported: 441041342; UID 10236; state: ENABLED
04-15 15:11:52.066  1588  1802 I ActivityManager: Start proc 20676:com.google.android.apps.maps:server_recovery_process_scheduled/u0a236 for broadcast {com.google.android.apps.maps/com.google.android.apps.gmm.plugins.serverrecovery.ScheduledRecoverySignalHandlerImpl}
04-15 15:11:52.893  1588  3217 I ActivityManager: Process com.google.android.apps.maps:server_recovery_process_scheduled (pid 20676) has died: cch CEM 
04-15 15:11:53.227  1588  2673 D BackgroundInstallControlService: Package event received: 0
04-15 15:11:56.125  1588  1801 D ActivityManager: sync unfroze 22530 com.linkedin.android for 3
04-15 15:11:56.137  1588  1801 D ActivityManager: sync unfroze 24422 com.google.android.webview:sandboxed_process0:org.chromium.content.app.SandboxedProcessService0:0 for 3
04-15 15:11:56.146  1588  1801 D ActivityManager: sync unfroze 20038 com.android.chrome for 3
04-15 15:11:56.151  1588  1801 D ActivityManager: sync unfroze 22215 com.android.chrome:sandboxed_process0:org.chromium.content.app.SandboxedProcessService0:219 for 3
04-15 15:11:56.154  1588  1801 D ActivityManager: sync unfroze 9594 com.android.chrome:privileged_process2 for 3
04-15 15:11:56.155  1588  1801 D ActivityManager: sync unfroze 11738 org.chromium.webapk.a5a8228c3188a0ef2_v2 for 3
04-15 15:11:56.160  1588  1801 D ActivityManager: sync unfroze 28665 com.android.chrome:sandboxed_process0:org.chromium.content.app.SandboxedProcessService0:234 for 3
04-15 15:11:56.200 24422 24422 D ActivityThread: Package [com.adamoutler.ssh] reported as REPLACED, but missing application info. Assuming REMOVED.
04-15 15:11:56.203 22530 22530 D ActivityThread: Package [com.adamoutler.ssh] reported as REPLACED, but missing application info. Assuming REMOVED.
04-15 15:11:56.204 22530 22530 D ActivityThread: Package [com.adamoutler.ssh] reported as REPLACED, but missing application info. Assuming REMOVED.
04-15 15:11:56.209 24422 24422 D ActivityThread: Package [com.adamoutler.ssh] reported as REPLACED, but missing application info. Assuming REMOVED.
04-15 15:11:56.305  1588  2673 D BackgroundInstallControlService: Package event received: 0
04-15 15:11:56.334  1588  3365 W ProcessStats: Tracking association SourceState{114e71f com.google.android.gms.persistent/10174 BFgs #1389433} whose proc state 4 is better than process ProcessState{c7aeacc com.google.android.gms/10174 pkg=com.google.android.gms} proc state 14 (30 skipped)
04-15 15:12:00.087  1588  1776 I DisplayDeviceRepository: Display device changed render timings: "Outer Display", renderFrameRate=120.00001, presentationDeadlineNanos=11500000, appVsyncOffsetNanos=6233332, frameRateOverrides=[]
04-15 15:12:00.088  1588  1774 D WindowManager: DeferredDisplayUpdater: partially applying DisplayInfo(1080 x 2364) immediately
04-15 15:12:00.688  1588  1838 V DisplayPowerController[0]: Brightness [0.081824675] reason changing to: 'automatic', previous reason: 'automatic [ dim ]'.
04-15 15:12:00.689  1588  1838 I DisplayPowerController[0]: BrightnessEvent: brt=0.081824675(76.0%), nits=167.8742, lux=111.07146, reason=automatic, strat=AutomaticBrightnessStrategy, state=ON, stateReason=KEY, policy=BRIGHT, flags=, initBrt=0.041824676, rcmdBrt=0.081824675, preBrt=NaN, preLux=NaN, lastReadLux=102.884094, wasShortTermModelActive=false, autoBrightness=true (default), unclampedBrt=0.081824675, hbmMax=0.29350588, hbmMode=off, thrmMax=1.0, rbcStrength=0, powerFactor=1.0, physDisp=Outer Display(local:4619827677550801153), logicalId=0, slowChange=false, rampSpeed=0.7047244
04-15 15:12:00.695  1588  1838 I DisplayPowerController[1]: BrightnessEvent: brt=0.0(0.0%), nits=1.0, lux=-1.0, reason=screen_off [ throttled lux_lower_bound ], strat=ScreenOffBrightnessStrategy, state=OFF, stateReason=KEY, policy=BRIGHT, flags=, initBrt=0.0, rcmdBrt=NaN, preBrt=NaN, preLux=0.0, wasShortTermModelActive=false, autoBrightness=true (default), unclampedBrt=-1.0, hbmMax=0.68, hbmMode=off, thrmMax=1.0, rbcStrength=-1, powerFactor=1.0, physDisp=Inner Display(local:4619827677550801152), logicalId=1, slowChange=false, rampSpeed=0.0
04-15 15:12:06.411  1588  2505 D ActivityManager: freezing 20038 com.android.chrome
04-15 15:12:06.426  1588  2505 D ActivityManager: freezing 22215 com.android.chrome:sandboxed_process0:org.chromium.content.app.SandboxedProcessService0:219
04-15 15:12:06.433  1588  2505 D ActivityManager: freezing 28665 com.android.chrome:sandboxed_process0:org.chromium.content.app.SandboxedProcessService0:234
04-15 15:12:06.439  1588  2505 D ActivityManager: freezing 11738 org.chromium.webapk.a5a8228c3188a0ef2_v2
04-15 15:12:06.444  1588  2505 D ActivityManager: freezing 9594 com.android.chrome:privileged_process2
04-15 15:12:06.454  1588  2505 D ActivityManager: freezing 24422 com.google.android.webview:sandboxed_process0:org.chromium.content.app.SandboxedProcessService0:0
04-15 15:12:07.364  1588  2673 D BackgroundInstallControlService: Package event received: 0
04-15 15:12:08.468  1588  2761 V SettingsShellCmd: putForUser(userId=0, table=global, key=verifier_verify_adb_installs, value=0, tag=null, makeDefault=false, overrideableByRestore=false)
04-15 15:12:09.464  1588  1813 D KernelCpuUidUserSysTimeReader: Removing uids 10435-10435
04-15 15:12:09.466  1588  1813 D KernelCpuUidUserSysTimeReader: Removing uids 10436-10436
04-15 15:12:09.654  1588  1875 V Configuration: Updating configuration, locales updated from [] to [en_US]
04-15 15:12:09.952  1588  1875 D BackupManagerService: [UserID:0] restoreAtInstall pkg=com.adamoutler.ssh token=6d restoreSet=30083490e9696221
04-15 15:12:09.958  1588  1875 D BackupManagerConstants: wakelock timeout: 1800000
04-15 15:12:09.959  1588  1875 D BackupManagerService: [UserID:0] Acquired wakelock:*backup*-0-4809
04-15 15:12:09.961  1588  2082 W ProcessStats: Tracking association SourceState{47bc250 com.android.settings/1000 Service #1389457} whose proc state 8 is better than process ProcessState{bb423f6 com.google.android.apps.wellbeing/10157 pkg=com.google.android.apps.wellbeing} proc state 15 (8 skipped)
04-15 15:12:09.983  1588  4809 D BackupManagerService: MSG_RUN_RESTORE observer=null
04-15 15:12:09.983  1588  4809 D BackupManagerService: Starting restore.
04-15 15:12:09.983  1588  2673 D BackgroundInstallControlService: Package event received: 0
04-15 15:12:09.984  1588  2673 D BackgroundInstallControlService: Package event received: 0
04-15 15:12:09.984  1588  2673 D BackgroundInstallControlService: Package event received: 0
04-15 15:12:09.984  1588  2673 D BackgroundInstallControlService: Package event received: 0
04-15 15:12:09.984  1588  2673 D BackgroundInstallControlService: Package event received: 0
04-15 15:12:09.984  1588  2673 D BackgroundInstallControlService: Package event received: 0
04-15 15:12:09.984  1588  2673 D BackgroundInstallControlService: Package event received: 0
04-15 15:12:09.985  1588  2673 D BackgroundInstallControlService: Package event received: 0
04-15 15:12:09.985  1588  2673 D BackgroundInstallControlService: Package event received: 0
04-15 15:12:09.985  1588  2673 D BackgroundInstallControlService: Package event received: 0
04-15 15:12:09.985  1588  2673 D BackgroundInstallControlService: Package event received: 0
04-15 15:12:09.985  1588  2673 D BackgroundInstallControlService: Package event received: 0
04-15 15:12:09.985  1588  2673 D BackgroundInstallControlService: Package event received: 0
04-15 15:12:09.985  1588  2673 D BackgroundInstallControlService: Package event received: 0
04-15 15:12:09.985  1588  2673 D BackgroundInstallControlService: Package event received: 0
04-15 15:12:09.985  1588  2673 D BackgroundInstallControlService: Package event received: 0
04-15 15:12:09.985  1588  2673 D BackgroundInstallControlService: Package event received: 0
04-15 15:12:09.985  1588  2673 D BackgroundInstallControlService: Package event received: 0
04-15 15:12:09.985  1588  2673 D BackgroundInstallControlService: Package event received: 0
04-15 15:12:09.985  1588  2673 D BackgroundInstallControlService: Package event received: 0
04-15 15:12:09.985  1588  2673 D BackgroundInstallControlService: Package event received: 0
04-15 15:12:09.985  1588  2673 D BackgroundInstallControlService: Package event received: 0
04-15 15:12:09.985  1588  2673 D BackgroundInstallControlService: Package event received: 0
04-15 15:12:09.985  1588  2673 D BackgroundInstallControlService: Package event received: 0
04-15 15:12:09.985  1588  2673 D BackgroundInstallControlService: Package event received: 0
04-15 15:12:09.985  1588  2673 D BackgroundInstallControlService: Package event received: 0
04-15 15:12:09.985  1588  2673 D BackgroundInstallControlService: Package event received: 0
04-15 15:12:09.985  1588  2673 D BackgroundInstallControlService: Package event received: 0
04-15 15:12:09.985  1588  2673 D BackgroundInstallControlService: Package event received: 0
04-15 15:12:09.987  1588  2673 D BackgroundInstallControlService: Package event received: 0
04-15 15:12:09.987  1588  2673 D BackgroundInstallControlService: Package event received: 0
04-15 15:12:09.987  1588  2673 D BackgroundInstallControlService: Package event received: 0
04-15 15:12:09.987  1588  2673 D BackgroundInstallControlService: Package event received: 0
04-15 15:12:10.000  1588  2673 D BackgroundInstallControlService: Package event received: 0
04-15 15:12:10.006  1588  2673 D BackgroundInstallControlService: Package event received: 0
04-15 15:12:10.044  1588  1588 I TransportConnection: BackupTransportService#4347: Notifying [PerformUnifiedRestoreTask.startRestore()] transport = BackupTransportClient
04-15 15:12:10.052  1588  3864 D BackupTransportManager: [UserID:0] Transport com.google.android.gms/.backup.BackupTransportService updated its attributes
04-15 15:12:10.098  1588  2673 D BackgroundInstallControlService: Package event received: 0
04-15 15:12:10.352  1588  4809 D BackupManagerService: initiateOneRestore packageName=@pm@
04-15 15:12:10.455  1588  4809 E BackupManagerService: Error getting restore data for @pm@
04-15 15:12:10.468  1588  4809 E BackupManagerService: PM agent has no metadata, so not restoring
04-15 15:12:10.481  1588  4809 I BackupManagerService: Restore complete.
04-15 15:12:10.501  1588  2673 D BackgroundInstallControlService: Package event received: 0
04-15 15:12:10.508  1588  1875 I PackageManager: installation completed for package:com.adamoutler.ssh. Final code path: /data/app/~~NnQRHQHGqTR5wfxc06H2kQ==/com.adamoutler.ssh-pUVd3Kpwo5M6DYgKfMnibw==
04-15 15:12:10.512  1588  1875 I AppsFilter: interaction: PackageSetting{2a05f96 com.google.android.microdroid.empty_payload/10305} -> PackageSetting{1e880c4 com.adamoutler.ssh/10443} BLOCKED
04-15 15:12:10.522  1588  2673 D BackgroundInstallControlService: Package event received: 1
04-15 15:12:10.526  1588  2696 D ActivityManager: sync unfroze 3225 com.google.android.permissioncontroller for 6
04-15 15:12:10.527  1588  1875 D PackageInstallerSession: Marking session 1332734486 as applied
04-15 15:12:10.577  1588  4809 D BackupManagerService: [UserID:0] Released wakelock:*backup*-0-4809
04-15 15:12:10.588  1588  2673 D BackgroundInstallControlService: Package event received: 0
04-15 15:12:10.679  1588  1797 D LauncherAppsService: onPackageAdded: user=UserHandle{0}, packageName=com.adamoutler.ssh
04-15 15:12:10.680  1588  1797 D LauncherAppsService: onPackageAdded: triggering onPackageAdded for user=UserHandle{0}, packageName=com.adamoutler.ssh
04-15 15:12:10.680  1588  1797 D LauncherAppsService: onPackageAdded: triggering onPackageAdded for user=UserHandle{0}, packageName=com.adamoutler.ssh
04-15 15:12:10.680  1588  1797 D LauncherAppsService: onPackageAdded: triggering onPackageAdded for user=UserHandle{0}, packageName=com.adamoutler.ssh
04-15 15:12:10.681  1588  1797 W PackageManager: Failed registering loading progress callback. Package is fully loaded.
04-15 15:12:10.685  1588  2542 V AccessibilityUserState: updateShortcutTargets: type:accessibility_shortcut_target_service, current:{}, new:{}
04-15 15:12:10.685  1588  2542 V AccessibilityUserState: updateShortcutTargets: type:accessibility_qs_targets, current:{}, new:{}
04-15 15:12:10.685  1588  2542 V AccessibilityUserState: updateShortcutTargets: type:accessibility_button_targets, current:{}, new:{}
04-15 15:12:10.685  1588  2542 V AccessibilityUserState: updateShortcutTargets: type:accessibility_gesture_targets, current:{}, new:{}
04-15 15:12:10.685  1588  2542 V AccessibilityUserState: updateShortcutTargets: type:accessibility_key_gesture_targets, current:{}, new:{}
04-15 15:12:10.686  1588  2542 V AccessibilityManagerService: onUserStateChangedLocked for userId: 0, forceUpdate: false
04-15 15:12:10.687  1588  2542 V AccessibilityUserState: updateShortcutTargets: type:accessibility_shortcut_target_service, current:{}, new:{}
04-15 15:12:10.687  1588  2542 V AccessibilityUserState: updateShortcutTargets: type:accessibility_button_targets, current:{}, new:{}
04-15 15:12:10.687  1588  2542 V AccessibilityUserState: updateShortcutTargets: type:accessibility_gesture_targets, current:{}, new:{}
04-15 15:12:10.688  1588  2542 V AccessibilityUserState: updateShortcutTargets: type:accessibility_qs_targets, current:{}, new:{}
04-15 15:12:10.688  1588  2542 V AccessibilityUserState: updateShortcutTargets: type:accessibility_key_gesture_targets, current:{}, new:{}
04-15 15:12:10.688  1588  2542 W MagnificationConnectionManager: requestConnection duplicated request: connect=false, mConnectionState=DISCONNECTED
04-15 15:12:10.712  1588  2670 D ShortcutService: received package broadcast intent: Intent { act=android.intent.action.PACKAGE_ADDED dat=package: flg=0x4000010 (has extras) }
04-15 15:12:10.713  1588  2670 D ShortcutService: adding package: com.adamoutler.ssh userId=0
04-15 15:12:10.713  1588  2614 E AppOps  : attributionTag VCN not declared in manifest of android
04-15 15:12:10.731  1588  1801 D ActivityManager: sync unfroze 10658 com.google.android.packageinstaller for 3
04-15 15:12:10.741  1588  1588 D ActivityManager: sync unfroze 12295 com.google.android.odad for 6
04-15 15:12:10.742  1588  3217 W AppOpService: Ignored setUidMode call for runtime permission app op: uid = 1001, code = READ_SMS, mode = allow, callingUid = 1001, oldMode = allow
04-15 15:12:10.743  1588  5004 W AppOpService: Ignored setUidMode call for runtime permission app op: uid = 1001, code = RECEIVE_SMS, mode = allow, callingUid = 1001, oldMode = allow
04-15 15:12:10.745  1588  5004 W AppOpService: Ignored setUidMode call for runtime permission app op: uid = 1001, code = RECEIVE_WAP_PUSH, mode = allow, callingUid = 1001, oldMode = allow
04-15 15:12:10.745  1588  5004 W AppOpService: Ignored setUidMode call for runtime permission app op: uid = 1001, code = SEND_SMS, mode = allow, callingUid = 1001, oldMode = allow
04-15 15:12:10.747  1588  1728 W AppOpService: Ignored setUidMode call for runtime permission app op: uid = 1001, code = READ_CELL_BROADCASTS, mode = allow, callingUid = 1001, oldMode = allow
04-15 15:12:10.748  1588  2673 D BackgroundInstallControlService: Package event received: 0
04-15 15:12:10.748  1588  2673 D BackgroundInstallControlService: Package event received: 0
04-15 15:12:10.752  1588  3864 D ActivityManager: sync unfroze 23076 com.google.android.euicc for 6
04-15 15:12:10.757  1588  2673 D BackgroundInstallControlService: Package event received: 0
04-15 15:12:10.757  1588  2673 D BackgroundInstallControlService: Package event received: 0
04-15 15:12:10.757  1588  2673 D BackgroundInstallControlService: Package event received: 0
04-15 15:12:10.757  1588  1588 D AS.AudioService: received android.intent.action.PACKAGE_ADDED replacing: false archival: false for package com.adamoutler.ssh with uid 10443
04-15 15:12:10.769  1588  1588 D TransparencyService: Not an update. Skipping...
04-15 15:12:10.781  1588  1588 I AppsFilter: interaction: PackageSetting{f2b49f5 com.google.android.microdroid.empty_payload/10305} -> PackageSetting{e75538a com.adamoutler.ssh/10443} BLOCKED
04-15 15:12:10.781  1588  1588 I RemoteContentProtectionService: Connection status for: ComponentInfo{com.google.android.odad/com.google.android.apps.miphone.odad.contentprotection.ContentProtectionService} changed to: connected
04-15 15:12:10.787  1588  1776 I DisplayDeviceRepository: Display device changed render timings: "Outer Display", renderFrameRate=60.000004, presentationDeadlineNanos=11500000, appVsyncOffsetNanos=6233332, frameRateOverrides=[]
04-15 15:12:10.792  1588  2469 D CompatChangeReporter: Compat change id reported: 262645982; UID 10443; state: ENABLED
04-15 15:12:10.795  1588  2542 V AccessibilityUserState: updateShortcutTargets: type:accessibility_shortcut_target_service, current:{}, new:{}
04-15 15:12:10.795  1588  2542 V AccessibilityUserState: updateShortcutTargets: type:accessibility_qs_targets, current:{}, new:{}
04-15 15:12:10.795  1588  2542 V AccessibilityUserState: updateShortcutTargets: type:accessibility_button_targets, current:{}, new:{}
04-15 15:12:10.795  1588  2542 V AccessibilityUserState: updateShortcutTargets: type:accessibility_gesture_targets, current:{}, new:{}
04-15 15:12:10.796  1588  2542 V AccessibilityUserState: updateShortcutTargets: type:accessibility_key_gesture_targets, current:{}, new:{}
04-15 15:12:10.796  1588  2542 V AccessibilityManagerService: onUserStateChangedLocked for userId: 0, forceUpdate: false
04-15 15:12:10.800  1588  1801 D ActivityManager: sync unfroze 12056 com.android.vending for 3
04-15 15:12:10.801  1588  1801 D ActivityManager: sync unfroze 16980 com.android.vending:background for 3
04-15 15:12:10.802  1588  2670 D ShortcutService: received package broadcast intent: Intent { act=android.intent.action.PACKAGE_CHANGED dat=package: flg=0x5000010 (has extras) }
04-15 15:12:10.802  1588  2670 D ShortcutService: changing package: com.adamoutler.ssh userId=0
04-15 15:12:10.813  1588  1801 D ActivityManager: sync unfroze 10711 com.google.android.apps.nbu.files for 3
04-15 15:12:10.823  1588  1774 D WindowManager: DeferredDisplayUpdater: partially applying DisplayInfo(1080 x 2364) immediately
04-15 15:12:10.835  1588  4847 D HealthConnectTrackerManagerImpl: No packages eligible for step tracking. Aborting initialization.
04-15 15:12:10.845  1588  2542 V AccessibilityUserState: updateShortcutTargets: type:accessibility_shortcut_target_service, current:{}, new:{}
04-15 15:12:10.845  1588  2542 V AccessibilityUserState: updateShortcutTargets: type:accessibility_button_targets, current:{}, new:{}
04-15 15:12:10.845  1588  2542 V AccessibilityUserState: updateShortcutTargets: type:accessibility_gesture_targets, current:{}, new:{}
04-15 15:12:10.845  1588  2542 V AccessibilityUserState: updateShortcutTargets: type:accessibility_qs_targets, current:{}, new:{}
04-15 15:12:10.845  1588  2542 V AccessibilityUserState: updateShortcutTargets: type:accessibility_key_gesture_targets, current:{}, new:{}
04-15 15:12:10.845  1588  2542 W MagnificationConnectionManager: requestConnection duplicated request: connect=false, mConnectionState=DISCONNECTED
04-15 15:12:10.856  1588  2995 V Configuration: Updating configuration, locales updated from [] to [en_US]
04-15 15:12:10.857  1588  2995 V Configuration: Updating configuration, locales updated from [] to [en_US]
04-15 15:12:10.859  1588  2995 V Configuration: Updating configuration, locales updated from [] to [en_US]
04-15 15:12:10.859  1588  2995 V Configuration: Updating configuration, locales updated from [] to [en]
04-15 15:12:10.859  1588  2995 V Configuration: Updating configuration, locales updated from [] to [en_US]
04-15 15:12:10.859  1588  2995 V Configuration: Updating configuration, locales updated from [] to [en]
04-15 15:12:10.859  1588  2995 V Configuration: Updating configuration, locales updated from [] to [en_US]
04-15 15:12:10.859  1588  2995 V Configuration: Updating configuration, locales updated from [] to [en_US]
04-15 15:12:10.859  1588  2995 V Configuration: Updating configuration, locales updated from [] to [en_US]
04-15 15:12:10.859  1588  2995 D IntervalStats: Unable to parse usage stats packages: [30, 242, 273, 339, 345, 362, 365, 366, 369, 371, 391, 400, 401, 406, 411, 425, 431, 434, 435, 437, 438, 439, 440, 441, 442, 443, 456, 458, 459, 460, 461, 462]
04-15 15:12:10.861  1588  9000 I DevicePolicyManager: Found incompatible accounts on any user, not allowing bypassing
04-15 15:12:10.862  1588  1801 D ActivityManager: sync unfroze 3191 com.android.settings for 3
04-15 15:12:10.863  1588  1801 D ActivityManager: sync unfroze 31958 com.google.android.apps.carrier.carrierwifi for 3
04-15 15:12:10.864  1588  9000 I DevicePolicyManager: Found incompatible accounts on any user, not allowing bypassing
04-15 15:12:10.869  1588  3688 V Configuration: Updating configuration, locales updated from [] to [en_US]
04-15 15:12:10.869  1588  3688 V Configuration: Updating configuration, locales updated from [] to [en_US]
04-15 15:12:10.869  1588  3688 V Configuration: Updating configuration, locales updated from [] to [en_US]
04-15 15:12:10.869  1588  3688 V Configuration: Updating configuration, locales updated from [] to [en]
04-15 15:12:10.870  1588  1801 D ActivityManager: sync unfroze 3874 com.google.android.apps.wellbeing for 3
04-15 15:12:10.876  1588  3688 V Configuration: Updating configuration, locales updated from [] to [en_US]
04-15 15:12:10.876  1588  3688 V Configuration: Updating configuration, locales updated from [] to [en]
04-15 15:12:10.877  1588  3688 V Configuration: Updating configuration, locales updated from [] to [en_US]
04-15 15:12:10.877  1588  3688 V Configuration: Updating configuration, locales updated from [] to [en_US]
04-15 15:12:10.877  1588  3688 V Configuration: Updating configuration, locales updated from [] to [en_US]
04-15 15:12:10.878  1588  3688 D IntervalStats: Unable to parse usage stats packages: [30, 242, 273, 339, 345, 362, 365, 366, 369, 371, 391, 400, 401, 406, 411, 425, 431, 434, 435, 437, 438, 439, 440, 441, 442, 443, 456, 458, 459, 460, 461, 462]
04-15 15:12:10.907  1588  5018 W AppOpService: Ignored setUidMode call for runtime permission app op: uid = 1001, code = READ_SMS, mode = allow, callingUid = 1001, oldMode = allow
04-15 15:12:10.919  1588  3864 W AppOpService: Ignored setUidMode call for runtime permission app op: uid = 1001, code = RECEIVE_SMS, mode = allow, callingUid = 1001, oldMode = allow
04-15 15:12:10.923  1588  3688 W AppOpService: Ignored setUidMode call for runtime permission app op: uid = 1001, code = RECEIVE_WAP_PUSH, mode = allow, callingUid = 1001, oldMode = allow
04-15 15:12:10.929  1588  5018 W AppOpService: Ignored setUidMode call for runtime permission app op: uid = 1001, code = SEND_SMS, mode = allow, callingUid = 1001, oldMode = allow
04-15 15:12:10.930  1588  2995 W AppOpService: Ignored setUidMode call for runtime permission app op: uid = 1001, code = READ_CELL_BROADCASTS, mode = allow, callingUid = 1001, oldMode = allow
04-15 15:12:10.990  1588  1875 V Configuration: Updating configuration, locales updated from [] to [en_US]
04-15 15:12:10.991  1588  1875 W PackageParsing: No actions in intent-filter at /data/app/vmdl707778389.tmp/base.apk Binary XML file line #33
04-15 15:12:10.991  1588  1875 W PackageParsing: No actions in intent-filter at /data/app/vmdl707778389.tmp/base.apk Binary XML file line #41
04-15 15:12:10.991  1588  1875 W PackageParsing: No actions in intent-filter at /data/app/vmdl707778389.tmp/base.apk Binary XML file line #49
04-15 15:12:10.993  1588  3217 V Configuration: Updating configuration, locales updated from [] to [en_US]
04-15 15:12:10.993  1588  3217 V Configuration: Updating configuration, locales updated from [] to [en_US]
04-15 15:12:10.993  1588  3217 V Configuration: Updating configuration, locales updated from [] to [en_US]
04-15 15:12:10.993  1588  3217 V Configuration: Updating configuration, locales updated from [] to [en]
04-15 15:12:10.993  1588  3217 V Configuration: Updating configuration, locales updated from [] to [en_US]
04-15 15:12:10.993  1588  3217 V Configuration: Updating configuration, locales updated from [] to [en]
04-15 15:12:10.993  1588  3217 V Configuration: Updating configuration, locales updated from [] to [en_US]
04-15 15:12:10.993  1588  3217 V Configuration: Updating configuration, locales updated from [] to [en_US]
04-15 15:12:10.993  1588  3217 V Configuration: Updating configuration, locales updated from [] to [en_US]
04-15 15:12:10.993  1588  3217 D IntervalStats: Unable to parse usage stats packages: [30, 242, 273, 339, 345, 362, 365, 366, 369, 371, 391, 400, 401, 406, 411, 425, 431, 434, 435, 437, 438, 439, 440, 441, 442, 443, 456, 458, 459, 460, 461, 462]
04-15 15:12:10.995  1588  1875 E PackageManager: Error occurred while checking alignment of package : com.adamoutler.ssh.test
04-15 15:12:11.018  1588  3688 I ActivityManager: Background started FGS: Allowed [callingPackage: com.google.android.odad; callingUid: 10187; uidState: IMPF; uidBFSL: n/a; intent: Intent { xflg=0x4 cmp=com.google.android.odad/com.google.android.apps.miphone.odad.backgroundwork.impl.WorkService (has extras) }; code:BACKGROUND_ACTIVITY_PERMISSION; tempAllowListReason:<null>; allowWiu:58; targetSdkVersion:36; callerTargetSdkVersion:36; startForegroundCount:0; bindFromPackage:null: isBindService:false]
04-15 15:12:11.043  1588  4992 W AppOpService: Ignored setUidMode call for runtime permission app op: uid = 1001, code = READ_SMS, mode = allow, callingUid = 1001, oldMode = allow
04-15 15:12:11.043  1588  4992 W AppOpService: Ignored setUidMode call for runtime permission app op: uid = 1001, code = RECEIVE_SMS, mode = allow, callingUid = 1001, oldMode = allow
04-15 15:12:11.049  1588  1588 I RemoteContentProtectionService: Connection status for: ComponentInfo{com.google.android.odad/com.google.android.apps.miphone.odad.contentprotection.ContentProtectionService} changed to: connected
04-15 15:12:11.050  1588  5020 W AppOpService: Ignored setUidMode call for runtime permission app op: uid = 1001, code = RECEIVE_WAP_PUSH, mode = allow, callingUid = 1001, oldMode = allow
04-15 15:12:11.052  1588  3215 W AppOpService: Ignored setUidMode call for runtime permission app op: uid = 1001, code = SEND_SMS, mode = allow, callingUid = 1001, oldMode = allow
04-15 15:12:11.053  1588  3863 W AppOpService: Ignored setUidMode call for runtime permission app op: uid = 1001, code = READ_CELL_BROADCASTS, mode = allow, callingUid = 1001, oldMode = allow
04-15 15:12:11.054  1588  2761 W ForegroundServiceTypeLoggerModule: Foreground service start for UID: 10187 does not have any types
04-15 15:12:11.056  1588  2673 D BackgroundInstallControlService: Package event received: 0
04-15 15:12:11.155  1588  1875 D BackupManagerService: [UserID:0] restoreAtInstall pkg=com.adamoutler.ssh.test token=6e restoreSet=30083490e9696221
04-15 15:12:11.155  1588  1875 D BackupManagerConstants: wakelock timeout: 1800000
04-15 15:12:11.162  1588  1875 D BackupManagerService: [UserID:0] Acquired wakelock:*backup*-0-4809
04-15 15:12:11.163  1588  4809 D BackupManagerService: MSG_RUN_RESTORE observer=null
04-15 15:12:11.238  1588  4809 D BackupManagerService: Starting restore.
04-15 15:12:11.281  1588  2673 D BackgroundInstallControlService: Package event received: 0
04-15 15:12:11.281  1588  2673 D BackgroundInstallControlService: Package event received: 0
04-15 15:12:11.307  1588  1588 I TransportConnection: BackupTransportService#4348: Notifying [PerformUnifiedRestoreTask.startRestore()] transport = BackupTransportClient
04-15 15:12:11.320  1588  2761 D BackupTransportManager: [UserID:0] Transport com.google.android.gms/.backup.BackupTransportService updated its attributes
04-15 15:12:11.399  1588  2673 D BackgroundInstallControlService: Package event received: 0
04-15 15:12:11.509  1588  1729 W ForegroundServiceTypeLoggerModule: FGS stop call for: 10187 has no types!
04-15 15:12:11.511  1588  2673 D BackgroundInstallControlService: Package event received: 0
04-15 15:12:11.513  1588  2673 D BackgroundInstallControlService: Package event received: 0
04-15 15:12:11.549  1588  4809 D BackupManagerService: initiateOneRestore packageName=@pm@
04-15 15:12:11.580  1588  4809 E BackupManagerService: Error getting restore data for @pm@
04-15 15:12:11.581  1588  4809 E BackupManagerService: PM agent has no metadata, so not restoring
04-15 15:12:11.584  1588  4809 I BackupManagerService: Restore complete.
04-15 15:12:11.588  1588  4809 D BackupManagerService: [UserID:0] Released wakelock:*backup*-0-4809
04-15 15:12:11.593  1588  1875 I PackageManager: installation completed for package:com.adamoutler.ssh.test. Final code path: /data/app/~~XzV9fybc3Klx3u74uqb-4A==/com.adamoutler.ssh.test-pj6RdOgUAufV2V853fNkzg==
04-15 15:12:11.594  1588  1875 I AppsFilter: interaction: PackageSetting{f2b49f5 com.google.android.microdroid.empty_payload/10305} -> PackageSetting{e12c7fd com.adamoutler.ssh.test/10444} BLOCKED
04-15 15:12:11.595  1588  2673 D BackgroundInstallControlService: Package event received: 1
04-15 15:12:11.598  1588  1875 D PackageInstallerSession: Marking session 707778389 as applied
04-15 15:12:11.659  1588  2673 D BackgroundInstallControlService: Package event received: 0
04-15 15:12:11.661  1588  1588 D AS.AudioService: received android.intent.action.PACKAGE_ADDED replacing: false archival: false for package com.adamoutler.ssh.test with uid 10444
04-15 15:12:11.663  1588  2670 D ShortcutService: received package broadcast intent: Intent { act=android.intent.action.PACKAGE_ADDED dat=package: flg=0x4000010 (has extras) }
04-15 15:12:11.663  1588  2670 D ShortcutService: adding package: com.adamoutler.ssh.test userId=0
04-15 15:12:11.693  1588  1588 D TransparencyService: Not an update. Skipping...
04-15 15:12:11.705  1588  3366 W AppOpService: Ignored setUidMode call for runtime permission app op: uid = 1001, code = READ_SMS, mode = allow, callingUid = 1001, oldMode = allow
04-15 15:12:11.706  1588  3366 W AppOpService: Ignored setUidMode call for runtime permission app op: uid = 1001, code = RECEIVE_SMS, mode = allow, callingUid = 1001, oldMode = allow
04-15 15:12:11.706  1588  1588 D BackupManagerConstants: getFullBackupIntervalMilliseconds(...) returns 86400000
04-15 15:12:11.706  1588  1588 D BackupManagerConstants: getFullBackupRequiredNetworkType(...) returns 2
04-15 15:12:11.706  1588  3366 W AppOpService: Ignored setUidMode call for runtime permission app op: uid = 1001, code = RECEIVE_WAP_PUSH, mode = allow, callingUid = 1001, oldMode = allow
04-15 15:12:11.706  1588  1588 D BackupManagerConstants: getFullBackupRequireCharging(...) returns true
04-15 15:12:11.707  1588  3366 W AppOpService: Ignored setUidMode call for runtime permission app op: uid = 1001, code = SEND_SMS, mode = allow, callingUid = 1001, oldMode = allow
04-15 15:12:11.707  1588  3366 W AppOpService: Ignored setUidMode call for runtime permission app op: uid = 1001, code = READ_CELL_BROADCASTS, mode = allow, callingUid = 1001, oldMode = allow
04-15 15:12:11.714  1588  5004 E AppOps  : attributionTag VCN not declared in manifest of android
04-15 15:12:11.725  1588  1797 D LauncherAppsService: onPackageAdded: user=UserHandle{0}, packageName=com.adamoutler.ssh.test
04-15 15:12:11.725  1588  1797 D LauncherAppsService: onPackageAdded: triggering onPackageAdded for user=UserHandle{0}, packageName=com.adamoutler.ssh.test
04-15 15:12:11.725  1588  1797 D LauncherAppsService: onPackageAdded: triggering onPackageAdded for user=UserHandle{0}, packageName=com.adamoutler.ssh.test
04-15 15:12:11.725  1588  1797 D LauncherAppsService: onPackageAdded: triggering onPackageAdded for user=UserHandle{0}, packageName=com.adamoutler.ssh.test
04-15 15:12:11.725  1588  1797 W PackageManager: Failed registering loading progress callback. Package is fully loaded.
04-15 15:12:11.728  1588  1588 I RemoteContentProtectionService: Connection status for: ComponentInfo{com.google.android.odad/com.google.android.apps.miphone.odad.contentprotection.ContentProtectionService} changed to: connected
04-15 15:12:11.739  1588  2542 V AccessibilityUserState: updateShortcutTargets: type:accessibility_shortcut_target_service, current:{}, new:{}
04-15 15:12:11.739  1588  2542 V AccessibilityUserState: updateShortcutTargets: type:accessibility_qs_targets, current:{}, new:{}
04-15 15:12:11.739  1588  2542 V AccessibilityUserState: updateShortcutTargets: type:accessibility_button_targets, current:{}, new:{}
04-15 15:12:11.739  1588  2542 V AccessibilityUserState: updateShortcutTargets: type:accessibility_gesture_targets, current:{}, new:{}
04-15 15:12:11.739  1588  2542 V AccessibilityUserState: updateShortcutTargets: type:accessibility_key_gesture_targets, current:{}, new:{}
04-15 15:12:11.740  1588  2542 V AccessibilityManagerService: onUserStateChangedLocked for userId: 0, forceUpdate: false
04-15 15:12:11.740  1588  2542 V AccessibilityUserState: updateShortcutTargets: type:accessibility_shortcut_target_service, current:{}, new:{}
04-15 15:12:11.740  1588  2542 V AccessibilityUserState: updateShortcutTargets: type:accessibility_button_targets, current:{}, new:{}
04-15 15:12:11.740  1588  2542 V AccessibilityUserState: updateShortcutTargets: type:accessibility_gesture_targets, current:{}, new:{}
04-15 15:12:11.740  1588  2542 V AccessibilityUserState: updateShortcutTargets: type:accessibility_qs_targets, current:{}, new:{}
04-15 15:12:11.740  1588  2542 V AccessibilityUserState: updateShortcutTargets: type:accessibility_key_gesture_targets, current:{}, new:{}
04-15 15:12:11.740  1588  2542 W MagnificationConnectionManager: requestConnection duplicated request: connect=false, mConnectionState=DISCONNECTED
04-15 15:12:11.750  1588  1588 I AppsFilter: interaction: PackageSetting{f5c3bf6 com.google.android.microdroid.empty_payload/10305} -> PackageSetting{aceabf7 com.adamoutler.ssh.test/10444} BLOCKED
04-15 15:12:11.756  1588  4826 V Configuration: Updating configuration, locales updated from [en_US] to [af]
04-15 15:12:11.758  1588  4826 V Configuration: Updating configuration, locales updated from [en_US] to [af_ZA]
04-15 15:12:11.758  1588  4826 V Configuration: Updating configuration, locales updated from [en_US] to [am]
04-15 15:12:11.759  1588  4826 V Configuration: Updating configuration, locales updated from [en_US] to [am_ET]
04-15 15:12:11.759  1588  4826 V Configuration: Updating configuration, locales updated from [en_US] to [ar]
04-15 15:12:11.760  1588  4826 V Configuration: Updating configuration, locales updated from [en_US] to [ar_EG]
04-15 15:12:11.760  1588  4826 V Configuration: Updating configuration, locales updated from [en_US] to [ar_XB]
04-15 15:12:11.768  1588  2469 D CompatChangeReporter: Compat change id reported: 262645982; UID 10444; state: ENABLED
04-15 15:12:11.771  1588  4826 V Configuration: Updating configuration, locales updated from [en_US] to [as]
04-15 15:12:11.772  1588  4826 V Configuration: Updating configuration, locales updated from [en_US] to [az]
04-15 15:12:11.772  1588  4826 V Configuration: Updating configuration, locales updated from [en_US] to [be]
04-15 15:12:11.773  1588  4826 V Configuration: Updating configuration, locales updated from [en_US] to [bg]
04-15 15:12:11.773  1588  4826 V Configuration: Updating configuration, locales updated from [en_US] to [bg_BG]
04-15 15:12:11.777  1588  4826 V Configuration: Updating configuration, locales updated from [en_US] to [bn]
04-15 15:12:11.777  1588  4826 V Configuration: Updating configuration, locales updated from [en_US] to [bs]
04-15 15:12:11.778  1588  4826 V Configuration: Updating configuration, locales updated from [en_US] to [ca]
04-15 15:12:11.780  1588  2670 D ShortcutService: received package broadcast intent: Intent { act=android.intent.action.PACKAGE_CHANGED dat=package: flg=0x5000010 (has extras) }
04-15 15:12:11.780  1588  2670 D ShortcutService: changing package: com.adamoutler.ssh.test userId=0
04-15 15:12:11.781  1588  4826 V Configuration: Updating configuration, locales updated from [en_US] to [ca_ES]
04-15 15:12:11.782  1588  4826 V Configuration: Updating configuration, locales updated from [en_US] to [cs]
04-15 15:12:11.798  1588  4826 V Configuration: Updating configuration, locales updated from [en_US] to [cs_CZ]
04-15 15:12:11.798  1588  3688 V Configuration: Updating configuration, locales updated from [] to [en_US]
04-15 15:12:11.798  1588  3688 V Configuration: Updating configuration, locales updated from [] to [en_US]
04-15 15:12:11.798  1588  3688 V Configuration: Updating configuration, locales updated from [] to [en_US]
04-15 15:12:11.798  1588  3688 V Configuration: Updating configuration, locales updated from [] to [en]
04-15 15:12:11.798  1588  3688 V Configuration: Updating configuration, locales updated from [] to [en_US]
04-15 15:12:11.798  1588  3688 V Configuration: Updating configuration, locales updated from [] to [en]
04-15 15:12:11.798  1588  3688 V Configuration: Updating configuration, locales updated from [] to [en_US]
04-15 15:12:11.798  1588  3688 V Configuration: Updating configuration, locales updated from [] to [en_US]
04-15 15:12:11.799  1588  3688 V Configuration: Updating configuration, locales updated from [] to [en_US]
04-15 15:12:11.799  1588  3688 D IntervalStats: Unable to parse usage stats packages: [30, 242, 273, 339, 345, 362, 365, 366, 369, 371, 391, 400, 401, 406, 411, 425, 431, 434, 435, 437, 438, 439, 440, 441, 442, 443, 456, 458, 459, 460, 461, 462]
04-15 15:12:11.799  1588  4826 V Configuration: Updating configuration, locales updated from [en_US] to [da]
04-15 15:12:11.799  1588  4826 V Configuration: Updating configuration, locales updated from [en_US] to [da_DK]
04-15 15:12:11.800  1588  4826 V Configuration: Updating configuration, locales updated from [en_US] to [de]
04-15 15:12:11.800  1588  4826 V Configuration: Updating configuration, locales updated from [en_US] to [de_DE]
04-15 15:12:11.801  1588  4826 V Configuration: Updating configuration, locales updated from [en_US] to [el]
04-15 15:12:11.804  1588  4826 V Configuration: Updating configuration, locales updated from [en_US] to [el_GR]
04-15 15:12:11.805  1588  4826 V Configuration: Updating configuration, locales updated from [en_US] to [en]
04-15 15:12:11.805  1588  4826 V Configuration: Updating configuration, locales updated from [en_US] to [en_AU]
04-15 15:12:11.806  1588  4826 V Configuration: Updating configuration, locales updated from [en_US] to [en_CA]
04-15 15:12:11.806  1588  4826 V Configuration: Updating configuration, locales updated from [en_US] to [en_GB]
04-15 15:12:11.807  1588  4826 V Configuration: Updating configuration, locales updated from [en_US] to [en_IN]
04-15 15:12:11.807  1588  4826 V Configuration: Updating configuration, locales updated from [en_US] to [en_TW]
04-15 15:12:11.807  1588  4826 V Configuration: Updating configuration, locales updated from [en_US] to [en_XA]
04-15 15:12:11.811  1588  4826 V Configuration: Updating configuration, locales updated from [en_US] to [en_XC]
04-15 15:12:11.811  1588  4826 V Configuration: Updating configuration, locales updated from [en_US] to [es]
04-15 15:12:11.812  1588  4826 V Configuration: Updating configuration, locales updated from [en_US] to [es_419]
04-15 15:12:11.812  1588  4826 V Configuration: Updating configuration, locales updated from [en_US] to [es_ES]
04-15 15:12:11.816  1588  4826 V Configuration: Updating configuration, locales updated from [en_US] to [es_US]
04-15 15:12:11.817  1588  4826 V Configuration: Updating configuration, locales updated from [en_US] to [et]
04-15 15:12:11.818  1588  4826 V Configuration: Updating configuration, locales updated from [en_US] to [et_EE]
04-15 15:12:11.818  1588  4826 V Configuration: Updating configuration, locales updated from [en_US] to [eu]
04-15 15:12:11.819  1588  4826 V Configuration: Updating configuration, locales updated from [en_US] to [fa]
04-15 15:12:11.820  1588  4826 V Configuration: Updating configuration, locales updated from [en_US] to [fa_IR]
04-15 15:12:11.820  1588  4826 V Configuration: Updating configuration, locales updated from [en_US] to [fi]
04-15 15:12:11.821  1588  4826 V Configuration: Updating configuration, locales updated from [en_US] to [fi_FI]
04-15 15:12:11.821  1588  4826 V Configuration: Updating configuration, locales updated from [en_US] to [fil]
04-15 15:12:11.822  1588  4826 V Configuration: Updating configuration, locales updated from [en_US] to [fil_PH]
04-15 15:12:11.824  1588  4826 V Configuration: Updating configuration, locales updated from [en_US] to [fr]
04-15 15:12:11.826  1588  4826 V Configuration: Updating configuration, locales updated from [en_US] to [fr_CA]
04-15 15:12:11.826  1588  4826 V Configuration: Updating configuration, locales updated from [en_US] to [fr_FR]
04-15 15:12:11.827  1588  4826 V Configuration: Updating configuration, locales updated from [en_US] to [gl]
04-15 15:12:11.827  1588  4826 V Configuration: Updating configuration, locales updated from [en_US] to [gu]
04-15 15:12:11.828  1588  4826 V Configuration: Updating configuration, locales updated from [en_US] to [hi]
04-15 15:12:11.828  1588  4826 V Configuration: Updating configuration, locales updated from [en_US] to [hi_IN]
04-15 15:12:11.829  1588  4826 V Configuration: Updating configuration, locales updated from [en_US] to [hr]
04-15 15:12:11.829  1588  4826 V Configuration: Updating configuration, locales updated from [en_US] to [hr_HR]
04-15 15:12:11.830  1588  4826 V Configuration: Updating configuration, locales updated from [en_US] to [hu]
04-15 15:12:11.830  1588  4826 V Configuration: Updating configuration, locales updated from [en_US] to [hu_HU]
04-15 15:12:11.830  1588  4826 V Configuration: Updating configuration, locales updated from [en_US] to [hy]
04-15 15:12:11.831  1588  4826 V Configuration: Updating configuration, locales updated from [en_US] to [id]
04-15 15:12:11.831  1588  4826 V Configuration: Updating configuration, locales updated from [en_US] to [id_ID]
