04-15 15:12:33.140  2721  2751 V WindowManagerShell: Transition requested (#5048): android.os.BinderProxy@3f91282 TransitionRequestInfo { type = CLOSE, triggerTask = TaskInfo{userId=0 taskId=1106 effectiveUid=10443 displayId=0 isRunning=false baseIntent=Intent { act=android.intent.action.MAIN cat=[android.intent.category.LAUNCHER] flg=0x10008000 cmp=com.adamoutler.ssh/.MainActivity } baseActivity=null topActivity=null origActivity=null realActivity=ComponentInfo{com.adamoutler.ssh/com.adamoutler.ssh.MainActivity} realActivityIsAppLockEnabled=false numActivities=0 lastActiveTime=577435688 supportsMultiWindow=true resizeMode=1 isResizeable=true minWidth=-1 minHeight=-1 defaultMinSize=220 token=WCT{android.os.BinderProxy@45f21e6} topActivityType=1 pictureInPictureParams=null shouldDockBigOverlays=false launchIntoPipHostTaskId=-1 lastParentTaskIdBeforePip=-1 displayCutoutSafeInsets=Rect(0, 0 - 0, 0) topActivityInfo=null launchCookies=[] positionInParent=Point(0, 0) parentTaskId=-1 isFocused=true isVisible=true isVisibleRequested=true isTopActivityNoDisplay=false isSleeping=false locusId=null displayAreaFeatureId=1 isTopActivityTransparent=false isActivityStackTransparent=true lastNonFullscreenBounds=null leafTaskBoundsFromOptions= false capturedLink=null capturedLinkTimestamp=0 requestedVisibleTypes=503 topActivityRequestOpenInBrowserEducationTimestamp=0 appCompatTaskInfo=AppCompatTaskInfo { topActivityInSizeCompat=false isLeafTask= true eligibleForLetterboxEducation= false isLetterboxEducationEnabled= false isLetterboxDoubleTapEnabled= false eligibleForUserAspectRatioButton= false topActivityBoundsLetterboxed= false isFromLetterboxDoubleTap= false topActivityLetterboxVerticalPosition= -1 topActivityLetterboxHorizontalPosition= -1 topActivityLetterboxWidth=-1 topActivityLetterboxHeight=-1 topActivityAppBounds=Rect(0, 0 - 0, 0) isUserFullscreenOverrideEnabled=false isSystemFullscreenOverrideEnabled=false hasMinAspectRatioOverride=false topActivityLetterboxBounds=null topNonResizableActivityAspectRatio=-1.0} topActivityMainWindowFrame=null isAppBubble=false}, pipChange = null, remoteTransitionInfo = null, displayChange = null, requestedLocation = null, userChange = null, windowingLayerChange = null, fullscreenRequestChange = null, flags = 0, debugId = 5048 }
04-15 15:12:33.140  2721  2751 V ShellDesktopMode: DesktopTasksController: skipping handleRequest reason=triggerTask's display doesn't support desktop mode
04-15 15:12:33.158  1588  5020 V WindowManager: Defer transition id=5048 for TaskFragmentTransaction=android.os.Binder@7755992
04-15 15:12:33.170  2721  2751 D WindowManagerShell: setLauncherKeepClearAreaHeight: visible=true, height=461
04-15 15:12:33.203  1588  2673 D BackgroundInstallControlService: Package event received: 0
04-15 15:12:33.214  1588  2757 V WindowManager: Continue transition id=5048 for TaskFragmentTransaction=android.os.Binder@7755992
04-15 15:12:33.221  1588  2673 D BackgroundInstallControlService: Package event received: 0
04-15 15:12:33.221  1588  2673 D BackgroundInstallControlService: Package event received: 0
04-15 15:12:33.222  2721  4633 V WindowManagerShell: onTransitionReady(transaction=6820408956223)
04-15 15:12:33.222  2721  2751 V WindowManagerShell: onTransitionReady (#5048) android.os.BinderProxy@3f91282: {id=5048 t=CLOSE f=0x0 trk=0 r=[0@Point(0, 0)] c=[
04-15 15:12:33.222  2721  2751 V WindowManagerShell:         {m=CLOSE f=NONE leash=Surface(name=Task=1106#59303)/@0x73cad93 sb=Rect(0, 0 - 1080, 2364) eb=Rect(0, 0 - 1080, 2364) epz=Point(1080, 2364) d=0 taskParent=-1 winMode=1 userId=0},
04-15 15:12:33.222  2721  2751 V WindowManagerShell:         {m=TO_FRONT f=SHOW_WALLPAPER leash=Surface(name=Task=1#44)/@0x46ae1d0 sb=Rect(0, 0 - 1080, 2364) eb=Rect(0, 0 - 1080, 2364) epz=Point(1080, 2364) d=0 taskParent=-1 winMode=1 userId=0},
04-15 15:12:33.222  2721  2751 V WindowManagerShell:         {m=TO_FRONT f=IS_WALLPAPER leash=Surface(name=WallpaperWindowToken{a92f921}#60)/@0x92fb5c9 sb=Rect(0, 0 - 1080, 2364) eb=Rect(0, 0 - 1080, 2364) epz=Point(1080, 2364) d=0}
04-15 15:12:33.222  2721  2751 V WindowManagerShell:     ]}
04-15 15:12:33.223  2721  2751 V ShellDesktopMode: DesktopModeLogger: taskInfo map after processing changes 0
04-15 15:12:33.223  2721  2751 D ShellDesktopMode: DesktopTaskChangeListener: onTaskMovingToFront for taskId=1, displayId=0 - desktop not supported
04-15 15:12:33.223  2721  2751 D ShellDesktopMode: DesktopTaskChangeListener: onTaskClosing for taskId=1106, displayId=0 - desktop not supported
04-15 15:12:33.223  2721  2751 V WindowManagerShell: Playing animation for (#5048) android.os.BinderProxy@3f91282@0
04-15 15:12:33.224  2721  2751 D ShellSplitScreen: startAnimation: transition=5048 isSplitActive=false
04-15 15:12:33.224  2721  2751 V ShellRecents: RecentsTransitionHandler.startAnimation: no controller found
04-15 15:12:33.224  2721  2751 V ShellDesktopMode: DesktopMixedTransitionHandler: No pending desktop transition
04-15 15:12:33.224  2721  2751 V WindowManagerShell: Transition doesn't have explicit remote, search filters for match for {id=5048 t=CLOSE f=0x0 trk=0 r=[0@Point(0, 0)] c=[{m=CLOSE f=NONE leash=Surface(name=Task=1106#59303)/@0x73cad93 sb=Rect(0, 0 - 1080, 2364) eb=Rect(0, 0 - 1080, 2364) epz=Point(1080, 2364) d=0 taskParent=-1 winMode=1 userId=0},{m=TO_FRONT f=SHOW_WALLPAPER leash=Surface(name=Task=1#44)/@0x46ae1d0 sb=Rect(0, 0 - 1080, 2364) eb=Rect(0, 0 - 1080, 2364) epz=Point(1080, 2364) d=0 taskParent=-1 winMode=1 userId=0},{m=TO_FRONT f=IS_WALLPAPER leash=Surface(name=WallpaperWindowToken{a92f921}#60)/@0x92fb5c9 sb=Rect(0, 0 - 1080, 2364) eb=Rect(0, 0 - 1080, 2364) epz=Point(1080, 2364) d=0}]}
04-15 15:12:33.224  2721  2751 V WindowManagerShell:  Checking filter Pair{{types=[] flags=0x0] notFlags=0x0 checks=[{atype=undefined independent=true modes=[CLOSE,TO_BACK] flags=IN_TASK_WITH_EMBEDDED_ACTIVITY mustBeTask=false order=ANY topActivity=null launchCookie=null taskFragmentToken=android.os.BinderProxy@7313dfb windowingMode=undefined isCrossDisplayMove=false}]} RemoteTransition { remoteTransition = android.window.IRemoteTransition$Stub$Proxy@bfc0e18, appThread = android.app.IApplicationThread$Stub$Proxy@52d8071, debugName = overlayBackTransition, filter = null }}
04-15 15:12:33.224  2721  2751 V WindowManagerShell:  Checking filter Pair{{types=[] flags=0x0] notFlags=0x0 checks=[{atype=dream independent=true modes=[OPEN,TO_FRONT] flags=NONE mustBeTask=false order=ANY topActivity=null launchCookie=null windowingMode=undefined isCrossDisplayMove=false},{atype=home independent=true modes=[CLOSE,TO_BACK] flags=NONE mustBeTask=false order=ANY topActivity=null launchCookie=null windowingMode=undefined isCrossDisplayMove=false}]} RemoteTransition { remoteTransition = android.window.IRemoteTransition$Stub$Proxy@9e84e56, appThread = android.app.IApplicationThread$Stub$Proxy@c4bbed7, debugName = LauncherToDream, filter = null }}
04-15 15:12:33.224  2721  2751 V WindowManagerShell:  Checking filter Pair{{types=[] flags=0x0] notFlags=0x0 checks=[{atype=standard independent=false modes=[CHANGE] flags=NONE mustBeTask=true order=ANY topActivity=null launchCookie=null windowingMode=undefined isCrossDisplayMove=true}]} RemoteTransition { remoteTransition = android.window.IRemoteTransition$Stub$Proxy@1aff3c4, appThread = android.app.IApplicationThread$Stub$Proxy@1c8b2ad, debugName = QuickstepDisplayMove, filter = null }}
04-15 15:12:33.224  2721  2751 V WindowManagerShell:  Checking filter Pair{{types=[] flags=0x0] notFlags=0x100 checks=[{atype=home independent=true modes=[OPEN,TO_FRONT] flags=NONE mustBeTask=false order=ANY topActivity=ComponentInfo{com.google.android.apps.nexuslauncher/com.google.android.apps.nexuslauncher.NexusLauncherActivity} launchCookie=null windowingMode=undefined isCrossDisplayMove=false},{atype=standard independent=true modes=[CLOSE,TO_BACK] flags=NONE mustBeTask=false order=ANY topActivity=null launchCookie=null windowingMode=undefined isCrossDisplayMove=false},{NOT atype=undefined independent=true modes=[] flags=NONE mustBeTask=true order=ANY topActivity=null launchCookie=null customAnim=true windowingMode=undefined isCrossDisplayMove=false}]} RemoteTransition { remoteTransition = android.window.IRemoteTransition$Stub$Proxy@7b2f9e2, appThread = android.app.IApplicationThread$Stub$Proxy@6237173, debugName = QuickstepLaunchHome, filter = null }}
04-15 15:12:33.224  2721  2751 D RemoteTransitionHandler: Found filterPair{{types=[] flags=0x0] notFlags=0x100 checks=[{atype=home independent=true modes=[OPEN,TO_FRONT] flags=NONE mustBeTask=false order=ANY topActivity=ComponentInfo{com.google.android.apps.nexuslauncher/com.google.android.apps.nexuslauncher.NexusLauncherActivity} launchCookie=null windowingMode=undefined isCrossDisplayMove=false},{atype=standard independent=true modes=[CLOSE,TO_BACK] flags=NONE mustBeTask=false order=ANY topActivity=null launchCookie=null windowingMode=undefined isCrossDisplayMove=false},{NOT atype=undefined independent=true modes=[] flags=NONE mustBeTask=true order=ANY topActivity=null launchCookie=null customAnim=true windowingMode=undefined isCrossDisplayMove=false}]} RemoteTransition { remoteTransition = android.window.IRemoteTransition$Stub$Proxy@7b2f9e2, appThread = android.app.IApplicationThread$Stub$Proxy@6237173, debugName = QuickstepLaunchHome, filter = null }}
04-15 15:12:33.225  2721  2751 V WindowManagerShell:  Delegate animation for (#5048) to RemoteTransition { remoteTransition = android.window.IRemoteTransition$Stub$Proxy@7b2f9e2, appThread = android.app.IApplicationThread$Stub$Proxy@6237173, debugName = QuickstepLaunchHome, filter = null }
04-15 15:12:33.236  1588  1773 V WindowManager: Sent Transition (#5048) createdAt=04-15 15:12:33.135 via request=TransitionRequestInfo { type = CLOSE, triggerTask = TaskInfo{userId=0 taskId=1106 effectiveUid=10443 displayId=0 isRunning=false baseIntent=Intent { act=android.intent.action.MAIN cat=[android.intent.category.LAUNCHER] flg=0x10008000 cmp=com.adamoutler.ssh/.MainActivity } baseActivity=null topActivity=null origActivity=null realActivity=ComponentInfo{com.adamoutler.ssh/com.adamoutler.ssh.MainActivity} realActivityIsAppLockEnabled=false numActivities=0 lastActiveTime=577435688 supportsMultiWindow=true resizeMode=1 isResizeable=true minWidth=-1 minHeight=-1 defaultMinSize=220 token=WCT{RemoteToken{912878c Task{98f54ca #1106 type=standard A=10443:com.adamoutler.ssh}}} topActivityType=1 pictureInPictureParams=null shouldDockBigOverlays=false launchIntoPipHostTaskId=-1 lastParentTaskIdBeforePip=-1 displayCutoutSafeInsets=Rect(0, 0 - 0, 0) topActivityInfo=null launchCookies=[] positionInParent=Point(0, 0) parentTaskId=-1 isFocused=true isVisible=true isVisibleRequested=true isTopActivityNoDisplay=false isSleeping=false locusId=null displayAreaFeatureId=1 isTopActivityTransparent=false isActivityStackTransparent=true lastNonFullscreenBounds=null leafTaskBoundsFromOptions= false capturedLink=null capturedLinkTimestamp=0 requestedVisibleTypes=503 topActivityRequestOpenInBrowserEducationTimestamp=0 appCompatTaskInfo=AppCompatTaskInfo { topActivityInSizeCompat=false isLeafTask= true eligibleForLetterboxEducation= false isLetterboxEducationEnabled= false isLetterboxDoubleTapEnabled= false eligibleForUserAspectRatioButton= false topActivityBoundsLetterboxed= false isFromLetterboxDoubleTap= false topActivityLetterboxVerticalPosition= -1 topActivityLetterboxHorizontalPosition= -1 topActivityLetterboxWidth=-1 topActivityLetterboxHeight=-1 topActivityAppBounds=Rect(0, 0 - 0, 0) isUserFullscreenOverrideEnabled=false isSystemFullscreenOverrideEnabled=false hasMinAspectRatioOverride=false topActivityLetterboxBounds=null topNonResizableActivityAspectRatio=-1.0} topActivityMainWindowFrame=null isAppBubble=false}, pipChange = null, remoteTransitionInfo = null, displayChange = null, requestedLocation = null, userChange = null, windowingLayerChange = null, fullscreenRequestChange = null, flags = 0, debugId = 5048 }
04-15 15:12:33.236  1588  1773 V WindowManager:     startWCT=WindowContainerTransaction { changes= {} hops= [] flags= 0 errorCallbackToken=null taskFragmentOrganizer=null }
04-15 15:12:33.237  1588  1773 V WindowManager:     info={id=5048 t=CLOSE f=0x0 trk=0 r=[0@Point(0, 0)] c=[
04-15 15:12:33.237  1588  1773 V WindowManager:         {WCT{RemoteToken{912878c Task{98f54ca #1106 type=standard A=10443:com.adamoutler.ssh}}} m=CLOSE f=NONE leash=Surface(name=Task=1106#59303)/@0x9946a19 sb=Rect(0, 0 - 1080, 2364) eb=Rect(0, 0 - 1080, 2364) epz=Point(1080, 2364) d=0 taskParent=-1 winMode=1 userId=0},
04-15 15:12:33.237  1588  1773 V WindowManager:         {WCT{RemoteToken{7ffebfb Task{1f137be #1 type=home}}} m=TO_FRONT f=SHOW_WALLPAPER leash=Surface(name=Task=1#44)/@0x769a259 sb=Rect(0, 0 - 1080, 2364) eb=Rect(0, 0 - 1080, 2364) epz=Point(1080, 2364) d=0 taskParent=-1 winMode=1 userId=0},
04-15 15:12:33.237  1588  1773 V WindowManager:         {m=TO_FRONT f=IS_WALLPAPER leash=Surface(name=WallpaperWindowToken{a92f921}#60)/@0x968450 sb=Rect(0, 0 - 1080, 2364) eb=Rect(0, 0 - 1080, 2364) epz=Point(1080, 2364) d=0}
04-15 15:12:33.237  1588  1773 V WindowManager:     ]}
04-15 15:12:33.240  1588  2757 W ActivityTaskManager: setRunningRemoteTransition: no process for null
04-15 15:12:33.241  1588  1776 W ProcessStats: Tracking association SourceState{2d5bfc1 com.android.systemui/10248 ImpFg #1389741} whose proc state 5 is better than process ProcessState{a9f8127 com.google.android.apps.dreamliner/10160 pkg=com.google.android.apps.dreamliner} proc state 14 (35 skipped)
04-15 15:12:33.241  2721  2751 V WindowManagerShell:  animated by com.android.wm.shell.transition.RemoteTransitionHandler@3635add
04-15 15:12:33.241  2721  2751 D Bubbles : BubbleData.onLocusVisibilityChanged() locusId=Overview|DISABLED visible=true taskId=1
04-15 15:12:33.249 25816 25816 D InsetsController: hide(ime())
04-15 15:12:33.257  1588  3366 W PackageConfigPersister: App-specific configuration not found for packageName: com.google.android.apps.nexuslauncher and userId: 0
04-15 15:12:33.435  1588  1588 E BoundServiceSession: Bad key 2 received in binderTransactionCompleted! Closing all transactions on CR{9b42494 1588->com.google.android.as/com.google.android.apps.miphone.aiai.common.notification.service.AiAiNotificationListenerService flags=0x805000101}. Current keys: {}; Counts: []
04-15 15:12:33.435  1588  1588 E BoundServiceSession: Bad key 1 received in binderTransactionCompleted! Closing all transactions on CR{9b42494 1588->com.google.android.as/com.google.android.apps.miphone.aiai.common.notification.service.AiAiNotificationListenerService flags=0x805000101}. Current keys: {}; Counts: []
04-15 15:12:33.541  2721  2924 V WindowManagerShell: Received remote transition finished callback for (#5048)
04-15 15:12:33.542  2721  2751 V WindowManagerShell: Transition animation finished (aborted=false), notifying core (#5048) android.os.BinderProxy@3f91282@0
04-15 15:12:33.551  1588  1773 V WindowManager: Finish Transition (#5048): created at 04-15 15:12:33.135 collect-started=0.06ms request-sent=0.235ms started=9.92ms ready=78.419ms sent=81.761ms commit=13.825ms finished=415.213ms
04-15 15:12:33.552  2721  2751 V WindowManagerShell: Track 0 became idle
04-15 15:12:33.553  2721  2751 V WindowManagerShell: All active transition animations finished
04-15 15:12:33.580  1588  5004 D CoreBackPreview: Window{f5d4a66 u0 com.adamoutler.ssh/com.adamoutler.ssh.MainActivity}: Setting back callback null
04-15 15:12:33.598  1588  2673 D BackgroundInstallControlService: Package event received: 0
04-15 15:12:33.601  2721  2751 V ShellTaskOrganizer: Task vanished taskId=1106
04-15 15:12:33.601  2721  2751 V ShellTaskOrganizer: Fullscreen Task Vanished: #1106
04-15 15:12:33.601  2721  2751 V ShellDesktopMode: Task Vanished: #1106 closed=true
04-15 15:12:33.602  2721  2751 D ShellDesktopMode: AppToWebRepository: Task 1106 is vanishing. Removing task data from repository
04-15 15:12:33.602  2721  2751 V AppCompat: SingleSurfaceLetterboxController: []
04-15 15:12:33.602  2721  2751 V AppCompat: MultiSurfaceLetterboxController: []
04-15 15:12:33.602  2721  2751 V AppCompat: LetterboxInputController: []
04-15 15:12:33.602  2721  2751 V AppCompat: RoundedCornersLetterboxController: {}
04-15 15:12:33.645  1588  5027 V AccessibilityManagerService: onUserStateChangedLocked for userId: 0, forceUpdate: false
04-15 15:12:33.646  1588  5027 V AccessibilityUserState: updateShortcutTargets: type:accessibility_shortcut_target_service, current:{}, new:{}
04-15 15:12:33.646  1588  5027 V AccessibilityUserState: updateShortcutTargets: type:accessibility_button_targets, current:{}, new:{}
04-15 15:12:33.646  1588  5027 V AccessibilityUserState: updateShortcutTargets: type:accessibility_gesture_targets, current:{}, new:{}
04-15 15:12:33.646  1588  5027 V AccessibilityUserState: updateShortcutTargets: type:accessibility_qs_targets, current:{}, new:{}
04-15 15:12:33.646  1588  5027 V AccessibilityUserState: updateShortcutTargets: type:accessibility_key_gesture_targets, current:{}, new:{}
04-15 15:12:33.646  1588  5027 W MagnificationConnectionManager: requestConnection duplicated request: connect=false, mConnectionState=DISCONNECTED
04-15 15:12:33.646  1588  5027 D AccessibilityManagerService: restoreCurrentUserForTestAutomationIfNeededLocked(): ignoring because device doesn't support visible background users
04-15 15:12:33.658  1588  5004 I ActivityManager: Force stopping com.adamoutler.ssh appid=10443 user=0: finished inst
04-15 15:12:33.659  1588  5004 E ActivityManager: Unable to freeze binder for 20900: -11
04-15 15:12:33.660  1588  5004 I ActivityManager: Killing 20900:com.adamoutler.ssh/u0a443 (adj 0): stop com.adamoutler.ssh due to finished inst
04-15 15:12:33.671  1588  1773 D HintManagerService: Uid gone for 10443
04-15 15:12:33.737  1588  1588 D BatterySaverPolicy: accessibility changed to false, updating policy.
04-15 15:12:33.916  1588  3366 V ActivityManager: Got obituary of 20900:com.adamoutler.ssh
04-15 15:12:33.917  1588  1776 W ActivityManager: setHasOverlayUi called on unknown pid: 20900
04-15 15:12:34.643  1588  1801 I ActivityManager: Force stopping com.adamoutler.ssh appid=10443 user=-1: deletePackageX
04-15 15:12:34.652  1588  1875 I AppsFilter: interaction: PackageSetting{6097ace com.google.android.microdroid.empty_payload/10305} -> PackageSetting{65e2a48 com.adamoutler.ssh/10443} BLOCKED
04-15 15:12:34.703   472 31881 I keystore2: system/security/keystore2/src/maintenance.rs:613 - clearNamespace(r#APP, nspace=10443)
04-15 15:12:34.781     0     0 I trusty  : INFO: system/keymint/ta/src/lib.rs:1001 add 64 bytes of entropy
04-15 15:12:34.828  1588  2673 D BackgroundInstallControlService: Package event received: 2
04-15 15:12:34.828  1588  2673 D BackgroundInstallControlService: handlePackageRemove: removing com.adamoutler.ssh from 0
04-15 15:12:34.836  1588  1875 I ActivityManager: Force stopping com.adamoutler.ssh appid=10443 user=0: pkg removed
04-15 15:12:34.848  1588  1875 E TransitionChain: Can't collect into a chain with no transition
04-15 15:12:34.848  1588  1875 E TransitionChain: Can't collect into a chain with no transition
04-15 15:12:34.854  1588  2596 I CredentialManager: updateProvidersWhenPackageRemoved
04-15 15:12:34.855  1588  2543 V StorageManagerService: Package com.adamoutler.ssh does not have legacy storage
04-15 15:12:34.875  1588  2614 E AppOps  : attributionTag VCN not declared in manifest of android
04-15 15:12:34.875  1588  2614 E AppOps  : attributionTag VCN not declared in manifest of android
04-15 15:12:34.894  1588  2473 I RollbackManager: broadcast=ACTION_PACKAGE_FULLY_REMOVED pkg=com.adamoutler.ssh
04-15 15:12:34.905  1588  2670 D ShortcutService: received package broadcast intent: Intent { act=android.intent.action.PACKAGE_REMOVED dat=package: flg=0x4000010 (has extras) }
04-15 15:12:34.905  1588  2670 D ShortcutService: removing package: com.adamoutler.ssh userId=0
04-15 15:12:34.927  1588  2542 V AccessibilityUserState: updateShortcutTargets: type:accessibility_shortcut_target_service, current:{}, new:{}
04-15 15:12:34.927  1588  2542 V AccessibilityUserState: updateShortcutTargets: type:accessibility_qs_targets, current:{}, new:{}
04-15 15:12:34.927  1588  2542 V AccessibilityUserState: updateShortcutTargets: type:accessibility_button_targets, current:{}, new:{}
04-15 15:12:34.927  1588  2542 V AccessibilityUserState: updateShortcutTargets: type:accessibility_gesture_targets, current:{}, new:{}
04-15 15:12:34.927  1588  2542 V AccessibilityUserState: updateShortcutTargets: type:accessibility_key_gesture_targets, current:{}, new:{}
04-15 15:12:34.928  1588  2542 V AccessibilityManagerService: onUserStateChangedLocked for userId: 0, forceUpdate: false
04-15 15:12:34.929  1588  2542 V AccessibilityUserState: updateShortcutTargets: type:accessibility_shortcut_target_service, current:{}, new:{}
04-15 15:12:34.929  1588  2542 V AccessibilityUserState: updateShortcutTargets: type:accessibility_button_targets, current:{}, new:{}
04-15 15:12:34.929  1588  2542 V AccessibilityUserState: updateShortcutTargets: type:accessibility_gesture_targets, current:{}, new:{}
04-15 15:12:34.929  1588  2542 V AccessibilityUserState: updateShortcutTargets: type:accessibility_qs_targets, current:{}, new:{}
04-15 15:12:34.929  1588  2542 V AccessibilityUserState: updateShortcutTargets: type:accessibility_key_gesture_targets, current:{}, new:{}
04-15 15:12:34.929  1588  2542 W MagnificationConnectionManager: requestConnection duplicated request: connect=false, mConnectionState=DISCONNECTED
04-15 15:12:34.942  1588  4847 D HealthConnectTrackerManagerImpl: No packages eligible for step tracking. Aborting initialization.
04-15 15:12:34.946  1588  1728 W AppOpService: Ignored setUidMode call for runtime permission app op: uid = 1001, code = READ_SMS, mode = allow, callingUid = 1001, oldMode = allow
04-15 15:12:34.947  1588  1728 W AppOpService: Ignored setUidMode call for runtime permission app op: uid = 1001, code = RECEIVE_SMS, mode = allow, callingUid = 1001, oldMode = allow
04-15 15:12:34.947  1588  5026 W AppOpService: Ignored setUidMode call for runtime permission app op: uid = 1001, code = RECEIVE_WAP_PUSH, mode = allow, callingUid = 1001, oldMode = allow
04-15 15:12:34.948  1588  5026 W AppOpService: Ignored setUidMode call for runtime permission app op: uid = 1001, code = SEND_SMS, mode = allow, callingUid = 1001, oldMode = allow
04-15 15:12:34.948  1588  5026 W AppOpService: Ignored setUidMode call for runtime permission app op: uid = 1001, code = READ_CELL_BROADCASTS, mode = allow, callingUid = 1001, oldMode = allow
04-15 15:12:34.968  1588  1801 D ActivityManager: sync unfroze 20038 com.android.chrome for 3
04-15 15:12:34.969  1588  1801 D ActivityManager: sync unfroze 22215 com.android.chrome:sandboxed_process0:org.chromium.content.app.SandboxedProcessService0:219 for 3
04-15 15:12:34.974  1588  1801 D ActivityManager: sync unfroze 9594 com.android.chrome:privileged_process2 for 3
04-15 15:12:34.975  1588  1801 D ActivityManager: sync unfroze 11738 org.chromium.webapk.a5a8228c3188a0ef2_v2 for 3
04-15 15:12:34.976  1588  1801 D ActivityManager: sync unfroze 28665 com.android.chrome:sandboxed_process0:org.chromium.content.app.SandboxedProcessService0:234 for 3
04-15 15:12:34.982  1588  1801 D ActivityManager: sync unfroze 11274 com.google.android.documentsui for 3
04-15 15:12:34.983  1588  1875 I AppsFilter: interaction: PackageSetting{6097ace com.google.android.microdroid.empty_payload/10305} -> PackageSetting{d88d254 com.adamoutler.ssh.test/10444} BLOCKED
04-15 15:12:34.984  1588  1801 D ActivityManager: sync unfroze 17348 com.google.android.videos for 3
04-15 15:12:34.990  1588  1801 I ActivityManager: Force stopping com.adamoutler.ssh.test appid=10444 user=-1: deletePackageX
04-15 15:12:35.005   472 31881 I keystore2: system/security/keystore2/src/maintenance.rs:613 - clearNamespace(r#APP, nspace=10444)
04-15 15:12:35.052  1588  1588 D ActivityManager: sync unfroze 3191 com.android.settings for 10
04-15 15:12:35.054  1588  1588 D ActivityManager: sync unfroze 31958 com.google.android.apps.carrier.carrierwifi for 10
04-15 15:12:35.060  1588  1588 D ActivityManager: sync unfroze 3874 com.google.android.apps.wellbeing for 10
04-15 15:12:35.065  1588  1588 D ActivityManager: sync unfroze 32418 com.android.keychain for 10
04-15 15:12:35.065  1588  1588 D ActivityManager: sync unfroze 11653 system:ui for 10
04-15 15:12:35.084  1588  2673 D BackgroundInstallControlService: Package event received: 2
04-15 15:12:35.084  1588  2673 D BackgroundInstallControlService: handlePackageRemove: removing com.adamoutler.ssh.test from 0
04-15 15:12:35.095  1588  2673 D BackgroundInstallControlService: Package event received: 0
04-15 15:12:35.097  1588  1588 W Looper  : Slow dispatch took 193ms main app=system_server main=true group=FOREGROUND h=android.app.ActivityThread$H c=android.app.LoadedApk$ReceiverDispatcher$Args$$ExternalSyntheticLambda0@540e0c4 m=0
04-15 15:12:35.097  1588  1588 W Looper  : Slow delivery took 228ms main app=system_server main=true group=FOREGROUND h=android.app.ActivityThread$H c=android.app.LoadedApk$ReceiverDispatcher$Args$$ExternalSyntheticLambda0@cb39bad m=0
04-15 15:12:35.099  1588  1588 I Telecom : CarModeTracker: Package com.adamoutler.ssh is not tracked.: SSH.oR@sIQ
04-15 15:12:35.099  1588  1588 I Telecom : InCallController: updateCarModeForConnections: car mode apps: : SSH.oR@sIQ
04-15 15:12:35.100  1588  1875 I ActivityManager: Force stopping com.adamoutler.ssh.test appid=10444 user=0: pkg removed
04-15 15:12:35.108  1588  1588 I Telecom : InCallController: update carmode current:UserHandle{0} parent:null: SSH.oR@sIQ
04-15 15:12:35.116  1588  1797 D LauncherAppsService: onPackageRemoved: triggering onPackageRemoved for user=UserHandle{0}, packageName=com.adamoutler.ssh
04-15 15:12:35.118  1588  1797 D LauncherAppsService: onPackageRemoved: triggering onPackageRemoved for user=UserHandle{0}, packageName=com.adamoutler.ssh
04-15 15:12:35.118  1588  1797 D LauncherAppsService: onPackageRemoved: triggering onPackageRemoved for user=UserHandle{0}, packageName=com.adamoutler.ssh
04-15 15:12:35.120  2721  2751 D Bubbles : BubbleData.removeBubblesWithPackageName() package=com.adamoutler.ssh
04-15 15:12:35.160  1588  2543 V StorageManagerService: Package com.adamoutler.ssh.test does not have legacy storage
04-15 15:12:35.164  1588  2596 I CredentialManager: updateProvidersWhenPackageRemoved
04-15 15:12:35.173  1588  9000 I DevicePolicyManager: Found incompatible accounts on any user, not allowing bypassing
04-15 15:12:35.176  1588  9000 I DevicePolicyManager: Found incompatible accounts on any user, not allowing bypassing
04-15 15:12:35.217  1588  1588 D ActivityManager: sync unfroze 12295 com.google.android.odad for 6
04-15 15:12:35.237  1588  2542 V AccessibilityUserState: updateShortcutTargets: type:accessibility_shortcut_target_service, current:{}, new:{}
04-15 15:12:35.237  1588  2542 V AccessibilityUserState: updateShortcutTargets: type:accessibility_qs_targets, current:{}, new:{}
04-15 15:12:35.237  1588  2542 V AccessibilityUserState: updateShortcutTargets: type:accessibility_button_targets, current:{}, new:{}
04-15 15:12:35.237  1588  2542 V AccessibilityUserState: updateShortcutTargets: type:accessibility_gesture_targets, current:{}, new:{}
04-15 15:12:35.237  1588  2542 V AccessibilityUserState: updateShortcutTargets: type:accessibility_key_gesture_targets, current:{}, new:{}
04-15 15:12:35.238  1588  2542 V AccessibilityManagerService: onUserStateChangedLocked for userId: 0, forceUpdate: false
04-15 15:12:35.242  1588  4847 D HealthConnectTrackerManagerImpl: No packages eligible for step tracking. Aborting initialization.
04-15 15:12:35.246  1588  2673 D BackgroundInstallControlService: Package event received: 0
04-15 15:12:35.246  1588  2673 D BackgroundInstallControlService: Package event received: 0
04-15 15:12:35.247  1588  1588 I ConditionProviders: Disallowing condition provider com.adamoutler.ssh (userSet: true)
04-15 15:12:35.255  1588  2542 V AccessibilityUserState: updateShortcutTargets: type:accessibility_shortcut_target_service, current:{}, new:{}
04-15 15:12:35.255  1588  2542 V AccessibilityUserState: updateShortcutTargets: type:accessibility_button_targets, current:{}, new:{}
04-15 15:12:35.255  1588  2542 V AccessibilityUserState: updateShortcutTargets: type:accessibility_gesture_targets, current:{}, new:{}
04-15 15:12:35.255  1588  2542 V AccessibilityUserState: updateShortcutTargets: type:accessibility_qs_targets, current:{}, new:{}
04-15 15:12:35.255  1588  2542 V AccessibilityUserState: updateShortcutTargets: type:accessibility_key_gesture_targets, current:{}, new:{}
04-15 15:12:35.255  1588  2542 W MagnificationConnectionManager: requestConnection duplicated request: connect=false, mConnectionState=DISCONNECTED
04-15 15:12:35.297  1588  2473 I RollbackManager: broadcast=ACTION_PACKAGE_FULLY_REMOVED pkg=com.adamoutler.ssh.test
04-15 15:12:35.300  1588  2673 D BackgroundInstallControlService: Package event received: 0
04-15 15:12:35.300  1588  2673 D BackgroundInstallControlService: Package event received: 0
04-15 15:12:35.300  1588  2673 D BackgroundInstallControlService: Package event received: 0
04-15 15:12:35.300  1588  1801 D ActivityManager: sync unfroze 12056 com.android.vending for 3
04-15 15:12:35.302  1588  1801 D ActivityManager: sync unfroze 16980 com.android.vending:background for 3
04-15 15:12:35.322  1588  1588 I Telecom : CarModeTracker: Package com.adamoutler.ssh.test is not tracked.: SSH.oR@sIY
04-15 15:12:35.328  1588  1588 I Telecom : InCallController: updateCarModeForConnections: car mode apps: : SSH.oR@sIY
04-15 15:12:35.328  1588  1588 I Telecom : InCallController: update carmode current:UserHandle{0} parent:null: SSH.oR@sIY
04-15 15:12:35.332  1588  2757 V Configuration: Updating configuration, locales updated from [] to [en_US]
04-15 15:12:35.332  1588  2757 V Configuration: Updating configuration, locales updated from [] to [en_US]
04-15 15:12:35.332  1588  2757 V Configuration: Updating configuration, locales updated from [] to [en_US]
04-15 15:12:35.332  1588  2757 V Configuration: Updating configuration, locales updated from [] to [en]
04-15 15:12:35.332  1588  2757 V Configuration: Updating configuration, locales updated from [] to [en_US]
04-15 15:12:35.332  1588  2757 V Configuration: Updating configuration, locales updated from [] to [en]
04-15 15:12:35.332  1588  2757 V Configuration: Updating configuration, locales updated from [] to [en_US]
04-15 15:12:35.332  1588  2757 V Configuration: Updating configuration, locales updated from [] to [en_US]
04-15 15:12:35.332  1588  2757 V Configuration: Updating configuration, locales updated from [] to [en_US]
04-15 15:12:35.332  1588  2757 D IntervalStats: Unable to parse usage stats packages: [30, 242, 273, 339, 345, 362, 365, 366, 369, 371, 391, 400, 401, 406, 411, 425, 431, 434, 435, 437, 438, 439, 440, 441, 442, 443, 456, 458, 459, 460, 461, 462]
04-15 15:12:35.354  1588  1728 W AppOpService: Ignored setUidMode call for runtime permission app op: uid = 1001, code = READ_SMS, mode = allow, callingUid = 1001, oldMode = allow
04-15 15:12:35.354  1588  1588 I RemoteContentProtectionService: Connection status for: ComponentInfo{com.google.android.odad/com.google.android.apps.miphone.odad.contentprotection.ContentProtectionService} changed to: connected
04-15 15:12:35.355  1588  1728 W AppOpService: Ignored setUidMode call for runtime permission app op: uid = 1001, code = RECEIVE_SMS, mode = allow, callingUid = 1001, oldMode = allow
04-15 15:12:35.365  1588  2757 W AppOpService: Ignored setUidMode call for runtime permission app op: uid = 1001, code = RECEIVE_WAP_PUSH, mode = allow, callingUid = 1001, oldMode = allow
04-15 15:12:35.367  1588  3863 V Configuration: Updating configuration, locales updated from [] to [en_US]
04-15 15:12:35.367  1588  3863 V Configuration: Updating configuration, locales updated from [] to [en_US]
04-15 15:12:35.367  1588  3863 V Configuration: Updating configuration, locales updated from [] to [en_US]
04-15 15:12:35.368  1588  3863 V Configuration: Updating configuration, locales updated from [] to [en]
04-15 15:12:35.368  1588  3863 V Configuration: Updating configuration, locales updated from [] to [en_US]
04-15 15:12:35.368  1588  3863 V Configuration: Updating configuration, locales updated from [] to [en]
04-15 15:12:35.368  1588  3863 V Configuration: Updating configuration, locales updated from [] to [en_US]
04-15 15:12:35.368  1588  3863 V Configuration: Updating configuration, locales updated from [] to [en_US]
04-15 15:12:35.368  1588  3863 V Configuration: Updating configuration, locales updated from [] to [en_US]
04-15 15:12:35.368  1588  3863 D IntervalStats: Unable to parse usage stats packages: [30, 242, 273, 339, 345, 362, 365, 366, 369, 371, 391, 400, 401, 406, 411, 425, 431, 434, 435, 437, 438, 439, 440, 441, 442, 443, 456, 458, 459, 460, 461, 462]
04-15 15:12:35.370  1588 20594 V Configuration: Updating configuration, locales updated from [] to [en_US]
04-15 15:12:35.370  1588 20594 V Configuration: Updating configuration, locales updated from [] to [en_US]
04-15 15:12:35.370  1588 20594 V Configuration: Updating configuration, locales updated from [] to [en_US]
04-15 15:12:35.370  1588 20594 D IntervalStats: Unable to parse usage stats packages: [497, 498]
04-15 15:12:35.370  1588 20594 V Configuration: Updating configuration, locales updated from [] to [en_US]
04-15 15:12:35.370  1588 20594 V Configuration: Updating configuration, locales updated from [] to [en_US]
04-15 15:12:35.370  1588 20594 V Configuration: Updating configuration, locales updated from [] to [en_US]
04-15 15:12:35.371  1588 20594 V Configuration: Updating configuration, locales updated from [] to [en_US]
04-15 15:12:35.371  1588 20594 D IntervalStats: Unable to parse usage stats packages: [500, 502]
04-15 15:12:35.371  1588 20594 V Configuration: Updating configuration, locales updated from [] to [en_US]
04-15 15:12:35.371  1588 20594 V Configuration: Updating configuration, locales updated from [] to [en_US]
04-15 15:12:35.371  1588 20594 V Configuration: Updating configuration, locales updated from [] to [en_US]
04-15 15:12:35.372  1588 20594 D IntervalStats: Unable to parse usage stats packages: [503]
04-15 15:12:35.374  1588  1588 I ConditionProviders: Disallowing condition provider com.adamoutler.ssh.test (userSet: true)
04-15 15:12:35.384  1588  3366 W AppOpService: Ignored setUidMode call for runtime permission app op: uid = 1001, code = SEND_SMS, mode = allow, callingUid = 1001, oldMode = allow
04-15 15:12:35.385  1588  2995 W AppOpService: Ignored setUidMode call for runtime permission app op: uid = 1001, code = READ_CELL_BROADCASTS, mode = allow, callingUid = 1001, oldMode = allow
04-15 15:12:35.398  1588  1588 W Looper  : Drained
04-15 15:12:35.405  1588  1801 D ActivityManager: sync unfroze 11383 com.oasisfeng.island for 3
04-15 15:12:35.417  1588 20594 V Configuration: Updating configuration, locales updated from [] to [en_US]
04-15 15:12:35.417  1588 20594 V Configuration: Updating configuration, locales updated from [] to [en_US]
04-15 15:12:35.417  1588 20594 V Configuration: Updating configuration, locales updated from [] to [en_US]
04-15 15:12:35.417  1588 20594 V Configuration: Updating configuration, locales updated from [] to [en_US]
04-15 15:12:35.417  1588 20594 V Configuration: Updating configuration, locales updated from [] to [en_US]
04-15 15:12:35.417  1588 20594 V Configuration: Updating configuration, locales updated from [] to [en_US]
04-15 15:12:35.417  1588 20594 V Configuration: Updating configuration, locales updated from [] to [en_US]
04-15 15:12:35.417  1588 20594 V Configuration: Updating configuration, locales updated from [] to [en_US]
04-15 15:12:35.417  1588 20594 V Configuration: Updating configuration, locales updated from [] to [en_US]
04-15 15:12:35.433  3789  3807 I VirtualizationService: virtualizationservice::aidl: packageRemoved(user_id=0, app_id=10443)
04-15 15:12:35.433  3789  3807 I VirtualizationService: virtualizationservice::maintenance: delete_ids_for_app(user_id=0, app_id=10443) removes 0 secrets
04-15 15:12:35.444  1588 20594 D IntervalStats: Unable to parse usage stats packages: [503, 505]
04-15 15:12:35.445  1588 20594 V Configuration: Updating configuration, locales updated from [] to [en_US]
04-15 15:12:35.445  1588 20594 V Configuration: Updating configuration, locales updated from [] to [en_US]
04-15 15:12:35.445  1588 20594 V Configuration: Updating configuration, locales updated from [] to [en_US]
04-15 15:12:35.445  1588 20594 V Configuration: Updating configuration, locales updated from [] to [en_US]
04-15 15:12:35.445  1588 20594 D IntervalStats: Unable to parse usage stats packages: [505]
04-15 15:12:35.446  1588 20594 V Configuration: Updating configuration, locales updated from [] to [en_US]
04-15 15:12:35.446  1588 20594 V Configuration: Updating configuration, locales updated from [] to [en_US]
04-15 15:12:35.446  1588 20594 V Configuration: Updating configuration, locales updated from [] to [en_US]
04-15 15:12:35.446  1588 20594 V Configuration: Updating configuration, locales updated from [] to [en_US]
04-15 15:12:35.446  1588 20594 V Configuration: Updating configuration, locales updated from [] to [en_US]
04-15 15:12:35.446  1588 20594 V Configuration: Updating configuration, locales updated from [] to [en_US]
04-15 15:12:35.446  1588 20594 D IntervalStats: Unable to parse usage stats packages: [505]
04-15 15:12:35.446  1588 20594 V Configuration: Updating configuration, locales updated from [] to [en_US]
04-15 15:12:35.446  1588 20594 V Configuration: Updating configuration, locales updated from [] to [en_US]
04-15 15:12:35.446  1588 20594 V Configuration: Updating configuration, locales updated from [] to [en_US]
04-15 15:12:35.447  1588 20594 V Configuration: Updating configuration, locales updated from [] to [en_US]
04-15 15:12:35.447  1588 20594 V Configuration: Updating configuration, locales updated from [] to [en_US]
04-15 15:12:35.451  1588  1797 D LauncherAppsService: onPackageRemoved: triggering onPackageRemoved for user=UserHandle{0}, packageName=com.adamoutler.ssh.test
04-15 15:12:35.452  1588  1797 D LauncherAppsService: onPackageRemoved: triggering onPackageRemoved for user=UserHandle{0}, packageName=com.adamoutler.ssh.test
04-15 15:12:35.452  1588  1797 D LauncherAppsService: onPackageRemoved: triggering onPackageRemoved for user=UserHandle{0}, packageName=com.adamoutler.ssh.test
04-15 15:12:35.453  2721  2751 D Bubbles : BubbleData.removeBubblesWithPackageName() package=com.adamoutler.ssh.test
04-15 15:12:35.455  1588  1801 D ActivityManager: sync unfroze 10711 com.google.android.apps.nbu.files for 3
04-15 15:12:35.458  1588  1588 I RemoteContentProtectionService: Connection status for: ComponentInfo{com.google.android.odad/com.google.android.apps.miphone.odad.contentprotection.ContentProtectionService} changed to: connected
04-15 15:12:35.477  1588  1776 I DisplayDeviceRepository: Display device changed render timings: "Outer Display", renderFrameRate=60.000004, presentationDeadlineNanos=11500000, appVsyncOffsetNanos=6233332, frameRateOverrides=[]
04-15 15:12:35.478  1588  1774 D WindowManager: DeferredDisplayUpdater: partially applying DisplayInfo(1080 x 2364) immediately
04-15 15:12:35.505  1588 20594 D IntervalStats: Unable to parse usage stats packages: [505]
04-15 15:12:35.506  1588 20594 V Configuration: Updating configuration, locales updated from [] to [en_US]
04-15 15:12:35.506  1588 20594 V Configuration: Updating configuration, locales updated from [] to [en_US]
04-15 15:12:35.506  1588 20594 V Configuration: Updating configuration, locales updated from [] to [en_US]
04-15 15:12:35.506  1588 20594 V Configuration: Updating configuration, locales updated from [] to [en_US]
04-15 15:12:35.506  1588 20594 V Configuration: Updating configuration, locales updated from [] to [en_US]
04-15 15:12:35.506  1588 20594 V Configuration: Updating configuration, locales updated from [] to [en_US]
04-15 15:12:35.507  1588 20594 D IntervalStats: Unable to parse usage stats packages: [505, 510]
04-15 15:12:35.507  1588 20594 V Configuration: Updating configuration, locales updated from [] to [en_US]
04-15 15:12:35.507  1588 20594 V Configuration: Updating configuration, locales updated from [] to [en_US]
04-15 15:12:35.507  1588 20594 V Configuration: Updating configuration, locales updated from [] to [en_US]
04-15 15:12:35.507  1588 20594 V Configuration: Updating configuration, locales updated from [] to [en_US]
04-15 15:12:35.507  1588 20594 V Configuration: Updating configuration, locales updated from [] to [en_US]
04-15 15:12:35.507  1588 20594 D IntervalStats: Unable to parse usage stats packages: [505]
04-15 15:12:35.512  1588  2673 D BackgroundInstallControlService: Package event received: 0
04-15 15:12:35.560  1588  1801 D ActivityManager: sync unfroze 3225 com.google.android.permissioncontroller for 3
04-15 15:12:35.571  1588  2673 D BackgroundInstallControlService: Package event received: 0
04-15 15:12:35.581  1588  1588 W JobScheduler: Job didn't exist in JobStore: 42e56c6 {androidx.work.systemjobscheduler} #u0a171/118 #ProvisioningWorker#@androidx.work.systemjobscheduler@com.google.android.apps.carrier.carrierwifi/androidx.work.impl.background.systemjob.SystemJobService
04-15 15:12:35.583  1588  2673 D BackgroundInstallControlService: Package event received: 0
04-15 15:12:35.592  1588  2445 I ActivityManager: Background started FGS: Allowed [callingPackage: com.google.android.odad; callingUid: 10187; uidState: IMPF; uidBFSL: n/a; intent: Intent { xflg=0x4 cmp=com.google.android.odad/com.google.android.apps.miphone.odad.backgroundwork.impl.WorkService (has extras) }; code:BACKGROUND_ACTIVITY_PERMISSION; tempAllowListReason:<null>; allowWiu:58; targetSdkVersion:36; callerTargetSdkVersion:36; startForegroundCount:0; bindFromPackage:null: isBindService:false]
04-15 15:12:35.646 12056 12056 W NotificationManager: Shedding cancel (dupe) of NotificationKey[user=UserHandle{0}, pkg=com.android.vending, tag=null, id=590953439], rate limit (5.0) exceeded: input 7.309368, output would be 5.1202226
04-15 15:12:35.682  1588  2670 D ShortcutService: received package broadcast intent: Intent { act=android.intent.action.PACKAGE_REMOVED dat=package: flg=0x4000010 (has extras) }
04-15 15:12:35.682  1588  2670 D ShortcutService: removing package: com.adamoutler.ssh.test userId=0
04-15 15:12:35.686  3789  3807 I VirtualizationService: virtualizationservice::aidl: packageRemoved(user_id=0, app_id=10444)
04-15 15:12:35.686  3789  3807 I VirtualizationService: virtualizationservice::maintenance: delete_ids_for_app(user_id=0, app_id=10444) removes 0 secrets
04-15 15:12:35.714  1588  3688 V Configuration: Updating configuration, locales updated from [] to [en_US]
04-15 15:12:35.715  1588  3688 V Configuration: Updating configuration, locales updated from [] to [en_US]
04-15 15:12:35.715  1588  3688 V Configuration: Updating configuration, locales updated from [] to [en_US]
04-15 15:12:35.716  1588  3688 V Configuration: Updating configuration, locales updated from [] to [en]
04-15 15:12:35.716  1588  3688 V Configuration: Updating configuration, locales updated from [] to [en_US]
04-15 15:12:35.716  1588  3688 V Configuration: Updating configuration, locales updated from [] to [en]
04-15 15:12:35.716  1588  3688 V Configuration: Updating configuration, locales updated from [] to [en_US]
04-15 15:12:35.716  1588  3688 V Configuration: Updating configuration, locales updated from [] to [en_US]
04-15 15:12:35.716  1588  3688 V Configuration: Updating configuration, locales updated from [] to [en_US]
04-15 15:12:35.718  1588  3688 D IntervalStats: Unable to parse usage stats packages: [30, 242, 273, 339, 345, 362, 365, 366, 369, 371, 391, 400, 401, 406, 411, 425, 431, 434, 435, 437, 438, 439, 440, 441, 442, 443, 456, 458, 459, 460, 461, 462]
04-15 15:12:35.751  1588 21117 V Configuration: Updating configuration, locales updated from [] to [en_US]
04-15 15:12:35.751  1588 21117 V Configuration: Updating configuration, locales updated from [] to [en_US]
04-15 15:12:35.751  1588 21117 V Configuration: Updating configuration, locales updated from [] to [en_US]
04-15 15:12:35.752  1588 21117 D IntervalStats: Unable to parse usage stats packages: [497, 498]
04-15 15:12:35.752  1588 21117 V Configuration: Updating configuration, locales updated from [] to [en_US]
04-15 15:12:35.752  1588 21117 V Configuration: Updating configuration, locales updated from [] to [en_US]
04-15 15:12:35.752  1588 21117 V Configuration: Updating configuration, locales updated from [] to [en_US]
04-15 15:12:35.753  1588 21117 V Configuration: Updating configuration, locales updated from [] to [en_US]
04-15 15:12:35.759  1588 21117 D IntervalStats: Unable to parse usage stats packages: [500, 502]
04-15 15:12:35.759  1588 21117 V Configuration: Updating configuration, locales updated from [] to [en_US]
04-15 15:12:35.759  1588 21117 V Configuration: Updating configuration, locales updated from [] to [en_US]
04-15 15:12:35.759  1588 21117 V Configuration: Updating configuration, locales updated from [] to [en_US]
04-15 15:12:35.760  1588 21117 D IntervalStats: Unable to parse usage stats packages: [503]
04-15 15:12:35.760  1588 21117 V Configuration: Updating configuration, locales updated from [] to [en_US]
04-15 15:12:35.760  1588 21117 V Configuration: Updating configuration, locales updated from [] to [en_US]
04-15 15:12:35.760  1588 21117 V Configuration: Updating configuration, locales updated from [] to [en_US]
04-15 15:12:35.760  1588 21117 V Configuration: Updating configuration, locales updated from [] to [en_US]
04-15 15:12:35.760  1588 21117 V Configuration: Updating configuration, locales updated from [] to [en_US]
04-15 15:12:35.760  1588 21117 V Configuration: Updating configuration, locales updated from [] to [en_US]
04-15 15:12:35.760  1588 21117 V Configuration: Updating configuration, locales updated from [] to [en_US]
04-15 15:12:35.760  1588 21117 V Configuration: Updating configuration, locales updated from [] to [en_US]
04-15 15:12:35.760  1588 21117 V Configuration: Updating configuration, locales updated from [] to [en_US]
04-15 15:12:35.761  1588 21117 D IntervalStats: Unable to parse usage stats packages: [503, 505]
04-15 15:12:35.764  1588 21117 V Configuration: Updating configuration, locales updated from [] to [en_US]
04-15 15:12:35.765  1588 21117 V Configuration: Updating configuration, locales updated from [] to [en_US]
04-15 15:12:35.765  1588 21117 V Configuration: Updating configuration, locales updated from [] to [en_US]
04-15 15:12:35.765  1588 21117 V Configuration: Updating configuration, locales updated from [] to [en_US]
04-15 15:12:35.765  1588 21117 D IntervalStats: Unable to parse usage stats packages: [505]
04-15 15:12:35.765  1588 21117 V Configuration: Updating configuration, locales updated from [] to [en_US]
04-15 15:12:35.766  1588 21117 V Configuration: Updating configuration, locales updated from [] to [en_US]
04-15 15:12:35.766  1588 21117 V Configuration: Updating configuration, locales updated from [] to [en_US]
04-15 15:12:35.766  1588 21117 V Configuration: Updating configuration, locales updated from [] to [en_US]
04-15 15:12:35.766  1588 21117 V Configuration: Updating configuration, locales updated from [] to [en_US]
04-15 15:12:35.766  1588 21117 V Configuration: Updating configuration, locales updated from [] to [en_US]
04-15 15:12:35.766  1588 21117 D IntervalStats: Unable to parse usage stats packages: [505]
04-15 15:12:35.766  1588 21117 V Configuration: Updating configuration, locales updated from [] to [en_US]
04-15 15:12:35.766  1588 21117 V Configuration: Updating configuration, locales updated from [] to [en_US]
04-15 15:12:35.766  1588 21117 V Configuration: Updating configuration, locales updated from [] to [en_US]
04-15 15:12:35.766  1588 21117 V Configuration: Updating configuration, locales updated from [] to [en_US]
04-15 15:12:35.766  1588 21117 V Configuration: Updating configuration, locales updated from [] to [en_US]
04-15 15:12:35.767  1588 21117 D IntervalStats: Unable to parse usage stats packages: [505]
04-15 15:12:35.770  1588 21117 V Configuration: Updating configuration, locales updated from [] to [en_US]
04-15 15:12:35.770  1588 21117 V Configuration: Updating configuration, locales updated from [] to [en_US]
04-15 15:12:35.770  1588 21117 V Configuration: Updating configuration, locales updated from [] to [en_US]
04-15 15:12:35.770  1588 21117 V Configuration: Updating configuration, locales updated from [] to [en_US]
04-15 15:12:35.770  1588 21117 V Configuration: Updating configuration, locales updated from [] to [en_US]
04-15 15:12:35.770  1588 21117 V Configuration: Updating configuration, locales updated from [] to [en_US]
04-15 15:12:35.771  1588 21117 D IntervalStats: Unable to parse usage stats packages: [505, 510]
04-15 15:12:35.771  1588 21117 V Configuration: Updating configuration, locales updated from [] to [en_US]
04-15 15:12:35.771  1588 21117 V Configuration: Updating configuration, locales updated from [] to [en_US]
04-15 15:12:35.771  1588 21117 V Configuration: Updating configuration, locales updated from [] to [en_US]
04-15 15:12:35.771  1588 21117 V Configuration: Updating configuration, locales updated from [] to [en_US]
04-15 15:12:35.771  1588 21117 V Configuration: Updating configuration, locales updated from [] to [en_US]
04-15 15:12:35.772  1588 21117 D IntervalStats: Unable to parse usage stats packages: [505]
04-15 15:12:35.796  1588  3217 V Configuration: Updating configuration, locales updated from [] to [en_US]
