04-21 00:10:40.852 22674 15630 I SpeechEnhancementLogger: SpeechEnhancementLogger.logAtInfo():24 Speech enhancement is disabled because device model is not supported [SD]
04-21 00:10:40.853 22674 15623 I SpeechEnhancementLogger: SpeechEnhancementLogger.logAtInfo():24 Speech enhancement is disabled because device model is not supported [SD]
04-21 00:10:40.853 22674 15623 I EligibilityUtilKt: EligibilityUtilKt.isDictationSupportedInInputField():92 Field type is not set, assuming supported input field. [SD]
04-21 00:10:40.854 22674 15630 I EligibilityUtilKt: EligibilityUtilKt.isDictationSupportedInInputField():92 Field type is not set, assuming supported input field. [SD]
04-21 00:10:40.858 16311 16556 I TerminalScreen: SIGWINCH dispatched successfully: cols=235, rows=20, width=1881, height=352
04-21 00:10:40.859 14382 26418 I NGSA.GoogleAsrService: #downloadModel
04-21 00:10:40.862 14382 26418 I DefaultLPManager: #getAvailablePackages
04-21 00:10:40.862 14382 26418 I gxe     : #getDownloadableLanguagePacks
04-21 00:10:40.863 14382 26418 I LanguagePackConfigImpl: Loaded languagepack (LP) flag value from latest config autogen_BatchV9071V9072V9075: [en-US3006, de-DE3002, es-ES3000, fr-FR3002, it-IT3000, ja-JP3003, en-AU3003, en-GB3002, en-IE3002, en-SG3001, de-DE3003, fr-FR3003, ja-JP3004, en-US3008, cmn-Hant-TW9053, de-AT9053, de-BE9053, de-CH9053, de-DE9053, en-AU9053, en-CA9053, en-GB9053, en-IE9053, en-IN9053, en-SG9053, en-US9053, es-ES9053, es-US9053, fr-BE9053, fr-CA9053, fr-CH9053, fr-FR9053, hi-IN9053, it-CH9053, it-IT9053, ja-JP9053, zh-Hant-TW9053, zh-TW9053, pt-BR3054, cmn-Hans-CN3056, cmn-Hant-TW3056, de-AT3056, de-BE3056, de-CH3056, de-DE3056, en-CA3056, en-IN3056, en-US3056, es-ES3056, es-US3056, fr-BE3056, fr-CA3056, fr-CH3056, fr-FR3056, hi-IN3056, id-ID3056, it-CH3056, it-IT3056, ja-JP3056, ko-KR3056, pl-PL3056, pt-BR3056, ru-RU3056, th-TH3056, tr-TR3056, vi-VN3056, cmn-Hans-CN3056, id-ID3056, pl-PL3056, pt-BR3056, ru-RU3056, th-TH3056, tr-TR3056, vi-VN3056, cmn-Hant-TW9054, de-AT9054, de-BE9054, de-CH9054, de-DE9054, en-AU9054, en-CA9054, en-GB9054, en-IE9054, en-IN9054, en-SG9054, en-US9054, es-ES9054, es-US9054, fr-BE9054, fr-CA9054, fr-CH9054, fr-FR9054, hi-IN9054, it-CH9054, it-IT9054, ja-JP9054, pt-BR3054, zh-Hant-TW9054, zh-TW9054, ja-JP3059, id-ID3059, ko-KR3061, pl-PL3059, ru-RU3059, th-TH3059, tr-TR3059, vi-VN3059, ag-AG9009, en-AU3071, en-CA3071, en-GB3071, en-IE3071, en-SG3071, en-US3072, hi-IN3072, cmn-Hant-TW9071, da-DK9071, de-AT9071, de-BE9071, de-CH9071, de-DE9072, en-AU9075, en-CA9075, en-GB9075, en-IE9075, en-IN9072, en-SG9075, en-US9075, es-ES9071, es-US9072, fr-BE9071, fr-CA9071, fr-CH9071, fr-FR9072, hi-IN9072, it-CH9071, it-IT9071, ja-JP9072, ko-KR9072, nb-NO9071, nl-NL9071, sv-SE9071, zh-Hant-TW9071, zh-TW9071]
04-21 00:10:40.863 14382 26418 W SystemLPSourceImpl: #getAvailablePackages: Note there is not reason to call this method, as getInstalledPackages() returns the same LanguagePacks for this impl.
04-21 00:10:40.864 14382 14404 I VoiceLanguageHelper: #initializeLanguages
04-21 00:10:40.864 14382 14410 I SystemLPSourceImpl: Parsed system partition LanguagePack metadata file: /product/usr/srec/en-US/metadata
04-21 00:10:40.867 16311 16556 I TerminalScreen: SIGWINCH dispatched successfully: cols=235, rows=20, width=1881, height=350
04-21 00:10:40.870 22674 15623 D nativeloader: Load /data/app/~~v2ZGk887LZJcgVkvWiIojQ==/com.google.android.inputmethod.latin-Rh_Jhujd9xBXDOAYTwV-hQ==/split_dictation_feature_split.apk!/lib/arm64-v8a/libdictation_jni.so using class loader ns clns-9 (caller=/data/app/~~v2ZGk887LZJcgVkvWiIojQ==/com.google.android.inputmethod.latin-Rh_Jhujd9xBXDOAYTwV-hQ==/base.apk): ok
04-21 00:10:40.871 22674 15623 I NativeLibHelper: NativeLibHelper.loadLibrary():209 Loaded native library:dictation_jni (result=true)
04-21 00:10:40.872 22674 15623 I MultilangConditionManagerImpl: MultilangConditionManagerImpl.isAutomaticSwitchingEnabled():92 Automatic switching disabled because there aren't enough supported keyboard languages [SD]
04-21 00:10:40.872 22674 15630 I MultilangConditionManagerImpl: MultilangConditionManagerImpl.isAutomaticSwitchingEnabled():92 Automatic switching disabled because there aren't enough supported keyboard languages [SD]
04-21 00:10:40.872 22674 15623 I DictationClient: DictationClient$1.onNext():145 Handshake done; eligibility: 1 locale_config_eligibility: {en-US=1} [SDG]
04-21 00:10:40.872 22674 15623 I DictationClient: DictationClient$1.onCompleted():170 Handshake completed. [SDG]
04-21 00:10:40.872 22674 22674 I NgaStateManager: NgaStateManager.setConnected():161 Connected false -> true [SDG]
04-21 00:10:40.872 22674 22674 I NgaStateManager: NgaStateManager.setAssistantDictationEligibility():188 AssistantDictationEligibility = 1 [SDG]
04-21 00:10:40.873 22674 15630 I KeyboardEligibilityNotifier: KeyboardEligibilityNotifier.notifyEligibility():76 Keyboard notified that eligibility=ELIGIBLE [SD]
04-21 00:10:40.873 22674 22674 I NgaStateManager: NgaStateManager.buildConfigEligibilityPerLanguageTag():306 AssistantDictationEligibility(config, en-US) = 1 [SDG]
04-21 00:10:40.873 22674 22674 I NgaStateManager: NgaStateManager.setAssistantDictationEligibility():197 AssistantDictationEligibility(inputField) = 1 [SDG]
04-21 00:10:40.873 22674 22674 I NgaInputHandlerFactory: NgaInputHandlerFactory.restorePrimary():137 restoring primary [SDG]
04-21 00:10:40.873 22674 22674 I NgaVoiceInputHandlerSwitcher: NgaVoiceInputHandlerSwitcher.restorePrimary():234 not switching to primary. fallback is null [SDG]
04-21 00:10:40.873 22674 22674 I HardKeyTracker: HardKeyTracker.unregisterKeySequence():259 Unregister key sequence adse{labelResId=2132020495, callback=whz@6e581d1, lastModifier=2, keyCodes=[32], actions=[0]}
04-21 00:10:40.873 22674 22674 I HardKeyTracker: HardKeyTracker.unregisterKeySequence():259 Unregister key sequence adse{labelResId=2132020495, callback=whz@5ec2436, lastModifier=0, keyCodes=[319], actions=[0]}
04-21 00:10:40.873 22674 22674 I HardKeyTracker: HardKeyTracker.registerKeySequence():201 Register key sequence adse{labelResId=2132020495, callback=whz@54f3d46, lastModifier=2, keyCodes=[32], actions=[0]}
04-21 00:10:40.873 22674 22674 I HardKeyTracker: HardKeyTracker.registerKeySequence():201 Register key sequence adse{labelResId=2132020495, callback=whz@18c9b07, lastModifier=0, keyCodes=[319], actions=[0]}
04-21 00:10:40.873 22674 15630 I KeyboardUiManagerImpl: KeyboardUiManagerImpl.onKeyboardShown():156 #onKeyboardShown scheduled [SD]
04-21 00:10:40.873 22674 15622 I KeyboardUiManagerImpl: KeyboardUiManagerImpl.onKeyboardShown():159 #onKeyboardShown [SD]
04-21 00:10:40.873 22674 15630 I KeyboardEventHandler: KeyboardEventHandler.handleJarvisState():314 Handling JarvisState. UiState=IDLE, undo_available=false, can_show_proofread_suggestion=false, can_be_activated=false, more_fixes_available=false, draft_selected_in_drafts_ui_session=false, num_fixes_available=0 [SD]
04-21 00:10:40.873 22674 22674 I HardKeyTracker: HardKeyTracker.unregisterKeySequence():259 Unregister key sequence adse{labelResId=2132020495, callback=whz@5ab6ca4, lastModifier=2, keyCodes=[32], actions=[0]}
04-21 00:10:40.873 22674 22674 I HardKeyTracker: HardKeyTracker.unregisterKeySequence():259 Unregister key sequence adse{labelResId=2132020495, callback=whz@fef6a0d, lastModifier=0, keyCodes=[319], actions=[0]}
04-21 00:10:40.873 22674 22674 I HardKeyTracker: HardKeyTracker.registerKeySequence():201 Register key sequence adse{labelResId=2132020495, callback=whz@222af1e, lastModifier=2, keyCodes=[32], actions=[0]}
04-21 00:10:40.873 22674 22674 I HardKeyTracker: HardKeyTracker.registerKeySequence():201 Register key sequence adse{labelResId=2132020495, callback=whz@953e3ff, lastModifier=0, keyCodes=[319], actions=[0]}
04-21 00:10:40.874 22674 22674 I NgaStateManager: NgaStateManager.setAssistantDictationEligibility():188 AssistantDictationEligibility = 1 [SDG]
04-21 00:10:40.874 22674 22674 I NgaStateManager: NgaStateManager.buildConfigEligibilityPerLanguageTag():306 AssistantDictationEligibility(config, en-US) = 1 [SDG]
04-21 00:10:40.874 22674 22674 I NgaStateManager: NgaStateManager.setAssistantDictationEligibility():197 AssistantDictationEligibility(inputField) = 1 [SDG]
04-21 00:10:40.874 22674 22674 I NgaInputHandlerFactory: NgaInputHandlerFactory.restorePrimary():137 restoring primary [SDG]
04-21 00:10:40.874 22674 22674 I NgaVoiceInputHandlerSwitcher: NgaVoiceInputHandlerSwitcher.restorePrimary():234 not switching to primary. fallback is null [SDG]
04-21 00:10:40.874 22674 15630 I KeyboardUiManagerImpl: KeyboardUiManagerImpl.onJarvisState():591 #onJarvisState: # tex@8f21a7fb isProofreadEnabled true [SD]
04-21 00:10:40.874 22674 15623 I KeyboardEventHandler: KeyboardEventHandler.handleJarvisState():314 Handling JarvisState. UiState=IDLE, undo_available=false, can_show_proofread_suggestion=false, can_be_activated=true, more_fixes_available=false, draft_selected_in_drafts_ui_session=false, num_fixes_available=0 [SD]
04-21 00:10:40.874 22674 15623 I KeyboardUiManagerImpl: KeyboardUiManagerImpl.onJarvisState():591 #onJarvisState: # tex@12bd197d isProofreadEnabled true [SD]
04-21 00:10:40.875 14382 17650 E VoiceSearchConfigUtils: Unrecognized recognizer for [ja-JP, 3056]: 23. Ignoring it and its associated features.
04-21 00:10:40.875 14382 17650 E VoiceSearchConfigUtils: Unrecognized recognizer for [ja-JP, 3056]: 22. Ignoring it and its associated features.
04-21 00:10:40.875 14382 17650 E VoiceSearchConfigUtils: Unrecognized recognizer for [ja-JP, 3056]: 23. Ignoring it and its associated features.
04-21 00:10:40.875 14382 17650 E VoiceSearchConfigUtils: Unrecognized recognizer for [ja-JP, 3056]: 22. Ignoring it and its associated features.
04-21 00:10:40.875 14382 17650 E VoiceSearchConfigUtils: Unrecognized recognizer for [ja-JP, 3056]: 23. Ignoring it and its associated features.
04-21 00:10:40.875 14382 17650 E VoiceSearchConfigUtils: Unrecognized recognizer for [ja-JP, 3056]: 22. Ignoring it and its associated features.
04-21 00:10:40.875 14382 17650 E VoiceSearchConfigUtils: Unrecognized recognizer for [ja-JP, 3056]: 22. Ignoring it and its associated features.
04-21 00:10:40.875 14382 17650 E VoiceSearchConfigUtils: Unrecognized recognizer for [ja-JP, 3056]: 22. Ignoring it and its associated features.
04-21 00:10:40.877 14382 17650 E VoiceSearchConfigUtils: Unrecognized recognizer for [en-AU, 9054]: 41. Ignoring it and its associated features.
04-21 00:10:40.878 14382 17650 E VoiceSearchConfigUtils: Unrecognized recognizer for [en-GB, 9054]: 41. Ignoring it and its associated features.
04-21 00:10:40.878 14382 17650 E VoiceSearchConfigUtils: Unrecognized recognizer for [en-IE, 9054]: 41. Ignoring it and its associated features.
04-21 00:10:40.878 14382 17650 E VoiceSearchConfigUtils: Unrecognized recognizer for [en-SG, 9054]: 41. Ignoring it and its associated features.
04-21 00:10:40.881 16311 16556 I TerminalScreen: SIGWINCH dispatched successfully: cols=235, rows=20, width=1881, height=349
04-21 00:10:40.882 14382 17650 E VoiceSearchConfigUtils: Unrecognized recognizer for [en-AU, 9075]: 41. Ignoring it and its associated features.
04-21 00:10:40.883 14382 17650 E VoiceSearchConfigUtils: Unrecognized recognizer for [en-GB, 9075]: 41. Ignoring it and its associated features.
04-21 00:10:40.883 14382 17650 E VoiceSearchConfigUtils: Unrecognized recognizer for [en-IE, 9075]: 41. Ignoring it and its associated features.
04-21 00:10:40.883 14382 17650 E VoiceSearchConfigUtils: Unrecognized recognizer for [en-SG, 9075]: 41. Ignoring it and its associated features.
04-21 00:10:40.893 16311 16311 I ImeTracker: com.adamoutler.ssh:12059eff: onShown
04-21 00:10:40.893 14382 17650 I ScheduleDownloadHelper: start scheduling languagePack download
04-21 00:10:40.895 14382 17650 W Settings: Setting device_provisioned has moved from android.provider.Settings.Secure to android.provider.Settings.Global.
04-21 00:10:40.896 16311 16556 I TerminalScreen: SIGWINCH dispatched successfully: cols=235, rows=20, width=1881, height=348
04-21 00:10:40.897 14382 17650 I LPRequestClient: #getAllPacks
04-21 00:10:40.898 14382 17650 I DefaultLPManager: #getAvailablePackages
04-21 00:10:40.898 14382 17650 I gxe     : #getDownloadableLanguagePacks
04-21 00:10:40.903 14382 14387 W gle.android.tts: Reducing the number of considered missed Gc histogram windows from 2205 to 100
04-21 00:10:40.903  1643  1720 I DisplayDeviceRepository: Display device changed render timings: "Built-in Screen", renderFrameRate=120.00002, presentationDeadlineNanos=11499999, appVsyncOffsetNanos=6233332, frameRateOverrides=[{uid=10220 frameRateHz=120.00002}, {uid=10247 frameRateHz=60.00001}]
04-21 00:10:40.903 14382 17650 I LanguagePackConfigImpl: Loaded languagepack (LP) flag value from latest config autogen_BatchV9071V9072V9075: [en-US3006, de-DE3002, es-ES3000, fr-FR3002, it-IT3000, ja-JP3003, en-AU3003, en-GB3002, en-IE3002, en-SG3001, de-DE3003, fr-FR3003, ja-JP3004, en-US3008, cmn-Hant-TW9053, de-AT9053, de-BE9053, de-CH9053, de-DE9053, en-AU9053, en-CA9053, en-GB9053, en-IE9053, en-IN9053, en-SG9053, en-US9053, es-ES9053, es-US9053, fr-BE9053, fr-CA9053, fr-CH9053, fr-FR9053, hi-IN9053, it-CH9053, it-IT9053, ja-JP9053, zh-Hant-TW9053, zh-TW9053, pt-BR3054, cmn-Hans-CN3056, cmn-Hant-TW3056, de-AT3056, de-BE3056, de-CH3056, de-DE3056, en-CA3056, en-IN3056, en-US3056, es-ES3056, es-US3056, fr-BE3056, fr-CA3056, fr-CH3056, fr-FR3056, hi-IN3056, id-ID3056, it-CH3056, it-IT3056, ja-JP3056, ko-KR3056, pl-PL3056, pt-BR3056, ru-RU3056, th-TH3056, tr-TR3056, vi-VN3056, cmn-Hans-CN3056, id-ID3056, pl-PL3056, pt-BR3056, ru-RU3056, th-TH3056, tr-TR3056, vi-VN3056, cmn-Hant-TW9054, de-AT9054, de-BE9054, de-CH9054, de-DE9054, en-AU9054, en-CA9054, en-GB9054, en-IE9054, en-IN9054, en-SG9054, en-US9054, es-ES9054, es-US9054, fr-BE9054, fr-CA9054, fr-CH9054, fr-FR9054, hi-IN9054, it-CH9054, it-IT9054, ja-JP9054, pt-BR3054, zh-Hant-TW9054, zh-TW9054, ja-JP3059, id-ID3059, ko-KR3061, pl-PL3059, ru-RU3059, th-TH3059, tr-TR3059, vi-VN3059, ag-AG9009, en-AU3071, en-CA3071, en-GB3071, en-IE3071, en-SG3071, en-US3072, hi-IN3072, cmn-Hant-TW9071, da-DK9071, de-AT9071, de-BE9071, de-CH9071, de-DE9072, en-AU9075, en-CA9075, en-GB9075, en-IE9075, en-IN9072, en-SG9075, en-US9075, es-ES9071, es-US9072, fr-BE9071, fr-CA9071, fr-CH9071, fr-FR9072, hi-IN9072, it-CH9071, it-IT9071, ja-JP9072, ko-KR9072, nb-NO9071, nl-NL9071, sv-SE9071, zh-Hant-TW9071, zh-TW9071]
04-21 00:10:40.904 14382 17650 W SystemLPSourceImpl: #getAvailablePackages: Note there is not reason to call this method, as getInstalledPackages() returns the same LanguagePacks for this impl.
04-21 00:10:40.904 14382 17650 I DefaultLPManager: #getRequestedPackages
04-21 00:10:40.904 14382 17650 I ZipLPPopulator: #addNewFileGroups
04-21 00:10:40.904 14382 17650 I gxe     : #getDownloadableLanguagePacks
04-21 00:10:40.904 14382 14402 I SystemLPSourceImpl: Parsed system partition LanguagePack metadata file: /product/usr/srec/en-US/metadata
04-21 00:10:40.906 14382 26418 E VoiceSearchConfigUtils: Unrecognized recognizer for [ja-JP, 3056]: 23. Ignoring it and its associated features.
04-21 00:10:40.907 14382 26418 E VoiceSearchConfigUtils: Unrecognized recognizer for [ja-JP, 3056]: 22. Ignoring it and its associated features.
04-21 00:10:40.907 14382 26418 E VoiceSearchConfigUtils: Unrecognized recognizer for [ja-JP, 3056]: 23. Ignoring it and its associated features.
04-21 00:10:40.907 14382 26418 E VoiceSearchConfigUtils: Unrecognized recognizer for [ja-JP, 3056]: 22. Ignoring it and its associated features.
04-21 00:10:40.907 14382 26418 E VoiceSearchConfigUtils: Unrecognized recognizer for [ja-JP, 3056]: 23. Ignoring it and its associated features.
04-21 00:10:40.907 14382 26418 E VoiceSearchConfigUtils: Unrecognized recognizer for [ja-JP, 3056]: 22. Ignoring it and its associated features.
04-21 00:10:40.907 14382 26418 E VoiceSearchConfigUtils: Unrecognized recognizer for [ja-JP, 3056]: 22. Ignoring it and its associated features.
04-21 00:10:40.907 14382 26418 E VoiceSearchConfigUtils: Unrecognized recognizer for [ja-JP, 3056]: 22. Ignoring it and its associated features.
04-21 00:10:40.907 14382 26418 E VoiceSearchConfigUtils: Unrecognized recognizer for [en-AU, 9054]: 41. Ignoring it and its associated features.
04-21 00:10:40.908 14382 26418 E VoiceSearchConfigUtils: Unrecognized recognizer for [en-GB, 9054]: 41. Ignoring it and its associated features.
04-21 00:10:40.908 14382 26418 E VoiceSearchConfigUtils: Unrecognized recognizer for [en-IE, 9054]: 41. Ignoring it and its associated features.
04-21 00:10:40.908 14382 26418 E VoiceSearchConfigUtils: Unrecognized recognizer for [en-SG, 9054]: 41. Ignoring it and its associated features.
04-21 00:10:40.908 14382 17650 I LanguagePackConfigImpl: Loaded languagepack (LP) flag value from latest config autogen_BatchV9071V9072V9075: [en-US3006, de-DE3002, es-ES3000, fr-FR3002, it-IT3000, ja-JP3003, en-AU3003, en-GB3002, en-IE3002, en-SG3001, de-DE3003, fr-FR3003, ja-JP3004, en-US3008, cmn-Hant-TW9053, de-AT9053, de-BE9053, de-CH9053, de-DE9053, en-AU9053, en-CA9053, en-GB9053, en-IE9053, en-IN9053, en-SG9053, en-US9053, es-ES9053, es-US9053, fr-BE9053, fr-CA9053, fr-CH9053, fr-FR9053, hi-IN9053, it-CH9053, it-IT9053, ja-JP9053, zh-Hant-TW9053, zh-TW9053, pt-BR3054, cmn-Hans-CN3056, cmn-Hant-TW3056, de-AT3056, de-BE3056, de-CH3056, de-DE3056, en-CA3056, en-IN3056, en-US3056, es-ES3056, es-US3056, fr-BE3056, fr-CA3056, fr-CH3056, fr-FR3056, hi-IN3056, id-ID3056, it-CH3056, it-IT3056, ja-JP3056, ko-KR3056, pl-PL3056, pt-BR3056, ru-RU3056, th-TH3056, tr-TR3056, vi-VN3056, cmn-Hans-CN3056, id-ID3056, pl-PL3056, pt-BR3056, ru-RU3056, th-TH3056, tr-TR3056, vi-VN3056, cmn-Hant-TW9054, de-AT9054, de-BE9054, de-CH9054, de-DE9054, en-AU9054, en-CA9054, en-GB9054, en-IE9054, en-IN9054, en-SG9054, en-US9054, es-ES9054, es-US9054, fr-BE9054, fr-CA9054, fr-CH9054, fr-FR9054, hi-IN9054, it-CH9054, it-IT9054, ja-JP9054, pt-BR3054, zh-Hant-TW9054, zh-TW9054, ja-JP3059, id-ID3059, ko-KR3061, pl-PL3059, ru-RU3059, th-TH3059, tr-TR3059, vi-VN3059, ag-AG9009, en-AU3071, en-CA3071, en-GB3071, en-IE3071, en-SG3071, en-US3072, hi-IN3072, cmn-Hant-TW9071, da-DK9071, de-AT9071, de-BE9071, de-CH9071, de-DE9072, en-AU9075, en-CA9075, en-GB9075, en-IE9075, en-IN9072, en-SG9075, en-US9075, es-ES9071, es-US9072, fr-BE9071, fr-CA9071, fr-CH9071, fr-FR9072, hi-IN9072, it-CH9071, it-IT9071, ja-JP9072, ko-KR9072, nb-NO9071, nl-NL9071, sv-SE9071, zh-Hant-TW9071, zh-TW9071]
04-21 00:10:40.909 14382 17650 W SystemLPSourceImpl: #getRequestedPackages: There is not reason to call this method, as the result is always empty.
04-21 00:10:40.909 14382 17650 I DefaultLPManager: #getInstalledPackages
04-21 00:10:40.909 14382 17650 I gxe     : #getInstalledPackages from MDD
04-21 00:10:40.909 14382 17650 I gxe     : #GetLanguagePackList
04-21 00:10:40.909 14382 17650 I gxe     : MDD.getFileGroupsByFilter(langpack-domain_xx-XX_ver_zipfile)
04-21 00:10:40.909 14382 14412 I SystemLPSourceImpl: Parsed system partition LanguagePack metadata file: /product/usr/srec/en-US/metadata
04-21 00:10:40.909 14382 26418 E VoiceSearchConfigUtils: Unrecognized recognizer for [en-AU, 9075]: 41. Ignoring it and its associated features.
04-21 00:10:40.910 14382 17650 I ModelManagerImpl: Success pack read.
04-21 00:10:40.910 14382 26418 E VoiceSearchConfigUtils: Unrecognized recognizer for [en-GB, 9075]: 41. Ignoring it and its associated features.
04-21 00:10:40.910 14382 26418 E VoiceSearchConfigUtils: Unrecognized recognizer for [en-IE, 9075]: 41. Ignoring it and its associated features.
04-21 00:10:40.910 14382 26418 E VoiceSearchConfigUtils: Unrecognized recognizer for [en-SG, 9075]: 41. Ignoring it and its associated features.
04-21 00:10:40.918 14382 14415 E VoiceSearchConfigUtils: Unrecognized recognizer for [ja-JP, 3056]: 23. Ignoring it and its associated features.
04-21 00:10:40.918 14382 14415 E VoiceSearchConfigUtils: Unrecognized recognizer for [ja-JP, 3056]: 22. Ignoring it and its associated features.
04-21 00:10:40.918 14382 14415 E VoiceSearchConfigUtils: Unrecognized recognizer for [ja-JP, 3056]: 23. Ignoring it and its associated features.
04-21 00:10:40.918 14382 14415 E VoiceSearchConfigUtils: Unrecognized recognizer for [ja-JP, 3056]: 22. Ignoring it and its associated features.
04-21 00:10:40.918 14382 14415 E VoiceSearchConfigUtils: Unrecognized recognizer for [ja-JP, 3056]: 23. Ignoring it and its associated features.
04-21 00:10:40.918 14382 14415 E VoiceSearchConfigUtils: Unrecognized recognizer for [ja-JP, 3056]: 22. Ignoring it and its associated features.
04-21 00:10:40.918 14382 14415 E VoiceSearchConfigUtils: Unrecognized recognizer for [ja-JP, 3056]: 22. Ignoring it and its associated features.
04-21 00:10:40.918 14382 14415 E VoiceSearchConfigUtils: Unrecognized recognizer for [ja-JP, 3056]: 22. Ignoring it and its associated features.
04-21 00:10:40.921 14382 14415 E VoiceSearchConfigUtils: Unrecognized recognizer for [en-AU, 9054]: 41. Ignoring it and its associated features.
04-21 00:10:40.921 14382 14415 E VoiceSearchConfigUtils: Unrecognized recognizer for [en-GB, 9054]: 41. Ignoring it and its associated features.
04-21 00:10:40.921 14382 14415 E VoiceSearchConfigUtils: Unrecognized recognizer for [en-IE, 9054]: 41. Ignoring it and its associated features.
04-21 00:10:40.922 14382 14415 E VoiceSearchConfigUtils: Unrecognized recognizer for [en-SG, 9054]: 41. Ignoring it and its associated features.
04-21 00:10:40.926 14382 14415 E VoiceSearchConfigUtils: Unrecognized recognizer for [en-AU, 9075]: 41. Ignoring it and its associated features.
04-21 00:10:40.929 14382 14415 E VoiceSearchConfigUtils: Unrecognized recognizer for [en-GB, 9075]: 41. Ignoring it and its associated features.
04-21 00:10:40.929 14382 14415 E VoiceSearchConfigUtils: Unrecognized recognizer for [en-IE, 9075]: 41. Ignoring it and its associated features.
04-21 00:10:40.929 14382 14415 E VoiceSearchConfigUtils: Unrecognized recognizer for [en-SG, 9075]: 41. Ignoring it and its associated features.
04-21 00:10:40.933 14382 14415 I LPRequestState: [ZipfileRequests] #resolveDesiredLanguagePacks
04-21 00:10:40.934 14382 14415 I LPRequestState: Assigning language pack Optional.of(LanguagePackDescriptor{locale=en_US, version=9075, installType=ZIPFILE_DOWNLOAD, applicationDomains=[1, 2, 3, 4, 5, 6, 7, 9, 10, 11], featuresForDomains={1=[1, 2, 3, 4, 5, 6, 9, 10, 11, 12, 13, 14, 15], 2=[1, 2, 3, 4, 5, 6, 7, 9, 10, 11, 12, 13, 14, 15], 3=[1, 2, 3, 4, 5, 6, 9, 10, 11, 12, 13, 14, 15], 4=[1, 2, 3, 4, 5, 6, 7, 9, 10, 11, 12, 13, 14, 15], 5=[1, 2, 3, 4, 5, 6, 9, 10, 11, 12, 13, 14, 15], 6=[1, 2, 3, 4, 5, 6, 7, 9, 10, 11, 12, 13, 14, 15], 7=[1, 2, 3, 4, 5, 6, 7, 9, 10, 11, 12, 13, 14, 15], 9=[1, 2, 3, 4, 5, 6, 9, 10, 11, 12, 13, 14, 15], 10=[1, 2, 3, 4, 5, 6, 7, 9, 10, 11, 12, 13, 14, 15], 11=[1, 2, 3, 4, 5, 6, 7, 9, 10, 11, 12, 13, 14, 15]}, sizeBytes=146344000, zipfileParams=Optional.of(ZipfileParams{downloadUrl=https://dl.google.com/android/voice/soda/en-US/v9075/soda-en-US-v9075.zip, hashValueSha1=A5283F30BE9BD141BB8833F20BA8D2C173C17B10}), readOnlyParams=Optional.absent()}) for request # gwo@356749d
04-21 00:10:40.935 14382 26419 I LPDownloadSettingsState: Defaulting LP download condition to 2 as user has not edited settings.
04-21 00:10:40.935 14382 26419 I ZipLPPopulator: MDD.addFileGroup: LanguagePackDescriptor{locale=en_US, version=9075, installType=ZIPFILE_DOWNLOAD, applicationDomains=[1, 2, 3, 4, 5, 6, 7, 9, 10, 11], featuresForDomains={1=[1, 2, 3, 4, 5, 6, 9, 10, 11, 12, 13, 14, 15], 2=[1, 2, 3, 4, 5, 6, 7, 9, 10, 11, 12, 13, 14, 15], 3=[1, 2, 3, 4, 5, 6, 9, 10, 11, 12, 13, 14, 15], 4=[1, 2, 3, 4, 5, 6, 7, 9, 10, 11, 12, 13, 14, 15], 5=[1, 2, 3, 4, 5, 6, 9, 10, 11, 12, 13, 14, 15], 6=[1, 2, 3, 4, 5, 6, 7, 9, 10, 11, 12, 13, 14, 15], 7=[1, 2, 3, 4, 5, 6, 7, 9, 10, 11, 12, 13, 14, 15], 9=[1, 2, 3, 4, 5, 6, 9, 10, 11, 12, 13, 14, 15], 10=[1, 2, 3, 4, 5, 6, 7, 9, 10, 11, 12, 13, 14, 15], 11=[1, 2, 3, 4, 5, 6, 7, 9, 10, 11, 12, 13, 14, 15]}, sizeBytes=146344000, zipfileParams=Optional.of(ZipfileParams{downloadUrl=https://dl.google.com/android/voice/soda/en-US/v9075/soda-en-US-v9075.zip, hashValueSha1=A5283F30BE9BD141BB8833F20BA8D2C173C17B10}), readOnlyParams=Optional.absent()}
04-21 00:10:40.936 14382 14415 I ZipLPPopulator: #addNewFileGroups complete
04-21 00:10:40.936 14382 14415 I gxe     : #getPendingPackages from MDD
04-21 00:10:40.936 14382 14415 I gxe     : #GetLanguagePackList
04-21 00:10:40.936 14382 14415 I gxe     : MDD.getFileGroupsByFilter(langpack-domain_xx-XX_ver_zipfile)
04-21 00:10:40.937 14382 26419 I ZipLPPopulator: Updated file group for group 'langpack-domain_en-US_9075_zipfile' from location: https://dl.google.com/android/voice/soda/en-US/v9075/soda-en-US-v9075.zip
04-21 00:10:40.939 14382 26419 I LPRequestClient: LanguagePack [en-US 9075] already installed. Skipping download.
04-21 00:10:40.940 14382 26418 I NGSA.ModelMgrWrapper: Model [en-US]-[DEFAULT_CONTINUOUS] download completed.
04-21 00:10:40.940 14382 26418 I NGSA.ModelMgrWrapper: Language pack [en-US_DEFAULT_CONTINUOUS_63258208-7bc6-4382-871d-0bc753aaabad] download ended with reason END_REASON_COMPLETE.
04-21 00:10:40.942 22674 15622 I SbgLanguagePackManager: SbgLanguagePackManager$ModelDownloadStreamObserver.onCompleted():111 ModelDownload response onCompleted. [SD]
04-21 00:10:40.942 22674 15621 I LanguageDownloadManager: LanguageDownloadManager.handleLanguageAlreadyInstalled():150 Triggered language download for en-US but language was already installed. [SD]
04-21 00:10:40.943 22674 15623 I SpeechEnhancementLogger: SpeechEnhancementLogger.logAtInfo():24 Speech enhancement is disabled because device model is not supported [SD]
04-21 00:10:40.943 22674 15630 I PackageStatusChecker: PackageStatusChecker.isPackageSuspended():24 Current package suspended=false [SD]
04-21 00:10:40.945 22674 15621 I LanguageDownloadQueue: LanguageDownloadQueue.performLanguageDownload():109 Finished language download job for en-US [SD]
04-21 00:10:40.945 22674 15621 I LanguageDownloadQueue: LanguageDownloadQueue.performLanguageDownload():81 Starting language download job for en-US [SD]
04-21 00:10:40.945 22674 15621 I LanguageDownloadQueue: LanguageDownloadQueue.performLanguageDownload():101 Skip download for en-US due to another recent attempt [SD]
04-21 00:10:40.945 22674 15634 I MultilangConditionManagerImpl: MultilangConditionManagerImpl.isAutomaticSwitchingEnabled():77 Automatic switching disabled because Gboard setting is not shown [SD]
04-21 00:10:40.946 22674 15634 I MultilangConditionManagerImpl: MultilangConditionManagerImpl.isAutomaticSwitchingEnabled():92 Automatic switching disabled because there aren't enough supported keyboard languages [SD]
04-21 00:10:40.946 22674 15634 I AsrProviderChoice: AsrProviderChoice.setChosenProvider():83 Setting chosen ASR provider to: 6 [SD]
04-21 00:10:40.946 22674 15634 I EligibilityChecker: EligibilityChecker.triggerProactiveLanguagePackUpdate():475 Never attempted LP download before, triggering download for potential updates [SD]
04-21 00:10:40.946 22674 15634 I EligibilityChecker: EligibilityChecker.getDictationConfigEligibilityForLocale():310 Dictation is enabled. workprofile=false [SD]
04-21 00:10:40.947 22674 15619 I LanguageDownloadQueue: LanguageDownloadQueue.performLanguageDownload():81 Starting language download job for en-US [SD]
04-21 00:10:40.947 22674 15624 I EligibilityUtilKt: EligibilityUtilKt.isDictationSupportedInInputField():92 Field type is not set, assuming supported input field. [SD]
04-21 00:10:40.947 22674 15619 I LanguageDownloadQueue: LanguageDownloadQueue.performLanguageDownload():101 Skip download for en-US due to another recent attempt [SD]
04-21 00:10:40.948 22674 15624 I MultilangConditionManagerImpl: MultilangConditionManagerImpl.isAutomaticSwitchingEnabled():77 Automatic switching disabled because Gboard setting is not shown [SD]
04-21 00:10:40.948 22674 15624 I MultilangConditionManagerImpl: MultilangConditionManagerImpl.isAutomaticSwitchingEnabled():92 Automatic switching disabled because there aren't enough supported keyboard languages [SD]
04-21 00:10:40.948 22674 15624 I KeyboardEligibilityNotifier: KeyboardEligibilityNotifier.notifyEligibility():76 Keyboard notified that eligibility=ELIGIBLE [SD]
04-21 00:10:40.948 22674 22674 I NgaStateManager: NgaStateManager.setAssistantDictationEligibility():188 AssistantDictationEligibility = 1 [SDG]
04-21 00:10:40.949 22674 22674 I NgaStateManager: NgaStateManager.buildConfigEligibilityPerLanguageTag():306 AssistantDictationEligibility(config, en-US) = 1 [SDG]
04-21 00:10:40.949 22674 22674 I NgaStateManager: NgaStateManager.setAssistantDictationEligibility():197 AssistantDictationEligibility(inputField) = 1 [SDG]
04-21 00:10:40.949 22674 22674 I NgaInputHandlerFactory: NgaInputHandlerFactory.restorePrimary():137 restoring primary [SDG]
04-21 00:10:40.949 22674 22674 I NgaVoiceInputHandlerSwitcher: NgaVoiceInputHandlerSwitcher.restorePrimary():234 not switching to primary. fallback is null [SDG]
04-21 00:10:41.605  1126  5674 I WifiHAL : Creating message to get link statistics; iface = 47
04-21 00:10:41.709  1643  1720 I DisplayDeviceRepository: Display device changed render timings: "Built-in Screen", renderFrameRate=120.00002, presentationDeadlineNanos=11499999, appVsyncOffsetNanos=6233332, frameRateOverrides=[{uid=10220 frameRateHz=120.00002}]
04-21 00:10:41.709  1126  1126 I WifiHAL : Getting cached scan results, iface handle = 0xb4000075c5edd690
04-21 00:10:41.709  1126  1126 E WifiHAL : Creating message to get cached scan results
04-21 00:10:41.720  1126  1126 I WifiHAL : In GetCachedScanResultsCommand::handleResponse
04-21 00:10:41.720  1126  1126 E libbinder.IPCThreadState: binder thread pool (1 threads) starved for 115 ms
04-21 00:10:41.779  1643  4139 D ConnectivityService: NetReassign [no changes] [c 1] [a 1] [i 4]
04-21 00:10:42.120  1643  2242 D ActivityManager: freezing 27841 com.squareup.cash
04-21 00:10:42.136  1643  4139 D InetDiagMessage: Destroyed 0 sockets, proto=IPPROTO_TCP, family=AF_INET, states=14
04-21 00:10:42.144  1643  4139 D InetDiagMessage: Destroyed 0 sockets, proto=IPPROTO_TCP, family=AF_INET6, states=14
04-21 00:10:42.144  1643  4139 D InetDiagMessage: Destroyed live tcp sockets for uids={10309} in 17ms
04-21 00:10:42.268  1643  2242 D ActivityManager: freezing 31341 com.google.android.apps.tachyon
04-21 00:10:42.278  1643  4139 D InetDiagMessage: Destroyed 0 sockets, proto=IPPROTO_TCP, family=AF_INET, states=14
04-21 00:10:42.281  1643  4139 D InetDiagMessage: Destroyed 0 sockets, proto=IPPROTO_TCP, family=AF_INET6, states=14
04-21 00:10:42.281  1643  4139 D InetDiagMessage: Destroyed live tcp sockets for uids={10221} in 6ms
04-21 00:10:42.773  4433  4700 D TemperatureStateSource: sequence=23295 actualDelay=10002
04-21 00:10:42.777  4433  4700 D TemperatureStateSource: Reading temperature: sequence=23296
04-21 00:10:42.781 21077 21077 I pixel-thermal: VIRTUAL-SKIN-MODEL: model_input: [28389.00 30949.00 28567.00 28834.00 30281.00 29012.00 30882.00 28567.00 ]
04-21 00:10:42.782 21077 21077 I native  : I0000 00:00:1776744642.781997   21077 thermal_tflite_wrapper.cc:261] ThermalTfliteInvoke
04-21 00:10:42.782 21077 21077 I pixel-thermal: VIRTUAL-SKIN-MODEL: model_output: [28408.7 ]
04-21 00:10:42.782 21077 21077 I pixel-thermal: VIRTUAL-SKIN-MODEL: predicted_value: [28408.7 ]
04-21 00:10:42.782 21077 21077 I pixel-thermal: Power data LPM_ACTIVE_RAILS_TRANS is under collecting
04-21 00:10:42.782 21077 21077 I pixel-thermal: ShutdownModePowerTrans data is under collecting
04-21 00:10:42.782 21077 21077 I pixel-thermal: Thermal sensor ShutdownModePowerTrans is under collecting
04-21 00:10:42.782 21077 21077 I pixel-thermal: Power data LPM_ACTIVE_RAILS_STEADY is under collecting
04-21 00:10:42.782 21077 21077 I pixel-thermal: ShutdownModePowerSteady data is under collecting
04-21 00:10:42.782 21077 21077 I pixel-thermal: Thermal sensor ShutdownModePowerSteady is under collecting
04-21 00:10:42.782 21077 21077 I pixel-thermal: VIRTUAL-SKIN:28.4126 raw data: VIRTUAL-SKIN:28412.6 VIRTUAL-SKIN-LEGACY:28477.8 VIRTUAL-SKIN-LEGACY-MODEL-DIFF:69.0332 VIRTUAL-SKIN-LEGACY-SHUTDOWN:0 VIRTUAL-SKIN-MODEL:28408.7 VIRTUAL-SKIN-MODEL-CLAMPED:28408.7 VIRTUAL-SKIN-MODEL-LEGACY-DIFF:-69.0332 VIRTUAL-SKIN-MODEL-UPDATED:28412.6 VIRTUAL-SKIN-MODEL-UPPER-CLAMPED:28408.7 VIRTUAL-SKIN-SUB-0:24719.1 VIRTUAL-SKIN-SUB-1:27243.1 VIRTUAL-SKIN-SUB-2:28330.1 VIRTUAL-SKIN-SUB-3:28323.1 VIRTUAL-SKIN-SUB-4:26272 VIRTUAL-SKIN-SUB-5:28477.8 VIRTUAL-SKIN-SUB-6:28065 VT_LEGACY_WEIGHT:0 VT_MODEL_WEIGHT:1 btmspkr_therm:28389 charging_therm:30949 disp_therm:28567 north_therm:28834 quiet_therm:30281 rfpa_therm:29012 soc_therm:30882 usb_pwr_therm:28567 
04-21 00:10:42.784  4433  4700 D TemperatureStateSource: getDeviceTemperatures: sequence=23296 deviceTemperatureType=3 temperatureSource=0 temperatures=[28.41263]
04-21 00:10:42.784  4433  4700 D BusinessScope: Enqueuing the block
04-21 00:10:42.784  4433  4755 D BusinessScope: Start running the #48749 block
04-21 00:10:42.785  4433  4755 D BusinessScope: Enqueuing the block
04-21 00:10:42.785  4433  4755 D ImpulseStateSource: Notify clients: 24369
04-21 00:10:42.785  4433  4755 D BusinessScope: Finish running the #48749 block
04-21 00:10:42.785  4433  4755 D BusinessScope: Start running the #48750 block
04-21 00:10:42.785  4433  4755 D BusinessScope: Finish running the #48750 block
04-21 00:10:42.786  4433  4700 D TemperatureStateSource: sequence=23296 waitTime=10000
04-21 00:10:43.150 16598 16598 W libbinder.BackendUnifiedServiceManager: Thread Pool max thread count is 0. Cannot cache binder as linkToDeath cannot be implemented. serviceName: SurfaceFlingerAIDL
04-21 00:10:43.150 16598 16598 W libbinder.BpBinder: Linking to death on android.gui.ISurfaceComposer but there are no threads (yet?) listening to incoming transactions. See ProcessState::startThreadPool and ProcessState::setThreadPoolMaxThreadCount. Generally you should setup the binder threadpool before other initialization steps.
04-21 00:10:43.150 16598 16598 W libbinder.ProcessState: Extra binder thread started, but 0 threads requested. Do not use *startThreadPool when zero threads are requested.
04-21 00:10:43.282  1643  1720 I DisplayDeviceRepository: Display device changed render timings: "Built-in Screen", renderFrameRate=120.00002, presentationDeadlineNanos=11499999, appVsyncOffsetNanos=6233332, frameRateOverrides=[{uid=10220 frameRateHz=120.00002}, {uid=10451 frameRateHz=60.00001}]
04-21 00:10:43.314   618   618 D SurfaceFlinger: setDesiredMode 4619827359057144832 {mode={fps=60.00 Hz, modePtr={id=2, vsyncRate=240.00 Hz, peakRefreshRate=120.00 Hz}}, emitEvent=false, force=false}
04-21 00:10:43.315  1643  1720 I DisplayDeviceRepository: Display device changed render timings: "Built-in Screen", renderFrameRate=60.00001, presentationDeadlineNanos=11499998, appVsyncOffsetNanos=6233332, frameRateOverrides=[{uid=10451 frameRateHz=60.00001}]
04-21 00:10:43.316  1643  1711 D WindowManager: DeferredDisplayUpdater: partially applying DisplayInfo(960 x 2142) immediately
04-21 00:10:43.317  1127  4421 D DeviceHalAidl: [default] setParameters: parameters: "screen_state=on"
04-21 00:10:43.321  1057  1176 D ASvc::Module: updateScreenState: 1
04-21 00:10:43.321  1127  4421 D DeviceHalAidl: [r_submix] setParameters: parameters: "screen_state=on"
04-21 00:10:43.321  1057  1785 D AHAL_Module: updateScreenState: r_submix: 1
04-21 00:10:43.322  1127  4421 D DeviceHalAidl: [bluetooth] setParameters: parameters: "screen_state=on"
04-21 00:10:43.322  1057  1176 D AHAL_Module: updateScreenState: bluetooth: 1
