--------- beginning of main
04-08 00:49:13.066  1272  1665 D CompatibilityChangeReporter: Compat change id reported: 183155436; UID 10084; state: ENABLED
04-08 00:49:13.072  1673  1673 E earchbox:search: Not starting debugger since process cannot load the jdwp agent.
04-08 00:49:13.074  1474  1474 I DeviceModeUtil: DeviceModeUtil.getDeviceMode():122 Get device mode phone by ui mode:1 and smallestScreenWidthDp:411
--------- beginning of system
04-08 00:49:13.075   546   546 V ConditionProviders: enabling condition provider for 0: ComponentInfo{com.google.android.gms/com.google.android.location.settings.DrivingConditionProvider}
04-08 00:49:13.076   546   546 V ConditionProviders: binding: Intent { act=android.service.notification.ConditionProviderService cmp=com.google.android.gms/com.google.android.location.settings.DrivingConditionProvider (has extras) }
04-08 00:49:13.076   546   546 V ConditionProviders: enabling condition provider for 0: ComponentInfo{com.google.android.apps.wellbeing/com.google.android.apps.wellbeing.dnd.impl.DndConditionProviderService}
04-08 00:49:13.076   546   546 V ConditionProviders: Not registering ComponentInfo{com.google.android.apps.wellbeing/com.google.android.apps.wellbeing.dnd.impl.DndConditionProviderService} is already bound
04-08 00:49:13.076   546   546 V NotificationListeners: enabling notification listener for 0: ComponentInfo{com.google.android.apps.nexuslauncher/com.android.launcher3.notification.NotificationListener}
04-08 00:49:13.076   546   546 V NotificationListeners: binding: Intent { act=android.service.notification.NotificationListenerService cmp=com.google.android.apps.nexuslauncher/com.android.launcher3.notification.NotificationListener (has extras) }
04-08 00:49:13.081   546   736 D CompatibilityChangeReporter: Compat change id reported: 171306433; UID 10168; state: ENABLED
04-08 00:49:13.082  1579  1579 V GraphicsEnvironment: Currently set values for:
04-08 00:49:13.083  1579  1579 V GraphicsEnvironment:   angle_gl_driver_selection_pkgs=[]
04-08 00:49:13.084  1579  1579 V GraphicsEnvironment:   angle_gl_driver_selection_values=[]
04-08 00:49:13.084  1579  1579 V GraphicsEnvironment: ANGLE GameManagerService for com.android.emulator.multidisplay: false
04-08 00:49:13.084  1579  1579 V GraphicsEnvironment: com.android.emulator.multidisplay is not listed in per-application setting
04-08 00:49:13.085  1579  1579 V GraphicsEnvironment: Neither updatable production driver nor prerelease driver is supported.
04-08 00:49:13.086   762   762 D SbStateController: setIsDreaming:false
04-08 00:49:13.091   546   546 V NotificationListeners: enabling notification listener for 0: ComponentInfo{com.google.android.as/com.google.android.apps.miphone.aiai.common.notification.service.AiAiNotificationListenerService}
04-08 00:49:13.091   546   546 V NotificationListeners: binding: Intent { act=android.service.notification.NotificationListenerService cmp=com.google.android.as/com.google.android.apps.miphone.aiai.common.notification.service.AiAiNotificationListenerService (has extras) }
04-08 00:49:13.093   546   546 W Looper  : Slow delivery took 222ms main h=android.app.ActivityThread$H c=android.app.LoadedApk$ReceiverDispatcher$Args$$ExternalSyntheticLambda0@c181201 m=0
04-08 00:49:13.096  1474  1474 I ModuleManager: ModuleManager.initModules():288 ece is forbidden by device ram size 1973 MB
04-08 00:49:13.097  1272  1616 V ContactsProvider: 0 Dangling Contacts have been cleaned up.
04-08 00:49:13.100  1549  1549 D nativeloader: InitLlndkLibrariesProduct: libEGL.so:libGLESv1_CM.so:libGLESv2.so:libGLESv3.so:libRS.so:libandroid_net.so:libbinder_ndk.so:libc.so:libcgrouprc.so:libclang_rt.asan-x86_64-android.so:libcom.android.tethering.connectivity_native.so:libdl.so:libft2.so:liblog.so:libm.so:libmediandk.so:libnativewindow.so:libneuralnetworks.so:libselinux.so:libsync.so:libvndksupport.so:libvulkan.so
04-08 00:49:13.100  1549  1549 D nativeloader: Configuring product-clns-7 for unbundled product apk /product/priv-app/PrebuiltBugle/PrebuiltBugle.apk. target_sdk_version=34, uses_libraries=, library_path=/product/priv-app/PrebuiltBugle/lib/x86_64:/product/priv-app/PrebuiltBugle/PrebuiltBugle.apk!/lib/x86_64:/product/lib64:/system/product/lib64, permitted_path=/data:/mnt/expand:/data/user/0/com.google.android.apps.messaging:/product/lib64:/system/product/lib64
04-08 00:49:13.101  1549  1549 D nativeloader: InitVndkspLibrariesProduct: android.hardware.common-V2-ndk.so:android.hardware.common.fmq-V1-ndk.so:android.hardware.graphics.allocator-V2-ndk.so:android.hardware.graphics.common-V4-ndk.so:android.hardware.graphics.common@1.0.so:android.hardware.graphics.common@1.1.so:android.hardware.graphics.common@1.2.so:android.hardware.graphics.composer3-V1-ndk.so:android.hardware.graphics.mapper@2.0.so:android.hardware.graphics.mapper@2.1.so:android.hardware.graphics.mapper@3.0.so:android.hardware.graphics.mapper@4.0.so:android.hardware.renderscript@1.0.so:android.hidl.memory.token@1.0.so:android.hidl.memory@1.0-impl.so:android.hidl.memory@1.0.so:android.hidl.safe_union@1.0.so:libRSCpuRef.so:libRSDriver.so:libRS_internal.so:libbase.so:libbcinfo.so:libblas.so:libc++.so:libcompiler_rt.so:libcutils.so:libdmabufheap.so:libgralloctypes.so:libhardware.so:libhidlbase.so:libhidlmemory.so:libion.so:libjsoncpp.so:liblzma.so:libprocessgroup.so:libunwindstack.so:libutils.so:libutilscallstack.so:libz.so
04-08 00:49:13.103  1539  1539 V GraphicsEnvironment: Currently set values for:
04-08 00:49:13.103  1539  1539 V GraphicsEnvironment:   angle_gl_driver_selection_pkgs=[]
04-08 00:49:13.103   546   575 D CompatibilityChangeReporter: Compat change id reported: 135634846; UID 10109; state: DISABLED
04-08 00:49:13.103  1539  1539 V GraphicsEnvironment:   angle_gl_driver_selection_values=[]
04-08 00:49:13.106  1474  1474 I ModuleManager: ModuleManager.initModules():283 fiu is forbidden by manufacturer
04-08 00:49:13.106   546   577 D CompatibilityChangeReporter: Compat change id reported: 143937733; UID 10109; state: ENABLED
04-08 00:49:13.110   546  1633 D CompatibilityChangeReporter: Compat change id reported: 168419799; UID 10128; state: DISABLED
04-08 00:49:13.110   546  1633 D CompatibilityChangeReporter: Compat change id reported: 273564678; UID 10128; state: DISABLED
04-08 00:49:13.115   356   356 D Zygote  : Forked child process 1707
04-08 00:49:13.119   546   559 D CompatibilityChangeReporter: Compat change id reported: 161252188; UID 10138; state: DISABLED
04-08 00:49:13.120   546   559 D CompatibilityChangeReporter: Compat change id reported: 135634846; UID 10138; state: DISABLED
04-08 00:49:13.121   944   944 V MediaPlayerList: mPackageChangedBroadcastReceiver: action: android.intent.action.PACKAGE_CHANGED
04-08 00:49:13.121   944   944 D HeadsetService: Unlocked userId 0
04-08 00:49:13.121   546   606 D CompatibilityChangeReporter: Compat change id reported: 168419799; UID 10155; state: DISABLED
04-08 00:49:13.122   546   606 D CompatibilityChangeReporter: Compat change id reported: 273564678; UID 10155; state: DISABLED
04-08 00:49:13.122   944   944 D HearingAidService: Unlocked userId 0
04-08 00:49:13.122   944   944 D HidDeviceService: Unlocked userId 0
04-08 00:49:13.123   944   944 V MediaPlayerList: mPackageChangedBroadcastReceiver: action: android.intent.action.PACKAGE_CHANGED
04-08 00:49:13.123   944   944 D HidHostService: Unlocked userId 0
04-08 00:49:13.123   944   944 D BluetoothMapService: Unlocked userId 0
04-08 00:49:13.125   944   944 D McpService: Unlocked userId 0
04-08 00:49:13.125   944   944 D BluetoothOppService: Unlocked userId 0
04-08 00:49:13.125   944   944 D PanService: Unlocked userId 0
04-08 00:49:13.125   944   944 D BluetoothPbapService: Unlocked userId 0
04-08 00:49:13.125   944   944 I BluetoothPbapService: setUserUnlocked(0)
04-08 00:49:13.127  1634  1634 D CompatibilityChangeReporter: Compat change id reported: 171979766; UID 10155; state: ENABLED
04-08 00:49:13.128  1634  1634 D CompatibilityChangeReporter: Compat change id reported: 242716250; UID 10155; state: DISABLED
04-08 00:49:13.133  1542  1542 D nativeloader: InitLlndkLibrariesProduct: libEGL.so:libGLESv1_CM.so:libGLESv2.so:libGLESv3.so:libRS.so:libandroid_net.so:libbinder_ndk.so:libc.so:libcgrouprc.so:libclang_rt.asan-x86_64-android.so:libcom.android.tethering.connectivity_native.so:libdl.so:libft2.so:liblog.so:libm.so:libmediandk.so:libnativewindow.so:libneuralnetworks.so:libselinux.so:libsync.so:libvndksupport.so:libvulkan.so
04-08 00:49:13.133  1542  1542 D nativeloader: Configuring product-clns-7 for unbundled product apk /product/priv-app/Velvet/Velvet.apk. target_sdk_version=31, uses_libraries=, library_path=/product/priv-app/Velvet/lib/x86_64:/product/priv-app/Velvet/Velvet.apk!/lib/x86_64:/product/lib64:/system/product/lib64, permitted_path=/data:/mnt/expand:/data/user/0/com.google.android.googlequicksearchbox:/product/lib64:/system/product/lib64
04-08 00:49:13.134  1542  1542 D nativeloader: InitVndkspLibrariesProduct: android.hardware.common-V2-ndk.so:android.hardware.common.fmq-V1-ndk.so:android.hardware.graphics.allocator-V2-ndk.so:android.hardware.graphics.common-V4-ndk.so:android.hardware.graphics.common@1.0.so:android.hardware.graphics.common@1.1.so:android.hardware.graphics.common@1.2.so:android.hardware.graphics.composer3-V1-ndk.so:android.hardware.graphics.mapper@2.0.so:android.hardware.graphics.mapper@2.1.so:android.hardware.graphics.mapper@3.0.so:android.hardware.graphics.mapper@4.0.so:android.hardware.renderscript@1.0.so:android.hidl.memory.token@1.0.so:android.hidl.memory@1.0-impl.so:android.hidl.memory@1.0.so:android.hidl.safe_union@1.0.so:libRSCpuRef.so:libRSDriver.so:libRS_internal.so:libbase.so:libbcinfo.so:libblas.so:libc++.so:libcompiler_rt.so:libcutils.so:libdmabufheap.so:libgralloctypes.so:libhardware.so:libhidlbase.so:libhidlmemory.so:libion.so:libjsoncpp.so:liblzma.so:libprocessgroup.so:libunwindstack.so:libutils.so:libutilscallstack.so:libz.so
04-08 00:49:13.135   762   762 D QSPanel : setUsingHorizontalLayout: false, true
04-08 00:49:13.135   762   762 D QSPanel : Reattaching media host: false, current com.android.systemui.qs.QSPanel{72591bb IFE...... ......ID 0,126-996,1733 #7f0a05d8 app:id/quick_settings_panel}, new com.android.systemui.qs.QSPanel{d040180 VFE...... ......I. 0,0-0,0 #7f0a05d8 app:id/quick_settings_panel}
04-08 00:49:13.135   546   749 D CompatibilityChangeReporter: Compat change id reported: 170503758; UID 10155; state: ENABLED
04-08 00:49:13.136   762   762 D QSPanel : setUsingHorizontalLayout: false, true
04-08 00:49:13.136   762   762 D QSPanel : Reattaching media host: false, current com.android.systemui.qs.QSPanel{d040180 VFE...... ......I. 0,0-0,0 #7f0a05d8 app:id/quick_settings_panel}, new com.android.systemui.qs.QSPanel{d040180 VFE...... ......I. 0,0-0,0 #7f0a05d8 app:id/quick_settings_panel}
04-08 00:49:13.136   546   619 D CompatibilityChangeReporter: Compat change id reported: 265195908; UID 10155; state: ENABLED
04-08 00:49:13.136  1539  1539 V GraphicsEnvironment: ANGLE GameManagerService for com.google.android.providers.media.module: false
04-08 00:49:13.137  1539  1539 V GraphicsEnvironment: com.google.android.providers.media.module is not listed in per-application setting
04-08 00:49:13.137  1539  1539 V GraphicsEnvironment: Neither updatable production driver nor prerelease driver is supported.
04-08 00:49:13.138   762   762 D QuickQSPanel: setUsingHorizontalLayout: false, true
04-08 00:49:13.138   762   762 D QuickQSPanel: Reattaching media host: false, current com.android.systemui.qs.QuickQSPanel{55fdca2 VFE...... ......ID 0,126-996,526 #7f0a05d6 app:id/quick_qs_panel}, new com.android.systemui.qs.QuickQSPanel{667b3fe VFE...... ......I. 0,0-0,0 #7f0a05d6 app:id/quick_qs_panel}
04-08 00:49:13.140  1272  1665 I CallLogProvider: Syncing call composer pics -- source user=0, isShadow=true, forAllUser=false
04-08 00:49:13.141   944   944 W MediaSessionCompat: Couldn't find a unique registered media button receiver in the given context.
04-08 00:49:13.141  1474  1709 D CompatibilityChangeReporter: Compat change id reported: 194532703; UID 10147; state: ENABLED
04-08 00:49:13.142  1474  1709 D CompatibilityChangeReporter: Compat change id reported: 253665015; UID 10147; state: DISABLED
04-08 00:49:13.142  1549  1549 V GraphicsEnvironment: Currently set values for:
04-08 00:49:13.142  1549  1549 V GraphicsEnvironment:   angle_gl_driver_selection_pkgs=[]
04-08 00:49:13.142  1549  1549 V GraphicsEnvironment:   angle_gl_driver_selection_values=[]
04-08 00:49:13.143   546  1624 I ActivityManager: Flag disabled. Ignoring finishAttachApplication from uid: 1000. pid: 1579
04-08 00:49:13.144  1707  1707 I id.printspooler: Using CollectorTypeCC GC.
04-08 00:49:13.144  1272  1665 I CallLogProvider: Fetching list of Uris to sync
04-08 00:49:13.144  1542  1542 V GraphicsEnvironment: Currently set values for:
04-08 00:49:13.144  1542  1542 V GraphicsEnvironment:   angle_gl_driver_selection_pkgs=[]
04-08 00:49:13.144  1542  1542 V GraphicsEnvironment:   angle_gl_driver_selection_values=[]
04-08 00:49:13.144  1542  1542 V GraphicsEnvironment: ANGLE GameManagerService for com.google.android.googlequicksearchbox: false
04-08 00:49:13.144  1542  1542 V GraphicsEnvironment: com.google.android.googlequicksearchbox is not listed in per-application setting
04-08 00:49:13.145  1542  1542 V GraphicsEnvironment: Neither updatable production driver nor prerelease driver is supported.
04-08 00:49:13.145  1272  1665 I CallLogProvider: Will sync following Uris:[]
04-08 00:49:13.145  1272  1665 I CallLogProvider: Syncing call composer pics -- got []
04-08 00:49:13.145  1707  1707 W id.printspooler: Unexpected CPU variant for x86: x86_64.
04-08 00:49:13.145  1707  1707 W id.printspooler: Known variants: atom, sandybridge, silvermont, goldmont, goldmont-plus, tremont, kabylake, default
04-08 00:49:13.147  1634  1634 D nativeloader: Configuring clns-6 for other apk /system/framework/org.apache.http.legacy.jar. target_sdk_version=33, uses_libraries=ALL, library_path=/product/app/YouTubeMusicPrebuilt/lib/x86_64:/product/app/YouTubeMusicPrebuilt/YouTubeMusicPrebuilt.apk!/lib/x86_64, permitted_path=/data:/mnt/expand:/data/user/0/com.google.android.apps.youtube.music
04-08 00:49:13.147  1634  1634 D ApplicationLoaders: Returning zygote-cached class loader: /system_ext/framework/androidx.window.extensions.jar
04-08 00:49:13.147  1634  1634 D ApplicationLoaders: Returning zygote-cached class loader: /system_ext/framework/androidx.window.sidecar.jar
04-08 00:49:13.149  1474  1474 I LatinApp: LatinApp.initialize():141 initialize()
04-08 00:49:13.149  1542  1542 D CompatibilityChangeReporter: Compat change id reported: 3400644; UID 10132; state: DISABLED
04-08 00:49:13.150   546   749 D CompatibilityChangeReporter: Compat change id reported: 253665015; UID 10147; state: DISABLED
04-08 00:49:13.150   546   749 D CompatibilityChangeReporter: Compat change id reported: 194532703; UID 10147; state: ENABLED
04-08 00:49:13.150   546   546 W Looper  : Drained
04-08 00:49:13.150   546   749 E JobScheduler.JobStatus: App com.google.android.inputmethod.latin became active but still in NEVER bucket
04-08 00:49:13.151  1542  1542 I MultiDex: VM with version 2.1.0 has multidex support
04-08 00:49:13.151  1542  1542 I MultiDex: Installing application
04-08 00:49:13.151  1542  1542 I MultiDex: VM has multidex support, MultiDex support library is disabled.
04-08 00:49:13.152   546   746 I MediaSessionStack: addSession to bottom of stack | record: com.google.android.bluetooth/BluetoothMediaBrowserService (userId=0)
04-08 00:49:13.147  1661  1661 D CompatibilityChangeReporter: Compat change id reported: 171979766; UID 10128; state: ENABLED
04-08 00:49:13.152  1661  1661 D CompatibilityChangeReporter: Compat change id reported: 242716250; UID 10128; state: DISABLED
04-08 00:49:13.153  1707  1707 E id.printspooler: Not starting debugger since process cannot load the jdwp agent.
04-08 00:49:13.153  1549  1549 V GraphicsEnvironment: ANGLE GameManagerService for com.google.android.apps.messaging: false
04-08 00:49:13.153  1549  1549 V GraphicsEnvironment: com.google.android.apps.messaging is not listed in per-application setting
04-08 00:49:13.154  1549  1549 V GraphicsEnvironment: Neither updatable production driver nor prerelease driver is supported.
04-08 00:49:13.155  1474  1474 I DeviceModeUtil: DeviceModeUtil.getDeviceMode():122 Get device mode phone by ui mode:1 and smallestScreenWidthDp:411
04-08 00:49:13.155  1474  1474 I DeviceModeUtil: DeviceModeUtil.getDeviceMode():122 Get device mode phone by ui mode:1 and smallestScreenWidthDp:411
04-08 00:49:13.160   974  1140 D ImsResolver: maybeAddedImsService, packageName: android
04-08 00:49:13.163  1673  1673 D CompatibilityChangeReporter: Compat change id reported: 171979766; UID 10132; state: ENABLED
04-08 00:49:13.163  1673  1673 D CompatibilityChangeReporter: Compat change id reported: 242716250; UID 10132; state: DISABLED
04-08 00:49:13.165  1549  1549 I MultiDex: Installing application
04-08 00:49:13.165  1549  1549 I MultiDex: VM with version 2.1.0 has multidex support
04-08 00:49:13.165  1549  1549 I MultiDex: VM has multidex support, MultiDex support library is disabled.
04-08 00:49:13.165  1541  1541 W ogle.android.as: Accessing hidden field Ljava/util/Collections$SynchronizedCollection;->mutex:Ljava/lang/Object; (max-target-o, reflection, denied)
04-08 00:49:13.166  1541  1541 W ogle.android.as: Accessing hidden method Ljava/util/Collections$SynchronizedSet;-><init>(Ljava/util/Set;Ljava/lang/Object;)V (max-target-o, reflection, denied)
04-08 00:49:13.166  1541  1541 W ogle.android.as: Accessing hidden method Ljava/util/Collections$SynchronizedCollection;-><init>(Ljava/util/Collection;Ljava/lang/Object;)V (max-target-o, reflection, denied)
04-08 00:49:13.166  1338  1338 W WindowOnBackDispatcher: OnBackInvokedCallback is not enabled for the application.
04-08 00:49:13.166  1338  1338 W WindowOnBackDispatcher: Set 'android:enableOnBackInvokedCallback="true"' in the application manifest.
04-08 00:49:13.166   546   577 W ActivityManager: Slow operation: 63ms so far, now at startProcess: done updating battery stats
04-08 00:49:13.166   546   577 W ActivityManager: Slow operation: 63ms so far, now at startProcess: building log message
04-08 00:49:13.166   546   577 I ActivityManager: Start proc 1707:com.android.printspooler/u0a109 for service {com.android.printspooler/com.android.printspooler.model.PrintSpoolerService}
04-08 00:49:13.166   546   577 W ActivityManager: Slow operation: 63ms so far, now at startProcess: starting to update pids map
04-08 00:49:13.166   546   577 W ActivityManager: Slow operation: 63ms so far, now at startProcess: done updating pids map
04-08 00:49:13.166  1541  1541 D CompatibilityChangeReporter: Compat change id reported: 183155436; UID 10127; state: ENABLED
04-08 00:49:13.166   546   750 D CompatibilityChangeReporter: Compat change id reported: 161145287; UID 10132; state: DISABLED
04-08 00:49:13.167  1474  1709 I JobSchedulerImpl: JobSchedulerImpl.schedule():91 Schedule task: FILE CLEANING (id=1534697245). Success.
04-08 00:49:13.167   546   750 W ActivityManager: Receiver with filter android.content.IntentFilter@412a0cb already registered for pid 1542, callerPackage is com.google.android.googlequicksearchbox
04-08 00:49:13.168   546   577 D CompatibilityChangeReporter: Compat change id reported: 143937733; UID 10138; state: ENABLED
04-08 00:49:13.171  1673  1673 D nativeloader: Configuring clns-6 for other apk /system/framework/org.apache.http.legacy.jar. target_sdk_version=31, uses_libraries=ALL, library_path=/product/priv-app/Velvet/lib/x86_64:/product/priv-app/Velvet/Velvet.apk!/lib/x86_64, permitted_path=/data:/mnt/expand:/data/user/0/com.google.android.googlequicksearchbox
04-08 00:49:13.171   762   762 D QS      : Binding the View implementation of the QS footer actions
04-08 00:49:13.172   356   356 D Zygote  : Forked child process 1731
04-08 00:49:13.172  1673  1673 D ApplicationLoaders: Returning zygote-cached class loader: /system_ext/framework/androidx.window.extensions.jar
04-08 00:49:13.172  1673  1673 D ApplicationLoaders: Returning zygote-cached class loader: /system_ext/framework/androidx.window.sidecar.jar
04-08 00:49:13.173   546   577 W ActivityManager: Slow operation: 53ms so far, now at startProcess: returned from zygote!
04-08 00:49:13.174  1539  1539 V MediaProvider: Attached media from com.google.android.providers.media.module
04-08 00:49:13.177   546   565 W Looper  : Slow dispatch took 158ms android.fg h=android.os.Handler c=com.android.server.servicewatcher.ServiceWatcherImpl$$ExternalSyntheticLambda0@bfeff54 m=0
04-08 00:49:13.179  1272  1272 I ContactsPerf: VoicemailContentProvider.onCreate start
04-08 00:49:13.180  1731  1731 I android.youtube: Using CollectorTypeCC GC.
04-08 00:49:13.181  1731  1731 W android.youtube: Unexpected CPU variant for x86: x86_64.
04-08 00:49:13.181  1731  1731 W android.youtube: Known variants: atom, sandybridge, silvermont, goldmont, goldmont-plus, tremont, kabylake, default
04-08 00:49:13.182   546   577 W ActivityManager: Slow operation: 60ms so far, now at startProcess: done updating battery stats
04-08 00:49:13.182   546   577 W ActivityManager: Slow operation: 62ms so far, now at startProcess: building log message
04-08 00:49:13.182   546   577 I ActivityManager: Start proc 1731:com.google.android.youtube/u0a138 for service {com.google.android.youtube/com.google.android.apps.youtube.app.extensions.mediabrowser.impl.MainAppMediaBrowserService}
04-08 00:49:13.182   546   577 W ActivityManager: Slow operation: 62ms so far, now at startProcess: starting to update pids map
04-08 00:49:13.182   546   577 W ActivityManager: Slow operation: 62ms so far, now at startProcess: done updating pids map
04-08 00:49:13.186   878   904 I PermissionControllerServiceImpl: Updating user sensitive for uid 1000
04-08 00:49:13.190   546   745 D CompatibilityChangeReporter: Compat change id reported: 170503758; UID 10128; state: ENABLED
04-08 00:49:13.193  1731  1731 E android.youtube: Not starting debugger since process cannot load the jdwp agent.
04-08 00:49:13.198  1634  1634 D nativeloader: InitLlndkLibrariesProduct: libEGL.so:libGLESv1_CM.so:libGLESv2.so:libGLESv3.so:libRS.so:libandroid_net.so:libbinder_ndk.so:libc.so:libcgrouprc.so:libclang_rt.asan-x86_64-android.so:libcom.android.tethering.connectivity_native.so:libdl.so:libft2.so:liblog.so:libm.so:libmediandk.so:libnativewindow.so:libneuralnetworks.so:libselinux.so:libsync.so:libvndksupport.so:libvulkan.so
04-08 00:49:13.198  1634  1634 D nativeloader: Configuring product-clns-7 for unbundled product apk /product/app/YouTubeMusicPrebuilt/YouTubeMusicPrebuilt.apk. target_sdk_version=33, uses_libraries=, library_path=/product/app/YouTubeMusicPrebuilt/lib/x86_64:/product/app/YouTubeMusicPrebuilt/YouTubeMusicPrebuilt.apk!/lib/x86_64:/product/lib64:/system/product/lib64, permitted_path=/data:/mnt/expand:/data/user/0/com.google.android.apps.youtube.music:/product/lib64:/system/product/lib64
04-08 00:49:13.199  1673  1673 D nativeloader: InitLlndkLibrariesProduct: libEGL.so:libGLESv1_CM.so:libGLESv2.so:libGLESv3.so:libRS.so:libandroid_net.so:libbinder_ndk.so:libc.so:libcgrouprc.so:libclang_rt.asan-x86_64-android.so:libcom.android.tethering.connectivity_native.so:libdl.so:libft2.so:liblog.so:libm.so:libmediandk.so:libnativewindow.so:libneuralnetworks.so:libselinux.so:libsync.so:libvndksupport.so:libvulkan.so
04-08 00:49:13.199  1673  1673 D nativeloader: Configuring product-clns-7 for unbundled product apk /product/priv-app/Velvet/Velvet.apk. target_sdk_version=31, uses_libraries=, library_path=/product/priv-app/Velvet/lib/x86_64:/product/priv-app/Velvet/Velvet.apk!/lib/x86_64:/product/lib64:/system/product/lib64, permitted_path=/data:/mnt/expand:/data/user/0/com.google.android.googlequicksearchbox:/product/lib64:/system/product/lib64
04-08 00:49:13.199  1634  1634 D nativeloader: InitVndkspLibrariesProduct: android.hardware.common-V2-ndk.so:android.hardware.common.fmq-V1-ndk.so:android.hardware.graphics.allocator-V2-ndk.so:android.hardware.graphics.common-V4-ndk.so:android.hardware.graphics.common@1.0.so:android.hardware.graphics.common@1.1.so:android.hardware.graphics.common@1.2.so:android.hardware.graphics.composer3-V1-ndk.so:android.hardware.graphics.mapper@2.0.so:android.hardware.graphics.mapper@2.1.so:android.hardware.graphics.mapper@3.0.so:android.hardware.graphics.mapper@4.0.so:android.hardware.renderscript@1.0.so:android.hidl.memory.token@1.0.so:android.hidl.memory@1.0-impl.so:android.hidl.memory@1.0.so:android.hidl.safe_union@1.0.so:libRSCpuRef.so:libRSDriver.so:libRS_internal.so:libbase.so:libbcinfo.so:libblas.so:libc++.so:libcompiler_rt.so:libcutils.so:libdmabufheap.so:libgralloctypes.so:libhardware.so:libhidlbase.so:libhidlmemory.so:libion.so:libjsoncpp.so:liblzma.so:libprocessgroup.so:libunwindstack.so:libutils.so:libutilscallstack.so:libz.so
04-08 00:49:13.199  1673  1673 D nativeloader: InitVndkspLibrariesProduct: android.hardware.common-V2-ndk.so:android.hardware.common.fmq-V1-ndk.so:android.hardware.graphics.allocator-V2-ndk.so:android.hardware.graphics.common-V4-ndk.so:android.hardware.graphics.common@1.0.so:android.hardware.graphics.common@1.1.so:android.hardware.graphics.common@1.2.so:android.hardware.graphics.composer3-V1-ndk.so:android.hardware.graphics.mapper@2.0.so:android.hardware.graphics.mapper@2.1.so:android.hardware.graphics.mapper@3.0.so:android.hardware.graphics.mapper@4.0.so:android.hardware.renderscript@1.0.so:android.hidl.memory.token@1.0.so:android.hidl.memory@1.0-impl.so:android.hidl.memory@1.0.so:android.hidl.safe_union@1.0.so:libRSCpuRef.so:libRSDriver.so:libRS_internal.so:libbase.so:libbcinfo.so:libblas.so:libc++.so:libcompiler_rt.so:libcutils.so:libdmabufheap.so:libgralloctypes.so:libhardware.so:libhidlbase.so:libhidlmemory.so:libion.so:libjsoncpp.so:liblzma.so:libprocessgroup.so:libunwindstack.so:libutils.so:libutilscallstack.so:libz.so
04-08 00:49:13.203  1542  1542 I InteractorInitializer: Initialized process com.google.android.googlequicksearchbox:interactor
04-08 00:49:13.206  1272  1272 I ContactsPerf: VoicemailContentProvider.onCreate finish
04-08 00:49:13.209   974   974 I PhoneGlobals: Dismissing depersonal panelLOADED
04-08 00:49:13.213  1338  1658 W OpenGLRenderer: Failed to initialize 101010-2 format, error = EGL_SUCCESS
04-08 00:49:13.214   546   565 W Looper  : Slow delivery took 312ms android.fg h=android.os.Handler c=com.android.server.servicewatcher.ServiceWatcherImpl$$ExternalSyntheticLambda0@a619d7c m=0
04-08 00:49:13.215   546   614 D CompatibilityChangeReporter: Compat change id reported: 168419799; UID 10109; state: DISABLED
04-08 00:49:13.215   546   614 D CompatibilityChangeReporter: Compat change id reported: 273564678; UID 10109; state: DISABLED
04-08 00:49:13.218  1549  1549 D CompatibilityChangeReporter: Compat change id reported: 3400644; UID 10131; state: ENABLED
04-08 00:49:13.219   546   619 D CompatibilityChangeReporter: Compat change id reported: 265195908; UID 10109; state: ENABLED
04-08 00:49:13.225   157   157 I hwservicemanager: getTransport: Cannot find entry android.hardware.graphics.mapper@4.0::IMapper/default in either framework or device VINTF manifest.
--------- beginning of kernel
04-08 00:49:13.951     0     0 I servicemanager: Could not find android.hardware.graphics.allocator.IAllocator/default in the VINTF manifest.
04-08 00:49:13.226  1338  1658 I Gralloc4: mapper 4.x is not supported
04-08 00:49:13.226  1272  1272 I ContactsDatabaseHelper: updateUseStrictPhoneNumberComparison: US
04-08 00:49:13.233   546   565 I ServiceWatcher: [fused] chose new implementation 10128/com.google.android.gms/com.google.android.location.fused.FusedLocationService@1
04-08 00:49:13.237   546   565 W Looper  : Drained
04-08 00:49:13.237   546   565 I ServiceWatcher: [GeocoderProxy] chose new implementation 10128/com.google.android.gms/.location.geocode.GeocodeService@2
04-08 00:49:13.237   546   565 I ServiceWatcher: [HardwareActivityRecognitionProxy] chose new implementation 10128/com.google.android.gms/com.google.android.location.internal.server.HardwareArProviderService@1
04-08 00:49:13.237   546   565 I ServiceWatcher: [GeofenceProxy] chose new implementation 10128/com.google.android.gms/com.google.android.location.internal.GoogleLocationManagerService@1
04-08 00:49:13.238   546   565 I ServiceWatcher: [RealLocationTimeZoneProviderProxy] chose new implementation 10128/com.google.android.gms/.geotimezone.GeoTimeZoneService@1
04-08 00:49:13.247   762   812 W Looper  : Slow dispatch took 44ms wmshell.main h=android.os.Handler c=android.media.session.MediaSessionManager$SessionsChangedWrapper$1$$ExternalSyntheticLambda0@ee16110 m=0
04-08 00:49:13.250   546   749 D CompatibilityChangeReporter: Compat change id reported: 168419799; UID 10138; state: DISABLED
04-08 00:49:13.251   546   749 D CompatibilityChangeReporter: Compat change id reported: 273564678; UID 10138; state: DISABLED
04-08 00:49:13.253   546   640 I InputReader: Reconfiguring input devices, changes=KEYBOARD_LAYOUTS
04-08 00:49:13.254  1673  1673 V GraphicsEnvironment: Currently set values for:
04-08 00:49:13.255  1673  1673 V GraphicsEnvironment:   angle_gl_driver_selection_pkgs=[]
04-08 00:49:13.255  1673  1673 V GraphicsEnvironment:   angle_gl_driver_selection_values=[]
04-08 00:49:13.255  1673  1673 V GraphicsEnvironment: ANGLE GameManagerService for com.google.android.googlequicksearchbox: false
04-08 00:49:13.255  1673  1673 V GraphicsEnvironment: com.google.android.googlequicksearchbox is not listed in per-application setting
04-08 00:49:13.255  1673  1673 V GraphicsEnvironment: Neither updatable production driver nor prerelease driver is supported.
04-08 00:49:13.255  1338  1658 E OpenGLRenderer: Unable to match the desired swap behavior.
04-08 00:49:13.256   546   619 D CompatibilityChangeReporter: Compat change id reported: 265195908; UID 10138; state: ENABLED
04-08 00:49:13.259   546   746 I ActivityManager: Flag disabled. Ignoring finishAttachApplication from uid: 10147. pid: 1474
04-08 00:49:13.267  1707  1707 D CompatibilityChangeReporter: Compat change id reported: 171979766; UID 10109; state: ENABLED
04-08 00:49:13.267  1707  1707 D CompatibilityChangeReporter: Compat change id reported: 242716250; UID 10109; state: ENABLED
04-08 00:49:13.269  1474  1474 D WindowTokenClient: Only apply configuration update to Resources because shouldReportConfigChange is false.
04-08 00:49:13.269  1474  1474 D WindowTokenClient: android.window.WindowTokenClient.attachToDisplayArea:119 android.window.WindowContextController.attachToDisplayArea:107 android.window.WindowProviderService.attachBaseContext:208 dfg.attachBaseContext:1 android.app.Service.attach:982 
04-08 00:49:13.276  1272  1760 I PhoneAccountHandleMigrationUtils_ContactsDatabaseHelper: updatePhoneAccountHandleMigrationPendingStatus false
04-08 00:49:13.278  1673  1673 D CompatibilityChangeReporter: Compat change id reported: 3400644; UID 10132; state: DISABLED
04-08 00:49:13.281  1673  1673 I MultiDex: VM with version 2.1.0 has multidex support
04-08 00:49:13.282  1731  1731 D CompatibilityChangeReporter: Compat change id reported: 171979766; UID 10138; state: ENABLED
04-08 00:49:13.282  1731  1731 D CompatibilityChangeReporter: Compat change id reported: 242716250; UID 10138; state: ENABLED
04-08 00:49:13.283  1673  1673 I MultiDex: Installing application
04-08 00:49:13.283  1673  1673 I MultiDex: VM has multidex support, MultiDex support library is disabled.
04-08 00:49:13.284   546  1628 D CompatibilityChangeReporter: Compat change id reported: 170503758; UID 10138; state: ENABLED
04-08 00:49:13.294  1474  1474 I DeviceModeUtil: DeviceModeUtil.getDeviceMode():122 Get device mode phone by ui mode:1 and smallestScreenWidthDp:411
04-08 00:49:13.298  1549  1756 W s.messaging:rcs: Accessing hidden field Ljava/util/Collections$SynchronizedCollection;->mutex:Ljava/lang/Object; (max-target-o, reflection, denied)
04-08 00:49:13.298  1549  1756 W s.messaging:rcs: Accessing hidden method Ljava/util/Collections$SynchronizedSet;-><init>(Ljava/util/Set;Ljava/lang/Object;)V (max-target-o, reflection, denied)
04-08 00:49:13.298  1549  1756 W s.messaging:rcs: Accessing hidden method Ljava/util/Collections$SynchronizedCollection;-><init>(Ljava/util/Collection;Ljava/lang/Object;)V (max-target-o, reflection, denied)
04-08 00:49:13.299  1474  1474 I StyledKeyboardTheme: StyledKeyboardTheme.<init>():87 Pref: [], themeName: [silk:], darkMode: [false], cacheKey: [overlay_builtin_dynamic_color_light_base.binarypb:dynamic-light-fff0f0f3-ff76d1ff-ce191c6173d879ea127e4e40bfd70d3c]
04-08 00:49:13.299  1474  1474 I DeviceModeUtil: DeviceModeUtil.getDeviceMode():122 Get device mode phone by ui mode:1 and smallestScreenWidthDp:411
04-08 00:49:13.299  1474  1474 I DeviceModeUtil: DeviceModeUtil.getDeviceMode():122 Get device mode phone by ui mode:1 and smallestScreenWidthDp:411
04-08 00:49:13.299  1474  1474 I DeviceModeUtil: DeviceModeUtil.getDeviceMode():122 Get device mode phone by ui mode:1 and smallestScreenWidthDp:411
04-08 00:49:13.300  1474  1474 I DeviceModeUtil: DeviceModeUtil.getDeviceMode():122 Get device mode phone by ui mode:1 and smallestScreenWidthDp:411
04-08 00:49:13.300  1474  1474 I DeviceModeUtil: DeviceModeUtil.getDeviceMode():122 Get device mode phone by ui mode:1 and smallestScreenWidthDp:411
04-08 00:49:13.300  1474  1474 I GoogleInputMethodService: GoogleInputMethodService.initializeKeyboardTheme():1343 Apply keyboard theme: theme_border_bottom4dp_stylesheet_noshadow_gsans_pillkey_silkpopup_materiallight_phone_400_overlay_builtin_dynamic_color_light_base.binarypb:dynamic-light-fff0f0f3-ff76d1ff-ce191c6173d879ea127e4e40bfd70d3c_port
04-08 00:49:13.302   546   606 D CompatibilityChangeReporter: Compat change id reported: 261072174; UID 10131; state: ENABLED
04-08 00:49:13.304  1474  1474 I InputMethodEntryManager: InputMethodEntryManager.setCurrentInputMethodSubtype():3273 Deferred setting the current input method subtype.
04-08 00:49:13.305   546   606 W BatteryExternalStatsWorker: error reading Bluetooth stats: 11
04-08 00:49:13.306  1634  1634 V GraphicsEnvironment: Currently set values for:
04-08 00:49:13.306  1634  1634 V GraphicsEnvironment:   angle_gl_driver_selection_pkgs=[]
04-08 00:49:13.306  1634  1634 V GraphicsEnvironment:   angle_gl_driver_selection_values=[]
04-08 00:49:13.309  1474  1474 I NormalModeController: NormalModeController.getKeyboardBodyViewHolderPaddingBottom():116 currentPrimeKeyboardType:SOFT systemPaddingBottom:-1
04-08 00:49:13.310  1474  1474 I NormalModeController: NormalModeController.getKeyboardBodyViewHolderPaddingBottom():116 currentPrimeKeyboardType:SOFT systemPaddingBottom:-1
04-08 00:49:13.315   546   746 D CompatibilityChangeReporter: Compat change id reported: 170503758; UID 10109; state: ENABLED
04-08 00:49:13.315  1661  1661 D nativeloader: Configuring clns-6 for other apk /system/framework/org.apache.http.legacy.jar. target_sdk_version=33, uses_libraries=ALL, library_path=/product/priv-app/PrebuiltGmsCore/lib/x86_64:/product/priv-app/PrebuiltGmsCore/PrebuiltGmsCore.apk!/lib/x86_64, permitted_path=/data:/mnt/expand:/data/user/0/com.google.android.gms
04-08 00:49:13.316  1474  1474 I HardKeyTracker: HardKeyTracker.registerKeySequence():62 Register key sequence hox{callback=iae@3f2b43a, lastModifier=0, keyCodes=[204], actions=[0]}
04-08 00:49:13.316  1474  1474 I HardKeyTracker: HardKeyTracker.registerKeySequence():62 Register key sequence hox{callback=iae@e4a2ce1, lastModifier=1, keyCodes=[62], actions=[0]}
04-08 00:49:13.316  1707  1707 D CompatibilityChangeReporter: Compat change id reported: 3400644; UID 10109; state: ENABLED
04-08 00:49:13.318  1634  1634 V GraphicsEnvironment: ANGLE GameManagerService for com.google.android.apps.youtube.music: false
04-08 00:49:13.319   974   974 D nativeloader: Configuring clns-shared-11 for other apk /system/priv-app/ONS/ONS.apk. target_sdk_version=34, uses_libraries=, library_path=/system/priv-app/ONS/lib/x86_64:/system/lib64:/system_ext/lib64, permitted_path=/data:/mnt/expand:/data/user/0/com.android.ons:/system/priv-app/ONS:/system/lib64:/system_ext/lib64
04-08 00:49:13.319  1634  1634 V GraphicsEnvironment: com.google.android.apps.youtube.music is not listed in per-application setting
04-08 00:49:13.319  1634  1634 V GraphicsEnvironment: Neither updatable production driver nor prerelease driver is supported.
04-08 00:49:13.320  1272  1760 V ContactsProvider: 0 Dangling Contacts have been cleaned up.
04-08 00:49:13.327  1661  1661 D nativeloader: Configuring clns-7 for other apk /system/framework/com.android.media.remotedisplay.jar. target_sdk_version=33, uses_libraries=ALL, library_path=/product/priv-app/PrebuiltGmsCore/lib/x86_64:/product/priv-app/PrebuiltGmsCore/PrebuiltGmsCore.apk!/lib/x86_64, permitted_path=/data:/mnt/expand:/data/user/0/com.google.android.gms
04-08 00:49:13.329  1661  1661 D nativeloader: Configuring clns-8 for other apk /system/framework/com.android.location.provider.jar. target_sdk_version=33, uses_libraries=ALL, library_path=/product/priv-app/PrebuiltGmsCore/lib/x86_64:/product/priv-app/PrebuiltGmsCore/PrebuiltGmsCore.apk!/lib/x86_64, permitted_path=/data:/mnt/expand:/data/user/0/com.google.android.gms
04-08 00:49:13.329  1661  1661 D ApplicationLoaders: Returning zygote-cached class loader: /system_ext/framework/androidx.window.extensions.jar
04-08 00:49:13.329  1661  1661 D ApplicationLoaders: Returning zygote-cached class loader: /system_ext/framework/androidx.window.sidecar.jar
04-08 00:49:13.334   546   606 W StorageManagerService: Reporting emulated;0 unmounted due to system locked
04-08 00:49:13.337  1707  1707 D nativeloader: Configuring clns-shared-6 for other apk /system/app/PrintSpooler/PrintSpooler.apk. target_sdk_version=34, uses_libraries=, library_path=/system/app/PrintSpooler/lib/x86_64:/system/app/PrintSpooler/PrintSpooler.apk!/lib/x86_64:/system/lib64:/system_ext/lib64, permitted_path=/data:/mnt/expand:/data/user/0/com.android.printspooler:/system/app/PrintSpooler:/system/lib64:/system_ext/lib64
04-08 00:49:13.340   944   944 V MediaPlayerList: onActiveSessionsChanged: number of controllers: 0
04-08 00:49:13.341   944   944 D AvrcpTargetJni: sendPlayerSettingsNative
04-08 00:49:13.341   944   944 I bt_stack: [INFO:avrcp_service.cc(551)] virtual void bluetooth::avrcp::AvrcpService::SendPlayerSettingsChanged(std::vector<PlayerAttribute>, std::vector<uint8_t>)
04-08 00:49:13.341   944   944 I bt_stack: [INFO:avrcp_service.cc(565)] attribute=PlayerAttribute::REPEAT : value=PlayerRepeatValue::OFF
04-08 00:49:13.341   944   944 I bt_stack: attribute=PlayerAttribute::SHUFFLE : value=PlayerShuffleValue::OFF
04-08 00:49:13.341   944   944 I bt_stack: 
04-08 00:49:13.341   944   944 V MediaPlayerList: onActiveSessionsChanged: number of controllers: 0
04-08 00:49:13.342   944   944 I BrowsedPlayerWrapper: onConnected: com.google.android.bluetooth is connected
04-08 00:49:13.342   944   944 D AvrcpBrowsablePlayerConnector: Browse player callback called: package=com.google.android.bluetooth : status=0
04-08 00:49:13.342   944   944 D AvrcpBrowsablePlayerConnector: Received a message: msg.what=1
04-08 00:49:13.342   974   974 W nsconfig: com.android.phone: New config does not match the previously set config.
04-08 00:49:13.343   944   944 I AvrcpBrowsablePlayerConnector: Checking root contents for com.google.android.bluetooth
04-08 00:49:13.343   974   974 D ONSAutoboot: Received android.intent.action.LOCKED_BOOT_COMPLETED
04-08 00:49:13.343  1474  1474 I PhenotypeModule: PhenotypeModule.onCreate():140 onCreate()
04-08 00:49:13.344  1474  1474 I PhenotypeModule: PhenotypeModule.maybeFetchAndUpdate():166 maybeFetchAndUpdate: start new task to fetch
04-08 00:49:13.344  1549  1549 I cjbs    : SslGuard completed installation.
04-08 00:49:13.347  1474  1474 I FirebaseApp: Device unlocked: initializing all Firebase APIs for app [DEFAULT]
04-08 00:49:13.349  1549  1549 I Bugle   : BugleApplicationBase: Bugle version: messages.android_20230529_03_rc01_alldpi.x86_64.phone
04-08 00:49:13.350   546   736 W StorageManagerService: Reporting emulated;0 unmounted due to system locked
04-08 00:49:13.353  1474  1709 I InputActionMetricsProcessor: InputActionMetricsProcessor.onAttached():77 Attached to metrics manager.
04-08 00:49:13.353  1477  1477 V ActivityThread: getPackageInfo() caused update to cached ApplicationInfo for package com.google.android.apps.wellbeing
04-08 00:49:13.355   944   944 W MediaSessionCompat: Couldn't find a unique registered media button receiver in the given context.
04-08 00:49:13.356   546   745 I MediaSessionStack: addSession to bottom of stack | record: com.google.android.bluetooth/BluetoothMediaBrowserService (userId=0)
04-08 00:49:13.361  1474  1709 I FileRestoreModule: FileRestoreModule.maybePerformRestore():40 There is no restore app version, skip restore
04-08 00:49:13.363  1474  1728 I SpeechPackManager: SpeechPackManager.init():167 init()
04-08 00:49:13.364  1474  1728 I SpeechPackManager: SpeechPackManager.registerManifest():451 registerManifest() : https://dl.google.com/android/voice/gboard/terse/superpacks-manifest-20210519.json
04-08 00:49:13.364  1474  1474 I UFCGuarder: UFCGuarder.onCreate():55 onCreate
04-08 00:49:13.365  1474  1474 I NormalModeController: NormalModeController.getKeyboardBodyViewHolderPaddingBottom():116 currentPrimeKeyboardType:SOFT systemPaddingBottom:-1
04-08 00:49:13.365  1474  1726 I JapaneseMozcExtension: JapaneseMozcExtension.onCreateServiceInternal():72 onCreateServiceInternal()
04-08 00:49:13.366  1474  1782 I ShortcutsDataManager: ShortcutsDataManager.onContentChanged():70 onContentChanged()
04-08 00:49:13.368  1474  1782 I ContactsDataManager: ContactsDataManager.onContentChanged():156 onContentChanged()
04-08 00:49:13.368  1474  1782 I EmailDataManager: EmailDataManager.onContentChanged():116 onContentChanged()
04-08 00:49:13.368  1474  1779 W putmethod.latin: Accessing hidden field Ljava/util/Collections$SynchronizedCollection;->mutex:Ljava/lang/Object; (max-target-o, reflection, denied)
04-08 00:49:13.370   944   944 V MediaPlayerList: onActiveSessionsChanged: number of controllers: 0
04-08 00:49:13.370   944   944 D AvrcpTargetJni: sendPlayerSettingsNative
04-08 00:49:13.370   944   944 I bt_stack: [INFO:avrcp_service.cc(551)] virtual void bluetooth::avrcp::AvrcpService::SendPlayerSettingsChanged(std::vector<PlayerAttribute>, std::vector<uint8_t>)
04-08 00:49:13.370   944   944 I bt_stack: [INFO:avrcp_service.cc(565)] attribute=PlayerAttribute::REPEAT : value=PlayerRepeatValue::OFF
04-08 00:49:13.370   944   944 I bt_stack: attribute=PlayerAttribute::SHUFFLE : value=PlayerShuffleValue::OFF
04-08 00:49:13.370   944   944 I bt_stack: 
04-08 00:49:13.371   944   944 V MediaPlayerList: onActiveSessionsChanged: number of controllers: 0
04-08 00:49:13.377  1707  1707 V GraphicsEnvironment: Currently set values for:
04-08 00:49:13.377  1707  1707 V GraphicsEnvironment:   angle_gl_driver_selection_pkgs=[]
04-08 00:49:13.377  1707  1707 V GraphicsEnvironment:   angle_gl_driver_selection_values=[]
04-08 00:49:13.378  1707  1707 V GraphicsEnvironment: ANGLE GameManagerService for com.android.printspooler: false
04-08 00:49:13.378  1707  1707 V GraphicsEnvironment: com.android.printspooler is not listed in per-application setting
04-08 00:49:13.378  1707  1707 V GraphicsEnvironment: Neither updatable production driver nor prerelease driver is supported.
04-08 00:49:13.378  1474  1781 I DelightBadWordsHandler: DelightBadWordsHandler.lambda$maybeDeletePersistedBadWords$0():245 Deleting bad words: 0
04-08 00:49:13.379   944   944 I BrowsedPlayerWrapper: onConnected: com.google.android.bluetooth is connected
04-08 00:49:13.379   944   944 I BrowsedPlayerWrapper: getFolderItems: Connected to browsable player: com.google.android.bluetooth
04-08 00:49:13.379  1661  1661 D nativeloader: InitLlndkLibrariesProduct: libEGL.so:libGLESv1_CM.so:libGLESv2.so:libGLESv3.so:libRS.so:libandroid_net.so:libbinder_ndk.so:libc.so:libcgrouprc.so:libclang_rt.asan-x86_64-android.so:libcom.android.tethering.connectivity_native.so:libdl.so:libft2.so:liblog.so:libm.so:libmediandk.so:libnativewindow.so:libneuralnetworks.so:libselinux.so:libsync.so:libvndksupport.so:libvulkan.so
04-08 00:49:13.379  1661  1661 D nativeloader: Configuring product-clns-9 for unbundled product apk /product/priv-app/PrebuiltGmsCore/PrebuiltGmsCore.apk. target_sdk_version=33, uses_libraries=, library_path=/product/priv-app/PrebuiltGmsCore/lib/x86_64:/product/priv-app/PrebuiltGmsCore/PrebuiltGmsCore.apk!/lib/x86_64:/product/lib64:/system/product/lib64, permitted_path=/data:/mnt/expand:/data/user/0/com.google.android.gms:/product/lib64:/system/product/lib64
04-08 00:49:13.380  1474  1787 I SuperpacksManagerImpl: SuperpacksManagerImpl.initializeInternal():471 initializeInternal()
04-08 00:49:13.380  1474  1474 I DeviceModeUtil: DeviceModeUtil.getDeviceMode():122 Get device mode phone by ui mode:1 and smallestScreenWidthDp:411
04-08 00:49:13.381  1474  1474 I KeyboardModeManager: KeyboardModeManager.setInputView():364 setInputView() : supportsOneHandedMode=true
04-08 00:49:13.381  1474  1474 I NormalModeController: NormalModeController.getKeyboardBodyViewHolderPaddingBottom():116 currentPrimeKeyboardType:SOFT systemPaddingBottom:-1
04-08 00:49:13.381  1474  1474 I KeyboardModeManager: KeyboardModeManager.setInputView():356 setInputView() : entry=null
04-08 00:49:13.382  1474  1474 I StyledKeyboardTheme: StyledKeyboardTheme.<init>():87 Pref: [], themeName: [silk:], darkMode: [false], cacheKey: [overlay_builtin_dynamic_color_light_base.binarypb:dynamic-light-fff0f0f3-ff76d1ff-ce191c6173d879ea127e4e40bfd70d3c]
04-08 00:49:13.382  1661  1661 D nativeloader: InitVndkspLibrariesProduct: android.hardware.common-V2-ndk.so:android.hardware.common.fmq-V1-ndk.so:android.hardware.graphics.allocator-V2-ndk.so:android.hardware.graphics.common-V4-ndk.so:android.hardware.graphics.common@1.0.so:android.hardware.graphics.common@1.1.so:android.hardware.graphics.common@1.2.so:android.hardware.graphics.composer3-V1-ndk.so:android.hardware.graphics.mapper@2.0.so:android.hardware.graphics.mapper@2.1.so:android.hardware.graphics.mapper@3.0.so:android.hardware.graphics.mapper@4.0.so:android.hardware.renderscript@1.0.so:android.hidl.memory.token@1.0.so:android.hidl.memory@1.0-impl.so:android.hidl.memory@1.0.so:android.hidl.safe_union@1.0.so:libRSCpuRef.so:libRSDriver.so:libRS_internal.so:libbase.so:libbcinfo.so:libblas.so:libc++.so:libcompiler_rt.so:libcutils.so:libdmabufheap.so:libgralloctypes.so:libhardware.so:libhidlbase.so:libhidlmemory.so:libion.so:libjsoncpp.so:liblzma.so:libprocessgroup.so:libunwindstack.so:libutils.so:libutilscallstack.so:libz.so
04-08 00:49:13.382  1474  1474 I DeviceModeUtil: DeviceModeUtil.getDeviceMode():122 Get device mode phone by ui mode:1 and smallestScreenWidthDp:411
04-08 00:49:13.382  1474  1474 I DeviceModeUtil: DeviceModeUtil.getDeviceMode():122 Get device mode phone by ui mode:1 and smallestScreenWidthDp:411
04-08 00:49:13.382  1474  1474 I DeviceModeUtil: DeviceModeUtil.getDeviceMode():122 Get device mode phone by ui mode:1 and smallestScreenWidthDp:411
04-08 00:49:13.382  1474  1474 I DeviceModeUtil: DeviceModeUtil.getDeviceMode():122 Get device mode phone by ui mode:1 and smallestScreenWidthDp:411
04-08 00:49:13.382  1474  1474 I DeviceModeUtil: DeviceModeUtil.getDeviceMode():122 Get device mode phone by ui mode:1 and smallestScreenWidthDp:411
04-08 00:49:13.382  1474  1474 I GoogleInputMethodService: GoogleInputMethodService.initializeKeyboardTheme():1343 Apply keyboard theme: theme_border_bottom4dp_stylesheet_noshadow_gsans_pillkey_silkpopup_refinedkp_materiallight_phone_400_overlay_builtin_dynamic_color_light_base.binarypb:dynamic-light-fff0f0f3-ff76d1ff-ce191c6173d879ea127e4e40bfd70d3c_port
04-08 00:49:13.383  1474  1474 I GoogleInputMethodService: GoogleInputMethodService.onCreateInputView():1768 onCreateInputView()
04-08 00:49:13.389  1474  1728 I NetworkInfoNotification: NetworkInfoNotification$Listener.onReceive():93 onNetworkAvailable: networkState = METERED, isAirplaneModeOn = false
04-08 00:49:13.389  1474  1779 W putmethod.latin: Accessing hidden method Ljava/util/Collections$SynchronizedSet;-><init>(Ljava/util/Set;Ljava/lang/Object;)V (max-target-o, reflection, denied)
04-08 00:49:13.389  1474  1779 W putmethod.latin: Accessing hidden method Ljava/util/Collections$SynchronizedCollection;-><init>(Ljava/util/Collection;Ljava/lang/Object;)V (max-target-o, reflection, denied)
04-08 00:49:13.391  1731  1731 D nativeloader: Configuring clns-6 for other apk /system/framework/org.apache.http.legacy.jar. target_sdk_version=34, uses_libraries=ALL, library_path=/product/app/YouTube/lib/x86_64:/product/app/YouTube/YouTube.apk!/lib/x86_64, permitted_path=/data:/mnt/expand:/data/user/0/com.google.android.youtube
04-08 00:49:13.391  1731  1731 D ApplicationLoaders: Returning zygote-cached class loader: /system_ext/framework/androidx.window.extensions.jar
04-08 00:49:13.391  1731  1731 D ApplicationLoaders: Returning zygote-cached class loader: /system_ext/framework/androidx.window.sidecar.jar
04-08 00:49:13.391  1474  1474 I DeviceModeUtil: DeviceModeUtil.getDeviceMode():122 Get device mode phone by ui mode:1 and smallestScreenWidthDp:411
04-08 00:49:13.392  1474  1474 I KeyboardViewUtil: KeyboardViewUtil.getKeyboardHeightRatio():189 systemKeyboardHeightRatio:1.000000; userKeyboardHeightRatio:1.000000.
04-08 00:49:13.394   546  1628 E JobScheduler.JobStatus: App com.google.android.inputmethod.latin became active but still in NEVER bucket
04-08 00:49:13.397  1474  1709 I JobSchedulerImpl: JobSchedulerImpl.schedule():91 Schedule task: TRAINING_CACHE_STORAGE_MAINTENANCE_TASK (id=380288759). Success.
