04-08 23:52:01.789  2365  2365 W .android.dialer: Known variants: atom, sandybridge, silvermont, goldmont, goldmont-plus, tremont, kabylake, default
04-08 23:52:01.790  1531  2405 W AiAiFed : [AiAi SimpleStorage Federated Collection] Cancelling training failed [mode=FEDERATION, population=aiai/sysimg/toastquery, session=toastquery]
04-08 23:52:01.790  1531  2405 W AiAiFed : java.lang.IllegalArgumentException: Unsupported response code3
04-08 23:52:01.790  1531  2405 W AiAiFed : 	at hci.run(PG:38)
04-08 23:52:01.790  1531  2405 W AiAiFed : 	at java.util.concurrent.ThreadPoolExecutor.runWorker(ThreadPoolExecutor.java:1145)
04-08 23:52:01.790  1531  2405 W AiAiFed : 	at java.util.concurrent.ThreadPoolExecutor$Worker.run(ThreadPoolExecutor.java:644)
04-08 23:52:01.790  1531  2405 W AiAiFed : 	at java.lang.Thread.run(Thread.java:1012)
04-08 23:52:01.797  1531  2411 W AiAiFed : [AiAi SimpleStorage Federated Collection] Cancelling training failed [mode=FEDERATION, population=aiai/sysimg/ambientcontext, session=ambientcontext]
04-08 23:52:01.797  1531  2411 W AiAiFed : java.lang.IllegalArgumentException: Unsupported response code3
04-08 23:52:01.797  1531  2411 W AiAiFed : 	at hci.run(PG:38)
04-08 23:52:01.797  1531  2411 W AiAiFed : 	at java.util.concurrent.ThreadPoolExecutor.runWorker(ThreadPoolExecutor.java:1145)
04-08 23:52:01.797  1531  2411 W AiAiFed : 	at java.util.concurrent.ThreadPoolExecutor$Worker.run(ThreadPoolExecutor.java:644)
04-08 23:52:01.797  1531  2411 W AiAiFed : 	at java.lang.Thread.run(Thread.java:1012)
04-08 23:52:01.797  1531  2431 W AiAiFed : [AiAi SimpleStorage Federated Collection] Cancelling training failed [mode=FEDERATION, population=aiai/sysimg/pecansearchqueryevents, session=pecansearchqueryevents]
04-08 23:52:01.797  1531  2431 W AiAiFed : qhi: UNKNOWN
04-08 23:52:01.797  1531  2431 W AiAiFed : 	at qhg.i(Unknown Source:2)
04-08 23:52:01.797  1531  2431 W AiAiFed : 	at qur.Q(PG:2)
04-08 23:52:01.797  1531  2431 W AiAiFed : 	at qkv.a(PG:3)
04-08 23:52:01.797  1531  2431 W AiAiFed : 	at qlo.run(PG:2)
04-08 23:52:01.797  1531  2431 W AiAiFed : 	at qqt.run(PG:2)
04-08 23:52:01.797  1531  2431 W AiAiFed : 	at java.util.concurrent.ThreadPoolExecutor.runWorker(ThreadPoolExecutor.java:1145)
04-08 23:52:01.797  1531  2431 W AiAiFed : 	at java.util.concurrent.ThreadPoolExecutor$Worker.run(ThreadPoolExecutor.java:644)
04-08 23:52:01.797  1531  2431 W AiAiFed : 	at java.lang.Thread.run(Thread.java:1012)
04-08 23:52:01.797  1531  2408 W AiAiFed : [AiAi SimpleStorage Federated Collection] Cancelling training failed [mode=FEDERATION, population=aiai/sysimg/pecanmessageevents, session=pecanmessageevents]
04-08 23:52:01.797  1531  2408 W AiAiFed : java.lang.IllegalArgumentException: Unsupported response code3
04-08 23:52:01.797  1531  2408 W AiAiFed : 	at hci.run(PG:38)
04-08 23:52:01.797  1531  2408 W AiAiFed : 	at java.util.concurrent.ThreadPoolExecutor.runWorker(ThreadPoolExecutor.java:1145)
04-08 23:52:01.797  1531  2408 W AiAiFed : 	at java.util.concurrent.ThreadPoolExecutor$Worker.run(ThreadPoolExecutor.java:644)
04-08 23:52:01.797  1531  2408 W AiAiFed : 	at java.lang.Thread.run(Thread.java:1012)
04-08 23:52:01.797  1531  2441 W AiAiFed : [AiAi SimpleStorage Federated Collection] Cancelling training failed [mode=FEDERATION, population=aiai/sysimg/livetranslate, session=livetranslate]
04-08 23:52:01.797  1531  2441 W AiAiFed : java.lang.IllegalArgumentException: Unsupported response code3
04-08 23:52:01.797  1531  2441 W AiAiFed : 	at hci.run(PG:38)
04-08 23:52:01.797  1531  2441 W AiAiFed : 	at java.util.concurrent.ThreadPoolExecutor.runWorker(ThreadPoolExecutor.java:1145)
04-08 23:52:01.797  1531  2441 W AiAiFed : 	at java.util.concurrent.ThreadPoolExecutor$Worker.run(ThreadPoolExecutor.java:644)
04-08 23:52:01.797  1531  2441 W AiAiFed : 	at java.lang.Thread.run(Thread.java:1012)
04-08 23:52:01.797  1531  2409 W AiAiFed : [AiAi SimpleStorage Federated Collection] Cancelling training failed [mode=FEDERATION, population=aiai/sysimg/pecanconversationthreadevents, session=pecanconversationthreadevents]
04-08 23:52:01.797  1531  2409 W AiAiFed : java.lang.IllegalArgumentException: Unsupported response code3
04-08 23:52:01.797  1531  2409 W AiAiFed : 	at hci.run(PG:38)
04-08 23:52:01.797  1531  2409 W AiAiFed : 	at java.util.concurrent.ThreadPoolExecutor.runWorker(ThreadPoolExecutor.java:1145)
04-08 23:52:01.797  1531  2409 W AiAiFed : 	at java.util.concurrent.ThreadPoolExecutor$Worker.run(ThreadPoolExecutor.java:644)
04-08 23:52:01.797  1531  2409 W AiAiFed : 	at java.lang.Thread.run(Thread.java:1012)
04-08 23:52:01.797  1531  2436 I AiAiTextClassifier: [ResourceDownloaderImpl]: downloadResource(): Successfully loaded embedded superpacks manifest for 'actions-ranking-table' (download version 211005), starting to download superpack.
04-08 23:52:01.798  1531  2410 W AiAiFed : [AiAi SimpleStorage Federated Collection] Cancelling training failed [mode=FEDERATION, population=aiai/sysimg/pecanconversationfragmentevents, session=pecanconversationfragmentevents]
04-08 23:52:01.798  1531  2410 W AiAiFed : java.lang.IllegalArgumentException: Unsupported response code3
04-08 23:52:01.798  1531  2410 W AiAiFed : 	at hci.run(PG:38)
04-08 23:52:01.798  1531  2410 W AiAiFed : 	at java.util.concurrent.ThreadPoolExecutor.runWorker(ThreadPoolExecutor.java:1145)
04-08 23:52:01.798  1531  2410 W AiAiFed : 	at java.util.concurrent.ThreadPoolExecutor$Worker.run(ThreadPoolExecutor.java:644)
04-08 23:52:01.798  1531  2410 W AiAiFed : 	at java.lang.Thread.run(Thread.java:1012)
04-08 23:52:01.800   541  2306 D CompatibilityChangeReporter: Compat change id reported: 182734110; UID 10170; state: ENABLED
04-08 23:52:01.804   541  1758 I MediaSessionStack: addSession to bottom of stack | record: com.google.android.youtube/YouTube playerlib (userId=0)
04-08 23:52:01.804   878   878 V MediaPlayerList: onActiveSessionsChanged: number of controllers: 1
04-08 23:52:01.805   878   878 D MediaPlayerList: onActiveSessionsChanged: controller: com.google.android.googlequicksearchbox
04-08 23:52:01.805   878   878 V MediaPlayerList: onActiveSessionsChanged: number of controllers: 1
04-08 23:52:01.806   878   878 D MediaPlayerList: onActiveSessionsChanged: controller: com.google.android.googlequicksearchbox
04-08 23:52:01.808  1526  2356 I MediaProvider: Scanned internal due to REASON_MOUNTED, found 0 items in 29ms, 0 inserts 0 updates 0 deletes
04-08 23:52:01.808   878   878 I BrowsedPlayerWrapper: onConnected: com.google.android.youtube is connected
04-08 23:52:01.808   878   878 D AvrcpBrowsablePlayerConnector: Browse player callback called: package=com.google.android.youtube : status=0
04-08 23:52:01.808   878   878 D AvrcpBrowsablePlayerConnector: Received a message: msg.what=1
04-08 23:52:01.808   878   878 I AvrcpBrowsablePlayerConnector: Checking root contents for com.google.android.youtube
04-08 23:52:01.808  1531  2426 I AiAiTextClassifier: [ResourceDownloaderImpl]: downloadResource(): Successfully loaded embedded superpacks manifest for 'kg_collections_table' (download version 21051103), starting to download superpack.
04-08 23:52:01.808  1531  2405 W AiAiFed : [AiAi SimpleStorage Federated Collection] Cancelling training failed [mode=FEDERATION, population=aiai/sysimg/livetranslate, session=livetranslate]
04-08 23:52:01.808  1531  2405 W AiAiFed : qhi: UNKNOWN
04-08 23:52:01.808  1531  2405 W AiAiFed : 	at qhg.i(Unknown Source:2)
04-08 23:52:01.808  1531  2405 W AiAiFed : 	at qur.Q(PG:2)
04-08 23:52:01.808  1531  2405 W AiAiFed : 	at qkv.a(PG:3)
04-08 23:52:01.808  1531  2405 W AiAiFed : 	at qlo.run(PG:2)
04-08 23:52:01.808  1531  2405 W AiAiFed : 	at qqt.run(PG:2)
04-08 23:52:01.808  1531  2405 W AiAiFed : 	at java.util.concurrent.ThreadPoolExecutor.runWorker(ThreadPoolExecutor.java:1145)
04-08 23:52:01.808  1531  2405 W AiAiFed : 	at java.util.concurrent.ThreadPoolExecutor$Worker.run(ThreadPoolExecutor.java:644)
04-08 23:52:01.808  1531  2405 W AiAiFed : 	at java.lang.Thread.run(Thread.java:1012)
04-08 23:52:01.809  1526  2356 W ModernMediaScanner: Failed to visit /oem/media: java.nio.file.NoSuchFileException: /oem/media
04-08 23:52:01.809  1526  2356 I MediaProvider: Scanned internal due to REASON_MOUNTED, found 0 items in 1ms, 0 inserts 0 updates 0 deletes
04-08 23:52:01.813  1682  1682 I A       : onApplyWindowInsets: systemWindowInsets=Insets{left=0, top=136, right=0, bottom=63}
04-08 23:52:01.813  1682  1682 I A       : onApplyWindowInsets: systemWindowInsets=Insets{left=0, top=136, right=0, bottom=63}
04-08 23:52:01.818  1682  2027 W A       : Didn't find the session (MAIN_FEED, true)
04-08 23:52:01.825   541   605 D CoreBackPreview: Window{85d251f u0 com.google.android.apps.nexuslauncher/com.google.android.apps.nexuslauncher.NexusLauncherActivity}: Setting back callback OnBackInvokedCallbackInfo{mCallback=android.window.IOnBackInvokedCallback$Stub$Proxy@7044b2e, mPriority=0, mIsAnimationCallback=false}
04-08 23:52:01.825   417   635 W ServiceManagerCppClient: Permission failure: android.permission.ROTATE_SURFACE_FLINGER from uid=10132 pid=1682
04-08 23:52:01.825   417   635 D PermissionCache: checking android.permission.ROTATE_SURFACE_FLINGER for uid=10132 => denied (9172 us)
04-08 23:52:01.826   541  1760 D CompatibilityChangeReporter: Compat change id reported: 161252188; UID 10138; state: DISABLED
04-08 23:52:01.829  1682  1733 I earchbox:search: JIT allocated 72KB for compiled code of java.lang.Object com.google.android.apps.gsa.binaries.velvet.app.amm.d()
04-08 23:52:01.832  1947  2150 I LogSaver: LogSaver new instance with filename: carrier_services
04-08 23:52:01.833  1947  2150 I BugleBackup: Registering preference change listener for "bugle".
04-08 23:52:01.835   417   635 W ServiceManagerCppClient: Permission failure: android.permission.INTERNAL_SYSTEM_WINDOW from uid=10132 pid=1682
04-08 23:52:01.835   417   635 D PermissionCache: checking android.permission.INTERNAL_SYSTEM_WINDOW for uid=10132 => denied (9099 us)
04-08 23:52:01.837  1947  2312 D CompatibilityChangeReporter: Compat change id reported: 247079863; UID 10131; state: ENABLED
04-08 23:52:01.841   417   635 W ServiceManagerCppClient: Permission failure: android.permission.ACCESS_SURFACE_FLINGER from uid=10132 pid=1682
04-08 23:52:01.841   417   635 D PermissionCache: checking android.permission.ACCESS_SURFACE_FLINGER for uid=10132 => denied (6471 us)
04-08 23:52:01.844  1550  1915 W BugleRcsEngine: [55] RcsEngineProxyImpl.initializeRcsEngineForBugle: RcsEngineProxyImpl:[7e87a21d-7be4]: enableRcsEngineInitializationByBugle is disabled, directly initializing new DUAL_REG RcsEngine
04-08 23:52:01.845  1550  1915 I BugleRcsEngine: [55] bqbp.a: Initializing Carrier Services Logging.
04-08 23:52:01.845  1550  1915 D BugleRcsEngine: log_saver already enabled
04-08 23:52:01.849  1947  2107 W Bugle   : TextClassifierLibManagerImpl: Reclaiming memory at level: 40
04-08 23:52:01.850  1531  2430 W AiAiFed : [AiAi SimpleStorage Federated Collection] Cancelling training failed [mode=FEDERATION, population=aiai/sysimg/search, session=search]
04-08 23:52:01.850  1531  2430 W AiAiFed : java.lang.IllegalArgumentException: Unsupported response code3
04-08 23:52:01.850  1531  2430 W AiAiFed : 	at hci.run(PG:38)
04-08 23:52:01.850  1531  2430 W AiAiFed : 	at java.util.concurrent.ThreadPoolExecutor.runWorker(ThreadPoolExecutor.java:1145)
04-08 23:52:01.850  1531  2430 W AiAiFed : 	at java.util.concurrent.ThreadPoolExecutor$Worker.run(ThreadPoolExecutor.java:644)
04-08 23:52:01.850  1531  2430 W AiAiFed : 	at java.lang.Thread.run(Thread.java:1012)
04-08 23:52:01.850  1947  2107 W Bugle   : TextClassifierLibManagerImpl: Reclaiming memory at level: 40
04-08 23:52:01.852  1531  2434 W AiAiFed : [AiAi SimpleStorage Federated Collection] Cancelling training failed [mode=FEDERATION, population=aiai/sysimg/pecanconversationthreadevents, session=pecanconversationthreadevents]
04-08 23:52:01.852  1531  2434 W AiAiFed : qhi: UNKNOWN
04-08 23:52:01.852  1531  2434 W AiAiFed : 	at qhg.i(Unknown Source:2)
04-08 23:52:01.852  1531  2434 W AiAiFed : 	at qur.Q(PG:2)
04-08 23:52:01.852  1531  2434 W AiAiFed : 	at qkv.a(PG:3)
04-08 23:52:01.852  1531  2434 W AiAiFed : 	at qlo.run(PG:2)
04-08 23:52:01.852  1531  2434 W AiAiFed : 	at qqt.run(PG:2)
04-08 23:52:01.852  1531  2434 W AiAiFed : 	at java.util.concurrent.ThreadPoolExecutor.runWorker(ThreadPoolExecutor.java:1145)
04-08 23:52:01.852  1531  2434 W AiAiFed : 	at java.util.concurrent.ThreadPoolExecutor$Worker.run(ThreadPoolExecutor.java:644)
04-08 23:52:01.852  1531  2434 W AiAiFed : 	at java.lang.Thread.run(Thread.java:1012)
04-08 23:52:01.852  1531  2435 W AiAiFed : [AiAi SimpleStorage Federated Collection] Cancelling training failed [mode=FEDERATION, population=aiai/sysimg/pecanconversationfragmentevents, session=pecanconversationfragmentevents]
04-08 23:52:01.852  1531  2435 W AiAiFed : qhi: UNKNOWN
04-08 23:52:01.852  1531  2435 W AiAiFed : 	at qhg.i(Unknown Source:2)
04-08 23:52:01.852  1531  2435 W AiAiFed : 	at qur.Q(PG:2)
04-08 23:52:01.852  1531  2435 W AiAiFed : 	at qkv.a(PG:3)
04-08 23:52:01.852  1531  2435 W AiAiFed : 	at qlo.run(PG:2)
04-08 23:52:01.852  1531  2435 W AiAiFed : 	at qqt.run(PG:2)
04-08 23:52:01.852  1531  2435 W AiAiFed : 	at java.util.concurrent.ThreadPoolExecutor.runWorker(ThreadPoolExecutor.java:1145)
04-08 23:52:01.852  1531  2435 W AiAiFed : 	at java.util.concurrent.ThreadPoolExecutor$Worker.run(ThreadPoolExecutor.java:644)
04-08 23:52:01.852  1531  2435 W AiAiFed : 	at java.lang.Thread.run(Thread.java:1012)
04-08 23:52:01.854  1531  2406 W AiAiFed : [AiAi SimpleStorage Federated Collection] Cancelling training failed [mode=FEDERATION, population=aiai/sysimg/pecanconversationsessionevents, session=pecanconversationsessionevents]
04-08 23:52:01.854  1531  2406 W AiAiFed : java.lang.IllegalArgumentException: Unsupported response code3
04-08 23:52:01.854  1531  2406 W AiAiFed : 	at hci.run(PG:38)
04-08 23:52:01.854  1531  2406 W AiAiFed : 	at java.util.concurrent.ThreadPoolExecutor.runWorker(ThreadPoolExecutor.java:1145)
04-08 23:52:01.854  1531  2406 W AiAiFed : 	at java.util.concurrent.ThreadPoolExecutor$Worker.run(ThreadPoolExecutor.java:644)
04-08 23:52:01.854  1531  2406 W AiAiFed : 	at java.lang.Thread.run(Thread.java:1012)
04-08 23:52:01.855   541   557 D CompatibilityChangeReporter: Compat change id reported: 168419799; UID 10161; state: DISABLED
04-08 23:52:01.855   541   557 D CompatibilityChangeReporter: Compat change id reported: 273564678; UID 10161; state: DISABLED
04-08 23:52:01.856  1531  2432 W AiAiFed : [AiAi SimpleStorage Federated Collection] Cancelling training failed [mode=FEDERATION, population=aiai/sysimg/toastquery, session=toastquery]
04-08 23:52:01.856  1531  2432 W AiAiFed : qhi: UNKNOWN
04-08 23:52:01.856  1531  2432 W AiAiFed : 	at qhg.i(Unknown Source:2)
04-08 23:52:01.856  1531  2432 W AiAiFed : 	at qur.Q(PG:2)
04-08 23:52:01.856  1531  2432 W AiAiFed : 	at qkv.a(PG:3)
04-08 23:52:01.856  1531  2432 W AiAiFed : 	at qlo.run(PG:2)
04-08 23:52:01.856  1531  2432 W AiAiFed : 	at qqt.run(PG:2)
04-08 23:52:01.856  1531  2432 W AiAiFed : 	at java.util.concurrent.ThreadPoolExecutor.runWorker(ThreadPoolExecutor.java:1145)
04-08 23:52:01.856  1531  2432 W AiAiFed : 	at java.util.concurrent.ThreadPoolExecutor$Worker.run(ThreadPoolExecutor.java:644)
04-08 23:52:01.856  1531  2432 W AiAiFed : 	at java.lang.Thread.run(Thread.java:1012)
04-08 23:52:01.857  1947  2312 W BugleRcs: couldn't get package info for carrier services package with name com.google.android.ims
04-08 23:52:01.859  1531  2404 W AiAiFed : [AiAi SimpleStorage Federated Collection] Cancelling training failed [mode=FEDERATION, population=aiai/sysimg/pecansearchqueryevents, session=pecansearchqueryevents]
04-08 23:52:01.859  1531  2404 W AiAiFed : java.lang.IllegalArgumentException: Unsupported response code3
04-08 23:52:01.859  1531  2404 W AiAiFed : 	at hci.run(PG:38)
04-08 23:52:01.859  1531  2404 W AiAiFed : 	at java.util.concurrent.ThreadPoolExecutor.runWorker(ThreadPoolExecutor.java:1145)
04-08 23:52:01.859  1531  2404 W AiAiFed : 	at java.util.concurrent.ThreadPoolExecutor$Worker.run(ThreadPoolExecutor.java:644)
04-08 23:52:01.859  1531  2404 W AiAiFed : 	at java.lang.Thread.run(Thread.java:1012)
04-08 23:52:01.859  1531  2433 W AiAiFed : [AiAi SimpleStorage Federated Collection] Cancelling training failed [mode=FEDERATION, population=aiai/sysimg/pecanconversationsessionevents, session=pecanconversationsessionevents]
04-08 23:52:01.859  1531  2433 W AiAiFed : qhi: UNKNOWN
04-08 23:52:01.859  1531  2433 W AiAiFed : 	at qhg.i(Unknown Source:2)
04-08 23:52:01.859  1531  2433 W AiAiFed : 	at qur.Q(PG:2)
04-08 23:52:01.859  1531  2433 W AiAiFed : 	at qkv.a(PG:3)
04-08 23:52:01.859  1531  2433 W AiAiFed : 	at qlo.run(PG:2)
04-08 23:52:01.859  1531  2433 W AiAiFed : 	at qqt.run(PG:2)
04-08 23:52:01.859  1531  2433 W AiAiFed : 	at java.util.concurrent.ThreadPoolExecutor.runWorker(ThreadPoolExecutor.java:1145)
04-08 23:52:01.859  1531  2433 W AiAiFed : 	at java.util.concurrent.ThreadPoolExecutor$Worker.run(ThreadPoolExecutor.java:644)
04-08 23:52:01.859  1531  2433 W AiAiFed : 	at java.lang.Thread.run(Thread.java:1012)
04-08 23:52:01.859  1531  1992 I SP.AiAi : Syncing actions-ranking-table (211005) with slices: [table_5f787033cc44fc7a8804e0030b2bf848], metadata: false
04-08 23:52:01.860  1531  2437 W AiAiFed : [AiAi SimpleStorage Federated Collection] Cancelling training failed [mode=FEDERATION, population=aiai/sysimg/search, session=search]
04-08 23:52:01.860  1531  2437 W AiAiFed : qhi: UNKNOWN
04-08 23:52:01.860  1531  2437 W AiAiFed : 	at qhg.i(Unknown Source:2)
04-08 23:52:01.860  1531  2437 W AiAiFed : 	at qur.Q(PG:2)
04-08 23:52:01.860  1531  2437 W AiAiFed : 	at qkv.a(PG:3)
04-08 23:52:01.860  1531  2437 W AiAiFed : 	at qlo.run(PG:2)
04-08 23:52:01.860  1531  2437 W AiAiFed : 	at qqt.run(PG:2)
04-08 23:52:01.860  1531  2437 W AiAiFed : 	at java.util.concurrent.ThreadPoolExecutor.runWorker(ThreadPoolExecutor.java:1145)
04-08 23:52:01.860  1531  2437 W AiAiFed : 	at java.util.concurrent.ThreadPoolExecutor$Worker.run(ThreadPoolExecutor.java:644)
04-08 23:52:01.860  1531  2437 W AiAiFed : 	at java.lang.Thread.run(Thread.java:1012)
04-08 23:52:01.860  1531  2456 W AiAiFed : [AiAi SimpleStorage Federated Collection] Cancelling training failed [mode=FEDERATION, population=aiai/sysimg/pecanmessageevents, session=pecanmessageevents]
04-08 23:52:01.860  1531  2456 W AiAiFed : qhi: UNKNOWN
04-08 23:52:01.860  1531  2456 W AiAiFed : 	at qhg.i(Unknown Source:2)
04-08 23:52:01.860  1531  2456 W AiAiFed : 	at qur.Q(PG:2)
04-08 23:52:01.860  1531  2456 W AiAiFed : 	at qkv.a(PG:3)
04-08 23:52:01.860  1531  2456 W AiAiFed : 	at qlo.run(PG:2)
04-08 23:52:01.860  1531  2456 W AiAiFed : 	at qqt.run(PG:2)
04-08 23:52:01.860  1531  2456 W AiAiFed : 	at java.util.concurrent.ThreadPoolExecutor.runWorker(ThreadPoolExecutor.java:1145)
04-08 23:52:01.860  1531  2456 W AiAiFed : 	at java.util.concurrent.ThreadPoolExecutor$Worker.run(ThreadPoolExecutor.java:644)
04-08 23:52:01.860  1531  2456 W AiAiFed : 	at java.lang.Thread.run(Thread.java:1012)
04-08 23:52:01.860  1531  2368 I AiAiCaptions: TtsLangFetcherImpl::fetch(). Fetching locales en_US
04-08 23:52:01.860  1947  2312 W BugleRcs: android.content.pm.PackageManager$NameNotFoundException: com.google.android.ims
04-08 23:52:01.860  1947  2312 W BugleRcs: 	at android.app.ApplicationPackageManager.getPackageInfoAsUser(ApplicationPackageManager.java:256)
04-08 23:52:01.860  1947  2312 W BugleRcs: 	at android.app.ApplicationPackageManager.getPackageInfo(ApplicationPackageManager.java:216)
04-08 23:52:01.860  1947  2312 W BugleRcs: 	at android.app.ApplicationPackageManager.getPackageInfo(ApplicationPackageManager.java:210)
04-08 23:52:01.860  1947  2312 W BugleRcs: 	at beuw.<init>(PG:6)
04-08 23:52:01.860  1947  2312 W BugleRcs: 	at beuw.a(PG:1)
04-08 23:52:01.860  1947  2312 W BugleRcs: 	at atgv.d(PG:5)
04-08 23:52:01.860  1947  2312 W BugleRcs: 	at aaqb.run(PG:2)
04-08 23:52:01.860  1947  2312 W BugleRcs: 	at cnpl.run(PG:1)
04-08 23:52:01.860  1947  2312 W BugleRcs: 	at java.util.concurrent.Executors$RunnableAdapter.call(Executors.java:487)
04-08 23:52:01.860  1947  2312 W BugleRcs: 	at ctfw.a(PG:1)
04-08 23:52:01.860  1947  2312 W BugleRcs: 	at ctet.run(PG:4)
04-08 23:52:01.860  1947  2312 W BugleRcs: 	at ctfx.run(PG:1)
04-08 23:52:01.860  1947  2312 W BugleRcs: 	at bxfd.run(PG:1)
04-08 23:52:01.860  1947  2312 W BugleRcs: 	at java.util.concurrent.ThreadPoolExecutor.runWorker(ThreadPoolExecutor.java:1145)
04-08 23:52:01.860  1947  2312 W BugleRcs: 	at java.util.concurrent.ThreadPoolExecutor$Worker.run(ThreadPoolExecutor.java:644)
04-08 23:52:01.860  1947  2312 W BugleRcs: 	at bxef.run(PG:2)
04-08 23:52:01.860  1947  2312 W BugleRcs: 	at java.lang.Thread.run(Thread.java:1012)
04-08 23:52:01.860  1947  2312 W BugleRcs: 	at bxfj.run(PG:5)
04-08 23:52:01.862  1810  2374 I FA-SVC  : App measurement initialized, version: 231818
04-08 23:52:01.869  1550  2403 I BugleRcsEngine: [63] bscg.c: do not delay first event
04-08 23:52:01.873   541   616 D CompatibilityChangeReporter: Compat change id reported: 265195908; UID 10161; state: ENABLED
04-08 23:52:01.883  1682  2314 D libEGL  : loaded /vendor/lib64/egl/libEGL_emulation.so
04-08 23:52:01.884  1682  2314 D libEGL  : loaded /vendor/lib64/egl/libGLESv1_CM_emulation.so
04-08 23:52:01.886  1682  2314 D libEGL  : loaded /vendor/lib64/egl/libGLESv2_emulation.so
04-08 23:52:01.889  2365  2365 E .android.dialer: Not starting debugger since process cannot load the jdwp agent.
04-08 23:52:01.893  1766  2233 W GooglePlayServicesUtil: Google Play services out of date for com.google.android.youtube.  Requires 241802000 but found 231818047
04-08 23:52:01.893   878   878 I BrowsedPlayerWrapper: onConnected: com.google.android.youtube is connected
04-08 23:52:01.894   878   878 I BrowsedPlayerWrapper: getFolderItems: Connected to browsable player: com.google.android.youtube
04-08 23:52:01.894  1531  1992 I SP.AiAi : Syncing kg_collections_table (21051103) with slices: [collections_table_main_21980965fbd997111d89f86c16e9e090], metadata: false
04-08 23:52:01.896  1947  2107 W Bugle   : TextClassifierLibManagerImpl: Reclaiming memory at level: 40
04-08 23:52:01.900  1550  1915 I BugleRcsEngine: [55] RcsEngineImpl.<init>: RcsEngine SipConnectionType set to DUAL_REG
04-08 23:52:01.901  1550  1915 I BugleRcsEngine: [55] RcsEngineImpl.<init>: RcsEngineImpl[DUAL_REG]:[43ae1d50-6ee5]: instantiated in package: com.google.android.apps.messaging
04-08 23:52:01.901  1550  1915 I BugleRcsEngine: [55] RcsEngineImpl.init: RcsEngineImpl[DUAL_REG]:[43ae1d50-6ee5]: Initializing RcsEngine.
04-08 23:52:01.901  1550  1915 I BugleRcsEngine: [55] EventHubProxy.subscribe: Adding event listener brml@1622700 for category 8 with key 23209728 for hub ENGINE
04-08 23:52:01.902   541   557 D ConnectivityService: requestNetwork for uid/pid:10131/1550 activeRequest: null callbackRequest: 75 [NetworkRequest [ REQUEST id=76, [ Capabilities: INTERNET&NOT_RESTRICTED&TRUSTED&NOT_VCN_MANAGED Uid: 10131 RequestorUid: 10131 RequestorPkg: com.google.android.apps.messaging UnderlyingNetworks: Null] ]] callback flags: 0 order: 2147483647
04-08 23:52:01.904   541   678 D ConnectivityService: NetReassign [76 : null → 100] [c 0] [a 0] [i 0]
04-08 23:52:01.906  1550  1915 I BugleRcsEngine: [55] RcsEngineImpl.init: RcsEngineImpl[DUAL_REG]:[43ae1d50-6ee5]: Initializing RBM resource permissions.
04-08 23:52:01.907   541   671 D WifiNetworkFactory: got request NetworkRequest [ REQUEST id=76, [ Capabilities: INTERNET&NOT_RESTRICTED&TRUSTED&NOT_VCN_MANAGED Uid: 10131 RequestorUid: 10131 RequestorPkg: com.google.android.apps.messaging UnderlyingNetworks: Null] ]
04-08 23:52:01.907   541   671 D UntrustedWifiNetworkFactory: got request NetworkRequest [ REQUEST id=76, [ Capabilities: INTERNET&NOT_RESTRICTED&TRUSTED&NOT_VCN_MANAGED Uid: 10131 RequestorUid: 10131 RequestorPkg: com.google.android.apps.messaging UnderlyingNetworks: Null] ]
04-08 23:52:01.907   541   671 D OemPaidWifiNetworkFactory: got request NetworkRequest [ REQUEST id=76, [ Capabilities: INTERNET&NOT_RESTRICTED&TRUSTED&NOT_VCN_MANAGED Uid: 10131 RequestorUid: 10131 RequestorPkg: com.google.android.apps.messaging UnderlyingNetworks: Null] ]
04-08 23:52:01.907   541   671 D MultiInternetWifiNetworkFactory: got request NetworkRequest [ REQUEST id=76, [ Capabilities: INTERNET&NOT_RESTRICTED&TRUSTED&NOT_VCN_MANAGED Uid: 10131 RequestorUid: 10131 RequestorPkg: com.google.android.apps.messaging UnderlyingNetworks: Null] ]
04-08 23:52:01.909  1550  1915 I BugleRcsEngine: [55] brga.s: ProvisioningEngineManager: onCsLibPhenotypeUpdated, provisioningTaskInBugleEnabled = true, currentProvisioningStrategy = brka
04-08 23:52:01.909  1550  1915 I BugleRcsEngine: [55] RcsEngineProxyImpl.f: RcsEngineProxyImpl:[7e87a21d-7be4]: setting active RCS Engine to DUAL_REG instance
04-08 23:52:01.910  1550  1915 D CompatibilityChangeReporter: Compat change id reported: 194532703; UID 10131; state: ENABLED
04-08 23:52:01.910  1550  1915 D CompatibilityChangeReporter: Compat change id reported: 253665015; UID 10131; state: ENABLED
04-08 23:52:01.911  1550  1915 D BugleRcsEngine: log_saver already enabled
04-08 23:52:01.911  2396  2396 D CompatibilityChangeReporter: Compat change id reported: 171979766; UID 10161; state: ENABLED
04-08 23:52:01.911  2396  2396 D CompatibilityChangeReporter: Compat change id reported: 242716250; UID 10161; state: ENABLED
04-08 23:52:01.916  1550  1915 W BugleRcsEngine: [55] JibeService.b: JibeService: Ignoring start action: com.google.android.ims.SIM_LOADED
04-08 23:52:01.917  1550  2468 I BugleRcsEngine: [64] brqh.handleMessage: RcsEngineImpl[DUAL_REG]:[43ae1d50-6ee5]>Handler: handleMessage processing message:[NOTIFY_UPTIME_IGNORE_STATE_CHANGED] with [non-null]:RcsEngineImpl reference
04-08 23:52:01.917  2279  2279 D nativeloader: Configuring clns-shared-8 for other apk /system/priv-app/MediaProviderLegacy/MediaProviderLegacy.apk. target_sdk_version=34, uses_libraries=, library_path=/system/priv-app/MediaProviderLegacy/lib/x86_64:/system/lib64:/system_ext/lib64, permitted_path=/data:/mnt/expand:/data/user/0/com.android.providers.media:/system/priv-app/MediaProviderLegacy:/system/lib64:/system_ext/lib64
04-08 23:52:01.917  1550  1898 I BugleRcsEngine: [53] bqvv.c: Connected state: [1], networkType: [MOBILE]
04-08 23:52:01.918  1550  1898 I BugleRcsEngine: [53] bqvv.c: Connected state: [1], networkType: [MOBILE]
04-08 23:52:01.918   541   556 D CompatibilityChangeReporter: Compat change id reported: 170503758; UID 10161; state: ENABLED
04-08 23:52:01.919  1531  2368 I TextToSpeech: Sucessfully bound to com.google.android.tts
04-08 23:52:01.919   541   556 D TextToSpeechManagerPerUserService: Trying to start connection to TTS engine: com.google.android.tts
04-08 23:52:01.920   541   557 D ConnectivityService: requestNetwork for uid/pid:10138/1766 activeRequest: null callbackRequest: 77 [NetworkRequest [ REQUEST id=78, [ Capabilities: INTERNET&NOT_RESTRICTED&TRUSTED&NOT_VCN_MANAGED Uid: 10138 RequestorUid: 10138 RequestorPkg: com.google.android.youtube UnderlyingNetworks: Null] ]] callback flags: 0 order: 2147483647
04-08 23:52:01.922   541   671 D WifiNetworkFactory: got request NetworkRequest [ REQUEST id=78, [ Capabilities: INTERNET&NOT_RESTRICTED&TRUSTED&NOT_VCN_MANAGED Uid: 10138 RequestorUid: 10138 RequestorPkg: com.google.android.youtube UnderlyingNetworks: Null] ]
04-08 23:52:01.922   541   671 D UntrustedWifiNetworkFactory: got request NetworkRequest [ REQUEST id=78, [ Capabilities: INTERNET&NOT_RESTRICTED&TRUSTED&NOT_VCN_MANAGED Uid: 10138 RequestorUid: 10138 RequestorPkg: com.google.android.youtube UnderlyingNetworks: Null] ]
04-08 23:52:01.923   541   678 D ConnectivityService: NetReassign [78 : null → 100] [c 0] [a 0] [i 1]
04-08 23:52:01.923   541   671 D OemPaidWifiNetworkFactory: got request NetworkRequest [ REQUEST id=78, [ Capabilities: INTERNET&NOT_RESTRICTED&TRUSTED&NOT_VCN_MANAGED Uid: 10138 RequestorUid: 10138 RequestorPkg: com.google.android.youtube UnderlyingNetworks: Null] ]
04-08 23:52:01.923   541   671 D MultiInternetWifiNetworkFactory: got request NetworkRequest [ REQUEST id=78, [ Capabilities: INTERNET&NOT_RESTRICTED&TRUSTED&NOT_VCN_MANAGED Uid: 10138 RequestorUid: 10138 RequestorPkg: com.google.android.youtube UnderlyingNetworks: Null] ]
04-08 23:52:01.929   541   616 D CompatibilityChangeReporter: Compat change id reported: 265195908; UID 10138; state: ENABLED
04-08 23:52:01.934   541   541 D CompatibilityChangeReporter: Compat change id reported: 135634846; UID 10150; state: DISABLED
04-08 23:52:01.934   541   573 D CompatibilityChangeReporter: Compat change id reported: 143937733; UID 10150; state: ENABLED
04-08 23:52:01.936  1682  2314 W OpenGLRenderer: Failed to initialize 101010-2 format, error = EGL_SUCCESS
04-08 23:52:01.938  1170  1170 D BoundBrokerSvc: onBind: Intent { act=com.google.android.gms.usagereporting.service.START dat=chimera-action:/... cmp=com.google.android.gms/.chimera.PersistentDirectBootAwareApiService }
04-08 23:52:01.938  1170  1170 D BoundBrokerSvc: Loading bound service for intent: Intent { act=com.google.android.gms.usagereporting.service.START dat=chimera-action:/... cmp=com.google.android.gms/.chimera.PersistentDirectBootAwareApiService }
04-08 23:52:01.944  1766  2221 E DataSaving: Data saving settings were not ready. Falling back to true
04-08 23:52:01.951  1550  2468 I BugleRcsEngine: [64] brnl.h: No RCS Configuration was found in Bugle for simID: redacted-pii:sim_id[chars:20,last3:897]
04-08 23:52:01.961  1531  2439 W AiAiFed : [AiAi SimpleStorage Federated Collection] Cancelling training failed [mode=FEDERATION, population=aiai/sysimg/ambientcontext, session=ambientcontext]
04-08 23:52:01.961  1531  2439 W AiAiFed : qhi: UNKNOWN
04-08 23:52:01.961  1531  2439 W AiAiFed : 	at qhg.i(Unknown Source:2)
04-08 23:52:01.961  1531  2439 W AiAiFed : 	at qur.Q(PG:2)
04-08 23:52:01.961  1531  2439 W AiAiFed : 	at qkv.a(PG:3)
04-08 23:52:01.961  1531  2439 W AiAiFed : 	at qlo.run(PG:2)
04-08 23:52:01.961  1531  2439 W AiAiFed : 	at qqt.run(PG:2)
04-08 23:52:01.961  1531  2439 W AiAiFed : 	at java.util.concurrent.ThreadPoolExecutor.runWorker(ThreadPoolExecutor.java:1145)
04-08 23:52:01.961  1531  2439 W AiAiFed : 	at java.util.concurrent.ThreadPoolExecutor$Worker.run(ThreadPoolExecutor.java:644)
04-08 23:52:01.961  1531  2439 W AiAiFed : 	at java.lang.Thread.run(Thread.java:1012)
04-08 23:52:01.961  1550  2468 I BugleRcsEngine: [64] brqh.handleMessage: RcsEngineImpl[DUAL_REG]:[43ae1d50-6ee5]>Handler: handleMessage processing message:[NOTIFY_UPTIME_IGNORE_STATE_CHANGED] with [non-null]:RcsEngineImpl reference
04-08 23:52:01.965  1531  1940 I AiAiEcho: Predicting[0]: 
04-08 23:52:01.965  1531  1940 I AiAiEcho: EchoTargets: 
04-08 23:52:01.965  1531  1940 I AiAiEcho: Filtered by AiAi flag check: 
04-08 23:52:01.965  1531  1940 I AiAiEcho: Ranked targets strategy: SORT, count: 0, ranking metadata: 
04-08 23:52:01.971  1550  2468 I BugleRcsEngine: [64] brnl.h: No RCS Configuration was found in Bugle for simID: redacted-pii:sim_id[chars:20,last3:897]
04-08 23:52:01.975  1531  1940 I AiAiEcho: Predicting[0]: 
04-08 23:52:01.978  2396  2396 D nativeloader: Configuring clns-shared-6 for other apk /system/framework/org.apache.http.legacy.jar. target_sdk_version=34, uses_libraries=ALL, library_path=/system_ext/priv-app/WallpaperPickerGoogleRelease/lib/x86_64:/system/lib64:/system_ext/lib64, permitted_path=/data:/mnt/expand:/data/user/0/com.google.android.apps.wallpaper:/system_ext/priv-app/WallpaperPickerGoogleRelease:/system/lib64:/system_ext/lib64
04-08 23:52:01.979  2396  2396 D ApplicationLoaders: Returning zygote-cached class loader: /system_ext/framework/androidx.window.extensions.jar
04-08 23:52:01.979  2396  2396 D ApplicationLoaders: Returning zygote-cached class loader: /system_ext/framework/androidx.window.sidecar.jar
04-08 23:52:01.989   541   605 I ActivityManager: Flag disabled. Ignoring finishAttachApplication from uid: 10086. pid: 2279
04-08 23:52:01.992  1947  2138 W Bugle   : TextClassifierLibManagerImpl: Reclaiming memory at level: 40
04-08 23:52:01.994  2396  2396 D nativeloader: Configuring clns-shared-7 for other apk /system_ext/priv-app/WallpaperPickerGoogleRelease/WallpaperPickerGoogleRelease.apk. target_sdk_version=34, uses_libraries=, library_path=/system_ext/priv-app/WallpaperPickerGoogleRelease/lib/x86_64:/system/lib64:/system_ext/lib64, permitted_path=/data:/mnt/expand:/data/user/0/com.google.android.apps.wallpaper:/system_ext/priv-app/WallpaperPickerGoogleRelease:/system/lib64:/system_ext/lib64
04-08 23:52:02.001   541   556 D CompatibilityChangeReporter: Compat change id reported: 168419799; UID 10130; state: DISABLED
04-08 23:52:02.001   541   556 D CompatibilityChangeReporter: Compat change id reported: 273564678; UID 10130; state: DISABLED
04-08 23:52:02.001  1766  2097 D TrafficStats: tagSocket(83) with statsTag=0xffffffff, statsUid=-1
04-08 23:52:02.006  1550  1882 I BugleRcsEngine: [51] bscg.c: SIM state event delay enabled: attempts 0, maxAttempts 3, delaySeconds 90 MSIM delayseconds 90, effective delay seconds 90
04-08 23:52:02.006  1550  1882 I BugleRcsEngine: [51] bscg.c: posted simEventProcessTask to handler with delay 90
04-08 23:52:02.007  1550  1882 I BugleRcsEngine: [51] bscd.d: (Sim): delay SIM event: android.intent.action.SIM_STATE_CHANGED, LOADED
04-08 23:52:02.009  1654  1654 D CompatibilityChangeReporter: Compat change id reported: 147600208; UID 10155; state: ENABLED
04-08 23:52:02.010  1682  2054 I A       : Created StreamSubTree successfully, items 5
04-08 23:52:02.010  1531  1940 I AiAiEcho: EchoTargets: 
04-08 23:52:02.010  1531  1940 I AiAiEcho: Filtered by AiAi flag check: 
04-08 23:52:02.010  1531  1940 I AiAiEcho: Ranked targets strategy: SORT, count: 0, ranking metadata: 
04-08 23:52:02.011   353   353 D Zygote  : Forked child process 2503
04-08 23:52:02.012  1682  2054 I A       : RenderableStreamDataSource#loadData - sessionStatus(SUCCESS)
04-08 23:52:02.012   541   573 W ActivityManager: Slow operation: 78ms so far, now at startProcess: returned from zygote!
04-08 23:52:02.012   541   573 W ActivityManager: Slow operation: 78ms so far, now at startProcess: done updating battery stats
04-08 23:52:02.012   541   573 W ActivityManager: Slow operation: 78ms so far, now at startProcess: building log message
04-08 23:52:02.012   541   573 I ActivityManager: Start proc 2503:com.google.android.tts/u0a150 for service {com.google.android.tts/com.google.android.apps.speech.tts.googletts.service.GoogleTtsService}
04-08 23:52:02.012   541   573 W ActivityManager: Slow operation: 79ms so far, now at startProcess: starting to update pids map
04-08 23:52:02.012   541   573 W ActivityManager: Slow operation: 79ms so far, now at startProcess: done updating pids map
04-08 23:52:02.013  1766  2199 D CompatibilityChangeReporter: Compat change id reported: 250678880; UID 10138; state: DISABLED
04-08 23:52:02.016   541   556 D CompatibilityChangeReporter: Compat change id reported: 183164979; UID 10155; state: ENABLED
04-08 23:52:02.020  1550  2403 I BugleRcsEngine: [63] bscd.o: (Sim): Processing an intent
04-08 23:52:02.020  1550  2403 I BugleRcsEngine: [63] bscd.z: (Sim): Ignoring duplicate SIM state: LOADED
04-08 23:52:02.023  1531  1940 I AiAiEcho: #postPredictionTargets: Sending updates to UISurface home with targets# 0 (types=[])
04-08 23:52:02.696     0     0 I servicemanager: Could not find android.hardware.graphics.allocator.IAllocator/default in the VINTF manifest.
04-08 23:52:02.026  1531  1940 I AiAiEcho: #postPredictionTargets: Sending updates to UISurface home with targets# 0 (types=[])
04-08 23:52:02.027   161   161 I hwservicemanager: getTransport: Cannot find entry android.hardware.graphics.mapper@4.0::IMapper/default in either framework or device VINTF manifest.
04-08 23:52:02.027  1682  2314 I Gralloc4: mapper 4.x is not supported
04-08 23:52:02.028  1947  2089 W Bugle   : TextClassifierLibManagerImpl: Reclaiming memory at level: 40
04-08 23:52:02.035   541   572 D CompatibilityChangeReporter: Compat change id reported: 135634846; UID 10085; state: DISABLED
04-08 23:52:02.036   541   572 D CompatibilityChangeReporter: Compat change id reported: 177438394; UID 10085; state: DISABLED
04-08 23:52:02.036   541   572 D CompatibilityChangeReporter: Compat change id reported: 135772972; UID 10085; state: DISABLED
04-08 23:52:02.037   541   572 D CompatibilityChangeReporter: Compat change id reported: 135754954; UID 10085; state: ENABLED
04-08 23:52:02.038   541   573 D CompatibilityChangeReporter: Compat change id reported: 143937733; UID 10085; state: ENABLED
04-08 23:52:02.057   541   616 D CompatibilityChangeReporter: Compat change id reported: 265195908; UID 10130; state: ENABLED
04-08 23:52:02.067  2396  2396 V GraphicsEnvironment: Currently set values for:
04-08 23:52:02.067  2396  2396 V GraphicsEnvironment:   angle_gl_driver_selection_pkgs=[]
04-08 23:52:02.067  2396  2396 V GraphicsEnvironment:   angle_gl_driver_selection_values=[]
04-08 23:52:02.069   541   616 D CompatibilityChangeReporter: Compat change id reported: 265195908; UID 10150; state: ENABLED
04-08 23:52:02.069  2396  2396 V GraphicsEnvironment: ANGLE GameManagerService for com.google.android.apps.wallpaper: false
04-08 23:52:02.069  2396  2396 V GraphicsEnvironment: com.google.android.apps.wallpaper is not listed in per-application setting
04-08 23:52:02.070  2396  2396 V GraphicsEnvironment: Neither updatable production driver nor prerelease driver is supported.
04-08 23:52:02.095   541   739 D IntervalStats: Unable to parse usage stats packages: [215, 217]
04-08 23:52:02.095   541   739 D IntervalStats: Unable to parse event packages: [217]
04-08 23:52:02.102  2365  2365 D CompatibilityChangeReporter: Compat change id reported: 171979766; UID 10130; state: ENABLED
04-08 23:52:02.102  2365  2365 D CompatibilityChangeReporter: Compat change id reported: 242716250; UID 10130; state: DISABLED
04-08 23:52:02.106  1531  1957 I WM-WorkerWrapper: Worker result SUCCESS for Work [ id=3464f65d-0048-46c6-a9d4-27889edc7a00, tags={ com.google.android.libraries.speech.modeldownload.languagepacks.backgroundtask.workmanager.LanguagePackAutoUpdateWorker } ]
04-08 23:52:02.108  1531  1957 I WM-WorkerWrapper: Worker result SUCCESS for Work [ id=52460e8b-7b50-407a-8990-28096512c1f5, tags={ com.google.android.apps.miphone.aiai.chronicle.impl.packagemonitor.PackageMonitoringWorker, PackageMonitoringWorker } ]
04-08 23:52:02.110  1682  2054 I A       : RenderableStreamDataSource#loadData - cacheHit
04-08 23:52:02.111  1682  2054 I A       : RenderableStreamDataSource#loadData - succeed, cache status: Cache hit
04-08 23:52:02.118  1810  2358 I GmscoreIpa: Using regular flags by method 2 [CONTEXT service_id=255 ]
04-08 23:52:02.122   541   616 E JobScheduler.Quota: <0>com.google.android.dialer has 0 EJ quota without running anything
04-08 23:52:02.123   541   616 E JobScheduler.Quota: <0>com.google.android.dialer has 0 EJ quota without running anything
04-08 23:52:02.136   541   903 D CompatibilityChangeReporter: Compat change id reported: 170503758; UID 10130; state: ENABLED
04-08 23:52:02.156  2503  2503 I gle.android.tts: Using CollectorTypeCC GC.
04-08 23:52:02.157  2503  2503 W gle.android.tts: Unexpected CPU variant for x86: x86_64.
04-08 23:52:02.157  2503  2503 W gle.android.tts: Known variants: atom, sandybridge, silvermont, goldmont, goldmont-plus, tremont, kabylake, default
04-08 23:52:02.158  2365  2365 D nativeloader: InitLlndkLibrariesProduct: libEGL.so:libGLESv1_CM.so:libGLESv2.so:libGLESv3.so:libRS.so:libandroid_net.so:libbinder_ndk.so:libc.so:libcgrouprc.so:libclang_rt.asan-x86_64-android.so:libcom.android.tethering.connectivity_native.so:libdl.so:libft2.so:liblog.so:libm.so:libmediandk.so:libnativewindow.so:libneuralnetworks.so:libselinux.so:libsync.so:libvndksupport.so:libvulkan.so
04-08 23:52:02.158  2365  2365 D nativeloader: Configuring product-clns-6 for unbundled product apk /product/framework/com.google.android.dialer.support.jar. target_sdk_version=33, uses_libraries=ALL, library_path=/product/priv-app/GoogleDialer/lib/x86_64:/product/priv-app/GoogleDialer/GoogleDialer.apk!/lib/x86_64:/product/lib64:/system/product/lib64, permitted_path=/data:/mnt/expand:/data/user/0/com.google.android.dialer:/product/lib64:/system/product/lib64
04-08 23:52:02.159  2365  2365 D nativeloader: InitVndkspLibrariesProduct: android.hardware.common-V2-ndk.so:android.hardware.common.fmq-V1-ndk.so:android.hardware.graphics.allocator-V2-ndk.so:android.hardware.graphics.common-V4-ndk.so:android.hardware.graphics.common@1.0.so:android.hardware.graphics.common@1.1.so:android.hardware.graphics.common@1.2.so:android.hardware.graphics.composer3-V1-ndk.so:android.hardware.graphics.mapper@2.0.so:android.hardware.graphics.mapper@2.1.so:android.hardware.graphics.mapper@3.0.so:android.hardware.graphics.mapper@4.0.so:android.hardware.renderscript@1.0.so:android.hidl.memory.token@1.0.so:android.hidl.memory@1.0-impl.so:android.hidl.memory@1.0.so:android.hidl.safe_union@1.0.so:libRSCpuRef.so:libRSDriver.so:libRS_internal.so:libbase.so:libbcinfo.so:libblas.so:libc++.so:libcompiler_rt.so:libcutils.so:libdmabufheap.so:libgralloctypes.so:libhardware.so:libhidlbase.so:libhidlmemory.so:libion.so:libjsoncpp.so:liblzma.so:libprocessgroup.so:libunwindstack.so:libutils.so:libutilscallstack.so:libz.so
04-08 23:52:02.161  2365  2365 D nativeloader: Configuring clns-7 for other apk /system/framework/org.apache.http.legacy.jar. target_sdk_version=33, uses_libraries=ALL, library_path=/product/priv-app/GoogleDialer/lib/x86_64:/product/priv-app/GoogleDialer/GoogleDialer.apk!/lib/x86_64, permitted_path=/data:/mnt/expand:/data/user/0/com.google.android.dialer
04-08 23:52:02.161  2365  2365 D ApplicationLoaders: Returning zygote-cached class loader: /system_ext/framework/androidx.window.extensions.jar
04-08 23:52:02.161  2365  2365 D ApplicationLoaders: Returning zygote-cached class loader: /system_ext/framework/androidx.window.sidecar.jar
04-08 23:52:02.176   541   616 E JobScheduler.Quota: <0>com.google.android.dialer has 0 EJ quota without running anything
04-08 23:52:02.197   353   353 D Zygote  : Forked child process 2525
04-08 23:52:02.199  2365  2365 D nativeloader: Configuring product-clns-8 for unbundled product apk /product/priv-app/GoogleDialer/GoogleDialer.apk. target_sdk_version=33, uses_libraries=, library_path=/product/priv-app/GoogleDialer/lib/x86_64:/product/priv-app/GoogleDialer/GoogleDialer.apk!/lib/x86_64:/product/lib64:/system/product/lib64, permitted_path=/data:/mnt/expand:/data/user/0/com.google.android.dialer:/product/lib64:/system/product/lib64
04-08 23:52:02.203   541   573 W ActivityManager: Slow operation: 167ms so far, now at startProcess: returned from zygote!
04-08 23:52:02.203   541   573 W ActivityManager: Slow operation: 167ms so far, now at startProcess: done updating battery stats
04-08 23:52:02.203   541   573 W ActivityManager: Slow operation: 167ms so far, now at startProcess: building log message
04-08 23:52:02.203   541   573 I ActivityManager: Start proc 2525:com.android.externalstorage/u0a85 for broadcast {com.android.externalstorage/com.android.externalstorage.MountReceiver}
04-08 23:52:02.203   541   573 W ActivityManager: Slow operation: 167ms so far, now at startProcess: starting to update pids map
04-08 23:52:02.203   541   573 W ActivityManager: Slow operation: 168ms so far, now at startProcess: done updating pids map
04-08 23:52:02.215  1531  2376 I Manager : DeviceManager::DeviceManager
04-08 23:52:02.215  1531  2376 W ServerFlag: Failed to parse result of GetServerConfigurableFlag, errno=34
04-08 23:52:02.215  1531  2376 I Manager : findAvailableDevices
04-08 23:52:02.217  2503  2503 E gle.android.tts: Not starting debugger since process cannot load the jdwp agent.
04-08 23:52:02.219   541   731 W JobScheduler: Job didn't exist in JobStore: 7081342 #u0a127/173 com.google.android.as/androidx.work.impl.background.systemjob.SystemJobService
04-08 23:52:02.242   541  1026 D ConnectivityService: requestNetwork for uid/pid:10138/1766 activeRequest: null callbackRequest: 79 [NetworkRequest [ REQUEST id=80, [ Capabilities: INTERNET&NOT_RESTRICTED&TRUSTED&NOT_VCN_MANAGED Uid: 10138 RequestorUid: 10138 RequestorPkg: com.google.android.youtube UnderlyingNetworks: Null] ]] callback flags: 0 order: 2147483647
04-08 23:52:02.257   541  1534 D CompatibilityChangeReporter: Compat change id reported: 135634846; UID 1000; state: DISABLED
04-08 23:52:02.258  1531  2376 I Manager : Found interface nnapi-sample_all (version = JUST_AN_EXAMPLE)
04-08 23:52:02.258  1531  2376 I Manager : Found interface nnapi-sample_quant (version = JUST_AN_EXAMPLE)
04-08 23:52:02.258  1531  2376 I Manager : Found interface nnapi-sample_sl_shim (version = JUST_AN_EXAMPLE)
04-08 23:52:02.297  1766  2221 W android.youtube: Long monitor contention with owner BG Thread #3 (2199) at java.lang.Object ayuf.get()(PG:63) waiters=0 in java.lang.Object ayuf.get() for 330ms
04-08 23:52:02.299  1531  2379 I AiAiEcho: SearchBE[AppFetcherV2][PROCESSING]:is initialized with [18] apps [time=591299410, reason=module is initialized.]
04-08 23:52:02.305   541   678 D ConnectivityService: NetReassign [80 : null → 100] [c 0] [a 0] [i 1]
04-08 23:52:02.306   541   678 D ConnectivityService: NetReassign [no changes] [c 0] [a 0] [i 0]
04-08 23:52:02.309  1766  2068 D CompatibilityChangeReporter: Compat change id reported: 194532703; UID 10138; state: ENABLED
04-08 23:52:02.309  1766  2068 D CompatibilityChangeReporter: Compat change id reported: 253665015; UID 10138; state: ENABLED
04-08 23:52:02.309   541   731 D CompatibilityChangeReporter: Compat change id reported: 253665015; UID 10138; state: ENABLED
04-08 23:52:02.309   541   731 D CompatibilityChangeReporter: Compat change id reported: 194532703; UID 10138; state: ENABLED
04-08 23:52:02.311   541   731 D CompatibilityChangeReporter: Compat change id reported: 271850009; UID 10138; state: ENABLED
04-08 23:52:02.311   541   731 D ConnectivityService: requestNetwork for uid/pid:1000/541 asUid: 10138 activeRequest: null callbackRequest: 82 [NetworkRequest [ REQUEST id=83, [ Capabilities: INTERNET&NOT_RESTRICTED&TRUSTED&NOT_VCN_MANAGED Uid: 10138 RequestorUid: 1000 RequestorPkg: android UnderlyingNetworks: Null] ]] callback flags: 0 order: 2147483647
04-08 23:52:02.312   541   678 D ConnectivityService: NetReassign [83 : null → 100] [c 0] [a 0] [i 1]
04-08 23:52:02.340   541   671 D WifiNetworkFactory: got request NetworkRequest [ REQUEST id=80, [ Capabilities: INTERNET&NOT_RESTRICTED&TRUSTED&NOT_VCN_MANAGED Uid: 10138 RequestorUid: 10138 RequestorPkg: com.google.android.youtube UnderlyingNetworks: Null] ]
04-08 23:52:02.340   541   671 D UntrustedWifiNetworkFactory: got request NetworkRequest [ REQUEST id=80, [ Capabilities: INTERNET&NOT_RESTRICTED&TRUSTED&NOT_VCN_MANAGED Uid: 10138 RequestorUid: 10138 RequestorPkg: com.google.android.youtube UnderlyingNetworks: Null] ]
04-08 23:52:02.340   541   671 D OemPaidWifiNetworkFactory: got request NetworkRequest [ REQUEST id=80, [ Capabilities: INTERNET&NOT_RESTRICTED&TRUSTED&NOT_VCN_MANAGED Uid: 10138 RequestorUid: 10138 RequestorPkg: com.google.android.youtube UnderlyingNetworks: Null] ]
04-08 23:52:02.340   541   671 D MultiInternetWifiNetworkFactory: got request NetworkRequest [ REQUEST id=80, [ Capabilities: INTERNET&NOT_RESTRICTED&TRUSTED&NOT_VCN_MANAGED Uid: 10138 RequestorUid: 10138 RequestorPkg: com.google.android.youtube UnderlyingNetworks: Null] ]
04-08 23:52:02.340   541   671 D WifiNetworkFactory: got request NetworkRequest [ REQUEST id=83, [ Capabilities: INTERNET&NOT_RESTRICTED&TRUSTED&NOT_VCN_MANAGED Uid: 10138 RequestorUid: 1000 RequestorPkg: android UnderlyingNetworks: Null] ]
04-08 23:52:02.340   541   671 D UntrustedWifiNetworkFactory: got request NetworkRequest [ REQUEST id=83, [ Capabilities: INTERNET&NOT_RESTRICTED&TRUSTED&NOT_VCN_MANAGED Uid: 10138 RequestorUid: 1000 RequestorPkg: android UnderlyingNetworks: Null] ]
04-08 23:52:02.340   541   671 D OemPaidWifiNetworkFactory: got request NetworkRequest [ REQUEST id=83, [ Capabilities: INTERNET&NOT_RESTRICTED&TRUSTED&NOT_VCN_MANAGED Uid: 10138 RequestorUid: 1000 RequestorPkg: android UnderlyingNetworks: Null] ]
04-08 23:52:02.341   541   671 D MultiInternetWifiNetworkFactory: got request NetworkRequest [ REQUEST id=83, [ Capabilities: INTERNET&NOT_RESTRICTED&TRUSTED&NOT_VCN_MANAGED Uid: 10138 RequestorUid: 1000 RequestorPkg: android UnderlyingNetworks: Null] ]
04-08 23:52:02.348   541  1026 I ActivityManager: Flag disabled. Ignoring finishAttachApplication from uid: 10161. pid: 2396
04-08 23:52:02.352   541  1759 W ServiceManagerCppClient: Permission failure: android.permission.ROTATE_SURFACE_FLINGER from uid=10132 pid=0
04-08 23:52:02.352   541  1759 D PermissionCache: checking android.permission.ROTATE_SURFACE_FLINGER for uid=10132 => denied (124 us)
04-08 23:52:02.352   541  1759 W ServiceManagerCppClient: Permission failure: android.permission.INTERNAL_SYSTEM_WINDOW from uid=10132 pid=0
04-08 23:52:02.352   541  1759 D PermissionCache: checking android.permission.INTERNAL_SYSTEM_WINDOW for uid=10132 => denied (56 us)
04-08 23:52:02.352   541  1759 W ServiceManagerCppClient: Permission failure: android.permission.ACCESS_SURFACE_FLINGER from uid=10132 pid=0
04-08 23:52:02.352   541  1759 D PermissionCache: checking android.permission.ACCESS_SURFACE_FLINGER for uid=10132 => denied (72 us)
04-08 23:52:02.359  1810  2506 I Icing   : Storage manager: low false usage 1.88MB avail 4.54GB capacity 5.80GB
04-08 23:52:02.367  1531  1992 I SP.AiAi : Sync for actions-ranking-table succeeded in 559 ms: no changes
04-08 23:52:02.368  1531  1992 I SP.AiAi : Sync for kg_collections_table succeeded in 516 ms: no changes
