04-10 09:04:26.145  1588  1773 V WindowManager:     startWCT=WindowContainerTransaction { changes= {} hops= [] flags= 0 errorCallbackToken=null taskFragmentOrganizer=null }
04-10 09:04:26.145  1588  1773 V WindowManager:     info={id=985 t=OPEN f=0x0 trk=0 r=[0@Point(0, 0)] c=[
04-10 09:04:26.145  1588  1773 V WindowManager:         {WCT{RemoteToken{e3d8f04 Task{8b8284b #769 type=standard A=10385:com.adamoutler.ssh}}} m=OPEN f=NONE leash=Surface(name=Task=769#10376)/@0xc46cc35 sb=Rect(0, 0 - 1080, 2364) eb=Rect(0, 0 - 1080, 2364) epz=Point(1080, 2364) d=0 taskParent=-1 winMode=1 userId=0},
04-10 09:04:26.145  1588  1773 V WindowManager:         {WCT{RemoteToken{3fcdb03 Task{e0746f0 #740 type=standard A=10399:org.chromium.webapk.a5a8228c3188a0ef2_v2}}} m=TO_BACK f=NONE leash=Surface(name=Task=740#4363)/@0xecc4114 sb=Rect(0, 0 - 1080, 2364) eb=Rect(0, 0 - 1080, 2364) epz=Point(1080, 2364) d=0 taskParent=-1 winMode=1 userId=0}
04-10 09:04:26.145  1588  1773 V WindowManager:     ]}
04-10 09:04:26.146  3622  3622 I GoogleInputMethodService: GoogleInputMethodService$1.onKeyboardViewShown():343 onKeyboardViewShown: keyboardType=prime, keyboardViewType=HEADER keyboardView=com.google.android.libraries.inputmethod.widgets.SoftKeyboardView{97cc312 V.E...... ........ 0,0-1080,122}
04-10 09:04:26.146  2721  2751 V WindowManagerShell: loadAnimation: anim=android.view.animation.AnimationSet@c17cfb6 animAttr=0x8 type=OPEN isEntrance=true
04-10 09:04:26.146  3622  3622 I BaseKeyboardSizeHelper: BaseKeyboardSizeHelper.calculateMaxKeyboardBodyHeight():73 leave 261 height for app when ime window height:2088, header height:117 and isFullscreenMode:false, so the max keyboard body height is:1710
04-10 09:04:26.146  3622  3622 I GoogleInputMethodService: GoogleInputMethodService$1.onKeyboardViewShown():343 onKeyboardViewShown: keyboardType=prime, keyboardViewType=BODY keyboardView=com.google.android.libraries.inputmethod.widgets.SoftKeyboardView{17b3a91 V.E...... ........ 0,0-1080,760}
04-10 09:04:26.146  3622  3622 I BaseKeyboardSizeHelper: BaseKeyboardSizeHelper.calculateMaxKeyboardBodyHeight():73 leave 261 height for app when ime window height:2088, header height:117 and isFullscreenMode:false, so the max keyboard body height is:1710
04-10 09:04:26.146  3622  3622 I GlobeKeyExtension: GlobeKeyExtension$1.onKeyboardViewShown():76 maybeDisableLanguageSwitchKeyPref when the keyboard is shown
04-10 09:04:26.146  3622  3622 I GlobeKeyExtension: GlobeKeyExtension.maybeDisableLanguageSwitchKeyPref():210 maybeDisableLanguageSwitchKeyPref hasGlobeKeyBeenDisabled: true, shouldDisableLanguageSwitchKey: true
04-10 09:04:26.146  3622  3622 I NewLanguagePromptExtension: NewLanguagePromptExtension$1.onKeyboardViewShown():88 Not show new language banner: not prime keyboard, or the extension not activated.
04-10 09:04:26.146  3622  3622 I KeyboardModeUtils: KeyboardModeUtils.getKeyboardBottomOffset():432 inch: 0.350000 ydpi: 408.472992 adjustKeyboardBottomByDisplaySize: false currentDensityDpi: 390 defaultDensityDpi: 390 keyboardBottomToScreenPx: 142 keyboardBottomToNavBarPx: 25 navBarHeight: 117
04-10 09:04:26.146  3622  3622 I BaseKeyboardSizeHelper: BaseKeyboardSizeHelper.calculateMaxKeyboardBodyHeight():73 leave 261 height for app when ime window height:2088, header height:117 and isFullscreenMode:false, so the max keyboard body height is:1710
04-10 09:04:26.147  3622  3622 I BaseKeyboardSizeHelper: BaseKeyboardSizeHelper.calculateMaxKeyboardBodyHeight():73 leave 261 height for app when ime window height:2088, header height:117 and isFullscreenMode:false, so the max keyboard body height is:1710
04-10 09:04:26.147  3622  3622 I AndroidIME: KeyboardViewManager.updateKeyboardBottomFrame():489 Set bottomFrameHeight = 25 while holderPaddingBottom = 25; navigationHeight = 117
04-10 09:04:26.147  2721  2751 V WindowManagerShell:  animated by com.android.wm.shell.transition.DefaultTransitionHandler@9233f8c
04-10 09:04:26.148  2721  2751 V ShellTaskOrganizer: Task appeared taskId=769 listener=FullscreenTaskListener
04-10 09:04:26.148  2721  2751 V ShellTaskOrganizer: Fullscreen Task Appeared: #769
04-10 09:04:26.148  3622 12941 I KeyboardEventHandler: KeyboardEventHandler.handleKeyboardVisibilityEvent():214 Handling KeyboardVisibilityEvent: KEYBOARD_CLOSED [SD]
04-10 09:04:26.149  3622 12941 I KeyboardEventHandler: KeyboardEventHandler.handleKeyboardVisibilityEvent():214 Handling KeyboardVisibilityEvent: KEYBOARD_OPENED [SD]
04-10 09:04:26.150  3622 12667 I SystemHapticSettings: SystemHapticSettings.updateSystemVibrationState():61 update vibration state: true
04-10 09:04:26.150  3622  3622 I KeyboardModeUtils: KeyboardModeUtils.getKeyboardBottomOffset():432 inch: 0.350000 ydpi: 408.472992 adjustKeyboardBottomByDisplaySize: false currentDensityDpi: 390 defaultDensityDpi: 390 keyboardBottomToScreenPx: 142 keyboardBottomToNavBarPx: 25 navBarHeight: 117
04-10 09:04:26.150  3622  3622 I BaseKeyboardSizeHelper: BaseKeyboardSizeHelper.calculateMaxKeyboardBodyHeight():73 leave 261 height for app when ime window height:2088, header height:117 and isFullscreenMode:false, so the max keyboard body height is:1710
04-10 09:04:26.150  3622  3622 I BaseKeyboardSizeHelper: BaseKeyboardSizeHelper.calculateMaxKeyboardBodyHeight():73 leave 261 height for app when ime window height:2088, header height:117 and isFullscreenMode:false, so the max keyboard body height is:1710
04-10 09:04:26.150  3622  3622 I AndroidIME: KeyboardViewManager.updateKeyboardBottomFrame():489 Set bottomFrameHeight = 25 while holderPaddingBottom = 25; navigationHeight = 117
04-10 09:04:26.151  3622 12945 I SpeechEnhancementLogger: SpeechEnhancementLogger.logAtInfo():24 Speech enhancement is disabled because flag is disabled [SD]
04-10 09:04:26.151  3622 12941 I PackageStatusChecker: PackageStatusChecker.isPackageSuspended():24 Current package suspended=false [SD]
04-10 09:04:26.152 22953 22953 D b/417220811: invalidateLoadedTasks - previous requestLoadId: -1
04-10 09:04:26.152  1588  1777 I ImeTracker: system_server:bb66690e: onRequestShow at ORIGIN_SERVER reason CONTROLS_CHANGED fromUser false displayId 0
04-10 09:04:26.153 13091 13091 I Zygote  : Process 13091 created for com.adamoutler.ssh
04-10 09:04:26.153 13091 13091 I .adamoutler.ssh: Late-enabling -Xcheck:jni
04-10 09:04:26.153  6953  6953 I ImeTracker: system_server:bb66690e: onCancelled at PHASE_CLIENT_ON_CONTROLS_CHANGED
04-10 09:04:26.154  3622 12945 I MultilangConditionManagerImpl: MultilangConditionManagerImpl.isAutomaticSwitchingEnabled():77 Automatic switching disabled because Gboard setting is not shown [SD]
04-10 09:04:26.154  3622 12945 I MultilangConditionManagerImpl: MultilangConditionManagerImpl.isAutomaticSwitchingEnabled():92 Automatic switching disabled because there aren't enough supported keyboard languages [SD]
04-10 09:04:26.154  3622 12940 I AsrProviderChoice: AsrProviderChoice.setChosenProvider():83 Setting chosen ASR provider to: 6 [SD]
04-10 09:04:26.154  3622 12940 I EligibilityChecker: EligibilityChecker.getDictationConfigEligibilityForLocale():310 Dictation is enabled. workprofile=false [SD]
04-10 09:04:26.154  3622 12940 I EligibilityUtilKt: EligibilityUtilKt.isDictationSupportedInInputField():92 Field type is not set, assuming supported input field. [SD]
04-10 09:04:26.154  3622 12940 I MultilangConditionManagerImpl: MultilangConditionManagerImpl.isAutomaticSwitchingEnabled():77 Automatic switching disabled because Gboard setting is not shown [SD]
04-10 09:04:26.154  3622 12940 I MultilangConditionManagerImpl: MultilangConditionManagerImpl.isAutomaticSwitchingEnabled():92 Automatic switching disabled because there aren't enough supported keyboard languages [SD]
04-10 09:04:26.154  3622  3622 I NgaStateManager: NgaStateManager.setAssistantDictationEligibility():188 AssistantDictationEligibility = 1 [SDG]
04-10 09:04:26.154  3622  3622 I NgaStateManager: NgaStateManager.buildConfigEligibilityPerLanguageTag():306 AssistantDictationEligibility(config, en-US) = 1 [SDG]
04-10 09:04:26.154  3622  3622 I NgaStateManager: NgaStateManager.setAssistantDictationEligibility():197 AssistantDictationEligibility(inputField) = 1 [SDG]
04-10 09:04:26.154  3622  3622 I NgaInputHandlerFactory: NgaInputHandlerFactory.restorePrimary():137 restoring primary [SDG]
04-10 09:04:26.154  3622  3622 I NgaVoiceInputHandlerSwitcher: NgaVoiceInputHandlerSwitcher.restorePrimary():234 not switching to primary. fallback is null [SDG]
04-10 09:04:26.154  3622 12940 I KeyboardEligibilityNotifier: KeyboardEligibilityNotifier.notifyEligibility():76 Keyboard notified that eligibility=ELIGIBLE [SD]
04-10 09:04:26.154  3622 12940 I KeyboardUiManagerImpl: KeyboardUiManagerImpl.onKeyboardShownAgain():168 #onKeyboardShownAgain scheduled [SD]
04-10 09:04:26.154  3622 12940 I KeyboardUiManagerImpl: KeyboardUiManagerImpl.onKeyboardShownAgain():171 #onKeyboardShownAgain [SD]
04-10 09:04:26.154  3622 12940 I KeyboardEventHandler: KeyboardEventHandler.handleFieldChangedEvent():454 Handling FieldChangedEvent: fgPkg=com.android.chrome, fieldType=0, interactionType=FIELD_CHANGE [SD]
04-10 09:04:26.155  3622 12943 I SpeechEnhancementLogger: SpeechEnhancementLogger.logAtInfo():24 Speech enhancement is disabled because flag is disabled [SD]
04-10 09:04:26.155  3622 12941 I PackageStatusChecker: PackageStatusChecker.isPackageSuspended():24 Current package suspended=false [SD]
04-10 09:04:26.157  3622 12945 I MultilangConditionManagerImpl: MultilangConditionManagerImpl.isAutomaticSwitchingEnabled():77 Automatic switching disabled because Gboard setting is not shown [SD]
04-10 09:04:26.157  3622 12945 I MultilangConditionManagerImpl: MultilangConditionManagerImpl.isAutomaticSwitchingEnabled():92 Automatic switching disabled because there aren't enough supported keyboard languages [SD]
04-10 09:04:26.157  3622 12945 I AsrProviderChoice: AsrProviderChoice.setChosenProvider():83 Setting chosen ASR provider to: 6 [SD]
04-10 09:04:26.157  3622 12945 I EligibilityChecker: EligibilityChecker.getDictationConfigEligibilityForLocale():310 Dictation is enabled. workprofile=false [SD]
04-10 09:04:26.157  3622 12945 I EligibilityUtilKt: EligibilityUtilKt.isDictationSupportedInInputField():92 Field type is not set, assuming supported input field. [SD]
04-10 09:04:26.158  3622 12945 I MultilangConditionManagerImpl: MultilangConditionManagerImpl.isAutomaticSwitchingEnabled():77 Automatic switching disabled because Gboard setting is not shown [SD]
04-10 09:04:26.158  3622 12945 I MultilangConditionManagerImpl: MultilangConditionManagerImpl.isAutomaticSwitchingEnabled():92 Automatic switching disabled because there aren't enough supported keyboard languages [SD]
04-10 09:04:26.158  3622 12945 I KeyboardEligibilityNotifier: KeyboardEligibilityNotifier.notifyEligibility():76 Keyboard notified that eligibility=ELIGIBLE [SD]
04-10 09:04:26.158  3622  3622 I NgaStateManager: NgaStateManager.setAssistantDictationEligibility():188 AssistantDictationEligibility = 1 [SDG]
04-10 09:04:26.158  3622  3622 I NgaStateManager: NgaStateManager.buildConfigEligibilityPerLanguageTag():306 AssistantDictationEligibility(config, en-US) = 1 [SDG]
04-10 09:04:26.158  3622  3622 I NgaStateManager: NgaStateManager.setAssistantDictationEligibility():197 AssistantDictationEligibility(inputField) = 1 [SDG]
04-10 09:04:26.158  3622  3622 I NgaInputHandlerFactory: NgaInputHandlerFactory.restorePrimary():137 restoring primary [SDG]
04-10 09:04:26.158  3622  3622 I NgaVoiceInputHandlerSwitcher: NgaVoiceInputHandlerSwitcher.restorePrimary():234 not switching to primary. fallback is null [SDG]
04-10 09:04:26.158  3622 12945 I KeyboardEventHandler: KeyboardEventHandler.handleJarvisState():314 Handling JarvisState. UiState=IDLE, undo_available=false, can_show_proofread_suggestion=false, can_be_activated=false, more_fixes_available=false, draft_selected_in_drafts_ui_session=false, num_fixes_available=0 [SD]
04-10 09:04:26.158  3622 12945 I KeyboardUiManagerImpl: KeyboardUiManagerImpl.onJarvisState():570 #onJarvisState: # tfc@8f21a7fb isProofreadEnabled true [SD]
04-10 09:04:26.158  3622 12945 I KeyboardEventHandler: KeyboardEventHandler.handleJarvisState():314 Handling JarvisState. UiState=IDLE, undo_available=false, can_show_proofread_suggestion=false, can_be_activated=true, more_fixes_available=false, draft_selected_in_drafts_ui_session=false, num_fixes_available=0 [SD]
04-10 09:04:26.158  3622 12945 I KeyboardUiManagerImpl: KeyboardUiManagerImpl.onJarvisState():570 #onJarvisState: # tfc@12bd197d isProofreadEnabled true [SD]
04-10 09:04:26.162  1519  1540 I pixel-thermal: VIRTUAL-SKIN-MODEL: model_input: [32222.00 32170.00 32145.00 31089.00 33165.00 32005.00 32942.00 33852.00 31116.00 ]
04-10 09:04:26.162  1519  1540 I native  : I0000 00:00:1775826266.162844    1540 thermal_tflite_wrapper.cc:261] ThermalTfliteInvoke
04-10 09:04:26.162  1519  1540 I pixel-thermal: VIRTUAL-SKIN-MODEL: model_output: [32281.3 ]
04-10 09:04:26.163  1519  1540 I pixel-thermal: VIRTUAL-SKIN-MODEL: predicted_value: [32281.3 ]
04-10 09:04:26.163  1519  1540 I pixel-thermal: VIRTUAL-SKIN-CPU-HIGH:32.2947 raw data: CLOSE_WEIGHT:1 OPEN_WEIGHT:0 VIRTUAL-SKIN:32294.7 VIRTUAL-SKIN-CLOSE:32570.4 VIRTUAL-SKIN-CLOSE-SUB-0:32570.4 VIRTUAL-SKIN-CLOSE-SUB-1:32144.1 VIRTUAL-SKIN-CLOSE-SUB-2:32478.6 VIRTUAL-SKIN-CLOSE-SUB-3:32214.6 VIRTUAL-SKIN-CLOSE-SUB-4:31979.3 VIRTUAL-SKIN-CPU-HIGH:32294.7 VIRTUAL-SKIN-LEGACY:32570.4 VIRTUAL-SKIN-LEGACY-MODEL-DIFF:289.107 VIRTUAL-SKIN-LEGACY-SHUTDOWN:0 VIRTUAL-SKIN-MODEL:32281.3 VIRTUAL-SKIN-MODEL-CLAMPED:32281.3 VIRTUAL-SKIN-MODEL-LEGACY-DIFF:-289.107 VIRTUAL-SKIN-MODEL-UPDATED:32294.7 VIRTUAL-SKIN-MODEL-UPPER-CLAMPED:32281.3 VIRTUAL-SKIN-OPEN:32683 VIRTUAL-SKIN-OPEN-SUB-0:32332 VIRTUAL-SKIN-OPEN-SUB-1:32683 VIRTUAL-SKIN-OPEN-SUB-2:32222.1 VIRTUAL-SKIN-OPEN-SUB-3:32378.9 VIRTUAL-SKIN-OPEN-SUB-4:32227.9 VT_LEGACY_WEIGHT:0 VT_MODEL_WEIGHT:1 charging_therm:32222 flash_therm:31089 inner_brightness:0 inner_disp_therm:32170 north_therm:33165 outer_disp_therm:32145 quiet_therm:32005 rfpa_therm:32942 soc_therm:33852 usb_pwr_therm:31116 
04-10 09:04:26.163  1519  1540 I pixel-thermal: STATS-UPDATOR:0 raw data: STATS-UPDATOR:0 VIRTUAL-SKIN-LEGACY:32570.4 VIRTUAL-SKIN-MODEL:32281.3 VIRTUAL-SKIN-MODEL-LEGACY-DIFF:-289.107 
04-10 09:04:26.163  1519  1540 I pixel-thermal: VIRTUAL-SKIN-CPU-LIGHT-ODPM:32.2947 raw data: VIRTUAL-SKIN:32294.7 VIRTUAL-SKIN-CPU-LIGHT-ODPM:32294.7 
04-10 09:04:26.163  1519  1540 I pixel-thermal: BG-TASKS-THROTTLING-HINT:0 raw data: BG-TASKS-THROTTLING-EXP-PROPERTY:0 BG-TASKS-THROTTLING-HINT:0 BG_TASKS_THROTTLING_COUNT:0 IS_BG_TASKS_THROTTLING_ACTIVE:0 IS_CHARGING:0 VIRTUAL-SKIN:32294.7 thb_hda:0 
04-10 09:04:26.163  1519  1540 I pixel-thermal: VIRTUAL-SKIN-CPU-ODPM:32.2947 raw data: VIRTUAL-SKIN:32294.7 VIRTUAL-SKIN-CPU-ODPM:32294.7 
04-10 09:04:26.163  1519  1540 I pixel-thermal: VIRTUAL-SKIN-HINT:32.2947 raw data: VIRTUAL-SKIN:32294.7 VIRTUAL-SKIN-HINT:32294.7 
04-10 09:04:26.163  1519  1540 I pixel-thermal: VIRTUAL-SKIN:32.2947 raw data: VIRTUAL-SKIN:32294.7 
04-10 09:04:26.163  1519  1540 I pixel-thermal: VIRTUAL-SKIN-SOC:32.2947 raw data: VIRTUAL-SKIN:32294.7 VIRTUAL-SKIN-SOC:32294.7 
04-10 09:04:26.163  1519  1540 I pixel-thermal: VIRTUAL-SKIN-INNER-DISPLAY:32.683 raw data: VIRTUAL-SKIN-INNER-DISPLAY:32683 VIRTUAL-SKIN-OPEN:32683 
04-10 09:04:26.163  1519  1540 I pixel-thermal: VIRTUAL-SKIN-CPU-MID:32.2947 raw data: VIRTUAL-SKIN:32294.7 VIRTUAL-SKIN-CPU-MID:32294.7 
04-10 09:04:26.163  1519  1540 I pixel-thermal: cellular-emergency:32.2947 raw data: VIRTUAL-SKIN:32294.7 cellular-emergency:32294.7 
04-10 09:04:26.163  1519  1540 I pixel-thermal: quiet_therm:32.005 raw data: quiet_therm:32005 
04-10 09:04:26.169  1588  1777 I ImeTracker: system_server:bf8cab3b: onRequestShow at ORIGIN_SERVER reason CONTROLS_CHANGED fromUser false displayId 0
04-10 09:04:26.169  6953  6953 I ImeTracker: system_server:bf8cab3b: onCancelled at PHASE_CLIENT_ON_CONTROLS_CHANGED
04-10 09:04:26.179 13091 13091 I .adamoutler.ssh: Using CollectorTypeCMC GC.
04-10 09:04:26.180  1244  1244 D AOC     : A3:MSG: tmd3743_device.cc, 997: USF: TMD3743: C/G switch 2 -> 1 d_lux:5.59 w_lux: 13.81 C:0.16 G:0.05
04-10 09:04:26.183 21481 21486 I adbd    : jdwp connection from 13091
04-10 09:04:26.186 13091 13091 D nativeloader: Load libframework-connectivity-tiramisu-jni.so using APEX ns com_android_tethering for caller /apex/com.android.tethering/javalib/framework-connectivity-t.jar: ok
04-10 09:04:26.194  1588  2673 D BackgroundInstallControlService: Package event received: 0
04-10 09:04:26.194  2876 11042 D UidImportanceSource: onUidImportanceBlock: uid=10385 importance=100
04-10 09:04:26.194  2876 11042 D UidImportanceSource: onUidImportanceBlock: packages=[com.adamoutler.ssh] importance=100
04-10 09:04:26.194  2876 11042 D UidImportanceSource: onUidImportanceBlock: packageName=com.adamoutler.ssh importance=100
04-10 09:04:26.194  2876 11042 D BusinessScope: Enqueuing the block
04-10 09:04:26.194  1588  2673 D BackgroundInstallControlService: Package event received: 0
04-10 09:04:26.194  2876  4383 D BusinessScope: Start running the #21027 block
04-10 09:04:26.195  2876  4383 D BusinessScope: Enqueuing the block
04-10 09:04:26.195  2876  4383 D ImpulseStateSource: Notify clients: 10510
04-10 09:04:26.195  2876  4383 D BusinessScope: Finish running the #21027 block
04-10 09:04:26.195  2876  4383 D BusinessScope: Start running the #21028 block
04-10 09:04:26.195  2876  4383 D BusinessScope: Finish running the #21028 block
04-10 09:04:26.200 13091 13091 D CompatChangeReporter: Compat change id reported: 242716250; UID 10385; state: ENABLED
04-10 09:04:26.201  1244  1244 D AOC     : A3:MSG: tmd3743_device.cc, 997: USF: TMD3743: C/G switch 1 -> 2 d_lux:5.65 w_lux: 13.91 C:0.16 G:0.05
04-10 09:04:26.205 13091 13091 D ApplicationLoaders: Returning zygote-cached class loader: /system_ext/framework/androidx.window.extensions.jar
04-10 09:04:26.205 13091 13091 D ApplicationLoaders: Returning zygote-cached class loader: /system_ext/framework/androidx.window.sidecar.jar
04-10 09:04:26.218  1519  1519 I pixel-thermal: VIRTUAL-SKIN:32.2947 raw data: VIRTUAL-SKIN:32294.7 
04-10 09:04:26.222  1244  1244 D AOC     : A3:MSG: tmd3743_device.cc, 997: USF: TMD3743: C/G switch 2 -> 1 d_lux:5.51 w_lux: 13.91 C:0.16 G:0.05
04-10 09:04:26.234 22953 22953 D b/417220811: invalidateLoadedTasks - previous requestLoadId: -1
04-10 09:04:26.243  1244  1244 D AOC     : A3:MSG: tmd3743_device.cc, 997: USF: TMD3743: C/G switch 1 -> 2 d_lux:5.45 w_lux: 14.00 C:0.16 G:0.05
04-10 09:04:26.285   912  2326 D BTAudioSessionAidl: GetSupportedLatencyModes - Supported LatencyMode= LOW_LATENCY FREE
04-10 09:04:26.343 21481 21481 E adbd    : failed to connect to socket 'tcp:27042': Connection refused
04-10 09:04:26.344 21481 21481 E adbd    : failed to connect to socket 'tcp:24072': Connection refused
04-10 09:04:26.383 13091 13091 D nativeloader: Configuring clns-9 for other apk /data/app/~~mwL8gjC8azPjW72kG5kKvg==/com.adamoutler.ssh-bB-PTQUmdRbtxshwMxUBYg==/base.apk. target_sdk_version=34, uses_libraries=, library_path=/data/app/~~mwL8gjC8azPjW72kG5kKvg==/com.adamoutler.ssh-bB-PTQUmdRbtxshwMxUBYg==/lib/arm64:/data/app/~~mwL8gjC8azPjW72kG5kKvg==/com.adamoutler.ssh-bB-PTQUmdRbtxshwMxUBYg==/base.apk!/lib/arm64-v8a, permitted_path=/data:/mnt/expand:/data/user/0/com.adamoutler.ssh
04-10 09:04:26.389  1244  1244 D AOC     : A3:MSG: tmd3743_device.cc, 997: USF: TMD3743: C/G switch 2 -> 1 d_lux:5.73 w_lux: 13.91 C:0.16 G:0.06
04-10 09:04:26.394 13091 13091 V GraphicsEnvironment: Currently set values for:
04-10 09:04:26.394 13091 13091 V GraphicsEnvironment:   angle_gl_driver_selection_pkgs=[com.android.angle]
04-10 09:04:26.394 13091 13091 V GraphicsEnvironment:   angle_gl_driver_selection_values=[angle]
04-10 09:04:26.394 13091 13091 V GraphicsEnvironment: com.adamoutler.ssh is not listed in per-application setting
04-10 09:04:26.394 13091 13091 V GraphicsEnvironment: No special selections for ANGLE, returning default driver choice
04-10 09:04:26.394 13091 13091 V GraphicsEnvironment: Neither updatable production driver nor prerelease driver is supported.
04-10 09:04:26.411  1244  1244 D AOC     : A3:MSG: tmd3743_device.cc, 997: USF: TMD3743: C/G switch 1 -> 2 d_lux:5.83 w_lux: 13.81 C:0.16 G:0.05
04-10 09:04:26.413  1519  1519 I pixel-thermal: VIRTUAL-USB-THROTTLING:0 raw data: USB-MINUS-CHARGING:-1106 VIRTUAL-USB-THROTTLING:0 charging_therm:32222 usb_pwr_therm:31116 
04-10 09:04:26.413  1588  2673 D BackgroundInstallControlService: Package event received: 0
04-10 09:04:26.413  1588  2673 D BackgroundInstallControlService: Package event received: 0
04-10 09:04:26.413  1519  1519 I pixel-thermal: VIRTUAL-SKIN-CHARGE-PERSIST:33.0987 raw data: CLOSE_WEIGHT:1 IS_WLC:0 NO_WLC:1 OPEN_WEIGHT:0 VIRTUAL-SKIN-CHARGE-CLOSE:32098.7 VIRTUAL-SKIN-CHARGE-CLOSE-SUB-0:31911 VIRTUAL-SKIN-CHARGE-CLOSE-SUB-1:32098.7 VIRTUAL-SKIN-CHARGE-CLOSE-SUB-2:30450.8 VIRTUAL-SKIN-CHARGE-LEGACY:32098.7 VIRTUAL-SKIN-CHARGE-OPEN:32629.1 VIRTUAL-SKIN-CHARGE-OPEN-SUB-0:32325.9 VIRTUAL-SKIN-CHARGE-OPEN-SUB-1:32629.1 VIRTUAL-SKIN-CHARGE-OPEN-SUB-2:31679.4 VIRTUAL-SKIN-CHARGE-PERSIST:33098.7 VIRTUAL-SKIN-CHARGE-WLC-CLOSE:31937.1 VIRTUAL-SKIN-CHARGE-WLC-LEGACY:31937.1 VIRTUAL-SKIN-CHARGE-WLC-OPEN:32298.6 WLC_CHECK:1 charging_therm:32222 flash_therm:31089 inner_disp_therm:32170 north_therm:33165 outer_disp_therm:32145 quiet_therm:32005 rfpa_therm:32942 soc_therm:33852 thb_hda:0 
04-10 09:04:26.413  1519  1519 I pixel-thermal: usb_pwr_therm:31.116 raw data: usb_pwr_therm:31116 
04-10 09:04:26.413  1519  1519 I pixel-thermal: soc_therm:33.852 raw data: soc_therm:33852 
04-10 09:04:26.413  1519  1519 I pixel-thermal: quiet_therm:32.005 raw data: quiet_therm:32005 
04-10 09:04:26.413  1519  1519 I pixel-thermal: outer_disp_therm:32.145 raw data: outer_disp_therm:32145 
04-10 09:04:26.413  1519  1519 I pixel-thermal: rfpa_therm:32.942 raw data: rfpa_therm:32942 
04-10 09:04:26.413 13091 13123 I DisplayManager: Choreographer implicitly registered for the refresh rate.
04-10 09:04:26.414 13091 13123 D vulkan  : searching for layers in '/data/app/~~mwL8gjC8azPjW72kG5kKvg==/com.adamoutler.ssh-bB-PTQUmdRbtxshwMxUBYg==/lib/arm64'
04-10 09:04:26.414 13091 13123 D vulkan  : searching for layers in '/data/app/~~mwL8gjC8azPjW72kG5kKvg==/com.adamoutler.ssh-bB-PTQUmdRbtxshwMxUBYg==/base.apk!/lib/arm64-v8a'
04-10 09:04:26.414  1519  1519 I pixel-thermal: VIRTUAL-SKIN-BOTTOM-SPEAKER:30.1841 raw data: VIRTUAL-SKIN-BOTTOM-SPEAKER:30184.1 
04-10 09:04:26.414  1519  1519 I pixel-thermal: VIRTUAL-SKIN-TOP-SPEAKER:30.3268 raw data: VIRTUAL-SKIN-TOP-SPEAKER:30326.8 
04-10 09:04:26.414  1519  1519 I pixel-thermal: cellular-emergency:32.2947 raw data: cellular-emergency:32294.7 
04-10 09:04:26.414  1519  1519 I pixel-thermal: VIRTUAL-SKIN-OUTER-DISPLAY:31.854 raw data: VIRTUAL-SKIN-OUTER-DISPLAY:31854 
04-10 09:04:26.414  1519  1519 I pixel-thermal: VIRTUAL-SKIN-INNER-DISPLAY:32.683 raw data: VIRTUAL-SKIN-INNER-DISPLAY:32683 
04-10 09:04:26.415  1519  1519 I pixel-thermal: VIRTUAL-SKIN:32.2947 raw data: VIRTUAL-SKIN:32294.7 
04-10 09:04:26.415  1519  1519 I pixel-thermal: inner_disp_therm:32.17 raw data: inner_disp_therm:32170 
04-10 09:04:26.415  1519  1519 I pixel-thermal: VIRTUAL-USB-UI:0 raw data: USB-MINUS-CHARGING:-1106 VIRTUAL-USB-UI:0 usb_pwr_therm:31116 
04-10 09:04:26.415  1519  1519 I pixel-thermal: VIRTUAL-SKIN-CHARGE-WIRED:33.0987 raw data: NO_WLC:1 VIRTUAL-SKIN-CHARGE-LEGACY:32098.7 VIRTUAL-SKIN-CHARGE-WIRED:33098.7 
04-10 09:04:26.415  1519  1519 I pixel-thermal: north_therm:33.165 raw data: north_therm:33165 
04-10 09:04:26.415  1519  1519 I pixel-thermal: flash_therm:31.089 raw data: flash_therm:31089 
04-10 09:04:26.420  1588  1774 W AppWarnings: Showing PageSizeMismatchDialog for package com.adamoutler.ssh
04-10 09:04:26.420 13091 13091 D DesktopExperienceFlags: Toggle override initialized to: false
04-10 09:04:26.425  1588  1774 D WindowOnBackDispatcher: setTopOnBackInvokedCallback (unwrapped): android.app.Dialog$$ExternalSyntheticLambda2@ab0eedf
04-10 09:04:26.426  1588  1774 D CoreBackPreview: Window{77a46e8 u0 android}: Setting back callback OnBackInvokedCallbackInfo{mCallback=android.window.WindowOnBackInvokedDispatcher$OnBackInvokedCallbackWrapper@597d72c, mPriority=-1, mIsAnimationCallback=false, mOverrideBehavior=0}
04-10 09:04:26.431 13091 13091 D DesktopModeFlags: Toggle override initialized to: OVERRIDE_UNSET
04-10 09:04:26.436  3622  3622 I GoogleInputMethodService: GoogleInputMethodService.onFinishInputView():1660 onFinishInputView(false)
04-10 09:04:26.436  3622  3622 I GlobeKeyExtension: GlobeKeyExtension.onDeactivate():153 
04-10 09:04:26.436  3622  3622 I JarvisExtension: JarvisExtension.onDeactivate():1136 onDeactivate
04-10 09:04:26.436  3622  3622 I JarvisTriggersManager: JarvisTriggersManager.onDeactivate():764 onDeactivate
04-10 09:04:26.436  3622  3622 I NgaExtension: NgaExtension.onDeactivate():647 NgaExtension#onDeactivate [SDG]
04-10 09:04:26.436  3622  3622 I HardKeyTracker: HardKeyTracker.unregisterKeySequence():259 Unregister key sequence adoy{labelResId=2132020528, callback=wgq@182f233, lastModifier=2, keyCodes=[32], actions=[0]}
04-10 09:04:26.436  3622  3622 I HardKeyTracker: HardKeyTracker.unregisterKeySequence():259 Unregister key sequence adoy{labelResId=2132020528, callback=wgq@fed9f0, lastModifier=0, keyCodes=[319], actions=[0]}
04-10 09:04:26.437  3622  3622 I HardKeyTracker: HardKeyTracker.registerKeySequence():201 Register key sequence adoy{labelResId=2132020528, callback=wgq@b13fc74, lastModifier=2, keyCodes=[32], actions=[0]}
04-10 09:04:26.437  3622 12945 I NgaDataShareClient: NgaDataShareClient.sendCorrectionsAndEndSession():412 endDataPushSession() [SDG]
04-10 09:04:26.437  3622  3622 I HardKeyTracker: HardKeyTracker.registerKeySequence():201 Register key sequence adoy{labelResId=2132020528, callback=wgq@426059d, lastModifier=0, keyCodes=[319], actions=[0]}
04-10 09:04:26.437  3622 12945 I NgaDataShareClient: NgaDataShareClient.sendCorrectionsList():420 sendCorrectionsList() [SDG]
04-10 09:04:26.437  3622 12945 W NotificationCenter: NotificationCenter.unregisterListener():480 Listener omf@66602b1 was not registered for notification class aauh
04-10 09:04:26.437  3622 12943 I DataShareHelper: DataShareHelper.shareCorrections():24 shareCorrections() [SD]
04-10 09:04:26.437  3622 12945 W NotificationCenter: NotificationCenter.unregisterListener():480 Listener ome@4274396 was not registered for notification class aakc
04-10 09:04:26.441  3622  3622 I HardKeyTracker: HardKeyTracker.unregisterKeySequence():259 Unregister key sequence adoy{labelResId=2132020528, callback=wgq@55dd9ee, lastModifier=2, keyCodes=[32], actions=[0]}
04-10 09:04:26.442  3622  3622 I HardKeyTracker: HardKeyTracker.unregisterKeySequence():259 Unregister key sequence adoy{labelResId=2132020528, callback=wgq@d707e8f, lastModifier=0, keyCodes=[319], actions=[0]}
04-10 09:04:26.442  3622  3622 I HardKeyTracker: HardKeyTracker.registerKeySequence():201 Register key sequence adoy{labelResId=2132020528, callback=wgq@fbe660c, lastModifier=2, keyCodes=[32], actions=[0]}
04-10 09:04:26.442  3622  3622 I HardKeyTracker: HardKeyTracker.registerKeySequence():201 Register key sequence adoy{labelResId=2132020528, callback=wgq@714b55, lastModifier=0, keyCodes=[319], actions=[0]}
04-10 09:04:26.442  3622  3622 W NotificationCenter: NotificationCenter.unregisterListener():480 Listener oii@af4544b was not registered for notification class aakc
04-10 09:04:26.442  3622  3622 W TooltipLifecycleManager: TooltipLifecycleManager.dismissTooltips():153 Tooltip with id spell_check_add_to_dictionary not found in tooltipManager.
04-10 09:04:26.442  3622  3622 I NgaVoiceInputHandler: NgaVoiceInputHandler.shutdownInternalLegacy():337 VoiceInputHandler:deactivating [SDG]
04-10 09:04:26.442  3622  3622 W NotificationCenter: NotificationCenter.unregisterListener():480 Listener achz@a9dc193 was not registered for notification class acia
04-10 09:04:26.442  3622  3622 I SmartEdit: SmartEdit.unloadModels():144 SmartEdit: unloading models [SDG]
04-10 09:04:26.443  3622  3622 I NgaInputManager: NgaInputManager.onDeactivate():478 SmartEdit: unloading models false [SDG]
04-10 09:04:26.443  3622  3622 I AndroidIME: AbstractIme.onDeactivate():213 PasswordIme.onDeactivate()
04-10 09:04:26.444  3622  3622 I PrimesLoggerHolder: FrameMetricServiceImpl.stopAsFuture():213 Measurement not found: OnConfigurationChanged
04-10 09:04:26.444  3622 12667 W AutoCloseableReference: AutoCloseablePhantomReference.close():42 close() is invoked more than once
04-10 09:04:26.444  3622  3622 W TooltipLifecycleManager: TooltipLifecycleManager.dismissTooltips():153 Tooltip with id undo_access_point_promotion_banner not found in tooltipManager.
04-10 09:04:26.444  3622  3622 D ImeBackCallbackSender: Unregister OnBackInvokedCallback at app window (packageName=com.android.chrome)
04-10 09:04:26.445  3622 12941 I KeyboardEventHandler: KeyboardEventHandler.handleKeyboardVisibilityEvent():214 Handling KeyboardVisibilityEvent: KEYBOARD_CLOSED [SD]
04-10 09:04:26.445  3622  3622 I ImeTracker: com.android.chrome:5f55bf7c: onHidden
04-10 09:04:26.446 13091 13091 I ContentCaptureHelper: Setting logging level to OFF
04-10 09:04:26.446  3622  3622 I KeyboardModeUtils: KeyboardModeUtils.getKeyboardBottomOffset():432 inch: 0.350000 ydpi: 408.472992 adjustKeyboardBottomByDisplaySize: false currentDensityDpi: 390 defaultDensityDpi: 390 keyboardBottomToScreenPx: 142 keyboardBottomToNavBarPx: 25 navBarHeight: 117
04-10 09:04:26.446  3622 12942 I KeyboardEventHandler: KeyboardEventHandler.handleJarvisState():314 Handling JarvisState. UiState=IDLE, undo_available=false, can_show_proofread_suggestion=false, can_be_activated=false, more_fixes_available=false, draft_selected_in_drafts_ui_session=false, num_fixes_available=0 [SD]
04-10 09:04:26.446  3622  3622 I BaseKeyboardSizeHelper: BaseKeyboardSizeHelper.calculateMaxKeyboardBodyHeight():73 leave 261 height for app when ime window height:2088, header height:117 and isFullscreenMode:false, so the max keyboard body height is:1710
04-10 09:04:26.446  3622  3622 I BaseKeyboardSizeHelper: BaseKeyboardSizeHelper.calculateMaxKeyboardBodyHeight():73 leave 261 height for app when ime window height:2088, header height:117 and isFullscreenMode:false, so the max keyboard body height is:1710
04-10 09:04:26.446  3622  3622 I AndroidIME: KeyboardViewManager.updateKeyboardBottomFrame():489 Set bottomFrameHeight = 25 while holderPaddingBottom = 25; navigationHeight = 117
04-10 09:04:26.446  3622 12942 I KeyboardUiManagerImpl: KeyboardUiManagerImpl.onJarvisState():570 #onJarvisState: # tfc@8f21a7fb isProofreadEnabled true [SD]
04-10 09:04:26.462  1588  1773 D HintManagerService: Sent cleanup message for uid 10202
04-10 09:04:26.472  2721  2721 D MediaRouter: onRestoreRoute() : route=RouteInfo{ name=Adam's Pixel Buds P, description=Bluetooth audio, status=null, category=RouteCategory{ name=System types=ROUTE_TYPE_LIVE_AUDIO ROUTE_TYPE_LIVE_VIDEO  groupable=false }, supportedTypes=ROUTE_TYPE_LIVE_AUDIO , presentationDisplay=null }
04-10 09:04:26.472  2721  2721 V MediaRouter: Selecting route: RouteInfo{ name=Adam's Pixel Buds P, description=Bluetooth audio, status=null, category=RouteCategory{ name=System types=ROUTE_TYPE_LIVE_AUDIO ROUTE_TYPE_LIVE_VIDEO  groupable=false }, supportedTypes=ROUTE_TYPE_LIVE_AUDIO , presentationDisplay=null }
04-10 09:04:26.472  2721 13078 D RingtonePlayer: player.start piid:3447
04-10 09:04:26.472  1194 13080 I GenericSource: start
04-10 09:04:26.473  3324 13068 I NearbyDiscovery: (REDACTED) [trigger-id=Plco80FCB3FC, feature-id=Sass] FastPair: AudioEventListener find active playback with other usage %d
04-10 09:04:26.474  1194 13137 D CCodec  : allocate(c2.android.vorbis.decoder)
04-10 09:04:26.478  1194 13137 I CCodec  : setting up 'default' as default (vendor) store
04-10 09:04:26.479  1228  2774 I libbinder.BpBinder: onLastStrongRef automatically unlinking death recipients for binder (0xb400007c8aa57d30) with descriptor: 'android.hardware.media.bufferpool2.IAccessor'
04-10 09:04:26.479  1228  2774 D AidlBufferPool: bufferpool2 0xb400007cfaa55e48 : 0(0 size) total buffers - 0(0 size) used buffers - 0/0 (recycle/alloc) - 0/0 (fetch/transfer)
04-10 09:04:26.479  1228  2774 D AidlBufferPool: bufferpool2 0xb400007cfaa57318 : 6(24576 size) total buffers - 6(24576 size) used buffers - 1436/1457 (recycle/alloc) - 23/1457 (fetch/transfer)
04-10 09:04:26.479  1228  2774 D AidlBufferPool: bufferpool2 0xb400007cfaa4e168 : 0(0 size) total buffers - 0(0 size) used buffers - 0/0 (recycle/alloc) - 0/0 (fetch/transfer)
04-10 09:04:26.479  1228  2774 D AidlBufferPool: bufferpool2 0xb400007cfaa4d388 : 10(40960 size) total buffers - 10(40960 size) used buffers - 998/1019 (recycle/alloc) - 26/1019 (fetch/transfer)
04-10 09:04:26.479  1228  2774 D AidlBufferPool: bufferpool2 0xb400007cfaa56098 : 0(0 size) total buffers - 0(0 size) used buffers - 0/0 (recycle/alloc) - 0/0 (fetch/transfer)
04-10 09:04:26.479  1228  2774 D AidlBufferPool: bufferpool2 0xb400007cfaa534a8 : 9(36864 size) total buffers - 9(36864 size) used buffers - 156/166 (recycle/alloc) - 15/166 (fetch/transfer)
04-10 09:04:26.479  1228  2774 D AidlBufferPool: bufferpool2 0xb400007cfaa50418 : 0(0 size) total buffers - 0(0 size) used buffers - 0/0 (recycle/alloc) - 0/0 (fetch/transfer)
04-10 09:04:26.480  1194  2635 D AidlBufferPool: bufferpool2 0xb400006e994f8168 : 0(0 size) total buffers - 0(0 size) used buffers - 51/59 (recycle/alloc) - 8/58 (fetch/transfer)
04-10 09:04:26.480  1194 13137 W mediaserver: AIBinder_linkToDeath is being called with a non-null cookie and no onUnlink callback set. Use AIBinder_DeathRecipient_setOnUnlinked to manage the lifetime of the cookie. This will become an abort.
04-10 09:04:26.480  1194  2635 D AidlBufferPool: Destruction - bufferpool2 0xb400006e994f8168 cached: 0/0M, 0/0% in use; allocs: 59, 86% recycled; transfers: 58, 86% unfetched
04-10 09:04:26.480  1194 13137 I CCodec  : Created component [c2.android.vorbis.decoder] for [c2.android.vorbis.decoder]
04-10 09:04:26.480  1194 13137 D CCodecConfig: read media type: audio/vorbis
04-10 09:04:26.481  1194 13137 D ReflectedParamUpdater: extent() != 1 for single value type: algo.buffers.max-count.values
04-10 09:04:26.482  1194 13137 D ReflectedParamUpdater: extent() != 1 for single value type: output.subscribed-indices.values
04-10 09:04:26.482  1194 13137 D ReflectedParamUpdater: extent() != 1 for single value type: input.buffers.allocator-ids.values
04-10 09:04:26.482  1194 13137 D ReflectedParamUpdater: extent() != 1 for single value type: output.buffers.allocator-ids.values
04-10 09:04:26.482  1194 13137 D ReflectedParamUpdater: extent() != 1 for single value type: algo.buffers.allocator-ids.values
04-10 09:04:26.482  1194 13137 D ReflectedParamUpdater: extent() != 1 for single value type: output.buffers.pool-ids.values
04-10 09:04:26.482  1194 13137 D ReflectedParamUpdater: extent() != 1 for single value type: algo.buffers.pool-ids.values
04-10 09:04:26.483  1194 13137 I CCodecConfig: query failed after returning 8 values (BAD_INDEX)
04-10 09:04:26.483  1194 13137 D CCodecConfig: c2 config diff is Dict {
04-10 09:04:26.483  1194 13137 D CCodecConfig:   c2::u32 coded.bitrate.value = 64000
04-10 09:04:26.483  1194 13137 D CCodecConfig:   c2::u32 input.buffers.max-size.value = 32768
04-10 09:04:26.483  1194 13137 D CCodecConfig:   c2::u32 input.delay.value = 0
04-10 09:04:26.483  1194 13137 D CCodecConfig:   string input.media-type.value = "audio/vorbis"
04-10 09:04:26.483  1194 13137 D CCodecConfig:   c2::u32 output.large-frame.max-size = 0
04-10 09:04:26.483  1194 13137 D CCodecConfig:   c2::u32 output.large-frame.threshold-size = 0
04-10 09:04:26.483  1194 13137 D CCodecConfig:   string output.media-type.value = "audio/raw"
04-10 09:04:26.483  1194 13137 D CCodecConfig:   c2::u32 raw.channel-count.value = 1
04-10 09:04:26.483  1194 13137 D CCodecConfig:   c2::u32 raw.sample-rate.value = 48000
04-10 09:04:26.483  1194 13137 D CCodecConfig: }
04-10 09:04:26.485  1194 13136 I MediaCodec: media_quality service unavailable, skipping updatePictureProfile
04-10 09:04:26.485  1194 13137 D CCodec  : [c2.android.vorbis.decoder] buffers are bound to CCodec for this session
04-10 09:04:26.485  1194 13137 D CCodecConfig: no c2 equivalents for durationUs
04-10 09:04:26.485  1194 13137 D CCodecConfig: no c2 equivalents for csd-1
04-10 09:04:26.485  1194 13137 D CCodecConfig: no c2 equivalents for flags
04-10 09:04:26.486  1194 13137 D CCodecConfig: c2 config diff is   c2::u32 coded.bitrate.value = 120000
04-10 09:04:26.487  1194 13137 D CCodec  : encoding statistics level = 0
04-10 09:04:26.487  1194 13137 D CCodec  : setup formats input: AMessage(what = 0x00000000) = {
04-10 09:04:26.487  1194 13137 D CCodec  :   int32_t bitrate = 120000
04-10 09:04:26.487  1194 13137 D CCodec  :   int32_t channel-count = 1
04-10 09:04:26.487  1194 13137 D CCodec  :   int32_t max-input-size = 32768
04-10 09:04:26.487  1194 13137 D CCodec  :   string mime = "audio/vorbis"
04-10 09:04:26.487  1194 13137 D CCodec  :   int32_t sample-rate = 48000
04-10 09:04:26.487  1194 13137 D CCodec  : }
04-10 09:04:26.487  1194 13137 D CCodec  : setup formats output: AMessage(what = 0x00000000) = {
04-10 09:04:26.487  1194 13137 D CCodec  :   int32_t buffer-batch-max-output-size = 0
04-10 09:04:26.487  1194 13137 D CCodec  :   int32_t buffer-batch-threshold-output-size = 0
04-10 09:04:26.487  1194 13137 D CCodec  :   int32_t channel-count = 1
04-10 09:04:26.487  1194 13137 D CCodec  :   string mime = "audio/raw"
04-10 09:04:26.487  1194 13137 D CCodec  :   int32_t sample-rate = 48000
04-10 09:04:26.487  1194 13137 D CCodec  :   int32_t channel-mask = 1
04-10 09:04:26.487  1194 13137 D CCodec  :   int32_t android._config-pcm-encoding = 2
04-10 09:04:26.487  1194 13137 D CCodec  : }
04-10 09:04:26.487  1194 13137 I CCodecConfig: query failed after returning 8 values (BAD_INDEX)
04-10 09:04:26.487  1194 13137 E mediaserver: Failed to query component interface for required system resources: 6
04-10 09:04:26.487  1194 13137 I MediaCodec: MediaCodec will operate in async mode
04-10 09:04:26.487  1194 13136 D MediaCodec: keep callback message for reclaim
04-10 09:04:26.488  1194 13137 I libbinder.BpBinder: onLastStrongRef automatically unlinking death recipients for binder (0xb400006f49507f30) with descriptor: 'android.hardware.media.bufferpool2.IAccessor'
04-10 09:04:26.488  1194 13137 D CCodecBufferChannel: [c2.android.vorbis.decoder#663] Created input block pool with allocatorID 16 => poolID 113 - OK (0)
04-10 09:04:26.488  1228  1372 D AidlBufferPool: bufferpool2 0xb400007cfaa4eaa8 : 0(0 size) total buffers - 0(0 size) used buffers - 52/56 (recycle/alloc) - 4/56 (fetch/transfer)
04-10 09:04:26.488  1228  1372 D AidlBufferPool: Destruction - bufferpool2 0xb400007cfaa4eaa8 cached: 0/0M, 0/0% in use; allocs: 56, 93% recycled; transfers: 56, 93% unfetched
04-10 09:04:26.489  1194 13137 I CCodecBufferChannel: [c2.android.vorbis.decoder#663] Created output block pool with allocatorID 16 => poolID 378 - OK
04-10 09:04:26.489  1194 13137 D CCodecBufferChannel: [c2.android.vorbis.decoder#663] Configured output block pool ids 378 => OK
04-10 09:04:26.489  1228  2752 E Codec2-ComponentInterface: We have a failed config
04-10 09:04:26.489  1228 13139 D SimpleC2Component: Using output block pool with poolID 378 => got 378 - 0
04-10 09:04:26.490  1228  1372 W mediaswcodec: AIBinder_linkToDeath is being called with a non-null cookie and no onUnlink callback set. Use AIBinder_DeathRecipient_setOnUnlinked to manage the lifetime of the cookie. This will become an abort.
04-10 09:04:26.490  1194 13137 W mediaserver: AIBinder_linkToDeath is being called with a non-null cookie and no onUnlink callback set. Use AIBinder_DeathRecipient_setOnUnlinked to manage the lifetime of the cookie. This will become an abort.
04-10 09:04:26.494  1194  2635 W mediaserver: AIBinder_linkToDeath is being called with a non-null cookie and no onUnlink callback set. Use AIBinder_DeathRecipient_setOnUnlinked to manage the lifetime of the cookie. This will become an abort.
04-10 09:04:26.494  1228 13139 W mediaswcodec: AIBinder_linkToDeath is being called with a non-null cookie and no onUnlink callback set. Use AIBinder_DeathRecipient_setOnUnlinked to manage the lifetime of the cookie. This will become an abort.
04-10 09:04:26.496  1008 15858 D AudioFlinger: Client defaulted notificationFrames to 12000 for frameCount 24000
04-10 09:04:26.496  1008 15858 I AF::PthrPatchRecord: creating track with enforcement level 0
04-10 09:04:26.511  1588  2673 D BackgroundInstallControlService: Package event received: 0
04-10 09:04:26.523   912  2326 D BTAudioSessionAidl: GetSupportedLatencyModes - Supported LatencyMode= LOW_LATENCY FREE
04-10 09:04:26.543  1008  2323 D DeviceHalAidl: [default] createAudioPatch: sources: 1 sinks 1
04-10 09:04:26.544  1008  2323 D Hal2AidlMapper: [default] createOrUpdatePatch: patch ID: 205, [disregard IDs] sources: [AudioPortConfig{id: 1, portId: 0, sampleRate: Int{value: 48000}, channelMask: AudioChannelLayout{layoutMask: 3}, format: AudioFormatDescription{type: PCM, pcm: FLOAT_32_BIT, encoding: }, gain: (null), flags: AudioIoFlags{output: 6}, ext: AudioPortExt{mix: AudioPortMixExt{handle: 13, usecase: AudioPortMixExtUseCase{stream: SYS_RESERVED_DEFAULT}, maxOpenStreamCount: 0, maxActiveStreamCount: 0, recommendedMuteDurationMs: 0}}}], sinks: [AudioPortConfig{id: 713, portId: 0, sampleRate: (null), channelMask: (null), format: (null), gain: (null), flags: (null), ext: AudioPortExt{device: AudioPortDeviceExt{device: AudioDevice{type: AudioDeviceDescription{type: OUT_DEVICE, connection: bt-a2dp}, address: AudioDeviceAddress{mac: [77, 51, 192, 116, 108, 67]}}, flags: 0, encodedFormats: [], encapsulationModes: 0, encapsulationMetadataTypes: 0, speakerLayout: (null)}}}]
04-10 09:04:26.544  1008  2323 D Hal2AidlMapper: [default] findOrCreatePortConfig: device port config does not have audio or gain config specified
04-10 09:04:26.544   912   952 I AHal::PortRouteManager: UpdateOrAddPatch: update patch 205, AudioPatch{id: 205, source: [400001/1: primary-playback], sink: [400232/300013: bluetooth-a2dp-device], min frames: 480, latencies: [140]}
04-10 09:04:26.544   912   952 D AHal::Router: UpdateOrAddPatch: updated activated config [400002]
04-10 09:04:26.544   912   952 I AHal::Router: InvalidateLocked: nothing change between graph #2606 and #2607
04-10 09:04:26.544   912 15904 I ASvc::StreamOut: getRecommendedLatencyModes: modes = [LOW, FREE]
04-10 09:04:26.544   912 15904 I StHal::SoundTriggerHal: ProcessStreamMetadata: active usage tracks: 0
04-10 09:04:26.544   912 15904 D BTAudioSessionAidl: GetSupportedLatencyModes - SessionType=LE_AUDIO_HARDWARE_OFFLOAD_ENCODING_DATAPATH has NO session
04-10 09:04:26.544   912 15904 D BTAudioSessionAidl: SetLatencyMode - SessionType=LE_AUDIO_HARDWARE_OFFLOAD_ENCODING_DATAPATH has NO session
04-10 09:04:26.544   912 15904 D BTAudioSessionAidl: GetSupportedLatencyModes - Supported LatencyMode= LOW_LATENCY FREE
04-10 09:04:26.544 14698 30335 I bluetooth-a2dp-ahal-aidl: system/audio_hal_interface/aidl/a2dp/a2dp_aidl_transport.cc:113 SetLatencyMode: latency_mode=FREE
04-10 09:04:26.544 14698 30335 I bluetooth-a2dp: system/btif/src/btif_av.cc:4164 btif_av_set_low_latency: active_peer=xx:xx:xx:xx:29:03 is_low_latency=false
04-10 09:04:26.544 14698 14737 I bluetooth-a2dp: system/btif/src/btif_av.cc:3181 btif_av_handle_event: peer=xx:xx:xx:xx:29:03 handle=0x0 event=BTIF_AV_SET_LATENCY_REQ_EVT(0x25)
04-10 09:04:26.544 14698 14737 I bluetooth-a2dp: system/btif/src/btif_av.cc:2555 ProcessEvent: state=Started peer=xx:xx:xx:xx:29:03 event=BTIF_AV_SET_LATENCY_REQ_EVT(0x25) flags=0x0(None) active_peer=true
04-10 09:04:26.544 14698 14737 I bluetooth-a2dp: system/btif/src/btif_av.cc:2742 ProcessEvent: Peer xx:xx:xx:xx:29:03 : event=BTIF_AV_SET_LATENCY_REQ_EVT(0x25) flags=0x0(None) is_low_latency=false
04-10 09:04:26.544 14698 14737 I bluetooth-a2dp: system/bta/av/bta_av_api.cc:612 BTA_AvSetLatency: Set audio/video stream low latency bta_handle:65, is_low_latency:false
04-10 09:04:26.544 14698 14737 I bt_l2cap: system/stack/l2cap/l2c_api.cc:1071 L2CA_SetAclLatency: BDA: xx:xx:xx:xx:29:03, latency: 0
04-10 09:04:26.544 14698 14737 I l2c_utils: system/stack/l2cap/l2c_utils.cc:2544 l2cu_set_acl_latency: Set ACL low latency: 0
04-10 09:04:26.544 14698 14751 I BluetoothAdapterService: getActiveDevices: A2dp device: XX:XX:XX:XX:6C:43
04-10 09:04:26.544  1008  2290 I SoundDoseManager: mapAddressToDeviceId: map address: 128 to device id: 713
04-10 09:04:26.544  1008  2290 I MelReporter: startMelComputationForActivePatch_l add stream 13 that uses device 713 for CSD, nr of streams: 3
04-10 09:04:26.545  1008  2293 W libbinder.IPCThreadState: Sending oneway calls to frozen process.
04-10 09:04:26.545  1008  2293 W libbinder.IPCThreadState: Sending oneway calls to frozen process.
04-10 09:04:26.545  1008  2293 W libbinder.IPCThreadState: Sending oneway calls to frozen process.
04-10 09:04:26.545  1008  2293 W libbinder.IPCThreadState: Sending oneway calls to frozen process.
04-10 09:04:26.545  1008  2293 W libbinder.IPCThreadState: Sending oneway calls to frozen process.
04-10 09:04:26.545  1008  2293 W libbinder.IPCThreadState: Sending oneway calls to frozen process.
04-10 09:04:26.545  1008  2293 W libbinder.IPCThreadState: Sending oneway calls to frozen process.
04-10 09:04:26.545  1008  2293 W libbinder.IPCThreadState: Sending oneway calls to frozen process.
04-10 09:04:26.545  1008  2293 W libbinder.IPCThreadState: Sending oneway calls to frozen process.
04-10 09:04:26.545  1008  2293 W libbinder.IPCThreadState: Sending oneway calls to frozen process.
04-10 09:04:26.553 13091 13091 D VRI[MainActivity]: WindowInsets changed: 1080x2364 statusBars:[0,159,0,0] navigationBars:[0,0,0,117] mandatorySystemGestures:[0,188,0,117] 
04-10 09:04:26.554 13091 13091 D WindowOnBackDispatcher: setTopOnBackInvokedCallback (unwrapped): android.view.ViewRootImpl$$ExternalSyntheticLambda25@7560290
04-10 09:04:26.554  1588  2995 D CoreBackPreview: Window{df9b1db u0 com.adamoutler.ssh/com.adamoutler.ssh.MainActivity}: Setting back callback OnBackInvokedCallbackInfo{mCallback=android.window.IOnBackInvokedCallback$Stub$Proxy@6b815a7, mPriority=0, mIsAnimationCallback=false, mOverrideBehavior=0}
04-10 09:04:26.570 13091 13091 W .adamoutler.ssh: Method boolean androidx.compose.runtime.snapshots.SnapshotStateList.conditionalUpdate(boolean, kotlin.jvm.functions.Function1) failed lock verification and will run slower.
04-10 09:04:26.570 13091 13091 W .adamoutler.ssh: Common causes for lock verification issues are non-optimized dex code
04-10 09:04:26.570 13091 13091 W .adamoutler.ssh: and incorrect proguard optimizations.
04-10 09:04:26.570 13091 13091 W .adamoutler.ssh: Method boolean androidx.compose.runtime.snapshots.SnapshotStateList.conditionalUpdate$default(androidx.compose.runtime.snapshots.SnapshotStateList, boolean, kotlin.jvm.functions.Function1, int, java.lang.Object) failed lock verification and will run slower.
04-10 09:04:26.571 13091 13091 W .adamoutler.ssh: Method java.lang.Object androidx.compose.runtime.snapshots.SnapshotStateList.mutate(kotlin.jvm.functions.Function1) failed lock verification and will run slower.
04-10 09:04:26.571 13091 13091 W .adamoutler.ssh: Method void androidx.compose.runtime.snapshots.SnapshotStateList.update(boolean, kotlin.jvm.functions.Function1) failed lock verification and will run slower.
04-10 09:04:26.571 13091 13091 W .adamoutler.ssh: Method void androidx.compose.runtime.snapshots.SnapshotStateList.update$default(androidx.compose.runtime.snapshots.SnapshotStateList, boolean, kotlin.jvm.functions.Function1, int, java.lang.Object) failed lock verification and will run slower.
04-10 09:04:26.610   480   480 D libnos_datagram: Calling App 0x02 with params 0x000a
04-10 09:04:26.636  1008 23026 D NativePermissionController: checkPermission: missing 13 for 10209
04-10 09:04:26.637  1588  3366 E AppOps  : attributionTag  not declared in manifest of com.android.systemui
04-10 09:04:26.638   912 15904 D AHal::UseCase: SetActiveTracks: update primary-playback active tracks(1)
04-10 09:04:26.638   912 15904 I StHal::SoundTriggerHal: ProcessStreamMetadata: active usage tracks: 0
04-10 09:04:26.638   912 15904 D BTAudioSessionAidl: GetSupportedLatencyModes - SessionType=LE_AUDIO_HARDWARE_OFFLOAD_ENCODING_DATAPATH has NO session
04-10 09:04:26.638   912 15904 D BTAudioSessionAidl: SetLatencyMode - SessionType=LE_AUDIO_HARDWARE_OFFLOAD_ENCODING_DATAPATH has NO session
04-10 09:04:26.638   912 15904 D BTAudioSessionAidl: GetSupportedLatencyModes - Supported LatencyMode= LOW_LATENCY FREE
04-10 09:04:26.638  1008 15135 D NativePermissionController: checkPermission: missing 13 for 10209
04-10 09:04:26.638  1588  3366 E AppOps  : attributionTag  not declared in manifest of com.android.systemui
04-10 09:04:26.638 14698 30335 I bluetooth-a2dp-ahal-aidl: system/audio_hal_interface/aidl/a2dp/a2dp_aidl_transport.cc:113 SetLatencyMode: latency_mode=FREE
04-10 09:04:26.638 14698 30335 I bluetooth-a2dp: system/btif/src/btif_av.cc:4164 btif_av_set_low_latency: active_peer=xx:xx:xx:xx:29:03 is_low_latency=false
04-10 09:04:26.638 14698 14737 I bluetooth-a2dp: system/btif/src/btif_av.cc:3181 btif_av_handle_event: peer=xx:xx:xx:xx:29:03 handle=0x0 event=BTIF_AV_SET_LATENCY_REQ_EVT(0x25)
04-10 09:04:26.638 14698 14737 I bluetooth-a2dp: system/btif/src/btif_av.cc:2555 ProcessEvent: state=Started peer=xx:xx:xx:xx:29:03 event=BTIF_AV_SET_LATENCY_REQ_EVT(0x25) flags=0x0(None) active_peer=true
04-10 09:04:26.638 14698 14737 I bluetooth-a2dp: system/btif/src/btif_av.cc:2742 ProcessEvent: Peer xx:xx:xx:xx:29:03 : event=BTIF_AV_SET_LATENCY_REQ_EVT(0x25) flags=0x0(None) is_low_latency=false
