--------- beginning of main
04-10 09:04:25.844   912  2326 D BTAudioSessionAidl: GetSupportedLatencyModes - Supported LatencyMode= LOW_LATENCY FREE
04-10 09:04:25.917  2721  2733 D RingtonePlayer: playAsync(uri=content://settings/system/notification_sound, user=UserHandle{-1})
04-10 09:04:25.918  2721  2733 D RingtonePlayer: play uri=content://settings/system/notification_sound
--------- beginning of system
04-10 09:04:25.920  1588  1588 V NotificationHistory: Attempted to add notif for locked/gone/disabled user 0
04-10 09:04:25.920  1588  2673 D BackgroundInstallControlService: Package event received: 0
04-10 09:04:25.924  2721 13077 D RingtonePlayer: RemoveFirst
04-10 09:04:25.924  2721 13077 D RingtonePlayer: PLAY
04-10 09:04:25.924  2721 13077 D RingtonePlayer: startSound()
04-10 09:04:25.925  2721 13078 D RingtonePlayer: in run: new looper Looper (Thread-77, tid 775) {5174723}
04-10 09:04:25.943  4808  5585 I AiAiEcho: SmartspaceNotificationPredictor no parser can handle this notification or notification is invalid
04-10 09:04:25.945  1194  2635 D NuPlayerDriver: NuPlayerDriver(0xb4000070094f80d0) created, clientPid(2721)
04-10 09:04:25.946  1194  2635 I HidlServiceManagement: Trying to get transport of android.hardware.media.omx@1.0::IOmx/default without hwservicemanager
04-10 09:04:25.946  1194  2635 D MediaPlayerService: OMX service is not available
04-10 09:04:25.949  3324 13068 W NearbyFastPair: Process 1027 android.uid.nfc:1027 has 2 packageNames [CONTEXT service_id=265 ]
04-10 09:04:25.949  3324 13068 W NearbyFastPair: Process 1000 android.uid.system:1000 has 17 packageNames [CONTEXT service_id=265 ]
04-10 09:04:25.950  1194  2635 W mediaserver: AIBinder_linkToDeath is being called with a non-null cookie and no onUnlink callback set. Use AIBinder_DeathRecipient_setOnUnlinked to manage the lifetime of the cookie. This will become an abort.
04-10 09:04:25.950  1194  2635 W mediaserver: AIBinder_linkToDeath is being called with a non-null cookie and no onUnlink callback set. Use AIBinder_DeathRecipient_setOnUnlinked to manage the lifetime of the cookie. This will become an abort.
04-10 09:04:25.950  1194  2635 W mediaserver: AIBinder_linkToDeath is being called with a non-null cookie and no onUnlink callback set. Use AIBinder_DeathRecipient_setOnUnlinked to manage the lifetime of the cookie. This will become an abort.
04-10 09:04:25.955  1194 13082 D GenericSource: FileSource remote
04-10 09:04:25.967  2721 13078 D RingtonePlayer: requesting AudioFocus
04-10 09:04:25.969  1588  3863 I MediaFocusControl: requestAudioFocus() from uid/pid 10248/2721 AA=USAGE_NOTIFICATION/CONTENT_TYPE_SONIFICATION clientId=android.media.AudioManager@9f13281 callingPack=com.android.systemui req=3 flags=0x0 sdk=36
04-10 09:04:25.970  1588  3863 V AS.PlaybackActivityMon: not ducking player 3271 uid:10209 pid:6953 due to type:AAudio
04-10 09:04:25.970  1588  3863 I AS.FadeOutManager: unfadeOutUid() uid:10248
04-10 09:04:25.970  6953  6953 I AudioManager: dispatching onAudioFocusChange(-3) to android.media.AudioManager@59382fdorg.chromium.content.browser.AudioFocusDelegate@bf78525
04-10 09:04:25.970  2721 13078 D RingtonePlayer: notification will be delayed by 500ms
04-10 09:04:26.001  2721  2721 D LocalImageResolver: Couldn't use ImageDecoder for drawable, falling back to non-resized load.
04-10 09:04:26.030  2721  2721 D LocalImageResolver: Couldn't use ImageDecoder for drawable, falling back to non-resized load.
04-10 09:04:26.034  2721  2721 W TouchableRegionManager: onHeadsUpPinnedModeChanged
04-10 09:04:26.036  2721  2721 D WindowOnBackDispatcher: setTopOnBackInvokedCallback (unwrapped): com.android.systemui.back.domain.interactor.BackActionInteractor$callback$2@3dc5744
04-10 09:04:26.037  1588  5026 D CoreBackPreview: Window{492d6de u0 NotificationShade}: Setting back callback OnBackInvokedCallbackInfo{mCallback=android.window.IOnBackInvokedCallback$Stub$Proxy@2865636, mPriority=0, mIsAnimationCallback=false, mOverrideBehavior=0}
04-10 09:04:26.040  2721  2820 D ShadeStatusBarComponentsInteractor#disableFlagsInteractor: newValue: DisableFlagsModel(disable1=0, disable2=0, animate=true)
04-10 09:04:26.043  1177  2527 W libbinder.IPCThreadState: Sending oneway calls to frozen process.
04-10 09:04:26.043  1177  2527 W libbinder.IPCThreadState: Sending oneway calls to frozen process.
04-10 09:04:26.043  1177  2527 W libbinder.IPCThreadState: Sending oneway calls to frozen process.
04-10 09:04:26.043  1177  2527 W libbinder.IPCThreadState: Sending oneway calls to frozen process.
04-10 09:04:26.043  1177  2527 W libbinder.IPCThreadState: Sending oneway calls to frozen process.
04-10 09:04:26.043  1177  2527 W libbinder.IPCThreadState: Sending oneway calls to frozen process.
04-10 09:04:26.044  1177  2527 W libbinder.IPCThreadState: Sending oneway calls to frozen process.
04-10 09:04:26.044  1177  2527 W libbinder.IPCThreadState: Sending oneway calls to frozen process.
04-10 09:04:26.044  1177  2527 W libbinder.IPCThreadState: Sending oneway calls to frozen process.
04-10 09:04:26.044  1177  2527 W libbinder.IPCThreadState: Sending oneway calls to frozen process.
04-10 09:04:26.044  1177  2527 W libbinder.IPCThreadState: Sending oneway calls to frozen process.
04-10 09:04:26.045  1177  2527 W libbinder.IPCThreadState: Sending oneway calls to frozen process.
04-10 09:04:26.045  1177  2527 W libbinder.IPCThreadState: Sending oneway calls to frozen process.
04-10 09:04:26.045  1177  2527 W libbinder.IPCThreadState: Sending oneway calls to frozen process.
04-10 09:04:26.049  1177  2527 W libbinder.IPCThreadState: Sending oneway calls to frozen process.
04-10 09:04:26.049  1177  2527 W libbinder.IPCThreadState: Sending oneway calls to frozen process.
04-10 09:04:26.049  1177  2527 W libbinder.IPCThreadState: Sending oneway calls to frozen process.
04-10 09:04:26.049  1177  2527 W libbinder.IPCThreadState: Sending oneway calls to frozen process.
04-10 09:04:26.049  1177  2527 W libbinder.IPCThreadState: Sending oneway calls to frozen process.
04-10 09:04:26.049  1177  2527 W libbinder.IPCThreadState: Sending oneway calls to frozen process.
04-10 09:04:26.049  1177  2527 W libbinder.IPCThreadState: Sending oneway calls to frozen process.
04-10 09:04:26.050  2721  2721 D LockscreenSmartspaceController: notifySmartspaceEvent: SmartspaceTargetEvent{mSmartspaceTarget=null, mSmartspaceActionId='null', mEventType=6}
04-10 09:04:26.054  4808  5160 I AiAiEcho: (REDACTED) %s No tracked ambient data found for ID: %s; for event type: %d, skipping event processing.
04-10 09:04:26.057  1588  1777 I ImeTracker: system_server:637e4d0f: onRequestShow at ORIGIN_SERVER reason CONTROLS_CHANGED fromUser false displayId 0
04-10 09:04:26.058  6953  6953 I ImeTracker: system_server:637e4d0f: onCancelled at PHASE_CLIENT_ON_CONTROLS_CHANGED
04-10 09:04:26.066  2721  2721 D DeviceEntryIconViewBinder: Initializing device entry fgIconView
04-10 09:04:26.073  1588  5026 D BiometricService: canAuthenticate: User=0, Caller=0, Authenticators=255
04-10 09:04:26.074  1588  5026 D BiometricService/PreAuthInfo: Package: com.android.systemui Sensor ID: 42 Modality: 8 User id: 0 Status: 7
04-10 09:04:26.074  1588  5026 D BiometricService/PreAuthInfo: Package: com.android.systemui Sensor ID: 0 Modality: 2 User id: 0 Status: 1
04-10 09:04:26.076  1588  5026 D BiometricService/PreAuthInfo: getCanAuthenticateInternal Modality: 2 AuthenticatorStatus: 1
04-10 09:04:26.076  1588  5026 D AuthService: canAuthenticate, userId: 0, callingUserId: 0, authenticators: 255, result: 0
04-10 09:04:26.084   912  2326 D BTAudioSessionAidl: GetSupportedLatencyModes - Supported LatencyMode= LOW_LATENCY FREE
04-10 09:04:26.091  1588  3863 D SystemServerTiming: getUserSwitchability-0
04-10 09:04:26.092  1588  3863 D SystemServerTiming: TM.isInCall
04-10 09:04:26.092  1588  5004 D SystemServerTiming: getUserSwitchability-0
04-10 09:04:26.092  1588  5004 D SystemServerTiming: TM.isInCall
04-10 09:04:26.094  1588  3863 D SystemServerTiming: hasUserRestriction-DISALLOW_USER_SWITCH
04-10 09:04:26.094  1588  5004 D SystemServerTiming: hasUserRestriction-DISALLOW_USER_SWITCH
04-10 09:04:26.094  1588  3863 D SystemServerTiming: getInt-ALLOW_USER_SWITCHING_WHEN_SYSTEM_USER_LOCKED
04-10 09:04:26.094  1588  5004 D SystemServerTiming: getInt-ALLOW_USER_SWITCHING_WHEN_SYSTEM_USER_LOCKED
04-10 09:04:26.094  1588  3863 D SystemServerTiming: isUserUnlocked-USER_SYSTEM
04-10 09:04:26.094  1588  5004 D SystemServerTiming: isUserUnlocked-USER_SYSTEM
04-10 09:04:26.101  1588  5004 W ActivityTaskManager: callingPackage for (uid=2000, pid=13085) has no WPC
04-10 09:04:26.101  2721  2721 D DLObserver: add listener: com.android.systemui.dock.DockManagerExtensionsKt$retrieveIsDocked$1$callback$1@6108591
04-10 09:04:26.102  2721  2721 D DLObserver: add listener: com.android.systemui.dock.DockManagerExtensionsKt$retrieveIsDocked$1$callback$1@ce13cf6
04-10 09:04:26.102  2721  2721 D DLObserver: onDockEvent mDockState = 0
04-10 09:04:26.102  2721  2721 D DLObserver: onDockEvent mDockState = 0
04-10 09:04:26.102  2721  2721 D DLObserver: add listener: com.android.systemui.dock.DockManagerExtensionsKt$retrieveIsDocked$1$callback$1@8be18f7
04-10 09:04:26.103  2721  2721 D DLObserver: add listener: com.android.systemui.dock.DockManagerExtensionsKt$retrieveIsDocked$1$callback$1@a961364
04-10 09:04:26.103  2721  2721 D DeviceEntryIconViewBinder: Updating device entry icon image state ForegroundIconViewModel(type=LOCK, useAodVariant=false, tint=-2170126, padding=48)
04-10 09:04:26.103  2721  2721 D DLObserver: add listener: com.android.systemui.dock.DockManagerExtensionsKt$retrieveIsDocked$1$callback$1@f26e9cd
04-10 09:04:26.103  2721  2721 D DLObserver: onDockEvent mDockState = 0
04-10 09:04:26.103  2721  2721 D DLObserver: add listener: com.android.systemui.dock.DockManagerExtensionsKt$retrieveIsDocked$1$callback$1@5c3282
04-10 09:04:26.103  2721  2721 D DLObserver: onDockEvent mDockState = 0
04-10 09:04:26.103  2721  2816 D ControlsListingControllerImpl: Subscribing callback, service count: 2
04-10 09:04:26.105  2721  2816 D ControlsListingControllerImpl: Subscribing callback, service count: 2
04-10 09:04:26.108  1588  5004 V GrammaticalInflectionUtils: AttributionSource: android.content.AttributionSource@4db6b992 does not have READ_SYSTEM_GRAMMATICAL_GENDER permission.
04-10 09:04:26.111 22953 22953 D RecentsView: onTaskDisplayChanged: 769, new displayId = 0
04-10 09:04:26.112  2721  2721 D DLObserver: onDockEvent mDockState = 0
04-10 09:04:26.112  2721  2721 D DLObserver: onDockEvent mDockState = 0
04-10 09:04:26.113  2721  2816 D ControlsListingControllerImpl: Subscribing callback, service count: 2
04-10 09:04:26.115  2721  2751 D Bubbles : BubbleTaskStackListener.onTaskMovedToFront(): taskId=769
04-10 09:04:26.115  1588  5004 V ActivityTaskManager: TaskLaunchParamsModifier: phase=3 task=Task{8b8284b #769 type=standard A=10385:com.adamoutler.ssh} activity=ActivityRecord{38757658 u0 com.adamoutler.ssh/.MainActivity t-1} display-from-task=0 display-id=0 task-display-area-windowing-mode=1 suggested-display-area=DefaultTaskDisplayArea@72049168 inherit-from-task=fullscreen non-freeform-task-display-area display-area=DefaultTaskDisplayArea@72049168 skip-bounds-fullscreen
04-10 09:04:26.115  1588  5004 I ActivityTaskManager: START u0 {flg=0x10000000 xflg=0x5 cmp=com.adamoutler.ssh/.MainActivity} with LAUNCH_MULTIPLE from uid 2000 (com.android.shell) (BAL_ALLOW_PERMISSION) result code=0
04-10 09:04:26.116  2721  2751 V WindowManagerShell: Transition requested (#985): android.os.BinderProxy@8d24339 TransitionRequestInfo { type = OPEN, triggerTask = TaskInfo{userId=0 taskId=769 effectiveUid=10385 displayId=0 isRunning=true baseIntent=Intent { flg=0x10000000 cmp=com.adamoutler.ssh/.MainActivity } baseActivity=ComponentInfo{com.adamoutler.ssh/com.adamoutler.ssh.MainActivity} topActivity=ComponentInfo{com.adamoutler.ssh/com.adamoutler.ssh.MainActivity} origActivity=null realActivity=ComponentInfo{com.adamoutler.ssh/com.adamoutler.ssh.MainActivity} realActivityIsAppLockEnabled=false numActivities=1 lastActiveTime=123366706 supportsMultiWindow=true resizeMode=1 isResizeable=true minWidth=-1 minHeight=-1 defaultMinSize=220 token=WCT{android.os.BinderProxy@9182d7e} topActivityType=1 pictureInPictureParams=null shouldDockBigOverlays=false launchIntoPipHostTaskId=-1 lastParentTaskIdBeforePip=-1 displayCutoutSafeInsets=Rect(0, 159 - 0, 0) topActivityInfo=ActivityInfo{a9bf2df com.adamoutler.ssh.MainActivity} launchCookies=[] positionInParent=Point(0, 0) parentTaskId=-1 isFocused=false isVisible=false isVisibleRequested=false isTopActivityNoDisplay=false isSleeping=false locusId=null displayAreaFeatureId=1 isTopActivityTransparent=false isActivityStackTransparent=false lastNonFullscreenBounds=null leafTaskBoundsFromOptions= false capturedLink=null capturedLinkTimestamp=0 requestedVisibleTypes=503 topActivityRequestOpenInBrowserEducationTimestamp=0 appCompatTaskInfo=AppCompatTaskInfo { topActivityInSizeCompat=false isLeafTask= true eligibleForLetterboxEducation= false isLetterboxEducationEnabled= false isLetterboxDoubleTapEnabled= false eligibleForUserAspectRatioButton= false topActivityBoundsLetterboxed= false isFromLetterboxDoubleTap= false topActivityLetterboxVerticalPosition= -1 topActivityLetterboxHorizontalPosition= -1 topActivityLetterboxWidth=-1 topActivityLetterboxHeight=-1 topActivityAppBounds=Rect(0, 159 - 1080, 2247) isUserFullscreenOverrideEnabled=false isSystemFullscreenOverrideEnabled=false hasMinAspectRatioOverride=false topActivityLetterboxBounds=null topNonResizableActivityAspectRatio=-1.0} topActivityMainWindowFrame=null isAppBubble=false}, pipChange = null, remoteTransitionInfo = null, displayChange = null, requestedLocation = null, userChange = null, windowingLayerChange = null, fullscreenRequestChange = null, flags = 0, debugId = 985 }
04-10 09:04:26.116  2721  2751 W DisplayDisconnectTransitionHandler: No disconnect change found in the transition, not handling request.
04-10 09:04:26.116  2721  2751 D ShellSplitScreen: logExit: no-op, mLoggerSessionId is null
04-10 09:04:26.116  2721  2751 V ShellDesktopMode: DesktopTasksController: skipping handleRequest reason=triggerTask's display doesn't support desktop mode
04-10 09:04:26.116  6953  6953 I ImeTracker: com.android.chrome:5f55bf7c: onRequestHide at ORIGIN_CLIENT reason HIDE_SOFT_INPUT fromUser false userId 0 displayId 0
04-10 09:04:26.116  6953  6953 D InsetsController: hide(ime())
04-10 09:04:26.117  6953  6953 D WindowOnBackDispatcher: setTopOnBackInvokedCallback (unwrapped): ivg@5d4ade7
04-10 09:04:26.117  6953  6953 D InsetsController: Setting requestedVisibleTypes to 503 (was 511)
04-10 09:04:26.118  1588  5016 D CoreBackPreview: Window{5735362 u0 com.android.chrome/org.chromium.chrome.browser.webapps.SameTaskWebApkActivity}: Setting back callback OnBackInvokedCallbackInfo{mCallback=android.window.IOnBackInvokedCallback$Stub$Proxy@d0c48d4, mPriority=0, mIsAnimationCallback=true, mOverrideBehavior=0}
04-10 09:04:26.118  1588  1776 V GrammaticalInflectionUtils: AttributionSource: android.content.AttributionSource@4db6b992 does not have READ_SYSTEM_GRAMMATICAL_GENDER permission.
04-10 09:04:26.119  2721  2751 D ShellDesktopMode: DesktopRepository: Removes freeform task: taskId=763
04-10 09:04:26.119  2721  2751 W ShellDesktopMode: DesktopRepository: No display id found for task: taskId=763
04-10 09:04:26.119  6953  6953 I cr_VideoPersist: Attempted picture-in-picture with result: failure
04-10 09:04:26.119  1588  5016 I ImeTracker: system_server:5926c974: onRequestShow at ORIGIN_SERVER reason IME_REQUESTED_CHANGED_LISTENER fromUser false displayId 0
04-10 09:04:26.119 22953 22953 D b/417220811: invalidateLoadedTasks - previous requestLoadId: -1
04-10 09:04:26.119 22953 22953 D b/417220811: invalidateLoadedTasks - previous requestLoadId: -1
04-10 09:04:26.120  2721  2751 D Bubbles : BubbleController.BubblesImeListener.onImeVisibilityChanged visible=false runnable=null stackView=null
04-10 09:04:26.121  3664  4143 I twoshay.TouchContextService: Got new packet! ContextPacket{orientation: PORTRAIT, audioMode: NORMAL, adaptiveTouchSensitivity: ON, screenProtectorMode: OFF, imeState: ImeState{displayId: 0, visible: false, top: 0, left: 0, bottom: 0, right: 0}, audioDeviceInfo: TYPE_UNKNOWN}
04-10 09:04:26.125  2721  2792 D WindowOnBackDispatcher: setTopOnBackInvokedCallback (unwrapped): android.view.ViewRootImpl$$ExternalSyntheticLambda25@5872a65
04-10 09:04:26.126  1588  1776 I ImeTracker: system_server:5926c974: onCancelled at PHASE_SERVER_ALREADY_VISIBLE
04-10 09:04:26.126  1588  5016 D CoreBackPreview: Window{201febe u0 Splash Screen com.adamoutler.ssh}: Setting back callback OnBackInvokedCallbackInfo{mCallback=android.window.IOnBackInvokedCallback$Stub$Proxy@a27de6c, mPriority=0, mIsAnimationCallback=false, mOverrideBehavior=0}
04-10 09:04:26.127  3622  3622 I GoogleInputMethodService: GoogleInputMethodService.onStartInput():1444 onStartInput(EditorInfo{EditorInfo{packageName=com.android.chrome, inputType=0, inputTypeString=NULL, enableLearning=false, autoCorrection=false, autoComplete=false, imeOptions=12000000, privateImeOptions=null, actionName=UNSPECIFIED, actionLabel=null, initialSelStart=-1, initialSelEnd=-1, initialCapsMode=0, label=null, fieldId=0, fieldName=null, extras=null, hintText=null, hintLocales=[]}}, true)
04-10 09:04:26.127  3622  3622 W SessionManager: SessionManager.beginSession():53 Try to begin an already begun session [INPUT_SESSION], end it first
04-10 09:04:26.127  3622  3622 W SessionManager: SessionManager.endSession():96 Child session [INPUT_VIEW_SESSION] is not ended while ending session [{INPUT_SESSION=1775826238799, INPUT_VIEW_SESSION=1775826238802, IME_SESSION=1775826238802, TRAINING_CACHE_SESSION=1775826238802}], ending it now.
04-10 09:04:26.127  3622  3622 W SessionManager: SessionManager.endSession():96 Child session [IME_SESSION] is not ended while ending session [{INPUT_SESSION=1775826238799, INPUT_VIEW_SESSION=1775826238802, IME_SESSION=1775826238802, TRAINING_CACHE_SESSION=1775826238802}], ending it now.
04-10 09:04:26.127  3622  3622 I AndroidIME: LatinIMEBase.updateInputViewCoverNavigation():321 Update input view padding, isNavbarOverInputWindow=true, bottom inset=117
04-10 09:04:26.127  3622  3622 I Module  : DeviceLockedStatusModuleProvider$Module.updateDeviceLockedStatus():103 repeatCheckTimes = 1, locked = false
04-10 09:04:26.127  5066  5066 I DcNotificationSync: Notification removed sbn StatusBarNotification(pkg=com.android.chrome user=UserHandle{0} id=5 tag=null key=0|com.android.chrome|5|null|10209: Notification(channel=webapp_actions shortcut=null contentView=null vibrate=null sound=null defaults=0 flags=ONGOING_EVENT color=0x00000000 actions=2 vis=PRIVATE)), reason: 8, sbnCancelByRemote size: 0
04-10 09:04:26.127  3622  3622 I GoogleInputMethodService: GoogleInputMethodService.onStartInputView():1530 onStartInputView(EditorInfo{EditorInfo{packageName=com.android.chrome, inputType=0, inputTypeString=NULL, enableLearning=false, autoCorrection=false, autoComplete=false, imeOptions=12000000, privateImeOptions=null, actionName=UNSPECIFIED, actionLabel=null, initialSelStart=-1, initialSelEnd=-1, initialCapsMode=0, label=null, fieldId=0, fieldName=null, extras=null, hintText=null, hintLocales=[]}}, true)
04-10 09:04:26.128  3622  3622 I InputBundle: InputBundle.consumeEvent():1041 Skip consuming an event as keyboard status is INACTIVE
04-10 09:04:26.128  5066  5066 I DcNotificationSync: Skipping launch timer because timer is running
04-10 09:04:26.128  1588  4978 W PackageConfigPersister: App-specific configuration not found for packageName: com.android.chrome and userId: 0
04-10 09:04:26.128  1588  1777 I ImeTracker: system_server:9397183d: onRequestShow at ORIGIN_SERVER reason CONTROLS_CHANGED fromUser false displayId 0
04-10 09:04:26.128  3622  3622 I AndroidIME: AbstractIme.onDeactivate():213 LatinIme.onDeactivate()
04-10 09:04:26.128  3622  3622 W SessionManager: SessionManager.endSession():88 Try to end a not begun session [IME_SESSION].
04-10 09:04:26.128  3622  3622 I KeyboardHeightUtil: KeyboardHeightUtil.getOemKeyboardHeightRatio():81 systemKeyboardHeightRatio:1.000000.
04-10 09:04:26.129  3622  3840 I NebulaeTrainingCacheMetricsProcessor: NebulaeTrainingCacheMetricsProcessor.processEndSession():659 End training cache session: com.android.chrome_2130775499/
04-10 09:04:26.131  3622  3840 E UserFeatureCache: UserFeatureCache.getStore():760 Wrong feature id provided -1 for protobuf afca.
04-10 09:04:26.131  3622  3840 E UserFeatureCache: UserFeatureCache.getProto():684 Feature not enabled should not called: 19
04-10 09:04:26.133   891   891 D Zygote  : Forked child process 13091
04-10 09:04:26.134  6953  6953 D VRI[SameTaskWebApkActivity]: WindowInsets changed: ime:null 
04-10 09:04:26.136  6953  6953 I ImeTracker: system_server:9397183d: onCancelled at PHASE_CLIENT_ON_CONTROLS_CHANGED
04-10 09:04:26.137  3622  3622 I InputContextChangeTracker: InputContextChangeTracker.fixLyingSelectionRangeFromSurroundingText():1678 fixLyingSelectionRangeFromSurroundingText(): [-1, -1]([-1, -1]) -> [0, 0]([0, 0])
04-10 09:04:26.137  3622  3622 I AndroidIME: InputBundleManager.loadActiveInputBundleId():531 loadActiveInputBundleId: und-Latn-x-password, password
04-10 09:04:26.137  3622  3622 I AndroidIME: AbstractIme.onActivate():95 PasswordIme.onActivate() : EditorInfo = EditorInfo{packageName=com.android.chrome, inputType=0, inputTypeString=NULL, enableLearning=false, autoCorrection=false, autoComplete=false, imeOptions=12000000, privateImeOptions=null, actionName=UNSPECIFIED, actionLabel=null, initialSelStart=-1, initialSelEnd=-1, initialCapsMode=0, label=null, fieldId=0, fieldName=null, extras=null, hintText=null, hintLocales=[]}, IncognitoMode = false, DeviceLocked = false
04-10 09:04:26.137  3622  3622 I KeyboardWrapper: KeyboardWrapper.activateKeyboard():582 activateKeyboard(): type=prime, status=INACTIVE, imeDef=abyj{stringId=password, language=und-Latn-x-password, languageTag=und-Latn-x-password, processedConditions={writing_helper_enable_by_word_revert=true, variant=qwerty, true=true, language=en-US, enable_number_row=true, device=phone, enable_number_row_in_password=true, enable_pk_simulator=false}, className=com.google.android.libraries.inputmethod.ime.password.PasswordIme, label=2132019346, keyEventInterpreter=null, inlineComposing=true, autoCapital=true, announceAutoSelectedCandidate=true, statusIcon=0, indicatorIcon=0, indicatorLabel=null, displayAppCompletions=false, extraValues=abxz{}, processors=acay@fe5ba2a, unacceptableMetaKeys=4098, languageSpecificSettings=0, asciiCapable=false, alwaysShowSuggestions=false, useAsciiPasswordKeyboard=false, keyboardGroupDef=acad@744eeb3, phenotypeFlagId=0, localizationLanguageTag=null, supportsInlineSuggestion=false}
04-10 09:04:26.137  3622  3622 I KeyboardManager: KeyboardManager.requestKeyboard():249 Creating keyboard prime, imeId=password, cacheKey=theme,!gsf,!pgsf,!use_system_font,BORDER,FLAVOR_DPI=XXHDPI,KEYBOARD_WIDTH_CATEGORY=NORMAL,KEY_BORDER_SHAPE=1,LIGHT_THEME=false,PHYSICAL_DIAGONAL=6.295603,POPUP,SCREEN_SHORTEST_WIDTH=443,SCREEN_SHORTEST_WIDTH_NO_SCALE=443,SW400DP,XXHDPI,bottom4dp,enable_popup_on_keypress=true,keyboard_height_48_mm,non_linear_scale,noshadow,overlay_builtin_dynamic_color_dark_base.binarypb:gm3-dark-ff0e0e0f-ffc2c6d6-50e5e33af8dea09b23627b75f5894c20,pgsans,silkpopup
04-10 09:04:26.137  3622  3622 I KeyboardWrapper: KeyboardWrapper.onKeyboardReady():224 onKeyboardReady(): type=prime(prime), kb=com.google.android.apps.inputmethod.latin.keyboard.LatinPasswordKeyboard@24983b2
04-10 09:04:26.137  3622  3622 I KeyboardWrapper: KeyboardWrapper.doActivateKeyboard():612 doActivateKeyboard(): prime
04-10 09:04:26.138  1588  2673 D BackgroundInstallControlService: Package event received: 0
04-10 09:04:26.138  3622  3622 I BaseKeyboardSizeHelper: BaseKeyboardSizeHelper.calculateMaxKeyboardBodyHeight():73 leave 261 height for app when ime window height:2088, header height:117 and isFullscreenMode:false, so the max keyboard body height is:1710
04-10 09:04:26.138  3622  3622 W TooltipLifecycleManager: TooltipLifecycleManager.dismissTooltips():153 Tooltip with id undo_access_point_promotion_banner not found in tooltipManager.
04-10 09:04:26.138  2721  2733 V WindowManagerShell: onTransitionReady(transaction=6820408214582)
04-10 09:04:26.138  2721  2751 V WindowManagerShell: onTransitionReady (#985) android.os.BinderProxy@8d24339: {id=985 t=OPEN f=0x0 trk=0 r=[0@Point(0, 0)] c=[
04-10 09:04:26.138  2721  2751 V WindowManagerShell:         {m=OPEN f=NONE leash=Surface(name=Task=769#10376)/@0x5cd3d63 sb=Rect(0, 0 - 1080, 2364) eb=Rect(0, 0 - 1080, 2364) epz=Point(1080, 2364) d=0 taskParent=-1 winMode=1 userId=0},
04-10 09:04:26.138  2721  2751 V WindowManagerShell:         {m=TO_BACK f=NONE leash=Surface(name=Task=740#4363)/@0xea97d60 sb=Rect(0, 0 - 1080, 2364) eb=Rect(0, 0 - 1080, 2364) epz=Point(1080, 2364) d=0 taskParent=-1 winMode=1 userId=0}
04-10 09:04:26.138  2721  2751 V WindowManagerShell:     ]}
04-10 09:04:26.139  2721  2751 V ShellDesktopMode: DesktopModeLogger: taskInfo map after processing changes 0
04-10 09:04:26.139  2721  2751 D ShellDesktopMode: DesktopTaskChangeListener: onTaskMovingToBack for taskId=740, displayId=0 - desktop not supported
04-10 09:04:26.139  2721  2751 D ShellDesktopMode: DesktopTaskChangeListener: onTaskOpening for taskId=769, displayId=0 userId=0 currentUserId=0 parentTaskId=-1 isFreeform=false isActive=false isPinned=false
04-10 09:04:26.139  2721  2751 D ShellDesktopMode: DesktopTaskChangeListener: onTaskOpening for taskId=769, displayId=0 - desktop not supported
04-10 09:04:26.139  3622  3840 I OnDeviceWmrCalculator: OnDeviceWmrCalculator.calculateWmr():94 WMR: 0.0000 (0 / 1)
04-10 09:04:26.139  2721  2751 V WindowManagerShell: Playing animation for (#985) android.os.BinderProxy@8d24339@0
04-10 09:04:26.139  3622  3622 I KeyboardModeUtils: KeyboardModeUtils.getKeyboardBottomOffset():432 inch: 0.350000 ydpi: 408.472992 adjustKeyboardBottomByDisplaySize: false currentDensityDpi: 390 defaultDensityDpi: 390 keyboardBottomToScreenPx: 142 keyboardBottomToNavBarPx: 25 navBarHeight: 117
04-10 09:04:26.139  2721  2751 D ShellSplitScreen: startAnimation: transition=985 isSplitActive=false
04-10 09:04:26.139  2721  2751 V ShellRecents: RecentsTransitionHandler.startAnimation: no controller found
04-10 09:04:26.139  2721  2751 V ShellDesktopMode: DesktopMixedTransitionHandler: No pending desktop transition
04-10 09:04:26.139  3622  3622 I BaseKeyboardSizeHelper: BaseKeyboardSizeHelper.calculateMaxKeyboardBodyHeight():73 leave 261 height for app when ime window height:2088, header height:117 and isFullscreenMode:false, so the max keyboard body height is:1710
04-10 09:04:26.139  2721  2751 V WindowManagerShell: Transition doesn't have explicit remote, search filters for match for {id=985 t=OPEN f=0x0 trk=0 r=[0@Point(0, 0)] c=[{m=OPEN f=NONE leash=Surface(name=Task=769#10376)/@0x5cd3d63 sb=Rect(0, 0 - 1080, 2364) eb=Rect(0, 0 - 1080, 2364) epz=Point(1080, 2364) d=0 taskParent=-1 winMode=1 userId=0},{m=TO_BACK f=NONE leash=Surface(name=Task=740#4363)/@0xea97d60 sb=Rect(0, 0 - 1080, 2364) eb=Rect(0, 0 - 1080, 2364) epz=Point(1080, 2364) d=0 taskParent=-1 winMode=1 userId=0}]}
04-10 09:04:26.139  3622  3622 I BaseKeyboardSizeHelper: BaseKeyboardSizeHelper.calculateMaxKeyboardBodyHeight():73 leave 261 height for app when ime window height:2088, header height:117 and isFullscreenMode:false, so the max keyboard body height is:1710
04-10 09:04:26.139  3622  3622 I AndroidIME: KeyboardViewManager.updateKeyboardBottomFrame():489 Set bottomFrameHeight = 25 while holderPaddingBottom = 25; navigationHeight = 117
04-10 09:04:26.139  2721  2751 V WindowManagerShell:  Checking filter Pair{{types=[] flags=0x0] notFlags=0x0 checks=[{atype=undefined independent=true modes=[CLOSE,TO_BACK] flags=IN_TASK_WITH_EMBEDDED_ACTIVITY mustBeTask=false order=ANY topActivity=null launchCookie=null taskFragmentToken=android.os.BinderProxy@1f76083 windowingMode=undefined isCrossDisplayMove=false}]} RemoteTransition { remoteTransition = android.window.IRemoteTransition$Stub$Proxy@e0e3200, appThread = android.app.IApplicationThread$Stub$Proxy@b477a39, debugName = overlayBackTransition, filter = null }}
04-10 09:04:26.139  3622  3622 I BaseKeyboardSizeHelper: BaseKeyboardSizeHelper.calculateMaxKeyboardBodyHeight():73 leave 261 height for app when ime window height:2088, header height:117 and isFullscreenMode:false, so the max keyboard body height is:1710
04-10 09:04:26.139  3622  3622 I BaseKeyboardSizeHelper: BaseKeyboardSizeHelper.calculateMaxKeyboardBodyHeight():73 leave 261 height for app when ime window height:2088, header height:117 and isFullscreenMode:false, so the max keyboard body height is:1710
04-10 09:04:26.139  2721  2751 V WindowManagerShell:  Checking filter Pair{{types=[] flags=0x0] notFlags=0x0 checks=[{atype=dream independent=true modes=[OPEN,TO_FRONT] flags=NONE mustBeTask=false order=ANY topActivity=null launchCookie=null windowingMode=undefined isCrossDisplayMove=false},{atype=home independent=true modes=[CLOSE,TO_BACK] flags=NONE mustBeTask=false order=ANY topActivity=null launchCookie=null windowingMode=undefined isCrossDisplayMove=false}]} RemoteTransition { remoteTransition = android.window.IRemoteTransition$Stub$Proxy@5c2987e, appThread = android.app.IApplicationThread$Stub$Proxy@dc581df, debugName = LauncherToDream, filter = null }}
04-10 09:04:26.139  2721  2751 V WindowManagerShell:  Checking filter Pair{{types=[] flags=0x0] notFlags=0x0 checks=[{atype=standard independent=false modes=[CHANGE] flags=NONE mustBeTask=true order=ANY topActivity=null launchCookie=null windowingMode=undefined isCrossDisplayMove=true}]} RemoteTransition { remoteTransition = android.window.IRemoteTransition$Stub$Proxy@c246e2c, appThread = android.app.IApplicationThread$Stub$Proxy@71c80f5, debugName = QuickstepDisplayMove, filter = null }}
04-10 09:04:26.139  2721  2751 V WindowManagerShell:  Checking filter Pair{{types=[] flags=0x0] notFlags=0x100 checks=[{atype=home independent=true modes=[OPEN,TO_FRONT] flags=NONE mustBeTask=false order=ANY topActivity=ComponentInfo{com.google.android.apps.nexuslauncher/com.google.android.apps.nexuslauncher.NexusLauncherActivity} launchCookie=null windowingMode=undefined isCrossDisplayMove=false},{atype=standard independent=true modes=[CLOSE,TO_BACK] flags=NONE mustBeTask=false order=ANY topActivity=null launchCookie=null windowingMode=undefined isCrossDisplayMove=false},{NOT atype=undefined independent=true modes=[] flags=NONE mustBeTask=true order=ANY topActivity=null launchCookie=null customAnim=true windowingMode=undefined isCrossDisplayMove=false}]} RemoteTransition { remoteTransition = android.window.IRemoteTransition$Stub$Proxy@8ebbe8a, appThread = android.app.IApplicationThread$Stub$Proxy@92a5cfb, debugName = QuickstepLaunchHome, filter = null }}
04-10 09:04:26.139  2721  2751 V WindowManagerShell:  Checking filter Pair{{types=[OPEN,TO_FRONT] flags=0x0] notFlags=0x0 checks=[{atype=standard independent=true modes=[OPEN,TO_FRONT] flags=NONE mustBeTask=true order=ANY topActivity=null launchCookie=null windowingMode=freeform isCrossDisplayMove=false}]} RemoteTransition { remoteTransition = android.window.IRemoteTransition$Stub$Proxy@810e62b, appThread = null, debugName = DesktopWindowLimitUnminimize, filter = null }}
04-10 09:04:26.139  2721  2751 V WindowManagerShell:  Delegate animation for (#985) to null
04-10 09:04:26.139  2721  2751 V WindowManagerShell: start default transition animation, info = {id=985 t=OPEN f=0x0 trk=0 r=[0@Point(0, 0)] c=[{m=OPEN f=NONE leash=Surface(name=Task=769#10376)/@0x5cd3d63 sb=Rect(0, 0 - 1080, 2364) eb=Rect(0, 0 - 1080, 2364) epz=Point(1080, 2364) d=0 taskParent=-1 winMode=1 userId=0},{m=TO_BACK f=NONE leash=Surface(name=Task=740#4363)/@0xea97d60 sb=Rect(0, 0 - 1080, 2364) eb=Rect(0, 0 - 1080, 2364) epz=Point(1080, 2364) d=0 taskParent=-1 winMode=1 userId=0}]}
04-10 09:04:26.139  3622  3622 I GlobeKeyExtension: GlobeKeyExtension.getKeyboardInitialStates():185 
04-10 09:04:26.139  2721  2751 V WindowManagerShell: loadAnimation: anim=android.view.animation.AnimationSet@5190f8c animAttr=0x9 type=OPEN isEntrance=false
04-10 09:04:26.139  3622  3622 W Keyboard: Keyboard.getKeyboardViewHelper():607 null helper is returned: keyboardDef=abzp{processedConditions={show_comma_key=true, enable_more_candidates_view_for_multilingual=false, layout_9key_split=false, enable_secondary_symbols=false, pref_enable_flick_symbols=false, enable_scrub_move=true, language=en-US, deprecate_long_press_space_for_ime_picker=false, show_suggestion_strip=true, expressions=normal, android_software_xr_api_spatial=false, variant=qwerty, free_cursor=false, show_period_key=true, enable_number_row=true, device=phone, keyboard_mode=normal, show_secondary_digits=false, enable_pk_simulator=false, enable_preemptive_decode=true}, globalConditions={global_theme_key=theme,!gsf,!pgsf,!use_system_font,BORDER,FLAVOR_DPI=XXHDPI,KEYBOARD_WIDTH_CATEGORY=NORMAL,KEY_BORDER_SHAPE=1,LIGHT_THEME=false,PHYSICAL_DIAGONAL=6.295603,POPUP,SCREEN_SHORTEST_WIDTH=443,SCREEN_SHORTEST_WIDTH_NO_SCALE=443,SW400DP,XXHDPI,bottom4dp,enable_popup_on_keypress=true,keyboard_height_48_mm,non_linear_scale,noshadow,overlay_builtin_dynamic_color_dark_base.binarypb:gm3-dark-ff0e0e0f-ffc2c6d6-50e5e33af8dea09b23627b75f5894c20,pgsans,silkpopup, global_locale=en_US, global_density_dpi=390, global_orientation=1}, className=.latin.keyboard.LatinPasswordKeyboard, resourceIds=[#0x7f1705f9, #0x7f17088e, #0x7f1706b9], initialStates=0, keyboardViewDefs=[acap{direction=null, id=#0x7f0b0229, isScalable=true, layoutId=#0x7f0e02b7, type=BODY, touchable=true, defaultShow=true}, acap{direction=null, id=#0x7f0b0229, isScalable=false, layoutId=#0x7f0e0212, type=FLOATING_CANDIDATES, touchable=false, defaultShow=false}, acap{direction=LOCALE, id=#0x7f0b0229, isScalable=false, layoutId=#0x7f0e051a, type=HEADER, touchable=true, defaultShow=true}], persistentStates=0, persistentStatesPrefKey=null, popupBubbleLayoutId=#0x7f0e060b, recentKeyLayoutId=#0x0, recentKeyPopupLayoutId=#0x0, recentKeyType=null, rememberRecentKey=NONE, sessionStates=26388279066624}, type=WIDGET, helpersCreated={HEADER=aaxu@ef5e88c, BODY=aaxu@3d6dbd5, FLOATING_CANDIDATES=aaxu@534afea}, context.getResources().getConfiguration(): {1.1 310mcc280mnc [en_US] ldltr sw443dp w443dp h970dp 390dpi nrml long compactNeeded hdr widecg port night finger -keyb/v/h -nav/h winConfig={ mBounds=Rect(0, 0 - 1080, 2364) mAppBounds=Rect(0, 0 - 1080, 2364) mMaxBounds=Rect(0, 0 - 1080, 2364) mDisplayRotation=ROTATION_0 mWindowingMode=fullscreen mActivityType=undefined mAlwaysOnTop=undefined mRotation=ROTATION_0} as.3 s.93 fontWeightAdjustment=0}
04-10 09:04:26.139  3622  3622 I BaseKeyboardSizeHelper: BaseKeyboardSizeHelper.calculateMaxKeyboardBodyHeight():73 leave 261 height for app when ime window height:2088, header height:117 and isFullscreenMode:false, so the max keyboard body height is:1710
04-10 09:04:26.140  3622  3622 I AndroidIME: InputBundleManager.startInput():361 startInput() with acai[keyboardType=prime, payload=null]
04-10 09:04:26.140  3622  3622 I GlobeKeyExtension: GlobeKeyExtension.onDeactivate():153 
04-10 09:04:26.140  3622  3622 I JarvisExtension: JarvisExtension.onDeactivate():1136 onDeactivate
04-10 09:04:26.140  3622  3622 I JarvisTriggersManager: JarvisTriggersManager.onDeactivate():764 onDeactivate
04-10 09:04:26.140  3622  3622 I NgaExtension: NgaExtension.onDeactivate():647 NgaExtension#onDeactivate [SDG]
04-10 09:04:26.140  3622  3622 I HardKeyTracker: HardKeyTracker.unregisterKeySequence():259 Unregister key sequence adoy{labelResId=2132020528, callback=wgq@2fbbdd2, lastModifier=2, keyCodes=[32], actions=[0]}
04-10 09:04:26.140  3622  3622 I HardKeyTracker: HardKeyTracker.unregisterKeySequence():259 Unregister key sequence adoy{labelResId=2132020528, callback=wgq@b71fea3, lastModifier=0, keyCodes=[319], actions=[0]}
04-10 09:04:26.140  3622  3622 I HardKeyTracker: HardKeyTracker.registerKeySequence():201 Register key sequence adoy{labelResId=2132020528, callback=wgq@fc3d2a7, lastModifier=2, keyCodes=[32], actions=[0]}
04-10 09:04:26.140  3622  3622 I HardKeyTracker: HardKeyTracker.registerKeySequence():201 Register key sequence adoy{labelResId=2132020528, callback=wgq@4b9c354, lastModifier=0, keyCodes=[319], actions=[0]}
04-10 09:04:26.140  3622  3622 I HardKeyTracker: HardKeyTracker.unregisterKeySequence():259 Unregister key sequence adoy{labelResId=2132020528, callback=wgq@3145a0, lastModifier=2, keyCodes=[32], actions=[0]}
04-10 09:04:26.140  3622 12944 I NgaDataShareClient: NgaDataShareClient.sendCorrectionsAndEndSession():412 endDataPushSession() [SDG]
04-10 09:04:26.140  1588  1802 I ActivityManager: Start proc 13091:com.adamoutler.ssh/u0a385 for next-top-activity {com.adamoutler.ssh/com.adamoutler.ssh.MainActivity}
04-10 09:04:26.140  3622  3622 I HardKeyTracker: HardKeyTracker.unregisterKeySequence():259 Unregister key sequence adoy{labelResId=2132020528, callback=wgq@1f19559, lastModifier=0, keyCodes=[319], actions=[0]}
04-10 09:04:26.140  3622 12944 I NgaDataShareClient: NgaDataShareClient.sendCorrectionsList():420 sendCorrectionsList() [SDG]
04-10 09:04:26.140  3622  3622 I HardKeyTracker: HardKeyTracker.registerKeySequence():201 Register key sequence adoy{labelResId=2132020528, callback=wgq@6b5bbf2, lastModifier=2, keyCodes=[32], actions=[0]}
04-10 09:04:26.140  3622  3622 I HardKeyTracker: HardKeyTracker.registerKeySequence():201 Register key sequence adoy{labelResId=2132020528, callback=wgq@a99c0c0, lastModifier=0, keyCodes=[319], actions=[0]}
04-10 09:04:26.140  3622 12944 W NotificationCenter: NotificationCenter.unregisterListener():480 Listener omf@66602b1 was not registered for notification class aauh
04-10 09:04:26.140  3622 12944 W NotificationCenter: NotificationCenter.unregisterListener():480 Listener ome@4274396 was not registered for notification class aakc
04-10 09:04:26.140  3622  3622 W NotificationCenter: NotificationCenter.unregisterListener():480 Listener oii@af4544b was not registered for notification class aakc
04-10 09:04:26.140  3622 12944 I DataShareHelper: DataShareHelper.shareCorrections():24 shareCorrections() [SD]
04-10 09:04:26.141  3622  3622 I NgaVoiceInputHandler: NgaVoiceInputHandler.shutdownInternalLegacy():337 VoiceInputHandler:deactivating [SDG]
04-10 09:04:26.141  3622  3622 W NotificationCenter: NotificationCenter.unregisterListener():480 Listener achz@a9dc193 was not registered for notification class acia
04-10 09:04:26.141  3622  3622 I SmartEdit: SmartEdit.unloadModels():144 SmartEdit: unloading models [SDG]
04-10 09:04:26.141  3622  3622 I NgaInputManager: NgaInputManager.onDeactivate():478 SmartEdit: unloading models false [SDG]
04-10 09:04:26.141  3622  3622 I PkModeUpdater: PkModeUpdater.onActivate():76 onActivate false true
04-10 09:04:26.141  3622  3622 I AccessoryInputModeManager: AccessoryInputModeManager.onModeStarted():346 Accessory input mode started: null
04-10 09:04:26.141  3622  3622 W SupplementaryKeyboardsWrapper: SupplementaryKeyboardsWrapper.deactivateKeyboard():162 keyboard accessory_candidates_consumer is not activated before!
04-10 09:04:26.141  3622  3622 I GlobeKeyExtension: GlobeKeyExtension.onActivate():129 
04-10 09:04:26.141  3622  3622 I JarvisAccessPointCooperativeModeHelper: JarvisAccessPointCooperativeModeHelper.onActivate():157 onActivate
04-10 09:04:26.141  3622  3622 I JarvisTriggersManager: JarvisTriggersManager.onActivate():222 onActivate
04-10 09:04:26.141  3622  3622 I JarvisHelper: JarvisHelper.activateAutoFixItChipForEditor():120 Disable Fix it button as the editor does not support AC
04-10 09:04:26.141  3622  3622 I JarvisExtension: JarvisExtension.onActivate():342 onActivate
04-10 09:04:26.141  3622 12942 I KeyboardGroupDefParser: KeyboardGroupDefParser.parseKeyboardGroupDef():86 parseKeyboardGroupDef() 2132214002 -> 0_resource_name_obfuscated : WaitTime = 0 ms : RunTime = 0 ms
04-10 09:04:26.142  3622  3622 I KeyboardModeUtils: KeyboardModeUtils.getKeyboardBottomOffset():432 inch: 0.350000 ydpi: 408.472992 adjustKeyboardBottomByDisplaySize: false currentDensityDpi: 390 defaultDensityDpi: 390 keyboardBottomToScreenPx: 142 keyboardBottomToNavBarPx: 25 navBarHeight: 117
04-10 09:04:26.142  3622  3622 I BaseKeyboardSizeHelper: BaseKeyboardSizeHelper.calculateMaxKeyboardBodyHeight():73 leave 261 height for app when ime window height:2088, header height:117 and isFullscreenMode:false, so the max keyboard body height is:1710
04-10 09:04:26.142  3622  3622 I BaseKeyboardSizeHelper: BaseKeyboardSizeHelper.calculateMaxKeyboardBodyHeight():73 leave 261 height for app when ime window height:2088, header height:117 and isFullscreenMode:false, so the max keyboard body height is:1710
04-10 09:04:26.142  3622  3622 I AndroidIME: KeyboardViewManager.updateKeyboardBottomFrame():489 Set bottomFrameHeight = 25 while holderPaddingBottom = 25; navigationHeight = 117
04-10 09:04:26.142  3622  3622 I BaseKeyboardSizeHelper: BaseKeyboardSizeHelper.calculateMaxKeyboardBodyHeight():73 leave 261 height for app when ime window height:2088, header height:117 and isFullscreenMode:false, so the max keyboard body height is:1710
04-10 09:04:26.142  3622  3622 I BaseKeyboardSizeHelper: BaseKeyboardSizeHelper.calculateMaxKeyboardBodyHeight():73 leave 261 height for app when ime window height:2088, header height:117 and isFullscreenMode:false, so the max keyboard body height is:1710
04-10 09:04:26.142  3622  3622 W ExtensionWrapper: ExtensionWrapper.setExtensionViewVisibility():878 interface abeq is not activate
04-10 09:04:26.142  3622  3622 I NewLanguagePromptExtension: NewLanguagePromptExtension.onActivate():189 Not activated NewLanguagePromptExtension: not a normal text input box.
04-10 09:04:26.142  3622  3622 I NgaExtension: NgaExtension.onActivate():609 NgaExtension#onActivate [SDG]
04-10 09:04:26.142  3622  3622 I NgaVoiceInputHandlerSwitcher: NgaVoiceInputHandlerSwitcher.restorePrimary():234 not switching to primary. fallback is null [SDG]
04-10 09:04:26.142  3622  3622 I NgaVoiceInputHandler: NgaVoiceInputHandler.maybeCreateInputManager():255 VoiceInputHandler:activating [SDG]
04-10 09:04:26.142  3622  3622 I SpeechEnhancementLogger: SpeechEnhancementLogger.logAtInfo():24 Speech enhancement is disabled because flag is disabled [SD]
04-10 09:04:26.142  3622  3622 I CompositeIntentClassifier: CompositeIntentClassifier.<init>():49 Determined SmartEdit intent-classifier threshold: 0.900000 [SDG]
04-10 09:04:26.142  3622  3622 I MobileBertIntentClassifier: MobileBertIntentClassifier.<init>():174 Successfully loaded native lib mobilebert_classifier_android_jni
04-10 09:04:26.142  3622  3622 I ModelessCommandDetector: ModelessCommandDetector.<init>():86 Created modeless command detector with language code en [SDG]
04-10 09:04:26.142  3622  3622 W NotificationCenter: NotificationCenter.unregisterListener():480 Listener acig@aa1f682 was not registered for notification class acih
04-10 09:04:26.142  3622  3622 W NotificationCenter: NotificationCenter.unregisterListener():480 Listener achz@a9dc193 was not registered for notification class acia
04-10 09:04:26.142  3622  3622 I HardKeyTracker: HardKeyTracker.unregisterKeySequence():259 Unregister key sequence adoy{labelResId=2132020528, callback=wgq@fc3d2a7, lastModifier=2, keyCodes=[32], actions=[0]}
04-10 09:04:26.142  3622  3622 I HardKeyTracker: HardKeyTracker.unregisterKeySequence():259 Unregister key sequence adoy{labelResId=2132020528, callback=wgq@4b9c354, lastModifier=0, keyCodes=[319], actions=[0]}
04-10 09:04:26.142  3622  3622 I HardKeyTracker: HardKeyTracker.registerKeySequence():201 Register key sequence adoy{labelResId=2132020528, callback=wgq@182f233, lastModifier=2, keyCodes=[32], actions=[0]}
04-10 09:04:26.142  3622  3622 I HardKeyTracker: HardKeyTracker.registerKeySequence():201 Register key sequence adoy{labelResId=2132020528, callback=wgq@fed9f0, lastModifier=0, keyCodes=[319], actions=[0]}
04-10 09:04:26.142  3622 12635 W AutoCloseableReference: AutoCloseablePhantomReference.close():42 close() is invoked more than once
04-10 09:04:26.142  3622  3622 I HardKeyTracker: HardKeyTracker.unregisterKeySequence():259 Unregister key sequence adoy{labelResId=2132020528, callback=wgq@6b5bbf2, lastModifier=2, keyCodes=[32], actions=[0]}
04-10 09:04:26.142  3622  3622 I HardKeyTracker: HardKeyTracker.unregisterKeySequence():259 Unregister key sequence adoy{labelResId=2132020528, callback=wgq@a99c0c0, lastModifier=0, keyCodes=[319], actions=[0]}
04-10 09:04:26.142  3622  3622 I HardKeyTracker: HardKeyTracker.registerKeySequence():201 Register key sequence adoy{labelResId=2132020528, callback=wgq@55dd9ee, lastModifier=2, keyCodes=[32], actions=[0]}
04-10 09:04:26.142  3622  3622 I HardKeyTracker: HardKeyTracker.registerKeySequence():201 Register key sequence adoy{labelResId=2132020528, callback=wgq@d707e8f, lastModifier=0, keyCodes=[319], actions=[0]}
04-10 09:04:26.142  3622  3622 I NgaExtension: NgaExtension.onActivate():632 NgaExtension: interaction type=4 [SDG]
04-10 09:04:26.142  3622  3622 I HardKeyTracker: HardKeyTracker.unregisterKeySequence():259 Unregister key sequence adoy{labelResId=2132020523, callback=wgq@d62c482, lastModifier=2, keyCodes=[56], actions=[0]}
04-10 09:04:26.142  3622  3622 I HardKeyTracker: HardKeyTracker.unregisterKeySequence():259 Unregister key sequence adoy{labelResId=2132020523, callback=wgq@9797793, lastModifier=0, keyCodes=[317], actions=[0]}
04-10 09:04:26.142  3622  3622 I HardKeyTracker: HardKeyTracker.registerKeySequence():201 Register key sequence adoy{labelResId=2132020523, callback=wgq@10fa51c, lastModifier=2, keyCodes=[56], actions=[0]}
04-10 09:04:26.142  3622  3622 I HardKeyTracker: HardKeyTracker.registerKeySequence():201 Register key sequence adoy{labelResId=2132020523, callback=wgq@7a00525, lastModifier=0, keyCodes=[317], actions=[0]}
04-10 09:04:26.142  3622  3622 W AccessPointsManager: AccessPointsManager.addAccessPoint():1087 The holder controller #0x7f0b2487 is not registered
04-10 09:04:26.143  3622  3622 I Module  : DeviceLockedStatusModuleProvider$Module.updateDeviceLockedStatus():103 repeatCheckTimes = 1, locked = false
04-10 09:04:26.143  3622  3622 I HardKeyTracker: HardKeyTracker.unregisterKeySequence():259 Unregister key sequence adoy{labelResId=2132020523, callback=wgq@9575f94, lastModifier=2, keyCodes=[56], actions=[0]}
04-10 09:04:26.143  3622  3622 I HardKeyTracker: HardKeyTracker.unregisterKeySequence():259 Unregister key sequence adoy{labelResId=2132020523, callback=wgq@9cafa3d, lastModifier=0, keyCodes=[317], actions=[0]}
04-10 09:04:26.143  3622  3622 I HardKeyTracker: HardKeyTracker.registerKeySequence():201 Register key sequence adoy{labelResId=2132020523, callback=wgq@30074ab, lastModifier=2, keyCodes=[56], actions=[0]}
04-10 09:04:26.143  3622  3622 I HardKeyTracker: HardKeyTracker.registerKeySequence():201 Register key sequence adoy{labelResId=2132020523, callback=wgq@1fff708, lastModifier=0, keyCodes=[317], actions=[0]}
04-10 09:04:26.143  3622  3622 I VoiceImeExtension: VoiceImeExtension.shouldStartVoiceInputAutomaticallyInCurrentInputBox():384 No private IME option set to start voice input.
04-10 09:04:26.143  3622  3622 I StylusModule: StylusModule.onUpdateToolType():774 Update tool type = 1
04-10 09:04:26.145  1588  1773 V WindowManager: Sent Transition (#985) createdAt=04-10 09:04:26.109 via request=TransitionRequestInfo { type = OPEN, triggerTask = TaskInfo{userId=0 taskId=769 effectiveUid=10385 displayId=0 isRunning=true baseIntent=Intent { flg=0x10000000 cmp=com.adamoutler.ssh/.MainActivity } baseActivity=ComponentInfo{com.adamoutler.ssh/com.adamoutler.ssh.MainActivity} topActivity=ComponentInfo{com.adamoutler.ssh/com.adamoutler.ssh.MainActivity} origActivity=null realActivity=ComponentInfo{com.adamoutler.ssh/com.adamoutler.ssh.MainActivity} realActivityIsAppLockEnabled=false numActivities=1 lastActiveTime=123366706 supportsMultiWindow=true resizeMode=1 isResizeable=true minWidth=-1 minHeight=-1 defaultMinSize=220 token=WCT{RemoteToken{e3d8f04 Task{8b8284b #769 type=standard A=10385:com.adamoutler.ssh}}} topActivityType=1 pictureInPictureParams=null shouldDockBigOverlays=false launchIntoPipHostTaskId=-1 lastParentTaskIdBeforePip=-1 displayCutoutSafeInsets=Rect(0, 159 - 0, 0) topActivityInfo=ActivityInfo{2e14ced com.adamoutler.ssh.MainActivity} launchCookies=[] positionInParent=Point(0, 0) parentTaskId=-1 isFocused=false isVisible=false isVisibleRequested=false isTopActivityNoDisplay=false isSleeping=false locusId=null displayAreaFeatureId=1 isTopActivityTransparent=false isActivityStackTransparent=false lastNonFullscreenBounds=null leafTaskBoundsFromOptions= false capturedLink=null capturedLinkTimestamp=0 requestedVisibleTypes=503 topActivityRequestOpenInBrowserEducationTimestamp=0 appCompatTaskInfo=AppCompatTaskInfo { topActivityInSizeCompat=false isLeafTask= true eligibleForLetterboxEducation= false isLetterboxEducationEnabled= false isLetterboxDoubleTapEnabled= false eligibleForUserAspectRatioButton= false topActivityBoundsLetterboxed= false isFromLetterboxDoubleTap= false topActivityLetterboxVerticalPosition= -1 topActivityLetterboxHorizontalPosition= -1 topActivityLetterboxWidth=-1 topActivityLetterboxHeight=-1 topActivityAppBounds=Rect(0, 159 - 1080, 2247) isUserFullscreenOverrideEnabled=false isSystemFullscreenOverrideEnabled=false hasMinAspectRatioOverride=false topActivityLetterboxBounds=null topNonResizableActivityAspectRatio=-1.0} topActivityMainWindowFrame=null isAppBubble=false}, pipChange = null, remoteTransitionInfo = null, displayChange = null, requestedLocation = null, userChange = null, windowingLayerChange = null, fullscreenRequestChange = null, flags = 0, debugId = 985 }
