04-21 00:03:02.523  1126  5674 I WifiHAL : Getting cached scan results, iface handle = 0xb4000075c5edd690
04-21 00:03:02.523  1126  5674 E WifiHAL : Creating message to get cached scan results
04-21 00:03:02.536  1126  5674 I WifiHAL : In GetCachedScanResultsCommand::handleResponse
04-21 00:03:02.602  1643  4139 D ConnectivityService: NetReassign [no changes] [c 1] [a 1] [i 4]
04-21 00:03:03.410  5707  6130 I AiAiPwm : Entity IDs specified for removal but none maps to a valid document ID.
04-21 00:03:05.137 15746 14607 I fpp     : Ranging Results Update: DeviceId=2003818520 Distance=44.6683592150963 (m) Type=BLE
04-21 00:03:05.138 15746 14607 I fpp     : Proximity state event detected: device=2003818520, distance(m)=44.67, state=LONG_RANGE, prevState=Unknown/Expired, distance history=[]
04-21 00:03:05.597  1126  5674 I WifiHAL : Creating message to get link statistics; iface = 47
04-21 00:03:05.709  1126  5674 E libbinder.IPCThreadState: binder thread pool (1 threads) starved for 112 ms
04-21 00:03:05.711  1126  1126 I WifiHAL : Getting cached scan results, iface handle = 0xb4000075c5edd690
04-21 00:03:05.711  1126  1126 E WifiHAL : Creating message to get cached scan results
04-21 00:03:05.725  1126  1126 I WifiHAL : In GetCachedScanResultsCommand::handleResponse
04-21 00:03:05.794  1643  4139 D ConnectivityService: NetReassign [no changes] [c 2] [a 1] [i 4]
04-21 00:03:08.054 15746 14507 I NearbyPresence: [NP_DEBUG] Using Java decoder [CONTEXT service_id=317 ]
04-21 00:03:08.785  1126  1126 I WifiHAL : Creating message to get link statistics; iface = 47
04-21 00:03:08.841  1126  5674 I WifiHAL : Getting cached scan results, iface handle = 0xb4000075c5edd690
04-21 00:03:08.841  1126  5674 E WifiHAL : Creating message to get cached scan results
04-21 00:03:08.853  1126  5674 I WifiHAL : In GetCachedScanResultsCommand::handleResponse
04-21 00:03:08.886 15746 14607 I NearbyMediums: Found Fast Ble Advertisements :
04-21 00:03:08.886 15746 14607 I NearbyMediums: BleAdvertisement { version=2, socketVersion=2, isFast=true, serviceIdHash=null, data=[ 0x23 0x35 0x56 0x34 0x5a 0x11 0x32 0xb3 0x9d 0xed 0x5f 0x04 0x18 0xf9 0x19 0x4f 0xb0 0x59 0x7f 0xc6 0x62 0x69 0x6e ], deviceToken=[ 0x50 0x5a ], rxAdvertisement=null } : 2 times.
04-21 00:03:08.886 15746 14607 I NearbyMediums: BleAdvertisement { version=2, socketVersion=2, isFast=true, serviceIdHash=null, data=[ 0x23 0x30 0x39 0x59 0x55 0x11 0x32 0x70 0x63 0x18 0x89 0x44 0xa9 0x57 0x71 0xc9 0x16 0x0c 0x4d 0x5d 0x27 0xd9 0xb9 ], deviceToken=[ 0xc4 0x05 ], rxAdvertisement=null } : 7 times.
04-21 00:03:08.886 15746 14607 I NearbyMediums: Total 9 fast advertisements from 2 unique advertisers.
04-21 00:03:08.887 15746 14607 I NearbyMediums: Current Tracked Scanning Clients are : {NearbyConnections.EnvironmentMonitor, NearbySharing, NearbyConnections.TxAdvertisement}
04-21 00:03:08.893  1643  4139 D ConnectivityService: NetReassign [no changes] [c 2] [a 1] [i 4]
04-21 00:03:09.371 15746 14607 I fpp     : Ranging Results Update: DeviceId=2003818520 Distance=35.48133892335755 (m) Type=BLE
04-21 00:03:11.885  1126  5674 I WifiHAL : Creating message to get link statistics; iface = 47
04-21 00:03:11.997  1126  5674 E libbinder.IPCThreadState: binder thread pool (1 threads) starved for 111 ms
04-21 00:03:11.997  1126  1126 I WifiHAL : Getting cached scan results, iface handle = 0xb4000075c5edd690
04-21 00:03:11.997  1126  1126 E WifiHAL : Creating message to get cached scan results
04-21 00:03:12.011  1126  1126 I WifiHAL : In GetCachedScanResultsCommand::handleResponse
04-21 00:03:12.078  1643  4139 D ConnectivityService: NetReassign [no changes] [c 2] [a 1] [i 4]
04-21 00:03:12.306  4433  4755 D TemperatureStateSource: sequence=23250 actualDelay=10001
04-21 00:03:12.307  4433  4755 D TemperatureStateSource: Reading temperature: sequence=23251
04-21 00:03:12.312 21077 21077 I pixel-thermal: VIRTUAL-SKIN-MODEL: model_input: [28656.00 30214.00 29235.00 28544.00 29546.00 28589.00 29702.00 28812.00 ]
04-21 00:03:12.313 21077 21077 I native  : I0000 00:00:1776744192.312809   21077 thermal_tflite_wrapper.cc:261] ThermalTfliteInvoke
04-21 00:03:12.313 21077 21077 I pixel-thermal: VIRTUAL-SKIN-MODEL: model_output: [28966.8 ]
04-21 00:03:12.313 21077 21077 I pixel-thermal: VIRTUAL-SKIN-MODEL: predicted_value: [28966.8 ]
04-21 00:03:12.313 21077 21077 I pixel-thermal: Power data LPM_ACTIVE_RAILS_TRANS is under collecting
04-21 00:03:12.313 21077 21077 I pixel-thermal: ShutdownModePowerTrans data is under collecting
04-21 00:03:12.313 21077 21077 I pixel-thermal: Thermal sensor ShutdownModePowerTrans is under collecting
04-21 00:03:12.313 21077 21077 I pixel-thermal: Power data LPM_ACTIVE_RAILS_STEADY is under collecting
04-21 00:03:12.313 21077 21077 I pixel-thermal: ShutdownModePowerSteady data is under collecting
04-21 00:03:12.313 21077 21077 I pixel-thermal: Thermal sensor ShutdownModePowerSteady is under collecting
04-21 00:03:12.313 21077 21077 I pixel-thermal: VIRTUAL-SKIN:28.9453 raw data: VIRTUAL-SKIN:28945.3 VIRTUAL-SKIN-LEGACY:28249.9 VIRTUAL-SKIN-LEGACY-MODEL-DIFF:-716.977 VIRTUAL-SKIN-LEGACY-SHUTDOWN:0 VIRTUAL-SKIN-MODEL:28966.8 VIRTUAL-SKIN-MODEL-CLAMPED:28966.8 VIRTUAL-SKIN-MODEL-LEGACY-DIFF:716.977 VIRTUAL-SKIN-MODEL-UPDATED:28945.3 VIRTUAL-SKIN-MODEL-UPPER-CLAMPED:28966.8 VIRTUAL-SKIN-SUB-0:24267.5 VIRTUAL-SKIN-SUB-1:26793 VIRTUAL-SKIN-SUB-2:28225.9 VIRTUAL-SKIN-SUB-3:28076 VIRTUAL-SKIN-SUB-4:25755.3 VIRTUAL-SKIN-SUB-5:28223.1 VIRTUAL-SKIN-SUB-6:28249.9 VT_LEGACY_WEIGHT:0 VT_MODEL_WEIGHT:1 btmspkr_therm:28656 charging_therm:30214 disp_therm:29235 north_therm:28544 quiet_therm:29546 rfpa_therm:28589 soc_therm:29702 usb_pwr_therm:28812 
04-21 00:03:12.314  4433  4755 D TemperatureStateSource: getDeviceTemperatures: sequence=23251 deviceTemperatureType=3 temperatureSource=0 temperatures=[28.945282]
04-21 00:03:12.314  4433  4755 D BusinessScope: Enqueuing the block
04-21 00:03:12.314  4433  4755 D TemperatureStateSource: sequence=23251 waitTime=10000
04-21 00:03:12.315  4433  4755 D BusinessScope: Start running the #48637 block
04-21 00:03:12.315  4433  4755 D BusinessScope: Enqueuing the block
04-21 00:03:12.315  4433  4755 D ImpulseStateSource: Notify clients: 24315
04-21 00:03:12.315  4433  4755 D BusinessScope: Finish running the #48637 block
04-21 00:03:12.315  4433  4755 D BusinessScope: Start running the #48638 block
04-21 00:03:12.316  4433  4755 D BusinessScope: Finish running the #48638 block
