--------- beginning of system
04-21 00:10:31.822  1643  4653 I ActivityManager: Force stopping com.adamoutler.ssh appid=10451 user=0: from pid 16289
04-21 00:10:31.828  1643  4189 D BackgroundInstallControlService: Package event received: 0
04-21 00:10:31.831  1643  4653 I AppsFilter: interaction: PackageSetting{3812c72 com.google.android.microdroid.empty_payload/10289} -> PackageSetting{bb6d8c3 com.adamoutler.ssh/10451} BLOCKED
--------- beginning of main
04-21 00:10:31.848  4553  4553 D CarrierSvcBindHelper: onHandleForceStop: [com.adamoutler.ssh]
04-21 00:10:31.849  4553  4822 D EuiccConnector: handleMessage: E msg.what=1
04-21 00:10:31.849  4553  4822 D EuiccConnector: processMsg: ConnectedState
04-21 00:10:31.849  4553  4553 D CarrierSvcBindHelper: No carrier app for: 0
04-21 00:10:31.850  4553  4553 D CarrierSvcBindHelper: No carrier app for: 1
04-21 00:10:31.850  4553  4822 D EuiccConnector: processMsg: DisconnectedState
04-21 00:10:31.854  4553  4822 D EuiccConnector: handleMessage: X
04-21 00:10:31.966  1643  4653 W ActivityTaskManager: callingPackage for (uid=2000, pid=16304) has no WPC
04-21 00:10:31.976  1643  4653 V GrammaticalInflectionUtils: AttributionSource: android.content.AttributionSource@3a3d841d does not have READ_SYSTEM_GRAMMATICAL_GENDER permission.
04-21 00:10:31.987 29640 29640 D RecentsView: onTaskDisplayChanged: 3822, new displayId = 0
04-21 00:10:31.992  4233  4277 D Bubbles : BubbleTaskStackListener.onTaskMovedToFront(): taskId=3822
04-21 00:10:31.994  1643  4653 V ActivityTaskManager: TaskLaunchParamsModifier: phase=3 task=Task{f7a33a0 #3822 type=standard A=10451:com.adamoutler.ssh} activity=ActivityRecord{61990051 u0 com.adamoutler.ssh/.MainActivity t-1} display-from-task=0 display-id=0 task-display-area-windowing-mode=1 suggested-display-area=DefaultTaskDisplayArea@20482487 inherit-from-task=fullscreen non-freeform-task-display-area display-area=DefaultTaskDisplayArea@20482487 skip-bounds-fullscreen
04-21 00:10:31.994  1643  4653 I ActivityTaskManager: START u0 {flg=0x10000000 xflg=0x5 cmp=com.adamoutler.ssh/.MainActivity} with LAUNCH_MULTIPLE from uid 2000 (com.android.shell) (BAL_ALLOW_PERMISSION) result code=0
04-21 00:10:31.996  1643  1720 V GrammaticalInflectionUtils: AttributionSource: android.content.AttributionSource@3a3d841d does not have READ_SYSTEM_GRAMMATICAL_GENDER permission.
04-21 00:10:31.996  4233  4277 V WindowManagerShell: Transition requested (#133): android.os.BinderProxy@867bedb TransitionRequestInfo { type = OPEN, triggerTask = TaskInfo{userId=0 taskId=3822 effectiveUid=10451 displayId=0 isRunning=true baseIntent=Intent { flg=0x10000000 cmp=com.adamoutler.ssh/.MainActivity } baseActivity=ComponentInfo{com.adamoutler.ssh/com.adamoutler.ssh.MainActivity} topActivity=ComponentInfo{com.adamoutler.ssh/com.adamoutler.ssh.MainActivity} origActivity=null realActivity=ComponentInfo{com.adamoutler.ssh/com.adamoutler.ssh.MainActivity} realActivityIsAppLockEnabled=false numActivities=1 lastActiveTime=239590506 supportsMultiWindow=true resizeMode=1 isResizeable=true minWidth=-1 minHeight=-1 defaultMinSize=220 token=WCT{android.os.BinderProxy@8b52d78} topActivityType=1 pictureInPictureParams=null shouldDockBigOverlays=false launchIntoPipHostTaskId=-1 lastParentTaskIdBeforePip=-1 displayCutoutSafeInsets=Rect(0, 0 - 153, 0) topActivityInfo=ActivityInfo{bcf1c51 com.adamoutler.ssh.MainActivity} launchCookies=[] positionInParent=Point(0, 0) parentTaskId=-1 isFocused=false isVisible=false isVisibleRequested=false isTopActivityNoDisplay=false isSleeping=false locusId=null displayAreaFeatureId=1 isTopActivityTransparent=false isActivityStackTransparent=false lastNonFullscreenBounds=null leafTaskBoundsFromOptions= false capturedLink=null capturedLinkTimestamp=0 requestedVisibleTypes=503 topActivityRequestOpenInBrowserEducationTimestamp=0 appCompatTaskInfo=AppCompatTaskInfo { topActivityInSizeCompat=false isLeafTask= true eligibleForLetterboxEducation= false isLetterboxEducationEnabled= false isLetterboxDoubleTapEnabled= false eligibleForUserAspectRatioButton= false topActivityBoundsLetterboxed= false isFromLetterboxDoubleTap= false topActivityLetterboxVerticalPosition= -1 topActivityLetterboxHorizontalPosition= -1 topActivityLetterboxWidth=-1 topActivityLetterboxHeight=-1 topActivityAppBounds=Rect(108, 0 - 1989, 960) isUserFullscreenOverrideEnabled=false isSystemFullscreenOverrideEnabled=false hasMinAspectRatioOverride=false topActivityLetterboxBounds=null topNonResizableActivityAspectRatio=-1.0} topActivityMainWindowFrame=null isAppBubble=false}, pipChange = null, remoteTransitionInfo = null, displayChange = null, requestedLocation = null, userChange = null, windowingLayerChange = null, fullscreenRequestChange = null, flags = 0, debugId = 133 }
04-21 00:10:31.996  4233  4277 W DisplayDisconnectTransitionHandler: No disconnect change found in the transition, not handling request.
04-21 00:10:31.996  4233  4277 D ShellSplitScreen: logExit: no-op, mLoggerSessionId is null
04-21 00:10:31.996  4233  4277 V ShellDesktopMode: DesktopTasksController: skipping handleRequest reason=triggerTask's display doesn't support desktop mode
04-21 00:10:31.997  1643  4653 I AppsFilter: interaction: PackageSetting{3812c72 com.google.android.microdroid.empty_payload/10289} -> PackageSetting{d285cc9 com.adamoutler.ssh/10451} BLOCKED
04-21 00:10:31.998  1643  4189 D BackgroundInstallControlService: Package event received: 0
04-21 00:10:31.999  1643  4653 W AutofillManagerServiceImpl: getFillEventHistory() called by UID 10130, but service UID is 10186
04-21 00:10:32.001  1643  1720 I DisplayDeviceRepository: Display device changed render timings: "Built-in Screen", renderFrameRate=120.00002, presentationDeadlineNanos=11499999, appVsyncOffsetNanos=6233332, frameRateOverrides=[{uid=1000 frameRateHz=120.00002}, {uid=10174 frameRateHz=120.00002}, {uid=10247 frameRateHz=120.00002}, {uid=10258 frameRateHz=120.00002}]
04-21 00:10:32.002 29640 29640 D b/417220811: invalidateLoadedTasks - previous requestLoadId: -1
04-21 00:10:32.002  1643  1720 I DisplayDeviceRepository: Display device changed render timings: "Built-in Screen", renderFrameRate=120.00002, presentationDeadlineNanos=11499999, appVsyncOffsetNanos=6233332, frameRateOverrides=[]
04-21 00:10:32.003  1127  1203 D DeviceHalAidl: [default] setParameters: parameters: "screen_state=on"
04-21 00:10:32.003  1057  1176 D ASvc::Module: updateScreenState: 1
04-21 00:10:32.003  1127  1203 D DeviceHalAidl: [r_submix] setParameters: parameters: "screen_state=on"
04-21 00:10:32.003  1057  1176 D AHAL_Module: updateScreenState: r_submix: 1
04-21 00:10:32.003  1127  1203 D DeviceHalAidl: [bluetooth] setParameters: parameters: "screen_state=on"
04-21 00:10:32.003  1057  1176 D AHAL_Module: updateScreenState: bluetooth: 1
04-21 00:10:32.004  4233  4310 D WindowOnBackDispatcher: setTopOnBackInvokedCallback (unwrapped): android.view.ViewRootImpl$$ExternalSyntheticLambda25@4bebbc1
04-21 00:10:32.004  1127  4421 D DeviceHalAidl: [default] setParameters: parameters: "screen_state=on"
04-21 00:10:32.004  1057  1176 D ASvc::Module: updateScreenState: 1
04-21 00:10:32.004  1127  4421 D DeviceHalAidl: [r_submix] setParameters: parameters: "screen_state=on"
04-21 00:10:32.004  1057  1176 D AHAL_Module: updateScreenState: r_submix: 1
04-21 00:10:32.005  1127  4421 D DeviceHalAidl: [bluetooth] setParameters: parameters: "screen_state=on"
04-21 00:10:32.005  1057  1176 D AHAL_Module: updateScreenState: bluetooth: 1
04-21 00:10:32.005  1643  4653 D CoreBackPreview: Window{f295de8 u0 Splash Screen com.adamoutler.ssh}: Setting back callback OnBackInvokedCallbackInfo{mCallback=android.window.IOnBackInvokedCallback$Stub$Proxy@7a310f5, mPriority=0, mIsAnimationCallback=false, mOverrideBehavior=0}
04-21 00:10:32.009  1643  1720 I DisplayDeviceRepository: Display device changed render timings: "Built-in Screen", renderFrameRate=120.00002, presentationDeadlineNanos=11499999, appVsyncOffsetNanos=6233332, frameRateOverrides=[{uid=1000 frameRateHz=120.00002}, {uid=10174 frameRateHz=120.00002}, {uid=10247 frameRateHz=120.00002}, {uid=10258 frameRateHz=120.00002}]
04-21 00:10:32.009  1127  4421 D DeviceHalAidl: [default] setParameters: parameters: "screen_state=on"
04-21 00:10:32.010  1057  1176 D ASvc::Module: updateScreenState: 1
04-21 00:10:32.010  1127  4421 D DeviceHalAidl: [r_submix] setParameters: parameters: "screen_state=on"
04-21 00:10:32.010  1057  1176 D AHAL_Module: updateScreenState: r_submix: 1
04-21 00:10:32.010  1127  4421 D DeviceHalAidl: [bluetooth] setParameters: parameters: "screen_state=on"
04-21 00:10:32.010  1057  1785 D AHAL_Module: updateScreenState: bluetooth: 1
04-21 00:10:32.011  1038  1038 D Zygote  : Forked child process 16311
04-21 00:10:32.012  1643  1822 I ActivityManager: Start proc 16311:com.adamoutler.ssh/u0a451 for next-top-activity {com.adamoutler.ssh/com.adamoutler.ssh.MainActivity}
04-21 00:10:32.014  4233  4941 V WindowManagerShell: onTransitionReady(transaction=7056631292179)
04-21 00:10:32.014  4233  4277 V WindowManagerShell: onTransitionReady (#133) android.os.BinderProxy@867bedb: {id=133 t=OPEN f=0x0 trk=0 r=[0@Point(0, 0)] c=[
04-21 00:10:32.014  4233  4277 V WindowManagerShell:         {m=OPEN f=NONE leash=Surface(name=Task=3822#927)/@0x3de21f9 sb=Rect(0, 0 - 2142, 960) eb=Rect(0, 0 - 2142, 960) epz=Point(2142, 960) d=0 taskParent=-1 winMode=1 userId=0},
04-21 00:10:32.014  4233  4277 V WindowManagerShell:         {m=TO_BACK f=NONE leash=Surface(name=Task=3821#829)/@0x384853e sb=Rect(0, 0 - 2142, 960) eb=Rect(0, 0 - 2142, 960) epz=Point(2142, 960) d=0 taskParent=-1 winMode=1 userId=0}
04-21 00:10:32.014  4233  4277 V WindowManagerShell:     ]}
04-21 00:10:32.016  4233  4277 V ShellDesktopMode: DesktopModeLogger: taskInfo map after processing changes 0
04-21 00:10:32.016  4233  4277 D ShellDesktopMode: DesktopTaskChangeListener: onTaskMovingToBack for taskId=3821, displayId=0 - desktop not supported
04-21 00:10:32.016  4233  4277 D ShellDesktopMode: DesktopTaskChangeListener: onTaskOpening for taskId=3822, displayId=0 userId=0 currentUserId=0 parentTaskId=-1 isFreeform=false isActive=false isPinned=false
04-21 00:10:32.016  4233  4277 D ShellDesktopMode: DesktopTaskChangeListener: onTaskOpening for taskId=3822, displayId=0 - desktop not supported
04-21 00:10:32.018 16311 16311 I libc    : SetHeapTaggingLevel: tag level set to 0
04-21 00:10:32.020  1643  1710 V WindowManager: Sent Transition (#133) createdAt=04-21 00:10:31.979 via request=TransitionRequestInfo { type = OPEN, triggerTask = TaskInfo{userId=0 taskId=3822 effectiveUid=10451 displayId=0 isRunning=true baseIntent=Intent { flg=0x10000000 cmp=com.adamoutler.ssh/.MainActivity } baseActivity=ComponentInfo{com.adamoutler.ssh/com.adamoutler.ssh.MainActivity} topActivity=ComponentInfo{com.adamoutler.ssh/com.adamoutler.ssh.MainActivity} origActivity=null realActivity=ComponentInfo{com.adamoutler.ssh/com.adamoutler.ssh.MainActivity} realActivityIsAppLockEnabled=false numActivities=1 lastActiveTime=239590506 supportsMultiWindow=true resizeMode=1 isResizeable=true minWidth=-1 minHeight=-1 defaultMinSize=220 token=WCT{RemoteToken{84e6d2e Task{f7a33a0 #3822 type=standard A=10451:com.adamoutler.ssh}}} topActivityType=1 pictureInPictureParams=null shouldDockBigOverlays=false launchIntoPipHostTaskId=-1 lastParentTaskIdBeforePip=-1 displayCutoutSafeInsets=Rect(0, 0 - 153, 0) topActivityInfo=ActivityInfo{e3cb0cf com.adamoutler.ssh.MainActivity} launchCookies=[] positionInParent=Point(0, 0) parentTaskId=-1 isFocused=false isVisible=false isVisibleRequested=false isTopActivityNoDisplay=false isSleeping=false locusId=null displayAreaFeatureId=1 isTopActivityTransparent=false isActivityStackTransparent=false lastNonFullscreenBounds=null leafTaskBoundsFromOptions= false capturedLink=null capturedLinkTimestamp=0 requestedVisibleTypes=503 topActivityRequestOpenInBrowserEducationTimestamp=0 appCompatTaskInfo=AppCompatTaskInfo { topActivityInSizeCompat=false isLeafTask= true eligibleForLetterboxEducation= false isLetterboxEducationEnabled= false isLetterboxDoubleTapEnabled= false eligibleForUserAspectRatioButton= false topActivityBoundsLetterboxed= false isFromLetterboxDoubleTap= false topActivityLetterboxVerticalPosition= -1 topActivityLetterboxHorizontalPosition= -1 topActivityLetterboxWidth=-1 topActivityLetterboxHeight=-1 topActivityAppBounds=Rect(108, 0 - 1989, 960) isUserFullscreenOverrideEnabled=false isSystemFullscreenOverrideEnabled=false hasMinAspectRatioOverride=false topActivityLetterboxBounds=null topNonResizableActivityAspectRatio=-1.0} topActivityMainWindowFrame=null isAppBubble=false}, pipChange = null, remoteTransitionInfo = null, displayChange = null, requestedLocation = null, userChange = null, windowingLayerChange = null, fullscreenRequestChange = null, flags = 0, debugId = 133 }
04-21 00:10:32.021  1643  1710 V WindowManager:     startWCT=WindowContainerTransaction { changes= {} hops= [] flags= 0 errorCallbackToken=null taskFragmentOrganizer=null }
04-21 00:10:32.021  1643  1710 V WindowManager:     info={id=133 t=OPEN f=0x0 trk=0 r=[0@Point(0, 0)] c=[
04-21 00:10:32.021  1643  1710 V WindowManager:         {WCT{RemoteToken{84e6d2e Task{f7a33a0 #3822 type=standard A=10451:com.adamoutler.ssh}}} m=OPEN f=NONE leash=Surface(name=Task=3822#927)/@0x36969ad sb=Rect(0, 0 - 2142, 960) eb=Rect(0, 0 - 2142, 960) epz=Point(2142, 960) d=0 taskParent=-1 winMode=1 userId=0},
04-21 00:10:32.021  1643  1710 V WindowManager:         {WCT{RemoteToken{3389395 Task{db5a1d8 #3821 type=standard A=10174:com.google.android.deskclock}}} m=TO_BACK f=NONE leash=Surface(name=Task=3821#829)/@0x5231920 sb=Rect(0, 0 - 2142, 960) eb=Rect(0, 0 - 2142, 960) epz=Point(2142, 960) d=0 taskParent=-1 winMode=1 userId=0}
04-21 00:10:32.021  1643  1710 V WindowManager:     ]}
04-21 00:10:32.021 16311 16311 I Zygote  : Process 16311 created for com.adamoutler.ssh
04-21 00:10:32.021 16311 16311 I .adamoutler.ssh: Late-enabling -Xcheck:jni
04-21 00:10:32.023  4233  4277 V WindowManagerShell: Playing animation for (#133) android.os.BinderProxy@867bedb@0
04-21 00:10:32.023  4233  4277 D ShellSplitScreen: startAnimation: transition=133 isSplitActive=false
04-21 00:10:32.024  4233  4277 V ShellRecents: RecentsTransitionHandler.startAnimation: no controller found
04-21 00:10:32.024  4233  4277 V ShellDesktopMode: DesktopMixedTransitionHandler: No pending desktop transition
04-21 00:10:32.024  4233  4277 V WindowManagerShell: Transition doesn't have explicit remote, search filters for match for {id=133 t=OPEN f=0x0 trk=0 r=[0@Point(0, 0)] c=[{m=OPEN f=NONE leash=Surface(name=Task=3822#927)/@0x3de21f9 sb=Rect(0, 0 - 2142, 960) eb=Rect(0, 0 - 2142, 960) epz=Point(2142, 960) d=0 taskParent=-1 winMode=1 userId=0},{m=TO_BACK f=NONE leash=Surface(name=Task=3821#829)/@0x384853e sb=Rect(0, 0 - 2142, 960) eb=Rect(0, 0 - 2142, 960) epz=Point(2142, 960) d=0 taskParent=-1 winMode=1 userId=0}]}
04-21 00:10:32.024  4233  4277 V WindowManagerShell:  Checking filter Pair{{types=[] flags=0x0] notFlags=0x0 checks=[{atype=undefined independent=true modes=[CLOSE,TO_BACK] flags=IN_TASK_WITH_EMBEDDED_ACTIVITY mustBeTask=false order=ANY topActivity=null launchCookie=null taskFragmentToken=android.os.BinderProxy@74d1731 windowingMode=undefined isCrossDisplayMove=false}]} RemoteTransition { remoteTransition = android.window.IRemoteTransition$Stub$Proxy@9c9fe16, appThread = android.app.IApplicationThread$Stub$Proxy@1701397, debugName = overlayBackTransition, filter = null }}
04-21 00:10:32.024  4233  4277 V WindowManagerShell:  Checking filter Pair{{types=[] flags=0x0] notFlags=0x0 checks=[{atype=dream independent=true modes=[OPEN,TO_FRONT] flags=NONE mustBeTask=false order=ANY topActivity=null launchCookie=null windowingMode=undefined isCrossDisplayMove=false},{atype=home independent=true modes=[CLOSE,TO_BACK] flags=NONE mustBeTask=false order=ANY topActivity=null launchCookie=null windowingMode=undefined isCrossDisplayMove=false}]} RemoteTransition { remoteTransition = android.window.IRemoteTransition$Stub$Proxy@7a8984, appThread = android.app.IApplicationThread$Stub$Proxy@a2af56d, debugName = LauncherToDream, filter = null }}
04-21 00:10:32.024  4233  4277 V WindowManagerShell:  Checking filter Pair{{types=[] flags=0x0] notFlags=0x0 checks=[{atype=standard independent=false modes=[CHANGE] flags=NONE mustBeTask=true order=ANY topActivity=null launchCookie=null windowingMode=undefined isCrossDisplayMove=true}]} RemoteTransition { remoteTransition = android.window.IRemoteTransition$Stub$Proxy@a5fe5a2, appThread = android.app.IApplicationThread$Stub$Proxy@185233, debugName = QuickstepDisplayMove, filter = null }}
04-21 00:10:32.024  4233  4277 V WindowManagerShell:  Checking filter Pair{{types=[] flags=0x0] notFlags=0x100 checks=[{atype=home independent=true modes=[OPEN,TO_FRONT] flags=NONE mustBeTask=false order=ANY topActivity=ComponentInfo{com.google.android.apps.nexuslauncher/com.google.android.apps.nexuslauncher.NexusLauncherActivity} launchCookie=null windowingMode=undefined isCrossDisplayMove=false},{atype=standard independent=true modes=[CLOSE,TO_BACK] flags=NONE mustBeTask=false order=ANY topActivity=null launchCookie=null windowingMode=undefined isCrossDisplayMove=false},{NOT atype=undefined independent=true modes=[] flags=NONE mustBeTask=true order=ANY topActivity=null launchCookie=null customAnim=true windowingMode=undefined isCrossDisplayMove=false}]} RemoteTransition { remoteTransition = android.window.IRemoteTransition$Stub$Proxy@9d8b9f0, appThread = android.app.IApplicationThread$Stub$Proxy@98e7b69, debugName = QuickstepLaunchHome, filter = null }}
04-21 00:10:32.024  4233  4277 V WindowManagerShell:  Checking filter Pair{{types=[OPEN,TO_FRONT] flags=0x0] notFlags=0x0 checks=[{atype=standard independent=true modes=[OPEN,TO_FRONT] flags=NONE mustBeTask=true order=ANY topActivity=null launchCookie=null windowingMode=freeform isCrossDisplayMove=false}]} RemoteTransition { remoteTransition = android.window.IRemoteTransition$Stub$Proxy@77ab9ee, appThread = null, debugName = DesktopWindowLimitUnminimize, filter = null }}
04-21 00:10:32.024  4233  4277 V WindowManagerShell:  Delegate animation for (#133) to null
04-21 00:10:32.024  4233  4277 V WindowManagerShell: start default transition animation, info = {id=133 t=OPEN f=0x0 trk=0 r=[0@Point(0, 0)] c=[{m=OPEN f=NONE leash=Surface(name=Task=3822#927)/@0x3de21f9 sb=Rect(0, 0 - 2142, 960) eb=Rect(0, 0 - 2142, 960) epz=Point(2142, 960) d=0 taskParent=-1 winMode=1 userId=0},{m=TO_BACK f=NONE leash=Surface(name=Task=3821#829)/@0x384853e sb=Rect(0, 0 - 2142, 960) eb=Rect(0, 0 - 2142, 960) epz=Point(2142, 960) d=0 taskParent=-1 winMode=1 userId=0}]}
04-21 00:10:32.026  4233  4277 V WindowManagerShell: loadAnimation: anim=android.view.animation.AnimationSet@35d708 animAttr=0x9 type=OPEN isEntrance=false
04-21 00:10:32.033  4233  4277 V WindowManagerShell: loadAnimation: anim=android.view.animation.AnimationSet@11a2e23 animAttr=0x8 type=OPEN isEntrance=true
04-21 00:10:32.034  4233  4277 V WindowManagerShell:  animated by com.android.wm.shell.transition.DefaultTransitionHandler@cdb4895
04-21 00:10:32.034  4233  4277 V ShellTaskOrganizer: Task appeared taskId=3822 listener=FullscreenTaskListener
04-21 00:10:32.034  4233  4277 V ShellTaskOrganizer: Fullscreen Task Appeared: #3822
04-21 00:10:32.040 16311 16311 I .adamoutler.ssh: Using CollectorTypeCMC GC.
04-21 00:10:32.042 29640 29640 D b/417220811: invalidateLoadedTasks - previous requestLoadId: -1
04-21 00:10:32.044  1391  1427 I adbd    : jdwp connection from 16311
04-21 00:10:32.046 16311 16311 D nativeloader: Load libframework-connectivity-tiramisu-jni.so using APEX ns com_android_tethering for caller /apex/com.android.tethering/javalib/framework-connectivity-t.jar: ok
04-21 00:10:32.055  4433  4539 D UidImportanceSource: onUidImportanceBlock: uid=10451 importance=100
04-21 00:10:32.056  4433  4539 D UidImportanceSource: onUidImportanceBlock: packages=[com.adamoutler.ssh] importance=100
04-21 00:10:32.056  4433  4539 D UidImportanceSource: onUidImportanceBlock: packageName=com.adamoutler.ssh importance=100
04-21 00:10:32.056  4433  4539 D BusinessScope: Enqueuing the block
04-21 00:10:32.056  4433  4755 D BusinessScope: Start running the #48743 block
04-21 00:10:32.056  4433  4755 D BusinessScope: Enqueuing the block
04-21 00:10:32.056  4433  4755 D ImpulseStateSource: Notify clients: 24366
04-21 00:10:32.056  4433  4755 D BusinessScope: Finish running the #48743 block
04-21 00:10:32.056  1643  4189 D BackgroundInstallControlService: Package event received: 0
04-21 00:10:32.056  4433  4755 D BusinessScope: Start running the #48744 block
04-21 00:10:32.056  1643  4189 D BackgroundInstallControlService: Package event received: 0
04-21 00:10:32.056  4433  4755 D BusinessScope: Finish running the #48744 block
04-21 00:10:32.057 16311 16311 D CompatChangeReporter: Compat change id reported: 242716250; UID 10451; state: ENABLED
04-21 00:10:32.063 16311 16311 D ApplicationLoaders: Returning zygote-cached class loader: /system_ext/framework/androidx.window.extensions.jar
04-21 00:10:32.064 16311 16311 D ApplicationLoaders: Returning zygote-cached class loader: /system_ext/framework/androidx.window.sidecar.jar
04-21 00:10:32.069  1643  2234 D ActivityManager: sync unfroze 31341 com.google.android.apps.tachyon for 6
04-21 00:10:32.071  5705 16102 I edka    : (REDACTED) appOpsListener %s %s
04-21 00:10:32.071  5705 16102 I edka    : (REDACTED) Ignoring irrelevant audio permission changes for package %s
04-21 00:10:32.072 21077 21077 I pixel-thermal: VIRTUAL-SKIN-MODEL: model_input: [28433.00 30681.00 28634.00 28812.00 30058.00 28990.00 30370.00 28611.00 ]
04-21 00:10:32.072 21077 21077 I native  : I0000 00:00:1776744632.072225   21077 thermal_tflite_wrapper.cc:261] ThermalTfliteInvoke
04-21 00:10:32.072 21077 21077 I pixel-thermal: VIRTUAL-SKIN-MODEL: model_output: [28423.7 ]
04-21 00:10:32.072 21077 21077 I pixel-thermal: VIRTUAL-SKIN-MODEL: predicted_value: [28423.7 ]
04-21 00:10:32.072 21077 21077 I pixel-thermal: Power data LPM_ACTIVE_RAILS_TRANS is under collecting
04-21 00:10:32.072 21077 21077 I pixel-thermal: ShutdownModePowerTrans data is under collecting
04-21 00:10:32.072 21077 21077 I pixel-thermal: Thermal sensor ShutdownModePowerTrans is under collecting
04-21 00:10:32.072 21077 21077 I pixel-thermal: Power data LPM_ACTIVE_RAILS_STEADY is under collecting
04-21 00:10:32.072 21077 21077 I pixel-thermal: ShutdownModePowerSteady data is under collecting
04-21 00:10:32.072 21077 21077 I pixel-thermal: Thermal sensor ShutdownModePowerSteady is under collecting
04-21 00:10:32.072 21077 21077 I pixel-thermal: VIRTUAL-SKIN:28.4152 raw data: VIRTUAL-SKIN:28415.2 VIRTUAL-SKIN-LEGACY:28375 VIRTUAL-SKIN-LEGACY-MODEL-DIFF:-48.7715 VIRTUAL-SKIN-LEGACY-SHUTDOWN:0 VIRTUAL-SKIN-MODEL:28423.7 VIRTUAL-SKIN-MODEL-CLAMPED:28423.7 VIRTUAL-SKIN-MODEL-LEGACY-DIFF:48.7715 VIRTUAL-SKIN-MODEL-UPDATED:28415.2 VIRTUAL-SKIN-MODEL-UPPER-CLAMPED:28423.7 VIRTUAL-SKIN-SUB-0:24520.7 VIRTUAL-SKIN-SUB-1:27061.6 VIRTUAL-SKIN-SUB-2:28296.3 VIRTUAL-SKIN-SUB-3:28191.1 VIRTUAL-SKIN-SUB-4:26079.4 VIRTUAL-SKIN-SUB-5:28375 VIRTUAL-SKIN-SUB-6:28088.8 VT_LEGACY_WEIGHT:0 VT_MODEL_WEIGHT:1 btmspkr_therm:28433 charging_therm:30681 disp_therm:28634 north_therm:28812 quiet_therm:30058 rfpa_therm:28990 soc_therm:30370 usb_pwr_therm:28611 
04-21 00:10:32.074  1643  2234 D ActivityManager: sync unfroze 27841 com.squareup.cash for 6
04-21 00:10:32.077 27841 27841 D WM-DelayedWorkTracker: Scheduling work 35e439a1-a4b6-429d-9eb5-5322ec3297fc
04-21 00:10:32.078 27841 27841 D WM-GreedyScheduler: Starting tracking for 35e439a1-a4b6-429d-9eb5-5322ec3297fc
04-21 00:10:32.079  1643  2234 W JobServiceContext: Sending onNetworkChanged for a job that isn't started. JobStatus{48d6dae androidx.work.systemjobscheduler:u0a309/305 #SandboxedCoroutineWorker#@androidx.work.systemjobscheduler@com.squareup.cash/androidx.work.impl.background.systemjob.SystemJobService u=0 s=10309 TIME=-2m12s396ms:none NET READY}
04-21 00:10:32.084  1643  1720 I DisplayDeviceRepository: Display device changed render timings: "Built-in Screen", renderFrameRate=120.00002, presentationDeadlineNanos=11499999, appVsyncOffsetNanos=6233332, frameRateOverrides=[{uid=10174 frameRateHz=120.00002}, {uid=10247 frameRateHz=120.00002}, {uid=10258 frameRateHz=120.00002}]
04-21 00:10:32.084 27841 27886 D WM-ConstraintTracker: NetworkStateTracker24: initial state = NetworkState(isConnected=true, isValidated=true, isMetered=false, isNotRoaming=true, isBlocked=false)
04-21 00:10:32.084 27841 27886 D WM-NetworkStateTracker: Registering network callback
04-21 00:10:32.086  1643  5862 D ConnectivityService: requestNetwork for uid/pid:10309/27841 activeRequest: null callbackRequest: 6962 [NetworkRequest [ REQUEST id=6963, [ Capabilities: INTERNET&NOT_RESTRICTED&TRUSTED&NOT_VCN_MANAGED&NOT_BANDWIDTH_CONSTRAINED Uid: 10309 RequestorUid: 10309 RequestorPkg: com.squareup.cash UnderlyingNetworks: Null] ]] callback flags: 0 order: 2147483647 isUidTracked: false declaredMethods: AVAIL|LOST|NC|BLK
04-21 00:10:32.086  1127  4421 D DeviceHalAidl: [default] setParameters: parameters: "screen_state=on"
04-21 00:10:32.086  1057  1176 D ASvc::Module: updateScreenState: 1
04-21 00:10:32.086  1127  4421 D DeviceHalAidl: [r_submix] setParameters: parameters: "screen_state=on"
04-21 00:10:32.086  1057  1176 D AHAL_Module: updateScreenState: r_submix: 1
04-21 00:10:32.086  1127  4421 D DeviceHalAidl: [bluetooth] setParameters: parameters: "screen_state=on"
04-21 00:10:32.086  1057  1176 D AHAL_Module: updateScreenState: bluetooth: 1
04-21 00:10:32.087 27841 27886 D WM-GreedyScheduler: Constraints met: Scheduling work ID WorkGenerationalId(workSpecId=35e439a1-a4b6-429d-9eb5-5322ec3297fc, generation=0)
04-21 00:10:32.087  1126  5674 I WifiHAL : Creating message to get link statistics; iface = 47
04-21 00:10:32.088 27841 27871 D WM-NetworkStateTracker: Network capabilities changed: [ Transports: WIFI Capabilities: NOT_METERED&INTERNET&NOT_RESTRICTED&TRUSTED&NOT_VPN&VALIDATED&NOT_ROAMING&FOREGROUND&NOT_CONGESTED&NOT_SUSPENDED&NOT_VCN_MANAGED&NOT_BANDWIDTH_CONSTRAINED LinkUpBandwidth>=22888Kbps LinkDnBandwidth>=57880Kbps TransportInfo: <SSID: <unknown ssid>, BSSID: 02:00:00:00:00:00, MAC: 02:00:00:00:00:00, IP: /192.168.1.21, Security type: 4, Supplicant state: COMPLETED, Wi-Fi standard: 11ax, RSSI: -41, Link speed: 907Mbps, Tx Link speed: 907Mbps, Max Supported Tx Link speed: 1200Mbps, Rx Link speed: 1200Mbps, Max Supported Rx Link speed: 1200Mbps, Frequency: 5765MHz, Net ID: -1, Metered hint: false, score: 52, isUsable: true, CarrierMerged: false, SubscriptionId: -1, IsPrimary: -1, Trusted: true, Restricted: false, Ephemeral: false, OEM paid: false, OEM private: false, OSU AP: false, FQDN: <none>, Provider friendly name: <none>, Requesting package name: <none><none>MLO Information: , Is TID-To-Link negotiation supported by the AP: false, AP MLD Address: <none>, AP MLO Link Id: <none>, AP MLO Affiliated links: <none>, Vendor Data: <none>> SignalStrength: -41 UnderlyingNetworks: Null]
04-21 00:10:32.089 31341 31341 D ActivityThread: Package [com.adamoutler.ssh] reported as REPLACED, but missing application info. Assuming REMOVED.
04-21 00:10:32.089 27841 27871 D WM-NetworkStateTracker: Network blocked status changed: false
04-21 00:10:32.089 31341 31341 D ActivityThread: Package [com.adamoutler.ssh] reported as REPLACED, but missing application info. Assuming REMOVED.
04-21 00:10:32.089  1643  4139 D ConnectivityService: NetReassign [6963 : null → 105] [c 0] [a 1] [i 2]
04-21 00:10:32.095 27841 27886 D WM-Processor: Processor: processing WorkGenerationalId(workSpecId=35e439a1-a4b6-429d-9eb5-5322ec3297fc, generation=0)
04-21 00:10:32.098 27841 27841 D WM-SystemJobService: onStartJob for WorkGenerationalId(workSpecId=35e439a1-a4b6-429d-9eb5-5322ec3297fc, generation=0)
04-21 00:10:32.100 29640 29640 D b/417220811: invalidateLoadedTasks - previous requestLoadId: -1
04-21 00:10:32.103 27841 27886 D WM-Processor: Processor cancelling 35e439a1-a4b6-429d-9eb5-5322ec3297fc
04-21 00:10:32.104 27841 27886 D WM-Processor: WorkerWrapper interrupted for 35e439a1-a4b6-429d-9eb5-5322ec3297fc
04-21 00:10:32.110 27841 27886 D WM-GreedyScheduler: Cancelling work ID 35e439a1-a4b6-429d-9eb5-5322ec3297fc
04-21 00:10:32.111 27841 27841 D WM-SystemJobService: onStopJob for WorkGenerationalId(workSpecId=35e439a1-a4b6-429d-9eb5-5322ec3297fc, generation=0)
04-21 00:10:32.113  1643  5862 W JobScheduler: Job didn't exist in JobStore: 48d6dae {androidx.work.systemjobscheduler} #u0a309/305 #SandboxedCoroutineWorker#@androidx.work.systemjobscheduler@com.squareup.cash/androidx.work.impl.background.systemjob.SystemJobService
04-21 00:10:32.123 27841 27886 W JobInfo : Requested important-while-foreground flag for job306 is ignored and takes no effect
04-21 00:10:32.123 27841 27886 D WM-SystemJobScheduler: Scheduling work ID cacd5c55-a50e-4b92-a9b2-e6ba1b0f0253Job ID 306
04-21 00:10:32.127 27841 27886 D WM-GreedyScheduler: Starting tracking for cacd5c55-a50e-4b92-a9b2-e6ba1b0f0253
04-21 00:10:32.127 27841 27871 D WM-NetworkStateTracker: Network blocked status changed: false
04-21 00:10:32.128 27841 27886 D WM-WorkerWrapper: Status for 35e439a1-a4b6-429d-9eb5-5322ec3297fc is null ; not doing any work
04-21 00:10:32.129 27841 27841 D WM-Processor: Processor 35e439a1-a4b6-429d-9eb5-5322ec3297fc executed; reschedule = false
04-21 00:10:32.129 27841 27841 D WM-GreedyScheduler: Stopping tracking for WorkGenerationalId(workSpecId=35e439a1-a4b6-429d-9eb5-5322ec3297fc, generation=0)
04-21 00:10:32.129 27841 27886 W WM-Processor: Didn't find WorkSpec for id WorkGenerationalId(workSpecId=35e439a1-a4b6-429d-9eb5-5322ec3297fc, generation=0)
04-21 00:10:32.129 27841 27886 D WM-StopWorkRunnable: StopWorkRunnable for 35e439a1-a4b6-429d-9eb5-5322ec3297fc; Processor.stopWork = false
04-21 00:10:32.129 27841 27886 D WM-StopWorkRunnable: StopWorkRunnable for 35e439a1-a4b6-429d-9eb5-5322ec3297fc; Processor.stopWork = false
04-21 00:10:32.130 27841 27886 D WM-GreedyScheduler: Cancelling work ID 35e439a1-a4b6-429d-9eb5-5322ec3297fc
04-21 00:10:32.131 27841 27886 D WM-GreedyScheduler: Starting tracking for cacd5c55-a50e-4b92-a9b2-e6ba1b0f0253
04-21 00:10:32.131 27841 27886 D WM-NetworkStateTracker: Unregistering network callback
04-21 00:10:32.138 27841 27886 D WM-GreedyScheduler: Cancelling work ID 35e439a1-a4b6-429d-9eb5-5322ec3297fc
04-21 00:10:32.139 27841 27886 D WM-GreedyScheduler: Starting tracking for cacd5c55-a50e-4b92-a9b2-e6ba1b0f0253
04-21 00:10:32.140 27841 27886 D WM-ConstraintTracker: NetworkStateTracker24: initial state = NetworkState(isConnected=true, isValidated=true, isMetered=false, isNotRoaming=true, isBlocked=false)
04-21 00:10:32.141 27841 27886 D WM-NetworkStateTracker: Registering network callback
04-21 00:10:32.142  1643  5862 D ConnectivityService: requestNetwork for uid/pid:10309/27841 activeRequest: null callbackRequest: 6964 [NetworkRequest [ REQUEST id=6965, [ Capabilities: INTERNET&NOT_RESTRICTED&TRUSTED&NOT_VCN_MANAGED&NOT_BANDWIDTH_CONSTRAINED Uid: 10309 RequestorUid: 10309 RequestorPkg: com.squareup.cash UnderlyingNetworks: Null] ]] callback flags: 0 order: 2147483647 isUidTracked: false declaredMethods: AVAIL|LOST|NC|BLK
04-21 00:10:32.144 27841 27886 D WM-GreedyScheduler: Constraints met: Scheduling work ID WorkGenerationalId(workSpecId=cacd5c55-a50e-4b92-a9b2-e6ba1b0f0253, generation=0)
04-21 00:10:32.144 27841 27871 D WM-NetworkStateTracker: Network capabilities changed: [ Transports: WIFI Capabilities: NOT_METERED&INTERNET&NOT_RESTRICTED&TRUSTED&NOT_VPN&VALIDATED&NOT_ROAMING&FOREGROUND&NOT_CONGESTED&NOT_SUSPENDED&NOT_VCN_MANAGED&NOT_BANDWIDTH_CONSTRAINED LinkUpBandwidth>=22888Kbps LinkDnBandwidth>=57880Kbps TransportInfo: <SSID: <unknown ssid>, BSSID: 02:00:00:00:00:00, MAC: 02:00:00:00:00:00, IP: /192.168.1.21, Security type: 4, Supplicant state: COMPLETED, Wi-Fi standard: 11ax, RSSI: -41, Link speed: 907Mbps, Tx Link speed: 907Mbps, Max Supported Tx Link speed: 1200Mbps, Rx Link speed: 1200Mbps, Max Supported Rx Link speed: 1200Mbps, Frequency: 5765MHz, Net ID: -1, Metered hint: false, score: 52, isUsable: true, CarrierMerged: false, SubscriptionId: -1, IsPrimary: -1, Trusted: true, Restricted: false, Ephemeral: false, OEM paid: false, OEM private: false, OSU AP: false, FQDN: <none>, Provider friendly name: <none>, Requesting package name: <none><none>MLO Information: , Is TID-To-Link negotiation supported by the AP: false, AP MLD Address: <none>, AP MLO Link Id: <none>, AP MLO Affiliated links: <none>, Vendor Data: <none>> SignalStrength: -41 UnderlyingNetworks: Null]
04-21 00:10:32.144 27841 27871 D WM-NetworkStateTracker: Network blocked status changed: false
04-21 00:10:32.145 27841 27886 D WM-Processor: Processor: processing WorkGenerationalId(workSpecId=cacd5c55-a50e-4b92-a9b2-e6ba1b0f0253, generation=0)
04-21 00:10:32.146  1643  4139 D ConnectivityService: NetReassign [6965 : null → 105] [c 0] [a 1] [i 1]
04-21 00:10:32.157 27841 27841 D WM-WorkerWrapper: Starting work for com.squareup.util.workmanager.SandboxedCoroutineWorker
04-21 00:10:32.161 27841 27901 I WM-WorkerWrapper: Worker result RETRY for Work [ id=cacd5c55-a50e-4b92-a9b2-e6ba1b0f0253, tags={ com.squareup.util.workmanager.SandboxedCoroutineWorker } ]
04-21 00:10:32.162 27841 27841 D WM-Processor: Processor cacd5c55-a50e-4b92-a9b2-e6ba1b0f0253 executed; reschedule = true
04-21 00:10:32.162 27841 27841 D WM-GreedyScheduler: Stopping tracking for WorkGenerationalId(workSpecId=cacd5c55-a50e-4b92-a9b2-e6ba1b0f0253, generation=0)
04-21 00:10:32.164 27841 27901 D WM-GreedyScheduler: Cancelling work ID cacd5c55-a50e-4b92-a9b2-e6ba1b0f0253
04-21 00:10:32.168 27841 27901 D WM-SystemJobScheduler: Scheduling work ID cacd5c55-a50e-4b92-a9b2-e6ba1b0f0253Job ID 307
04-21 00:10:32.175 27841 27901 D WM-NetworkStateTracker: Unregistering network callback
04-21 00:10:32.185  1126  5674 I WifiHAL : Getting cached scan results, iface handle = 0xb4000075c5edd690
04-21 00:10:32.185  1126  5674 E WifiHAL : Creating message to get cached scan results
04-21 00:10:32.197  1126  5674 I WifiHAL : In GetCachedScanResultsCommand::handleResponse
04-21 00:10:32.240  1643  4132 D WifiNetworkFactory: got request NetworkRequest [ REQUEST id=6963, [ Capabilities: INTERNET&NOT_RESTRICTED&TRUSTED&NOT_VCN_MANAGED&NOT_BANDWIDTH_CONSTRAINED Uid: 10309 RequestorUid: 10309 RequestorPkg: com.squareup.cash UnderlyingNetworks: Null] ]
04-21 00:10:32.240  1643  4132 D UntrustedWifiNetworkFactory: got request NetworkRequest [ REQUEST id=6963, [ Capabilities: INTERNET&NOT_RESTRICTED&TRUSTED&NOT_VCN_MANAGED&NOT_BANDWIDTH_CONSTRAINED Uid: 10309 RequestorUid: 10309 RequestorPkg: com.squareup.cash UnderlyingNetworks: Null] ]
04-21 00:10:32.240  1643  4132 D OemPaidWifiNetworkFactory: got request NetworkRequest [ REQUEST id=6963, [ Capabilities: INTERNET&NOT_RESTRICTED&TRUSTED&NOT_VCN_MANAGED&NOT_BANDWIDTH_CONSTRAINED Uid: 10309 RequestorUid: 10309 RequestorPkg: com.squareup.cash UnderlyingNetworks: Null] ]
04-21 00:10:32.240  1643  4132 D MultiInternetWifiNetworkFactory: got request NetworkRequest [ REQUEST id=6963, [ Capabilities: INTERNET&NOT_RESTRICTED&TRUSTED&NOT_VCN_MANAGED&NOT_BANDWIDTH_CONSTRAINED Uid: 10309 RequestorUid: 10309 RequestorPkg: com.squareup.cash UnderlyingNetworks: Null] ]
04-21 00:10:32.240  1643  4132 D WifiNetworkFactory: got request NetworkRequest [ REQUEST id=6965, [ Capabilities: INTERNET&NOT_RESTRICTED&TRUSTED&NOT_VCN_MANAGED&NOT_BANDWIDTH_CONSTRAINED Uid: 10309 RequestorUid: 10309 RequestorPkg: com.squareup.cash UnderlyingNetworks: Null] ]
04-21 00:10:32.240  1643  4132 D UntrustedWifiNetworkFactory: got request NetworkRequest [ REQUEST id=6965, [ Capabilities: INTERNET&NOT_RESTRICTED&TRUSTED&NOT_VCN_MANAGED&NOT_BANDWIDTH_CONSTRAINED Uid: 10309 RequestorUid: 10309 RequestorPkg: com.squareup.cash UnderlyingNetworks: Null] ]
04-21 00:10:32.240  1643  4132 D OemPaidWifiNetworkFactory: got request NetworkRequest [ REQUEST id=6965, [ Capabilities: INTERNET&NOT_RESTRICTED&TRUSTED&NOT_VCN_MANAGED&NOT_BANDWIDTH_CONSTRAINED Uid: 10309 RequestorUid: 10309 RequestorPkg: com.squareup.cash UnderlyingNetworks: Null] ]
04-21 00:10:32.240  1643  4132 D MultiInternetWifiNetworkFactory: got request NetworkRequest [ REQUEST id=6965, [ Capabilities: INTERNET&NOT_RESTRICTED&TRUSTED&NOT_VCN_MANAGED&NOT_BANDWIDTH_CONSTRAINED Uid: 10309 RequestorUid: 10309 RequestorPkg: com.squareup.cash UnderlyingNetworks: Null] ]
04-21 00:10:32.242  1643  4139 D ConnectivityService: NetReassign [no changes] [c 0] [a 0] [i 1]
04-21 00:10:32.289 16311 16311 D nativeloader: Configuring clns-9 for other apk /data/app/~~YPI-MXZxTSEUSN9GK73xqg==/com.adamoutler.ssh-Lor3RK4KXKSVUBaOQAAomA==/base.apk. target_sdk_version=34, uses_libraries=, library_path=/data/app/~~YPI-MXZxTSEUSN9GK73xqg==/com.adamoutler.ssh-Lor3RK4KXKSVUBaOQAAomA==/lib/arm64:/data/app/~~YPI-MXZxTSEUSN9GK73xqg==/com.adamoutler.ssh-Lor3RK4KXKSVUBaOQAAomA==/base.apk!/lib/arm64-v8a, permitted_path=/data:/mnt/expand:/data/user/0/com.adamoutler.ssh
04-21 00:10:32.293 16311 16311 V GraphicsEnvironment: Currently set values for:
04-21 00:10:32.293 16311 16311 V GraphicsEnvironment:   angle_gl_driver_selection_pkgs=[com.android.angle]
04-21 00:10:32.293 16311 16311 V GraphicsEnvironment:   angle_gl_driver_selection_values=[angle]
04-21 00:10:32.293 16311 16311 V GraphicsEnvironment: com.adamoutler.ssh is not listed in per-application setting
04-21 00:10:32.293 16311 16311 V GraphicsEnvironment: No special selections for ANGLE, returning default driver choice
04-21 00:10:32.293 16311 16311 V GraphicsEnvironment: Neither updatable production driver nor prerelease driver is supported.
04-21 00:10:32.342 15746 16057 I NearbySharing: Got package event: PackageReplaced(packageName=com.adamoutler.ssh)
04-21 00:10:32.549  4233  4277 V WindowManagerShell: Transition animation finished (aborted=false), notifying core (#133) android.os.BinderProxy@867bedb@0
04-21 00:10:32.551  5599  5599 D VRI[DeskClock]: visibilityChanged oldVisibility=true newVisibility=false
04-21 00:10:32.551  5599  5599 D VRI[DeskClock]: visibilityChanged oldVisibility=true newVisibility=false
04-21 00:10:32.551  1643  1710 V WindowManager: Finish Transition (#133): created at 04-21 00:10:31.979 collect-started=0.898ms request-sent=14.849ms started=19.648ms ready=30.231ms sent=32.232ms commit=38.984ms finished=571.106ms
04-21 00:10:32.551  4233  4277 V WindowManagerShell: Track 0 became idle
04-21 00:10:32.551  4233  4277 V WindowManagerShell: All active transition animations finished
04-21 00:10:32.553  1643  4211 W ImageReader_JNI: Unable to acquire a buffer item, very likely client tried to acquire more than maxImages buffers
04-21 00:10:32.561  1643  1720 I DisplayDeviceRepository: Display device changed render timings: "Built-in Screen", renderFrameRate=120.00002, presentationDeadlineNanos=11499999, appVsyncOffsetNanos=6233332, frameRateOverrides=[{uid=10247 frameRateHz=60.00001}, {uid=10258 frameRateHz=120.00002}]
04-21 00:10:32.575 16311 16311 I Choreographer: Skipped 32 frames!  The application may be doing too much work on its main thread.
04-21 00:10:32.575  1643  4189 D BackgroundInstallControlService: Package event received: 0
04-21 00:10:32.575  1643  4189 D BackgroundInstallControlService: Package event received: 0
04-21 00:10:32.576  1643  2233 V Configuration: Updating configuration, locales updated from [] to [en_US]
04-21 00:10:32.576  1643  2233 V Configuration: Updating configuration, locales updated from [] to [en_US]
04-21 00:10:32.576  1643  2233 V Configuration: Updating configuration, locales updated from [] to [en_US]
04-21 00:10:32.576  1643  2233 V Configuration: Updating configuration, locales updated from [] to [en_US]
04-21 00:10:32.576  1643  2233 V Configuration: Updating configuration, locales updated from [] to [en_US]
04-21 00:10:32.576  1643  2233 V Configuration: Updating configuration, locales updated from [] to [en_US]
04-21 00:10:32.576 21077 21077 I pixel-thermal: VIRTUAL-USB-UI:0 raw data: USB-MINUS-CHARGING:-2070 VIRTUAL-USB-UI:0 charging_therm:30681 usb_pwr_therm:28611 
04-21 00:10:32.576 21077 21077 I pixel-thermal: VIRTUAL-USB-THROTTLING:0 raw data: USB-MINUS-CHARGING:-2070 VIRTUAL-USB-THROTTLING:0 usb_pwr_therm:28611 
04-21 00:10:32.576 21077 21077 I pixel-thermal: VIRTUAL-SKIN-CHARGE-PERSIST:28.3803 raw data: VIRTUAL-SKIN-CHARGE:28380.3 VIRTUAL-SKIN-CHARGE-PERSIST:28380.3 VIRTUAL-SKIN-CHARGE-SUB-0:24520.7 VIRTUAL-SKIN-CHARGE-SUB-1:26079.4 VIRTUAL-SKIN-CHARGE-SUB-2:28239.1 VIRTUAL-SKIN-CHARGE-SUB-3:28296.2 VIRTUAL-SKIN-CHARGE-SUB-4:28380.3 VIRTUAL-SKIN-CHARGE-SUB-5:28088.8 btmspkr_therm:28433 charging_therm:30681 disp_therm:28634 north_therm:28812 quiet_therm:30058 rfpa_therm:28990 soc_therm:30370 usb_pwr_therm:28611 
04-21 00:10:32.576 21077 21077 I pixel-thermal: cellular-emergency:28.4152 raw data: VIRTUAL-SKIN:28415.2 cellular-emergency:28415.2 
04-21 00:10:32.576 21077 21077 I pixel-thermal: soc_therm:30.37 raw data: soc_therm:30370 
04-21 00:10:32.576 21077 21077 I pixel-thermal: ShutdownMode:28.4152 raw data: ShutdownMode:28415.2 VIRTUAL-SKIN:28415.2 
04-21 00:10:32.576 21077 21077 I pixel-thermal: VIRTUAL-SKIN-SPEAKER:32.5835 raw data: VIRTUAL-SKIN-SPEAKER:32583.5 VIRTUAL-SKIN-SPEAKER-SUB-0:32583.5 btmspkr_therm:28433 charging_therm:30681 disp_therm:28634 north_therm:28812 quiet_therm:30058 rfpa_therm:28990 soc_therm:30370 usb_pwr_therm:28611 
04-21 00:10:32.576 21077 21077 I pixel-thermal: VIRTUAL-SKIN-CHARGE-WIRED:28.3803 raw data: NO_WLC:1 VIRTUAL-SKIN-CHARGE:28380.3 VIRTUAL-SKIN-CHARGE-WIRED:28380.3 WLC_CHECK:1 thb_hda:54 
04-21 00:10:32.576 21077 21077 I pixel-thermal: btmspkr_therm:28.433 raw data: btmspkr_therm:28433 
04-21 00:10:32.576 21077 21077 I pixel-thermal: Power data LPM_ACTIVE_RAILS_TRANS is under collecting
04-21 00:10:32.576 21077 21077 I pixel-thermal: ShutdownModePowerTrans data is under collecting
04-21 00:10:32.576 21077 21077 I pixel-thermal: Thermal sensor ShutdownModePowerTrans is under collecting
04-21 00:10:32.576 21077 21077 I pixel-thermal: Power data LPM_ACTIVE_RAILS_STEADY is under collecting
04-21 00:10:32.576 21077 21077 I pixel-thermal: ShutdownModePowerSteady data is under collecting
04-21 00:10:32.576 21077 21077 I pixel-thermal: Thermal sensor ShutdownModePowerSteady is under collecting
04-21 00:10:32.576 21077 21077 I pixel-thermal: VIRTUAL-SKIN:28.4152 raw data: VIRTUAL-SKIN:28415.2 
04-21 00:10:32.577 21077 21077 I pixel-thermal: Power data LPM_ACTIVE_RAILS_TRANS is under collecting
04-21 00:10:32.577 21077 21077 I pixel-thermal: ShutdownModePowerTrans data is under collecting
04-21 00:10:32.577 21077 21077 I pixel-thermal: Thermal sensor ShutdownModePowerTrans is under collecting
04-21 00:10:32.577 21077 21077 I pixel-thermal: usb_pwr_therm:28.611 raw data: usb_pwr_therm:28611 
04-21 00:10:32.577 21077 21077 I pixel-thermal: quiet_therm:30.058 raw data: quiet_therm:30058 
04-21 00:10:32.577 21077 21077 I pixel-thermal: charging_therm:30.681 raw data: charging_therm:30681 
04-21 00:10:32.577 21077 21077 I pixel-thermal: disp_therm:28.634 raw data: disp_therm:28634 
04-21 00:10:32.577 21077 21077 I pixel-thermal: rfpa_therm:28.99 raw data: rfpa_therm:28990 
04-21 00:10:32.577  1643  2233 V Configuration: Updating configuration, locales updated from [] to [en_US]
04-21 00:10:32.577  1643  2233 V Configuration: Updating configuration, locales updated from [] to [en_US]
04-21 00:10:32.577 21077 21077 I pixel-thermal: battery:28.1 raw data: battery:28100 
04-21 00:10:32.577  1643  2233 V Configuration: Updating configuration, locales updated from [] to [en_US]
04-21 00:10:32.577 21077 21077 I pixel-thermal: north_therm:28.812 raw data: north_therm:28812 
04-21 00:10:32.577 21077 21077 I pixel-thermal: ShutdownModeSteady:28.4152 raw data: ShutdownModeSteady:28415.2 VIRTUAL-SKIN:28415.2 
04-21 00:10:32.577 21077 21077 I pixel-thermal: Power data LPM_ACTIVE_RAILS_STEADY is under collecting
04-21 00:10:32.577 21077 21077 I pixel-thermal: ShutdownModePowerSteady data is under collecting
04-21 00:10:32.577 21077 21077 I pixel-thermal: Thermal sensor ShutdownModePowerSteady is under collecting
04-21 00:10:32.577  1643  2233 V Configuration: Updating configuration, locales updated from [] to [en_US]
04-21 00:10:32.577  1643  2233 V Configuration: Updating configuration, locales updated from [] to [en_US]
04-21 00:10:32.577  1643  2233 V Configuration: Updating configuration, locales updated from [] to [en_US]
04-21 00:10:32.577  1643  2233 V Configuration: Updating configuration, locales updated from [] to [en_US]
04-21 00:10:32.577  1643  2233 V Configuration: Updating configuration, locales updated from [] to [en_US]
04-21 00:10:32.577  1643  2233 V Configuration: Updating configuration, locales updated from [] to [en_US]
04-21 00:10:32.577  1643  2233 V Configuration: Updating configuration, locales updated from [] to [en_US]
04-21 00:10:32.578 16311 16399 I DisplayManager: Choreographer implicitly registered for the refresh rate.
04-21 00:10:32.579 16311 16399 D vulkan  : searching for layers in '/data/app/~~YPI-MXZxTSEUSN9GK73xqg==/com.adamoutler.ssh-Lor3RK4KXKSVUBaOQAAomA==/lib/arm64'
04-21 00:10:32.579 16311 16399 D vulkan  : searching for layers in '/data/app/~~YPI-MXZxTSEUSN9GK73xqg==/com.adamoutler.ssh-Lor3RK4KXKSVUBaOQAAomA==/base.apk!/lib/arm64-v8a'
04-21 00:10:32.579  1643  2233 D IntervalStats: Unable to parse usage stats packages: [525]
04-21 00:10:32.580  1643  2233 D IntervalStats: Unable to parse event packages: [525]
04-21 00:10:32.581  1643  2233 V Configuration: Updating configuration, locales updated from [] to [en_US]
04-21 00:10:32.581  1643  2233 V Configuration: Updating configuration, locales updated from [] to [en_US]
04-21 00:10:32.581  1643  2233 V Configuration: Updating configuration, locales updated from [] to [en_US]
04-21 00:10:32.581 16311 16311 D DesktopExperienceFlags: Toggle override initialized to: false
04-21 00:10:32.585  1643  2233 V Configuration: Updating configuration, locales updated from [] to [en_US]
04-21 00:10:32.589 16311 16311 D DesktopModeFlags: Toggle override initialized to: OVERRIDE_UNSET
04-21 00:10:32.600 16311 16311 I ContentCaptureHelper: Setting logging level to OFF
04-21 00:10:32.673 16311 16311 D VRI[MainActivity]: WindowInsets changed: 1989x960 statusBars:[0,54,0,0] navigationBars:[108,0,0,0] mandatorySystemGestures:[108,54,0,0] 
04-21 00:10:32.675 16311 16311 D WindowOnBackDispatcher: setTopOnBackInvokedCallback (unwrapped): android.view.ViewRootImpl$$ExternalSyntheticLambda25@ff760d6
04-21 00:10:32.675  1643  4653 D CoreBackPreview: Window{5f7448f u0 com.adamoutler.ssh/com.adamoutler.ssh.MainActivity}: Setting back callback OnBackInvokedCallbackInfo{mCallback=android.window.IOnBackInvokedCallback$Stub$Proxy@fd164a1, mPriority=0, mIsAnimationCallback=false, mOverrideBehavior=0}
04-21 00:10:32.692 16311 16311 W .adamoutler.ssh: Method boolean androidx.compose.runtime.snapshots.SnapshotStateList.conditionalUpdate(boolean, kotlin.jvm.functions.Function1) failed lock verification and will run slower.
04-21 00:10:32.692 16311 16311 W .adamoutler.ssh: Common causes for lock verification issues are non-optimized dex code
04-21 00:10:32.692 16311 16311 W .adamoutler.ssh: and incorrect proguard optimizations.
04-21 00:10:32.692 16311 16311 W .adamoutler.ssh: Method boolean androidx.compose.runtime.snapshots.SnapshotStateList.conditionalUpdate$default(androidx.compose.runtime.snapshots.SnapshotStateList, boolean, kotlin.jvm.functions.Function1, int, java.lang.Object) failed lock verification and will run slower.
04-21 00:10:32.692 16311 16311 W .adamoutler.ssh: Method java.lang.Object androidx.compose.runtime.snapshots.SnapshotStateList.mutate(kotlin.jvm.functions.Function1) failed lock verification and will run slower.
04-21 00:10:32.692 16311 16311 W .adamoutler.ssh: Method void androidx.compose.runtime.snapshots.SnapshotStateList.update(boolean, kotlin.jvm.functions.Function1) failed lock verification and will run slower.
04-21 00:10:32.692 16311 16311 W .adamoutler.ssh: Method void androidx.compose.runtime.snapshots.SnapshotStateList.update$default(androidx.compose.runtime.snapshots.SnapshotStateList, boolean, kotlin.jvm.functions.Function1, int, java.lang.Object) failed lock verification and will run slower.
04-21 00:10:32.720   615  2091 D libnos_datagram: Calling App 0x02 with params 0x0001
04-21 00:10:32.750  4433  4755 D ImpulseConnection: timeout didn't happen: com.google.android.apps.turbo
04-21 00:10:32.770  4433  4700 D TemperatureStateSource: sequence=23294 actualDelay=10000
04-21 00:10:32.771  4433  4700 D TemperatureStateSource: Reading temperature: sequence=23295
04-21 00:10:32.771   615  2091 D libnos_datagram: App 0x02 returning 0x0
04-21 00:10:32.771 21077 21077 I pixel-thermal: Power data LPM_ACTIVE_RAILS_TRANS is under collecting
04-21 00:10:32.771 21077 21077 I pixel-thermal: ShutdownModePowerTrans data is under collecting
04-21 00:10:32.771 21077 21077 I pixel-thermal: Thermal sensor ShutdownModePowerTrans is under collecting
04-21 00:10:32.771 21077 21077 I pixel-thermal: Power data LPM_ACTIVE_RAILS_STEADY is under collecting
04-21 00:10:32.771 21077 21077 I pixel-thermal: ShutdownModePowerSteady data is under collecting
04-21 00:10:32.771 21077 21077 I pixel-thermal: Thermal sensor ShutdownModePowerSteady is under collecting
04-21 00:10:32.771   615  2091 I citadeld: reportCitadelAppCalled app_id =  2 arg = 1 app_status = 0
04-21 00:10:32.771 21077 21077 I pixel-thermal: VIRTUAL-SKIN:28.4152 raw data: VIRTUAL-SKIN:28415.2 
04-21 00:10:32.771   615  2091 I citadeld: Recorded atom for RPC call
04-21 00:10:32.771  4433  4700 D TemperatureStateSource: getDeviceTemperatures: sequence=23295 deviceTemperatureType=3 temperatureSource=0 temperatures=[28.41522]
04-21 00:10:32.771  4433  4700 D BusinessScope: Enqueuing the block
