04-26 18:55:00.043  1643  1720 I DisplayDeviceRepository: Display device changed render timings: "Built-in Screen", renderFrameRate=120.00002, presentationDeadlineNanos=11499999, appVsyncOffsetNanos=6233332, frameRateOverrides=[]
04-26 18:55:00.045  1643  1711 D WindowManager: DeferredDisplayUpdater: partially applying DisplayInfo(960 x 2142) immediately
04-26 18:55:03.864  1643  1821 D ActivityManager: sync unfroze 23267 com.google.android.gm for 3
04-26 18:55:03.866  1643  1821 D ActivityManager: sync unfroze 23940 com.google.android.webview:sandboxed_process0:org.chromium.content.app.SandboxedProcessService0:0 for 3
04-26 18:55:04.088  1643  4189 D BackgroundInstallControlService: Package event received: 0
04-26 18:55:04.244  1643  4189 D BackgroundInstallControlService: Package event received: 0
04-26 18:55:04.255  1643  5316 D ActivityManager: sync unfroze 5694 com.google.android.gms for 6
04-26 18:55:04.319  1643  4189 D BackgroundInstallControlService: Package event received: 0
04-26 18:55:04.336  1643  4189 D BackgroundInstallControlService: Package event received: 0
04-26 18:55:04.341  1643  2234 D ActivityManager: sync unfroze 11246 com.reddit.frontpage for 6
04-26 18:55:04.358  1643  2234 D ActivityManager: sync unfroze 12325 com.google.android.apps.turbo for 6
04-26 18:55:04.372  1643  2234 W JobServiceContext: Sending onNetworkChanged for a job that isn't started. JobStatus{ce0cf70 androidx.work.systemjobscheduler:u0a329/1311 @androidx.work.systemjobscheduler@com.reddit.frontpage/androidx.work.impl.background.systemjob.SystemJobService u=0 s=10329 TIME=-1m8s175ms:none NET READY}
04-26 18:55:04.375  1643  5975 W ProcessStats: Tracking association SourceState{6dddfa5 system/1000 ImpBg #1203638} whose proc state 6 is better than process ProcessState{5aae1b3 com.google.android.apps.turbo/10149 pkg=com.google.android.apps.turbo} proc state 14 (2 skipped)
04-26 18:55:04.376  5694  5800 E ActivityThread: Failed to find provider info for gmail-ofls
04-26 18:55:05.598  5694 29549 E ActivityThread: Failed to find provider info for gmail-ofls
04-26 18:55:07.546  1643  4189 D BackgroundInstallControlService: Package event received: 0
04-26 18:55:07.758  5694 29549 E ActivityThread: Failed to find provider info for gmail-ofls
04-26 18:55:08.874  5694 29148 E ActivityThread: Failed to find provider info for gmail-ofls
04-26 18:55:13.243  1643  1821 D ActivityManager: sync unfroze 30300 com.thetileapp.tile for 3
04-26 18:55:13.249  1643  1821 D ActivityManager: sync unfroze 28526 com.android.vending for 3
04-26 18:55:13.252  1643  1821 D ActivityManager: sync unfroze 17315 com.android.vending:background for 3
04-26 18:55:13.317  1643  4189 D BackgroundInstallControlService: Package event received: 0
04-26 18:55:14.399  1643  2242 D ActivityManager: freezing 12325 com.google.android.apps.turbo
04-26 18:55:15.288  1643  2242 D ActivityManager: freezing 23940 com.google.android.webview:sandboxed_process0:org.chromium.content.app.SandboxedProcessService0:0
04-26 18:55:17.182  1643  7131 W AlarmManager: Window length 300000ms too short; expanding to 600000ms.
04-26 18:55:23.905  1643  2242 D ActivityManager: freezing 23267 com.google.android.gm
04-26 18:55:30.584  1643  2242 D ActivityManager: freezing 5694 com.google.android.gms
04-26 18:55:32.718  1643  4189 D BackgroundInstallControlService: Package event received: 0
04-26 18:55:38.240  1643  4189 D BackgroundInstallControlService: Package event received: 0
04-26 18:55:39.868  4233 11158 D PowerUI : can't show warning due to - plugged: true status unknown: false
04-26 18:55:43.352  1643  2242 D ActivityManager: freezing 30300 com.thetileapp.tile
04-26 18:55:43.364  1643  2242 D ActivityManager: freezing 28526 com.android.vending
04-26 18:55:43.372  1643  2242 D ActivityManager: freezing 17315 com.android.vending:background
04-26 18:55:43.851  1643  4189 D BackgroundInstallControlService: Package event received: 0
04-26 18:55:46.632  4233 12137 D PowerUI : can't show warning due to - plugged: true status unknown: false
04-26 18:55:57.379  1643  1720 I DisplayDeviceRepository: Display device changed render timings: "Built-in Screen", renderFrameRate=60.00001, presentationDeadlineNanos=11499998, appVsyncOffsetNanos=6233332, frameRateOverrides=[{uid=10247 frameRateHz=60.00001}]
04-26 18:55:57.381  1643  1711 D WindowManager: DeferredDisplayUpdater: partially applying DisplayInfo(960 x 2142) immediately
04-26 18:55:57.884  1643  2242 D ActivityManager: freezing 11246 com.reddit.frontpage
04-26 18:55:58.137  1643  1720 I DisplayDeviceRepository: Display device changed render timings: "Built-in Screen", renderFrameRate=60.00001, presentationDeadlineNanos=11499998, appVsyncOffsetNanos=6233332, frameRateOverrides=[]
04-26 18:56:00.035  1643  1720 I DisplayDeviceRepository: Display device changed render timings: "Built-in Screen", renderFrameRate=60.00001, presentationDeadlineNanos=11499998, appVsyncOffsetNanos=6233332, frameRateOverrides=[{uid=10258 frameRateHz=60.00001}]
04-26 18:56:00.785  1643  1720 I DisplayDeviceRepository: Display device changed render timings: "Built-in Screen", renderFrameRate=60.00001, presentationDeadlineNanos=11499998, appVsyncOffsetNanos=6233332, frameRateOverrides=[]
04-26 18:56:07.791  1643  2234 D ActivityManager: sync unfroze 30300 com.thetileapp.tile for 6
04-26 18:56:07.798  1643  2234 D ActivityManager: sync unfroze 28526 com.android.vending for 6
04-26 18:56:07.801  1643  2234 D ActivityManager: sync unfroze 17315 com.android.vending:background for 6
04-26 18:56:07.827  1643  2234 W JobServiceContext: Sending onNetworkChanged for a job that isn't started. JobStatus{88f500a androidx.work.systemjobscheduler:u0a318/14041 #TileJobWorker#@androidx.work.systemjobscheduler@com.thetileapp.tile/androidx.work.impl.background.systemjob.SystemJobService u=0 s=10318 TIME=-23s286ms:none NET READY}
04-26 18:56:07.827  1643  5975 W ProcessStats: Tracking association SourceState{c9bc4b1 com.android.vending:background/10179 ImpBg #1203777} whose proc state 6 is better than process ProcessState{704cc57 com.android.vending/10179 pkg=com.android.vending} proc state 14 (2 skipped)
04-26 18:56:16.054  1643  4189 D BackgroundInstallControlService: Package event received: 0
04-26 18:56:18.344  1643  2242 D ActivityManager: freezing 30300 com.thetileapp.tile
04-26 18:56:18.353  1643  2242 D ActivityManager: freezing 28526 com.android.vending
04-26 18:56:18.359  1643  2242 D ActivityManager: freezing 17315 com.android.vending:background
04-26 18:56:25.929  1643  4189 D BackgroundInstallControlService: Package event received: 0
04-26 18:56:26.973  4233 13655 D PowerUI : can't show warning due to - plugged: true status unknown: false
04-26 18:56:43.513  1643  1821 D ActivityManager: sync unfroze 5694 com.google.android.gms for 3
04-26 18:56:53.608  1643  2242 D ActivityManager: freezing 5694 com.google.android.gms
04-26 18:56:57.371  1643  1720 I DisplayDeviceRepository: Display device changed render timings: "Built-in Screen", renderFrameRate=60.00001, presentationDeadlineNanos=11499998, appVsyncOffsetNanos=6233332, frameRateOverrides=[{uid=10247 frameRateHz=60.00001}]
04-26 18:56:58.117  1643  1720 I DisplayDeviceRepository: Display device changed render timings: "Built-in Screen", renderFrameRate=60.00001, presentationDeadlineNanos=11499998, appVsyncOffsetNanos=6233332, frameRateOverrides=[]
04-26 18:57:00.054  1643  1720 I DisplayDeviceRepository: Display device changed render timings: "Built-in Screen", renderFrameRate=120.00002, presentationDeadlineNanos=11499999, appVsyncOffsetNanos=6233332, frameRateOverrides=[]
04-26 18:57:00.054  1643  1711 D WindowManager: DeferredDisplayUpdater: partially applying DisplayInfo(960 x 2142) immediately
04-26 18:57:00.722  1643  4189 D BackgroundInstallControlService: Package event received: 0
04-26 18:57:14.083  4233 15351 D PowerUI : can't show warning due to - plugged: true status unknown: false
04-26 18:57:20.514  1643  4189 D BackgroundInstallControlService: Package event received: 0
04-26 18:57:35.239  1643  1870 D AppOpHistoryHelper: MetricHandler reporting 5 records.
04-26 18:57:40.119  1643  4189 D BackgroundInstallControlService: Package event received: 0
04-26 18:57:51.664  1643  1821 W ActivityManager: Stale PhantomProcessRecord {30195 21449:28965:/0}, removing
04-26 18:57:57.376  1643  1720 I DisplayDeviceRepository: Display device changed render timings: "Built-in Screen", renderFrameRate=60.00001, presentationDeadlineNanos=11499998, appVsyncOffsetNanos=6233332, frameRateOverrides=[{uid=10247 frameRateHz=60.00001}]
04-26 18:57:57.377  1643  1711 D WindowManager: DeferredDisplayUpdater: partially applying DisplayInfo(960 x 2142) immediately
04-26 18:57:58.135  1643  1720 I DisplayDeviceRepository: Display device changed render timings: "Built-in Screen", renderFrameRate=60.00001, presentationDeadlineNanos=11499998, appVsyncOffsetNanos=6233332, frameRateOverrides=[]
04-26 18:57:58.164  1643  4189 D BackgroundInstallControlService: Package event received: 0
04-26 18:58:00.052  1643  1720 I DisplayDeviceRepository: Display device changed render timings: "Built-in Screen", renderFrameRate=120.00002, presentationDeadlineNanos=11499999, appVsyncOffsetNanos=6233332, frameRateOverrides=[]
04-26 18:58:00.054  1643  1711 D WindowManager: DeferredDisplayUpdater: partially applying DisplayInfo(960 x 2142) immediately
04-26 18:58:01.183  4233  4837 D PowerUI : can't show warning due to - plugged: true status unknown: false
04-26 18:58:12.185  1643  4189 D BackgroundInstallControlService: Package event received: 0
04-26 18:58:14.953  1643  4189 D BackgroundInstallControlService: Package event received: 0
04-26 18:58:20.651  1643  4189 D BackgroundInstallControlService: Package event received: 0
04-26 18:58:26.225  1643  4189 D BackgroundInstallControlService: Package event received: 0
04-26 18:58:29.046  1643  4189 D BackgroundInstallControlService: Package event received: 0
04-26 18:58:42.105  1643  1818 W NotificationHistory: Attempted to remove conversation for locked/gone/disabled user 0
04-26 18:58:43.146  1643  4189 D BackgroundInstallControlService: Package event received: 0
04-26 18:58:44.769  4233  5421 D PowerUI : can't show warning due to - plugged: true status unknown: false
04-26 18:58:45.313  4233  5669 D PowerUI : can't show warning due to - plugged: true status unknown: false
04-26 18:58:45.374  1643  5975 W AppOps  : Noting op not finished: uid 10186 pkg com.google.android.gms code 113 startTime of in progress event=1777201271835
04-26 18:58:45.389  1643  4653 W AppOps  : Noting op not finished: uid 10186 pkg com.google.android.gms code 113 startTime of in progress event=1777201270451
04-26 18:58:45.412  1643  5316 W AppOps  : Noting op not finished: uid 10186 pkg com.google.android.gms code 79 startTime of in progress event=1777201270471
04-26 18:58:45.818  1643  4189 D BackgroundInstallControlService: Package event received: 0
04-26 18:58:45.854  4233  8601 D PowerUI : can't show warning due to - plugged: true status unknown: false
04-26 18:58:46.361  4233 11158 D PowerUI : can't show warning due to - plugged: true status unknown: false
04-26 18:58:46.376  1643  4653 W AppOps  : Noting op not finished: uid 10186 pkg com.google.android.gms code 113 startTime of in progress event=1777201270451
04-26 18:58:57.385  1643  1720 I DisplayDeviceRepository: Display device changed render timings: "Built-in Screen", renderFrameRate=60.00001, presentationDeadlineNanos=11499998, appVsyncOffsetNanos=6233332, frameRateOverrides=[{uid=10247 frameRateHz=60.00001}]
04-26 18:58:57.386  1643  1711 D WindowManager: DeferredDisplayUpdater: partially applying DisplayInfo(960 x 2142) immediately
04-26 18:58:58.142  1643  1720 I DisplayDeviceRepository: Display device changed render timings: "Built-in Screen", renderFrameRate=60.00001, presentationDeadlineNanos=11499998, appVsyncOffsetNanos=6233332, frameRateOverrides=[]
04-26 18:58:59.820  1643  1821 D ActivityManager: sync unfroze 5694 com.google.android.gms for 3
04-26 18:59:00.033  1643  1720 I DisplayDeviceRepository: Display device changed render timings: "Built-in Screen", renderFrameRate=60.00001, presentationDeadlineNanos=11499998, appVsyncOffsetNanos=6233332, frameRateOverrides=[{uid=10258 frameRateHz=60.00001}]
04-26 18:59:00.784  1643  1720 I DisplayDeviceRepository: Display device changed render timings: "Built-in Screen", renderFrameRate=60.00001, presentationDeadlineNanos=11499998, appVsyncOffsetNanos=6233332, frameRateOverrides=[]
04-26 18:59:09.891  1643  2242 D ActivityManager: freezing 5694 com.google.android.gms
04-26 18:59:10.499  1643  4189 D BackgroundInstallControlService: Package event received: 0
04-26 18:59:10.524  1643  7131 D ActivityManager: sync unfroze 5694 com.google.android.gms for 4
04-26 18:59:10.526  1643  4189 D BackgroundInstallControlService: Package event received: 0
04-26 18:59:14.803  1643  4658 W ProcessStats: Tracking association SourceState{7dcd4a6 com.google.android.gms.persistent/10186 BTop #1203988} whose proc state 2 is better than process ProcessState{3409ad9 com.google.android.gms/10186 pkg=com.google.android.gms} proc state 14 (4 skipped)
04-26 18:59:22.778   609  9408 I keystore2: system/security/keystore2/watchdog/src/lib.rs:371 - Watchdog thread idle -> terminating. Have a great day.
04-26 18:59:23.530  1643  4189 D BackgroundInstallControlService: Package event received: 0
04-26 18:59:23.531  1643  2234 D ActivityManager: sync unfroze 23267 com.google.android.gm for 6
04-26 18:59:23.575  1643  2234 D ActivityManager: sync unfroze 23940 com.google.android.webview:sandboxed_process0:org.chromium.content.app.SandboxedProcessService0:0 for 6
04-26 18:59:23.603  1643  4189 D BackgroundInstallControlService: Package event received: 0
04-26 18:59:23.603  1643  4189 D BackgroundInstallControlService: Package event received: 0
04-26 18:59:23.840  1643  7131 I Telecom : CallsManager: Sending phone-account ComponentInfo{com.google.android.gm/com.google.android.gm}, ***, UserHandle{0} unregistered intent as user: TSI.uPA(cgag)@kVk
04-26 18:59:23.842  1643  7131 I Telecom : CallsManager: Sending phone-account unregistered intent to default dialer: TSI.uPA(cgag)@kVk
04-26 18:59:23.847  1643  7131 W Telecom : TelecomServiceImpl$1: registerPhoneAccount - attempt to set a group from a non-system caller.: TSI.rPA(cgag)@kVo
04-26 18:59:23.847  1643  7131 I Telecom : TelecomServiceImpl$1: registerPhoneAccount: account=[[ ] PhoneAccount: ComponentInfo{com.google.android.gm/com.google.android.gm}, ***, UserHandle{0} Capabilities: SelfManaged SuppVideo Video TransactOps  Audio Routes: BESW Schemes: tel  Extras: Bundle[{isCoreTelecomAccount=true}] GroupId: *** SC Restrictions: [NONE]]: TSI.rPA(cgag)@kVo
04-26 18:59:23.847  1643  7131 W Telecom : PhoneAccountRegistrar: phoneAccount ComponentInfo{com.google.android.gm/com.google.android.gm} not found: TSI.rPA(cgag)@kVo
04-26 18:59:23.847  1643  7131 I Telecom : PhoneAccountRegistrar: New phone account registered: [[ ] PhoneAccount: ComponentInfo{com.google.android.gm/com.google.android.gm}, ***, UserHandle{0} Capabilities: SelfManaged SuppVideo Video TransactOps  Audio Routes: BESW Schemes: tel  Extras: Bundle[{isCoreTelecomAccount=true}] GroupId: *** SC Restrictions: [NONE]]: TSI.rPA(cgag)@kVo
04-26 18:59:23.854  1643  7131 I Telecom : AppLabelProxy: package com.google.android.gm: name is Gmail: TSI.rPA(cgag)@kVo
04-26 18:59:23.856  1643  7131 I Telecom : CallsManager: Sending phone-account ComponentInfo{com.google.android.gm/com.google.android.gm}, ***, UserHandle{0} registered intent as user: TSI.rPA(cgag)@kVo
04-26 18:59:23.857  1643  7131 I Telecom : CallsManager: Sending phone-account registered intent to default dialer: TSI.rPA(cgag)@kVo
04-26 18:59:24.842  1643  5316 W ProcessStats: Tracking association SourceState{7dcd4a6 com.google.android.gms.persistent/10186 BTop #1204002} whose proc state 2 is better than process ProcessState{3409ad9 com.google.android.gms/10186 pkg=com.google.android.gms} proc state 14 (22 skipped)
04-26 18:59:32.405  1643  4189 D BackgroundInstallControlService: Package event received: 0
04-26 18:59:32.479  1643  4189 D BackgroundInstallControlService: Package event received: 0
04-26 18:59:33.994  1643  2242 D ActivityManager: freezing 23267 com.google.android.gm
04-26 18:59:34.003  1643  2242 D ActivityManager: freezing 23940 com.google.android.webview:sandboxed_process0:org.chromium.content.app.SandboxedProcessService0:0
04-26 18:59:35.400  4233 12137 D PowerUI : can't show warning due to - plugged: true status unknown: false
04-26 18:59:35.588  1643  2242 D ActivityManager: freezing 5694 com.google.android.gms
04-26 18:59:46.447  1643  4189 D BackgroundInstallControlService: Package event received: 0
04-26 18:59:57.391  1643  1720 I DisplayDeviceRepository: Display device changed render timings: "Built-in Screen", renderFrameRate=60.00001, presentationDeadlineNanos=11499998, appVsyncOffsetNanos=6233332, frameRateOverrides=[{uid=10247 frameRateHz=60.00001}]
04-26 18:59:58.141  1643  1720 I DisplayDeviceRepository: Display device changed render timings: "Built-in Screen", renderFrameRate=60.00001, presentationDeadlineNanos=11499998, appVsyncOffsetNanos=6233332, frameRateOverrides=[]
04-26 19:00:00.020  1643  1821 D ActivityManager: sync unfroze 4724 com.android.settings for 3
04-26 19:00:00.031  1643  1821 D ActivityManager: sync unfroze 5804 com.android.keychain for 10
04-26 19:00:00.031  1643  1821 D ActivityManager: sync unfroze 31678 com.android.DeviceAsWebcam for 10
04-26 19:00:00.032  1643  1821 D ActivityManager: sync unfroze 16328 system:ui for 10
04-26 19:00:00.037  1643  1821 D ActivityManager: sync unfroze 11029 com.android.dynsystem:dynsystem for 10
04-26 19:00:00.037  1643  1821 D ActivityManager: sync unfroze 11015 com.android.dynsystem for 10
04-26 19:00:00.038  1643  1821 D ActivityManager: sync unfroze 5462 com.google.android.repairmode for 10
04-26 19:00:00.039  1643  1821 D ActivityManager: sync unfroze 6745 com.android.localtransport for 10
04-26 19:00:00.044  1643  1720 I DisplayDeviceRepository: Display device changed render timings: "Built-in Screen", renderFrameRate=120.00002, presentationDeadlineNanos=11499999, appVsyncOffsetNanos=6233332, frameRateOverrides=[]
04-26 19:00:00.051  1643  1711 D WindowManager: DeferredDisplayUpdater: partially applying DisplayInfo(960 x 2142) immediately
04-26 19:00:00.479  1643  4189 D BackgroundInstallControlService: Package event received: 0
04-26 19:00:01.134  1643  1643 D ActivityManager: sync unfroze 3802 com.google.android.apps.weather for 10
04-26 19:00:13.248  1643  1821 D ActivityManager: sync unfroze 30300 com.thetileapp.tile for 3
04-26 19:00:13.253  1643  1821 D ActivityManager: sync unfroze 28526 com.android.vending for 3
04-26 19:00:13.256  1643  1821 D ActivityManager: sync unfroze 17315 com.android.vending:background for 3
04-26 19:00:13.329  1643  4189 D BackgroundInstallControlService: Package event received: 0
04-26 19:00:13.384  1643  4189 D BackgroundInstallControlService: Package event received: 0
04-26 19:00:13.511  1643  7131 D ActivityManager: sync unfroze 5694 com.google.android.gms for 6
04-26 19:00:14.503  1643  4189 D BackgroundInstallControlService: Package event received: 0
04-26 19:00:15.736  1643  4189 D BackgroundInstallControlService: Package event received: 0
04-26 19:00:17.215  1643  1916 W AlarmManager: Window length 300000ms too short; expanding to 600000ms.
04-26 19:00:21.156  1643  2242 D ActivityManager: freezing 4724 com.android.settings
04-26 19:00:21.162  1643  2242 D ActivityManager: freezing 5804 com.android.keychain
04-26 19:00:21.164  1643  2242 D ActivityManager: freezing 31678 com.android.DeviceAsWebcam
04-26 19:00:21.169  1643  2242 D ActivityManager: freezing 16328 system:ui
04-26 19:00:21.172  1643  2242 D ActivityManager: freezing 11029 com.android.dynsystem:dynsystem
04-26 19:00:21.174  1643  2242 D ActivityManager: freezing 11015 com.android.dynsystem
04-26 19:00:21.176  1643  2242 D ActivityManager: freezing 5462 com.google.android.repairmode
04-26 19:00:21.178  1643  2242 D ActivityManager: freezing 6745 com.android.localtransport
04-26 19:00:22.497  4233 13655 D PowerUI : can't show warning due to - plugged: true status unknown: false
04-26 19:00:22.815  1643  4189 D BackgroundInstallControlService: Package event received: 0
04-26 19:00:30.673  1643  2242 D ActivityManager: freezing 5694 com.google.android.gms
04-26 19:00:41.178  1643  2242 D ActivityManager: freezing 3802 com.google.android.apps.weather
04-26 19:00:43.273  1643  2242 D ActivityManager: freezing 30300 com.thetileapp.tile
04-26 19:00:43.281  1643  2242 D ActivityManager: freezing 28526 com.android.vending
04-26 19:00:43.288  1643  2242 D ActivityManager: freezing 17315 com.android.vending:background
04-26 19:00:46.596  1643  4189 D BackgroundInstallControlService: Package event received: 0
04-26 19:00:50.652  1643  4189 D BackgroundInstallControlService: Package event received: 0
04-26 19:00:50.666  1643  4189 D BackgroundInstallControlService: Package event received: 0
04-26 19:00:50.711  1643  2234 D ActivityManager: sync unfroze 31038 com.google.android.apps.wellbeing for 6
04-26 19:00:50.735  1643  2234 D ActivityManager: sync unfroze 12325 com.google.android.apps.turbo for 6
04-26 19:00:50.743  1643  1916 W ProcessStats: Tracking association SourceState{2093a89 system/1000 ImpBg #1204149} whose proc state 6 is better than process ProcessState{5aae1b3 com.google.android.apps.turbo/10149 pkg=com.google.android.apps.turbo} proc state 14 (0 skipped)
04-26 19:00:50.749  1643  2234 D ActivityManager: sync unfroze 30300 com.thetileapp.tile for 6
04-26 19:00:50.754  1643  2234 D ActivityManager: sync unfroze 28526 com.android.vending for 6
04-26 19:00:50.757  1643  2234 D ActivityManager: sync unfroze 17315 com.android.vending:background for 6
04-26 19:00:50.775  1643  2234 W JobServiceContext: Sending onNetworkChanged for a job that isn't started. JobStatus{44c4250 androidx.work.systemjobscheduler:u0a318/14042 #TileJobWorker#@androidx.work.systemjobscheduler@com.thetileapp.tile/androidx.work.impl.background.systemjob.SystemJobService u=0 s=10318 TIME=-6s204ms:none NET READY}
04-26 19:00:50.796  1643  2291 E SyncManager: SYNC_OP_STATE_INVALID: disallowed by settings/network
04-26 19:00:50.816  1643  1643 D ActivityManager: sync unfroze 11091 com.netflix.mediaclient for 6
04-26 19:00:50.829  1643  2234 W JobServiceContext: Sending onNetworkChanged for a job that isn't started. JobStatus{2bc4309 androidx.work.systemjobscheduler:u0a339/337 #PeriodicMaintenance#@androidx.work.systemjobscheduler@com.netflix.mediaclient/androidx.work.impl.background.systemjob.SystemJobService u=0 s=10339 TIME=-41m9s494ms:none NET READY}
04-26 19:00:50.845  1643  2291 E SyncManager: SYNC_OP_STATE_INVALID: disallowed by settings/network
04-26 19:00:50.857  1643  5316 D ActivityManager: sync unfroze 26268 com.google.android.apps.wearables.maestro.companion for 6
04-26 19:00:50.857 11091 11091 D ActivityThread: Package [com.google.android.inputmethod.latin] reported as REPLACED, but missing application info. Assuming REMOVED.
04-26 19:00:50.862 11091 11091 D ActivityThread: Package [com.google.android.inputmethod.latin] reported as REPLACED, but missing application info. Assuming REMOVED.
04-26 19:00:50.863 11091 11091 D ActivityThread: Package [com.google.android.apps.kids.familylink] reported as REPLACED, but missing application info. Assuming REMOVED.
04-26 19:00:50.864 11091 11091 D ActivityThread: Package [com.google.android.apps.kids.familylink] reported as REPLACED, but missing application info. Assuming REMOVED.
04-26 19:00:50.864  1643  5316 W JobScheduler: Job didn't exist in JobStore: fbfec06 #u0a149/7 com.google.android.apps.turbo/com.google.android.gms.learning.internal.training.InAppJobService
04-26 19:00:50.865  1643  2234 W JobServiceContext: Sending onNetworkChanged for a job that isn't started. JobStatus{f1c1d7b androidx.work.systemjobscheduler:u0a121/966 #ChimeScheduledTaskWorker#@androidx.work.systemjobscheduler@com.google.android.apps.wearables.maestro.companion/androidx.work.impl.background.systemjob.SystemJobService u=0 s=10121 TIME=-27s277ms:none NET READY}
04-26 19:00:50.869 11091 11091 D ActivityThread: Package [com.google.android.deskclock] reported as REPLACED, but missing application info. Assuming REMOVED.
04-26 19:00:50.870 11091 11091 D ActivityThread: Package [com.google.android.deskclock] reported as REPLACED, but missing application info. Assuming REMOVED.
04-26 19:00:50.870 11091 11091 D ActivityThread: Package [com.google.android.dialer] reported as REPLACED, but missing application info. Assuming REMOVED.
04-26 19:00:50.870 11091 11091 D ActivityThread: Package [com.google.android.dialer] reported as REPLACED, but missing application info. Assuming REMOVED.
04-26 19:00:50.871 11091 11091 D ActivityThread: Package [com.walmart.android] reported as REPLACED, but missing application info. Assuming REMOVED.
04-26 19:00:50.871 11091 11091 D ActivityThread: Package [com.walmart.android] reported as REPLACED, but missing application info. Assuming REMOVED.
04-26 19:00:50.871 11091 11091 D ActivityThread: Package [com.azure.authenticator] reported as REPLACED, but missing application info. Assuming REMOVED.
04-26 19:00:50.872 11091 11091 D ActivityThread: Package [com.azure.authenticator] reported as REPLACED, but missing application info. Assuming REMOVED.
04-26 19:00:50.872 11091 11091 D ActivityThread: Package [com.google.assistant.hubui] reported as REPLACED, but missing application info. Assuming REMOVED.
04-26 19:00:50.875 11091 11091 D ActivityThread: Package [com.google.assistant.hubui] reported as REPLACED, but missing application info. Assuming REMOVED.
04-26 19:00:50.875 11091 11091 D ActivityThread: Package [it.niedermann.owncloud.notes] reported as REPLACED, but missing application info. Assuming REMOVED.
04-26 19:00:50.876 11091 11091 D ActivityThread: Package [it.niedermann.owncloud.notes] reported as REPLACED, but missing application info. Assuming REMOVED.
04-26 19:00:50.876 11091 11091 D ActivityThread: Package [ai.polycam] reported as REPLACED, but missing application info. Assuming REMOVED.
04-26 19:00:50.876 11091 11091 D ActivityThread: Package [ai.polycam] reported as REPLACED, but missing application info. Assuming REMOVED.
04-26 19:00:50.877 11091 11091 D ActivityThread: Package [com.google.android.apps.wellbeing] reported as REPLACED, but missing application info. Assuming REMOVED.
04-26 19:00:50.877 11091 11091 D ActivityThread: Package [com.google.android.apps.wellbeing] reported as REPLACED, but missing application info. Assuming REMOVED.
04-26 19:00:50.880  1643  2291 E SyncManager: SYNC_OP_STATE_INVALID: disallowed by settings/network
04-26 19:00:50.894  1643  2291 E SyncManager: SYNC_OP_STATE_INVALID: NOT_SYNCABLE
04-26 19:00:50.907  1643  2291 D ActivityManager: sync unfroze 5694 com.google.android.gms for 6
04-26 19:00:50.924  1643  4189 D BackgroundInstallControlService: Package event received: 0
04-26 19:00:50.924  1643  4189 D BackgroundInstallControlService: Package event received: 0
04-26 19:00:50.928  1643  4189 D BackgroundInstallControlService: Package event received: 0
04-26 19:00:50.930  1643  2291 D ActivityManager: sync unfroze 11668 com.google.android.calendar for 6
04-26 19:00:50.939  1643  4189 D BackgroundInstallControlService: Package event received: 0
04-26 19:00:50.999  1643  2291 E SyncManager: SYNC_OP_STATE_INVALID: disallowed by settings/network
04-26 19:00:51.032  1643  7131 D ActivityManager: sync unfroze 31429 android.process.acore for 7
04-26 19:00:51.054  1643  4189 D BackgroundInstallControlService: Package event received: 0
04-26 19:00:51.101  1643  7131 I Telecom : PhoneAccountRegistrar: getSimCallManager: SimCallManager for subId -1 queried, returning: null: TSI.gPA(capc)@kW0
04-26 19:00:51.108  1643  7131 I Telecom : PhoneAccountRegistrar: getSimCallManager: SimCallManager for subId -1 queried, returning: null: TSI.gPA(capc)@kW4
04-26 19:00:51.127  5694  9602 E ActivityThread: Failed to find provider info for subscribedfeeds
04-26 19:00:51.871  1643  4189 D BackgroundInstallControlService: Package event received: 0
04-26 19:00:51.875  1643  7131 D ActivityManager: sync unfroze 6058 com.google.android.setupwizard for 6
04-26 19:00:51.880  6058  6058 D ActivityThread: Package [com.google.android.inputmethod.latin] reported as REPLACED, but missing application info. Assuming REMOVED.
04-26 19:00:51.882  6058  6058 D ActivityThread: Package [com.google.android.inputmethod.latin] reported as REPLACED, but missing application info. Assuming REMOVED.
04-26 19:00:51.883  6058  6058 D ActivityThread: Package [com.google.android.apps.kids.familylink] reported as REPLACED, but missing application info. Assuming REMOVED.
04-26 19:00:51.883  6058  6058 D ActivityThread: Package [com.google.android.apps.kids.familylink] reported as REPLACED, but missing application info. Assuming REMOVED.
04-26 19:00:51.884  6058  6058 D ActivityThread: Package [com.google.android.deskclock] reported as REPLACED, but missing application info. Assuming REMOVED.
04-26 19:00:51.884  6058  6058 D ActivityThread: Package [com.google.android.deskclock] reported as REPLACED, but missing application info. Assuming REMOVED.
04-26 19:00:51.884  6058  6058 D ActivityThread: Package [com.google.android.dialer] reported as REPLACED, but missing application info. Assuming REMOVED.
04-26 19:00:51.885  6058  6058 D ActivityThread: Package [com.google.android.dialer] reported as REPLACED, but missing application info. Assuming REMOVED.
04-26 19:00:51.885  6058  6058 D ActivityThread: Package [com.walmart.android] reported as REPLACED, but missing application info. Assuming REMOVED.
04-26 19:00:51.885  6058  6058 D ActivityThread: Package [com.walmart.android] reported as REPLACED, but missing application info. Assuming REMOVED.
04-26 19:00:51.886  6058  6058 D ActivityThread: Package [com.azure.authenticator] reported as REPLACED, but missing application info. Assuming REMOVED.
04-26 19:00:51.886  6058  6058 D ActivityThread: Package [com.azure.authenticator] reported as REPLACED, but missing application info. Assuming REMOVED.
04-26 19:00:51.887  6058  6058 D ActivityThread: Package [com.google.assistant.hubui] reported as REPLACED, but missing application info. Assuming REMOVED.
04-26 19:00:51.887  6058  6058 D ActivityThread: Package [com.google.assistant.hubui] reported as REPLACED, but missing application info. Assuming REMOVED.
04-26 19:00:51.888  6058  6058 D ActivityThread: Package [it.niedermann.owncloud.notes] reported as REPLACED, but missing application info. Assuming REMOVED.
04-26 19:00:51.888  6058  6058 D ActivityThread: Package [it.niedermann.owncloud.notes] reported as REPLACED, but missing application info. Assuming REMOVED.
04-26 19:00:51.888  6058  6058 D ActivityThread: Package [ai.polycam] reported as REPLACED, but missing application info. Assuming REMOVED.
04-26 19:00:51.889  6058  6058 D ActivityThread: Package [ai.polycam] reported as REPLACED, but missing application info. Assuming REMOVED.
04-26 19:00:51.889  6058  6058 D ActivityThread: Package [com.google.android.apps.wellbeing] reported as REPLACED, but missing application info. Assuming REMOVED.
04-26 19:00:51.889  6058  6058 D ActivityThread: Package [com.google.android.apps.wellbeing] reported as REPLACED, but missing application info. Assuming REMOVED.
04-26 19:00:52.935  1643  4189 D BackgroundInstallControlService: Package event received: 0
04-26 19:00:52.935  1643  4189 D BackgroundInstallControlService: Package event received: 0
04-26 19:00:52.935  1643  4189 D BackgroundInstallControlService: Package event received: 0
04-26 19:00:52.935  1643  4189 D BackgroundInstallControlService: Package event received: 0
04-26 19:00:53.198  1643  4189 D BackgroundInstallControlService: Package event received: 0
04-26 19:00:57.372  1643  1720 I DisplayDeviceRepository: Display device changed render timings: "Built-in Screen", renderFrameRate=60.00001, presentationDeadlineNanos=11499998, appVsyncOffsetNanos=6233332, frameRateOverrides=[{uid=10247 frameRateHz=60.00001}]
04-26 19:00:57.373  1643  1711 D WindowManager: DeferredDisplayUpdater: partially applying DisplayInfo(960 x 2142) immediately
04-26 19:00:58.132  1643  1720 I DisplayDeviceRepository: Display device changed render timings: "Built-in Screen", renderFrameRate=60.00001, presentationDeadlineNanos=11499998, appVsyncOffsetNanos=6233332, frameRateOverrides=[]
04-26 19:01:00.049  1643  1720 I DisplayDeviceRepository: Display device changed render timings: "Built-in Screen", renderFrameRate=120.00002, presentationDeadlineNanos=11499999, appVsyncOffsetNanos=6233332, frameRateOverrides=[]
04-26 19:01:00.050  1643  1711 D WindowManager: DeferredDisplayUpdater: partially applying DisplayInfo(960 x 2142) immediately
04-26 19:01:00.913  1643  2242 D ActivityManager: freezing 12325 com.google.android.apps.turbo
04-26 19:01:00.993  1643  2242 D ActivityManager: freezing 26268 com.google.android.apps.wearables.maestro.companion
04-26 19:01:01.176  1643  2242 D ActivityManager: freezing 31038 com.google.android.apps.wellbeing
04-26 19:01:01.367  1643  2242 D ActivityManager: freezing 30300 com.thetileapp.tile
04-26 19:01:01.375  1643  2242 D ActivityManager: freezing 28526 com.android.vending
04-26 19:01:01.382  1643  2242 D ActivityManager: freezing 17315 com.android.vending:background
04-26 19:01:01.579  1643  2242 D ActivityManager: freezing 11668 com.google.android.calendar
04-26 19:01:01.924  1643  2242 D ActivityManager: freezing 6058 com.google.android.setupwizard
04-26 19:01:02.065  1643  4189 D BackgroundInstallControlService: Package event received: 0
04-26 19:01:02.879   609  9627 I keystore2: system/security/keystore2/watchdog/src/lib.rs:371 - Watchdog thread idle -> terminating. Have a great day.
04-26 19:01:02.962  1643  2234 D ActivityManager: sync unfroze 7351 com.google.android.apps.messaging for 6
04-26 19:01:02.994  1643  5975 W ProcessStats: Tracking association SourceState{f494619 system/1000 ImpBg #1204248} whose proc state 6 is better than process ProcessState{128164f com.google.android.apps.messaging/10135 pkg=com.google.android.apps.messaging} proc state 14 (23 skipped)
04-26 19:01:03.241  1643  4189 D BackgroundInstallControlService: Package event received: 0
04-26 19:01:03.241  1643  4189 D BackgroundInstallControlService: Package event received: 0
04-26 19:01:03.241  1643  4189 D BackgroundInstallControlService: Package event received: 0
04-26 19:01:03.242  1643  4189 D BackgroundInstallControlService: Package event received: 0
04-26 19:01:07.248  1643  4189 D BackgroundInstallControlService: Package event received: 0
04-26 19:01:07.253  1643  1916 D ActivityManager: sync unfroze 12325 com.google.android.apps.turbo for 6
04-26 19:01:07.254  1643  4189 D BackgroundInstallControlService: Package event received: 0
04-26 19:01:09.598  4233 15351 D PowerUI : can't show warning due to - plugged: true status unknown: false
04-26 19:01:13.380  1643  2242 D ActivityManager: freezing 7351 com.google.android.apps.messaging
04-26 19:01:14.665  1643  4189 D BackgroundInstallControlService: Package event received: 0
04-26 19:01:16.268  1643  1818 W NotificationHistory: Attempted to remove conversation for locked/gone/disabled user 0
04-26 19:01:20.191  1643  4189 D BackgroundInstallControlService: Package event received: 0
04-26 19:01:21.596  1643  4189 D BackgroundInstallControlService: Package event received: 0
04-26 19:01:31.096  1643  2242 D ActivityManager: freezing 11091 com.netflix.mediaclient
04-26 19:01:31.242  1643  4189 D BackgroundInstallControlService: Package event received: 0
04-26 19:01:33.268  1643  4189 D BackgroundInstallControlService: Package event received: 0
04-26 19:01:33.293  1643  4189 D BackgroundInstallControlService: Package event received: 0
04-26 19:01:33.293  1643  4189 D BackgroundInstallControlService: Package event received: 0
04-26 19:01:33.293  1643  4189 D BackgroundInstallControlService: Package event received: 0
04-26 19:01:33.293  1643  4189 D BackgroundInstallControlService: Package event received: 0
04-26 19:01:34.543 31429 31462 W Looper  : Drained
04-26 19:01:36.440  1643  4189 D BackgroundInstallControlService: Package event received: 0
04-26 19:01:47.291  1643  4189 D BackgroundInstallControlService: Package event received: 0
04-26 19:01:47.295  1643  4189 D BackgroundInstallControlService: Package event received: 0
04-26 19:01:52.455  1643  4189 D BackgroundInstallControlService: Package event received: 0
04-26 19:01:56.701  4233  4837 D PowerUI : can't show warning due to - plugged: true status unknown: false
04-26 19:01:57.383  1643  1720 I DisplayDeviceRepository: Display device changed render timings: "Built-in Screen", renderFrameRate=60.00001, presentationDeadlineNanos=11499998, appVsyncOffsetNanos=6233332, frameRateOverrides=[{uid=10247 frameRateHz=60.00001}]
04-26 19:01:57.384  1643  1711 D WindowManager: DeferredDisplayUpdater: partially applying DisplayInfo(960 x 2142) immediately
04-26 19:01:58.133  1643  1720 I DisplayDeviceRepository: Display device changed render timings: "Built-in Screen", renderFrameRate=60.00001, presentationDeadlineNanos=11499998, appVsyncOffsetNanos=6233332, frameRateOverrides=[]
04-26 19:01:58.360  1643  2242 D ActivityManager: freezing 5694 com.google.android.gms
04-26 19:01:58.592  1643  4653 W JobScheduler: Job didn't exist in JobStore: 18be20a #u0a120/-814368097 com.google.android.as.oss/com.google.android.gms.learning.internal.training.InAppJobService
04-26 19:01:58.597  1643  4653 W JobScheduler: Job didn't exist in JobStore: 52a7a7b #u0a120/-1928469257 com.google.android.as.oss/com.google.android.gms.learning.internal.training.InAppJobService
04-26 19:01:58.602  1643  4653 W JobScheduler: Job didn't exist in JobStore: a89d098 #u0a120/-2127835104 com.google.android.as.oss/com.google.android.gms.learning.internal.training.InAppJobService
04-26 19:01:58.608  1643  4697 W JobScheduler: Job didn't exist in JobStore: 7cc50f1 #u0a120/-578294288 com.google.android.as.oss/com.google.android.gms.learning.internal.training.InAppJobService
04-26 19:02:00.036  1643  1720 I DisplayDeviceRepository: Display device changed render timings: "Built-in Screen", renderFrameRate=120.00002, presentationDeadlineNanos=11499999, appVsyncOffsetNanos=6233332, frameRateOverrides=[]
04-26 19:02:00.037  1643  1711 D WindowManager: DeferredDisplayUpdater: partially applying DisplayInfo(960 x 2142) immediately
04-26 19:02:00.779  1643  4189 D BackgroundInstallControlService: Package event received: 0
04-26 19:02:00.779  1643  4189 D BackgroundInstallControlService: Package event received: 0
04-26 19:02:00.788  1643  4189 D BackgroundInstallControlService: Package event received: 0
04-26 19:02:09.456  1643  2242 D ActivityManager: freezing 31429 android.process.acore
04-26 19:02:10.590  1643  4189 D BackgroundInstallControlService: Package event received: 0
04-26 19:02:22.297  1643  1821 D ActivityManager: sync unfroze 5694 com.google.android.gms for 3
04-26 19:02:28.880  1643  4189 D BackgroundInstallControlService: Package event received: 0
04-26 19:02:32.408  1643  2242 D ActivityManager: freezing 5694 com.google.android.gms
04-26 19:02:43.810  4233  5421 D PowerUI : can't show warning due to - plugged: true status unknown: false
04-26 19:02:45.108  4233  5669 D PowerUI : can't show warning due to - plugged: true status unknown: false
04-26 19:02:45.646  4233  8601 D PowerUI : can't show warning due to - plugged: true status unknown: false
04-26 19:02:46.146  4233 11158 D PowerUI : can't show warning due to - plugged: true status unknown: false
04-26 19:02:46.189  4233 12137 D PowerUI : can't show warning due to - plugged: true status unknown: false
04-26 19:02:46.682  4233 13655 D PowerUI : can't show warning due to - plugged: true status unknown: false
04-26 19:02:51.792  1643  1821 W ActivityManager: Stale PhantomProcessRecord {85cd38f 21449:28965:/0}, removing
04-26 19:02:57.336  1643  1720 I DisplayDeviceRepository: Display device changed render timings: "Built-in Screen", renderFrameRate=60.00001, presentationDeadlineNanos=11499998, appVsyncOffsetNanos=6233332, frameRateOverrides=[{uid=10247 frameRateHz=60.00001}]
04-26 19:02:57.337  1643  1711 D WindowManager: DeferredDisplayUpdater: partially applying DisplayInfo(960 x 2142) immediately
04-26 19:02:57.376  1643  2242 D ActivityManager: freezing 12325 com.google.android.apps.turbo
04-26 19:02:58.095  1643  1720 I DisplayDeviceRepository: Display device changed render timings: "Built-in Screen", renderFrameRate=60.00001, presentationDeadlineNanos=11499998, appVsyncOffsetNanos=6233332, frameRateOverrides=[]
04-26 19:03:00.053  1643  1720 I DisplayDeviceRepository: Display device changed render timings: "Built-in Screen", renderFrameRate=60.00001, presentationDeadlineNanos=11499998, appVsyncOffsetNanos=6233332, frameRateOverrides=[{uid=10258 frameRateHz=60.00001}]
04-26 19:03:00.803  1643  1720 I DisplayDeviceRepository: Display device changed render timings: "Built-in Screen", renderFrameRate=60.00001, presentationDeadlineNanos=11499998, appVsyncOffsetNanos=6233332, frameRateOverrides=[]
04-26 19:03:08.524  1643  2233 I UsageStatsService: User[0] Flushing usage stats to disk
04-26 19:03:08.581  1643  4189 D BackgroundInstallControlService: Package event received: 0
04-26 19:03:14.984  1643  4189 D BackgroundInstallControlService: Package event received: 0
04-26 19:03:15.023  1643  4189 D BackgroundInstallControlService: Package event received: 0
04-26 19:03:29.016  1643  4189 D BackgroundInstallControlService: Package event received: 0
04-26 19:03:35.019  4233 15351 D PowerUI : can't show warning due to - plugged: true status unknown: false
04-26 19:03:36.148  1643  4189 D BackgroundInstallControlService: Package event received: 0
04-26 19:03:37.471  1643  4189 D BackgroundInstallControlService: Package event received: 0
04-26 19:03:57.052  1643  4189 D BackgroundInstallControlService: Package event received: 0
04-26 19:03:57.340  1643  1720 I DisplayDeviceRepository: Display device changed render timings: "Built-in Screen", renderFrameRate=60.00001, presentationDeadlineNanos=11499998, appVsyncOffsetNanos=6233332, frameRateOverrides=[{uid=10247 frameRateHz=60.00001}]
04-26 19:03:58.089  1643  1720 I DisplayDeviceRepository: Display device changed render timings: "Built-in Screen", renderFrameRate=60.00001, presentationDeadlineNanos=11499998, appVsyncOffsetNanos=6233332, frameRateOverrides=[]
04-26 19:04:00.054  1643  1720 I DisplayDeviceRepository: Display device changed render timings: "Built-in Screen", renderFrameRate=120.00002, presentationDeadlineNanos=11499999, appVsyncOffsetNanos=6233332, frameRateOverrides=[]
04-26 19:04:00.055  1643  1711 D WindowManager: DeferredDisplayUpdater: partially applying DisplayInfo(960 x 2142) immediately
04-26 19:04:02.671  1643  2234 E JobScheduler.JobStatus: App com.microsoft.appmanager became active but still in NEVER bucket
04-26 19:04:02.672  1643  2234 E JobScheduler.JobStatus: App com.microsoft.appmanager became active but still in NEVER bucket
04-26 19:04:02.673  1643  2234 E JobScheduler.JobStatus: App com.microsoft.appmanager became active but still in NEVER bucket
04-26 19:04:02.673  1643  2234 E JobScheduler.JobStatus: App com.microsoft.appmanager became active but still in NEVER bucket
04-26 19:04:02.674  1643  2234 E JobScheduler.JobStatus: App com.microsoft.appmanager became active but still in NEVER bucket
04-26 19:04:08.772  1643  1821 D ActivityManager: sync unfroze 23267 com.google.android.gm for 3
04-26 19:04:08.781  1643  1821 D ActivityManager: sync unfroze 23940 com.google.android.webview:sandboxed_process0:org.chromium.content.app.SandboxedProcessService0:0 for 3
04-26 19:04:08.938  1643  4189 D BackgroundInstallControlService: Package event received: 0
04-26 19:04:08.982  1643  4189 D BackgroundInstallControlService: Package event received: 0
04-26 19:04:09.195  1643  4189 D BackgroundInstallControlService: Package event received: 0
04-26 19:04:09.219  1643  4189 D BackgroundInstallControlService: Package event received: 0
04-26 19:04:09.219  1643  4189 D BackgroundInstallControlService: Package event received: 0
04-26 19:04:09.219  1643  4189 D BackgroundInstallControlService: Package event received: 0
04-26 19:04:09.219  1643  4189 D BackgroundInstallControlService: Package event received: 0
04-26 19:04:09.219  1643  4189 D BackgroundInstallControlService: Package event received: 0
04-26 19:04:09.220  1643  4189 D BackgroundInstallControlService: Package event received: 0
04-26 19:04:09.220  1643  4189 D BackgroundInstallControlService: Package event received: 0
04-26 19:04:09.220  1643  4189 D BackgroundInstallControlService: Package event received: 0
04-26 19:04:09.224  1643  4189 D BackgroundInstallControlService: Package event received: 0
04-26 19:04:09.224  1643  4189 D BackgroundInstallControlService: Package event received: 0
04-26 19:04:09.224  1643  4189 D BackgroundInstallControlService: Package event received: 0
04-26 19:04:09.229  1643  4189 D BackgroundInstallControlService: Package event received: 0
04-26 19:04:09.229  1643  4189 D BackgroundInstallControlService: Package event received: 0
04-26 19:04:09.229  1643  4189 D BackgroundInstallControlService: Package event received: 0
04-26 19:04:09.229  1643  4189 D BackgroundInstallControlService: Package event received: 0
04-26 19:04:09.229  1643  4189 D BackgroundInstallControlService: Package event received: 0
04-26 19:04:09.256  1643  4189 D BackgroundInstallControlService: Package event received: 0
04-26 19:04:09.341  1643  1643 W JobScheduler: Job didn't exist in JobStore: 456adda {SyncManager} #1000/191 @SyncManager@gmail-ls/com.google:android
04-26 19:04:09.360  1643  4189 D BackgroundInstallControlService: Package event received: 0
04-26 19:04:10.492  1643  4189 D BackgroundInstallControlService: Package event received: 0
04-26 19:04:11.050  1643  4189 D BackgroundInstallControlService: Package event received: 0
04-26 19:04:11.093  1643  4147 D ActivityManager: sync unfroze 31429 android.process.acore for 7
04-26 19:04:11.099  1643  4189 D BackgroundInstallControlService: Package event received: 0
04-26 19:04:11.099  1643  4189 D BackgroundInstallControlService: Package event received: 0
04-26 19:04:11.099  1643  4189 D BackgroundInstallControlService: Package event received: 0
04-26 19:04:11.099  1643  4189 D BackgroundInstallControlService: Package event received: 0
04-26 19:04:11.106  1643  1833 W ProcessStats: Tracking association SourceState{9b632bf system/1000 BFgs #1204570} whose proc state 4 is better than process ProcessState{2e7fb01 android.process.acore/10088 pkg=com.android.providers.contacts (sub)} proc state 14 (1 skipped)
04-26 19:04:11.131  1643  4189 D BackgroundInstallControlService: Package event received: 0
04-26 19:04:11.138  1643  1643 V NotificationHistory: Attempted to add notif for locked/gone/disabled user 0
04-26 19:04:11.158  1643  4189 D BackgroundInstallControlService: Package event received: 0
04-26 19:04:22.114  4233  4837 D PowerUI : can't show warning due to - plugged: true status unknown: false
04-26 19:04:23.633  1643  4189 D BackgroundInstallControlService: Package event received: 0
04-26 19:04:38.852  1643  2242 D ActivityManager: freezing 23267 com.google.android.gm
04-26 19:04:38.862  1643  2242 D ActivityManager: freezing 23940 com.google.android.webview:sandboxed_process0:org.chromium.content.app.SandboxedProcessService0:0
04-26 19:04:44.133  1643  5975 W AppOps  : Noting op not finished: uid 10186 pkg com.google.android.gms code 113 startTime of in progress event=1777201271835
04-26 19:04:44.147  1643  7131 W AppOps  : Noting op not finished: uid 10186 pkg com.google.android.gms code 113 startTime of in progress event=1777201270451
04-26 19:04:44.171  1643  7131 W AppOps  : Noting op not finished: uid 10186 pkg com.google.android.gms code 79 startTime of in progress event=1777201270471
04-26 19:04:45.136  1643  4658 W AppOps  : Noting op not finished: uid 10186 pkg com.google.android.gms code 113 startTime of in progress event=1777201270451
04-26 19:04:46.627  4233  5421 D PowerUI : can't show warning due to - plugged: true status unknown: false
04-26 19:04:47.224  1643  2242 D ActivityManager: freezing 31429 android.process.acore
04-26 19:04:51.719  1643  4189 D BackgroundInstallControlService: Package event received: 0
04-26 19:04:57.367  1643  1720 I DisplayDeviceRepository: Display device changed render timings: "Built-in Screen", renderFrameRate=60.00001, presentationDeadlineNanos=11499998, appVsyncOffsetNanos=6233332, frameRateOverrides=[{uid=10247 frameRateHz=60.00001}]
04-26 19:04:57.368  1643  1711 D WindowManager: DeferredDisplayUpdater: partially applying DisplayInfo(960 x 2142) immediately
04-26 19:04:58.124  1643  1720 I DisplayDeviceRepository: Display device changed render timings: "Built-in Screen", renderFrameRate=60.00001, presentationDeadlineNanos=11499998, appVsyncOffsetNanos=6233332, frameRateOverrides=[]
04-26 19:05:00.040  1643  1720 I DisplayDeviceRepository: Display device changed render timings: "Built-in Screen", renderFrameRate=120.00002, presentationDeadlineNanos=11499999, appVsyncOffsetNanos=6233332, frameRateOverrides=[]
04-26 19:05:00.041  1643  1711 D WindowManager: DeferredDisplayUpdater: partially applying DisplayInfo(960 x 2142) immediately
04-26 19:05:09.217  4233  5669 D PowerUI : can't show warning due to - plugged: true status unknown: false
04-26 19:05:09.887  1643  4189 D BackgroundInstallControlService: Package event received: 0
04-26 19:05:13.254  1643  1821 D ActivityManager: sync unfroze 30300 com.thetileapp.tile for 3
04-26 19:05:13.274  1643  1821 D ActivityManager: sync unfroze 28526 com.android.vending for 3
