04-08 23:52:03.106  2503  2681 I VoiceDataDownloader: getAvailableVoicesInfo en-us
04-08 23:52:03.107  2503  2681 I VoiceGenerator: Cache cleared
04-08 23:52:03.109   541   678 D ConnectivityService: NetReassign [no changes] [c 0] [a 88] [i 30]
04-08 23:52:03.110   541  1071 W AppOps  : Noting op not finished: uid 10128 pkg com.google.android.gms code 113 startTime of in progress event=1775706723075
04-08 23:52:03.793     0     0 E SELinux : avc:  denied  { find } for pid=2547 uid=2000 name=vold scontext=u:r:shell:s0 tcontext=u:object_r:vold_service:s0 tclass=service_manager permissive=0
04-08 23:52:03.128  2365  2365 I DialerLegacyCountryDetector: com.android.dialer.location.LegacyCountryDetector.getCurrentCountryIso:134 returning Redacted-2-chars
04-08 23:52:03.132  2547  2547 E IPCThreadState: Binder transaction failure: 58074/29201/-1
04-08 23:52:03.139  2365  2365 I DialerBroadcastReceiverStrategyImpl: com.android.dialer.broadcastreceiverstrategy.impl.BroadcastReceiverStrategyImpl.backgroundThenInlineThenForeground:76 try doing work using a background service
04-08 23:52:03.144   541  1071 D ConnectivityService: requestNetwork for uid/pid:10155/1654 activeRequest: null callbackRequest: 89 [NetworkRequest [ REQUEST id=90, [ Capabilities: INTERNET&NOT_RESTRICTED&TRUSTED&NOT_VCN_MANAGED Uid: 10155 RequestorUid: 10155 RequestorPkg: com.google.android.apps.youtube.music UnderlyingNetworks: Null] ]] callback flags: 0 order: 2147483647
04-08 23:52:03.152  2365  2659 D CompatibilityChangeReporter: Compat change id reported: 247079863; UID 10130; state: DISABLED
04-08 23:52:03.153   541   678 D ConnectivityService: NetReassign [90 : null → 100] [c 0] [a 0] [i 8]
04-08 23:52:03.163   541   541 D CompatibilityChangeReporter: Compat change id reported: 253665015; UID 1000; state: ENABLED
04-08 23:52:03.163   541   541 D CompatibilityChangeReporter: Compat change id reported: 194532703; UID 1000; state: ENABLED
04-08 23:52:03.166   352  2728 I resolv  : GetAddrInfoHandler::run: {100 100 100 983140 10121 0}
04-08 23:52:03.169   352  2729 I resolv  : res_nmkquery: (QUERY, IN, AAAA)
04-08 23:52:03.169   352  2729 I resolv  : res_nsend: used send_dg 61 terrno: 0
04-08 23:52:03.169   352  2729 I resolv  : doQuery: rcode=0, ancount=1, return value=61
04-08 23:52:03.171  1336  1336 D SearchTargetUtil:  query= size=15
04-08 23:52:03.171  1336  1336 D SearchTargetUtil: layoutType=short_icon_row resultType=131072 packageName=com.google.android.googlequicksearchbox extras=Bundle{suggestion_type=33,suggest_truncate_start=false,is_answer=false,is_entity=false,is_personal=false,suggest_raw_text=dungeon crawler carl adaptation,group_id=web16895,response_id=dac9159f-ab5b-4e68-b873-718e7c23f4eb,support_query_builder=false,} searchAction=dungeon crawler carl adaptation searchActionExtras=Bundle{learn_more_url=https://support.google.com/websearch/answer/106230?hl=106230,suggestion_action_text=Report this,should_start_for_result=true,allow_pinning=true,skip_logging_in_target_handler=false,suggestion_action_rpc=2,}ParentID: null targetID: 12506da0-c4e7-4e60-a3c8-55d1bcf2acf0
04-08 23:52:03.171  1336  1336 D SearchTargetUtil: layoutType=short_icon_row resultType=131072 packageName=com.google.android.googlequicksearchbox extras=Bundle{suggestion_type=33,suggest_truncate_start=false,is_answer=false,is_entity=false,is_personal=false,suggest_raw_text=dottie turnbull narrowboat living,group_id=web16895,response_id=dac9159f-ab5b-4e68-b873-718e7c23f4eb,support_query_builder=false,} searchAction=dottie turnbull narrowboat living searchActionExtras=Bundle{learn_more_url=https://support.google.com/websearch/answer/106230?hl=106230,suggestion_action_text=Report this,should_start_for_result=true,allow_pinning=true,skip_logging_in_target_handler=false,suggestion_action_rpc=2,}ParentID: null targetID: 8a13acb9-4c22-495f-ba5a-936b4b4923ed
04-08 23:52:03.171  1336  1336 D SearchTargetUtil: layoutType=short_icon_row resultType=131072 packageName=com.google.android.googlequicksearchbox extras=Bundle{suggestion_type=33,suggest_truncate_start=false,is_answer=false,is_entity=false,is_personal=false,suggest_raw_text=catholics pentagon,group_id=web16895,response_id=dac9159f-ab5b-4e68-b873-718e7c23f4eb,support_query_builder=false,} searchAction=catholics pentagon searchActionExtras=Bundle{learn_more_url=https://support.google.com/websearch/answer/106230?hl=106230,suggestion_action_text=Report this,should_start_for_result=true,allow_pinning=true,skip_logging_in_target_handler=false,suggestion_action_rpc=2,}ParentID: null targetID: 07f391cf-ebcb-4e16-a34c-52dd49a9a950
04-08 23:52:03.171  1336  1336 D SearchTargetUtil: layoutType=short_icon_row resultType=131072 packageName=com.google.android.googlequicksearchbox extras=Bundle{suggestion_type=33,suggest_truncate_start=false,is_answer=false,is_entity=false,is_personal=false,suggest_raw_text=northern lights,group_id=web16895,response_id=dac9159f-ab5b-4e68-b873-718e7c23f4eb,support_query_builder=false,} searchAction=northern lights searchActionExtras=Bundle{learn_more_url=https://support.google.com/websearch/answer/106230?hl=106230,suggestion_action_text=Report this,should_start_for_result=true,allow_pinning=true,skip_logging_in_target_handler=false,suggestion_action_rpc=2,}ParentID: null targetID: b9c31ea9-d79b-454c-8965-aca0966bddc4
04-08 23:52:03.171  1336  1336 D SearchTargetUtil: layoutType=short_icon_row resultType=131072 packageName=com.google.android.googlequicksearchbox extras=Bundle{suggestion_type=33,suggest_truncate_start=false,is_answer=false,is_entity=false,is_personal=false,suggest_raw_text=apple iphone 18 pro max,group_id=web16895,response_id=dac9159f-ab5b-4e68-b873-718e7c23f4eb,support_query_builder=false,} searchAction=apple iphone 18 pro max searchActionExtras=Bundle{learn_more_url=https://support.google.com/websearch/answer/106230?hl=106230,suggestion_action_text=Report this,should_start_for_result=true,allow_pinning=true,skip_logging_in_target_handler=false,suggestion_action_rpc=2,}ParentID: null targetID: e0dc2da3-9ad4-4d0b-96f1-7998430c0de1
04-08 23:52:03.171  1336  1336 D SearchTargetUtil: layoutType=short_icon_row resultType=131072 packageName=com.google.android.googlequicksearchbox extras=Bundle{suggestion_type=33,suggest_truncate_start=false,is_answer=false,is_entity=false,is_personal=false,suggest_raw_text=cleetus nascar race,group_id=web16895,response_id=dac9159f-ab5b-4e68-b873-718e7c23f4eb,support_query_builder=false,} searchAction=cleetus nascar race searchActionExtras=Bundle{learn_more_url=https://support.google.com/websearch/answer/106230?hl=106230,suggestion_action_text=Report this,should_start_for_result=true,allow_pinning=true,skip_logging_in_target_handler=false,suggestion_action_rpc=2,}ParentID: null targetID: 16a3081b-3224-485a-aa32-0b43250a13e4
04-08 23:52:03.171  1336  1336 D SearchTargetUtil: layoutType=short_icon_row resultType=131072 packageName=com.google.android.googlequicksearchbox extras=Bundle{suggestion_type=33,suggest_truncate_start=false,is_answer=false,is_entity=false,is_personal=false,suggest_raw_text=2026 honda pilot 2027 kia telluride,group_id=web16895,response_id=dac9159f-ab5b-4e68-b873-718e7c23f4eb,support_query_builder=false,} searchAction=2026 honda pilot 2027 kia telluride searchActionExtras=Bundle{learn_more_url=https://support.google.com/websearch/answer/106230?hl=106230,suggestion_action_text=Report this,should_start_for_result=true,allow_pinning=true,skip_logging_in_target_handler=false,suggestion_action_rpc=2,}ParentID: null targetID: 08de19bc-ba4f-4abd-948d-105a73d2866b
04-08 23:52:03.171  1336  1336 D SearchTargetUtil: layoutType=short_icon_row resultType=131072 packageName=com.google.android.googlequicksearchbox extras=Bundle{suggestion_type=33,suggest_truncate_start=false,is_answer=false,is_entity=false,is_personal=false,suggest_raw_text=apple refurbished macbook pro m5,group_id=web16895,response_id=dac9159f-ab5b-4e68-b873-718e7c23f4eb,support_query_builder=false,} searchAction=apple refurbished macbook pro m5 searchActionExtras=Bundle{learn_more_url=https://support.google.com/websearch/answer/106230?hl=106230,suggestion_action_text=Report this,should_start_for_result=true,allow_pinning=true,skip_logging_in_target_handler=false,suggestion_action_rpc=2,}ParentID: null targetID: 3506713c-309a-427f-9f20-d216453946f6
04-08 23:52:03.171  1336  1336 D SearchTargetUtil: layoutType=short_icon_row resultType=131072 packageName=com.google.android.googlequicksearchbox extras=Bundle{suggestion_type=33,suggest_truncate_start=false,is_answer=false,is_entity=false,is_personal=false,suggest_raw_text=nyt connections answers,group_id=web16895,response_id=dac9159f-ab5b-4e68-b873-718e7c23f4eb,support_query_builder=false,} searchAction=nyt connections answers searchActionExtras=Bundle{learn_more_url=https://support.google.com/websearch/answer/106230?hl=106230,suggestion_action_text=Report this,should_start_for_result=true,allow_pinning=true,skip_logging_in_target_handler=false,suggestion_action_rpc=2,}ParentID: null targetID: 6fe695b3-1d2f-429d-ace7-09cd92516a50
04-08 23:52:03.171  1336  1336 D SearchTargetUtil: layoutType=short_icon_row resultType=131072 packageName=com.google.android.googlequicksearchbox extras=Bundle{suggestion_type=33,suggest_truncate_start=false,is_answer=false,is_entity=false,is_personal=false,suggest_raw_text=tokyo cherry blossom trees falling,group_id=web16895,response_id=dac9159f-ab5b-4e68-b873-718e7c23f4eb,support_query_builder=false,} searchAction=tokyo cherry blossom trees falling searchActionExtras=Bundle{learn_more_url=https://support.google.com/websearch/answer/106230?hl=106230,suggestion_action_text=Report this,should_start_for_result=true,allow_pinning=true,skip_logging_in_target_handler=false,suggestion_action_rpc=2,}ParentID: null targetID: bc049b37-f6fd-444a-a0ec-6e0be299e7f0
04-08 23:52:03.171  1336  1336 D SearchTargetUtil: layoutType=short_icon_row resultType=131072 packageName=com.google.android.googlequicksearchbox extras=Bundle{suggestion_type=33,suggest_truncate_start=false,is_answer=false,is_entity=false,is_personal=false,suggest_raw_text=southeast michigan tornado warning,group_id=web16895,response_id=dac9159f-ab5b-4e68-b873-718e7c23f4eb,support_query_builder=false,} searchAction=southeast michigan tornado warning searchActionExtras=Bundle{learn_more_url=https://support.google.com/websearch/answer/106230?hl=106230,suggestion_action_text=Report this,should_start_for_result=true,allow_pinning=true,skip_logging_in_target_handler=false,suggestion_action_rpc=2,}ParentID: null targetID: a6de0cd3-e636-470f-bbbb-2ec9154654d8
04-08 23:52:03.171  1336  1336 D SearchTargetUtil: layoutType=short_icon_row resultType=131072 packageName=com.google.android.googlequicksearchbox extras=Bundle{suggestion_type=33,suggest_truncate_start=false,is_answer=false,is_entity=false,is_personal=false,suggest_raw_text=ramesses vazquez viana plane crash,group_id=web16895,response_id=dac9159f-ab5b-4e68-b873-718e7c23f4eb,support_query_builder=false,} searchAction=ramesses vazquez viana plane crash searchActionExtras=Bundle{learn_more_url=https://support.google.com/websearch/answer/106230?hl=106230,suggestion_action_text=Report this,should_start_for_result=true,allow_pinning=true,skip_logging_in_target_handler=false,suggestion_action_rpc=2,}ParentID: null targetID: 13630a7a-a873-4539-8fab-9cea4e9fde3a
04-08 23:52:03.171  1336  1336 D SearchTargetUtil: layoutType=short_icon_row resultType=131072 packageName=com.google.android.googlequicksearchbox extras=Bundle{suggestion_type=33,suggest_truncate_start=false,is_answer=false,is_entity=false,is_personal=false,suggest_raw_text=andrej karpathy llm knowledge bases,group_id=web16895,response_id=dac9159f-ab5b-4e68-b873-718e7c23f4eb,support_query_builder=false,} searchAction=andrej karpathy llm knowledge bases searchActionExtras=Bundle{learn_more_url=https://support.google.com/websearch/answer/106230?hl=106230,suggestion_action_text=Report this,should_start_for_result=true,allow_pinning=true,skip_logging_in_target_handler=false,suggestion_action_rpc=2,}ParentID: null targetID: c105b5b0-5751-4b98-b9d2-0caf1d5ba466
04-08 23:52:03.171  1336  1336 D SearchTargetUtil: layoutType=short_icon_row resultType=131072 packageName=com.google.android.googlequicksearchbox extras=Bundle{suggestion_type=33,suggest_truncate_start=false,is_answer=false,is_entity=false,is_personal=false,suggest_raw_text=nike air max 90 pink denim,group_id=web16895,response_id=dac9159f-ab5b-4e68-b873-718e7c23f4eb,support_query_builder=false,} searchAction=nike air max 90 pink denim searchActionExtras=Bundle{learn_more_url=https://support.google.com/websearch/answer/106230?hl=106230,suggestion_action_text=Report this,should_start_for_result=true,allow_pinning=true,skip_logging_in_target_handler=false,suggestion_action_rpc=2,}ParentID: null targetID: d28f15b4-8430-4883-8ac7-6180b4dbc3fc
04-08 23:52:03.171  1336  1336 D SearchTargetUtil: layoutType=short_icon_row resultType=131072 packageName=com.google.android.googlequicksearchbox extras=Bundle{suggestion_type=33,suggest_truncate_start=false,is_answer=false,is_entity=false,is_personal=false,suggest_raw_text=centennial high school teachers,group_id=web16895,response_id=dac9159f-ab5b-4e68-b873-718e7c23f4eb,support_query_builder=false,} searchAction=centennial high school teachers searchActionExtras=Bundle{learn_more_url=https://support.google.com/websearch/answer/106230?hl=106230,suggestion_action_text=Report this,should_start_for_result=true,allow_pinning=true,skip_logging_in_target_handler=false,suggestion_action_rpc=2,}ParentID: null targetID: bd2afdac-6de1-4ca4-a2bf-2f39dc64bebd
04-08 23:52:03.172  1810  1810 D BoundBrokerSvc: onBind: Intent { act=com.google.android.gms.common.BIND_SHARED_PREFS pkg=com.google.android.gms }
04-08 23:52:03.172  1810  1810 D BoundBrokerSvc: Loading bound service for intent: Intent { act=com.google.android.gms.common.BIND_SHARED_PREFS pkg=com.google.android.gms }
04-08 23:52:03.177   744   744 I wpa_supplicant: assoc key_mgmt 0x4 network key_mgmt 0x4
04-08 23:52:03.177  1947  1947 D CompatibilityChangeReporter: Compat change id reported: 119147584; UID 10131; state: ENABLED
04-08 23:52:03.177   744   744 I wpa_supplicant: wlan0: Associated with 00:13:10:85:fe:01
04-08 23:52:03.177   744   744 I wpa_supplicant: wlan0: CTRL-EVENT-CONNECTED - Connection to 00:13:10:85:fe:01 completed [id=0 id_str=%7B%22configKey%22%3A%22%5C%22AndroidWifi%5C%22NONE%22%2C%22creatorUid%22%3A%2210158%22%7D]
04-08 23:52:03.177   744   744 I wpa_supplicant: assoc key_mgmt 0x4 network key_mgmt 0x4
04-08 23:52:03.177   744   744 I wpa_supplicant: wlan0: CTRL-EVENT-SUBNET-STATUS-UPDATE status=0
04-08 23:52:03.176  2365  2659 I DialerSystemCallLogDataSource: com.android.dialer.calllog.datasources.systemcalllog.SystemCallLogDataSource.handleInsertsAndUpdatesInternal:417 no results for REGULAR_CALL
04-08 23:52:03.178  1810  2308 I Checkin : [EventLogChimeraService] Opted in for usage reporting: false
04-08 23:52:03.178  1810  2357 I Icing   : IndexChimeraService.getServiceInterface callingPackage=com.google.android.gms componentName=AppsCorpus serviceId=32
04-08 23:52:03.178  1810  2141 I Icing   : IndexChimeraService.getServiceInterface callingPackage=com.google.android.gms componentName=ContactsIndexer serviceId=33
04-08 23:52:03.851     0     0 I wlan0   : associate with 00:13:10:85:fe:01 (try 2/3)
04-08 23:52:03.852     0     0 I wlan0   : RX AssocResp from 00:13:10:85:fe:01 (capab=0x401 status=0 aid=1)
04-08 23:52:03.853     0     0 I wlan0   : associated
04-08 23:52:03.182   352  2730 I resolv  : res_nmkquery: (QUERY, IN, A)
04-08 23:52:03.185  2365  2653 D CompatibilityChangeReporter: Compat change id reported: 160794467; UID 10130; state: ENABLED
04-08 23:52:03.185  1682  2039 I MicroModelsUtil: #getHotwordModelFromMobstore [mobstoreUri: android://com.google.android.googlequicksearchbox/files/datadownload/shared/public/datadownloadfile_1775409085341]
04-08 23:52:03.185   352  2730 I resolv  : res_nsend: used send_dg 49 terrno: 0
04-08 23:52:03.185   352  2730 I resolv  : doQuery: rcode=0, ancount=1, return value=49
04-08 23:52:03.185  2154  2389 D TrafficStats: tagSocket(73) with statsTag=0xffffffff, statsUid=-1
04-08 23:52:03.188   851   907 I Tethering: adding IpServer for: wlan0
04-08 23:52:03.189  1682  2093 I MicroDataManager: MicroDataManager InitializationTask. googleHotwordData is null: true, hotwordModel is null: false , sourceLocationOfCurrentHotwordModel https://www.gstatic.com/android-search/hotword/x_google/975058821313279e27b2c3f04de0beef/hotword.data
04-08 23:52:03.189  1682  2604 I A       : Using proto config with mendel
04-08 23:52:03.189  1682  2604 I A       : Using proto config with mendel
04-08 23:52:03.190  1682  2604 I A       : Using proto config with mendel
04-08 23:52:03.190  1682  2604 I A       : Merging legacy hotword config map with new proto.
04-08 23:52:03.190  1682  2604 I A       : Adding from config to map. Locale: cmn-Hant-TW modelPrefix: x_google Location:4e7cae00daee30ec565c34e3aa67a51f isSpeakerIdSupported: true
04-08 23:52:03.190  1682  2604 I A       : Adding from config to map. Locale: id-ID modelPrefix: x_google Location:cfffcc1a4c1c084c003c8eb27f73d770 isSpeakerIdSupported: true
04-08 23:52:03.190  1682  2604 I A       : Adding from config to map. Locale: ko-KR modelPrefix: x_google Location:0b132163a2eb2c1194b202067475724b isSpeakerIdSupported: true
04-08 23:52:03.190  1682  2604 I A       : Skipping. Expected model: 2 Found: 1
04-08 23:52:03.190  1682  2604 I A       : Adding from config to map. Locale: zh-TW modelPrefix: x_google Location:4e7cae00daee30ec565c34e3aa67a51f isSpeakerIdSupported: true
04-08 23:52:03.191  1682  2604 I MicroDetectionState: Should stop hotword detection immediately - true
04-08 23:52:03.191  1682  2604 I A       : Using proto config with mendel
04-08 23:52:03.191  1682  2604 I A       : Using proto config with mendel
04-08 23:52:03.192  1526  2356 I MediaProvider: Scanned internal due to REASON_MOUNTED, found 227 items in 1383ms, 0 inserts 7 updates 0 deletes
04-08 23:52:03.194   541   902 I WifiService: updateInterfaceIpState uid=1073
04-08 23:52:03.868     0     0 I servicemanager: Notifying apexservice they don't (previously: do) have clients when we now have no record of a client
04-08 23:52:03.870     0     0 I AidlLazyServiceRegistrar: Process has 0 (of 1 available) client(s) in use after notification apexservice has clients: 0
04-08 23:52:03.870     0     0 I AidlLazyServiceRegistrar: Trying to shut down the service. No clients in use for any service in process.
04-08 23:52:03.871     0     0 I servicemanager: Unregistering apexservice
04-08 23:52:03.872     0     0 I BpBinder: onLastStrongRef automatically unlinking death recipients:
04-08 23:52:03.872     0     0 I AidlLazyServiceRegistrar: Unregistered all clients and exiting
04-08 23:52:03.198  2154  2389 W .android.as.oss: Accessing hidden method Lcom/android/org/conscrypt/ConscryptEngineSocket;->setUseSessionTickets(Z)V (max-target-q,core-platform-api, reflection, denied)
04-08 23:52:03.199  2154  2389 W .android.as.oss: Accessing hidden method Lcom/android/org/conscrypt/OpenSSLSocketImpl;->setUseSessionTickets(Z)V (max-target-q,core-platform-api, reflection, denied)
04-08 23:52:03.199  2154  2389 W .android.as.oss: Accessing hidden method Lcom/android/org/conscrypt/AbstractConscryptSocket;->setUseSessionTickets(Z)V (max-target-q, reflection, denied)
04-08 23:52:03.199  2154  2389 W .android.as.oss: Accessing hidden method Lcom/android/org/conscrypt/ConscryptEngineSocket;->setHostname(Ljava/lang/String;)V (max-target-q,core-platform-api, reflection, denied)
04-08 23:52:03.199  2154  2389 W .android.as.oss: Accessing hidden method Lcom/android/org/conscrypt/OpenSSLSocketImpl;->setHostname(Ljava/lang/String;)V (max-target-q,core-platform-api, reflection, denied)
04-08 23:52:03.199  2154  2389 W .android.as.oss: Accessing hidden method Lcom/android/org/conscrypt/AbstractConscryptSocket;->setHostname(Ljava/lang/String;)V (max-target-q, reflection, denied)
04-08 23:52:03.199  2154  2389 W .android.as.oss: Accessing hidden method Lcom/android/org/conscrypt/OpenSSLSocketImpl;->setAlpnProtocols([B)V (max-target-q,core-platform-api, reflection, denied)
04-08 23:52:03.199  2154  2389 W .android.as.oss: Accessing hidden method Lcom/android/org/conscrypt/AbstractConscryptSocket;->setAlpnProtocols([B)V (max-target-q, reflection, denied)
04-08 23:52:03.201   541   671 W ContextImpl: Calling a method in the system process without a qualified user: android.app.ContextImpl.sendStickyBroadcast:1626 com.android.server.wifi.ClientModeImpl.sendNetworkChangeBroadcast:3008 com.android.server.wifi.ClientModeImpl.lambda$sendNetworkChangeBroadcastWithCurrentState$14:2985 com.android.server.wifi.ClientModeImpl.$r8$lambda$q-j88Pjw4gROgoJFr8wBlBVbuJI:0 com.android.server.wifi.ClientModeImpl$$ExternalSyntheticLambda4.send:0 
04-08 23:52:03.201  2365  2651 I DialerSystemCallLogDataSource: com.android.dialer.calllog.datasources.systemcalllog.SystemCallLogDataSource.handleInsertsAndUpdatesInternal:417 no results for CALL_IN_DIRECT_BOOT_MODE
04-08 23:52:03.203   541   571 V PackageManager: [Optimistic Bind] Binding to instant app resolver
04-08 23:52:03.204  1810  2449 W SQLiteLog: (28) double-quoted string literal: "1775533923204"
04-08 23:52:03.204  1810  2449 W SQLiteLog: (28) double-quoted string literal: "1"
04-08 23:52:03.204   936   936 I ImsResolver: Received BOOT_COMPLETED
04-08 23:52:03.205  1488  1521 W ziparchive: Unable to open '/data/user_de/0/com.google.android.gms/app_chimera/m/00000005/GoogleCertificates.dm': No such file or directory
04-08 23:52:03.205  1488  1521 W ziparchive: Unable to open '/data/user_de/0/com.google.android.gms/app_chimera/m/00000005/GoogleCertificates.dm': No such file or directory
04-08 23:52:03.210  1526  2356 I MediaProvider: Scanned external_primary due to REASON_MOUNTED, found 16 items in 12ms, 0 inserts 0 updates 0 deletes
04-08 23:52:03.211  1526  2356 I MediaProvider: End Intent { act=com.android.providers.media.action.SCAN_VOLUME (has extras) }
04-08 23:52:03.211  1526  2356 I MediaProvider: Begin Intent { act=android.intent.action.MEDIA_MOUNTED dat=file:///... flg=0x5000010 cmp=com.google.android.providers.media.module/com.android.providers.media.MediaService (has extras) }
04-08 23:52:03.211  1526  2356 I MediaProvider: Volume MediaVolume name: [external_primary] id: [emulated;0] user: [UserHandle{0}] path: [/storage/emulated/0] externallyManaged: [false] mPublicVolume: [false] already attached
04-08 23:52:03.211  1526  2356 I MediaProvider: End Intent { act=android.intent.action.MEDIA_MOUNTED dat=file:///... flg=0x5000010 cmp=com.google.android.providers.media.module/com.android.providers.media.MediaService (has extras) }
04-08 23:52:03.211  1526  2356 I MediaProvider: Begin Intent { act=android.intent.action.MEDIA_MOUNTED dat=file:///... flg=0x5000010 cmp=com.google.android.providers.media.module/com.android.providers.media.MediaService (has extras) }
04-08 23:52:03.211  1526  2356 I MediaProvider: Volume MediaVolume name: [external_primary] id: [emulated;0] user: [UserHandle{0}] path: [/storage/emulated/0] externallyManaged: [false] mPublicVolume: [false] already attached
04-08 23:52:03.211  1526  2356 I MediaProvider: End Intent { act=android.intent.action.MEDIA_MOUNTED dat=file:///... flg=0x5000010 cmp=com.google.android.providers.media.module/com.android.providers.media.MediaService (has extras) }
04-08 23:52:03.215   936  1135 D ImsResolver: maybeAddedImsService, packageName: null
04-08 23:52:03.216   541   731 D CompatibilityChangeReporter: Compat change id reported: 73144566; UID 1000; state: ENABLED
04-08 23:52:03.216   541   731 D CompatibilityChangeReporter: Compat change id reported: 73144566; UID 10127; state: ENABLED
04-08 23:52:03.224  2154  2389 W .android.as.oss: Accessing hidden method Lcom/android/org/conscrypt/OpenSSLSocketImpl;->getAlpnSelectedProtocol()[B (max-target-q,core-platform-api, reflection, denied)
04-08 23:52:03.224  2154  2389 W .android.as.oss: Accessing hidden method Lcom/android/org/conscrypt/AbstractConscryptSocket;->getAlpnSelectedProtocol()[B (max-target-q, reflection, denied)
04-08 23:52:03.225  1170  2416 D CompatibilityChangeReporter: Compat change id reported: 150935354; UID 10128; state: ENABLED
04-08 23:52:03.227   541   731 D CompatibilityChangeReporter: Compat change id reported: 161145287; UID 10130; state: DISABLED
04-08 23:52:03.228   541  1757 D CompatibilityChangeReporter: Compat change id reported: 253665015; UID 10130; state: DISABLED
04-08 23:52:03.228   541  1757 D CompatibilityChangeReporter: Compat change id reported: 194532703; UID 10130; state: ENABLED
04-08 23:52:03.228   541  1757 E JobScheduler.JobStatus: App com.google.android.dialer became active but still in NEVER bucket
04-08 23:52:03.229   541   903 E JobScheduler.JobStatus: App com.google.android.dialer became active but still in NEVER bucket
04-08 23:52:03.230   541   903 E JobScheduler.JobStatus: App com.google.android.dialer became active but still in NEVER bucket
04-08 23:52:03.231   541   903 D CompatibilityChangeReporter: Compat change id reported: 271850009; UID 10130; state: DISABLED
04-08 23:52:03.231   541   903 E JobScheduler.JobStatus: App com.google.android.dialer became active but still in NEVER bucket
04-08 23:52:03.232   541  2306 E JobScheduler.JobStatus: App com.google.android.dialer became active but still in NEVER bucket
04-08 23:52:03.232   756   756 D PowerNotificationWarningsGoogleImpl: onReceive: android.intent.action.BOOT_COMPLETED
04-08 23:52:03.233   541  2306 E JobScheduler.JobStatus: App com.google.android.dialer became active but still in NEVER bucket
04-08 23:52:03.234  1810  2731 I Icing   : IndexChimeraService.getServiceInterface callingPackage=com.google.android.gms componentName=AppsCorpus serviceId=36
04-08 23:52:03.890     0     0 I init    : Service 'apexd' (pid 216) exited with status 0 oneshot service took 14.129000 seconds in background
04-08 23:52:03.892     0     0 I init    : Sending signal 9 to service 'apexd' (pid 216) process group...
04-08 23:52:03.893     0     0 I libprocessgroup: Successfully killed process cgroup uid 0 pid 216 in 0ms
04-08 23:52:03.236   756   756 D IncompatibleChargerNotification: dispatchIntent: android.intent.action.BOOT_COMPLETED
04-08 23:52:03.243   541   903 E JobScheduler.JobStatus: App com.google.android.dialer became active but still in NEVER bucket
04-08 23:52:03.245   541   902 E JobScheduler.JobStatus: App com.google.android.dialer became active but still in NEVER bucket
04-08 23:52:03.247   936   936 D CarrierConfigLoader: mHandler: EVENT_SYSTEM_UNLOCKED phoneId: 0
04-08 23:52:03.247   936   936 D CarrierConfigLoader: System unlocked
04-08 23:52:03.247   936   936 D CarrierConfigLoader: mHandler: EVENT_DO_FETCH_DEFAULT phoneId: 0
04-08 23:52:03.248   936   936 D CarrierConfigLoader: File not found : /data/user_de/0/com.android.phone/files/carrierconfig-com.android.carrierconfig-override-89860***************-1.xml
04-08 23:52:03.251   541   671 I WifiClientModeImpl[10042:wlan0]: Update current security type to 0
04-08 23:52:03.251  1810  1810 D BoundBrokerSvc: onBind: Intent { act=com.google.android.gms.mobiledataplan.service.START pkg=com.google.android.gms }
04-08 23:52:03.251  1810  1810 D BoundBrokerSvc: Loading bound service for intent: Intent { act=com.google.android.gms.mobiledataplan.service.START pkg=com.google.android.gms }
04-08 23:52:03.253   541   902 W AppOps  : Noting op not finished: uid 10128 pkg com.google.android.gms code 113 startTime of in progress event=1775706723075
04-08 23:52:03.255   936   936 D CarrierConfigLoader: Loaded config from XML. package=com.android.carrierconfig phoneId=0
04-08 23:52:03.255   936   936 D CarrierConfigLoader: mHandler: EVENT_FETCH_DEFAULT_DONE phoneId: 0
04-08 23:52:03.255   541  1757 W AppOps  : Noting op not finished: uid 10128 pkg com.google.android.gms code 113 startTime of in progress event=1775706723075
04-08 23:52:03.255   936   936 D CarrierConfigLoader: updateSubscriptionDatabase: phoneId=0
04-08 23:52:03.256   936  1090 D TelephonyProvider: subIdString = 1 subId = 1
04-08 23:52:03.257   936   936 D MultiSimSettingController: notifySubscriptionInfoChanged
04-08 23:52:03.259   936  1263 V MmsProvider: accessRestricted=true
04-08 23:52:03.259   936  1263 V MmsProvider: inside checkQueryParametersForSubqueries
04-08 23:52:03.259   936  1263 V MmsProvider: checkQueryParametersForSubqueries checking proj: date
04-08 23:52:03.259   936  1263 V MmsProvider: checkQueryParametersForSubqueries checking proj: _id
04-08 23:52:03.259   936  1263 V MmsProvider: checkQueryParametersForSubqueries checking proj: msg_box
04-08 23:52:03.259   936  1263 V MmsProvider: checkQueryParametersForSubqueries checking sel: date > ? AND (msg_box == ? OR msg_box == ?)
04-08 23:52:03.259   936  1263 V MmsProvider: checkQueryParametersForSubqueries checking sort: date DESC
04-08 23:52:03.260   936  1093 D CellBroadcastConfigTracker-0: IdleState message:5
04-08 23:52:03.260   936  1093 D CellBroadcastConfigTracker-0: DefaultState message:5
04-08 23:52:03.261   541   684 D CompatibilityChangeReporter: Compat change id reported: 151105954; UID 1000; state: ENABLED
04-08 23:52:03.261   541   684 E AppOps  : attributionTag VCN not declared in manifest of android
04-08 23:52:03.261   541   541 I AS.AudioService: onSubscriptionsChanged()
04-08 23:52:03.261  1550  2403 I BugleRcsEngine: [63] bscg.c: SIM state event delay enabled: attempts 1, maxAttempts 3, delaySeconds 90 MSIM delayseconds 90, effective delay seconds 90
04-08 23:52:03.261  1550  2403 I BugleRcsEngine: [63] bscg.c: posted simEventProcessTask to handler with delay 90
04-08 23:52:03.262   936   936 D CarrierConfigLoader: mHandler: EVENT_SUBSCRIPTION_INFO_UPDATED phoneId: 0
04-08 23:52:03.264   936   936 D CarrierConfigLoader: Broadcast CARRIER_CONFIG_CHANGED for phone 0, subId=1
04-08 23:52:03.264   936   936 D MultiSimSettingController: onSubscriptionsChanged
04-08 23:52:03.264   936   936 D MultiSimSettingController: isReadyToReevaluate: subInfoInitialized=true, carrierConfigsLoaded=true
04-08 23:52:03.264   936   936 D MultiSimSettingController: updateDefaults
04-08 23:52:03.264   936   936 D MultiSimSettingController: isReadyToReevaluate: subInfoInitialized=true, carrierConfigsLoaded=true
04-08 23:52:03.264   936   936 D MultiSimSettingController: updateDefaultValues: change: 0
04-08 23:52:03.264   936   936 D MultiSimSettingController: isReadyToReevaluate: subInfoInitialized=true, carrierConfigsLoaded=true
04-08 23:52:03.266   541   605 E JobScheduler.JobStatus: App com.google.android.dialer became active but still in NEVER bucket
04-08 23:52:03.267   541   671 I WifiClientModeImpl[10042:wlan0]: Update current security type to 0
04-08 23:52:03.268   541   671 D WifiNetworkFactory: got request NetworkRequest [ REQUEST id=90, [ Capabilities: INTERNET&NOT_RESTRICTED&TRUSTED&NOT_VCN_MANAGED Uid: 10155 RequestorUid: 10155 RequestorPkg: com.google.android.apps.youtube.music UnderlyingNetworks: Null] ]
04-08 23:52:03.268   541   671 D UntrustedWifiNetworkFactory: got request NetworkRequest [ REQUEST id=90, [ Capabilities: INTERNET&NOT_RESTRICTED&TRUSTED&NOT_VCN_MANAGED Uid: 10155 RequestorUid: 10155 RequestorPkg: com.google.android.apps.youtube.music UnderlyingNetworks: Null] ]
04-08 23:52:03.268   541   671 D OemPaidWifiNetworkFactory: got request NetworkRequest [ REQUEST id=90, [ Capabilities: INTERNET&NOT_RESTRICTED&TRUSTED&NOT_VCN_MANAGED Uid: 10155 RequestorUid: 10155 RequestorPkg: com.google.android.apps.youtube.music UnderlyingNetworks: Null] ]
04-08 23:52:03.268   541   671 D MultiInternetWifiNetworkFactory: got request NetworkRequest [ REQUEST id=90, [ Capabilities: INTERNET&NOT_RESTRICTED&TRUSTED&NOT_VCN_MANAGED Uid: 10155 RequestorUid: 10155 RequestorPkg: com.google.android.apps.youtube.music UnderlyingNetworks: Null] ]
04-08 23:52:03.269   936   936 I VvmSimStateTracker: android.intent.action.BOOT_COMPLETED
04-08 23:52:03.270   936   936 D CallNotifier: updatePhoneStateListeners: update CF notifications.
04-08 23:52:03.270   936   936 I NotificationMgr: updateCfi: subId= 1, visible=N
04-08 23:52:03.270   936   936 I NotificationMgr: updateMwi(): subId 1 update to false
04-08 23:52:03.271   936   936 I Telephony: TelecomAccountRegistry: onSubscriptionsChanged - update accounts
04-08 23:52:03.271   936   936 I Telephony: PstnIncomingCallNotifier: Unregistering: [0]
04-08 23:52:03.271   936   936 D Telephony: Unregistering: Handler (com.android.internal.telephony.GsmCdmaPhone) {ab0752b}
04-08 23:52:03.271   936   936 I PhoneInterfaceManager: unregisterMmTelCapabilityCallback: 1 is inactive, ignoring unregister.
04-08 23:52:03.271   936   936 I PhoneInterfaceManager: unregisterImsRegistrationCallback: 1is inactive, ignoring unregister.
04-08 23:52:03.271   541   556 D CompatibilityChangeReporter: Compat change id reported: 161145287; UID 10086; state: ENABLED
04-08 23:52:03.272   936   936 I Telephony: TelecomAccountRegistry: setupAccounts: Found 1 phones.  Attempting to register.
04-08 23:52:03.272   936   936 I Telephony: TelecomAccountRegistry: setupAccounts: Phone with subscription id 1
04-08 23:52:03.274   541   605 E JobScheduler.JobStatus: App com.google.android.dialer became active but still in NEVER bucket
04-08 23:52:03.276  2365  2651 I DialerSystemCallLogDataSource: com.android.dialer.calllog.datasources.systemcalllog.SystemCallLogDataSource.lambda$handleDeletes$6:687 found 0 call log entries to remove
04-08 23:52:03.276  2365  2658 I DialerRefreshAnnotatedCallLogWorker: com.android.dialer.calllog.refresh.impl.RefreshAnnotatedCallLogWorker.lambda$rebuild$3:173 filling PhoneLookupDataSource
04-08 23:52:03.277  2365  2646 I DialerVisualVoicemailUpdateTask: com.android.dialer.app.calllog.VisualVoicemailUpdateTask.lambda$updateNotification$2:148 no voicemails to notify about
04-08 23:52:03.277  2365  2646 I DialerVisualVoicemailNotifier: com.android.dialer.app.calllog.VisualVoicemailNotifier.cancelAllVoicemailNotifications:278 enter
04-08 23:52:03.279  2365  2646 I DialerVoicemailNotificationJobService: com.android.dialer.app.calllog.VoicemailNotificationJobService.cancelJob:69 cancelJob
04-08 23:52:03.279  1531  2037 I AiAiFedAss: Ekho TTL succeeded.
04-08 23:52:03.281   541   556 E JobScheduler.JobStatus: App com.google.android.dialer became active but still in NEVER bucket
04-08 23:52:03.281  2503  2631 W RankedDispatcher: The requested voice is not available for this app identifier
04-08 23:52:03.282  1531  1940 I AiAiEcho: Predicting[0]: 
04-08 23:52:03.282  1531  1940 I AiAiEcho: EchoTargets: 
04-08 23:52:03.282  1531  1940 I AiAiEcho: Filtered by AiAi flag check: 
04-08 23:52:03.282  1531  1940 I AiAiEcho: Ranked targets strategy: SORT, count: 0, ranking metadata: 
04-08 23:52:03.282  2503  2631 I GoogleTTSServiceImpl: currentLocale = en-US
04-08 23:52:03.282  1531  1940 I AiAiEcho: #postPredictionTargets: Sending updates to UISurface home with targets# 0 (types=[])
04-08 23:52:03.283  2503  2689 I PipelineReaderImpl: Initializing en-us-x-hol-seanet-embedded from disk
04-08 23:52:03.286   541  1757 W AppOps  : Noting op not finished: uid 10128 pkg com.google.android.gms code 113 startTime of in progress event=1775706723075
04-08 23:52:03.287   541   740 W PackageManager: Cannot suspend the platform package: android
04-08 23:52:03.288   541   740 W PackageManager: Cannot suspend package "com.google.android.permissioncontroller": required for permissions management
04-08 23:52:03.289   541   740 W PackageManager: Cannot suspend package "com.google.android.devicelockcontroller": protected package
04-08 23:52:03.289   541   740 W PackageManager: Cannot suspend package "com.google.android.dialer": is the default dialer
04-08 23:52:03.291   541  1152 D CompatibilityChangeReporter: Compat change id reported: 157233955; UID 1000; state: ENABLED
04-08 23:52:03.291   541  1760 E JobScheduler.JobStatus: App com.google.android.dialer became active but still in NEVER bucket
04-08 23:52:03.292   541   671 I WifiClientModeImpl[10042:wlan0]: Update current security type to 0
04-08 23:52:03.293   541   740 W PackageManager: Cannot suspend package "com.google.android.packageinstaller": required for package installation
04-08 23:52:03.293   541   740 W PackageManager: Cannot suspend package "com.google.android.apps.nexuslauncher": contains the active launcher
04-08 23:52:03.296   541   671 I WifiClientModeImpl[10042:wlan0]: Update current security type to 0 from network connection event.
04-08 23:52:03.298   541   671 I ApplicationQosPolicyRequestHandler: Queueing all policies on iface=wlan0. numPolicies=0
04-08 23:52:03.302   541   556 E JobScheduler.JobStatus: App com.google.android.dialer became active but still in NEVER bucket
04-08 23:52:03.302  1810  1810 D BoundBrokerSvc: onBind: Intent { act=com.google.android.gms.potokens.service.START dat=chimera-action:/... cmp=com.google.android.gms/.chimera.GmsApiService }
04-08 23:52:03.302  1810  1810 D BoundBrokerSvc: Loading bound service for intent: Intent { act=com.google.android.gms.potokens.service.START dat=chimera-action:/... cmp=com.google.android.gms/.chimera.GmsApiService }
04-08 23:52:03.305  1170  2416 W Settings: Setting airplane_mode_on has moved from android.provider.Settings.System to android.provider.Settings.Global, returning read-only value.
04-08 23:52:03.307  2154  2389 I HttpGrpcBindableService: Responding with header information for URL 'https://gstatic.com/webref-ondevice/aiai/19071200_pir/2/en-us/superpacks_manifest.zip'
04-08 23:52:03.307  2365  2749 W DynamiteModule: Local module descriptor class for com.google.android.gms.providerinstaller.dynamite not found.
04-08 23:52:03.309  1531  2385 I AstreaHttpConnection: Started download from url='https://gstatic.com/webref-ondevice/aiai/19071200_pir/2/en-us/superpacks_manifest.zip'
04-08 23:52:03.309  1531  2686 E kuk     : Non-success http response code 404 for: https://gstatic.com/webref-ondevice/aiai/19071200_pir/2/en-us/superpacks_manifest.zip
04-08 23:52:03.313   851   907 E SystemServiceRegistry: No service published for: ethernet
04-08 23:52:03.313   851   907 E SystemServiceRegistry: android.os.ServiceManager$ServiceNotFoundException: No service published for: ethernet
04-08 23:52:03.313   851   907 E SystemServiceRegistry: 	at android.os.ServiceManager.getServiceOrThrow(ServiceManager.java:166)
04-08 23:52:03.313   851   907 E SystemServiceRegistry: 	at android.app.SystemServiceRegistry$139.createService(SystemServiceRegistry.java:1872)
04-08 23:52:03.313   851   907 E SystemServiceRegistry: 	at android.app.SystemServiceRegistry$CachedServiceFetcher.getService(SystemServiceRegistry.java:1971)
04-08 23:52:03.313   851   907 E SystemServiceRegistry: 	at android.app.SystemServiceRegistry.getSystemService(SystemServiceRegistry.java:1645)
04-08 23:52:03.313   851   907 E SystemServiceRegistry: 	at android.app.ContextImpl.getSystemService(ContextImpl.java:2212)
04-08 23:52:03.313   851   907 E SystemServiceRegistry: 	at android.content.ContextWrapper.getSystemService(ContextWrapper.java:934)
04-08 23:52:03.313   851   907 E SystemServiceRegistry: 	at com.android.networkstack.tethering.Tethering.isEthernetSupported(Tethering.java:1582)
04-08 23:52:03.313   851   907 E SystemServiceRegistry: 	at com.android.networkstack.tethering.Tethering.makeSupportedDownstreams(Tethering.java:2550)
04-08 23:52:03.313   851   907 E SystemServiceRegistry: 	at com.android.networkstack.tethering.Tethering.updateSupportedDownstreams(Tethering.java:2524)
04-08 23:52:03.313   851   907 E SystemServiceRegistry: 	at com.android.networkstack.tethering.Tethering.updateConfiguration(Tethering.java:546)
04-08 23:52:03.313   851   907 E SystemServiceRegistry: 	at com.android.networkstack.tethering.Tethering.lambda$new$3(Tethering.java:345)
04-08 23:52:03.313   851   907 E SystemServiceRegistry: 	at com.android.networkstack.tethering.Tethering.$r8$lambda$bts3FsOwVdwDhrwMjvAr9kV3Jgs(Tethering.java:0)
04-08 23:52:03.313   851   907 E SystemServiceRegistry: 	at com.android.networkstack.tethering.Tethering$$ExternalSyntheticLambda7.accept(R8$$SyntheticClass:0)
04-08 23:52:03.313   851   907 E SystemServiceRegistry: 	at com.android.networkstack.tethering.util.VersionedBroadcastListener$Receiver.onReceive(VersionedBroadcastListener.java:103)
04-08 23:52:03.313   851   907 E SystemServiceRegistry: 	at android.app.LoadedApk$ReceiverDispatcher$Args.lambda$getRunnable$0(LoadedApk.java:1802)
04-08 23:52:03.313   851   907 E SystemServiceRegistry: 	at android.app.LoadedApk$ReceiverDispatcher$Args.$r8$lambda$gDuJqgxY6Zb-ifyeubKeivTLAwk(Unknown Source:0)
04-08 23:52:03.313   851   907 E SystemServiceRegistry: 	at android.app.LoadedApk$ReceiverDispatcher$Args$$ExternalSyntheticLambda0.run(Unknown Source:2)
04-08 23:52:03.313   851   907 E SystemServiceRegistry: 	at android.os.Handler.handleCallback(Handler.java:958)
04-08 23:52:03.313   851   907 E SystemServiceRegistry: 	at android.os.Handler.dispatchMessage(Handler.java:99)
04-08 23:52:03.313   851   907 E SystemServiceRegistry: 	at android.os.Looper.loopOnce(Looper.java:205)
04-08 23:52:03.313   851   907 E SystemServiceRegistry: 	at android.os.Looper.loop(Looper.java:294)
04-08 23:52:03.313   851   907 E SystemServiceRegistry: 	at android.os.HandlerThread.run(HandlerThread.java:67)
04-08 23:52:03.318   936   936 D Telephony: isEmergencyPreferredAccount: subId=1, activeData=1
04-08 23:52:03.318   936   936 D Telephony: isEmergencyPreferredAccount: Device does not require preference.
04-08 23:52:03.318  2365  2646 I DialerVoicemailStatusDataMigration: com.android.dialer.voicemailstatus.dataservice.impl.VoicemailStatusDataMigration.migrate:64 enter
04-08 23:52:03.321   936   936 I Telephony: isRttCurrentlySupported -- regular acct, hasVoiceAvailability: false
04-08 23:52:03.321   936   936 I Telephony:  isRttSupported: false
04-08 23:52:03.321   936   936 I Telephony:  alwaysAllowWhileRoaming: false
04-08 23:52:03.321   936   936 I Telephony:  isRoaming: false
04-08 23:52:03.321   936   936 I Telephony:  isOnWfc: false
04-08 23:52:03.323  2759  2759 E Parcel  : Reading a NULL string not supported here.
04-08 23:52:03.325   541  2599 E JobScheduler.JobStatus: App com.google.android.dialer became active but still in NEVER bucket
04-08 23:52:03.331   541   541 I Telecom : PhoneAccountRegistrar: getSimCallManager: SimCallManager for subId 1 queried, returning: null: TSI.gSCMFU(a)@AEs🔒
04-08 23:52:03.335   541  1265 I Telecom : CallsManager: updateEmergencyCallNotificationAsync; show=false: CM.UEMCNA@AEo❗
04-08 23:52:03.336   541   902 D ConnectivityService: requestNetwork for uid/pid:10130/2365 activeRequest: null callbackRequest: 91 [NetworkRequest [ REQUEST id=92, [ Capabilities: INTERNET&NOT_RESTRICTED&TRUSTED&NOT_VCN_MANAGED Uid: 10130 RequestorUid: 10130 RequestorPkg: com.google.android.dialer UnderlyingNetworks: Null] ]] callback flags: 0 order: 2147483647
04-08 23:52:03.337  2365  2653 I DialerDialerBlockedNumberPhoneLookupContributor: com.android.dialer.phonelookup.blockednumber.DialerBlockedNumberPhoneLookupContributor.getMostRecentInfo:99 getMostRecentInfo
04-08 23:52:03.337  2365  2653 I DialerSystemBlockedNumberPhoneLookupContributor: com.android.dialer.phonelookup.blockednumber.SystemBlockedNumberPhoneLookupContributor.getMostRecentInfo:104 getMostRecentInfo
04-08 23:52:03.337   541   678 D ConnectivityService: NetReassign [92 : null → 100] [c 0] [a 1] [i 1]
04-08 23:52:03.340  1682  1682 I OpaEligibilityChecker: send OpaEligibilityChange broadcast to CommonBroadcastReceiver
04-08 23:52:03.341  1170  1170 D BoundBrokerSvc: onBind: Intent { act=com.google.android.gms.scheduler.ACTION_PROXY_SCHEDULE dat=chimera-action:/... cmp=com.google.android.gms/.chimera.PersistentApiService }
04-08 23:52:03.341  1170  1170 D BoundBrokerSvc: Loading bound service for intent: Intent { act=com.google.android.gms.scheduler.ACTION_PROXY_SCHEDULE dat=chimera-action:/... cmp=com.google.android.gms/.chimera.PersistentApiService }
04-08 23:52:03.342   541   572 D CompatibilityChangeReporter: Compat change id reported: 135634846; UID 10117; state: DISABLED
04-08 23:52:03.343   541   572 D CompatibilityChangeReporter: Compat change id reported: 177438394; UID 10117; state: DISABLED
04-08 23:52:03.343   541   572 D CompatibilityChangeReporter: Compat change id reported: 135772972; UID 10117; state: DISABLED
04-08 23:52:03.343   541   572 D CompatibilityChangeReporter: Compat change id reported: 135754954; UID 10117; state: ENABLED
04-08 23:52:03.343   541   573 D CompatibilityChangeReporter: Compat change id reported: 143937733; UID 10117; state: ENABLED
04-08 23:52:03.346  2759  2759 E IPCThreadState: Binder transaction failure: 59695/29201/-1
04-08 23:52:03.346  2759  2759 E IPCThreadState: Binder transaction failure: 59699/29201/-1
04-08 23:52:03.346  2759  2759 E IPCThreadState: Binder transaction failure: 59703/29201/-1
04-08 23:52:03.346  2759  2759 E IPCThreadState: Binder transaction failure: 59707/29201/-1
04-08 23:52:03.347   353   353 D Zygote  : Forked child process 2768
04-08 23:52:03.347  2759  2759 E IPCThreadState: Binder transaction failure: 59711/29201/-1
04-08 23:52:03.347   541   573 I ActivityManager: Start proc 2768:com.android.imsserviceentitlement/u0a117 for broadcast {com.android.imsserviceentitlement/com.android.imsserviceentitlement.ImsEntitlementReceiver}
04-08 23:52:03.347  2759  2759 E IPCThreadState: Binder transaction failure: 59715/29201/-1
04-08 23:52:03.347  2759  2759 E IPCThreadState: Binder transaction failure: 59720/29201/-1
04-08 23:52:03.347  2759  2759 E IPCThreadState: Binder transaction failure: 59729/29201/-1
04-08 23:52:03.348  2759  2759 E IPCThreadState: Binder transaction failure: 59738/29201/-1
04-08 23:52:03.348  2759  2759 E IPCThreadState: Binder transaction failure: 59742/29201/-1
04-08 23:52:03.348  2759  2759 E IPCThreadState: Binder transaction failure: 59746/29201/-1
04-08 23:52:03.348  2759  2759 E IPCThreadState: Binder transaction failure: 59750/29201/-1
04-08 23:52:03.348  2759  2759 E IPCThreadState: Binder transaction failure: 59754/29201/-1
04-08 23:52:03.348  2759  2759 E IPCThreadState: Binder transaction failure: 59777/29201/-1
04-08 23:52:03.349  2759  2759 E IPCThreadState: Binder transaction failure: 59782/29201/-1
04-08 23:52:03.349  2759  2759 E IPCThreadState: Binder transaction failure: 59786/29201/-1
04-08 23:52:03.349  2759  2759 E IPCThreadState: Binder transaction failure: 59790/29201/-1
04-08 23:52:03.349  2759  2759 E IPCThreadState: Binder transaction failure: 59794/29201/-1
04-08 23:52:03.349  2759  2759 E IPCThreadState: Binder transaction failure: 59798/29201/-1
04-08 23:52:03.349  2759  2759 E IPCThreadState: Binder transaction failure: 59802/29201/-1
04-08 23:52:03.349  2759  2759 E IPCThreadState: Binder transaction failure: 59807/29201/-1
04-08 23:52:03.349  2759  2759 E IPCThreadState: Binder transaction failure: 59811/29201/-1
04-08 23:52:03.349  2759  2759 E IPCThreadState: Binder transaction failure: 59815/29201/-1
04-08 23:52:03.350  2759  2759 E IPCThreadState: Binder transaction failure: 59819/29201/-1
04-08 23:52:03.350  2759  2759 E IPCThreadState: Binder transaction failure: 59823/29201/-1
04-08 23:52:03.353  2768  2768 I viceentitlement: Using CollectorTypeCC GC.
04-08 23:52:03.354  2768  2768 W viceentitlement: Unexpected CPU variant for x86: x86_64.
04-08 23:52:03.354  2768  2768 W viceentitlement: Known variants: atom, sandybridge, silvermont, goldmont, goldmont-plus, tremont, kabylake, default
04-08 23:52:04.026     0     0 E SELinux : avc:  denied  { find } for pid=2759 uid=2000 name=android.hardware.security.keymint.IKeyMintDevice/default scontext=u:r:shell:s0 tcontext=u:object_r:hal_keymint_service:s0 tclass=service_manager permissive=0
04-08 23:52:04.029     0     0 E SELinux : avc:  denied  { find } for pid=2759 uid=2000 name=android.hardware.security.secureclock.ISecureClock/default scontext=u:r:shell:s0 tcontext=u:object_r:hal_secureclock_service:s0 tclass=service_manager permissive=0
04-08 23:52:04.030     0     0 E SELinux : avc:  denied  { find } for pid=2759 uid=2000 name=android.hardware.security.sharedsecret.ISharedSecret/default scontext=u:r:shell:s0 tcontext=u:object_r:hal_sharedsecret_service:s0 tclass=service_manager permissive=0
04-08 23:52:03.355  2759  2759 E IPCThreadState: Binder transaction failure: 59843/29201/-1
04-08 23:52:03.356  2759  2759 E IPCThreadState: Binder transaction failure: 59847/29201/-1
04-08 23:52:03.356  2759  2759 E IPCThreadState: Binder transaction failure: 59851/29201/-1
04-08 23:52:03.356  2759  2759 E IPCThreadState: Binder transaction failure: 59855/29201/-1
04-08 23:52:03.356  2759  2759 E IPCThreadState: Binder transaction failure: 59859/29201/-1
04-08 23:52:03.356  2759  2759 E IPCThreadState: Binder transaction failure: 59863/29201/-1
04-08 23:52:04.034     0     0 E SELinux : avc:  denied  { find } for pid=2759 uid=2000 name=android.service.gatekeeper.IGateKeeperService scontext=u:r:shell:s0 tcontext=u:object_r:gatekeeper_service:s0 tclass=service_manager permissive=0
04-08 23:52:03.359  2759  2759 E IPCThreadState: Binder transaction failure: 59909/29201/-1
04-08 23:52:03.359  2759  2759 E IPCThreadState: Binder transaction failure: 59913/29201/-1
04-08 23:52:03.360  2759  2759 E Parcel  : Reading a NULL string not supported here.
04-08 23:52:03.362  2759  2759 E Parcel  : Reading a NULL string not supported here.
04-08 23:52:03.363  2759  2759 E Parcel  : Reading a NULL string not supported here.
04-08 23:52:03.364  2759  2759 E Parcel  : Reading a NULL string not supported here.
04-08 23:52:03.366  2759  2759 E Parcel  : Reading a NULL string not supported here.
04-08 23:52:03.366  2759  2759 E Parcel  : Reading a NULL string not supported here.
