04-21 00:07:50.688  1236  1398 E egdd    : (REDACTED) Unrecognized recognizer for [%s, %d]: %d. Ignoring it and its associated features.
04-21 00:07:50.689  1236  1398 E egdd    : (REDACTED) Unrecognized recognizer for [%s, %d]: %d. Ignoring it and its associated features.
04-21 00:07:50.689  1236  1398 E egdd    : (REDACTED) Unrecognized recognizer for [%s, %d]: %d. Ignoring it and its associated features.
04-21 00:07:50.689  1236  1398 E egdd    : (REDACTED) Unrecognized recognizer for [%s, %d]: %d. Ignoring it and its associated features.
04-21 00:07:50.691  9646 15123 I bwa     : Finished new classification for package: com.adamoutler.ssh.test, model: bll_1, verdict: HARMFUL, score: 1.1000016E7
04-21 00:07:50.692  1236  1398 I LPRequestState: (REDACTED) [%s] #resolveDesiredLanguagePacks
04-21 00:07:50.692  1236  1398 I LPRequestState: (REDACTED) Assigning language pack %s for request %s
04-21 00:07:50.693  1236  1319 I LPDownloadSettingsState: (REDACTED) Defaulting LP download condition to %s as user has not edited settings.
04-21 00:07:50.693  1643  5738 E AppSearchAppIndxrImpl: Certificate not found for package: org.chromium.webapk.aa3c3b265300b781f_v2
04-21 00:07:50.693  1643  5738 E AppSearchAppIndxrImpl: Certificate not found for package: org.chromium.webapk.aeba77c67001e3dbf_v2
04-21 00:07:50.693  1236  1319 I ZipLPPopulator: (REDACTED) MDD.addFileGroup: %s
04-21 00:07:50.693  1643  5738 E AppSearchAppIndxrImpl: Certificate not found for package: org.chromium.webapk.ab233cb66d3135711_v2
04-21 00:07:50.694  1327  1382 E elvq    : (REDACTED) Future Monitor failed
04-21 00:07:50.694  1327  1382 E elvq    : java.lang.IllegalStateException: Room cannot verify the data integrity. Looks like you've changed schema but forgot to update the version number. You can simply fix this by increasing the version number. Expected identity hash: 9c4eda4e81021ecdb487965477e19017, found: ebf2b5d7d34e9c66dab22c6d16796d4a
04-21 00:07:50.694  1327  1382 E elvq    : 	at lpk.onOpen(PG:120)
04-21 00:07:50.694  1327  1382 E elvq    : 	at android.database.sqlite.SQLiteOpenHelper.getDatabaseLocked(SQLiteOpenHelper.java:444)
04-21 00:07:50.694  1327  1382 E elvq    : 	at android.database.sqlite.SQLiteOpenHelper.getWritableDatabase(SQLiteOpenHelper.java:332)
04-21 00:07:50.694  1327  1382 E elvq    : 	at lpk.b(PG:85)
04-21 00:07:50.694  1327  1382 E elvq    : 	at lpl.b(PG:5)
04-21 00:07:50.694  1327  1382 E elvq    : 	at endy.b(PG:9)
04-21 00:07:50.694  1327  1382 E elvq    : 	at lja.a(PG:47)
04-21 00:07:50.694  1327  1382 E elvq    : 	at lja.b(PG:1)
04-21 00:07:50.694  1327  1382 E elvq    : 	at ljl.b(PG:10)
04-21 00:07:50.694  1327  1382 E elvq    : 	at lil.a(PG:98)
04-21 00:07:50.694  1327  1382 E elvq    : 	at fnmp.b(PG:21)
04-21 00:07:50.694  1327  1382 E elvq    : 	at lgs.w(PG:45)
04-21 00:07:50.694  1327  1382 E elvq    : 	at ljv.b(PG:90)
04-21 00:07:50.694  1327  1382 E elvq    : 	at fnqp.u(PG:12)
04-21 00:07:50.694  1327  1382 E elvq    : 	at foaq.run(PG:110)
04-21 00:07:50.694  1327  1382 E elvq    : 	at lhi.run(PG:5)
04-21 00:07:50.694  1327  1382 E elvq    : 	at crad.run(PG:5)
04-21 00:07:50.694  1327  1382 E elvq    : 	at evpa.run(PG:44)
04-21 00:07:50.694  1327  1382 E elvq    : 	at cqzp.run(PG:83)
04-21 00:07:50.694  1327  1382 E elvq    : 	at java.lang.Thread.run(Thread.java:1563)
04-21 00:07:50.694  1327  1382 E elvq    : 	at crbf.run(PG:62)
04-21 00:07:50.706  9646 15123 I bgd     : Work finished, result: Result(successCount=1, failureCount=0), latency: PT0.145S
04-21 00:07:50.708  9646  9871 I bgp     : Finished work type: HANDLE_PACKAGES_CHANGED, success: true, latency: PT0.15S
04-21 00:07:50.708  9646  9646 I WorkService: Stopping the work service
04-21 00:07:50.709  1643  6601 W ForegroundServiceTypeLoggerModule: FGS stop call for: 10134 has no types!
04-21 00:07:50.710  1643  4189 D BackgroundInstallControlService: Package event received: 0
04-21 00:07:50.710  1643  4189 D BackgroundInstallControlService: Package event received: 0
04-21 00:07:50.712  9646  9646 I WorkService: Work service moved out of the foreground
04-21 00:07:50.715  9646  9646 I WorkService: Work service destroyed
04-21 00:07:50.715  9646  9646 I bwg     : Stopping watchdog: work-service, completed in time
04-21 00:07:50.718  1643  1670 W ParceledListSlice: Element #32 is 22548 bytes.
04-21 00:07:50.718  1643  1670 W ParceledListSlice: Element #33 is 22712 bytes.
04-21 00:07:50.718  1643  1670 W ParceledListSlice: Element #34 is 22756 bytes.
04-21 00:07:50.719  1643  6601 W ParceledListSlice: Element #35 is 22728 bytes.
04-21 00:07:50.719  1643  6601 W ParceledListSlice: Element #36 is 22988 bytes.
04-21 00:07:50.719  1643  6601 W ParceledListSlice: Element #37 is 22452 bytes.
04-21 00:07:50.728 27654 27697 E Finsky  : [77] [Counters] attempted to use a non-positive increment for: 4753
04-21 00:07:50.728 27654 27697 I Finsky  : [77] SCH: Scheduling phonesky job Id: 37-826, CT: 1776744470573, Constraints: [{ L: 0, D: 0, C: CHARGING_NONE, I: IDLE_NONE, N: NET_NONE, B: BATTERY_ANY }, { L: 0, D: 0, C: CHARGING_NONE, I: IDLE_NONE, N: NET_NONE, B: BATTERY_ANY }]
04-21 00:07:50.728 27654 27697 I Finsky  : [77] AIM: AppInfoManager-Perf > OnDeviceAppInfo > cacheHitCount=1, cacheMissCount=0. Missed  in cache (limit 10) : []
04-21 00:07:50.729 27654 27685 I Finsky  : [73] AIM: Got app ownership map. App counts: . Unique apps: 0
04-21 00:07:50.729 27654 27685 E Finsky  : [73] [Counters] attempted to use a non-positive increment for: 4752
04-21 00:07:50.729 27654 27685 I Finsky  : [73] AIM: AppInfoManager-Perf > getApps > data collection finished
04-21 00:07:50.729 27654 27685 I Finsky  : [73] AIM: AppInfoManager-Perf > maybeDestroyAppInfoManager is called. actives = 4
04-21 00:07:50.730 27654 27697 E Finsky  : [77] [Counters] attempted to use a non-positive increment for: 4753
04-21 00:07:50.733  1643  6632 V SafetySourceDataValidat: Package: com.android.vending has expected signature
04-21 00:07:50.733  1643  6632 V SafetySourceDataValidat: Package: com.android.vending has expected signature
04-21 00:07:50.734 27654 27697 I Finsky  : [77] SCH: Scheduling 1 system job(s)
04-21 00:07:50.734 27654 27697 I Finsky  : [77] SCH: Scheduling expedited system job 9428
04-21 00:07:50.749 27654 27654 I Finsky  : [2] SCH: job service start with id 9428.
04-21 00:07:50.754 27654 27685 I Finsky  : [73] AIM: AppInfoManager-Perf > ItemModel > CacheSize=193, cacheHitCount=0, cacheMissCount=0, total appsWithNoServerDataCount=5. Missed  in cache (limit 10) : []
04-21 00:07:50.756  1236  1405 I ZipLPPopulator: (REDACTED) Updated file group for group '%s' from location: %s
04-21 00:07:50.756  1236  1405 I ZipLPPopulator: #addNewFileGroups complete
04-21 00:07:50.756  1236  1405 I ZipLPPopulator: (REDACTED) MDD.getFileGroup(%s)
04-21 00:07:50.757 27654 27681 I Finsky  : [69] AIM: AppInfoManager-Perf > ItemModel > CacheSize=193, cacheHitCount=0, cacheMissCount=0, total appsWithNoServerDataCount=5. Missed  in cache (limit 10) : []
04-21 00:07:50.757  1236  1307 I ZipfileLPSourceImpl: (REDACTED) MDD.getFileGroup(%s) complete
04-21 00:07:50.757  1236  1307 I ZipfileLPSourceImpl: (REDACTED) Found LanguagePack metadata file with path: %s
04-21 00:07:50.758  1236  1307 I ZipfileLPSourceImpl: (REDACTED) Returning LanguagePack path for locale %s, version %d from MDD with group name '%s': '%s'
04-21 00:07:50.758  1236  1319 I edyh    : (REDACTED) [%s] Installed LanguagePacks: %s
04-21 00:07:50.758  1236  1319 I edyh    : (REDACTED) [%s] Pending pack: %s
04-21 00:07:50.762 27654 15111 I Finsky  : [1347] SCH: Satisfied jobs for 9428 are: 37-826
04-21 00:07:50.763  1643  1643 I NotificationService: Cannot find enqueued record for key: 0|com.google.android.odad|75673|null|10134
04-21 00:07:50.764 27654 15232 I Finsky  : [1358] SCH: Job 37-826 starting
04-21 00:07:50.765 27654 27654 I Finsky  : [2] WM::SCH: Logging work start for 37-826
04-21 00:07:50.767 27654 27654 I Finsky  : [2] Received an install/uninstall event for package com.adamoutler.ssh.test
04-21 00:07:50.772 27654 27654 I Finsky  : [2] SCH: jobFinished: 37-826. TimeElapsed: 7ms.
04-21 00:07:50.772 27654 27654 I Finsky  : [2] WM::SCH: Logging work end for 37-826
04-21 00:07:50.775 27654 27685 I Finsky  : [73] Not an active Cubes user. Ignoring package install/uninstall event.
04-21 00:07:50.776 27654 27685 I Finsky  : [73] AIM: AppInfoManager-Perf > getApps > data collection finished
04-21 00:07:50.776 27654 27685 I Finsky  : [73] AIM: AppInfoManager-Perf > maybeDestroyAppInfoManager is called. actives = 3
04-21 00:07:50.780 15236 15236 W libprocessgroup: A JoinCgroup action in the SystemMemoryProcess profile is used for controller memory in the cgroup v2 hierarchy and will be ignored
04-21 00:07:50.783 27654 27685 I Finsky  : [73] SCH: Scheduling phonesky job Id: 26-1414141414, CT: 1776731357773, Constraints: [{ L: 43199999, D: 44099999, C: CHARGING_NONE, I: IDLE_NONE, N: NET_NONE, B: BATTERY_ANY }]
04-21 00:07:50.784 15236 15236 W libprocessgroup: SetCgroup::ExecuteForTask: failed to open /dev/blkio/tasks: Permission denied
04-21 00:07:50.782 15236 15236 W settaskprofile: type=1400 audit(0.0:17931): avc:  denied  { search } for  name="vendor_sched" dev="proc" ino=4026532231 scontext=u:r:shell:s0 tcontext=u:object_r:proc_vendor_sched:s0 tclass=dir permissive=0
04-21 00:07:50.786 27654 27697 I Finsky  : [77] SCH: Scheduling 1 system job(s)
04-21 00:07:50.786 27654 27697 W JobInfo : Job 'com.android.vending/com.google.android.finsky.scheduler.process.mainimpl.PhoneskyJobServiceMain#9438' has a deadline with no functional constraints. The deadline won't improve job execution latency. Consider removing the deadline.
04-21 00:07:50.786 27654 27697 I Finsky  : [77] SCH: Scheduling system job Id: 9438, L: 30086986, D: 30986986, C: false, I: false, N: 0
04-21 00:07:50.787  1643  6632 W JobInfo : Job 'com.android.vending/com.google.android.finsky.scheduler.process.mainimpl.PhoneskyJobServiceMain#9438' has a deadline with no functional constraints. The deadline won't improve job execution latency. Consider removing the deadline.
04-21 00:07:50.789  5705  6409 I edyw    : (REDACTED) <<< [%s] Reading SodaResourceManager message with updated resourceIds: %s. Total set: %s
04-21 00:07:50.789  5705  6409 I edyw    : (REDACTED) <<< [%s] SodaResourceManager session emitted all requested resources: %s. Ok to terminate.
04-21 00:07:50.792  5707  6288 I AiAiEcho: (REDACTED) EchoSearch: WidgetFetcherImpl is initialized with [%d] widgets [reason=%s]
04-21 00:07:50.797  5705  6407 I edyw    : (REDACTED) <<< [%s] Reading SodaResourceManager message with updated resourceIds: %s. Total set: %s
04-21 00:07:50.797  5705  6407 I edyw    : (REDACTED) <<< [%s] SodaResourceManager session emitted all requested resources: %s. Ok to terminate.
04-21 00:07:50.807  5705  6407 I ahka    : (REDACTED) Invalidating %s caches for %s
04-21 00:07:50.807  5705  6407 I dkjx    : (REDACTED) Invalidation request: %s
04-21 00:07:50.810  5705  6412 I dtlb    : (REDACTED) Invalidated ContextKey: %s for %s.
04-21 00:07:50.811  5705  6411 I dtlk    : (REDACTED) Fetching ContextResult for ContextKey: %s. %s
04-21 00:07:50.812  5705  6412 I dtlk    : (REDACTED) Fetching context keys %s. %s
04-21 00:07:50.814  5705  6412 I dtlk    : (REDACTED) Fetching ContextResult for ContextKey: %s. %s
04-21 00:07:50.815  5705  6412 I dkla    : (REDACTED) GetContext(%s, %s): %s from synchronized cache (status: %s)
04-21 00:07:50.816  5705  6407 I dtlk    : (REDACTED) ContextResult succeeded for ContextKey: %s. %s
04-21 00:07:50.816  5705  6407 I dtle    : (REDACTED) Primary Locale: %s and preferred locales: %s, returned from Context API. %s
04-21 00:07:50.816  5705  6411 I dkij    : (REDACTED) GetContext(%s, %s): Fetching from provider
04-21 00:07:50.817  5705  6586 I dtgr    : (REDACTED) getting App Capabilities from InstalledAppsCache %s
04-21 00:07:50.845 27654 15232 I Finsky  : [1358] SCH: job service finished with id 9428.
04-21 00:07:50.856  1236  1405 I edvi    : (REDACTED) [%s] All resources wrote to PDS and notified client.
04-21 00:07:50.856  1236  1405 I edvi    : (REDACTED) [%s] hotwordLatency: %d, tdsidLatency: %d, All resources latency: %d
04-21 00:07:50.856  1236  1306 I edzi    : (REDACTED) [%s] Returning ResourceResponse.
04-21 00:07:50.860  7632  7632 I Finsky:background: [2] Memory trim requested to level 40
04-21 00:07:50.861 27654 27654 I Finsky  : [2] Memory trim requested to level 40
04-21 00:07:50.861 27654 27654 I Finsky  : [2] Flushing in-memory image cache
04-21 00:07:50.862  5705  6407 I edyw    : (REDACTED) [%s] SRM session terminated after all resources accounted for: %s.
04-21 00:07:50.870  5705  6127 I edfr    : #updateSodaResourcesWithoutReload
04-21 00:07:50.870  5705  6407 I edfr    : #updateSodaResourcesWithoutReload inside sequencer
04-21 00:07:50.871  5705  6034 I edfr    : #checkAsrCompatibility inside sequencer
04-21 00:07:50.871  5705  6034 I edfr    : (REDACTED) #checkAsrCompatibility initializing Soda. Locale: %s. Expected LP version: %d
04-21 00:07:50.871  5705  6034 I edfr    : (REDACTED) Soda cache directory: %s
04-21 00:07:50.872  5705  6034 I edfr    : Hotmatch disabled: flag not enabled
04-21 00:07:50.872  5705  6034 I edte    : SODA instance exists and matches params. Updating callbacks and returning preloaded instance.
04-21 00:07:50.872  5705  6034 I edfr    : #checkAsrCompatibility successful!
04-21 00:07:50.873  5705  6034 I edgr    : Compatcheck success for background update.
04-21 00:07:50.873  5705  6034 I edfr    : #backgroundUpdate
04-21 00:07:50.873  5705  6034 I edfr    : #backgroundUpdate inside sequencer
04-21 00:07:50.873  5705  6127 I edfr    : #backgroundUpdate using the existing ASR soda instance.
04-21 00:07:50.874  5705  6127 I native  : I0000 00:00:1776744470.874734    6127 context-module-impl.cc:801] Update context input. (Proto:MessageLite at 0x6e2450d740)
04-21 00:07:50.875  5705  6127 I native  : I0000 00:00:1776744470.875499    6127 context-module-impl.cc:808] Update context input for public scope. (Proto:MessageLite at 0x6e2450d740)
04-21 00:07:50.875  5705  6127 I edgr    : #backgroundBiasingUpdate succeeded.
04-21 00:07:50.876  5705  6411 I dtlq    : (REDACTED) Sending speech biasing context update to SODA with locale %s. %s
04-21 00:07:50.876  5705  6411 I edgr    : (REDACTED) #getSodaAsrUpdateRequest inserting app domain: %s
04-21 00:07:50.876  5705  6034 I dzcp    : (REDACTED) AppFlow %s is about to be transmitted
04-21 00:07:50.877  5705  6587 I edfr    : #checkAsrCompatibility inside sequencer
04-21 00:07:50.878  5705  6587 I edfr    : (REDACTED) #checkAsrCompatibility initializing Soda. Locale: %s. Expected LP version: %d
04-21 00:07:50.878  5705  6587 I edfr    : (REDACTED) Soda cache directory: %s
04-21 00:07:50.878  5705  6412 I arne    : #getOobeStatus: OptedIn [CONTEXT ratelimit_period="10 SECONDS" ]
04-21 00:07:50.878  5705  6587 I edfr    : Hotmatch disabled: flag not enabled
04-21 00:07:50.878  5705  6587 I edte    : SODA instance exists and matches params. Updating callbacks and returning preloaded instance.
04-21 00:07:50.878  5705  6587 I edfr    : #checkAsrCompatibility successful!
04-21 00:07:50.879  5705  6587 I edgr    : Compatcheck success for background update.
04-21 00:07:50.879  5705  6587 I edfr    : #backgroundUpdate
04-21 00:07:50.879  5705  6587 I edfr    : #backgroundUpdate inside sequencer
04-21 00:07:50.879  5705  6034 I edfr    : #backgroundUpdate using the existing ASR soda instance.
04-21 00:07:50.881  5705  6034 I native  : I0000 00:00:1776744470.881881    6034 context-module-impl.cc:801] Update context input. (Proto:MessageLite at 0x6e24528a40)
04-21 00:07:50.883  5705  6034 I native  : I0000 00:00:1776744470.883751    6034 context-module-impl.cc:808] Update context input for public scope. (Proto:MessageLite at 0x6e24528a40)
04-21 00:07:50.884  5705  6034 I edgr    : #backgroundBiasingUpdate succeeded.
04-21 00:07:50.885  5705  6409 I dtlq    : (REDACTED) Sending speech biasing context update to SODA with locale %s. %s
04-21 00:07:50.886  5705  6127 I dzcp    : (REDACTED) AppFlow %s is about to be transmitted
04-21 00:07:50.886  5705  6587 I edfr    : #checkAsrCompatibility inside sequencer
04-21 00:07:50.886  5705  6587 I edfr    : (REDACTED) #checkAsrCompatibility initializing Soda. Locale: %s. Expected LP version: %d
04-21 00:07:50.887  5705  6587 I edfr    : (REDACTED) Soda cache directory: %s
04-21 00:07:50.887  5705  6587 I edfr    : Hotmatch disabled: flag not enabled
04-21 00:07:50.887  5705  6400 I edgr    : (REDACTED) #getSodaAsrUpdateRequest inserting app domain: %s
04-21 00:07:50.887  5705  6587 I edte    : SODA instance exists and matches params. Updating callbacks and returning preloaded instance.
04-21 00:07:50.887  5705  6587 I edfr    : #checkAsrCompatibility successful!
04-21 00:07:50.889  5705  6127 I edgr    : Compatcheck success for background update.
04-21 00:07:50.889  5705  6127 I edfr    : #backgroundUpdate
04-21 00:07:50.889  5705  6127 I edfr    : #backgroundUpdate inside sequencer
04-21 00:07:50.889  5705  6127 I edfr    : #backgroundUpdate using the existing ASR soda instance.
04-21 00:07:50.889  5705  6127 I edgr    : #backgroundBiasingUpdate succeeded.
04-21 00:07:50.890  5705  6411 I dtlq    : (REDACTED) SODA speech biasing context update for %s is complete. %s
04-21 00:07:50.890  5705  6127 I dzcp    : (REDACTED) AppFlow %s is about to be transmitted
04-21 00:07:50.890  5705  6411 I dtlb    : (REDACTED) Successfully scheduled context update for key: %s for %s.
04-21 00:07:50.890  5705  6127 I edfr    : #checkAsrCompatibility inside sequencer
04-21 00:07:50.891  5705  6127 I edfr    : (REDACTED) #checkAsrCompatibility initializing Soda. Locale: %s. Expected LP version: %d
04-21 00:07:50.891  5705  6127 I edfr    : (REDACTED) Soda cache directory: %s
04-21 00:07:50.891  5705  6127 I edfr    : Hotmatch disabled: flag not enabled
04-21 00:07:50.891  5705  6127 I edte    : SODA instance exists and matches params. Updating callbacks and returning preloaded instance.
04-21 00:07:50.891  5705  6127 I edfr    : #checkAsrCompatibility successful!
04-21 00:07:50.891  5705  6127 I edgr    : Compatcheck success for background update.
04-21 00:07:50.891  5705  6127 I edfr    : #backgroundUpdate
04-21 00:07:50.892  5705  6127 I edfr    : #backgroundUpdate inside sequencer
04-21 00:07:50.892  5705  6127 I edfr    : #backgroundUpdate using the existing ASR soda instance.
04-21 00:07:50.892  5705  6127 I edgr    : #backgroundBiasingUpdate succeeded.
04-21 00:07:50.892  5705  6409 I dtlq    : (REDACTED) SODA speech biasing context update for %s is complete. %s
04-21 00:07:50.892  5705  6587 I dzcp    : (REDACTED) AppFlow %s is about to be transmitted
04-21 00:07:50.893  5705  6587 I dzcp    : (REDACTED) AppFlow %s is about to be transmitted
04-21 00:07:50.893  5705  6409 I dtlb    : (REDACTED) Successfully scheduled context update for key: %s for %s.
04-21 00:07:50.895  5705  6127 I dzcp    : (REDACTED) AppFlow %s is about to be transmitted
04-21 00:07:50.897  5705  6400 I dkij    : (REDACTED) GetContext(%s, %s): Fetch from the %s surface finished with status: %s
04-21 00:07:50.898  5705  6400 I dtlk    : (REDACTED) ContextResult succeeded for ContextKey: %s. %s
04-21 00:07:50.899  5705  6400 I dtlw    : (REDACTED) Updating context input '%s' with dynamic class '%s' containing %s entities. %s
04-21 00:07:50.899  5705  6400 I dtlw    : (REDACTED) Clearing context input '%s'. %s
04-21 00:07:50.899  5705  6400 I dtlq    : (REDACTED) Sending speech biasing context update to SODA with locale %s. %s
04-21 00:07:50.900  5705  6388 I edgr    : (REDACTED) #getSodaAsrUpdateRequest inserting app domain: %s
04-21 00:07:50.900 15233 15233 D AndroidRuntime: >>>>>> START com.android.internal.os.RuntimeInit uid 2000 <<<<<<
04-21 00:07:50.900  5705  6034 I edfr    : #checkAsrCompatibility inside sequencer
04-21 00:07:50.901  5705  6034 I edfr    : (REDACTED) #checkAsrCompatibility initializing Soda. Locale: %s. Expected LP version: %d
04-21 00:07:50.901  5705  6034 I edfr    : (REDACTED) Soda cache directory: %s
04-21 00:07:50.901  5705  6034 I edfr    : Hotmatch disabled: flag not enabled
04-21 00:07:50.901  5705  6034 I edte    : SODA instance exists and matches params. Updating callbacks and returning preloaded instance.
04-21 00:07:50.901  5705  6034 I edfr    : #checkAsrCompatibility successful!
04-21 00:07:50.902  5705  6127 I edgr    : Compatcheck success for background update.
04-21 00:07:50.902  5705  6127 I edfr    : #backgroundUpdate
04-21 00:07:50.902  5705  6127 I edfr    : #backgroundUpdate inside sequencer
04-21 00:07:50.902  5705  6587 I edfr    : #backgroundUpdate using the existing ASR soda instance.
04-21 00:07:50.905  5705  6587 I native  : I0000 00:00:1776744470.905176    6587 context-module-impl.cc:801] Update context input. (Proto:MessageLite at 0x6e2455a6c0)
04-21 00:07:50.905 15233 15233 I AndroidRuntime: Using default boot image
04-21 00:07:50.905 15233 15233 I AndroidRuntime: Leaving lock profiling enabled
04-21 00:07:50.907  5705  6587 I native  : I0000 00:00:1776744470.907220    6587 context-module-impl.cc:808] Update context input for public scope. (Proto:MessageLite at 0x6e2455a6c0)
04-21 00:07:50.908  5705  6587 I edgr    : #backgroundBiasingUpdate succeeded.
04-21 00:07:50.908  1643  1666 I system_server: Background concurrent mark compact GC freed 70MB AllocSpace bytes, 67(2476KB) LOS objects, 53% free, 81MB/177MB, paused 1.365ms,3.839ms total 607.781ms
04-21 00:07:50.909  5705  6400 I dtlq    : (REDACTED) Sending speech biasing context update to SODA with locale %s. %s
04-21 00:07:50.910  5705  6034 I dzcp    : (REDACTED) AppFlow %s is about to be transmitted
04-21 00:07:50.910  5705  6411 I edgr    : (REDACTED) #getSodaAsrUpdateRequest inserting app domain: %s
04-21 00:07:50.911  5705  6586 I edfr    : #checkAsrCompatibility inside sequencer
04-21 00:07:50.911  5705  6586 I edfr    : (REDACTED) #checkAsrCompatibility initializing Soda. Locale: %s. Expected LP version: %d
04-21 00:07:50.911  5705  6586 I edfr    : (REDACTED) Soda cache directory: %s
04-21 00:07:50.911 15233 15233 I app_process: Using CollectorTypeCMC GC.
04-21 00:07:50.911  5705  6586 I edfr    : Hotmatch disabled: flag not enabled
04-21 00:07:50.911  5705  6586 I edte    : SODA instance exists and matches params. Updating callbacks and returning preloaded instance.
04-21 00:07:50.911  5705  6586 I edfr    : #checkAsrCompatibility successful!
04-21 00:07:50.911  5705  6127 I edgr    : Compatcheck success for background update.
04-21 00:07:50.911  5705  6127 I edfr    : #backgroundUpdate
04-21 00:07:50.911  5705  6127 I edfr    : #backgroundUpdate inside sequencer
04-21 00:07:50.911  5705  6034 I edfr    : #backgroundUpdate using the existing ASR soda instance.
04-21 00:07:50.912  5705  6034 I edgr    : #backgroundBiasingUpdate succeeded.
04-21 00:07:50.912  5705  6127 I dzcp    : (REDACTED) AppFlow %s is about to be transmitted
04-21 00:07:50.912  5705  6412 I dtlq    : (REDACTED) SODA speech biasing context update for %s is complete. %s
04-21 00:07:50.914  5705  6412 I dtlb    : (REDACTED) Successfully scheduled context update for key: %s for %s.
04-21 00:07:50.915  5705  6034 I dzcp    : (REDACTED) AppFlow %s is about to be transmitted
04-21 00:07:50.915  1643  1668 W System  : A resource failed to call close. 
04-21 00:07:50.916  1643  1668 W System  : A resource failed to call close. 
04-21 00:07:50.920  1643  1668 W System  : A resource failed to call close. 
04-21 00:07:50.922  1643  1668 W System  : A resource failed to call close. 
04-21 00:07:51.033 15233 15233 D nativeloader: InitDefaultPublicLibraries for_preload=1: libandroid.so:libaaudio.so:libamidi.so:libbinder_ndk.so:libc.so:libcamera2ndk.so:libdl.so:libEGL.so:libGLESv1_CM.so:libGLESv2.so:libGLESv3.so:libicu.so:libicui18n.so:libicuuc.so:libjnigraphics.so:liblog.so:libmediandk.so:libm.so:libnativehelper.so:libnativewindow.so:libOpenMAXAL.so:libOpenSLES.so:libRS.so:libstdc++.so:libsync.so:libvulkan.so:libwebviewchromium_plat_support.so:libz.so
04-21 00:07:51.054 27654 27700 I Finsky  : [78] Installer package name of package com.android.settings is 
04-21 00:07:51.054 27654 27700 I Finsky  : [78] Installer package name of package com.adamoutler.ssh is 
04-21 00:07:51.055 27654 27700 I Finsky  : [78] Installer package name of package com.tracfone.mds.deviceinformationgathering is 
04-21 00:07:51.055 27654 27700 I Finsky  : [78] Installer package name of package dji.go.v5 is com.google.android.packageinstaller
04-21 00:07:51.056 27654 27700 I Finsky  : [78] Installer package name of package org.chromium.webapk.aa3c3b265300b781f_v2 is com.android.chrome
04-21 00:07:51.056 27654 27700 I Finsky  : [78] Installer package name of package org.chromium.webapk.ab233cb66d3135711_v2 is com.android.chrome
04-21 00:07:51.056 27654 27700 I Finsky  : [78] Installer package name of package org.chromium.webapk.aeba77c67001e3dbf_v2 is com.android.chrome
04-21 00:07:51.065 15233 15233 D nativeloader: Load libicu_jni.so using APEX ns com_android_art for caller /apex/com.android.art/javalib/core-oj.jar: ok
04-21 00:07:51.065 15233 15233 D app_process: u_setTimeZoneFilesDirectory("/apex/com.android.tzdata/etc/tz/versioned/9/icu") succeeded. 
04-21 00:07:51.065 15233 15233 D app_process: I18n APEX ICU file found: /apex/com.android.i18n/etc/icu/icudt76l.dat
04-21 00:07:51.068 15233 15233 D nativeloader: Load libjavacore.so using APEX ns com_android_art for caller /apex/com.android.art/javalib/core-oj.jar: ok
04-21 00:07:51.070 15233 15233 D nativeloader: Load libopenjdk.so using APEX ns com_android_art for caller /apex/com.android.art/javalib/core-oj.jar: ok
04-21 00:07:51.073 15233 15233 I app_process: Priority-to-niceness mapping: 19, 16, 13, 10, 0, -2, -4, -5, -6, -8
04-21 00:07:51.118 15233 15233 D nativeloader: Load libframework-connectivity-tiramisu-jni.so using APEX ns com_android_tethering for caller /apex/com.android.tethering/javalib/framework-connectivity-t.jar: ok
04-21 00:07:51.119 15233 15233 D AndroidRuntime: Calling main entry com.android.commands.am.Am
04-21 00:07:51.127 15233 15233 I AconfigPackage: android.graphics.pdf.flags is mapped to com.android.mediaprovider
04-21 00:07:51.127 15233 15233 I AconfigPackage: com.android.providers.media.flags is mapped to com.android.mediaprovider
04-21 00:07:51.127 15233 15233 I AconfigPackage: android.graphics.pdf.flags.readonly is mapped to com.android.mediaprovider
04-21 00:07:51.127 15233 15233 I AconfigPackage: com.android.tethering.mainline.beta is mapped to com.android.tethering
04-21 00:07:51.127 15233 15233 I AconfigPackage: android.net.http is mapped to com.android.tethering
04-21 00:07:51.127 15233 15233 I AconfigPackage: com.android.tethering.readonly.flags is mapped to com.android.tethering
04-21 00:07:51.127 15233 15233 I AconfigPackage: android.net.vcn is mapped to com.android.tethering
04-21 00:07:51.127 15233 15233 I AconfigPackage: com.android.net.flags is mapped to com.android.tethering
04-21 00:07:51.127 15233 15233 I AconfigPackage: com.android.tethering.beta.test is mapped to com.android.tethering
04-21 00:07:51.127 15233 15233 I AconfigPackage: com.android.nearby.flags is mapped to com.android.tethering
04-21 00:07:51.127 15233 15233 I AconfigPackage: com.android.net.ct.flags is mapped to com.android.tethering
04-21 00:07:51.128 15233 15233 I AconfigPackage: com.android.net.thread.flags is mapped to com.android.tethering
04-21 00:07:51.128 15233 15233 I AconfigPackage: com.android.healthfitness.flags is mapped to com.android.healthfitness
04-21 00:07:51.130 15233 15233 I AconfigPackage: com.android.bluetooth.flags is mapped to com.android.bt
04-21 00:07:51.131 15233 15233 I AconfigPackage: com.android.ipsec.flags is mapped to com.android.ipsec
04-21 00:07:51.131 15233 15233 I AconfigPackage: com.android.adservices.ondevicepersonalization.flags is mapped to com.android.ondevicepersonalization
04-21 00:07:51.132 15233 15233 I AconfigPackage: com.android.nfc.module.flags is mapped to com.android.nfcservices
04-21 00:07:51.132 15233 15233 I AconfigPackage: com.android.cellbroadcastreceiver.flags is mapped to com.android.cellbroadcast
04-21 00:07:51.133 15233 15233 I AconfigPackage: com.android.wifi.flags is mapped to com.android.wifi
04-21 00:07:51.133 15233 15233 I AconfigPackage: com.android.appsearch.flags is mapped to com.android.appsearch
04-21 00:07:51.134 15233 15233 I AconfigPackage: android.uprobestats.mainline.flags is mapped to com.android.uprobestats
04-21 00:07:51.134 15233 15233 I AconfigPackage: android.os.profiling is mapped to com.android.profiling
04-21 00:07:51.134 15233 15233 I AconfigPackage: android.os.profiling.anomaly.flags is mapped to com.android.profiling
04-21 00:07:51.135 15233 15233 I AconfigPackage: com.android.devicelock.flags is mapped to com.android.devicelock
04-21 00:07:51.135 15233 15233 I AconfigPackage: com.android.media.extractor.flags is mapped to com.android.media
04-21 00:07:51.135 15233 15233 I AconfigPackage: com.android.media.mainline.flags is mapped to com.android.media
04-21 00:07:51.135 15233 15233 I AconfigPackage: com.android.art.flags is mapped to com.android.art
04-21 00:07:51.135 15233 15233 I AconfigPackage: com.android.art.rw.flags is mapped to com.android.art
04-21 00:07:51.135 15233 15233 I AconfigPackage: com.android.libcore is mapped to com.android.art
04-21 00:07:51.136 15233 15233 I AconfigPackage: com.android.os.statsd.flags is mapped to com.android.os.statsd
04-21 00:07:51.136 15233 15233 I AconfigPackage: com.android.org.conscrypt.flags is mapped to com.android.conscrypt
04-21 00:07:51.136 15233 15233 I AconfigPackage: com.android.org.conscrypt.net.flags is mapped to com.android.conscrypt
04-21 00:07:51.137 15233 15233 I AconfigPackage: com.android.adservices.flags is mapped to com.android.adservices
04-21 00:07:51.137 15233 15233 I AconfigPackage: com.android.sdksandbox.flags is mapped to com.android.adservices
04-21 00:07:51.137 15233 15233 I AconfigPackage: com.android.uwb.flags is mapped to com.android.uwb
04-21 00:07:51.137 15233 15233 I AconfigPackage: com.android.ranging.flags is mapped to com.android.uwb
04-21 00:07:51.138 15233 15233 I AconfigPackage: com.android.permission.flags is mapped to com.android.permission
04-21 00:07:51.138 15233 15233 I AconfigPackage: com.android.permissioncontroller.flags is mapped to com.android.permission
04-21 00:07:51.138 15233 15233 I AconfigPackage: android.provider.flags is mapped to com.android.configinfrastructure
04-21 00:07:51.138 15233 15233 I AconfigPackage: com.android.server.deviceconfig is mapped to com.android.configinfrastructure
04-21 00:07:51.139 15233 15233 I AconfigPackage: android.media.swcodec.flags is mapped to com.android.media.swcodec
04-21 00:07:51.139 15233 15233 I AconfigPackage: com.android.system.virtualmachine.flags is mapped to com.android.virt
04-21 00:07:51.140 15233 15233 I AconfigPackage: com.android.icu is mapped to com.android.i18n
04-21 00:07:51.141 15233 15233 I AconfigPackage: com.android.rkpd.flags is mapped to com.android.rkpd
04-21 00:07:51.141 15233 15233 I AconfigPackage: com.android.adbd.flags is mapped to com.android.adbd
04-21 00:07:51.142 15233 15233 I AconfigPackage: com.android.telephony.flags is mapped to com.android.telephonycore
04-21 00:07:51.142 15233 15233 I AconfigPackage: com.android.crashrecovery.flags is mapped to com.android.crashrecovery
04-21 00:07:51.143 15233 15233 I AconfigPackage: com.android.compos.flags is mapped to com.android.compos
04-21 00:07:51.143 15233 15233 E FeatureFlagsImplExport: android.os.flagging.AconfigStorageReadException: ERROR_PACKAGE_NOT_FOUND: package android.xr cannot be found on the device
04-21 00:07:51.147 15233 15233 D UiAutomationConnection: Created on user UserHandle{0}
04-21 00:07:51.148  1643  6601 I ActivityManager: Force stopping com.adamoutler.ssh appid=10448 user=0: start instr
04-21 00:07:51.151  1643  6601 V GrammaticalInflectionUtils: AttributionSource: android.content.AttributionSource@351efa40 does not have READ_SYSTEM_GRAMMATICAL_GENDER permission.
04-21 00:07:51.152  1643  4189 D BackgroundInstallControlService: Package event received: 0
04-21 00:07:51.152  1643  4189 D BackgroundInstallControlService: Package event received: 0
04-21 00:07:51.152  1643  4189 D BackgroundInstallControlService: Package event received: 0
04-21 00:07:51.153  4433  4539 D UidImportanceSource: onUidImportanceBlock: uid=10448 importance=400
04-21 00:07:51.154  4433  4539 D UidImportanceSource: onUidImportanceBlock: packages=[com.adamoutler.ssh] importance=400
04-21 00:07:51.154  4433  4539 D UidImportanceSource: onUidImportanceBlock: packageName=com.adamoutler.ssh importance=400
04-21 00:07:51.154  4433  4539 D BusinessScope: Enqueuing the block
04-21 00:07:51.154  4433  4755 D BusinessScope: Start running the #48696 block
04-21 00:07:51.154  4433  4755 D BusinessScope: Enqueuing the block
04-21 00:07:51.154  4433  4755 D ImpulseStateSource: Notify clients: 24344
04-21 00:07:51.154  4433  4755 D BusinessScope: Finish running the #48696 block
04-21 00:07:51.154  4433  4755 D BusinessScope: Start running the #48697 block
04-21 00:07:51.154  4433  4755 D BusinessScope: Finish running the #48697 block
04-21 00:07:51.179  1038  1038 D Zygote  : Forked child process 15261
04-21 00:07:51.180  1643  1822 I ActivityManager: Start proc 15261:com.adamoutler.ssh/u0a448 for added application com.adamoutler.ssh
04-21 00:07:51.196 15261 15261 I libc    : SetHeapTaggingLevel: tag level set to 0
04-21 00:07:51.204 15261 15261 I Zygote  : Process 15261 created for com.adamoutler.ssh
04-21 00:07:51.204 15261 15261 I .adamoutler.ssh: Late-enabling -Xcheck:jni
04-21 00:07:51.241 15261 15261 I .adamoutler.ssh: Using CollectorTypeCMC GC.
04-21 00:07:51.250  1391  1427 I adbd    : jdwp connection from 15261
04-21 00:07:51.261 15261 15261 D nativeloader: Load libframework-connectivity-tiramisu-jni.so using APEX ns com_android_tethering for caller /apex/com.android.tethering/javalib/framework-connectivity-t.jar: ok
04-21 00:07:51.309 15261 15261 D CompatChangeReporter: Compat change id reported: 242716250; UID 10448; state: ENABLED
04-21 00:07:51.337 15261 15261 W ActivityThread: Package uses different ABI(s) than its instrumentation: package[com.adamoutler.ssh]: arm64-v8a, null instrumentation[com.adamoutler.ssh.test]: null, null
04-21 00:07:51.340 15261 15261 D ApplicationLoaders: Returning zygote-cached class loader: /system_ext/framework/androidx.window.extensions.jar
04-21 00:07:51.340 15261 15261 D ApplicationLoaders: Returning zygote-cached class loader: /system_ext/framework/androidx.window.sidecar.jar
04-21 00:07:51.346  1643  6632 E AppOps  : attributionTag VCN not declared in manifest of android
04-21 00:07:51.349 15261 15261 W .adamoutler.ssh: ClassLoaderContext classpath element mismatch. expected=/system/framework/android.test.base.jar, found=/system_ext/framework/androidx.window.extensions.jar (PCL[]{PCL[/system/framework/android.test.base.jar*3675550993]#PCL[/system/framework/android.test.mock.jar*851652739]} | PCL[]{PCL[/system_ext/framework/androidx.window.extensions.jar*2031876145]#PCL[/system_ext/framework/androidx.window.sidecar.jar*772602948]})
04-21 00:07:51.352 15261 15261 W .adamoutler.ssh: ClassLoaderContext classpath size mismatch. expected=0, found=1 (PCL[] | PCL[/system/framework/android.test.runner.jar*713723491]{PCL[/system_ext/framework/androidx.window.extensions.jar*2031876145]#PCL[/system_ext/framework/androidx.window.sidecar.jar*772602948]})
04-21 00:07:51.355 15261 15261 W .adamoutler.ssh: ClassLoaderContext classpath size mismatch. expected=0, found=2 (PCL[] | PCL[/system/framework/android.test.runner.jar*713723491:/system/framework/android.test.mock.jar*851652739]{PCL[/system_ext/framework/androidx.window.extensions.jar*2031876145]#PCL[/system_ext/framework/androidx.window.sidecar.jar*772602948]})
04-21 00:07:51.459 27654 27703 I cn_CronetUrlRequestContext: destroyNativeStreamLocked android.net.connectivity.org.chromium.net.impl.CronetBidirectionalStream@20815ed
04-21 00:07:51.472 27654 27654 E Finsky  : [2] Failed to load an Item com.android.vending, no data available.
04-21 00:07:51.473 27654 27654 E Finsky  : [2] Required items [com.android.vending, com.google.android.apps.maps, com.google.android.contacts, com.google.android.dialer, com.google.android.videos, com.google.android.apps.pixel.nowplaying, com.google.android.apps.recorder, com.google.android.apps.safetyhub, com.google.android.apps.tips]
04-21 00:07:51.473 27654 27654 E Finsky  : [2] Requested items [[com.google.android.videos, com.google.android.apps.maps, com.google.android.contacts, com.google.android.dialer, com.google.android.apps.recorder, com.android.vending, com.google.android.apps.safetyhub, com.google.android.apps.pixel.nowplaying, com.google.android.apps.tips]]
04-21 00:07:51.473 27654 27654 E Finsky  : [2] Retrieved items [com.google.android.videos, com.google.android.apps.maps, com.google.android.contacts, com.google.android.dialer, com.google.android.apps.recorder, com.google.android.apps.safetyhub, com.google.android.apps.pixel.nowplaying, com.google.android.apps.tips]
04-21 00:07:51.750 15261 15261 D nativeloader: Configuring clns-9 for other apk /system/framework/android.test.runner.jar:/system/framework/android.test.mock.jar:/system/framework/android.test.base.jar:/data/app/~~9KU6jC1rcB3RjMTzcspLRg==/com.adamoutler.ssh.test-1hojZNNnGl4wGmLGNrbSsA==/base.apk:/data/app/~~NVDHzwQf291lTpeyu2mqKQ==/com.adamoutler.ssh-Rfmq3ZtfywvYUAuQ7LUBMw==/base.apk. target_sdk_version=34, uses_libraries=, library_path=/data/app/~~9KU6jC1rcB3RjMTzcspLRg==/com.adamoutler.ssh.test-1hojZNNnGl4wGmLGNrbSsA==/lib/arm64:/data/app/~~NVDHzwQf291lTpeyu2mqKQ==/com.adamoutler.ssh-Rfmq3ZtfywvYUAuQ7LUBMw==/lib/arm64:/data/app/~~9KU6jC1rcB3RjMTzcspLRg==/com.adamoutler.ssh.test-1hojZNNnGl4wGmLGNrbSsA==/base.apk!/lib/arm64-v8a:/data/app/~~NVDHzwQf291lTpeyu2mqKQ==/com.adamoutler.ssh-Rfmq3ZtfywvYUAuQ7LUBMw==/base.apk!/lib/arm64-v8a, permitted_path=/data:/mnt/expand:/data/user/0/com.adamoutler.ssh
04-21 00:07:51.760 15261 15261 V GraphicsEnvironment: Currently set values for:
04-21 00:07:51.760 15261 15261 V GraphicsEnvironment:   angle_gl_driver_selection_pkgs=[com.android.angle]
04-21 00:07:51.760 15261 15261 V GraphicsEnvironment:   angle_gl_driver_selection_values=[angle]
04-21 00:07:51.760 15261 15261 V GraphicsEnvironment: com.adamoutler.ssh is not listed in per-application setting
04-21 00:07:51.760 15261 15261 V GraphicsEnvironment: No special selections for ANGLE, returning default driver choice
04-21 00:07:51.760 15261 15261 V GraphicsEnvironment: Neither updatable production driver nor prerelease driver is supported.
04-21 00:07:51.764 15261 15261 D ApplicationLoaders: Returning zygote-cached class loader: /system/framework/android.test.base.jar
04-21 00:07:51.766 15261 15261 D nativeloader: Configuring clns-10 for other apk /system/framework/android.test.mock.jar. target_sdk_version=34, uses_libraries=ALL, library_path=/data/app/~~9KU6jC1rcB3RjMTzcspLRg==/com.adamoutler.ssh.test-1hojZNNnGl4wGmLGNrbSsA==/lib/arm64:/data/app/~~NVDHzwQf291lTpeyu2mqKQ==/com.adamoutler.ssh-Rfmq3ZtfywvYUAuQ7LUBMw==/lib/arm64, permitted_path=/data:/mnt/expand
04-21 00:07:51.767 15261 15261 D ApplicationLoaders: Returning zygote-cached class loader: /system/framework/android.test.base.jar
04-21 00:07:51.768 15261 15261 D nativeloader: Configuring clns-11 for other apk /system/framework/android.test.runner.jar. target_sdk_version=34, uses_libraries=ALL, library_path=/data/app/~~9KU6jC1rcB3RjMTzcspLRg==/com.adamoutler.ssh.test-1hojZNNnGl4wGmLGNrbSsA==/lib/arm64:/data/app/~~NVDHzwQf291lTpeyu2mqKQ==/com.adamoutler.ssh-Rfmq3ZtfywvYUAuQ7LUBMw==/lib/arm64, permitted_path=/data:/mnt/expand
04-21 00:07:51.769 15261 15261 W .adamoutler.ssh: ClassLoaderContext shared library size mismatch. Expected=2, found=3 (PCL[]{PCL[/system/framework/android.test.base.jar*3675550993]#PCL[/system/framework/android.test.mock.jar*851652739]} | PCL[]{PCL[/system/framework/android.test.base.jar*3675550993]#PCL[/system/framework/android.test.mock.jar*851652739]#PCL[/system/framework/android.test.runner.jar*713723491]{PCL[/system/framework/android.test.base.jar*3675550993]#PCL[/system/framework/android.test.mock.jar*851652739]}};PCL[/system/framework/android.test.runner.jar*713723491:/system/framework/android.test.mock.jar*851652739:/system/framework/android.test.base.jar*3675550993:/data/app/~~9KU6jC1rcB3RjMTzcspLRg==/com.adamoutler.ssh.test-1hojZNNnGl4wGmLGNrbSsA==/base.apk*1055530558:/data/app/~~NVDHzwQf291lTpeyu2mqKQ==/com.adamoutler.ssh-Rfmq3ZtfywvYUAuQ7LUBMw==/base.apk*4277409592]{PCL[/system_ext/framework/androidx.window.extensions.jar*2031876145]#PCL[/system_ext/framework/androidx.window.sidecar.jar*772602948]})
04-21 00:07:51.770 15261 15261 W .adamoutler.ssh: ClassLoaderContext classpath size mismatch. expected=0, found=1 (PCL[] | PCL[/system/framework/android.test.runner.jar*713723491]{PCL[/system/framework/android.test.base.jar*3675550993]#PCL[/system/framework/android.test.mock.jar*851652739]#PCL[/system/framework/android.test.runner.jar*713723491]{PCL[/system/framework/android.test.base.jar*3675550993]#PCL[/system/framework/android.test.mock.jar*851652739]}};PCL[/system/framework/android.test.runner.jar*713723491:/system/framework/android.test.mock.jar*851652739:/system/framework/android.test.base.jar*3675550993:/data/app/~~9KU6jC1rcB3RjMTzcspLRg==/com.adamoutler.ssh.test-1hojZNNnGl4wGmLGNrbSsA==/base.apk*1055530558:/data/app/~~NVDHzwQf291lTpeyu2mqKQ==/com.adamoutler.ssh-Rfmq3ZtfywvYUAuQ7LUBMw==/base.apk*4277409592]{PCL[/system_ext/framework/androidx.window.extensions.jar*2031876145]#PCL[/system_ext/framework/androidx.window.sidecar.jar*772602948]})
04-21 00:07:51.771 15261 15261 W .adamoutler.ssh: ClassLoaderContext classpath size mismatch. expected=0, found=2 (PCL[] | PCL[/system/framework/android.test.runner.jar*713723491:/system/framework/android.test.mock.jar*851652739]{PCL[/system/framework/android.test.base.jar*3675550993]#PCL[/system/framework/android.test.mock.jar*851652739]#PCL[/system/framework/android.test.runner.jar*713723491]{PCL[/system/framework/android.test.base.jar*3675550993]#PCL[/system/framework/android.test.mock.jar*851652739]}};PCL[/system/framework/android.test.runner.jar*713723491:/system/framework/android.test.mock.jar*851652739:/system/framework/android.test.base.jar*3675550993:/data/app/~~9KU6jC1rcB3RjMTzcspLRg==/com.adamoutler.ssh.test-1hojZNNnGl4wGmLGNrbSsA==/base.apk*1055530558:/data/app/~~NVDHzwQf291lTpeyu2mqKQ==/com.adamoutler.ssh-Rfmq3ZtfywvYUAuQ7LUBMw==/base.apk*4277409592]{PCL[/system_ext/framework/androidx.window.extensions.jar*2031876145]#PCL[/system_ext/framework/androidx.window.sidecar.jar*772602948]})
04-21 00:07:51.814  1343  1343 W TracingMuxer: type=1400 audit(0.0:17932): avc:  denied  { write } for  name="traced_producer" dev="tmpfs" ino=1380 scontext=u:r:gxp_logging:s0 tcontext=u:object_r:traced_producer_socket:s0 tclass=sock_file permissive=0
04-21 00:07:52.137 15261 15261 I MonitoringInstr: newApplication called!
04-21 00:07:52.155 15261 15261 I MonitoringInstr: Instrumentation started!
04-21 00:07:52.177 15261 15261 I AndroidJUnitRunner: onCreate Bundle[{testTimeoutSeconds=31536000, class=com.adamoutler.ssh.ui.components.TerminalScreenInstrumentedTest#testKeyboardToggleTriggersSigwinch, additionalTestOutputDir=/sdcard/Android/media/com.adamoutler.ssh/additional_test_output}]
04-21 00:07:52.178 15261 15261 V TestEventClient: No service name argument was given (testDiscoveryService, testRunEventService or orchestratorService)
04-21 00:07:52.180 15261 15292 D AndroidJUnitRunner: onStart is called.
04-21 00:07:52.315 15746 15033 I fpp     : Ranging Results Update: DeviceId=2003818520 Distance=19.952623149688797 (m) Type=BLE
04-21 00:07:52.316 15746 15033 I fpp     : Proximity state event detected: device=2003818520, distance(m)=19.95, state=LONG_RANGE, prevState=Unknown/Expired, distance history=[]
04-21 00:07:52.510  1643  1643 I RemoteContentProtectionService: Connection status for: ComponentInfo{com.google.android.odad/com.google.android.apps.miphone.odad.contentprotection.ContentProtectionService} changed to: disconnected
04-21 00:07:52.601  4433  4755 D TemperatureStateSource: sequence=23278 actualDelay=10001
04-21 00:07:52.602  4433  4755 D TemperatureStateSource: Reading temperature: sequence=23279
04-21 00:07:52.606 21077 21077 I pixel-thermal: VIRTUAL-SKIN-MODEL: model_input: [28656.00 30080.00 29235.00 28478.00 29546.00 28589.00 29591.00 28812.00 ]
04-21 00:07:52.606 21077 21077 I native  : I0000 00:00:1776744472.606811   21077 thermal_tflite_wrapper.cc:261] ThermalTfliteInvoke
04-21 00:07:52.607 21077 21077 I pixel-thermal: VIRTUAL-SKIN-MODEL: model_output: [29044.9 ]
04-21 00:07:52.607 21077 21077 I pixel-thermal: VIRTUAL-SKIN-MODEL: predicted_value: [29044.9 ]
04-21 00:07:52.607 21077 21077 I pixel-thermal: Power data LPM_ACTIVE_RAILS_TRANS is under collecting
04-21 00:07:52.607 21077 21077 I pixel-thermal: ShutdownModePowerTrans data is under collecting
04-21 00:07:52.607 21077 21077 I pixel-thermal: Thermal sensor ShutdownModePowerTrans is under collecting
04-21 00:07:52.607 21077 21077 I pixel-thermal: Power data LPM_ACTIVE_RAILS_STEADY is under collecting
04-21 00:07:52.607 21077 21077 I pixel-thermal: ShutdownModePowerSteady data is under collecting
04-21 00:07:52.607 21077 21077 I pixel-thermal: Thermal sensor ShutdownModePowerSteady is under collecting
04-21 00:07:52.607 21077 21077 I pixel-thermal: VIRTUAL-SKIN:29.0388 raw data: VIRTUAL-SKIN:29038.8 VIRTUAL-SKIN-LEGACY:28227.2 VIRTUAL-SKIN-LEGACY-MODEL-DIFF:-817.709 VIRTUAL-SKIN-LEGACY-SHUTDOWN:0 VIRTUAL-SKIN-MODEL:29044.9 VIRTUAL-SKIN-MODEL-CLAMPED:29044.9 VIRTUAL-SKIN-MODEL-LEGACY-DIFF:817.709 VIRTUAL-SKIN-MODEL-UPDATED:29038.8 VIRTUAL-SKIN-MODEL-UPPER-CLAMPED:29044.9 VIRTUAL-SKIN-SUB-0:24218.1 VIRTUAL-SKIN-SUB-1:26752.3 VIRTUAL-SKIN-SUB-2:28194.4 VIRTUAL-SKIN-SUB-3:28047.5 VIRTUAL-SKIN-SUB-4:25706.3 VIRTUAL-SKIN-SUB-5:28187.7 VIRTUAL-SKIN-SUB-6:28227.2 VT_LEGACY_WEIGHT:0 VT_MODEL_WEIGHT:1 btmspkr_therm:28656 charging_therm:30080 disp_therm:29235 north_therm:28478 quiet_therm:29546 rfpa_therm:28589 soc_therm:29591 usb_pwr_therm:28812 
04-21 00:07:52.608  4433  4755 D TemperatureStateSource: getDeviceTemperatures: sequence=23279 deviceTemperatureType=3 temperatureSource=0 temperatures=[29.038763]
04-21 00:07:52.608  4433  4755 D BusinessScope: Enqueuing the block
04-21 00:07:52.608  4433  4755 D TemperatureStateSource: sequence=23279 waitTime=10000
04-21 00:07:52.608  4433  4700 D BusinessScope: Start running the #48698 block
04-21 00:07:52.608  4433  4700 D BusinessScope: Enqueuing the block
04-21 00:07:52.609  4433  4700 D ImpulseStateSource: Notify clients: 24345
04-21 00:07:52.609  4433  4700 D BusinessScope: Finish running the #48698 block
04-21 00:07:52.609  4433  4700 D BusinessScope: Start running the #48699 block
04-21 00:07:52.609  4433  4700 D BusinessScope: Finish running the #48699 block
04-21 00:07:52.632 15261 15261 I Choreographer: Skipped 58 frames!  The application may be doing too much work on its main thread.
04-21 00:07:52.634 15261 15261 I MonitoringInstr: No JSBridge.
04-21 00:07:52.643  1643  1670 D CompatChangeReporter: Compat change id reported: 161145287; UID 10448; state: ENABLED
04-21 00:07:52.644 15261 15292 I InstrConnection: Could not send broadcast or register receiver (isolatedProcess?)
04-21 00:07:52.661 15261 15292 D TestRequestBuilder: Skipping class path scanning and directly running [com.adamoutler.ssh.ui.components.TerminalScreenInstrumentedTest]
04-21 00:07:52.702 15261 15292 D AndroidJUnitRunner: Use the raw file system for managing file I/O.
04-21 00:07:52.711 15261 15292 D TestExecutor: Adding listener androidx.test.internal.runner.listener.LogRunListener
04-21 00:07:52.712 15261 15292 D TestExecutor: Adding listener androidx.test.internal.runner.listener.InstrumentationResultPrinter
04-21 00:07:52.712 15261 15292 D TestExecutor: Adding listener androidx.test.internal.runner.listener.ActivityFinisherRunListener
04-21 00:07:52.712 15261 15292 D TestExecutor: Adding listener androidx.test.internal.runner.listener.TraceRunListener
04-21 00:07:52.723 15261 15292 I TestRunner: run started: 1 tests
04-21 00:07:52.727 15261 15292 I TestRunner: started: testKeyboardToggleTriggersSigwinch(com.adamoutler.ssh.ui.components.TerminalScreenInstrumentedTest)
04-21 00:07:52.786  1126  1126 I WifiHAL : Creating message to get link statistics; iface = 47
04-21 00:07:52.842 15261 15292 W FileTestStorage: Output properties is not supported.
04-21 00:07:52.842 15261 15292 I Tracing : Tracer added: class androidx.test.platform.tracing.AndroidXTracer
04-21 00:07:52.857 15261 15261 D EventInjectionStrategy: Creating injection strategy with input manager.
04-21 00:07:52.858 15261 15292 E TestRunner: failed: testKeyboardToggleTriggersSigwinch(com.adamoutler.ssh.ui.components.TerminalScreenInstrumentedTest)
04-21 00:07:52.859 15261 15292 E TestRunner: ----- begin exception -----
04-21 00:07:52.862 15261 15292 E TestRunner: java.lang.RuntimeException: java.util.concurrent.ExecutionException: java.lang.RuntimeException: java.lang.NoSuchMethodException: android.hardware.input.InputManager.getInstance []
04-21 00:07:52.862 15261 15292 E TestRunner: 	at androidx.test.espresso.Espresso.onIdle(Espresso.java:18)
04-21 00:07:52.862 15261 15292 E TestRunner: 	at androidx.test.espresso.Espresso.onIdle(Espresso.java:1)
04-21 00:07:52.862 15261 15292 E TestRunner: 	at androidx.compose.ui.test.junit4.EspressoLink_androidKt.runEspressoOnIdle(EspressoLink.android.kt:92)
04-21 00:07:52.862 15261 15292 E TestRunner: 	at androidx.compose.ui.test.junit4.EspressoLink.runUntilIdle(EspressoLink.android.kt:79)
04-21 00:07:52.862 15261 15292 E TestRunner: 	at androidx.compose.ui.test.AndroidComposeUiTestEnvironment.runTest(ComposeUiTest.android.kt:320)
