04-21 00:07:49.333 29640 29640 D AlphabeticalAppsList: addAppsWithSections: adding sectionName: J with appInfoTitle: Jadec
04-21 00:07:49.333 29640 29640 D AlphabeticalAppsList: addAppsWithSections: adding sectionName: K with appInfoTitle: Keep Notes
04-21 00:07:49.333 29640 29640 D AlphabeticalAppsList: addAppsWithSections: adding sectionName: L with appInfoTitle: Lens
04-21 00:07:49.333 29640 29640 D AlphabeticalAppsList: addAppsWithSections: adding sectionName: M with appInfoTitle: Maps
04-21 00:07:49.333 29640 29640 D AlphabeticalAppsList: addAppsWithSections: adding sectionName: N with appInfoTitle: Nest
04-21 00:07:49.333 29640 29640 D AlphabeticalAppsList: addAppsWithSections: adding sectionName: O with appInfoTitle: Okta Verify
04-21 00:07:49.333 29640 29640 D AlphabeticalAppsList: addAppsWithSections: adding sectionName: P with appInfoTitle: Paramount+
04-21 00:07:49.333 29640 29640 D AlphabeticalAppsList: addAppsWithSections: adding sectionName: R with appInfoTitle: Recorder
04-21 00:07:49.333 29640 29640 D AlphabeticalAppsList: addAppsWithSections: adding sectionName: S with appInfoTitle: Safety
04-21 00:07:49.333 29640 29640 D AlphabeticalAppsList: addAppsWithSections: adding sectionName: T with appInfoTitle: Tailscale
04-21 00:07:49.333 29640 29640 D AlphabeticalAppsList: addAppsWithSections: adding sectionName: U with appInfoTitle: Uber
04-21 00:07:49.333 29640 29640 D AlphabeticalAppsList: addAppsWithSections: adding sectionName: V with appInfoTitle: Voice
04-21 00:07:49.333 29640 29640 D AlphabeticalAppsList: addAppsWithSections: adding sectionName: W with appInfoTitle: Wallet
04-21 00:07:49.333 29640 29640 D AlphabeticalAppsList: addAppsWithSections: adding sectionName: Y with appInfoTitle: yeedi
04-21 00:07:49.333 29640 29640 D AlphabeticalAppsList: Adding FastScrollSection duplicate to scroll to the bottom.
04-21 00:07:49.334 11091 11091 D ActivityThread: Package [com.adamoutler.ssh] reported as REPLACED, but missing application info. Assuming REMOVED.
04-21 00:07:49.335 29640 29640 D AlphabeticalAppsList: Clearing FastScrollerSections.
04-21 00:07:49.335 29640 29640 D AlphabeticalAppsList: Adding apps with sections. HasPrivateApps: false
04-21 00:07:49.335 29640 29640 D AlphabeticalAppsList: addAppsWithSections: adding sectionName: A with appInfoTitle: Anycubic
04-21 00:07:49.335 29640 29640 D AlphabeticalAppsList: addAppsWithSections: adding sectionName: B with appInfoTitle: BISSELL
04-21 00:07:49.335 29640 29640 D AlphabeticalAppsList: addAppsWithSections: adding sectionName: C with appInfoTitle: Calculator
04-21 00:07:49.335 29640 29640 D AlphabeticalAppsList: addAppsWithSections: adding sectionName: D with appInfoTitle: DEPSTECH-View
04-21 00:07:49.335 29640 29640 D AlphabeticalAppsList: addAppsWithSections: adding sectionName: E with appInfoTitle: Enpass
04-21 00:07:49.335 29640 29640 D AlphabeticalAppsList: addAppsWithSections: adding sectionName: F with appInfoTitle: Family Link
04-21 00:07:49.335 29640 29640 D AlphabeticalAppsList: addAppsWithSections: adding sectionName: G with appInfoTitle: Gemini
04-21 00:07:49.335 29640 29640 D AlphabeticalAppsList: addAppsWithSections: adding sectionName: H with appInfoTitle: Harmony
04-21 00:07:49.335 29640 29640 D AlphabeticalAppsList: addAppsWithSections: adding sectionName: I with appInfoTitle: iRobot
04-21 00:07:49.335 29640 29640 D AlphabeticalAppsList: addAppsWithSections: adding sectionName: J with appInfoTitle: Jadec
04-21 00:07:49.335 29640 29640 D AlphabeticalAppsList: addAppsWithSections: adding sectionName: K with appInfoTitle: Keep Notes
04-21 00:07:49.335 29640 29640 D AlphabeticalAppsList: addAppsWithSections: adding sectionName: L with appInfoTitle: Lens
04-21 00:07:49.335 29640 29640 D AlphabeticalAppsList: addAppsWithSections: adding sectionName: M with appInfoTitle: Maps
04-21 00:07:49.335 29640 29640 D AlphabeticalAppsList: addAppsWithSections: adding sectionName: N with appInfoTitle: Nest
04-21 00:07:49.335 29640 29640 D AlphabeticalAppsList: addAppsWithSections: adding sectionName: O with appInfoTitle: Okta Verify
04-21 00:07:49.335 29640 29640 D AlphabeticalAppsList: addAppsWithSections: adding sectionName: P with appInfoTitle: Paramount+
04-21 00:07:49.335 29640 29640 D AlphabeticalAppsList: addAppsWithSections: adding sectionName: R with appInfoTitle: Recorder
04-21 00:07:49.335 29640 29640 D AlphabeticalAppsList: addAppsWithSections: adding sectionName: S with appInfoTitle: Safety
04-21 00:07:49.335 29640 29640 D AlphabeticalAppsList: addAppsWithSections: adding sectionName: T with appInfoTitle: Tailscale
04-21 00:07:49.335 29640 29640 D AlphabeticalAppsList: addAppsWithSections: adding sectionName: U with appInfoTitle: Uber
04-21 00:07:49.335 29640 29640 D AlphabeticalAppsList: addAppsWithSections: adding sectionName: V with appInfoTitle: Voice
04-21 00:07:49.335 29640 29640 D AlphabeticalAppsList: addAppsWithSections: adding sectionName: W with appInfoTitle: Wallet
04-21 00:07:49.335 29640 29640 D AlphabeticalAppsList: addAppsWithSections: adding sectionName: Y with appInfoTitle: yeedi
04-21 00:07:49.335 29640 29640 D AlphabeticalAppsList: Adding FastScrollSection duplicate to scroll to the bottom.
04-21 00:07:49.338  1643  4189 D BackgroundInstallControlService: Package event received: 0
04-21 00:07:49.338  1643  4189 D BackgroundInstallControlService: Package event received: 0
04-21 00:07:49.338  1643  4189 D BackgroundInstallControlService: Package event received: 0
04-21 00:07:49.338  5705  5714 W hbox:interactor: Reducing the number of considered missed Gc histogram windows from 1846 to 100
04-21 00:07:49.338  5599  5599 D ActivityThread: Package [com.adamoutler.ssh] reported as REPLACED, but missing application info. Assuming REMOVED.
04-21 00:07:49.338 29284 29284 D ActivityThread: Package [com.adamoutler.ssh] reported as REPLACED, but missing application info. Assuming REMOVED.
04-21 00:07:49.338 29640 29640 D ActivityThread: Package [com.adamoutler.ssh] reported as REPLACED, but missing application info. Assuming REMOVED.
04-21 00:07:49.339  4724  4724 D ActivityThread: Package [com.adamoutler.ssh] reported as REPLACED, but missing application info. Assuming REMOVED.
04-21 00:07:49.339  5804  5804 D ActivityThread: Package [com.adamoutler.ssh] reported as REPLACED, but missing application info. Assuming REMOVED.
04-21 00:07:49.339 11091 11091 D ActivityThread: Package [com.adamoutler.ssh] reported as REPLACED, but missing application info. Assuming REMOVED.
04-21 00:07:49.339  5705  5705 D ActivityThread: Package [com.adamoutler.ssh] reported as REPLACED, but missing application info. Assuming REMOVED.
04-21 00:07:49.339 15746 15746 D ActivityThread: Package [com.adamoutler.ssh] reported as REPLACED, but missing application info. Assuming REMOVED.
04-21 00:07:49.339  6547  6547 D ActivityThread: Package [com.adamoutler.ssh] reported as REPLACED, but missing application info. Assuming REMOVED.
04-21 00:07:49.340 18828 18828 D ActivityThread: Package [com.adamoutler.ssh] reported as REPLACED, but missing application info. Assuming REMOVED.
04-21 00:07:49.340  5693  5693 D ActivityThread: Package [com.adamoutler.ssh] reported as REPLACED, but missing application info. Assuming REMOVED.
04-21 00:07:49.340  5929  5929 D ActivityThread: Package [com.adamoutler.ssh] reported as REPLACED, but missing application info. Assuming REMOVED.
04-21 00:07:49.340 22674 22674 D ActivityThread: Package [com.adamoutler.ssh] reported as REPLACED, but missing application info. Assuming REMOVED.
04-21 00:07:49.340  5707  5707 D ActivityThread: Package [com.adamoutler.ssh] reported as REPLACED, but missing application info. Assuming REMOVED.
04-21 00:07:49.341  6257  6257 D ActivityThread: Package [com.adamoutler.ssh] reported as REPLACED, but missing application info. Assuming REMOVED.
04-21 00:07:49.341  1643  2244 I RoleService: Granting default roles...
04-21 00:07:49.341  2308  2308 D ActivityThread: Package [com.adamoutler.ssh] reported as REPLACED, but missing application info. Assuming REMOVED.
04-21 00:07:49.341 23256 23256 D ActivityThread: Package [com.adamoutler.ssh] reported as REPLACED, but missing application info. Assuming REMOVED.
04-21 00:07:49.341   621   750 E hwc-display: updateIdleStats We should not have non-present refresh when the minimum refresh rate is set, as it should use auto mode.
04-21 00:07:49.342 29640 29640 D b/387844520: getOutlineOffsetX: measured width = 117, mNormalizedIconSize = 108, last updated width = 117
04-21 00:07:49.342  8974  8974 D ActivityThread: Package [com.adamoutler.ssh] reported as REPLACED, but missing application info. Assuming REMOVED.
04-21 00:07:49.343  5997  5997 D ActivityThread: Package [com.adamoutler.ssh] reported as REPLACED, but missing application info. Assuming REMOVED.
04-21 00:07:49.343 29640 29640 D b/387844520: getOutlineOffsetX: measured width = 117, mNormalizedIconSize = 108, last updated width = 117
04-21 00:07:49.343 18934 18934 D ActivityThread: Package [com.adamoutler.ssh] reported as REPLACED, but missing application info. Assuming REMOVED.
04-21 00:07:49.344  4847  4847 D ActivityThread: Package [com.adamoutler.ssh] reported as REPLACED, but missing application info. Assuming REMOVED.
04-21 00:07:49.344  4955  4955 D ActivityThread: Package [com.adamoutler.ssh] reported as REPLACED, but missing application info. Assuming REMOVED.
04-21 00:07:49.344  5965  5965 D ActivityThread: Package [com.adamoutler.ssh] reported as REPLACED, but missing application info. Assuming REMOVED.
04-21 00:07:49.344  5947  5947 D ActivityThread: Package [com.adamoutler.ssh] reported as REPLACED, but missing application info. Assuming REMOVED.
04-21 00:07:49.344 31678 31678 D ActivityThread: Package [com.adamoutler.ssh] reported as REPLACED, but missing application info. Assuming REMOVED.
04-21 00:07:49.345 10307 10307 D ActivityThread: Package [com.adamoutler.ssh] reported as REPLACED, but missing application info. Assuming REMOVED.
04-21 00:07:49.345 11029 11029 D ActivityThread: Package [com.adamoutler.ssh] reported as REPLACED, but missing application info. Assuming REMOVED.
04-21 00:07:49.345  4391  4391 D ActivityThread: Package [com.adamoutler.ssh] reported as REPLACED, but missing application info. Assuming REMOVED.
04-21 00:07:49.345  5785  5785 D ActivityThread: Package [com.adamoutler.ssh] reported as REPLACED, but missing application info. Assuming REMOVED.
04-21 00:07:49.345  4233  4233 D ActivityThread: Package [com.adamoutler.ssh] reported as REPLACED, but missing application info. Assuming REMOVED.
04-21 00:07:49.345  5772  5772 D ActivityThread: Package [com.adamoutler.ssh] reported as REPLACED, but missing application info. Assuming REMOVED.
04-21 00:07:49.346 11015 11015 D ActivityThread: Package [com.adamoutler.ssh] reported as REPLACED, but missing application info. Assuming REMOVED.
04-21 00:07:49.346  4940  4940 D ActivityThread: Package [com.adamoutler.ssh] reported as REPLACED, but missing application info. Assuming REMOVED.
04-21 00:07:49.346  2972  2972 D ActivityThread: Package [com.adamoutler.ssh] reported as REPLACED, but missing application info. Assuming REMOVED.
04-21 00:07:49.346  4902  4902 D ActivityThread: Package [com.adamoutler.ssh] reported as REPLACED, but missing application info. Assuming REMOVED.
04-21 00:07:49.347  4571  4571 D ActivityThread: Package [com.adamoutler.ssh] reported as REPLACED, but missing application info. Assuming REMOVED.
04-21 00:07:49.347  4516  4516 D ActivityThread: Package [com.adamoutler.ssh] reported as REPLACED, but missing application info. Assuming REMOVED.
04-21 00:07:49.347  4544  4544 D ActivityThread: Package [com.adamoutler.ssh] reported as REPLACED, but missing application info. Assuming REMOVED.
04-21 00:07:49.347  4566  4566 D ActivityThread: Package [com.adamoutler.ssh] reported as REPLACED, but missing application info. Assuming REMOVED.
04-21 00:07:49.347  1643  1824 I libprocessgroup: Removed cgroup /sys/fs/cgroup/apps/uid_10448/pid_15943
04-21 00:07:49.347  4553  4553 D ActivityThread: Package [com.adamoutler.ssh] reported as REPLACED, but missing application info. Assuming REMOVED.
04-21 00:07:49.347  4526  4526 D ActivityThread: Package [com.adamoutler.ssh] reported as REPLACED, but missing application info. Assuming REMOVED.
04-21 00:07:49.347  4481  4481 D ActivityThread: Package [com.adamoutler.ssh] reported as REPLACED, but missing application info. Assuming REMOVED.
04-21 00:07:49.347  1643  1889 D PackageInstallerSession: Marking session 2129852763 as applied
04-21 00:07:49.347  4466  4466 D ActivityThread: Package [com.adamoutler.ssh] reported as REPLACED, but missing application info. Assuming REMOVED.
04-21 00:07:49.347  4452  4452 D ActivityThread: Package [com.adamoutler.ssh] reported as REPLACED, but missing application info. Assuming REMOVED.
04-21 00:07:49.347  4444  4444 D ActivityThread: Package [com.adamoutler.ssh] reported as REPLACED, but missing application info. Assuming REMOVED.
04-21 00:07:49.347  1038  1038 I Zygote  : Process 15943 exited due to signal 9 (Killed)
04-21 00:07:49.348  4433  4433 D ActivityThread: Package [com.adamoutler.ssh] reported as REPLACED, but missing application info. Assuming REMOVED.
04-21 00:07:49.348  7824  7824 D ActivityThread: Package [com.adamoutler.ssh] reported as REPLACED, but missing application info. Assuming REMOVED.
04-21 00:07:49.348  4457  4457 D ActivityThread: Package [com.adamoutler.ssh] reported as REPLACED, but missing application info. Assuming REMOVED.
04-21 00:07:49.348  4435  4435 D ActivityThread: Package [com.adamoutler.ssh] reported as REPLACED, but missing application info. Assuming REMOVED.
04-21 00:07:49.348  6745  6745 D ActivityThread: Package [com.adamoutler.ssh] reported as REPLACED, but missing application info. Assuming REMOVED.
04-21 00:07:49.348  5462  5462 D ActivityThread: Package [com.adamoutler.ssh] reported as REPLACED, but missing application info. Assuming REMOVED.
04-21 00:07:49.349  1643  2234 D ActivityManager: sync unfroze 27841 com.squareup.cash for 6
04-21 00:07:49.350  5735  5735 D ActivityThread: Package [com.adamoutler.ssh] reported as REPLACED, but missing application info. Assuming REMOVED.
04-21 00:07:49.350  4604  4604 D ActivityThread: Package [com.adamoutler.ssh] reported as REPLACED, but missing application info. Assuming REMOVED.
04-21 00:07:49.350  4936  4936 D ActivityThread: Package [com.adamoutler.ssh] reported as REPLACED, but missing application info. Assuming REMOVED.
04-21 00:07:49.351  4439  4439 D ActivityThread: Package [com.adamoutler.ssh] reported as REPLACED, but missing application info. Assuming REMOVED.
04-21 00:07:49.354 22090 22090 D ActivityThread: Package [com.adamoutler.ssh] reported as REPLACED, but missing application info. Assuming REMOVED.
04-21 00:07:49.354  1236  1236 D ActivityThread: Package [com.adamoutler.ssh] reported as REPLACED, but missing application info. Assuming REMOVED.
04-21 00:07:49.354 27841 27841 D WM-DelayedWorkTracker: Scheduling work 4f0a852d-d2b8-4d50-9674-41da29e5ebe1
04-21 00:07:49.355 27841 27841 D WM-GreedyScheduler: Starting tracking for 4f0a852d-d2b8-4d50-9674-41da29e5ebe1
04-21 00:07:49.355  1236  1236 D ActivityThread: Package [com.adamoutler.ssh] reported as REPLACED, but missing application info. Assuming REMOVED.
04-21 00:07:49.355  4436  4436 D ActivityThread: Package [com.adamoutler.ssh] reported as REPLACED, but missing application info. Assuming REMOVED.
04-21 00:07:49.356 22090 22090 D ActivityThread: Package [com.adamoutler.ssh] reported as REPLACED, but missing application info. Assuming REMOVED.
04-21 00:07:49.360  1643  4390 E RoleControllerServiceImpl: Default/fallback role holder package doesn't qualify for the role, package: com.google.android.retaildemo, role: android.app.role.RETAIL_DEMO, user: 0
04-21 00:07:49.360  1643  4390 E RoleControllerServiceImpl: Default/fallback role holder package doesn't qualify for the role, package: com.google.android.gms.supervision, role: android.app.role.SYSTEM_SUPERVISION, user: 0
04-21 00:07:49.361 27841 27841 D ActivityThread: Package [com.adamoutler.ssh] reported as REPLACED, but missing application info. Assuming REMOVED.
04-21 00:07:49.361 27841 27841 D ActivityThread: Package [com.adamoutler.ssh] reported as REPLACED, but missing application info. Assuming REMOVED.
04-21 00:07:49.363  1643  4390 I DevicePolicyManager: Found incompatible accounts on any user, not allowing bypassing
04-21 00:07:49.365  1643  4390 I DevicePolicyManager: Found incompatible accounts on any user, not allowing bypassing
04-21 00:07:49.366 23473 23473 I EuiccGoogle: [2] NetworkCache.getFirstActiveEuiccSlotId: isRemovableEsimDefault: false
04-21 00:07:49.367  1643  4195 I SdkSandboxManager: No SDKs used. Skipping SDK data reconcilation for CallingInfo{mUid=10448, mPackageName='com.adamoutler.ssh, mAppProcessToken='null'}
04-21 00:07:49.368  1643  2268 V AccessibilityUserState: updateShortcutTargets: type:accessibility_shortcut_target_service, current:{}, new:{}
04-21 00:07:49.368  1643  2268 V AccessibilityUserState: updateShortcutTargets: type:accessibility_qs_targets, current:{com.android.server.accessibility/ReduceBrightColors}, new:{com.android.server.accessibility/ReduceBrightColors}
04-21 00:07:49.368  1643  2268 V AccessibilityUserState: updateShortcutTargets: type:accessibility_button_targets, current:{}, new:{}
04-21 00:07:49.368  1643  2268 V AccessibilityUserState: updateShortcutTargets: type:accessibility_gesture_targets, current:{}, new:{}
04-21 00:07:49.368  1643  2268 V AccessibilityUserState: updateShortcutTargets: type:accessibility_key_gesture_targets, current:{}, new:{}
04-21 00:07:49.369  1643  2268 V AccessibilityManagerService: onUserStateChangedLocked for userId: 0, forceUpdate: false
04-21 00:07:49.369 22090 22110 D WM-ConstraintTracker: a: initial state = false
04-21 00:07:49.369 22090 22110 D WM-BrdcstRcvrCnstrntTrc: a: registering receiver
04-21 00:07:49.369  1643  2268 V AccessibilityUserState: updateShortcutTargets: type:accessibility_shortcut_target_service, current:{}, new:{}
04-21 00:07:49.369  1643  2268 V AccessibilityUserState: updateShortcutTargets: type:accessibility_button_targets, current:{}, new:{}
04-21 00:07:49.369  1643  2268 V AccessibilityUserState: updateShortcutTargets: type:accessibility_gesture_targets, current:{}, new:{}
04-21 00:07:49.369  1643  2268 V AccessibilityUserState: updateShortcutTargets: type:accessibility_qs_targets, current:{com.android.server.accessibility/ReduceBrightColors}, new:{com.android.server.accessibility/ReduceBrightColors}
04-21 00:07:49.369  1643  2268 V AccessibilityUserState: updateShortcutTargets: type:accessibility_key_gesture_targets, current:{}, new:{}
04-21 00:07:49.369  1643  2268 W MagnificationConnectionManager: requestConnection duplicated request: connect=false, mConnectionState=DISCONNECTED
04-21 00:07:49.369  1643  2268 V AccessibilityUserState: updateShortcutTargets: type:accessibility_button_targets, current:{}, new:{}
04-21 00:07:49.369  1643  2268 V AccessibilityUserState: updateShortcutTargets: type:accessibility_qs_targets, current:{com.android.server.accessibility/ReduceBrightColors}, new:{com.android.server.accessibility/ReduceBrightColors}
04-21 00:07:49.370  1643  1643 W binder:1643_1B: type=1400 audit(0.0:17918): avc:  denied  { getopt } for  scontext=u:r:system_server:s0 tcontext=u:r:shell:s0 tclass=unix_stream_socket permissive=0
04-21 00:07:49.370  1643  1643 W binder:1643_1B: type=1400 audit(0.0:17919): avc:  denied  { getopt } for  scontext=u:r:system_server:s0 tcontext=u:r:shell:s0 tclass=unix_stream_socket permissive=0
04-21 00:07:49.370  1643  1643 W binder:1643_1B: type=1400 audit(0.0:17920): avc:  denied  { getopt } for  scontext=u:r:system_server:s0 tcontext=u:r:shell:s0 tclass=unix_stream_socket permissive=0
04-21 00:07:49.371  1643  2216 E AtomicFile: Failed to rename /data/system/install_sessions.xml.new to /data/system/install_sessions.xml
04-21 00:07:49.372 27841 27900 D WM-ConstraintTracker: NetworkStateTracker24: initial state = NetworkState(isConnected=true, isValidated=true, isMetered=false, isNotRoaming=true, isBlocked=false)
04-21 00:07:49.372 27841 27900 D WM-NetworkStateTracker: Registering network callback
04-21 00:07:49.372  4433  4433 D ServerContainer: uid 10448 is not cached.
04-21 00:07:49.373  1643  6601 W libbinder.Binder: Binder transaction to android.content.pm.IPackageManager code 1598246212 took 1048ms. Data bytes: 196 Reply bytes: 4 Flags: 16
04-21 00:07:49.374  1643  1821 D ActivityManager: sync unfroze 27654 com.android.vending for 3
04-21 00:07:49.375  4553  4553 D SatelliteController: packageStateChanged: package:com.adamoutler.ssh defaultSmsPackageName: com.google.android.apps.messaging satelliteGatewayServicePackageName: com.google.android.apps.stargate
04-21 00:07:49.375  1643  1821 D ActivityManager: sync unfroze 7632 com.android.vending:background for 3
04-21 00:07:49.376  1643  4651 D ConnectivityService: requestNetwork for uid/pid:10309/27841 activeRequest: null callbackRequest: 6951 [NetworkRequest [ REQUEST id=6952, [ Capabilities: INTERNET&NOT_RESTRICTED&TRUSTED&NOT_VCN_MANAGED&NOT_BANDWIDTH_CONSTRAINED Uid: 10309 RequestorUid: 10309 RequestorPkg: com.squareup.cash UnderlyingNetworks: Null] ]] callback flags: 0 order: 2147483647 isUidTracked: false declaredMethods: AVAIL|LOST|NC|BLK
04-21 00:07:49.378  1643  2268 V AccessibilityUserState: updateShortcutTargets: type:accessibility_shortcut_target_service, current:{}, new:{}
04-21 00:07:49.378  1643  2268 V AccessibilityUserState: updateShortcutTargets: type:accessibility_qs_targets, current:{com.android.server.accessibility/ReduceBrightColors}, new:{com.android.server.accessibility/ReduceBrightColors}
04-21 00:07:49.378  1643  2268 V AccessibilityUserState: updateShortcutTargets: type:accessibility_button_targets, current:{}, new:{}
04-21 00:07:49.378  1643  2268 V AccessibilityUserState: updateShortcutTargets: type:accessibility_gesture_targets, current:{}, new:{}
04-21 00:07:49.378  1643  2268 V AccessibilityUserState: updateShortcutTargets: type:accessibility_key_gesture_targets, current:{}, new:{}
04-21 00:07:49.378  1643  2268 V AccessibilityManagerService: onUserStateChangedLocked for userId: 0, forceUpdate: false
04-21 00:07:49.378  1643  4132 D WifiNetworkFactory: got request NetworkRequest [ REQUEST id=6952, [ Capabilities: INTERNET&NOT_RESTRICTED&TRUSTED&NOT_VCN_MANAGED&NOT_BANDWIDTH_CONSTRAINED Uid: 10309 RequestorUid: 10309 RequestorPkg: com.squareup.cash UnderlyingNetworks: Null] ]
04-21 00:07:49.379  1643  2268 V AccessibilityUserState: updateShortcutTargets: type:accessibility_shortcut_target_service, current:{}, new:{}
04-21 00:07:49.379  1643  2268 V AccessibilityUserState: updateShortcutTargets: type:accessibility_button_targets, current:{}, new:{}
04-21 00:07:49.379  1643  2268 V AccessibilityUserState: updateShortcutTargets: type:accessibility_gesture_targets, current:{}, new:{}
04-21 00:07:49.379  1643  2268 V AccessibilityUserState: updateShortcutTargets: type:accessibility_qs_targets, current:{com.android.server.accessibility/ReduceBrightColors}, new:{com.android.server.accessibility/ReduceBrightColors}
04-21 00:07:49.379  1643  2268 V AccessibilityUserState: updateShortcutTargets: type:accessibility_key_gesture_targets, current:{}, new:{}
04-21 00:07:49.379  1643  2268 W MagnificationConnectionManager: requestConnection duplicated request: connect=false, mConnectionState=DISCONNECTED
04-21 00:07:49.380 23473 23473 I EuiccGoogle: [2] EuiccServiceImpl.onCreate: onCreate DSDS mode: simCardState is 11
04-21 00:07:49.380 27841 27900 D WM-GreedyScheduler: Constraints met: Scheduling work ID WorkGenerationalId(workSpecId=4f0a852d-d2b8-4d50-9674-41da29e5ebe1, generation=0)
04-21 00:07:49.381  4233  4233 D ControlsListingControllerImpl: ServiceConfig reloaded, count: 2
04-21 00:07:49.381  1643  4132 D UntrustedWifiNetworkFactory: got request NetworkRequest [ REQUEST id=6952, [ Capabilities: INTERNET&NOT_RESTRICTED&TRUSTED&NOT_VCN_MANAGED&NOT_BANDWIDTH_CONSTRAINED Uid: 10309 RequestorUid: 10309 RequestorPkg: com.squareup.cash UnderlyingNetworks: Null] ]
04-21 00:07:49.381  1643  4132 D OemPaidWifiNetworkFactory: got request NetworkRequest [ REQUEST id=6952, [ Capabilities: INTERNET&NOT_RESTRICTED&TRUSTED&NOT_VCN_MANAGED&NOT_BANDWIDTH_CONSTRAINED Uid: 10309 RequestorUid: 10309 RequestorPkg: com.squareup.cash UnderlyingNetworks: Null] ]
04-21 00:07:49.381  1643  4132 D MultiInternetWifiNetworkFactory: got request NetworkRequest [ REQUEST id=6952, [ Capabilities: INTERNET&NOT_RESTRICTED&TRUSTED&NOT_VCN_MANAGED&NOT_BANDWIDTH_CONSTRAINED Uid: 10309 RequestorUid: 10309 RequestorPkg: com.squareup.cash UnderlyingNetworks: Null] ]
04-21 00:07:49.381  1643  4139 D ConnectivityService: NetReassign [6952 : null → 105] [c 0] [a 2] [i 3]
04-21 00:07:49.382 27841 27871 D WM-NetworkStateTracker: Network capabilities changed: [ Transports: WIFI Capabilities: NOT_METERED&INTERNET&NOT_RESTRICTED&TRUSTED&NOT_VPN&VALIDATED&NOT_ROAMING&FOREGROUND&NOT_CONGESTED&NOT_SUSPENDED&NOT_VCN_MANAGED&NOT_BANDWIDTH_CONSTRAINED LinkUpBandwidth>=22888Kbps LinkDnBandwidth>=57880Kbps TransportInfo: <SSID: <unknown ssid>, BSSID: 02:00:00:00:00:00, MAC: 02:00:00:00:00:00, IP: /192.168.1.21, Security type: 4, Supplicant state: COMPLETED, Wi-Fi standard: 11ax, RSSI: -41, Link speed: 907Mbps, Tx Link speed: 907Mbps, Max Supported Tx Link speed: 1200Mbps, Rx Link speed: 1200Mbps, Max Supported Rx Link speed: 1200Mbps, Frequency: 5765MHz, Net ID: -1, Metered hint: false, score: 52, isUsable: true, CarrierMerged: false, SubscriptionId: -1, IsPrimary: -1, Trusted: true, Restricted: false, Ephemeral: false, OEM paid: false, OEM private: false, OSU AP: false, FQDN: <none>, Provider friendly name: <none>, Requesting package name: <none><none>MLO Information: , Is TID-To-Link negotiation supported by the AP: false, AP MLD Address: <none>, AP MLO Link Id: <none>, AP MLO Affiliated links: <none>, Vendor Data: <none>> SignalStrength: -41 UnderlyingNetworks: Null]
04-21 00:07:49.382  1643  1821 D ActivityManager: sync unfroze 4237 com.google.android.permissioncontroller for 3
04-21 00:07:49.387  7632  7632 D ActivityThread: Package [com.adamoutler.ssh] reported as REPLACED, but missing application info. Assuming REMOVED.
04-21 00:07:49.387  4237  4237 D ActivityThread: Package [com.adamoutler.ssh] reported as REPLACED, but missing application info. Assuming REMOVED.
04-21 00:07:49.388  1643  2234 D ActivityManager: sync unfroze 30300 com.thetileapp.tile for 6
04-21 00:07:49.390 30300 30300 D WM-DelayedWorkTracker: Scheduling work 708cb70f-74f2-421c-8e7e-ebd9c1bdfb9a
04-21 00:07:49.392 15071 15071 I abb     : StartCommandInProcess(7061636b61676500696e7374616c6c2d package.install- [truncated])
04-21 00:07:49.394  4237  4237 D ActivityThread: Package [com.adamoutler.ssh] reported as REPLACED, but missing application info. Assuming REMOVED.
04-21 00:07:49.400  7632  7632 D ActivityThread: Package [com.adamoutler.ssh] reported as REPLACED, but missing application info. Assuming REMOVED.
04-21 00:07:49.401 27841 27871 D WM-NetworkStateTracker: Network blocked status changed: false
04-21 00:07:49.402 30300 30300 D WM-GreedyScheduler: Starting tracking for 708cb70f-74f2-421c-8e7e-ebd9c1bdfb9a
04-21 00:07:49.402  7632  7632 I Finsky:background: [2] Memory trim requested to level 40
04-21 00:07:49.404  7632  7632 I Finsky:background: [2] Memory trim requested to level 40
04-21 00:07:49.404  7632  7632 I Finsky:background: [2] Memory trim requested to level 40
04-21 00:07:49.404  7632  7632 I Finsky:background: [2] Memory trim requested to level 40
04-21 00:07:49.404  7632  7632 I Finsky:background: [2] Memory trim requested to level 40
04-21 00:07:49.404  7632  7632 I Finsky:background: [2] Memory trim requested to level 40
04-21 00:07:49.394  1643  1643 W binder:1643_C: type=1400 audit(0.0:17921): avc:  denied  { getopt } for  scontext=u:r:system_server:s0 tcontext=u:r:shell:s0 tclass=unix_stream_socket permissive=0
04-21 00:07:49.394  1643  1643 W binder:1643_C: type=1400 audit(0.0:17922): avc:  denied  { getopt } for  scontext=u:r:system_server:s0 tcontext=u:r:shell:s0 tclass=unix_stream_socket permissive=0
04-21 00:07:49.408  4237  4237 I SafetyLabelChangedBroadcastReceiver: received broadcast packageName: com.adamoutler.ssh, current user: UserHandle{0}, packageChangeEvent: UPDATE, intent user: UserHandle{0}
04-21 00:07:49.408  1236  1310 D WM-GreedyScheduler: Constraints not met: Cancelling work ID WorkGenerationalId(workSpecId=1812e3bc-57fd-4a4a-aacc-545114879572, generation=264)
04-21 00:07:49.409 27841 27900 D WM-Processor: Processor: processing WorkGenerationalId(workSpecId=4f0a852d-d2b8-4d50-9674-41da29e5ebe1, generation=0)
04-21 00:07:49.409 30300 30300 D ActivityThread: Package [com.adamoutler.ssh] reported as REPLACED, but missing application info. Assuming REMOVED.
04-21 00:07:49.413  7632  7632 I Finsky:background: [2] aixr - Received: android.intent.action.PACKAGE_REMOVED, [JSq-i8VHqv4KEpI9CxCXQ8BvAcAPljxWy52DLAknCXc]
04-21 00:07:49.414  1643  1643 D AppSearchAppsIndexerManagerS: userid in package receiver: 10448
04-21 00:07:49.416  1643  4189 D BackgroundInstallControlService: Package event received: 0
04-21 00:07:49.416  1643  4189 D BackgroundInstallControlService: Package event received: 0
04-21 00:07:49.417  1643  4390 I Role    : com.google.android.gms not qualified for android.app.role.SYSTEM_DEPENDENCY_INSTALLER due to missing RequiredComponent{mIntentFilterData=IntentFilterData{mAction='android.content.pm.action.INSTALL_DEPENDENCY', mCategories='[]', mDataScheme='null', mDataType='null'}, mMinTargetSdkVersion=1, mFlags='0', mPermission='android.permission.BIND_DEPENDENCY_INSTALLER', mQueryFlags=0, mMetaData=[]}
04-21 00:07:49.417  1643  4390 E RoleControllerServiceImpl: Default/fallback role holder package doesn't qualify for the role, package: com.google.android.gms, role: android.app.role.SYSTEM_DEPENDENCY_INSTALLER, user: 0
04-21 00:07:49.420 30300 30300 D ActivityThread: Package [com.adamoutler.ssh] reported as REPLACED, but missing application info. Assuming REMOVED.
04-21 00:07:49.423 27654 27654 D ActivityThread: Package [com.adamoutler.ssh] reported as REPLACED, but missing application info. Assuming REMOVED.
04-21 00:07:49.424 23473 23473 I EuiccGoogle: [2] Partner.getResourceEntry$ar$ds$ar$class_merging$ar$class_merging$ar$class_merging: Partner app=com.google.android.euiccoverlay, Resource name=esim_supported_countries, type=string, partnerResId = 0
04-21 00:07:49.427 15071 15071 I abb     : StartCommandInProcess(7061636b61676500696e7374616c6c2d package.install- [truncated])
04-21 00:07:49.427  1643  2234 W JobServiceContext: Sending onNetworkChanged for a job that isn't started. JobStatus{6bcc691 androidx.work.systemjobscheduler:u0a339/323 #PeriodicMaintenance#@androidx.work.systemjobscheduler@com.netflix.mediaclient/androidx.work.impl.background.systemjob.SystemJobService u=0 s=10339 TIME=-7m52s362ms:none NET READY}
04-21 00:07:49.428  1643  2234 W JobServiceContext: Sending onNetworkChanged for a job that isn't started. JobStatus{3b5108a androidx.work.systemjobscheduler:u0a309/303 #SandboxedCoroutineWorker#@androidx.work.systemjobscheduler@com.squareup.cash/androidx.work.impl.background.systemjob.SystemJobService u=0 s=10309 TIME=-7m18s620ms:none NET READY}
04-21 00:07:49.428 29640 29645 W s.nexuslauncher: Reducing the number of considered missed Gc histogram windows from 957 to 100
04-21 00:07:49.428  1643  2234 W JobServiceContext: Sending onNetworkChanged for a job that isn't started. JobStatus{c5e4421 androidx.work.systemjobscheduler:u0a318/12395 #TileJobWorker#@androidx.work.systemjobscheduler@com.thetileapp.tile/androidx.work.impl.background.systemjob.SystemJobService u=0 s=10318 TIME=-1m0s410ms:none NET READY}
04-21 00:07:49.429  4237 29904 I PermissionControllerServiceImpl: Updating user sensitive for uid 10448
04-21 00:07:49.432 27654 27654 D ActivityThread: Package [com.adamoutler.ssh] reported as REPLACED, but missing application info. Assuming REMOVED.
04-21 00:07:49.432 23473 23473 I EuiccGoogle: [2] Partner.getResourceEntry$ar$ds$ar$class_merging$ar$class_merging$ar$class_merging: Partner app=com.google.android.euiccoverlay, Resource name=esim_unsupported_countries, type=string, partnerResId = 2131689526
04-21 00:07:49.436 27654 27654 I Finsky  : [2] Memory trim requested to level 40
04-21 00:07:49.436  5705 16102 V ClearcutMetricXmitter: Transmission is done.
04-21 00:07:49.437 30300 30360 D WM-ConstraintTracker: g: initial state = NetworkState(isConnected=true, isValidated=true, isMetered=false, isNotRoaming=true)
04-21 00:07:49.437 30300 30360 D WM-NetworkStateTracker: Registering network callback
04-21 00:07:49.437 27654 27654 I Finsky  : [2] Flushing in-memory image cache
04-21 00:07:49.440  1643  1915 D ConnectivityService: requestNetwork for uid/pid:10318/30300 activeRequest: null callbackRequest: 6953 [NetworkRequest [ REQUEST id=6954, [ Capabilities: INTERNET&NOT_RESTRICTED&TRUSTED&NOT_VCN_MANAGED&NOT_BANDWIDTH_CONSTRAINED Uid: 10318 RequestorUid: 10318 RequestorPkg: com.thetileapp.tile UnderlyingNetworks: Null] ]] callback flags: 0 order: 2147483647 isUidTracked: false declaredMethods: AVAIL|LOST|NC
04-21 00:07:49.441 27654 27654 I Finsky  : [2] Memory trim requested to level 40
04-21 00:07:49.441 27654 27654 I Finsky  : [2] Flushing in-memory image cache
04-21 00:07:49.441 27654 27654 I Finsky  : [2] Memory trim requested to level 40
04-21 00:07:49.441 27654 27654 I Finsky  : [2] Flushing in-memory image cache
04-21 00:07:49.441 27654 27654 I Finsky  : [2] Memory trim requested to level 40
04-21 00:07:49.441 27654 27654 I Finsky  : [2] Flushing in-memory image cache
04-21 00:07:49.441   621   750 E hwc-display: updateIdleStats We should not have non-present refresh when the minimum refresh rate is set, as it should use auto mode.
04-21 00:07:49.443 30300 30360 D WM-GreedyScheduler: Constraints met: Scheduling work ID WorkGenerationalId(workSpecId=708cb70f-74f2-421c-8e7e-ebd9c1bdfb9a, generation=0)
04-21 00:07:49.444  1643  4132 D WifiNetworkFactory: got request NetworkRequest [ REQUEST id=6954, [ Capabilities: INTERNET&NOT_RESTRICTED&TRUSTED&NOT_VCN_MANAGED&NOT_BANDWIDTH_CONSTRAINED Uid: 10318 RequestorUid: 10318 RequestorPkg: com.thetileapp.tile UnderlyingNetworks: Null] ]
04-21 00:07:49.444  1643  4132 D UntrustedWifiNetworkFactory: got request NetworkRequest [ REQUEST id=6954, [ Capabilities: INTERNET&NOT_RESTRICTED&TRUSTED&NOT_VCN_MANAGED&NOT_BANDWIDTH_CONSTRAINED Uid: 10318 RequestorUid: 10318 RequestorPkg: com.thetileapp.tile UnderlyingNetworks: Null] ]
04-21 00:07:49.444 23473 23473 I EuiccGoogle: [2] ViewCompat$Api29Impl.getCarrierInfos: All carrier info overrides: []
04-21 00:07:49.444  1643  4139 D ConnectivityService: NetReassign [6954 : null → 105] [c 0] [a 2] [i 2]
04-21 00:07:49.444  1643  4132 D OemPaidWifiNetworkFactory: got request NetworkRequest [ REQUEST id=6954, [ Capabilities: INTERNET&NOT_RESTRICTED&TRUSTED&NOT_VCN_MANAGED&NOT_BANDWIDTH_CONSTRAINED Uid: 10318 RequestorUid: 10318 RequestorPkg: com.thetileapp.tile UnderlyingNetworks: Null] ]
04-21 00:07:49.444  1643  4132 D MultiInternetWifiNetworkFactory: got request NetworkRequest [ REQUEST id=6954, [ Capabilities: INTERNET&NOT_RESTRICTED&TRUSTED&NOT_VCN_MANAGED&NOT_BANDWIDTH_CONSTRAINED Uid: 10318 RequestorUid: 10318 RequestorPkg: com.thetileapp.tile UnderlyingNetworks: Null] ]
04-21 00:07:49.444 27654 27654 I Finsky  : [2] aiyb - Received: android.intent.action.PACKAGE_REMOVED, [JSq-i8VHqv4KEpI9CxCXQ8BvAcAPljxWy52DLAknCXc]
04-21 00:07:49.445 30300 30472 D WM-NetworkStateTracker: Network capabilities changed: [ Transports: WIFI Capabilities: NOT_METERED&INTERNET&NOT_RESTRICTED&TRUSTED&NOT_VPN&VALIDATED&NOT_ROAMING&FOREGROUND&NOT_CONGESTED&NOT_SUSPENDED&NOT_VCN_MANAGED&NOT_BANDWIDTH_CONSTRAINED LinkUpBandwidth>=22888Kbps LinkDnBandwidth>=57880Kbps TransportInfo: <SSID: <unknown ssid>, BSSID: 02:00:00:00:00:00, MAC: 02:00:00:00:00:00, IP: /192.168.1.21, Security type: 4, Supplicant state: COMPLETED, Wi-Fi standard: 11ax, RSSI: -41, Link speed: 907Mbps, Tx Link speed: 907Mbps, Max Supported Tx Link speed: 1200Mbps, Rx Link speed: 1200Mbps, Max Supported Rx Link speed: 1200Mbps, Frequency: 5765MHz, Net ID: -1, Metered hint: false, score: 52, isUsable: true, CarrierMerged: false, SubscriptionId: -1, IsPrimary: -1, Trusted: true, Restricted: false, Ephemeral: false, OEM paid: false, OEM private: false, OSU AP: false, FQDN: <none>, Provider friendly name: <none>, Requesting package name: <none><none>MLO Information: , Is TID-To-Link negotiation supported by the AP: false, AP MLD Address: <none>, AP MLO Link Id: <none>, AP MLO Affiliated links: <none>, Vendor Data: <none>> SignalStrength: -41 UnderlyingNetworks: Null]
04-21 00:07:49.445 23473 23473 I EuiccGoogle: [2] PhenotypeUpdatedReceiver.setPsimConversionSupportedCarriers: setPsimConversionSupportedCarriers:[1, 2, 3, 16, 576, 1404, 2020, 2021, 2102, 2122, 2419, 850, 1413, 27, 32, 959, 1187, 1480, 1670, 2119, 2018, 1581, 2110, 2536, 1344, 1895, 14, 580, 1403, 1962, 2083, 1365, 4, 7, 792, 1644, 1903, 1915, 2092, 2557, 678, 530, 6, 11, 34, 958, 1695, 1958, 1974]
04-21 00:07:49.446  4553  4822 D EuiccConnector: handleMessage: E msg.what=4
04-21 00:07:49.446  4553  4822 D EuiccConnector: processMsg: DisconnectedState
04-21 00:07:49.446  4553  4822 D EuiccConnector: transitionTo: destState=ConnectedState
04-21 00:07:49.446  4553  4822 D EuiccConnector: handleMessage: new destination call exit/enter
04-21 00:07:49.446  4553  4822 D EuiccConnector: setupTempStateStackWithStatesToEnter: X mTempStateStackCount=1,curStateInfo: state=DisconnectedState,active=true,parent=null
04-21 00:07:49.446  4553  4822 D EuiccConnector: moveTempStackToStateStack: i=0,j=1
04-21 00:07:49.446  4553  4822 D EuiccConnector: moveTempStackToStateStack: X mStateStackTop=1,startingIndex=1,Top=ConnectedState
04-21 00:07:49.446  4553  4822 D EuiccConnector: invokeEnterMethods: ConnectedState
04-21 00:07:49.446  4553  4822 D EuiccConnector: moveDeferredMessageAtFrontOfQueue; what=103
04-21 00:07:49.446  4553  4822 D EuiccConnector: handleMessage: X
04-21 00:07:49.446  4553  4822 D EuiccConnector: handleMessage: E msg.what=103
04-21 00:07:49.446  4553  4822 D EuiccConnector: processMsg: ConnectedState
04-21 00:07:49.446 23473 23473 D ActivityThread: Package [com.adamoutler.ssh] reported as REPLACED, but missing application info. Assuming REMOVED.
04-21 00:07:49.446 23473 23473 D ActivityThread: Package [com.adamoutler.ssh] reported as REPLACED, but missing application info. Assuming REMOVED.
04-21 00:07:49.447  4553  4822 D EuiccConnector: handleMessage: X
04-21 00:07:49.447 22090 22110 D WM-GreedyScheduler: Constraints not met: Cancelling work ID WorkGenerationalId(workSpecId=83575252-2058-4c0c-8242-72be439e49ee, generation=0)
04-21 00:07:49.448  1643  4189 D BackgroundInstallControlService: Package event received: 0
04-21 00:07:49.448 27841 27841 D WM-WorkerWrapper: Starting work for com.squareup.util.workmanager.SandboxedCoroutineWorker
04-21 00:07:49.449  1643  1643 D ActivityManager: sync unfroze 9646 com.google.android.odad for 6
04-21 00:07:49.451 23473 15104 I EuiccGoogle: [300] EuiccServiceImpl.onGetEuiccProfileInfoList: onGetEuiccProfileInfoList: slotId = 0
04-21 00:07:49.452  1643  4189 D BackgroundInstallControlService: Package event received: 0
04-21 00:07:49.452 23473 15104 I EuiccGoogle: [300] EuiccServiceImpl.onGetEuiccProfileInfoList: slotId = 0, isRemovable = false
04-21 00:07:49.452 23473 15104 I EuiccGoogle: [300] EuiccServiceImpl.onGetEuiccProfileInfoList: onGetEuiccProfileInfoList: isRemovable = false.
04-21 00:07:49.452 23473 15104 I EuiccGoogle: [300] EuiccServiceImpl.onGetEuiccProfileInfoList: getSimCardState for slotId: 0
04-21 00:07:49.454  9646  9646 D ActivityThread: Package [com.adamoutler.ssh] reported as REPLACED, but missing application info. Assuming REMOVED.
04-21 00:07:49.457  9646  9646 D ActivityThread: Package [com.adamoutler.ssh] reported as REPLACED, but missing application info. Assuming REMOVED.
04-21 00:07:49.457 15746 15033 I fpp     : Ranging Results Update: DeviceId=2003818520 Distance=12.589254117941675 (m) Type=BLE
04-21 00:07:49.457  1643  1643 W AlarmManager: Package com.adamoutler.ssh, uid 10448 lost permission to set exact alarms!
04-21 00:07:49.457  1643  1643 D ActivityThread: Package [com.adamoutler.ssh] reported as REPLACED, but missing application info. Assuming REMOVED.
04-21 00:07:49.458 23473 15104 I EuiccGoogle: [300] EuiccServiceImpl.onGetEuiccProfileInfoList: GetEuiccProfileInfoListResult: simCardState :11and simCardStateAtTelephony:11 for slot:0
04-21 00:07:49.458 23473 15104 I EuiccGoogle: [300] EuiccServiceImpl.getProfileInfoList: getProfileInfoList: slotId = 0, includeTestProfiles = false
04-21 00:07:49.458 23473 15104 I EuiccGoogle: [300] EuiccServiceImpl.getProfileInfoList: getProfileInfoList: slotId = 0, includeTestProfiles = false.
04-21 00:07:49.458 23473 15104 I EuiccGoogle: [300] EuiccServiceImpl.getEidFromSlotId: getEidFromSlotId: slotId = 0.
04-21 00:07:49.458 23473 15104 I EuiccGoogle: [300] NetworkCache.getEidForSlot: getEidForSlot: 0
04-21 00:07:49.460 23473 15104 I EuiccGoogle: [300] BlockingEuiccCardManager.requestAllProfiles: requestAllProfiles: cardId = [31dol6LUrTOriUALG46-gKMjfDM]
04-21 00:07:49.460 30300 30360 D WM-Processor: e: processing WorkGenerationalId(workSpecId=708cb70f-74f2-421c-8e7e-ebd9c1bdfb9a, generation=0)
04-21 00:07:49.461 30300 30446 D BluetoothAdapter: isLeEnabled(): ON
04-21 00:07:49.462 27841 27900 D WM-Processor: Processor cancelling 4f0a852d-d2b8-4d50-9674-41da29e5ebe1
04-21 00:07:49.463 27841 27900 D WM-Processor: WorkerWrapper interrupted for 4f0a852d-d2b8-4d50-9674-41da29e5ebe1
04-21 00:07:49.465  7632 15103 I Finsky:background: [1257] Wrote row to frosting DB: 10976
04-21 00:07:49.466 30300 30446 D BluetoothLeScanner: could not find callback wrapper
04-21 00:07:49.467 30300 30446 D BluetoothAdapter: isLeEnabled(): ON
04-21 00:07:49.470  4420 29824 I bt_shim_scanner: system/main/shim/le_scanning_manager.cc:144 Unregister: in shim layer, scannerId=4
04-21 00:07:49.471  4420  4862 I bt_shim_scanner: system/main/shim/le_scanning_manager.cc:187 ScanFilterParamSetup: in shim layer, clientIf=4
04-21 00:07:49.472  4420  4862 I bt_shim_scanner: system/main/shim/le_scanning_manager.cc:187 ScanFilterParamSetup: in shim layer, clientIf=4
04-21 00:07:49.478  9646  9646 I ContentProtectionServic: CP service created
04-21 00:07:49.480 27654 27654 I Finsky  : [2] AIM: AppInfoCacheUpdater -> invalidating apps: [com.adamoutler.ssh]
04-21 00:07:49.480  7632 15103 I Finsky:background: [1257] Wrote row to frosting DB: 10977
04-21 00:07:49.481 27654 27654 I Finsky  : [2] AIM: AppInfoManager-Perf > getApps > called for 1 apps
04-21 00:07:49.483  1643  1643 D ActivityThread: Package [com.adamoutler.ssh] reported as REPLACED, but missing application info. Assuming REMOVED.
04-21 00:07:49.485 27654 27697 I Finsky  : [77] AIM: AppInfoManager-Perf > OnDeviceAppInfo > cacheHitCount=0, cacheMissCount=1. Missed  in cache (limit 10) : [com.adamoutler.ssh]
04-21 00:07:49.486  1643  5738 E AppSearchAppIndxrImpl: Certificate not found for package: org.chromium.webapk.ab233cb66d3135711_v2
04-21 00:07:49.487  1643  5738 E AppSearchAppIndxrImpl: Certificate not found for package: org.chromium.webapk.aa3c3b265300b781f_v2
04-21 00:07:49.487  1643  5738 E AppSearchAppIndxrImpl: Certificate not found for package: org.chromium.webapk.aeba77c67001e3dbf_v2
04-21 00:07:49.487  1236  1236 D WM-SystemJobService: onStartJob for WorkGenerationalId(workSpecId=1812e3bc-57fd-4a4a-aacc-545114879572, generation=264)
04-21 00:07:49.488  1643 31860 V Configuration: Updating configuration, locales updated from [] to [en_US]
04-21 00:07:49.488  1643 31860 V Configuration: Updating configuration, locales updated from [] to [en_US]
04-21 00:07:49.488  1643 31860 V Configuration: Updating configuration, locales updated from [] to [en_US]
04-21 00:07:49.488  1643 31860 V Configuration: Updating configuration, locales updated from [] to [en_US]
04-21 00:07:49.488  1643 31860 V Configuration: Updating configuration, locales updated from [] to [en_US]
04-21 00:07:49.489 22090 22090 D WM-SystemJobService: onStartJob for WorkGenerationalId(workSpecId=83575252-2058-4c0c-8242-72be439e49ee, generation=0)
04-21 00:07:49.489  1643 31860 V Configuration: Updating configuration, locales updated from [] to [en_US]
04-21 00:07:49.489  1643 31860 V Configuration: Updating configuration, locales updated from [] to [en_US]
04-21 00:07:49.489  1643 31860 V Configuration: Updating configuration, locales updated from [] to [en_US]
04-21 00:07:49.489  1643 31860 V Configuration: Updating configuration, locales updated from [] to [en_US]
04-21 00:07:49.489  1643 31860 V Configuration: Updating configuration, locales updated from [] to [en_US]
04-21 00:07:49.489  1643 31860 V Configuration: Updating configuration, locales updated from [] to [en_US]
04-21 00:07:49.489  1643 31860 V Configuration: Updating configuration, locales updated from [] to [en_US]
04-21 00:07:49.489  1643 31860 V Configuration: Updating configuration, locales updated from [] to [en_US]
04-21 00:07:49.489  1643 31860 V Configuration: Updating configuration, locales updated from [] to [en_US]
04-21 00:07:49.489  1643 31860 V Configuration: Updating configuration, locales updated from [] to [en_US]
04-21 00:07:49.489  1643 31860 V Configuration: Updating configuration, locales updated from [] to [en_US]
04-21 00:07:49.489  1643 31860 V Configuration: Updating configuration, locales updated from [] to [en_US]
04-21 00:07:49.489  7632  7632 I Finsky:background: [2] aixr - Received: android.intent.action.PACKAGE_ADDED, [JSq-i8VHqv4KEpI9CxCXQ8BvAcAPljxWy52DLAknCXc]
04-21 00:07:49.490  1643  4390 E ApduServiceInfo: Not adding <aid-group> with empty or invalid AIDs
04-21 00:07:49.492 15071 15071 I abb     : StartCommandInProcess(7061636b61676500696e7374616c6c2d package.install- [truncated])
04-21 00:07:49.492 30300 30300 D WM-WorkerWrapper: Starting work for com.thetileapp.tile.jobmanager.TileJobWorker
04-21 00:07:49.495 27654 27697 I Finsky  : [77] AIM: Got app ownership map. App counts: . Unique apps: 0
04-21 00:07:49.495 27654 27697 E Finsky  : [77] [Counters] attempted to use a non-positive increment for: 4752
04-21 00:07:49.496 27654 27697 E Finsky  : [77] [Counters] attempted to use a non-positive increment for: 4753
04-21 00:07:49.497  1643  4390 W SignedPackage: Cannot get ApplicationInfo for package: com.google.android.devicelockcontroller
04-21 00:07:49.502  1643  1643 D AS.AudioService: received android.intent.action.PACKAGE_REPLACED replacing: true archival: false for package com.adamoutler.ssh with uid 10448
04-21 00:07:49.502  1643  1643 D AppSearchAppsIndexerManagerS: userid in package receiver: 10448
04-21 00:07:49.502 27841 27900 D WM-GreedyScheduler: Cancelling work ID 4f0a852d-d2b8-4d50-9674-41da29e5ebe1
04-21 00:07:49.502  1643 31860 V Configuration: Updating configuration, locales updated from [] to [en_US]
04-21 00:07:49.502 30300 30446 D BluetoothAdapter: isLeEnabled(): ON
04-21 00:07:49.505  7632  7771 I Finsky:background: [48] IQ:PSL: skipping onPackageRemoved(replacing=true) for untracked package=com.adamoutler.ssh
04-21 00:07:49.506  4420 29824 I bt_shim_scanner: system/main/shim/le_scanning_manager.cc:138 RegisterScanner: in shim layer, UUID=8bac1186-3d40-4df5-a20b-35883ba353e8
04-21 00:07:49.507  1643  1643 W JobScheduler: Job didn't exist in JobStore: 3b5108a {androidx.work.systemjobscheduler} #u0a309/303 #SandboxedCoroutineWorker#@androidx.work.systemjobscheduler@com.squareup.cash/androidx.work.impl.background.systemjob.SystemJobService
04-21 00:07:49.507 30300  7392 D BluetoothLeScanner: onScannerRegistered() - status=0 scannerId=4 mScannerId=0
04-21 00:07:49.508  1643  4651 V Configuration: Updating configuration, locales updated from [] to [en_US]
04-21 00:07:49.508  1643  4651 V Configuration: Updating configuration, locales updated from [] to [en_US]
04-21 00:07:49.508  1643  4651 V Configuration: Updating configuration, locales updated from [] to [en_US]
04-21 00:07:49.508  1643  4651 V Configuration: Updating configuration, locales updated from [] to [en_US]
04-21 00:07:49.508  1643  4651 V Configuration: Updating configuration, locales updated from [] to [en_US]
04-21 00:07:49.508  1643  4651 D IntervalStats: Unable to parse usage stats packages: [145, 322, 336, 341, 344, 370, 371, 378, 379, 380, 385, 387, 393, 394, 395]
04-21 00:07:49.508  1643  1643 I RemoteContentProtectionService: Connection status for: ComponentInfo{com.google.android.odad/com.google.android.apps.miphone.odad.contentprotection.ContentProtectionService} changed to: connected
04-21 00:07:49.509  1643  4189 D BackgroundInstallControlService: Package event received: 0
04-21 00:07:49.509 30300 30300 D WM-SystemJobService: onStartJob for WorkGenerationalId(workSpecId=708cb70f-74f2-421c-8e7e-ebd9c1bdfb9a, generation=0)
04-21 00:07:49.509  9646  9646 I ContentProtectionServic: CP service onConnected
04-21 00:07:49.510 30300 30359 D WM-Processor: Work WorkGenerationalId(workSpecId=708cb70f-74f2-421c-8e7e-ebd9c1bdfb9a, generation=0) is already enqueued for processing
04-21 00:07:49.510 27654 15111 I Finsky  : [1347] SCH: Received scheduling request: Id: 12-1, Constraints: [{ L: 15000, D: 86400000, C: CHARGING_NONE, I: IDLE_NONE, N: NET_ANY, B: BATTERY_ANY }]
04-21 00:07:49.510  7632 15103 I Finsky:background: [1257] Wrote row to frosting DB: 10978
04-21 00:07:49.511  9646  9741 I bmt     : Starting to build the allowlist
04-21 00:07:49.512  7632  7632 I Finsky:background: [2] aixr - Received: android.intent.action.PACKAGE_ADDED, [JSq-i8VHqv4KEpI9CxCXQ8BvAcAPljxWy52DLAknCXc]
04-21 00:07:49.513 27654 27654 I Finsky  : [2] aiyb - Received: android.intent.action.PACKAGE_ADDED, [JSq-i8VHqv4KEpI9CxCXQ8BvAcAPljxWy52DLAknCXc]
