04-08 23:52:02.729  2525  2525 D CompatibilityChangeReporter: Compat change id reported: 171979766; UID 10085; state: ENABLED
04-08 23:52:02.729  2525  2525 D CompatibilityChangeReporter: Compat change id reported: 242716250; UID 10085; state: ENABLED
04-08 23:52:02.731  2546  2546 D CompatibilityChangeReporter: Compat change id reported: 3400644; UID 1000; state: ENABLED
04-08 23:52:02.731  2365  2365 I qgc     : SslGuard completed installation.
04-08 23:52:02.732   541  2306 D CompatibilityChangeReporter: Compat change id reported: 261072174; UID 10128; state: ENABLED
04-08 23:52:02.732   541  1760 D CompatibilityChangeReporter: Compat change id reported: 170503758; UID 10085; state: ENABLED
04-08 23:52:02.733  2525  2525 D CompatibilityChangeReporter: Compat change id reported: 3400644; UID 10085; state: ENABLED
04-08 23:52:02.737  1682  2604 I A       : Using proto config with mendel
04-08 23:52:02.738  1682  2604 I A       : Using proto config with mendel
04-08 23:52:02.743  1682  2604 I A       : New OK_HEY model config map hash: reinitializing config map.
04-08 23:52:02.745  1682  2604 I A       : Using proto config with mendel
04-08 23:52:02.745  1682  2604 I A       : Merging legacy hotword config map with new proto.
04-08 23:52:02.745  1682  2604 I A       : Adding from config to map. Locale: cmn-Hant-TW modelPrefix: x_google Location:4e7cae00daee30ec565c34e3aa67a51f isSpeakerIdSupported: true
04-08 23:52:02.745  1682  2604 I A       : Adding from config to map. Locale: id-ID modelPrefix: x_google Location:cfffcc1a4c1c084c003c8eb27f73d770 isSpeakerIdSupported: true
04-08 23:52:02.745  1682  2604 I A       : Adding from config to map. Locale: ko-KR modelPrefix: x_google Location:0b132163a2eb2c1194b202067475724b isSpeakerIdSupported: true
04-08 23:52:02.745  1682  2604 I A       : Skipping. Expected model: 2 Found: 1
04-08 23:52:02.746  1682  2604 I A       : Adding from config to map. Locale: zh-TW modelPrefix: x_google Location:4e7cae00daee30ec565c34e3aa67a51f isSpeakerIdSupported: true
04-08 23:52:02.748  1170  1239 I GoogleLocationManager: loading FLP PI cache [CONTEXT service_id=6 ]
04-08 23:52:02.750  2525  2525 D nativeloader: Configuring clns-shared-6 for other apk /system/priv-app/ExternalStorageProvider/ExternalStorageProvider.apk. target_sdk_version=34, uses_libraries=, library_path=/system/priv-app/ExternalStorageProvider/lib/x86_64:/system/lib64:/system_ext/lib64, permitted_path=/data:/mnt/expand:/data/user/0/com.android.externalstorage:/system/priv-app/ExternalStorageProvider:/system/lib64:/system_ext/lib64
04-08 23:52:02.751  2547  2547 E Parcel  : Reading a NULL string not supported here.
04-08 23:52:02.752  1531  1879 I ZipLPPopulator: #addNewFileGroups
04-08 23:52:02.752  1531  1879 I lpi     : #getDownloadableLanguagePacks
04-08 23:52:02.756  1531  1879 W SystemLPSourceImpl: #getRequestedPackages: There is not reason to call this method, as the result is always empty.
04-08 23:52:02.756  1531  1879 I DefaultLPManager: #getAvailablePackages
04-08 23:52:02.757  1468  1633 I PlayCore: UID: [10147]  PID: [1468] SplitInstallService : deferredInstall([tenoranimation_feature_split])
04-08 23:52:02.757  1531  1879 I lpi     : #getDownloadableLanguagePacks
04-08 23:52:03.440     0     0 E SELinux : avc:  denied  { find } for pid=2547 uid=2000 name=incident scontext=u:r:shell:s0 tcontext=u:object_r:incident_service:s0 tclass=service_manager permissive=0
04-08 23:52:02.759  1682  2604 I A       : Using proto config with mendel
04-08 23:52:02.759  1682  2604 I A       : Using proto config with mendel
04-08 23:52:02.761  1468  2660 I PlayCore: UID: [10147]  PID: [1468] SplitInstallService : Initiate binding to the service.
04-08 23:52:02.763  2546  2546 D nativeloader: Configuring clns-shared-6 for other apk /system/priv-app/LocalTransport/LocalTransport.apk. target_sdk_version=34, uses_libraries=, library_path=/system/priv-app/LocalTransport/lib/x86_64:/system/priv-app/LocalTransport/LocalTransport.apk!/lib/x86_64:/system/lib64:/system_ext/lib64, permitted_path=/data:/mnt/expand:/data/user/0/com.android.localtransport:/system/priv-app/LocalTransport:/system/lib64:/system_ext/lib64
04-08 23:52:02.765  1682  2604 I A       : Using proto config with mendel
04-08 23:52:02.766  1682  2604 I A       : Using proto config with mendel
04-08 23:52:02.766  1682  2604 I A       : Using proto config with mendel
04-08 23:52:02.768   541   605 W JobScheduler: Job didn't exist in JobStore: a51e343 #u0a127/175 com.google.android.as/androidx.work.impl.background.systemjob.SystemJobService
04-08 23:52:02.775  1336  1363 D LoaderTask: step 1 complete
04-08 23:52:02.776  1682  2002 I GsaConfigFlagsSyncer: Flags already sync'ed.
04-08 23:52:03.444     0     0 E SELinux : avc:  denied  { find } for pid=2547 uid=2000 name=installd scontext=u:r:shell:s0 tcontext=u:object_r:installd_service:s0 tclass=service_manager permissive=0
04-08 23:52:03.484     0     0 E SELinux : avc:  denied  { find } for pid=2547 uid=2000 name=mdns scontext=u:r:shell:s0 tcontext=u:object_r:mdns_service:s0 tclass=service_manager permissive=0
04-08 23:52:02.779   541  2599 W ActivityManager: Unable to start service Intent { act=com.google.android.play.core.splitinstall.BIND_SPLIT_INSTALL_SERVICE pkg=com.android.vending } U=0: not found
04-08 23:52:02.782  1682  2604 I MicroDetectionWorker: Initializing MicroDataManager InitializeType-1, isForced-false, isActivePhoneEnrollment-false isActiveGoogleHomeEnrollment-false
04-08 23:52:02.782  1682  2604 I A       : Using proto config with mendel
04-08 23:52:02.782  1682  2604 I A       : Using proto config with mendel
04-08 23:52:02.783  2503  2503 I GoogleTTSApplication: tts_android (null) was loaded normally!
04-08 23:52:02.784  1468  2660 I PlayCore: UID: [10147]  PID: [1468] SplitInstallService : Failed to bind to the service.
04-08 23:52:02.784  1468  1633 W MetricsManager: MetricsManager.addProcessorImpl():614 Processor dzr@9bd2191 already exists.
04-08 23:52:02.785  2525  2525 V GraphicsEnvironment: Currently set values for:
04-08 23:52:02.785  2525  2525 V GraphicsEnvironment:   angle_gl_driver_selection_pkgs=[]
04-08 23:52:02.785  2525  2525 V GraphicsEnvironment:   angle_gl_driver_selection_values=[]
04-08 23:52:02.785  2547  2547 E Parcel  : Reading a NULL string not supported here.
04-08 23:52:02.785  2525  2525 V GraphicsEnvironment: ANGLE GameManagerService for com.android.externalstorage: false
04-08 23:52:02.785  2525  2525 V GraphicsEnvironment: com.android.externalstorage is not listed in per-application setting
04-08 23:52:02.785  2525  2525 V GraphicsEnvironment: Neither updatable production driver nor prerelease driver is supported.
04-08 23:52:02.786  1468  1468 W hle     : FeatureSplitObservationModule$requestDeferredInstall$2.onFailure():98 Failed in installing tenoranimation_feature_split.
04-08 23:52:02.786  1468  1468 W hle     : lja: Failed to bind to the service.
04-08 23:52:02.786  1468  1468 W hle     : 	at lit.b(PG:9)
04-08 23:52:02.786  1468  1468 W hle     : 	at liq.run(PG:1)
04-08 23:52:02.786  1468  1468 W hle     : 	at android.os.Handler.handleCallback(Handler.java:958)
04-08 23:52:02.786  1468  1468 W hle     : 	at android.os.Handler.dispatchMessage(Handler.java:99)
04-08 23:52:02.786  1468  1468 W hle     : 	at android.os.Looper.loopOnce(Looper.java:205)
04-08 23:52:02.786  1468  1468 W hle     : 	at android.os.Looper.loop(Looper.java:294)
04-08 23:52:02.786  1468  1468 W hle     : 	at android.os.HandlerThread.run(HandlerThread.java:67)
04-08 23:52:02.789  1682  1682 I SearchWidgetFlow: GsaWidgetProvider:onReceive(Intent { act=update-widget-intent flg=0x10 cmp=com.google.android.googlequicksearchbox/.SearchWidgetProvider }) started
04-08 23:52:02.790  1682  2039 I A       : Using proto config with mendel
04-08 23:52:02.790  1682  2039 I A       : Merging legacy hotword config map with new proto.
04-08 23:52:02.790  1682  2039 I A       : Adding from config to map. Locale: cmn-Hant-TW modelPrefix: x_google Location:4e7cae00daee30ec565c34e3aa67a51f isSpeakerIdSupported: true
04-08 23:52:02.790  1682  2039 I A       : Adding from config to map. Locale: id-ID modelPrefix: x_google Location:cfffcc1a4c1c084c003c8eb27f73d770 isSpeakerIdSupported: true
04-08 23:52:02.795  1531  1531 I SP.AiAi : ====> Starting job {m:C:u:l, bg}
04-08 23:52:02.795  1531  1879 W SystemLPSourceImpl: #getAvailablePackages: Note there is not reason to call this method, as getInstalledPackages() returns the same LanguagePacks for this impl.
04-08 23:52:02.796  1682  2027 D CompatibilityChangeReporter: Compat change id reported: 263076149; UID 10132; state: DISABLED
04-08 23:52:02.796  1682  2604 I MicroDetectionState: Should stop hotword detection immediately - true
04-08 23:52:02.797  1682  2604 I SearchWidgetFlow: GsaWidgetSessionController:handleGenericClientEvent
04-08 23:52:02.798  1531  2085 I SP.AiAi : Scheduling job with delay of 0s for {W:C:I:l, bg}, 1 candidates
04-08 23:52:02.798  2365  2652 I DialerTidepodsVoiceDirectBootEnabledFn: com.android.dialer.incall.voice.impl.TidepodsVoiceDirectBootEnabledFn.isEnabled:74 Enabled by direct-boot flag [CONTEXT ratelimit_period="1 MINUTES" ]
04-08 23:52:02.798  2365  2365 I DialerShortcutsJobScheduler: com.android.dialer.shortcuts.ShortcutsJobScheduler.schedule:49 schedule
04-08 23:52:02.799  2365  2365 I DialerShortcutsJobScheduler: com.android.dialer.shortcuts.ShortcutsJobScheduler.schedule:57 job already scheduled.
04-08 23:52:02.801   541   605 W JobScheduler: Job didn't exist in JobStore: 1b4dff8 #u0a127/179 com.google.android.as/androidx.work.impl.background.systemjob.SystemJobService
04-08 23:52:02.803  1682  2604 I SearchWidgetFlow: SearchWidgetWorker:handleIntent(Intent { act=update-widget-intent flg=0x10 cmp=com.google.android.googlequicksearchbox/.SearchWidgetProvider }) started
04-08 23:52:02.803  1682  1682 I SearchWidgetFlow: SearchWidget:handleIntent(Intent { act=update-widget-intent flg=0x10 cmp=com.google.android.googlequicksearchbox/.SearchWidgetProvider })
04-08 23:52:02.807  2547  2547 E Parcel  : Reading a NULL string not supported here.
04-08 23:52:02.810   541   605 W JobScheduler: Job didn't exist in JobStore: 222de1c #u0a127/178 com.google.android.as/androidx.work.impl.background.systemjob.SystemJobService
04-08 23:52:02.811  1682  2093 I SearchWidgetFlow: SearchWidgetWorker:handleIntent(Intent { act=update-widget-intent flg=0x10 cmp=com.google.android.googlequicksearchbox/.SearchWidgetProvider }) done
04-08 23:52:02.813  1682  2093 I SearchWidgetFlow: GsaWidgetProvider:onReceive(Intent { act=update-widget-intent flg=0x10 cmp=com.google.android.googlequicksearchbox/.SearchWidgetProvider }) done
04-08 23:52:02.814  1682  2039 I A       : Adding from config to map. Locale: ko-KR modelPrefix: x_google Location:0b132163a2eb2c1194b202067475724b isSpeakerIdSupported: true
04-08 23:52:02.822   541   731 I ActivityManager: Flag disabled. Ignoring finishAttachApplication from uid: 10130. pid: 2365
04-08 23:52:02.822  1682  2039 I A       : Skipping. Expected model: 2 Found: 1
04-08 23:52:02.822  1682  2039 I A       : Adding from config to map. Locale: zh-TW modelPrefix: x_google Location:4e7cae00daee30ec565c34e3aa67a51f isSpeakerIdSupported: true
04-08 23:52:02.823  1682  2039 I MicroDataManager: Location for model with model type: 2 and locale: en-US, is : https://www.gstatic.com/android-search/hotword/x_google/975058821313279e27b2c3f04de0beef/hotword.data
04-08 23:52:02.825  1682  2039 I MicroModelsUtil: #getHotwordModel [locale: en-US, modelType: 2]
04-08 23:52:02.827  2365  2658 I DialerTelephonyManagerCache: com.google.android.dialershared.telephony.TelephonyManagerCache.lambda$setUpNetworkMemoize$0:83 getNetworkOperatorName
04-08 23:52:02.830  2365  2658 I DialerTelephonyManagerCache: com.google.android.dialershared.telephony.TelephonyManagerCache.lambda$setUpNetworkMemoize$1:92 getNetworkCountryIso
04-08 23:52:02.830  2365  2658 I DialerTelephonyManagerCache: com.google.android.dialershared.telephony.TelephonyManagerCache.lambda$setUpNetworkMemoize$2:101 getNetworkOperator
04-08 23:52:02.832  2365  2657 I DialerGmsFlagCommitter: com.android.dialer.phenotype.GmsFlagCommitter.lambda$commit$1:52 flags committing
04-08 23:52:02.837  2365  2658 I DialerTelephonyManagerCache: com.google.android.dialershared.telephony.TelephonyManagerCache.lambda$setUpNetworkMemoize$4:121 getSimCountryIso
04-08 23:52:02.838  2365  2658 I DialerLogcatLoggingBindings: com.android.dialer.logging.logcat.LogcatLoggingBindings.logImpression:46 Impression: CALL_SCREEN_INIT_AT_STARTUP
04-08 23:52:02.839  2365  2658 I DialerLogcatLoggingBindings: com.android.dialer.logging.logcat.LogcatLoggingBindings.logImpression:41 Impression: APP_LAUNCHED
04-08 23:52:02.839  2503  2663 W gle.android.tts: Accessing hidden field Ljava/util/Collections$SynchronizedCollection;->mutex:Ljava/lang/Object; (max-target-o, reflection, denied)
04-08 23:52:02.839  2503  2663 W gle.android.tts: Accessing hidden method Ljava/util/Collections$SynchronizedSet;-><init>(Ljava/util/Set;Ljava/lang/Object;)V (max-target-o, reflection, denied)
04-08 23:52:02.839  2503  2663 W gle.android.tts: Accessing hidden method Ljava/util/Collections$SynchronizedCollection;-><init>(Ljava/util/Collection;Ljava/lang/Object;)V (max-target-o, reflection, denied)
04-08 23:52:02.839  1336  1363 D LoaderTask: loadAllApps
04-08 23:52:02.841  1336  1363 D LoaderTask: bindAllApps
04-08 23:52:02.847  1654  2103 D nativeloader: Configuring clns-8 for other apk /system/framework/com.android.media.remotedisplay.jar. target_sdk_version=33, uses_libraries=ALL, library_path=/product/priv-app/PrebuiltGmsCore/lib/x86_64:/product/priv-app/PrebuiltGmsCore/PrebuiltGmsCore.apk!/lib/x86_64, permitted_path=/data:/mnt/expand:/data/user/0/com.google.android.gms
04-08 23:52:02.851   541  1757 D CompatibilityChangeReporter: Compat change id reported: 261072174; UID 10130; state: DISABLED
04-08 23:52:02.852  1654  2103 D nativeloader: Configuring clns-9 for other apk /system/framework/com.android.location.provider.jar. target_sdk_version=33, uses_libraries=ALL, library_path=/product/priv-app/PrebuiltGmsCore/lib/x86_64:/product/priv-app/PrebuiltGmsCore/PrebuiltGmsCore.apk!/lib/x86_64, permitted_path=/data:/mnt/expand:/data/user/0/com.google.android.gms
04-08 23:52:02.852  1654  2103 D ApplicationLoaders: Returning zygote-cached class loader: /system_ext/framework/androidx.window.extensions.jar
04-08 23:52:02.852  1654  2103 D ApplicationLoaders: Returning zygote-cached class loader: /system_ext/framework/androidx.window.sidecar.jar
04-08 23:52:02.854   541  1071 D CompatibilityChangeReporter: Compat change id reported: 261072174; UID 10150; state: DISABLED
04-08 23:52:02.854  2525  2525 D ExternalStorage: After updating volumes, found 1 active roots
04-08 23:52:02.856  2503  2503 I Analytics: Running on TYPE_PHONE
04-08 23:52:02.859  2547  2547 E Parcel  : Reading a NULL string not supported here.
04-08 23:52:02.864   541   605 I ActivityManager: Flag disabled. Ignoring finishAttachApplication from uid: 10085. pid: 2525
04-08 23:52:02.866  2365  2646 D CompatibilityChangeReporter: Compat change id reported: 194532703; UID 10130; state: ENABLED
04-08 23:52:02.867  2365  2646 D CompatibilityChangeReporter: Compat change id reported: 253665015; UID 10130; state: DISABLED
04-08 23:52:02.867   541   902 D SearchUiPerUserService: Creating SearchSessionInfo for session Id=com.google.android.apps.nexuslauncher:fc667fa8-59ab-4cc6-ace3-856154b9be97,0
04-08 23:52:02.867  1468  1633 I AbstractOpenableExtension: AbstractOpenableExtension.maybeDestroyExistingKeyboardGroupManager():512 Destroy existing keyboard group manager in ebn
04-08 23:52:02.867  1468  1633 I AbstractOpenableExtension: AbstractOpenableExtension.createKeyboardGroupManagerListenableFuture():124 Create keyboard group manager listenable future in ebn
04-08 23:52:02.868  2365  2652 I DialerLegacyCallRecordingEnabledFn: com.android.incallui.callrecording.impl.LegacyCallRecordingEnabledFn.isEnabled:49 tidepods voice and tidepods call recording are both enabled [CONTEXT ratelimit_period="1 MINUTES" ]
04-08 23:52:02.871  2525  2525 D ExternalStorage: After updating volumes, found 1 active roots
04-08 23:52:03.545     0     0 E SELinux : avc:  denied  { find } for pid=2547 uid=2000 name=netd scontext=u:r:shell:s0 tcontext=u:object_r:netd_service:s0 tclass=service_manager permissive=0
04-08 23:52:02.874  1468  1641 I KeyboardGroupDefParser: KeyboardGroupDefParser.parseKeyboardGroupDef():88 parseKeyboardGroupDef() 2132214024 -> 0_resource_name_obfuscated : WaitTime = 5 ms : RunTime = 1 ms
04-08 23:52:02.874   541   902 D SearchUiPerUserService: Storing callback for session Id=com.google.android.apps.nexuslauncher:fc667fa8-59ab-4cc6-ace3-856154b9be97,0 and callback=android.os.BinderProxy@f74bccb
04-08 23:52:02.875  1810  1810 D BoundBrokerSvc: onBind: Intent { act=com.google.android.gms.asterism.service.START pkg=com.google.android.gms }
04-08 23:52:02.875  1810  1810 D BoundBrokerSvc: Loading bound service for intent: Intent { act=com.google.android.gms.asterism.service.START pkg=com.google.android.gms }
04-08 23:52:02.875  2547  2547 E Parcel  : Reading a NULL string not supported here.
04-08 23:52:02.877  2365  2652 I DialerLocaleProvider: com.android.dialer.callrecording.impl.localeprovider.LocaleProvider.getNetworkCountryMatchesSimCountryInternal:149 NetworkCountryCode: US, SimCountryIso: US
04-08 23:52:02.879  2365  2646 I DialerSpamJobScheduler: com.android.dialer.spam.inapp.SpamJobScheduler.scheduleJob:123 job with id SPAM_JOB_WIFI is already scheduled
04-08 23:52:02.880  2365  2652 I DialerLegacyCountryDetector: com.android.dialer.location.LegacyCountryDetector.getCurrentPhysicalCountryIso:180 returning Redacted-2-chars
04-08 23:52:02.880  2365  2652 I DialerLocaleProvider: com.android.dialer.callrecording.impl.localeprovider.LocaleProvider.getSupportedLocaleFromCountryCode:160 checking whether country is supported by builtInAudio for start/end audio
04-08 23:52:02.880  2365  2652 I DialerLocaleProvider: com.android.dialer.callrecording.impl.localeprovider.LocaleProvider.getSupportedLocaleFromCountryCode:170 country US not supported by builtInAudio
04-08 23:52:02.881  2365  2652 I DialerLocaleProvider: com.android.dialer.callrecording.impl.localeprovider.LocaleProvider.getSupportedLocaleFromCountryCode:160 checking whether country is supported by TTS for start/end audio
04-08 23:52:02.881  2365  2652 I DialerLocaleProvider: com.android.dialer.callrecording.impl.localeprovider.LocaleProvider.getSupportedLocaleFromCountryCode:170 country US not supported by TTS
04-08 23:52:02.881  2365  2652 I DialerCanRecord: com.android.dialer.callrecording.impl.canrecord.CanRecord.canRecordCall:76 Call recording is disabled in the current country
04-08 23:52:02.881  2365  2652 I DialerCallRecordingStartupListener: com.android.dialer.callrecording.startup.CallRecordingStartupListener.lambda$onApplicationStartup$0:83 not prewarming TTS
04-08 23:52:02.881   541   731 D CompatibilityChangeReporter: Compat change id reported: 161145287; UID 10150; state: DISABLED
04-08 23:52:02.882  1654  2103 D nativeloader: Configuring product-clns-10 for unbundled product apk /product/priv-app/PrebuiltGmsCore/PrebuiltGmsCore.apk. target_sdk_version=33, uses_libraries=, library_path=/product/priv-app/PrebuiltGmsCore/lib/x86_64:/product/priv-app/PrebuiltGmsCore/PrebuiltGmsCore.apk!/lib/x86_64:/product/lib64:/system/product/lib64, permitted_path=/data:/mnt/expand:/data/user/0/com.google.android.gms:/product/lib64:/system/product/lib64
04-08 23:52:02.884  2365  2646 I DialerSpamJobScheduler: com.android.dialer.spam.inapp.SpamJobScheduler.scheduleJob:123 job with id SPAM_JOB_ANY_NETWORK is already scheduled
04-08 23:52:02.885  1531  1879 I LPRequestState: [ZipfileRequests] #resolveDesiredLanguagePacks
04-08 23:52:02.887   541   605 W JobScheduler: Job didn't exist in JobStore: 423214b #u0a127/284347269 com.google.android.as/com.google.android.apps.miphone.aiai.actions.service.ActionRankingDataTtlService
04-08 23:52:02.888  1531  1531 I AiAiEcho: SearchContextManagerImpl::setSearchContext resultTypes=[141151] extras=[Bundle[mParcelledData.dataSize=684]] sessionId=[com.google.android.apps.nexuslauncher:fc667fa8-59ab-4cc6-ace3-856154b9be97,0]
04-08 23:52:02.889  1810  2449 W SQLiteLog: (28) double-quoted string literal: "1775533922881"
04-08 23:52:02.889  1810  2449 W SQLiteLog: (28) double-quoted string literal: "1"
04-08 23:52:02.890  1336  1363 D LoaderTask: update icon cache
04-08 23:52:02.890  1336  1363 D LoaderTask: save shortcuts in icon cache
04-08 23:52:02.890  1336  1363 D LoaderTask: step 2 complete
04-08 23:52:02.890  1336  1363 D LoaderTask: loadDeepShortcuts
04-08 23:52:02.890  1336  1363 D LoaderTask: bindDeepShortcuts
04-08 23:52:02.890  1336  1363 D LoaderTask: save deep shortcuts in icon cache
04-08 23:52:02.891  1336  1363 D LoaderTask: step 3 complete
04-08 23:52:02.892  1531  1879 I LPRequestState: [ManagerRequests] #resolveDesiredLanguagePacks
04-08 23:52:02.892  1531  1879 I LPDownloadSettingsState: Defaulting LP download condition to WIFI_ONLY as user has not edited settings.
04-08 23:52:02.892  2525  2525 D ExternalStorage: After updating volumes, found 1 active roots
04-08 23:52:02.893  2547  2547 E Parcel  : Reading a NULL string not supported here.
04-08 23:52:02.894  1468  1799 I NetworkInfoNotification: NetworkInfoNotification$Listener.onReceive():93 onNetworkAvailable: networkState = METERED, isAirplaneModeOn = false
04-08 23:52:02.895  2503  2503 D CompatibilityChangeReporter: Compat change id reported: 183155436; UID 10150; state: ENABLED
04-08 23:52:02.898  1468  1633 I Environment: Environment.isPackageInstalled():237 com.bitstrips.imoji is not installed
04-08 23:52:02.899  1468  1633 I Environment: Environment.isPackageInstalled():237 com.bitstrips.imoji is not installed
04-08 23:52:02.900  1468  1813 I SP      : Registering dynamic_art.20220108, url: https://www.gstatic.com/android/keyboard/dynamic_art/20220108002302/manifest.json, constraints: *:*:*:*, flags: *, requested: 20220108, current: 20220108
04-08 23:52:02.901  1531  2037 I AiAiFedAss: [AiAi Ekho] *** enabled *** [mode=FEDERATION, population=aiai/ekho]
04-08 23:52:02.902  1468  1813 I SP      : Syncing dynamic_art (20220108) with slices: [b1f6f47a53f7820be91b9fe247728980, 305f81355a729e382ea9f374dd286d9f], metadata: false
04-08 23:52:02.903  1550  1882 I BugleRcsEngine: [51] brnl.e: No RCS Configuration was found in Bugle for simID: redacted-pii:sim_id[chars:20,last3:897]
04-08 23:52:02.908  1810  2425 W gle.android.gms: Long monitor contention with owner binder:1810_1 (1869) at java.lang.Object cvep.g()(:com.google.android.gms@231818047@23.18.18 (190800-535401451):14) waiters=0 in java.lang.Object cvep.g() for 169ms
04-08 23:52:02.912   541  1757 D WifiNl80211Manager: Scan result ready event
04-08 23:52:02.914  1654  2103 I DynamiteModule: Considering local module com.google.android.gms.ads.dynamite:0 and remote module com.google.android.gms.ads.dynamite:231004600
04-08 23:52:02.915  1654  2103 I DynamiteModule: Selected remote version of com.google.android.gms.ads.dynamite, version >= 231004600
04-08 23:52:02.924   541  1757 D WifiNative: Scan result ready event
04-08 23:52:02.931  2546  2546 V GraphicsEnvironment: Currently set values for:
04-08 23:52:02.931  2546  2546 V GraphicsEnvironment:   angle_gl_driver_selection_pkgs=[]
04-08 23:52:02.931  2546  2546 V GraphicsEnvironment:   angle_gl_driver_selection_values=[]
04-08 23:52:02.931   936   936 D TelephonyManager: requestModemActivityInfo: Sending result to app: ModemActivityInfo{ mTimestamp=19597 mSleepTimeMs=0 mIdleTimeMs=19590 mActivityStatsTechSpecificInfo=[{mRat=UNKNOWN,mFrequencyRange=UNKNOWN,mTxTimeMs[]=[0, 0, 0, 0, 0],mRxTimeMs=0}]}
04-08 23:52:02.931  2546  2546 V GraphicsEnvironment: ANGLE GameManagerService for com.android.localtransport: false
04-08 23:52:02.931  2546  2546 V GraphicsEnvironment: com.android.localtransport is not listed in per-application setting
04-08 23:52:02.931  2546  2546 V GraphicsEnvironment: Neither updatable production driver nor prerelease driver is supported.
04-08 23:52:02.932   541  1071 I ActivityManager: Flag disabled. Ignoring finishAttachApplication from uid: 1000. pid: 2546
04-08 23:52:02.934  2547  2547 E Parcel  : Reading a NULL string not supported here.
04-08 23:52:02.934  1336  1362 D SearchTargetUtil:  query= size=1
04-08 23:52:02.934  1336  1362 D SearchTargetUtil: layoutType=icon_row resultType=4096 packageName= extras=Bundle{icon_container_enabled=true,zero_state_all_apps_web_suggest_count=3,rank=1.0,key_ipc_start=19603,hide_subtitle=true,zero_state_qsb_web_suggest_count=10,}ParentID: null targetID: SESSION_INFO:0::zero_state_flags
04-08 23:52:02.935  1654  2103 W ziparchive: Unable to open '/data/user_de/0/com.google.android.gms/app_chimera/m/00000000/AdsDynamite.dm': No such file or directory
04-08 23:52:02.935  1654  2103 W ziparchive: Unable to open '/data/user_de/0/com.google.android.gms/app_chimera/m/00000000/AdsDynamite.dm': No such file or directory
04-08 23:52:02.943  2503  2681 I VoiceDataDownloader: Not already initialized. Initializing Superpacks.
04-08 23:52:02.947  1810  2287 I constellation: [sim_state_checker] Handling intent Intent { act=android.intent.action.SIM_STATE_CHANGED flg=0x15000010 pkg=com.google.android.gms cmp=com.google.android.gms/.chimera.GmsIntentOperationService (has extras) }
04-08 23:52:02.947  2503  2681 I VoiceDataDownloader: Superpack object built.
04-08 23:52:02.948  1682  2027 I cr_CronetLibraryLoader: Cronet version: 102.0.4973.2, arch: x86_64
04-08 23:52:02.948  2503  2681 I VoiceDataDownloader: Superpack slicing strategy registered
04-08 23:52:02.949  2503  2681 I VoiceDataDownloader: Superpack quota set for all voices.
04-08 23:52:02.949   541  1757 D ConnectivityService: requestNetwork for uid/pid:10132/1682 activeRequest: null callbackRequest: 86 [NetworkRequest [ REQUEST id=87, [ Capabilities: INTERNET&NOT_RESTRICTED&TRUSTED&NOT_VCN_MANAGED Uid: 10132 RequestorUid: 10132 RequestorPkg: com.google.android.googlequicksearchbox UnderlyingNetworks: Null] ]] callback flags: 0 order: 2147483647
04-08 23:52:02.953  2503  2681 I VoiceDataDownloader: Got bundled voice en-us-x-multi-r53
04-08 23:52:02.956   541   678 D ConnectivityService: NetReassign [87 : null → 100] [c 0] [a 0] [i 3]
04-08 23:52:02.957   541   671 D WifiNetworkFactory: got request NetworkRequest [ REQUEST id=87, [ Capabilities: INTERNET&NOT_RESTRICTED&TRUSTED&NOT_VCN_MANAGED Uid: 10132 RequestorUid: 10132 RequestorPkg: com.google.android.googlequicksearchbox UnderlyingNetworks: Null] ]
04-08 23:52:02.957   541   671 D UntrustedWifiNetworkFactory: got request NetworkRequest [ REQUEST id=87, [ Capabilities: INTERNET&NOT_RESTRICTED&TRUSTED&NOT_VCN_MANAGED Uid: 10132 RequestorUid: 10132 RequestorPkg: com.google.android.googlequicksearchbox UnderlyingNetworks: Null] ]
04-08 23:52:02.957   541   671 D OemPaidWifiNetworkFactory: got request NetworkRequest [ REQUEST id=87, [ Capabilities: INTERNET&NOT_RESTRICTED&TRUSTED&NOT_VCN_MANAGED Uid: 10132 RequestorUid: 10132 RequestorPkg: com.google.android.googlequicksearchbox UnderlyingNetworks: Null] ]
04-08 23:52:02.957   541   671 D MultiInternetWifiNetworkFactory: got request NetworkRequest [ REQUEST id=87, [ Capabilities: INTERNET&NOT_RESTRICTED&TRUSTED&NOT_VCN_MANAGED Uid: 10132 RequestorUid: 10132 RequestorPkg: com.google.android.googlequicksearchbox UnderlyingNetworks: Null] ]
04-08 23:52:02.965  1550  1882 W BugleRcsEngine: [51] bpxk.i: Unable to send RCS extension log
04-08 23:52:02.967  2365  2659 I DialerCallScreenEnabledFn: com.android.dialer.callscreen.impl.CallScreenEnabledFn.isEnabled:31 feature disabled by tidepods call screen flag [CONTEXT ratelimit_period="1 MINUTES" ]
04-08 23:52:02.970  2365  2659 I DialerTidepodsRevelioEnabledFn: com.android.dialer.revelio.impl.tidepods.impl.TidepodsRevelioEnabledFn.isEnabled:49 tidepods revelio disabled by flag [CONTEXT ratelimit_period="1 MINUTES" ]
04-08 23:52:02.971  2365  2659 I DialerTimeKeeperEnabledFn: com.android.dialer.timekeeper.impl.TimeKeeperEnabledFn.isEnabled:29 disabled by flag [CONTEXT ratelimit_period="1 MINUTES" ]
04-08 23:52:02.971  2365  2659 I DialerXatuEnabledFn: com.android.dialer.xatu.impl.XatuEnabledFn.isEnabled:33 disabled by flag [CONTEXT ratelimit_period="1 MINUTES" ]
04-08 23:52:02.975  1531  2085 I SP.AiAi : Scheduling: job start ({m:C:u:l, bg}), 1 started, 0 paused, 1 scheduled, 2 pending: manifests:webref-2-en-us-19071200 @ * {m:C:u:l, bg}, manifests:spelling_correction-22110320 * {W:C:I:l, bg}
04-08 23:52:02.976  1531  2085 I SP.AiAi : Requesting download of URL https://gstatic.com/webref-ondevice/aiai/19071200_pir/2/en-us/superpacks_manifest.zip to webref-2-en-us-19071200.zip.fetched (constraints: m:b:u:l)
04-08 23:52:02.979  1531  2085 I AiAiSuperpacks: No superpacks to release, will no-op
04-08 23:52:02.979  1531  1992 I SP.AiAi : Starting garbage collection
04-08 23:52:02.981  1531  1992 I SP.AiAi : GC for 'global' (1) with ttl of 172800000 ms took 1 ms (0/1/0)
04-08 23:52:02.981  1810  2506 W native  : W0000 00:00:1775706722.981773    2506 model-utils.cc:16] No CRC32, most likely an old model; skip CRC32 check
04-08 23:52:02.982  1810  2506 I native  : I0000 00:00:1775706722.982250    2506 permission-checker.cc:82] Creating PermissionChecker based on ACL with config_version 1 having 10 permissions defined.
04-08 23:52:02.982  1810  2506 W native  : W0000 00:00:1775706722.982565    2506 words-map.cc:36] INVALID_ARGUMENT: Empty URI
04-08 23:52:02.982  1810  2506 W native  : W0000 00:00:1775706722.982585    2506 words-map.cc:40] WordsMap was not properly initialized
04-08 23:52:02.984  2547  2547 E Parcel  : Reading a NULL string not supported here.
04-08 23:52:02.985  2365  2365 I DialerDialerBootReceiver: com.android.dialer.bootreceiver.DialerBootReceiver.onReceive:29 received ACTION_BOOT_COMPLETED
04-08 23:52:02.985  2365  2365 I DialerShortcutsJobScheduler: com.android.dialer.shortcuts.ShortcutsJobScheduler.schedule:49 schedule
04-08 23:52:02.987   541   903 I ActivityManager: Flag disabled. Ignoring finishAttachApplication from uid: 10150. pid: 2503
04-08 23:52:02.992  2365  2646 I DialerSpamJobScheduler: com.android.dialer.spam.inapp.SpamJobScheduler.scheduleJob:123 job with id SPAM_JOB_WIFI is already scheduled
04-08 23:52:02.997  1766  2221 W android.youtube: Long monitor contention with owner yt-critical Thread #0 (2084) at java.lang.String vvo.f()(PG:53) waiters=0 in java.lang.String vvo.f() for 685ms
04-08 23:52:02.998   541   541 I TransportConnection: LocalTransportService#0: Notifying [TransportManager.registerTransport()] transport = BackupTransportClient
04-08 23:52:02.998   936  1263 V MmsProvider: inside checkQueryParametersForSubqueries
04-08 23:52:02.998   936  1263 V MmsProvider: checkQueryParametersForSubqueries checking proj: address
04-08 23:52:02.998   936  1263 V MmsProvider: checkQueryParametersForSubqueries checking proj: date
04-08 23:52:02.998   936  1263 V MmsProvider: checkQueryParametersForSubqueries checking proj: type
04-08 23:52:02.998   936  1263 V MmsProvider: checkQueryParametersForSubqueries checking proj: body
04-08 23:52:02.998   936  1263 V MmsProvider: checkQueryParametersForSubqueries checking sel: date > ? AND (type == ? OR type == ?)
04-08 23:52:02.998   936  1263 V MmsProvider: checkQueryParametersForSubqueries checking sort: date DESC
04-08 23:52:02.999  2503  2503 I GoogleTtsServicePeer: Creating Google TTS service, version googletts.google-speech-apk_20230123.02_p3.506463867
04-08 23:52:03.001  2154  2389 I HttpGrpcBindableService: Downloading requested for URL 'https://gstatic.com/webref-ondevice/aiai/19071200_pir/2/en-us/superpacks_manifest.zip'
04-08 23:52:03.002  1170  1170 I Wear_Controller: Wearable module requires a companion app to be installed.
04-08 23:52:03.002  1170  1170 I WearableService: onCreate: Wearable Services not starting. Wear is not available on this device.
04-08 23:52:03.004  1170  1248 W BpBinder: Large outgoing transaction of 413444 bytes, interface descriptor , code 4
04-08 23:52:03.004  2365  2365 I DialerShortcutsJobScheduler: com.android.dialer.shortcuts.ShortcutsJobScheduler.schedule:57 job already scheduled.
04-08 23:52:03.004  2365  2365 I DialerAnnotatedCallLogRefreshStarterImpl: com.android.dialer.calllog.refresh.impl.AnnotatedCallLogRefreshStarterImpl.refreshWithoutDirtyCheck:48 refreshWithoutDirtyCheck
04-08 23:52:03.004  2365  2658 I DialerAnnotatedCallLogRefreshRequestRegulator: com.android.dialer.calllog.refresh.impl.AnnotatedCallLogRefreshRequestRegulator.lambda$throttleInternalSequentially$0:98 throttle sequentially
04-08 23:52:03.004  2365  2658 I DialerAnnotatedCallLogRefreshRequestRegulator: com.android.dialer.calllog.refresh.impl.AnnotatedCallLogRefreshRequestRegulator.lambda$throttleInternalSequentially$0:139 start refreshing, checkDirty=false
04-08 23:52:03.004  2365  2658 I DialerRefreshAnnotatedCallLogWorker: com.android.dialer.calllog.refresh.impl.RefreshAnnotatedCallLogWorker.refresh:109 submitting serialized refresh request
04-08 23:52:03.005  1336  1363 D LoaderTask: load widgets
04-08 23:52:03.007  2365  2658 I DialerRefreshAnnotatedCallLogWorker: com.android.dialer.calllog.refresh.impl.RefreshAnnotatedCallLogWorker.lambda$checkDirtyAndRebuildIfNecessary$2:137 isDirty: true
04-08 23:52:03.007  2365  2658 I DialerRefreshAnnotatedCallLogWorker: com.android.dialer.calllog.refresh.impl.RefreshAnnotatedCallLogWorker.rebuild:160 filling systemCallLogDataSource
04-08 23:52:03.007  1336  1363 D LoaderTask: bindWidgets
04-08 23:52:03.008  1336  1363 D LoaderTask: save widgets in icon cache
04-08 23:52:03.008   541   902 D OomAdjuster: Not killing cached processes
04-08 23:52:03.009   352  2691 I resolv  : GetAddrInfoHandler::run: {100 100 100 983140 10121 0}
04-08 23:52:03.012  2503  2503 I VoiceDataDownloader: voicesToFetch en-us
04-08 23:52:03.013  1550  1882 I BugleRcsEngine: [51] broo.g: Created new RcsProvisioningProtoDataStorage for sim redacted-pii:sim_id[chars:20,last3:897]
04-08 23:52:03.013  2503  2503 I VoiceDataDownloader: fetchVoiceInternal en-us
04-08 23:52:03.013  1550  1882 W BugleRcsEngine: [51] brpi.b: Unable to send provisioning event log
04-08 23:52:03.015   352  2692 I resolv  : res_nmkquery: (QUERY, IN, AAAA)
04-08 23:52:03.015  2365  2646 I DialerSpamJobScheduler: com.android.dialer.spam.inapp.SpamJobScheduler.scheduleJob:123 job with id SPAM_JOB_ANY_NETWORK is already scheduled
04-08 23:52:03.016  1488  1521 W DynamiteModule: Local module descriptor class for com.google.android.gms.googlecertificates not found.
04-08 23:52:03.016  1336  1363 D LoaderTask: finish icon update
04-08 23:52:03.017  1654  2103 D DynamitePackage: Instantiated singleton DynamitePackage.
04-08 23:52:03.017  1654  2103 D DynamitePackage: Instantiating com.google.android.gms.ads.adshield.ChimeraAdShieldCreatorImpl
04-08 23:52:03.017  1336  1363 D QuickstepModelDelegate: Successfully registered for launcher snapshot logging!
04-08 23:52:03.017   352  2692 I resolv  : res_nsend: used send_dg 57 terrno: 0
04-08 23:52:03.017   352  2692 I resolv  : doQuery: rcode=0, ancount=1, return value=57
04-08 23:52:03.021  1550  1808 W BugleRcsEngine: [48] brpi.a: Unable to send provisioning snapshots log
04-08 23:52:03.023  2503  2503 I GoogleTTSServiceImpl: currentLocale = en-US
04-08 23:52:03.024  2503  2685 I SP      : Registering ttsvoices.1842, url: null, constraints: *:*:*:*, flags: *, requested: 1842, current: 1842
04-08 23:52:03.025  2365  2658 I DialerCallerIdFeedbackEnabledFn: com.android.dialer.calleridfeedback.impl.CallerIdFeedbackEnabledFn.isEnabled:41 Caller ID feedback enabled [CONTEXT ratelimit_period="1 MINUTES" ]
04-08 23:52:03.025  2365  2658 I DialerVideoTypePickerEnabledFn: com.android.dialer.videotypepicker.impl.VideoTypePickerEnabledFn.isEnabled:32 feature is not enabled [CONTEXT ratelimit_period="1 MINUTES" ]
04-08 23:52:03.025  2365  2658 I DialerAtlasEnabledFn: com.android.incallui.atlas.ui.impl.AtlasEnabledFn.isEnabled:35 atlas disabled [CONTEXT ratelimit_period="1 MINUTES" ]
04-08 23:52:03.026  2365  2658 I DialerCallVerifierEnabledFn: com.android.dialer.businessvoice.verifiedcall.impl.CallVerifierEnabledFn.isEnabled:52 disabled. [CONTEXT ratelimit_period="1 MINUTES" ]
04-08 23:52:03.026  2365  2658 I DialerFidesEnabledFn: com.android.dialer.fides.impl.FidesEnabledFn.isEnabled:27 disabled by flag [CONTEXT ratelimit_period="1 MINUTES" ]
04-08 23:52:03.027  1468  1813 I SP      : Sync for dynamic_art succeeded in 125 ms: no changes
04-08 23:52:03.027  1468  1813 I SP      : GC for 'dynamic_art' (10) with ttl of 0 ms took 0 ms (0/0/0)
04-08 23:52:03.030   352  2693 I resolv  : res_nmkquery: (QUERY, IN, A)
04-08 23:52:03.032  2503  2681 I VoiceDataDownloader: Superpacks created and default voices checked.
04-08 23:52:03.032  2503  2681 I VoiceDataDownloader: Successfully initialized Superpacks.
04-08 23:52:03.032  2503  2681 I VoiceDataManager: start to download voice en-us
04-08 23:52:03.032  2503  2681 I VoiceDataDownloader: Download of en-us started.
04-08 23:52:03.033  2503  2681 I VoiceDataDownloader: Registered slicing strategy for en-us
04-08 23:52:03.033  2503  2681 I VoiceDataDownloader: Getting pack name en-us-x-multi-r53
04-08 23:52:03.033  2503  2681 I VoiceDataDownloader: Adding pack en-us-x-multi-r53 to superpack.
04-08 23:52:03.033  2503  2681 I VoiceDataDownloader: Getting pack name en-us-x-multi-seanet-r53
04-08 23:52:03.033  2503  2681 I VoiceDataDownloader: Adding pack en-us-x-multi-seanet-r53 to superpack.
04-08 23:52:03.033  2503  2681 I VoiceDataDownloader: Getting pack name en-us-x-afh-r53
04-08 23:52:03.033  2503  2681 I VoiceDataDownloader: Adding pack en-us-x-afh-r53 to superpack.
04-08 23:52:03.033  2503  2681 I VoiceDataDownloader: Getting pack name en-us-x-fis-r53
04-08 23:52:03.033  2503  2681 I VoiceDataDownloader: Adding pack en-us-x-fis-r53 to superpack.
04-08 23:52:03.034   352  2693 I resolv  : res_nsend: used send_dg 45 terrno: 0
04-08 23:52:03.034   352  2693 I resolv  : doQuery: rcode=0, ancount=1, return value=45
04-08 23:52:03.034  2503  2681 I VoiceDataDownloader: Getting pack name en-us-x-afh-seanet-r53
04-08 23:52:03.035  2503  2681 I VoiceDataDownloader: Adding pack en-us-x-afh-seanet-r53 to superpack.
04-08 23:52:03.035  2503  2681 I VoiceDataDownloader: Getting pack name en-us-x-fis-seanet-r53
04-08 23:52:03.035  2503  2681 I VoiceDataDownloader: Adding pack en-us-x-fis-seanet-r53 to superpack.
04-08 23:52:03.035   541   541 D TextToSpeechManagerPerUserService: Connected successfully to TTS engine: com.google.android.tts
04-08 23:52:03.035  2503  2681 I VoiceDataDownloader: Syncing superpack en-us
04-08 23:52:03.035  1531  2134 I TextToSpeech: Connected to TTS engine
04-08 23:52:03.035  2503  2685 I SP      : Registering en-us.53, url: null, constraints: *:*:*:*, flags: *, requested: 53, current: 53
04-08 23:52:03.037  2154  2389 D TrafficStats: tagSocket(68) with statsTag=0xffffffff, statsUid=-1
04-08 23:52:03.038  1810  1810 D BoundBrokerSvc: onBind: Intent { act=com.google.android.gms.credential.manager.service.firstparty.START dat=chimera-action:/... cmp=com.google.android.gms/.chimera.GmsApiService }
04-08 23:52:03.038  1810  1810 D BoundBrokerSvc: Loading bound service for intent: Intent { act=com.google.android.gms.credential.manager.service.firstparty.START dat=chimera-action:/... cmp=com.google.android.gms/.chimera.GmsApiService }
04-08 23:52:03.044  2503  2685 I SP      : Syncing en-us (53) with slices: [{en-us-x-multi-r53, m:*:*:*}, {en-us-x-multi-seanet-r53, m:*:*:*}], metadata: false
04-08 23:52:03.045  2154  2389 W .android.as.oss: Accessing hidden method Lcom/android/org/conscrypt/ConscryptEngineSocket;->setUseSessionTickets(Z)V (max-target-q,core-platform-api, reflection, denied)
04-08 23:52:03.045  2154  2389 W .android.as.oss: Accessing hidden method Lcom/android/org/conscrypt/OpenSSLSocketImpl;->setUseSessionTickets(Z)V (max-target-q,core-platform-api, reflection, denied)
04-08 23:52:03.045  2154  2389 W .android.as.oss: Accessing hidden method Lcom/android/org/conscrypt/AbstractConscryptSocket;->setUseSessionTickets(Z)V (max-target-q, reflection, denied)
04-08 23:52:03.045  2154  2389 W .android.as.oss: Accessing hidden method Lcom/android/org/conscrypt/ConscryptEngineSocket;->setHostname(Ljava/lang/String;)V (max-target-q,core-platform-api, reflection, denied)
04-08 23:52:03.045  2154  2389 W .android.as.oss: Accessing hidden method Lcom/android/org/conscrypt/OpenSSLSocketImpl;->setHostname(Ljava/lang/String;)V (max-target-q,core-platform-api, reflection, denied)
04-08 23:52:03.045  2154  2389 W .android.as.oss: Accessing hidden method Lcom/android/org/conscrypt/AbstractConscryptSocket;->setHostname(Ljava/lang/String;)V (max-target-q, reflection, denied)
04-08 23:52:03.045  2154  2389 W .android.as.oss: Accessing hidden method Lcom/android/org/conscrypt/OpenSSLSocketImpl;->setAlpnProtocols([B)V (max-target-q,core-platform-api, reflection, denied)
04-08 23:52:03.045  2154  2389 W .android.as.oss: Accessing hidden method Lcom/android/org/conscrypt/AbstractConscryptSocket;->setAlpnProtocols([B)V (max-target-q, reflection, denied)
04-08 23:52:03.047   541  1534 D BackupTransportManager: [UserID:0] Transport com.android.localtransport/.LocalTransportService registered
04-08 23:52:03.047   541   671 W system_server: Core platform API violation: Llibcore/io/Memory;->pokeByte(JB)V from Lcom/android/wifi/x/com/google/protobuf/UnsafeUtil; using reflection
04-08 23:52:03.047   541  1534 D BackupManagerService: [UserID:0] Transport com.android.localtransport/.LocalTransport registered 3796ms after first request (delay = 3000ms)
04-08 23:52:03.047   541   671 W system_server: Core platform API violation: Llibcore/io/Memory;->peekByte(J)B from Lcom/android/wifi/x/com/google/protobuf/UnsafeUtil; using reflection
04-08 23:52:03.050  2279  2664 D CompatibilityChangeReporter: Compat change id reported: 194532703; UID 10086; state: ENABLED
04-08 23:52:03.050  2279  2664 D CompatibilityChangeReporter: Compat change id reported: 253665015; UID 10086; state: ENABLED
04-08 23:52:03.050   541  2599 D CompatibilityChangeReporter: Compat change id reported: 253665015; UID 10086; state: ENABLED
04-08 23:52:03.050   541  2599 D CompatibilityChangeReporter: Compat change id reported: 194532703; UID 10086; state: ENABLED
04-08 23:52:03.053   541   671 D WifiScoreReport: setShouldReduceNetworkScore=false mNetworkAgent is null? true
04-08 23:52:03.053   541   671 D WifiClientModeImpl[10042:wlan0]: CMD_START_CONNECT  my state DisconnectedState nid=0 roam=false
04-08 23:52:03.054  2547  2547 E Parcel  : Reading a NULL string not supported here.
04-08 23:52:03.056   541   671 W LastMileLogger: Failed to open free_buffer pseudo-file: /sys/kernel/debug/tracing/instances/wifi/free_buffer: open failed: ENOENT (No such file or directory)
04-08 23:52:03.056   541   671 W LastMileLogger: Failed to arm fail-safe.
04-08 23:52:03.058   473   473 W wificond: Scan is not started. Ignore abort request
04-08 23:52:03.059  1488  1521 W ziparchive: Unable to open '/data/user_de/0/com.google.android.gms/app_chimera/m/00000002/DynamiteLoader.dm': No such file or directory
04-08 23:52:03.059  1488  1521 W ziparchive: Unable to open '/data/user_de/0/com.google.android.gms/app_chimera/m/00000002/DynamiteLoader.dm': No such file or directory
04-08 23:52:03.061  2503  2631 W RankedDispatcher: The requested voice is not available for this app identifier
04-08 23:52:03.061  2503  2631 I GoogleTTSServiceImpl: currentLocale = en-US
04-08 23:52:03.061  1488  1521 I DynamiteModule: Considering local module com.google.android.gms.googlecertificates:0 and remote module com.google.android.gms.googlecertificates:7
04-08 23:52:03.061  1488  1521 I DynamiteModule: Selected remote version of com.google.android.gms.googlecertificates, version >= 7
04-08 23:52:03.061  1531  1940 I AiAiEcho: AppPredictionInputConnectorImpl#createPredictionSession
04-08 23:52:03.062  2503  2631 W RankedDispatcher: The requested voice is not available for this app identifier
04-08 23:52:03.062  2503  2631 I GoogleTTSServiceImpl: For default lang en-us is name en-US-language (en-us-x-iog-server)
04-08 23:52:03.062  1531  2697 I TextToSpeech: Setting up the connection to TTS engine...
04-08 23:52:03.063   541   671 D SupplicantStaIfaceHalAidlImpl: connectToNetwork "AndroidWifi"NONE, actualSsid=null
04-08 23:52:03.063   541   671 D SupplicantStaIfaceHalAidlImpl: Selecting supplicant SSID "AndroidWifi"
04-08 23:52:03.065   541   671 I SupplicantStaNetworkHalAidlImpl: Successfully set SSID
04-08 23:52:03.066   541   671 D SupplicantStaNetworkHalAidlImpl: The target security params: Security Parameters:
04-08 23:52:03.066   541   671 D SupplicantStaNetworkHalAidlImpl:  Type: 0
04-08 23:52:03.066   541   671 D SupplicantStaNetworkHalAidlImpl:  Enabled: true
04-08 23:52:03.066   541   671 D SupplicantStaNetworkHalAidlImpl:  KeyMgmt: NONE
04-08 23:52:03.066   541   671 D SupplicantStaNetworkHalAidlImpl:  Protocols: WPA RSN
04-08 23:52:03.066   541   671 D SupplicantStaNetworkHalAidlImpl:  AuthAlgorithms:
04-08 23:52:03.066   541   671 D SupplicantStaNetworkHalAidlImpl:  PairwiseCiphers:
04-08 23:52:03.066   541   671 D SupplicantStaNetworkHalAidlImpl:  GroupCiphers:
04-08 23:52:03.066   541   671 D SupplicantStaNetworkHalAidlImpl:  GroupMgmtCiphers:
04-08 23:52:03.066   541   671 D SupplicantStaNetworkHalAidlImpl:  SuiteBCiphers:
04-08 23:52:03.066   541   671 D SupplicantStaNetworkHalAidlImpl:  RequirePmf: false
04-08 23:52:03.066   541   671 D SupplicantStaNetworkHalAidlImpl:  IsAddedByAutoUpgrade: false
04-08 23:52:03.066   541   671 D SupplicantStaNetworkHalAidlImpl:  IsSaeH2eOnlyMode: false
04-08 23:52:03.066   541   671 D SupplicantStaNetworkHalAidlImpl:  IsSaePkOnlyMode: false
04-08 23:52:03.067   744   744 I wpa_supplicant: wlan0: SME: Trying to authenticate with 00:13:10:85:fe:01 (SSID='AndroidWifi' freq=2447 MHz)
04-08 23:52:03.067   744   744 I wpa_supplicant: assoc key_mgmt 0x4 network key_mgmt 0x4
04-08 23:52:03.069   541   671 D WifiCountryCode: evaluateAllCmmStateAndApplyIfAllReady: {ConcreteClientModeManager{id=9928 iface=wlan0 role=ROLE_CLIENT_PRIMARY}=false}
04-08 23:52:03.069   541   671 D WifiClientModeImpl[10042:wlan0]: Start Connecting Watchdog 1
04-08 23:52:03.069   744   744 I wpa_supplicant: wlan0: Trying to associate with 00:13:10:85:fe:01 (SSID='AndroidWifi' freq=2447 MHz)
04-08 23:52:03.069   744   744 I wpa_supplicant: assoc key_mgmt 0x4 network key_mgmt 0x4
04-08 23:52:03.743     0     0 I wlan0   : authenticate with 00:13:10:85:fe:01
04-08 23:52:03.744     0     0 I wlan0   : send auth to 00:13:10:85:fe:01 (try 1/3)
04-08 23:52:03.745     0     0 I wlan0   : authenticated
04-08 23:52:03.745     0     0 I         : mac80211_hwsim hwsim0 wlan0: disabling HT/VHT/HE as WMM/QoS is not supported by the AP
04-08 23:52:03.747     0     0 I wlan0   : associate with 00:13:10:85:fe:01 (try 1/3)
04-08 23:52:03.075   541   605 W AppOps  : Noting op not finished: uid 10128 pkg com.google.android.gms code 113 startTime of in progress event=1775706723075
04-08 23:52:03.076  1170  1170 D CompatibilityChangeReporter: Compat change id reported: 148180766; UID 10128; state: ENABLED
04-08 23:52:03.078  2154  2389 W .android.as.oss: Accessing hidden method Lcom/android/org/conscrypt/OpenSSLSocketImpl;->getAlpnSelectedProtocol()[B (max-target-q,core-platform-api, reflection, denied)
04-08 23:52:03.078  2154  2389 W .android.as.oss: Accessing hidden method Lcom/android/org/conscrypt/AbstractConscryptSocket;->getAlpnSelectedProtocol()[B (max-target-q, reflection, denied)
04-08 23:52:03.757     0     0 E SELinux : avc:  denied  { find } for pid=2547 uid=2000 name=suspend_control scontext=u:r:shell:s0 tcontext=u:object_r:system_suspend_control_service:s0 tclass=service_manager permissive=0
04-08 23:52:03.759     0     0 E SELinux : avc:  denied  { find } for pid=2547 uid=2000 name=suspend_control_internal scontext=u:r:shell:s0 tcontext=u:object_r:system_suspend_control_internal_service:s0 tclass=service_manager permissive=0
04-08 23:52:03.087   541   731 D CompatibilityChangeReporter: Compat change id reported: 161145287; UID 10120; state: DISABLED
04-08 23:52:03.087   541  1758 D CompatibilityChangeReporter: Compat change id reported: 161145287; UID 10128; state: ENABLED
04-08 23:52:03.088   541  1758 D CompatibilityChangeReporter: Compat change id reported: 161145287; UID 10128; state: DISABLED
04-08 23:52:03.089  2365  2652 I DialerSystemCallLogDataSource: com.android.dialer.calllog.datasources.systemcalllog.SystemCallLogDataSource.lambda$fill$2:213 found 0 existing annotated call log ids
04-08 23:52:03.091  1531  1531 I AiAiCaptions: TtsSynthesizerImpl::onInit(): status: true(0).
04-08 23:52:03.093  2503  2685 I SP      : Sync for en-us succeeded in 56 ms: no changes
04-08 23:52:03.093  2503  2685 I SP      : GC for 'en-us' (10) with ttl of 0 ms took 0 ms (0/0/0)
04-08 23:52:03.093  2503  2681 I VoiceDataDownloader: Superpack download completed.
04-08 23:52:03.093  2503  2681 I VoiceDataDownloader: Download en-us Success true
04-08 23:52:03.093  2503  2681 I VoiceDataManager: Downloaded voice en-us
04-08 23:52:03.099  2547  2547 E Parcel  : Reading a NULL string not supported here.
04-08 23:52:03.102  1810  2506 W native  : W0000 00:00:1775706723.102222    2506 document-store.cc:173] Docstore bad crc 0x2f6358bd vs 0x4a2bb038
04-08 23:52:03.102  2547  2547 E Parcel  : Reading a NULL string not supported here.
04-08 23:52:03.104   541   739 W AppOps  : Noting op not finished: uid 10128 pkg com.google.android.gms code 113 startTime of in progress event=1775706723075
04-08 23:52:03.105   541  1761 W AppOps  : Noting op not finished: uid 10128 pkg com.google.android.gms code 113 startTime of in progress event=1775706723075
