--------- beginning of main
04-21 00:07:33.770  1126  1126 I WifiHAL : Creating message to get link statistics; iface = 47
04-21 00:07:33.882  1126  1126 E libbinder.IPCThreadState: binder thread pool (1 threads) starved for 111 ms
04-21 00:07:33.882  1126  5674 I WifiHAL : Getting cached scan results, iface handle = 0xb4000075c5edd690
04-21 00:07:33.883  1126  5674 E WifiHAL : Creating message to get cached scan results
04-21 00:07:33.897  1126  5674 I WifiHAL : In GetCachedScanResultsCommand::handleResponse
04-21 00:07:33.963  1643  4139 D ConnectivityService: NetReassign [no changes] [c 1] [a 1] [i 4]
04-21 00:07:35.524 15746 14980 I fpp     : Ranging Results Update: DeviceId=2003818520 Distance=22.3872113856834 (m) Type=BLE
04-21 00:07:36.779  1344  1344 D AOC     : CHRE: DRAM vote count begins
04-21 00:07:36.780  1344  1344 D AOC     : CHRE: DRAM vote count ends: 0 ms
04-21 00:07:36.780  1344  1344 D AOC     : CHRE: DRAM vote count begins
04-21 00:07:36.781  1063  1083 D CHRE    : @ 239426.280: Parsed nanoapp message from host: app ID 0x476f6f676c00100b endpoint 0x1d msgType 112 payload size 10
04-21 00:07:36.781  1063  1083 I CHRE    : @ 239426.282: [NanoMinion] received MSG Type 0x70, Version 1, 6 bytes
04-21 00:07:36.781  1063  1083 I CHRE    : @ 239426.283: [AR] request.query
04-21 00:07:36.781  1344  1344 D AOC     : CHRE: DRAM vote count ends: 0 ms
04-21 00:07:36.781  1344  1344 D AOC     : CHRE: DRAM vote count begins
04-21 00:07:36.782  1344  1344 D AOC     : CHRE: DRAM vote count ends: 0 ms
04-21 00:07:36.783  1344  1344 D AOC     : CHRE: DRAM vote count begins
04-21 00:07:36.783  1344  1344 D AOC     : CHRE: DRAM vote count ends: 0 ms
04-21 00:07:36.783  1344  1344 D AOC     : CHRE: DRAM vote count begins
04-21 00:07:36.783  1344  1344 D AOC     : CHRE: DRAM vote count ends: 0 ms
04-21 00:07:36.784  1063  1083 D CHRE.HAL: Received a nanoapp message from 0x476f6f676c00100b endpoint 0x1d: Type 0x401 size 25 
04-21 00:07:36.785  1063  1083 I CHRE    : @ 239426.284: [NanoMinion] sent MSG Type 0x71, Version 0, 17 bytes, MessageId 80
04-21 00:07:36.785  1063  1083 I CHRE    : @ 239426.284: [AR] send response=0
04-21 00:07:36.786  1344  1344 D AOC     : CHRE: DRAM vote count begins
04-21 00:07:36.786  1344  1344 D AOC     : CHRE: DRAM vote count ends: 0 ms
04-21 00:07:36.787  1063  1083 D CHRE    : @ 239426.288: Parsed nanoapp message from host: app ID 0x476f6f676c00100b endpoint 0x1d msgType 112 payload size 10
04-21 00:07:36.787  1344  1344 D AOC     : CHRE: DRAM vote count begins
04-21 00:07:36.788  1086  1904 D usf_sensor_hal: significant motion: Enter Batch. Period = 1000000, latency = 0.
04-21 00:07:36.788  1344  1344 D AOC     : CHRE: DRAM vote count ends: 0 ms
04-21 00:07:36.788  1344  1344 D AOC     : CHRE: DRAM vote count begins
04-21 00:07:36.788  1086  1947 I sensor-suez: Vendor atom [id = 100243] reported.
04-21 00:07:36.789  1344  1344 D AOC     : CHRE: DRAM vote count ends: 0 ms
04-21 00:07:36.789  1344  1344 D AOC     : CHRE: DRAM vote count begins
04-21 00:07:36.789  1344  1344 D AOC     : CHRE: DRAM vote count ends: 0 ms
04-21 00:07:36.789  1063  1083 I CHRE    : @ 239426.289: [NanoMinion] received MSG Type 0x70, Version 1, 6 bytes
04-21 00:07:36.790  1063  1083 I CHRE    : @ 239426.289: [AR] request.flush
04-21 00:07:36.790  1063  1083 I CHRE    : @ 239426.290: [AR] send to host, reason=3, sampleSize=0, transitionSize=0, lastAccelTime = 237024679, lastAudioTime = 0 
04-21 00:07:36.790  1063  1083 I CHRE    : @ 239426.290: [NanoMinion] sent MSG Type 0x72, Version 0, 19 bytes, MessageId 81
04-21 00:07:36.790  1063  1083 D CHRE.HAL: Received a nanoapp message from 0x476f6f676c00100b endpoint 0x1d: Type 0x401 size 27 
04-21 00:07:36.798  1086  1904 D usf_sensor_hal: accelerometer: Enter Batch. Period = 10000000, latency = 20000000.
04-21 00:07:36.800  1344  1344 D AOC     : A3:MSG: usf_sensor.cc, 2512: USF: Received reconfig sampling request for ICM45631 Accelerometer.
04-21 00:07:36.801  1344  1344 D AOC     : A3:MSG: icm456xy_device.cc, 443: USF: Device: type: 0, p/l: 10000000 ns/ 20000000 ns, O/WM/I: 100/6/17
04-21 00:07:36.802  1086  1904 D usf_sensor_hal: IMU temperature: Enter Batch. Period = 666667000, latency = 20000000.
04-21 00:07:36.803  1344  1344 D AOC     : A3:MSG: usf_sensor.cc, 2512: USF: Received reconfig sampling request for ICM45631 Temperature.
04-21 00:07:36.804  1086  1947 I sensor-suez: Vendor atom [id = 100243] reported.
04-21 00:07:36.805  1086  1904 D usf_sensor_hal: accelerometer: Enter Flush
04-21 00:07:36.806  1086  1947 I sensor-suez: Vendor atom [id = 100243] reported.
--------- beginning of system
04-21 00:07:36.815  1643  5975 W AppOps  : Noting op not finished: uid 10186 pkg com.google.android.gms code 79 startTime of in progress event=1776730553046
04-21 00:07:36.825  1643  5975 W AppOps  : Noting op not finished: uid 10186 pkg com.google.android.gms code 113 startTime of in progress event=1776730553046
04-21 00:07:36.834  1643  4276 W AppOps  : Noting op not finished: uid 10186 pkg com.google.android.gms code 113 startTime of in progress event=1776730553046
04-21 00:07:36.957  1126  5674 I WifiHAL : Creating message to get link statistics; iface = 47
04-21 00:07:37.068  1126  5674 E libbinder.IPCThreadState: binder thread pool (1 threads) starved for 111 ms
04-21 00:07:37.068  1126  1126 I WifiHAL : Getting cached scan results, iface handle = 0xb4000075c5edd690
04-21 00:07:37.068  1126  1126 E WifiHAL : Creating message to get cached scan results
04-21 00:07:37.083  1126  1126 I WifiHAL : In GetCachedScanResultsCommand::handleResponse
04-21 00:07:37.148  1643  4139 D ConnectivityService: NetReassign [no changes] [c 2] [a 1] [i 4]
04-21 00:07:37.817  1643  6601 W AppOps  : Noting op not finished: uid 10186 pkg com.google.android.gms code 113 startTime of in progress event=1776730553046
04-21 00:07:38.479 14994 14994 W libbinder.BackendUnifiedServiceManager: Thread Pool max thread count is 0. Cannot cache binder as linkToDeath cannot be implemented. serviceName: SurfaceFlingerAIDL
04-21 00:07:38.479 14994 14994 W libbinder.BpBinder: Linking to death on android.gui.ISurfaceComposer but there are no threads (yet?) listening to incoming transactions. See ProcessState::startThreadPool and ProcessState::setThreadPoolMaxThreadCount. Generally you should setup the binder threadpool before other initialization steps.
04-21 00:07:38.480 14994 14994 W libbinder.ProcessState: Extra binder thread started, but 0 threads requested. Do not use *startThreadPool when zero threads are requested.
04-21 00:07:39.000 15746 14980 I NearbyMediums: Found Fast Ble Advertisements :
04-21 00:07:39.000 15746 14980 I NearbyMediums: BleAdvertisement { version=2, socketVersion=2, isFast=true, serviceIdHash=null, data=[ 0x23 0x35 0x56 0x34 0x5a 0x11 0x32 0xb3 0x9d 0xed 0x5f 0x04 0x18 0xf9 0x19 0x4f 0xb0 0x59 0x7f 0xc6 0x62 0x69 0x6e ], deviceToken=[ 0x50 0x5a ], rxAdvertisement=null } : 4 times.
04-21 00:07:39.000 15746 14980 I NearbyMediums: BleAdvertisement { version=2, socketVersion=2, isFast=true, serviceIdHash=null, data=[ 0x23 0x30 0x39 0x59 0x55 0x11 0x32 0x70 0x63 0x18 0x89 0x44 0xa9 0x57 0x71 0xc9 0x16 0x0c 0x4d 0x5d 0x27 0xd9 0xb9 ], deviceToken=[ 0xc4 0x05 ], rxAdvertisement=null } : 6 times.
04-21 00:07:39.000 15746 14980 I NearbyMediums: Total 10 fast advertisements from 2 unique advertisers.
04-21 00:07:39.000 15746 14980 I NearbyMediums: Current Tracked Scanning Clients are : {NearbyConnections.EnvironmentMonitor, NearbySharing, NearbyConnections.TxAdvertisement}
04-21 00:07:39.579 21077 21079 I pixel-thermal: Power data LPM_ACTIVE_RAILS_STEADY is under collecting
04-21 00:07:39.579 21077 21079 I pixel-thermal: ShutdownModePowerSteady data is under collecting
04-21 00:07:39.579 21077 21079 I pixel-thermal: Thermal sensor ShutdownModePowerSteady is under collecting
04-21 00:07:39.579 21077 21079 I pixel-thermal: thermalWatcherCallbackFunc: data under collecting for sensor: ShutdownModePowerSteady
04-21 00:07:39.581 21077 21079 I pixel-thermal: battery:27.8 raw data: battery:27800 
04-21 00:07:39.581 21077 21079 I pixel-thermal: Power data LPM_ACTIVE_RAILS_TRANS is under collecting
04-21 00:07:39.581 21077 21079 I pixel-thermal: ShutdownModePowerTrans data is under collecting
04-21 00:07:39.581 21077 21079 I pixel-thermal: Thermal sensor ShutdownModePowerTrans is under collecting
04-21 00:07:39.581 21077 21079 I pixel-thermal: thermalWatcherCallbackFunc: data under collecting for sensor: ShutdownModePowerTrans
04-21 00:07:39.582 21077 21079 I pixel-thermal: Power rails total power: 684.86 mW for 60020 ms
04-21 00:07:39.582 21077 21079 I pixel-thermal: Power rails [S6M_LLDO1: 44.79 mW] [S4M_VDD_CPUCL0: 45.50 mW] [S3M_VDD_CPUCL2: 1.93 mW] [S1M_VDD_MIF: 16.50 mW] [VSYS_PWR_MMWAVE: 0.04 mW] [S5M_VDD_INT: 14.62 mW] 
04-21 00:07:39.582 21077 21079 I pixel-thermal: Power rails [S9M_VDD_CPUCL1_M: 7.28 mW] [S2M_VDD_CPUCL1: 14.43 mW] [VSYS_PWR_CAMERA: 1.89 mW] [VSYS_PWR_DISPLAY: 349.51 mW] [L21S_VDD2L_MEM: 2.89 mW] [S8M_LLDO2: 50.24 mW] 
04-21 00:07:39.582 21077 21079 I pixel-thermal: Power rails [S3S_LLDO1: 34.25 mW] [VSYS_PWR_RFFE: 0.59 mW] [VSYS_PWR_WLAN_BT: 26.76 mW] [VSYS_PWR_MODEM: 18.20 mW] [L2S_PLL_MIPI_UFS: 17.59 mW] [S4S_VDD2H_MEM: 17.96 mW] 
04-21 00:07:39.582 21077 21079 I pixel-thermal: Power rails [S9S_VDD_AOC: 9.49 mW] [S2S_VDD_G3D: 1.49 mW] [S1S_VDD_CAM: 5.23 mW] [S7M_VDD_TPU: 0.00 mW] [L22S_UDFPS: 0.88 mW] [S5S_VDDQ_MEM: 2.80 mW] 
04-21 00:07:39.582 21077 21079 I pixel-thermal: CDEV log thermal-cpufreq-2 state:0 thermal-cpufreq-0 state:0 gxp-cooling state:0 tpu_cooling state:0 usbc-port state:0 chg_mdis state:0 thermal-cpufreq-1 state:0 thermal-gpufreq-0 state:0 thermal-uclamp-7 state:0 thermal-uclamp-4 state:0 thermal-uclamp-0 state:0 
04-21 00:07:39.634 15746 14929 I fpp     : Ranging Results Update: DeviceId=2003818520 Distance=19.952623149688797 (m) Type=BLE
04-21 00:07:40.125  1086  1904 D usf_sensor_hal: accelerometer: Enter Batch. Period = 10000000, latency = 2000000000.
04-21 00:07:40.127  1344  1344 D AOC     : A3:MSG: usf_sensor.cc, 2512: USF: Received reconfig sampling request for ICM45631 Accelerometer.
04-21 00:07:40.130  1344  1344 D AOC     : A3:MSG: icm456xy_device.cc, 443: USF: Device: type: 0, p/l: 10000000 ns/ 66666666 ns, O/WM/I: 100/2/50
04-21 00:07:40.131  1086  1904 D usf_sensor_hal: IMU temperature: Enter Batch. Period = 666667000, latency = 2000000000.
04-21 00:07:40.135  1344  1344 D AOC     : A3:MSG: usf_sensor.cc, 2512: USF: Received reconfig sampling request for ICM45631 Temperature.
04-21 00:07:40.137  1086  1947 I sensor-suez: Vendor atom [id = 100243] reported.
04-21 00:07:40.137  1086  1904 D usf_sensor_hal: ambient light: Enter Batch. Period = 100000000, latency = 0.
04-21 00:07:40.138  1086  1947 I sensor-suez: Vendor atom [id = 100243] reported.
04-21 00:07:40.143  1126  1126 I WifiHAL : Creating message to get link statistics; iface = 47
04-21 00:07:40.294  1126  5674 I WifiHAL : Getting cached scan results, iface handle = 0xb4000075c5edd690
04-21 00:07:40.294  1126  5674 E WifiHAL : Creating message to get cached scan results
04-21 00:07:40.307  1126  5674 I WifiHAL : In GetCachedScanResultsCommand::handleResponse
04-21 00:07:40.307  1126  5674 E libbinder.IPCThreadState: binder thread pool (1 threads) starved for 164 ms
04-21 00:07:40.376  1643  4139 D ConnectivityService: NetReassign [no changes] [c 1] [a 1] [i 5]
04-21 00:07:41.351 15001 15001 W libbinder.BackendUnifiedServiceManager: Thread Pool max thread count is 0. Cannot cache binder as linkToDeath cannot be implemented. serviceName: DockObserver
04-21 00:07:41.352 15001 15001 E libbinder.Parcel: Reading a NULL string not supported here.
04-21 00:07:41.352 15001 15001 W libbinder.BackendUnifiedServiceManager: Thread Pool max thread count is 0. Cannot cache binder as linkToDeath cannot be implemented. serviceName: SurfaceFlinger
04-21 00:07:41.353 15001 15001 W libbinder.BackendUnifiedServiceManager: Thread Pool max thread count is 0. Cannot cache binder as linkToDeath cannot be implemented. serviceName: SurfaceFlingerAIDL
04-21 00:07:41.354 15001 15001 W libbinder.BackendUnifiedServiceManager: Thread Pool max thread count is 0. Cannot cache binder as linkToDeath cannot be implemented. serviceName: accessibility
04-21 00:07:41.355 15001 15001 W libbinder.BackendUnifiedServiceManager: Thread Pool max thread count is 0. Cannot cache binder as linkToDeath cannot be implemented. serviceName: account
04-21 00:07:41.356 15001 15001 W libbinder.BackendUnifiedServiceManager: Thread Pool max thread count is 0. Cannot cache binder as linkToDeath cannot be implemented. serviceName: activity
04-21 00:07:41.357 15001 15001 W libbinder.BackendUnifiedServiceManager: Thread Pool max thread count is 0. Cannot cache binder as linkToDeath cannot be implemented. serviceName: activity_task
04-21 00:07:41.358 15001 15001 W libbinder.BackendUnifiedServiceManager: Thread Pool max thread count is 0. Cannot cache binder as linkToDeath cannot be implemented. serviceName: adb
04-21 00:07:41.359 15001 15001 W libbinder.BackendUnifiedServiceManager: Thread Pool max thread count is 0. Cannot cache binder as linkToDeath cannot be implemented. serviceName: adservices_manager
04-21 00:07:41.359 15001 15001 W libbinder.BackendUnifiedServiceManager: Thread Pool max thread count is 0. Cannot cache binder as linkToDeath cannot be implemented. serviceName: advanced_protection
04-21 00:07:41.360 15001 15001 W libbinder.BackendUnifiedServiceManager: Thread Pool max thread count is 0. Cannot cache binder as linkToDeath cannot be implemented. serviceName: alarm
04-21 00:07:41.361 15001 15001 W libbinder.BackendUnifiedServiceManager: Thread Pool max thread count is 0. Cannot cache binder as linkToDeath cannot be implemented. serviceName: ambient_context
04-21 00:07:41.364 15001 15001 W libbinder.BackendUnifiedServiceManager: Thread Pool max thread count is 0. Cannot cache binder as linkToDeath cannot be implemented. serviceName: android.frameworks.cameraservice.service.ICameraService/default
04-21 00:07:41.366 15001 15001 W libbinder.BackendUnifiedServiceManager: Thread Pool max thread count is 0. Cannot cache binder as linkToDeath cannot be implemented. serviceName: android.frameworks.devicestate.IDeviceStateService/default
04-21 00:07:41.368 15001 15001 W libbinder.BackendUnifiedServiceManager: Thread Pool max thread count is 0. Cannot cache binder as linkToDeath cannot be implemented. serviceName: android.frameworks.location.altitude.IAltitudeService/default
04-21 00:07:41.371 15001 15001 W libbinder.BackendUnifiedServiceManager: Thread Pool max thread count is 0. Cannot cache binder as linkToDeath cannot be implemented. serviceName: android.frameworks.sensorservice.ISensorManager/default
04-21 00:07:41.373 15001 15001 W libbinder.BackendUnifiedServiceManager: Thread Pool max thread count is 0. Cannot cache binder as linkToDeath cannot be implemented. serviceName: android.frameworks.stats.IStats/default
04-21 00:07:41.375 15001 15001 W libbinder.BackendUnifiedServiceManager: Thread Pool max thread count is 0. Cannot cache binder as linkToDeath cannot be implemented. serviceName: android.frameworks.vibrator.IVibratorControlService/default
04-21 00:07:41.376 15001 15001 W libbinder.BackendUnifiedServiceManager: Thread Pool max thread count is 0. Cannot cache binder as linkToDeath cannot be implemented. serviceName: android.hardware.audio.core.IConfig/default
04-21 00:07:41.374 15001 15001 W service : type=1400 audit(0.0:17722): avc:  denied  { call } for  scontext=u:r:shell:s0 tcontext=u:r:hal_audio_default:s0 tclass=binder permissive=0
04-21 00:07:41.374 15001 15001 W service : type=1400 audit(0.0:17723): avc:  denied  { call } for  scontext=u:r:shell:s0 tcontext=u:r:hal_audio_default:s0 tclass=binder permissive=0
04-21 00:07:41.377 15001 15001 W libbinder.BackendUnifiedServiceManager: Thread Pool max thread count is 0. Cannot cache binder as linkToDeath cannot be implemented. serviceName: android.hardware.audio.core.IModule/bluetooth
04-21 00:07:41.378 15001 15001 E libbinder.IPCThreadState: Binder transaction failure. id: 28154712, cmd: BR_FAILED_REPLY (29201), error: -1 (Operation not permitted)
04-21 00:07:41.378 15001 15001 W libbinder.BackendUnifiedServiceManager: Thread Pool max thread count is 0. Cannot cache binder as linkToDeath cannot be implemented. serviceName: android.hardware.audio.core.IModule/default
04-21 00:07:41.378 15001 15001 E libbinder.IPCThreadState: Binder transaction failure. id: 28154716, cmd: BR_FAILED_REPLY (29201), error: -1 (Operation not permitted)
04-21 00:07:41.379 15001 15001 W libbinder.BackendUnifiedServiceManager: Thread Pool max thread count is 0. Cannot cache binder as linkToDeath cannot be implemented. serviceName: android.hardware.audio.core.IModule/r_submix
04-21 00:07:41.379 15001 15001 E libbinder.IPCThreadState: Binder transaction failure. id: 28154720, cmd: BR_FAILED_REPLY (29201), error: -1 (Operation not permitted)
04-21 00:07:41.374 15001 15001 W service : type=1400 audit(0.0:17724): avc:  denied  { call } for  scontext=u:r:shell:s0 tcontext=u:r:hal_audio_default:s0 tclass=binder permissive=0
04-21 00:07:41.380 15001 15001 W libbinder.BackendUnifiedServiceManager: Thread Pool max thread count is 0. Cannot cache binder as linkToDeath cannot be implemented. serviceName: android.hardware.audio.effect.IFactory/default
04-21 00:07:41.380 15001 15001 E libbinder.IPCThreadState: Binder transaction failure. id: 28154724, cmd: BR_FAILED_REPLY (29201), error: -1 (Operation not permitted)
04-21 00:07:41.374 15001 15001 W service : type=1400 audit(0.0:17725): avc:  denied  { call } for  scontext=u:r:shell:s0 tcontext=u:r:hal_audio_default:s0 tclass=binder permissive=0
04-21 00:07:41.381 15001 15001 W libbinder.BackendUnifiedServiceManager: Thread Pool max thread count is 0. Cannot cache binder as linkToDeath cannot be implemented. serviceName: android.hardware.authsecret.IAuthSecret/default
04-21 00:07:41.381 15001 15001 E libbinder.IPCThreadState: Binder transaction failure. id: 28154728, cmd: BR_FAILED_REPLY (29201), error: -1 (Operation not permitted)
04-21 00:07:41.378 15001 15001 W service : type=1400 audit(0.0:17726): avc:  denied  { call } for  scontext=u:r:shell:s0 tcontext=u:r:hal_audio_default:s0 tclass=binder permissive=0
04-21 00:07:41.378 15001 15001 W service : type=1400 audit(0.0:17727): avc:  denied  { call } for  scontext=u:r:shell:s0 tcontext=u:r:hal_authsecret_citadel:s0 tclass=binder permissive=0
04-21 00:07:41.382 15001 15001 W libbinder.BackendUnifiedServiceManager: Thread Pool max thread count is 0. Cannot cache binder as linkToDeath cannot be implemented. serviceName: android.hardware.biometrics.face.IFace/default
04-21 00:07:41.382 15001 15001 E libbinder.IPCThreadState: Binder transaction failure. id: 28154732, cmd: BR_FAILED_REPLY (29201), error: -1 (Operation not permitted)
04-21 00:07:41.378 15001 15001 W service : type=1400 audit(0.0:17728): avc:  denied  { call } for  scontext=u:r:shell:s0 tcontext=u:r:hal_face_default:s0 tclass=binder permissive=0
04-21 00:07:41.383 15001 15001 W libbinder.BackendUnifiedServiceManager: Thread Pool max thread count is 0. Cannot cache binder as linkToDeath cannot be implemented. serviceName: android.hardware.biometrics.fingerprint.IFingerprint/default
04-21 00:07:41.383 15001 15001 E libbinder.IPCThreadState: Binder transaction failure. id: 28154736, cmd: BR_FAILED_REPLY (29201), error: -1 (Operation not permitted)
04-21 00:07:41.384 15001 15001 W libbinder.BackendUnifiedServiceManager: Thread Pool max thread count is 0. Cannot cache binder as linkToDeath cannot be implemented. serviceName: android.hardware.bluetooth.IBluetoothHci/default
04-21 00:07:41.384 15001 15001 E libbinder.IPCThreadState: Binder transaction failure. id: 28154740, cmd: BR_FAILED_REPLY (29201), error: -1 (Operation not permitted)
04-21 00:07:41.385 15001 15001 W libbinder.BackendUnifiedServiceManager: Thread Pool max thread count is 0. Cannot cache binder as linkToDeath cannot be implemented. serviceName: android.hardware.bluetooth.audio.IBluetoothAudioProviderFactory/default
04-21 00:07:41.386 15001 15001 E libbinder.IPCThreadState: Binder transaction failure. id: 28154744, cmd: BR_FAILED_REPLY (29201), error: -1 (Operation not permitted)
04-21 00:07:41.386 15001 15001 W libbinder.BackendUnifiedServiceManager: Thread Pool max thread count is 0. Cannot cache binder as linkToDeath cannot be implemented. serviceName: android.hardware.bluetooth.finder.IBluetoothFinder/default
04-21 00:07:41.386 15001 15001 E libbinder.IPCThreadState: Binder transaction failure. id: 28154749, cmd: BR_FAILED_REPLY (29201), error: -1 (Operation not permitted)
04-21 00:07:41.388 15001 15001 W libbinder.BackendUnifiedServiceManager: Thread Pool max thread count is 0. Cannot cache binder as linkToDeath cannot be implemented. serviceName: android.hardware.bluetooth.offload.leaudio.IHciProxy/default
04-21 00:07:41.388 15001 15001 E libbinder.IPCThreadState: Binder transaction failure. id: 28154754, cmd: BR_FAILED_REPLY (29201), error: -1 (Operation not permitted)
04-21 00:07:41.389 15001 15001 W libbinder.BackendUnifiedServiceManager: Thread Pool max thread count is 0. Cannot cache binder as linkToDeath cannot be implemented. serviceName: android.hardware.bluetooth.ranging.IBluetoothChannelSounding/default
04-21 00:07:41.389 15001 15001 E libbinder.IPCThreadState: Binder transaction failure. id: 28154758, cmd: BR_FAILED_REPLY (29201), error: -1 (Operation not permitted)
04-21 00:07:41.390 15001 15001 W libbinder.BackendUnifiedServiceManager: Thread Pool max thread count is 0. Cannot cache binder as linkToDeath cannot be implemented. serviceName: android.hardware.boot.IBootControl/default
04-21 00:07:41.390 15001 15001 E libbinder.IPCThreadState: Binder transaction failure. id: 28154762, cmd: BR_FAILED_REPLY (29201), error: -1 (Operation not permitted)
04-21 00:07:41.391 15001 15001 W libbinder.BackendUnifiedServiceManager: Thread Pool max thread count is 0. Cannot cache binder as linkToDeath cannot be implemented. serviceName: android.hardware.camera.provider.ICameraProvider/internal/0
04-21 00:07:41.391 15001 15001 E libbinder.IPCThreadState: Binder transaction failure. id: 28154766, cmd: BR_FAILED_REPLY (29201), error: -1 (Operation not permitted)
04-21 00:07:41.392 15001 15001 W libbinder.BackendUnifiedServiceManager: Thread Pool max thread count is 0. Cannot cache binder as linkToDeath cannot be implemented. serviceName: android.hardware.cas.IMediaCasService/default
04-21 00:07:41.396 15001 15001 W libbinder.BackendUnifiedServiceManager: Thread Pool max thread count is 0. Cannot cache binder as linkToDeath cannot be implemented. serviceName: android.hardware.contexthub.IContextHub/default
04-21 00:07:41.397 15001 15001 E libbinder.IPCThreadState: Binder transaction failure. id: 28154775, cmd: BR_FAILED_REPLY (29201), error: -1 (Operation not permitted)
04-21 00:07:41.397 15001 15001 W libbinder.BackendUnifiedServiceManager: Thread Pool max thread count is 0. Cannot cache binder as linkToDeath cannot be implemented. serviceName: android.hardware.drm.IDrmFactory/clearkey
04-21 00:07:41.399 15001 15001 W libbinder.BackendUnifiedServiceManager: Thread Pool max thread count is 0. Cannot cache binder as linkToDeath cannot be implemented. serviceName: android.hardware.drm.IDrmFactory/widevine
04-21 00:07:41.402 15001 15001 W libbinder.BackendUnifiedServiceManager: Thread Pool max thread count is 0. Cannot cache binder as linkToDeath cannot be implemented. serviceName: android.hardware.dumpstate.IDumpstateDevice/default
04-21 00:07:41.403 15001 15001 E libbinder.IPCThreadState: Binder transaction failure. id: 28154789, cmd: BR_FAILED_REPLY (29201), error: -1 (Operation not permitted)
04-21 00:07:41.404 15001 15001 W libbinder.BackendUnifiedServiceManager: Thread Pool max thread count is 0. Cannot cache binder as linkToDeath cannot be implemented. serviceName: android.hardware.gatekeeper.IGatekeeper/default
04-21 00:07:41.404 15001 15001 E libbinder.IPCThreadState: Binder transaction failure. id: 28154793, cmd: BR_FAILED_REPLY (29201), error: -1 (Operation not permitted)
04-21 00:07:41.405 15001 15001 W libbinder.BackendUnifiedServiceManager: Thread Pool max thread count is 0. Cannot cache binder as linkToDeath cannot be implemented. serviceName: android.hardware.gnss.IGnss/default
04-21 00:07:41.405 15001 15001 E libbinder.IPCThreadState: Binder transaction failure. id: 28154797, cmd: BR_FAILED_REPLY (29201), error: -1 (Operation not permitted)
04-21 00:07:41.406 15001 15001 W libbinder.BackendUnifiedServiceManager: Thread Pool max thread count is 0. Cannot cache binder as linkToDeath cannot be implemented. serviceName: android.hardware.gnss.IGnss/vendor
04-21 00:07:41.406 15001 15001 E libbinder.IPCThreadState: Binder transaction failure. id: 28154801, cmd: BR_FAILED_REPLY (29201), error: -1 (Operation not permitted)
04-21 00:07:41.407 15001 15001 W libbinder.BackendUnifiedServiceManager: Thread Pool max thread count is 0. Cannot cache binder as linkToDeath cannot be implemented. serviceName: android.hardware.graphics.allocator.IAllocator/default
04-21 00:07:41.408 15001 15001 W libbinder.BackendUnifiedServiceManager: Thread Pool max thread count is 0. Cannot cache binder as linkToDeath cannot be implemented. serviceName: android.hardware.graphics.composer3.IComposer/default
04-21 00:07:41.409 15001 15001 E libbinder.IPCThreadState: Binder transaction failure. id: 28154810, cmd: BR_FAILED_REPLY (29201), error: -1 (Operation not permitted)
04-21 00:07:41.410 15001 15001 W libbinder.BackendUnifiedServiceManager: Thread Pool max thread count is 0. Cannot cache binder as linkToDeath cannot be implemented. serviceName: android.hardware.health.IHealth/default
04-21 00:07:41.410 15001 15001 E libbinder.IPCThreadState: Binder transaction failure. id: 28154814, cmd: BR_FAILED_REPLY (29201), error: -1 (Operation not permitted)
04-21 00:07:41.411 15001 15001 W libbinder.BackendUnifiedServiceManager: Thread Pool max thread count is 0. Cannot cache binder as linkToDeath cannot be implemented. serviceName: android.hardware.media.c2.IComponentStore/default
04-21 00:07:41.413 15001 15001 W libbinder.BackendUnifiedServiceManager: Thread Pool max thread count is 0. Cannot cache binder as linkToDeath cannot be implemented. serviceName: android.hardware.media.c2.IComponentStore/default1
04-21 00:07:41.416 15001 15001 W libbinder.BackendUnifiedServiceManager: Thread Pool max thread count is 0. Cannot cache binder as linkToDeath cannot be implemented. serviceName: android.hardware.media.c2.IComponentStore/default9
04-21 00:07:41.418 15001 15001 W libbinder.BackendUnifiedServiceManager: Thread Pool max thread count is 0. Cannot cache binder as linkToDeath cannot be implemented. serviceName: android.hardware.media.c2.IComponentStore/software
04-21 00:07:41.420 15001 15001 W libbinder.BackendUnifiedServiceManager: Thread Pool max thread count is 0. Cannot cache binder as linkToDeath cannot be implemented. serviceName: android.hardware.memtrack.IMemtrack/default
04-21 00:07:41.420 15001 15001 E libbinder.IPCThreadState: Binder transaction failure. id: 28154838, cmd: BR_FAILED_REPLY (29201), error: -1 (Operation not permitted)
04-21 00:07:41.421 15001 15001 W libbinder.BackendUnifiedServiceManager: Thread Pool max thread count is 0. Cannot cache binder as linkToDeath cannot be implemented. serviceName: android.hardware.neuralnetworks.IDevice/google-edgetpu
04-21 00:07:41.425 15001 15001 W libbinder.BackendUnifiedServiceManager: Thread Pool max thread count is 0. Cannot cache binder as linkToDeath cannot be implemented. serviceName: android.hardware.nfc.INfc/default
04-21 00:07:41.425 15001 15001 E libbinder.IPCThreadState: Binder transaction failure. id: 28154847, cmd: BR_FAILED_REPLY (29201), error: -1 (Operation not permitted)
04-21 00:07:41.426 15001 15001 W libbinder.BackendUnifiedServiceManager: Thread Pool max thread count is 0. Cannot cache binder as linkToDeath cannot be implemented. serviceName: android.hardware.oemlock.IOemLock/default
04-21 00:07:41.426 15001 15001 E libbinder.IPCThreadState: Binder transaction failure. id: 28154851, cmd: BR_FAILED_REPLY (29201), error: -1 (Operation not permitted)
04-21 00:07:41.427 15001 15001 W libbinder.BackendUnifiedServiceManager: Thread Pool max thread count is 0. Cannot cache binder as linkToDeath cannot be implemented. serviceName: android.hardware.power.IPower/default
04-21 00:07:41.427 15001 15001 E libbinder.IPCThreadState: Binder transaction failure. id: 28154855, cmd: BR_FAILED_REPLY (29201), error: -1 (Operation not permitted)
04-21 00:07:41.428 15001 15001 W libbinder.BackendUnifiedServiceManager: Thread Pool max thread count is 0. Cannot cache binder as linkToDeath cannot be implemented. serviceName: android.hardware.power.stats.IPowerStats/default
04-21 00:07:41.428 15001 15001 E libbinder.IPCThreadState: Binder transaction failure. id: 28154859, cmd: BR_FAILED_REPLY (29201), error: -1 (Operation not permitted)
04-21 00:07:41.429 15001 15001 W libbinder.BackendUnifiedServiceManager: Thread Pool max thread count is 0. Cannot cache binder as linkToDeath cannot be implemented. serviceName: android.hardware.radio.config.IRadioConfig/default
04-21 00:07:41.430 15001 15001 E libbinder.IPCThreadState: Binder transaction failure. id: 28154863, cmd: BR_FAILED_REPLY (29201), error: -1 (Operation not permitted)
04-21 00:07:41.431 15001 15001 W libbinder.BackendUnifiedServiceManager: Thread Pool max thread count is 0. Cannot cache binder as linkToDeath cannot be implemented. serviceName: android.hardware.radio.data.IRadioData/slot1
04-21 00:07:41.431 15001 15001 E libbinder.IPCThreadState: Binder transaction failure. id: 28154867, cmd: BR_FAILED_REPLY (29201), error: -1 (Operation not permitted)
04-21 00:07:41.432 15001 15001 W libbinder.BackendUnifiedServiceManager: Thread Pool max thread count is 0. Cannot cache binder as linkToDeath cannot be implemented. serviceName: android.hardware.radio.data.IRadioData/slot2
04-21 00:07:41.432 15001 15001 E libbinder.IPCThreadState: Binder transaction failure. id: 28154871, cmd: BR_FAILED_REPLY (29201), error: -1 (Operation not permitted)
04-21 00:07:41.433 15001 15001 W libbinder.BackendUnifiedServiceManager: Thread Pool max thread count is 0. Cannot cache binder as linkToDeath cannot be implemented. serviceName: android.hardware.radio.messaging.IRadioMessaging/slot1
04-21 00:07:41.433 15001 15001 E libbinder.IPCThreadState: Binder transaction failure. id: 28154875, cmd: BR_FAILED_REPLY (29201), error: -1 (Operation not permitted)
04-21 00:07:41.434 15001 15001 W libbinder.BackendUnifiedServiceManager: Thread Pool max thread count is 0. Cannot cache binder as linkToDeath cannot be implemented. serviceName: android.hardware.radio.messaging.IRadioMessaging/slot2
04-21 00:07:41.434 15001 15001 E libbinder.IPCThreadState: Binder transaction failure. id: 28154879, cmd: BR_FAILED_REPLY (29201), error: -1 (Operation not permitted)
04-21 00:07:41.435 15001 15001 W libbinder.BackendUnifiedServiceManager: Thread Pool max thread count is 0. Cannot cache binder as linkToDeath cannot be implemented. serviceName: android.hardware.radio.modem.IRadioModem/slot1
04-21 00:07:41.435 15001 15001 E libbinder.IPCThreadState: Binder transaction failure. id: 28154883, cmd: BR_FAILED_REPLY (29201), error: -1 (Operation not permitted)
04-21 00:07:41.436 15001 15001 W libbinder.BackendUnifiedServiceManager: Thread Pool max thread count is 0. Cannot cache binder as linkToDeath cannot be implemented. serviceName: android.hardware.radio.modem.IRadioModem/slot2
04-21 00:07:41.436 15001 15001 E libbinder.IPCThreadState: Binder transaction failure. id: 28154887, cmd: BR_FAILED_REPLY (29201), error: -1 (Operation not permitted)
04-21 00:07:41.437 15001 15001 W libbinder.BackendUnifiedServiceManager: Thread Pool max thread count is 0. Cannot cache binder as linkToDeath cannot be implemented. serviceName: android.hardware.radio.network.IRadioNetwork/slot1
04-21 00:07:41.437 15001 15001 E libbinder.IPCThreadState: Binder transaction failure. id: 28154892, cmd: BR_FAILED_REPLY (29201), error: -1 (Operation not permitted)
04-21 00:07:41.438 15001 15001 W libbinder.BackendUnifiedServiceManager: Thread Pool max thread count is 0. Cannot cache binder as linkToDeath cannot be implemented. serviceName: android.hardware.radio.network.IRadioNetwork/slot2
04-21 00:07:41.439 15001 15001 E libbinder.IPCThreadState: Binder transaction failure. id: 28154897, cmd: BR_FAILED_REPLY (29201), error: -1 (Operation not permitted)
04-21 00:07:41.440 15001 15001 W libbinder.BackendUnifiedServiceManager: Thread Pool max thread count is 0. Cannot cache binder as linkToDeath cannot be implemented. serviceName: android.hardware.radio.sap.ISap/slot1
04-21 00:07:41.440 15001 15001 E libbinder.IPCThreadState: Binder transaction failure. id: 28154901, cmd: BR_FAILED_REPLY (29201), error: -1 (Operation not permitted)
04-21 00:07:41.441 15001 15001 W libbinder.BackendUnifiedServiceManager: Thread Pool max thread count is 0. Cannot cache binder as linkToDeath cannot be implemented. serviceName: android.hardware.radio.sap.ISap/slot2
04-21 00:07:41.441 15001 15001 E libbinder.IPCThreadState: Binder transaction failure. id: 28154905, cmd: BR_FAILED_REPLY (29201), error: -1 (Operation not permitted)
04-21 00:07:41.442 15001 15001 W libbinder.BackendUnifiedServiceManager: Thread Pool max thread count is 0. Cannot cache binder as linkToDeath cannot be implemented. serviceName: android.hardware.radio.sim.IRadioSim/slot1
04-21 00:07:41.442 15001 15001 E libbinder.IPCThreadState: Binder transaction failure. id: 28154909, cmd: BR_FAILED_REPLY (29201), error: -1 (Operation not permitted)
04-21 00:07:41.443 15001 15001 W libbinder.BackendUnifiedServiceManager: Thread Pool max thread count is 0. Cannot cache binder as linkToDeath cannot be implemented. serviceName: android.hardware.radio.sim.IRadioSim/slot2
04-21 00:07:41.443 15001 15001 E libbinder.IPCThreadState: Binder transaction failure. id: 28154913, cmd: BR_FAILED_REPLY (29201), error: -1 (Operation not permitted)
04-21 00:07:41.444 15001 15001 W libbinder.BackendUnifiedServiceManager: Thread Pool max thread count is 0. Cannot cache binder as linkToDeath cannot be implemented. serviceName: android.hardware.radio.voice.IRadioVoice/slot1
04-21 00:07:41.444 15001 15001 E libbinder.IPCThreadState: Binder transaction failure. id: 28154917, cmd: BR_FAILED_REPLY (29201), error: -1 (Operation not permitted)
04-21 00:07:41.445 15001 15001 W libbinder.BackendUnifiedServiceManager: Thread Pool max thread count is 0. Cannot cache binder as linkToDeath cannot be implemented. serviceName: android.hardware.radio.voice.IRadioVoice/slot2
04-21 00:07:41.446 15001 15001 E libbinder.IPCThreadState: Binder transaction failure. id: 28154921, cmd: BR_FAILED_REPLY (29201), error: -1 (Operation not permitted)
04-21 00:07:41.447 15001 15001 W libbinder.BackendUnifiedServiceManager: Thread Pool max thread count is 0. Cannot cache binder as linkToDeath cannot be implemented. serviceName: android.hardware.secure_element.ISecureElement/SIM1
04-21 00:07:41.447 15001 15001 E libbinder.IPCThreadState: Binder transaction failure. id: 28154925, cmd: BR_FAILED_REPLY (29201), error: -1 (Operation not permitted)
04-21 00:07:41.448 15001 15001 W libbinder.BackendUnifiedServiceManager: Thread Pool max thread count is 0. Cannot cache binder as linkToDeath cannot be implemented. serviceName: android.hardware.secure_element.ISecureElement/SIM2
04-21 00:07:41.448 15001 15001 E libbinder.IPCThreadState: Binder transaction failure. id: 28154929, cmd: BR_FAILED_REPLY (29201), error: -1 (Operation not permitted)
04-21 00:07:41.449 15001 15001 W libbinder.BackendUnifiedServiceManager: Thread Pool max thread count is 0. Cannot cache binder as linkToDeath cannot be implemented. serviceName: android.hardware.secure_element.ISecureElement/eSE1
04-21 00:07:41.450 15001 15001 E libbinder.IPCThreadState: Binder transaction failure. id: 28154933, cmd: BR_FAILED_REPLY (29201), error: -1 (Operation not permitted)
04-21 00:07:41.452 15001 15001 W libbinder.BackendUnifiedServiceManager: Thread Pool max thread count is 0. Cannot cache binder as linkToDeath cannot be implemented. serviceName: android.hardware.security.keymint.IRemotelyProvisionedComponent/default
04-21 00:07:41.454 15001 15001 W libbinder.BackendUnifiedServiceManager: Thread Pool max thread count is 0. Cannot cache binder as linkToDeath cannot be implemented. serviceName: android.hardware.security.keymint.IRemotelyProvisionedComponent/strongbox
04-21 00:07:41.456 15001 15001 W libbinder.BackendUnifiedServiceManager: Thread Pool max thread count is 0. Cannot cache binder as linkToDeath cannot be implemented. serviceName: android.hardware.security.secretkeeper.ISecretkeeper/default
04-21 00:07:41.456 15001 15001 E libbinder.IPCThreadState: Binder transaction failure. id: 28154951, cmd: BR_FAILED_REPLY (29201), error: -1 (Operation not permitted)
04-21 00:07:41.462 15001 15001 W libbinder.BackendUnifiedServiceManager: Thread Pool max thread count is 0. Cannot cache binder as linkToDeath cannot be implemented. serviceName: android.hardware.sensors.ISensors/default
04-21 00:07:41.462 15001 15001 E libbinder.IPCThreadState: Binder transaction failure. id: 28154961, cmd: BR_FAILED_REPLY (29201), error: -1 (Operation not permitted)
04-21 00:07:41.463 15001 15001 W libbinder.BackendUnifiedServiceManager: Thread Pool max thread count is 0. Cannot cache binder as linkToDeath cannot be implemented. serviceName: android.hardware.soundtrigger3.ISoundTriggerHw/default
04-21 00:07:41.464 15001 15001 E libbinder.IPCThreadState: Binder transaction failure. id: 28154965, cmd: BR_FAILED_REPLY (29201), error: -1 (Operation not permitted)
04-21 00:07:41.465 15001 15001 W libbinder.BackendUnifiedServiceManager: Thread Pool max thread count is 0. Cannot cache binder as linkToDeath cannot be implemented. serviceName: android.hardware.thermal.IThermal/default
04-21 00:07:41.465 15001 15001 E libbinder.IPCThreadState: Binder transaction failure. id: 28154969, cmd: BR_FAILED_REPLY (29201), error: -1 (Operation not permitted)
04-21 00:07:41.467 15001 15001 W libbinder.BackendUnifiedServiceManager: Thread Pool max thread count is 0. Cannot cache binder as linkToDeath cannot be implemented. serviceName: android.hardware.usb.IUsb/default
04-21 00:07:41.467 15001 15001 E libbinder.IPCThreadState: Binder transaction failure. id: 28154973, cmd: BR_FAILED_REPLY (29201), error: -1 (Operation not permitted)
04-21 00:07:41.468 15001 15001 W libbinder.BackendUnifiedServiceManager: Thread Pool max thread count is 0. Cannot cache binder as linkToDeath cannot be implemented. serviceName: android.hardware.usb.gadget.IUsbGadget/default
04-21 00:07:41.469 15001 15001 E libbinder.IPCThreadState: Binder transaction failure. id: 28154977, cmd: BR_FAILED_REPLY (29201), error: -1 (Operation not permitted)
04-21 00:07:41.470 15001 15001 W libbinder.BackendUnifiedServiceManager: Thread Pool max thread count is 0. Cannot cache binder as linkToDeath cannot be implemented. serviceName: android.hardware.uwb.IUwb/default
04-21 00:07:41.470 15001 15001 E libbinder.IPCThreadState: Binder transaction failure. id: 28154981, cmd: BR_FAILED_REPLY (29201), error: -1 (Operation not permitted)
04-21 00:07:41.471 15001 15001 W libbinder.BackendUnifiedServiceManager: Thread Pool max thread count is 0. Cannot cache binder as linkToDeath cannot be implemented. serviceName: android.hardware.vibrator.IVibrator/default
04-21 00:07:41.471 15001 15001 E libbinder.IPCThreadState: Binder transaction failure. id: 28154985, cmd: BR_FAILED_REPLY (29201), error: -1 (Operation not permitted)
04-21 00:07:41.472 15001 15001 W libbinder.BackendUnifiedServiceManager: Thread Pool max thread count is 0. Cannot cache binder as linkToDeath cannot be implemented. serviceName: android.hardware.weaver.IWeaver/default
04-21 00:07:41.472 15001 15001 E libbinder.IPCThreadState: Binder transaction failure. id: 28154989, cmd: BR_FAILED_REPLY (29201), error: -1 (Operation not permitted)
04-21 00:07:41.473 15001 15001 W libbinder.BackendUnifiedServiceManager: Thread Pool max thread count is 0. Cannot cache binder as linkToDeath cannot be implemented. serviceName: android.hardware.wifi.IWifi/default
04-21 00:07:41.473 15001 15001 E libbinder.IPCThreadState: Binder transaction failure. id: 28154993, cmd: BR_FAILED_REPLY (29201), error: -1 (Operation not permitted)
04-21 00:07:41.474 15001 15001 W libbinder.BackendUnifiedServiceManager: Thread Pool max thread count is 0. Cannot cache binder as linkToDeath cannot be implemented. serviceName: android.hardware.wifi.supplicant.ISupplicant/default
04-21 00:07:41.475 15001 15001 E libbinder.IPCThreadState: Binder transaction failure. id: 28154997, cmd: BR_FAILED_REPLY (29201), error: -1 (Operation not permitted)
04-21 00:07:41.476 15001 15001 W libbinder.BackendUnifiedServiceManager: Thread Pool max thread count is 0. Cannot cache binder as linkToDeath cannot be implemented. serviceName: android.media.audio.IHalAdapterVendorExtension/default
04-21 00:07:41.478 15001 15001 W libbinder.BackendUnifiedServiceManager: Thread Pool max thread count is 0. Cannot cache binder as linkToDeath cannot be implemented. serviceName: android.os.UpdateEngineService
04-21 00:07:41.478 15001 15001 E libbinder.IPCThreadState: Binder transaction failure. id: 28155006, cmd: BR_FAILED_REPLY (29201), error: -1 (Operation not permitted)
04-21 00:07:41.479 15001 15001 W libbinder.BackendUnifiedServiceManager: Thread Pool max thread count is 0. Cannot cache binder as linkToDeath cannot be implemented. serviceName: android.os.UpdateEngineStableService
04-21 00:07:41.479 15001 15001 E libbinder.IPCThreadState: Binder transaction failure. id: 28155010, cmd: BR_FAILED_REPLY (29201), error: -1 (Operation not permitted)
04-21 00:07:41.479 15001 15001 W libbinder.BackendUnifiedServiceManager: Thread Pool max thread count is 0. Cannot cache binder as linkToDeath cannot be implemented. serviceName: android.security.apc
04-21 00:07:41.481 15001 15001 W libbinder.BackendUnifiedServiceManager: Thread Pool max thread count is 0. Cannot cache binder as linkToDeath cannot be implemented. serviceName: android.security.authorization
04-21 00:07:41.482 15001 15001 W libbinder.BackendUnifiedServiceManager: Thread Pool max thread count is 0. Cannot cache binder as linkToDeath cannot be implemented. serviceName: android.security.identity
04-21 00:07:41.490 15001 15001 W libbinder.BackendUnifiedServiceManager: Thread Pool max thread count is 0. Cannot cache binder as linkToDeath cannot be implemented. serviceName: android.security.legacykeystore
04-21 00:07:41.490 15001 15001 W libbinder.BackendUnifiedServiceManager: Thread Pool max thread count is 0. Cannot cache binder as linkToDeath cannot be implemented. serviceName: android.security.maintenance
04-21 00:07:41.491 15001 15001 W libbinder.BackendUnifiedServiceManager: Thread Pool max thread count is 0. Cannot cache binder as linkToDeath cannot be implemented. serviceName: android.security.metrics
04-21 00:07:41.492 15001 15001 W libbinder.BackendUnifiedServiceManager: Thread Pool max thread count is 0. Cannot cache binder as linkToDeath cannot be implemented. serviceName: android.system.keystore2.IKeystoreService/default
04-21 00:07:41.493 15001 15001 W libbinder.BackendUnifiedServiceManager: Thread Pool max thread count is 0. Cannot cache binder as linkToDeath cannot be implemented. serviceName: android.system.net.netd.INetd/default
04-21 00:07:41.493 15001 15001 E libbinder.IPCThreadState: Binder transaction failure. id: 28155053, cmd: BR_FAILED_REPLY (29201), error: -1 (Operation not permitted)
04-21 00:07:41.493 15001 15001 W libbinder.BackendUnifiedServiceManager: Thread Pool max thread count is 0. Cannot cache binder as linkToDeath cannot be implemented. serviceName: android.system.suspend.ISystemSuspend/default
04-21 00:07:41.493 15001 15001 E libbinder.IPCThreadState: Binder transaction failure. id: 28155057, cmd: BR_FAILED_REPLY (29201), error: -1 (Operation not permitted)
04-21 00:07:41.494 15001 15001 W libbinder.BackendUnifiedServiceManager: Thread Pool max thread count is 0. Cannot cache binder as linkToDeath cannot be implemented. serviceName: android.system.vmtethering.IVmTethering
04-21 00:07:41.495 15001 15001 W libbinder.BackendUnifiedServiceManager: Thread Pool max thread count is 0. Cannot cache binder as linkToDeath cannot be implemented. serviceName: android.system.vold.IVold/default
04-21 00:07:41.495 15001 15001 E libbinder.IPCThreadState: Binder transaction failure. id: 28155066, cmd: BR_FAILED_REPLY (29201), error: -1 (Operation not permitted)
04-21 00:07:41.495 15001 15001 W libbinder.BackendUnifiedServiceManager: Thread Pool max thread count is 0. Cannot cache binder as linkToDeath cannot be implemented. serviceName: aocx.IAocx/default
04-21 00:07:41.495 15001 15001 E libbinder.IPCThreadState: Binder transaction failure. id: 28155070, cmd: BR_FAILED_REPLY (29201), error: -1 (Operation not permitted)
04-21 00:07:41.496 15001 15001 W libbinder.BackendUnifiedServiceManager: Thread Pool max thread count is 0. Cannot cache binder as linkToDeath cannot be implemented. serviceName: app_binding
04-21 00:07:41.496 15001 15001 E libbinder.Parcel: Reading a NULL string not supported here.
04-21 00:07:41.497 15001 15001 W libbinder.BackendUnifiedServiceManager: Thread Pool max thread count is 0. Cannot cache binder as linkToDeath cannot be implemented. serviceName: app_function
04-21 00:07:41.498 15001 15001 W libbinder.BackendUnifiedServiceManager: Thread Pool max thread count is 0. Cannot cache binder as linkToDeath cannot be implemented. serviceName: app_hibernation
04-21 00:07:41.498 15001 15001 W libbinder.BackendUnifiedServiceManager: Thread Pool max thread count is 0. Cannot cache binder as linkToDeath cannot be implemented. serviceName: app_integrity
04-21 00:07:41.499 15001 15001 W libbinder.BackendUnifiedServiceManager: Thread Pool max thread count is 0. Cannot cache binder as linkToDeath cannot be implemented. serviceName: app_prediction
04-21 00:07:41.500 15001 15001 W libbinder.BackendUnifiedServiceManager: Thread Pool max thread count is 0. Cannot cache binder as linkToDeath cannot be implemented. serviceName: app_search
04-21 00:07:41.501 15001 15001 W libbinder.BackendUnifiedServiceManager: Thread Pool max thread count is 0. Cannot cache binder as linkToDeath cannot be implemented. serviceName: appops
04-21 00:07:41.501 15001 15001 W libbinder.BackendUnifiedServiceManager: Thread Pool max thread count is 0. Cannot cache binder as linkToDeath cannot be implemented. serviceName: appwidget
04-21 00:07:41.502 15001 15001 W libbinder.BackendUnifiedServiceManager: Thread Pool max thread count is 0. Cannot cache binder as linkToDeath cannot be implemented. serviceName: attention
04-21 00:07:41.502 15001 15001 E libbinder.Parcel: Reading a NULL string not supported here.
04-21 00:07:41.503 15001 15001 W libbinder.BackendUnifiedServiceManager: Thread Pool max thread count is 0. Cannot cache binder as linkToDeath cannot be implemented. serviceName: attestation_verification
04-21 00:07:41.504 15001 15001 W libbinder.BackendUnifiedServiceManager: Thread Pool max thread count is 0. Cannot cache binder as linkToDeath cannot be implemented. serviceName: audio
04-21 00:07:41.505 15001 15001 W libbinder.BackendUnifiedServiceManager: Thread Pool max thread count is 0. Cannot cache binder as linkToDeath cannot be implemented. serviceName: auth
04-21 00:07:41.505 15001 15001 W libbinder.BackendUnifiedServiceManager: Thread Pool max thread count is 0. Cannot cache binder as linkToDeath cannot be implemented. serviceName: authentication_policy
04-21 00:07:41.506 15001 15001 W libbinder.BackendUnifiedServiceManager: Thread Pool max thread count is 0. Cannot cache binder as linkToDeath cannot be implemented. serviceName: autofill
04-21 00:07:41.507 15001 15001 W libbinder.BackendUnifiedServiceManager: Thread Pool max thread count is 0. Cannot cache binder as linkToDeath cannot be implemented. serviceName: background_install_control
04-21 00:07:41.508 15001 15001 W libbinder.BackendUnifiedServiceManager: Thread Pool max thread count is 0. Cannot cache binder as linkToDeath cannot be implemented. serviceName: backup
04-21 00:07:41.508 15001 15001 W libbinder.BackendUnifiedServiceManager: Thread Pool max thread count is 0. Cannot cache binder as linkToDeath cannot be implemented. serviceName: battery
04-21 00:07:41.509 15001 15001 E libbinder.Parcel: Reading a NULL string not supported here.
04-21 00:07:41.509 15001 15001 W libbinder.BackendUnifiedServiceManager: Thread Pool max thread count is 0. Cannot cache binder as linkToDeath cannot be implemented. serviceName: batteryproperties
04-21 00:07:41.510 15001 15001 W libbinder.BackendUnifiedServiceManager: Thread Pool max thread count is 0. Cannot cache binder as linkToDeath cannot be implemented. serviceName: batterystats
04-21 00:07:41.511 15001 15001 W libbinder.BackendUnifiedServiceManager: Thread Pool max thread count is 0. Cannot cache binder as linkToDeath cannot be implemented. serviceName: binder_calls_stats
04-21 00:07:41.511 15001 15001 E libbinder.Parcel: Reading a NULL string not supported here.
04-21 00:07:41.511 15001 15001 W libbinder.BackendUnifiedServiceManager: Thread Pool max thread count is 0. Cannot cache binder as linkToDeath cannot be implemented. serviceName: binder_stats_consumer
04-21 00:07:41.512 15001 15001 W libbinder.BackendUnifiedServiceManager: Thread Pool max thread count is 0. Cannot cache binder as linkToDeath cannot be implemented. serviceName: biometric
04-21 00:07:41.513 15001 15001 W libbinder.BackendUnifiedServiceManager: Thread Pool max thread count is 0. Cannot cache binder as linkToDeath cannot be implemented. serviceName: blob_store
