04-21 00:10:39.646  1643  4139 D InetDiagMessage: Destroyed 0 sockets, proto=IPPROTO_TCP, family=AF_INET, states=14
04-21 00:10:39.650  1643  4139 D InetDiagMessage: Destroyed 0 sockets, proto=IPPROTO_TCP, family=AF_INET6, states=14
04-21 00:10:39.650  1643  4139 D InetDiagMessage: Destroyed live tcp sockets for uids={10134} in 8ms
04-21 00:10:39.690 21077 21079 I pixel-thermal: Power data LPM_ACTIVE_RAILS_STEADY is under collecting
04-21 00:10:39.690 21077 21079 I pixel-thermal: ShutdownModePowerSteady data is under collecting
04-21 00:10:39.690 21077 21079 I pixel-thermal: Thermal sensor ShutdownModePowerSteady is under collecting
04-21 00:10:39.690 21077 21079 I pixel-thermal: thermalWatcherCallbackFunc: data under collecting for sensor: ShutdownModePowerSteady
04-21 00:10:39.691 21077 21079 I pixel-thermal: battery:28.1 raw data: battery:28100 
04-21 00:10:39.691 21077 21079 I pixel-thermal: Power data LPM_ACTIVE_RAILS_TRANS is under collecting
04-21 00:10:39.691 21077 21079 I pixel-thermal: ShutdownModePowerTrans data is under collecting
04-21 00:10:39.691 21077 21079 I pixel-thermal: Thermal sensor ShutdownModePowerTrans is under collecting
04-21 00:10:39.691 21077 21079 I pixel-thermal: thermalWatcherCallbackFunc: data under collecting for sensor: ShutdownModePowerTrans
04-21 00:10:39.692 21077 21079 I pixel-thermal: Power rails total power: 735.61 mW for 60020 ms
04-21 00:10:39.692 21077 21079 I pixel-thermal: Power rails [S6M_LLDO1: 52.99 mW] [S4M_VDD_CPUCL0: 101.75 mW] [S3M_VDD_CPUCL2: 114.98 mW] [S1M_VDD_MIF: 31.43 mW] [VSYS_PWR_MMWAVE: 0.04 mW] [S5M_VDD_INT: 16.94 mW] 
04-21 00:10:39.692 21077 21079 I pixel-thermal: Power rails [S9M_VDD_CPUCL1_M: 10.55 mW] [S2M_VDD_CPUCL1: 64.27 mW] [VSYS_PWR_CAMERA: 2.11 mW] [VSYS_PWR_DISPLAY: 108.99 mW] [L21S_VDD2L_MEM: 3.93 mW] [S8M_LLDO2: 51.53 mW] 
04-21 00:10:39.692 21077 21079 I pixel-thermal: Power rails [S3S_LLDO1: 42.70 mW] [VSYS_PWR_RFFE: 0.54 mW] [VSYS_PWR_WLAN_BT: 37.01 mW] [VSYS_PWR_MODEM: 20.60 mW] [L2S_PLL_MIPI_UFS: 23.45 mW] [S4S_VDD2H_MEM: 27.45 mW] 
04-21 00:10:39.692 21077 21079 I pixel-thermal: Power rails [S9S_VDD_AOC: 9.41 mW] [S2S_VDD_G3D: 2.98 mW] [S1S_VDD_CAM: 6.29 mW] [S7M_VDD_TPU: 0.00 mW] [L22S_UDFPS: 0.89 mW] [S5S_VDDQ_MEM: 4.76 mW] 
04-21 00:10:39.692 21077 21079 I pixel-thermal: CDEV log thermal-cpufreq-2 state:0 thermal-cpufreq-0 state:0 gxp-cooling state:0 tpu_cooling state:0 usbc-port state:0 chg_mdis state:0 thermal-cpufreq-1 state:0 thermal-gpufreq-0 state:0 thermal-uclamp-7 state:0 thermal-uclamp-4 state:0 thermal-uclamp-0 state:0 
04-21 00:10:39.722 15746 16075 I fpp     : Ranging Results Update: DeviceId=2003818520 Distance=11.220184543019636 (m) Type=BLE
04-21 00:10:39.723 15746 16075 I fpp     : Proximity state event detected: device=2003818520, distance(m)=11.22, state=LONG_RANGE, prevState=Unknown/Expired, distance history=[]
04-21 00:10:39.902 29640 29640 D TaskbarManager: dispatchTouchEvent:  displayId=0 isDefaultDisplay=true
04-21 00:10:40.061  1344  1344 D AOC     : A3:MSG: tmd3733_device.cc, 2483: USF: TMD3733: ALS channel zero-count entered 391 ms ago.
04-21 00:10:40.214 16311 16311 D InsetsController: show(ime())
04-21 00:10:40.215 16311 16311 I ImeTracker: com.adamoutler.ssh:7b3b14c: onRequestShow at ORIGIN_CLIENT reason SHOW_SOFT_INPUT_BY_INSETS_API fromUser false userId 0 displayId 0
04-21 00:10:40.216 16311 16311 D InsetsController: Setting requestedVisibleTypes to 511 (was 503)
04-21 00:10:40.230  5705 16102 I edka    : (REDACTED) appOpsListener %s %s
04-21 00:10:40.230  1643  4189 D BackgroundInstallControlService: Package event received: 0
04-21 00:10:40.230  5705 16102 I edka    : (REDACTED) Ignoring irrelevant audio permission changes for package %s
04-21 00:10:40.231  1643  4189 D BackgroundInstallControlService: Package event received: 0
04-21 00:10:40.235 22674 22674 I HandwritingOfflineSuperpacks: HandwritingOfflineSuperpacks.syncInternal():80 no bundled lm for handwriting.
04-21 00:10:40.238 22674 15625 E HandwritingSuperpacksUtil: HandwritingSuperpacksUtil.getPackMappingPackName():42 No pack mapping pack found in []
04-21 00:10:40.238 22674 15625 I HandwritingSuperpacks: HandwritingSuperpacks.reloadCache():229 updatePackMappingsCache(): pack mapping pack unavailable [ONLINE]
04-21 00:10:40.238 22674 16457 E HandwritingSuperpacksUtil: HandwritingSuperpacksUtil.getPackMappingPackName():42 No pack mapping pack found in []
04-21 00:10:40.238 22674 16457 I HandwritingSuperpacks: HandwritingSuperpacks.reloadCache():229 updatePackMappingsCache(): pack mapping pack unavailable [OFFLINE]
04-21 00:10:40.242 16311 16311 I ImeTracker: com.adamoutler.ssh:20180d9f: onRequestShow at ORIGIN_CLIENT reason SHOW_SOFT_INPUT fromUser false userId 0 displayId 0
04-21 00:10:40.242 22674 22674 I StylusModule: StylusModule.onUpdateToolType():774 Update tool type = 1
04-21 00:10:40.242 16311 16311 D InsetsController: show(ime())
04-21 00:10:40.242 16311 16311 I ImeTracker: com.adamoutler.ssh:20180d9f: onCancelled at PHASE_CLIENT_REPORT_REQUESTED_VISIBLE_TYPES
04-21 00:10:40.244 22674 22674 W ExtractTextViewHelper: ExtractTextViewHelper.onCreateExtractTextView():80 EmojiCompat is not yet initialized.
04-21 00:10:40.244  1643  2263 I ImeTracker: com.adamoutler.ssh:12059eff: onRequestShow at ORIGIN_SERVER reason ATTACH_NEW_INPUT fromUser false userId 0 displayId 0
04-21 00:10:40.259 22674 22674 E InputMethodService: Unexpected null in startExtractingText : mExtractedText = null, input connection = RemoteInputConnection{idHash=#29ca037}
04-21 00:10:40.259 22674 22674 I ImeTracker: com.google.android.inputmethod.latin:2cb9806f: onRequestHide at ORIGIN_CLIENT reason HIDE_SOFT_INPUT_FROM_VIEW fromUser false userId 0 displayId 0
04-21 00:10:40.259 22674 22674 I ImeTracker: com.google.android.inputmethod.latin:2cb9806f: onFailed at PHASE_CLIENT_VIEW_SERVED
04-21 00:10:40.260 22674 22674 W InputMethodManager: Ignoring hideSoftInputFromView() as view=android.inputmethodservice.ExtractEditText{70b29a4 VFED.VCL. ......I. 0,0-0,0 #1020025 android:id/inputExtractEditText} is not served.
04-21 00:10:40.261 22674 22674 E InputMethodService: Unexpected null in startExtractingText : mExtractedText = null, input connection = RemoteInputConnection{idHash=#29ca037}
04-21 00:10:40.261 22674 22674 I GoogleInputMethodService: GoogleInputMethodService.onCreateInputView():1386 onCreateInputView()
04-21 00:10:40.269 22674 22674 I AndroidIME: LatinIMEBase.updateInputViewCoverNavigation():322 Update input view padding, isNavbarOverInputWindow=true, bottom inset=0
04-21 00:10:40.270 22674 22674 I GoogleInputMethodService: GoogleInputMethodService.onStartInputView():1532 onStartInputView(EditorInfo{EditorInfo{packageName=com.adamoutler.ssh, inputType=0, inputTypeString=NULL, enableLearning=false, autoCorrection=false, autoComplete=false, imeOptions=0, privateImeOptions=null, actionName=UNSPECIFIED, actionLabel=null, initialSelStart=-1, initialSelEnd=-1, initialCapsMode=0, label=null, fieldId=0, fieldName=null, extras=null, hintText=null, hintLocales=[]}}, false)
04-21 00:10:40.271 22674 22674 I KeyboardHeightUtil: KeyboardHeightUtil.getOemKeyboardHeightRatio():81 systemKeyboardHeightRatio:1.120000.
04-21 00:10:40.272 22674 22674 I AbstractOpenableExtension: AbstractOpenableExtension.maybeDestroyExistingKeyboardGroupManager():536 Destroy existing keyboard group manager in qgg
04-21 00:10:40.272 22674 22674 I AbstractOpenableExtension: AbstractOpenableExtension$3.onSuccess():556 KeyboardGroupManager destroyed in qgg.
04-21 00:10:40.272 22674 22674 I AbstractOpenableExtension: AbstractOpenableExtension.createKeyboardGroupManagerListenableFuture():121 Create keyboard group manager listenable future in qgg
04-21 00:10:40.272 22674 22674 I AbstractOpenableExtension: AbstractOpenableExtension.maybeDestroyExistingKeyboardGroupManager():536 Destroy existing keyboard group manager in ksh
04-21 00:10:40.272 22674 22674 I AbstractOpenableExtension: AbstractOpenableExtension$3.onSuccess():556 KeyboardGroupManager destroyed in ksh.
04-21 00:10:40.272 22674 22674 I AbstractOpenableExtension: AbstractOpenableExtension.createKeyboardGroupManagerListenableFuture():121 Create keyboard group manager listenable future in ksh
04-21 00:10:40.272 22674 22674 I AbstractOpenableExtension: AbstractOpenableExtension.maybeDestroyExistingKeyboardGroupManager():536 Destroy existing keyboard group manager in qop
04-21 00:10:40.272 22674 22674 I AbstractOpenableExtension: AbstractOpenableExtension$3.onSuccess():556 KeyboardGroupManager destroyed in qop.
04-21 00:10:40.272 22674 22674 I AbstractOpenableExtension: AbstractOpenableExtension.createKeyboardGroupManagerListenableFuture():121 Create keyboard group manager listenable future in qop
04-21 00:10:40.272 22674 15630 I KeyboardGroupDefParser: KeyboardGroupDefParser.parseKeyboardGroupDef():73 parseKeyboardGroupDef() 2132213997 -> 0_resource_name_obfuscated : WaitTime = 0 ms : RunTime = 0 ms
04-21 00:10:40.272 22674 15633 I KeyboardGroupDefParser: KeyboardGroupDefParser.parseKeyboardGroupDef():73 parseKeyboardGroupDef() 2132213994 -> 0_resource_name_obfuscated : WaitTime = 0 ms : RunTime = 0 ms
04-21 00:10:40.272 22674 15634 I KeyboardGroupDefParser: KeyboardGroupDefParser.parseKeyboardGroupDef():73 parseKeyboardGroupDef() 2132213998 -> 0_resource_name_obfuscated : WaitTime = 0 ms : RunTime = 0 ms
04-21 00:10:40.277 22674 22674 I InputContextChangeTracker: InputContextChangeTracker.fixLyingSelectionRangeFromSurroundingText():1678 fixLyingSelectionRangeFromSurroundingText(): [-1, -1]([-1, -1]) -> [0, 0]([0, 0])
04-21 00:10:40.278 22674 22674 I AndroidIME: InputBundleManager.startInput():357 startInput2 restarting=false
04-21 00:10:40.278 22674 22674 I AndroidIME: InputBundleManager.loadActiveInputBundleId():542 loadActiveInputBundleId: und-Latn-x-password, password
04-21 00:10:40.278 22674 22674 I InputBundle: InputBundle.activateIme():597 activateIme: INACTIVE, keyboardType=prime
04-21 00:10:40.281 22674 22674 I ImeInterfacePrivate: IIme.createImeWithClassName():62 IIme created from HiltImeFactory: com.google.android.libraries.inputmethod.ime.password.PasswordIme
04-21 00:10:40.281 22674 22674 I AndroidIME: AbstractIme.onActivate():95 PasswordIme.onActivate() : EditorInfo = EditorInfo{packageName=com.adamoutler.ssh, inputType=0, inputTypeString=NULL, enableLearning=false, autoCorrection=false, autoComplete=false, imeOptions=0, privateImeOptions=null, actionName=UNSPECIFIED, actionLabel=null, initialSelStart=-1, initialSelEnd=-1, initialCapsMode=0, label=null, fieldId=0, fieldName=null, extras=null, hintText=null, hintLocales=[]}, IncognitoMode = false, DeviceLocked = false
04-21 00:10:40.281 22674 22674 I InputBundle: InputBundle.activateKeyboard():652 activateKeyboard: ACTIVE, type=acde[keyboardType=prime, payload=null]
04-21 00:10:40.281 22674 22674 I KeyboardWrapper: KeyboardWrapper.activateKeyboard():592 activateKeyboard(): type=prime, status=INACTIVE, imeDef=acbb{stringId=password, language=und-Latn-x-password, languageTag=und-Latn-x-password, processedConditions={writing_helper_enable_by_word_revert=true, variant=qwerty, true=true, language=en-US, enable_number_row=true, device=phone, enable_number_row_in_password=true, enable_pk_simulator=false}, className=com.google.android.libraries.inputmethod.ime.password.PasswordIme, label=2132019351, keyEventInterpreter=null, inlineComposing=true, autoCapital=true, announceAutoSelectedCandidate=true, statusIcon=0, indicatorIcon=0, indicatorLabel=null, displayAppCompletions=false, extraValues=acar{}, processors=acdu@8d09e05, unacceptableMetaKeys=4098, languageSpecificSettings=0, asciiCapable=false, alwaysShowSuggestions=false, useAsciiPasswordKeyboard=false, keyboardGroupDef=accz@fbfd7b3, phenotypeFlagId=0, localizationLanguageTag=null, supportsInlineSuggestion=false}
04-21 00:10:40.281 22674 22674 I KeyboardManager: KeyboardManager.requestKeyboard():249 Creating keyboard prime, imeId=password, cacheKey=theme,!gsf,!pgsf,!use_system_font,BORDER,FLAVOR_DPI=XXHDPI,KEYBOARD_MODE=1,KEYBOARD_WIDTH_CATEGORY=NORMAL,KEY_BORDER_SHAPE=1,LANDSCAPE,LIGHT_THEME=false,ORIENTATION=2,PHYSICAL_DIAGONAL=6.071181,POPUP,SCREEN_SHORTEST_WIDTH=427,SCREEN_SHORTEST_WIDTH_NO_SCALE=427,SW400DP,XXHDPI,enable_popup_on_keypress=true,keyboard_height_35_mm,non_linear_scale,noshadow,overlay_builtin_material3_dark_base.binarypb:gm3-dark-ff131314-ffa8c7fa-d999b263b8abbd9cf0c543d88d161d26,pgsans,silkpopup
04-21 00:10:40.282 22674 22674 I KeyboardDefManager: KeyboardDefManager.requestKeyboardDef():181 requestKeyboardDef(): type=prime, info=accv{defIds=[#0x7f1705fa, #0x7f170891, #0x7f1706ba], defIdsCacheKey=[2132215290, 2132215953, 2132215482]}
04-21 00:10:40.282 22674 22674 I KeyboardDefManager: KeyboardDefManager.requestKeyboardDef():243 requestKeyboardDef(): getOrCreate from cache, info=accv{defIds=[#0x7f1705fa, #0x7f170891, #0x7f1706ba], defIdsCacheKey=[2132215290, 2132215953, 2132215482]}
04-21 00:10:40.282 22674 22674 I AndroidIME: InputBundleManager.startInput():372 startInput() with acde[keyboardType=prime, payload=null]
04-21 00:10:40.284 22674 22674 I PkModeUpdater: PkModeUpdater.onActivate():76 onActivate false true
04-21 00:10:40.284 22674 15622 I KeyboardDefManager: KeyboardDefManager.loadKeyboardDefFromXml():357 loadKeyboardDefFromXml(): start for info=accv{defIds=[#0x7f1705fa, #0x7f170891, #0x7f1706ba], defIdsCacheKey=[2132215290, 2132215953, 2132215482]}
04-21 00:10:40.284 22674 22674 I AccessoryInputModeManager: AccessoryInputModeManager.onModeStarted():346 Accessory input mode started: null
04-21 00:10:40.285 22674 22674 I KeyboardWrapper: KeyboardWrapper.consumeEvent():439 Skip consuming an event as current keyboard is deactivated (state=ACTIVE, keyboard existence=false)
04-21 00:10:40.285 22674 22674 W SupplementaryKeyboardsWrapper: SupplementaryKeyboardsWrapper.deactivateKeyboard():162 keyboard accessory_candidates_consumer is not activated before!
04-21 00:10:40.286 22674 22674 I GlobeKeyExtension: GlobeKeyExtension.onActivate():130 
04-21 00:10:40.287 22674 22674 W ExtensionWrapper: ExtensionWrapper.setExtensionViewVisibility():878 interface abhi is not activate
04-21 00:10:40.287 22674 22674 I NewLanguagePromptExtension: NewLanguagePromptExtension.onActivate():189 Not activated NewLanguagePromptExtension: not a normal text input box.
04-21 00:10:40.289 22674 22674 I VoiceInputManagerWrapper: VoiceInputManagerWrapper.cancelShutdown():109 cancelShutdown()
04-21 00:10:40.289 22674 22674 I VoiceInputManagerWrapper: VoiceInputManagerWrapper.syncLanguagePacks():121 syncLanguagePacks()
04-21 00:10:40.289 22674 22709 I NetworkInfoNotification: NetworkInfoNotification$Listener.onReceive():107 onNetworkAvailable: networkState = NON_METERED, isAirplaneModeOn = false
04-21 00:10:40.292 22674 22674 I HardKeyTracker: HardKeyTracker.registerKeySequence():201 Register key sequence adse{labelResId=2132020500, callback=whz@16cdc11, lastModifier=2, keyCodes=[47], actions=[0]}
04-21 00:10:40.293 22674 16578 I SpeechFactory: SpeechRecognitionFactory.maybeScheduleAutoPackDownloadForFallback():221 maybeScheduleAutoPackDownloadForFallback()
04-21 00:10:40.293 22674 16578 I FallbackOnDeviceRecognitionProvider: FallbackOnDeviceRecognitionProvider.maybeScheduleAutoPackDownload():213 maybeScheduleAutoPackDownload() for language tag en-US
04-21 00:10:40.293 22674 22674 D InsetsController: Setting requestedVisibleTypes to 499 (was 503)
04-21 00:10:40.297 22674 22674 W FDL     : FDL logging failed. Add a dependency for Firebase Analytics to your app to enable logging of Dynamic Link events.
04-21 00:10:40.298 22674 22674 I Module  : DeviceLockedStatusModuleProvider$Module.updateDeviceLockedStatus():103 repeatCheckTimes = 1, locked = false
04-21 00:10:40.298 22674 22674 I HardKeyTracker: HardKeyTracker.unregisterKeySequence():259 Unregister key sequence adse{labelResId=2132020492, callback=whz@53b395f, lastModifier=2, keyCodes=[37], actions=[0]}
04-21 00:10:40.298 22674 22674 I HardKeyTracker: HardKeyTracker.registerKeySequence():201 Register key sequence adse{labelResId=2132020492, callback=whz@c21efba, lastModifier=2, keyCodes=[37], actions=[0]}
04-21 00:10:40.298 22674 22674 I HardKeyTracker: HardKeyTracker.unregisterKeySequence():259 Unregister key sequence adse{labelResId=2132020494, callback=whz@5d53b5d, lastModifier=2, keyCodes=[48], actions=[0]}
04-21 00:10:40.298 22674 22674 I HardKeyTracker: HardKeyTracker.registerKeySequence():201 Register key sequence adse{labelResId=2132020494, callback=whz@559ee6b, lastModifier=2, keyCodes=[48], actions=[0]}
04-21 00:10:40.298 22674 22674 I HardKeyTracker: HardKeyTracker.unregisterKeySequence():259 Unregister key sequence adse{labelResId=2132020494, callback=whz@ac86ca0, lastModifier=2, keyCodes=[48], actions=[0]}
04-21 00:10:40.298 22674 22674 I HardKeyTracker: HardKeyTracker.registerKeySequence():201 Register key sequence adse{labelResId=2132020494, callback=whz@4e13e61, lastModifier=2, keyCodes=[48], actions=[0]}
04-21 00:10:40.298 22674 22674 W AccessPointsManager: AccessPointsManager.addAccessPoint():1097 The holder controller #0x7f0b248b is not registered
04-21 00:10:40.298 22674 22674 I HardKeyTracker: HardKeyTracker.unregisterKeySequence():259 Unregister key sequence adse{labelResId=2132020489, callback=whz@9e74ff, lastModifier=2, keyCodes=[50], actions=[0]}
04-21 00:10:40.298 22674 22674 I HardKeyTracker: HardKeyTracker.registerKeySequence():201 Register key sequence adse{labelResId=2132020489, callback=whz@f270647, lastModifier=2, keyCodes=[50], actions=[0]}
04-21 00:10:40.298 22674 22674 W AccessPointsManager: AccessPointsManager.addAccessPoint():1097 The holder controller #0x7f0b248b is not registered
04-21 00:10:40.298 22674 22674 I HardKeyTracker: HardKeyTracker.unregisterKeySequence():259 Unregister key sequence adse{labelResId=2132020492, callback=whz@2267dfe, lastModifier=2, keyCodes=[37], actions=[0]}
04-21 00:10:40.298 22674 22674 I HardKeyTracker: HardKeyTracker.registerKeySequence():201 Register key sequence adse{labelResId=2132020492, callback=whz@b925f9d, lastModifier=2, keyCodes=[37], actions=[0]}
04-21 00:10:40.298 22674 22674 I HardKeyTracker: HardKeyTracker.unregisterKeySequence():259 Unregister key sequence adse{labelResId=2132020489, callback=whz@8e161a3, lastModifier=2, keyCodes=[50], actions=[0]}
04-21 00:10:40.298 22674 22674 I HardKeyTracker: HardKeyTracker.registerKeySequence():201 Register key sequence adse{labelResId=2132020489, callback=whz@bc3bfe3, lastModifier=2, keyCodes=[50], actions=[0]}
04-21 00:10:40.298 22674 22674 I VoiceImeExtension: VoiceImeExtension.shouldStartVoiceInputAutomaticallyInCurrentInputBox():384 No private IME option set to start voice input.
04-21 00:10:40.298 22674 15625 I SystemHapticSettings: SystemHapticSettings.updateSystemVibrationState():63 update vibration state: true
04-21 00:10:40.299 22674 22674 I HardKeyTracker: HardKeyTracker.registerKeySequence():201 Register key sequence adse{labelResId=2132020495, callback=whz@6e581d1, lastModifier=2, keyCodes=[32], actions=[0]}
04-21 00:10:40.299 22674 22674 I HardKeyTracker: HardKeyTracker.registerKeySequence():201 Register key sequence adse{labelResId=2132020495, callback=whz@5ec2436, lastModifier=0, keyCodes=[319], actions=[0]}
04-21 00:10:40.299 22674 22674 I HardKeyTracker: HardKeyTracker.registerKeySequence():201 Register key sequence adse{labelResId=2132020495, callback=whz@5ab6ca4, lastModifier=2, keyCodes=[32], actions=[0]}
04-21 00:10:40.299 22674 22674 I HardKeyTracker: HardKeyTracker.registerKeySequence():201 Register key sequence adse{labelResId=2132020495, callback=whz@fef6a0d, lastModifier=0, keyCodes=[319], actions=[0]}
04-21 00:10:40.300 22674 22674 E InputMethodService: Unexpected null in startExtractingText : mExtractedText = null, input connection = RemoteInputConnection{idHash=#29ca037}
04-21 00:10:40.301 22674 22674 D ImeBackCallbackSender: Register OnBackInvokedCallback with priority=-1 at app window (packageName=com.adamoutler.ssh)
04-21 00:10:40.302 22674 22674 I GoogleInputMethodService: GoogleInputMethodService.onFinishInputView():1661 onFinishInputView(true)
04-21 00:10:40.302 22674 22674 I GlobeKeyExtension: GlobeKeyExtension.onDeactivate():154 
04-21 00:10:40.302 16311 16311 D WindowOnBackDispatcher: setTopOnBackInvokedCallback (unwrapped): android.view.ImeBackAnimationController@d9aa0d7
04-21 00:10:40.303 22674 22674 I VoiceInputManagerWrapper: VoiceInputManagerWrapper.shutdown():131 shutdown()
04-21 00:10:40.303 22674 22674 I KeyboardWrapper: KeyboardWrapper.onDeactivate():512 Cancel the target keyboard type while deactivating, acde[keyboardType=prime, payload=null]
04-21 00:10:40.303 22674 22674 I AndroidIME: AbstractIme.onDeactivate():213 PasswordIme.onDeactivate()
04-21 00:10:40.303  1643  6255 D CoreBackPreview: Window{5f7448f u0 com.adamoutler.ssh/com.adamoutler.ssh.MainActivity}: Setting back callback OnBackInvokedCallbackInfo{mCallback=android.window.IOnBackInvokedCallback$Stub$Proxy@b7c4122, mPriority=0, mIsAnimationCallback=true, mOverrideBehavior=0}
04-21 00:10:40.304 22674 22674 I GoogleInputMethodService: GoogleInputMethodService.onFinishInput():2259 
04-21 00:10:40.304 22674 22674 I Module  : DeviceLockedStatusModuleProvider$Module.updateDeviceLockedStatus():103 repeatCheckTimes = 0, locked = false
04-21 00:10:40.304 22674 22674 D ImeBackCallbackSender: Unregister OnBackInvokedCallback at app window (packageName=com.adamoutler.ssh)
04-21 00:10:40.304 22674 22674 I GoogleInputMethodService: GoogleInputMethodService.onStartInput():1446 onStartInput(EditorInfo{EditorInfo{packageName=com.adamoutler.ssh, inputType=0, inputTypeString=NULL, enableLearning=false, autoCorrection=false, autoComplete=false, imeOptions=2000000, privateImeOptions=null, actionName=UNSPECIFIED, actionLabel=null, initialSelStart=-1, initialSelEnd=-1, initialCapsMode=0, label=null, fieldId=-1, fieldName=null, extras=null, hintText=null, hintLocales=[]}}, false)
04-21 00:10:40.304 22674 22674 I AndroidIME: LatinIMEBase.updateInputViewCoverNavigation():322 Update input view padding, isNavbarOverInputWindow=true, bottom inset=0
04-21 00:10:40.305 16311 16311 D WindowOnBackDispatcher: setTopOnBackInvokedCallback (unwrapped): android.view.ViewRootImpl$$ExternalSyntheticLambda25@ff760d6
04-21 00:10:40.305 22674 22674 I Module  : DeviceLockedStatusModuleProvider$Module.updateDeviceLockedStatus():103 repeatCheckTimes = 1, locked = false
04-21 00:10:40.305  1643  5943 D CoreBackPreview: Window{5f7448f u0 com.adamoutler.ssh/com.adamoutler.ssh.MainActivity}: Setting back callback OnBackInvokedCallbackInfo{mCallback=android.window.IOnBackInvokedCallback$Stub$Proxy@20c47b3, mPriority=0, mIsAnimationCallback=false, mOverrideBehavior=0}
04-21 00:10:40.305 22674 22674 I GoogleInputMethodService: GoogleInputMethodService.onStartInputView():1532 onStartInputView(EditorInfo{EditorInfo{packageName=com.adamoutler.ssh, inputType=0, inputTypeString=NULL, enableLearning=false, autoCorrection=false, autoComplete=false, imeOptions=2000000, privateImeOptions=null, actionName=UNSPECIFIED, actionLabel=null, initialSelStart=-1, initialSelEnd=-1, initialCapsMode=0, label=null, fieldId=-1, fieldName=null, extras=null, hintText=null, hintLocales=[]}}, false)
04-21 00:10:40.305 22674 22674 I KeyboardHeightUtil: KeyboardHeightUtil.getOemKeyboardHeightRatio():81 systemKeyboardHeightRatio:1.120000.
04-21 00:10:40.305  1643  5943 W PackageConfigPersister: App-specific configuration not found for packageName: com.adamoutler.ssh and userId: 0
04-21 00:10:40.306 22674 22674 I InputContextChangeTracker: InputContextChangeTracker.fixLyingSelectionRangeFromSurroundingText():1678 fixLyingSelectionRangeFromSurroundingText(): [-1, -1]([-1, -1]) -> [0, 0]([0, 0])
04-21 00:10:40.306 22674 22674 I AndroidIME: InputBundleManager.startInput():357 startInput2 restarting=false
04-21 00:10:40.306 24926 24926 D BoundBrokerSvc: onBind: Intent { act=com.google.firebase.dynamiclinks.service.START xflg=0x4 pkg=com.google.android.gms }
04-21 00:10:40.306 24926 24926 D BoundBrokerSvc: Loading bound service for intent: Intent { act=com.google.firebase.dynamiclinks.service.START xflg=0x4 pkg=com.google.android.gms }
04-21 00:10:40.306 22674 22674 I AndroidIME: InputBundleManager.loadActiveInputBundleId():542 loadActiveInputBundleId: und-Latn-x-password, password
04-21 00:10:40.306 22674 22674 I InputBundle: InputBundle.activateIme():597 activateIme: INACTIVE, keyboardType=prime
04-21 00:10:40.306 22674 22674 I AndroidIME: AbstractIme.onActivate():95 PasswordIme.onActivate() : EditorInfo = EditorInfo{packageName=com.adamoutler.ssh, inputType=0, inputTypeString=NULL, enableLearning=false, autoCorrection=false, autoComplete=false, imeOptions=2000000, privateImeOptions=null, actionName=UNSPECIFIED, actionLabel=null, initialSelStart=-1, initialSelEnd=-1, initialCapsMode=0, label=null, fieldId=-1, fieldName=null, extras=null, hintText=null, hintLocales=[]}, IncognitoMode = false, DeviceLocked = false
04-21 00:10:40.306 22674 22674 I InputBundle: InputBundle.activateKeyboard():652 activateKeyboard: ACTIVE, type=acde[keyboardType=prime, payload=null]
04-21 00:10:40.306 15746 15784 I FontLog : (REDACTED) Received query %s, URI %s
04-21 00:10:40.306 22674 22674 I KeyboardWrapper: KeyboardWrapper.activateKeyboard():592 activateKeyboard(): type=prime, status=INACTIVE, imeDef=acbb{stringId=password, language=und-Latn-x-password, languageTag=und-Latn-x-password, processedConditions={writing_helper_enable_by_word_revert=true, variant=qwerty, true=true, language=en-US, enable_number_row=true, device=phone, enable_number_row_in_password=true, enable_pk_simulator=false}, className=com.google.android.libraries.inputmethod.ime.password.PasswordIme, label=2132019351, keyEventInterpreter=null, inlineComposing=true, autoCapital=true, announceAutoSelectedCandidate=true, statusIcon=0, indicatorIcon=0, indicatorLabel=null, displayAppCompletions=false, extraValues=acar{}, processors=acdu@8d09e05, unacceptableMetaKeys=4098, languageSpecificSettings=0, asciiCapable=false, alwaysShowSuggestions=false, useAsciiPasswordKeyboard=false, keyboardGroupDef=accz@fbfd7b3, phenotypeFlagId=0, localizationLanguageTag=null, supportsInlineSuggestion=false}
04-21 00:10:40.306 22674 22674 I KeyboardManager: KeyboardManager.requestKeyboard():249 Creating keyboard prime, imeId=password, cacheKey=theme,!gsf,!pgsf,!use_system_font,BORDER,FLAVOR_DPI=XXHDPI,KEYBOARD_MODE=1,KEYBOARD_WIDTH_CATEGORY=NORMAL,KEY_BORDER_SHAPE=1,LANDSCAPE,LIGHT_THEME=false,ORIENTATION=2,PHYSICAL_DIAGONAL=6.071181,POPUP,SCREEN_SHORTEST_WIDTH=427,SCREEN_SHORTEST_WIDTH_NO_SCALE=427,SW400DP,XXHDPI,enable_popup_on_keypress=true,keyboard_height_35_mm,non_linear_scale,noshadow,overlay_builtin_material3_dark_base.binarypb:gm3-dark-ff131314-ffa8c7fa-d999b263b8abbd9cf0c543d88d161d26,pgsans,silkpopup
04-21 00:10:40.306 15746 15784 I FontLog : (REDACTED) Query [%s] resolved to %s
04-21 00:10:40.306 22674 22674 I KeyboardDefManager: KeyboardDefManager.requestKeyboardDef():181 requestKeyboardDef(): type=prime, info=accv{defIds=[#0x7f1705fa, #0x7f170891, #0x7f1706ba], defIdsCacheKey=[2132215290, 2132215953, 2132215482]}
04-21 00:10:40.306 22674 22674 I KeyboardDefManager: KeyboardDefManager.requestKeyboardDef():243 requestKeyboardDef(): getOrCreate from cache, info=accv{defIds=[#0x7f1705fa, #0x7f170891, #0x7f1706ba], defIdsCacheKey=[2132215290, 2132215953, 2132215482]}
04-21 00:10:40.307 22674 22674 I AndroidIME: InputBundleManager.startInput():372 startInput() with acde[keyboardType=prime, payload=null]
04-21 00:10:40.307 22674 22674 I PkModeUpdater: PkModeUpdater.onActivate():76 onActivate false true
04-21 00:10:40.307 22674 22674 I AccessoryInputModeManager: AccessoryInputModeManager.onModeStarted():346 Accessory input mode started: null
04-21 00:10:40.307 22674 22674 I KeyboardWrapper: KeyboardWrapper.consumeEvent():439 Skip consuming an event as current keyboard is deactivated (state=ACTIVE, keyboard existence=false)
04-21 00:10:40.307 22674 22674 W SupplementaryKeyboardsWrapper: SupplementaryKeyboardsWrapper.deactivateKeyboard():162 keyboard accessory_candidates_consumer is not activated before!
04-21 00:10:40.307 22674 22674 I GlobeKeyExtension: GlobeKeyExtension.onActivate():130 
04-21 00:10:40.307 22674 22674 W ExtensionWrapper: ExtensionWrapper.setExtensionViewVisibility():878 interface abhi is not activate
04-21 00:10:40.307 22674 22674 I NewLanguagePromptExtension: NewLanguagePromptExtension.onActivate():189 Not activated NewLanguagePromptExtension: not a normal text input box.
04-21 00:10:40.308 15746 15784 I FontLog : (REDACTED) Fetch %s end status %s
04-21 00:10:40.308 22674 22674 I VoiceInputManagerWrapper: VoiceInputManagerWrapper.cancelShutdown():109 cancelShutdown()
04-21 00:10:40.308 22674 22674 I VoiceInputManagerWrapper: VoiceInputManagerWrapper.syncLanguagePacks():121 syncLanguagePacks()
04-21 00:10:40.308 22674 16578 I SpeechFactory: SpeechRecognitionFactory.maybeScheduleAutoPackDownloadForFallback():221 maybeScheduleAutoPackDownloadForFallback()
04-21 00:10:40.308 22674 22674 I Module  : DeviceLockedStatusModuleProvider$Module.updateDeviceLockedStatus():103 repeatCheckTimes = 1, locked = false
04-21 00:10:40.308 22674 16578 I FallbackOnDeviceRecognitionProvider: FallbackOnDeviceRecognitionProvider.maybeScheduleAutoPackDownload():213 maybeScheduleAutoPackDownload() for language tag en-US
04-21 00:10:40.308 22674 22674 I VoiceImeExtension: VoiceImeExtension.shouldStartVoiceInputAutomaticallyInCurrentInputBox():384 No private IME option set to start voice input.
04-21 00:10:40.308 22674 22674 D ImeBackCallbackSender: Register OnBackInvokedCallback with priority=-1 at app window (packageName=com.adamoutler.ssh)
04-21 00:10:40.308 15746 15784 I FontLog : (REDACTED) Pulling font file for id = %d, cache size = %d
04-21 00:10:40.309 22674 15621 I SystemHapticSettings: SystemHapticSettings.updateSystemVibrationState():63 update vibration state: true
04-21 00:10:40.309 22674 22674 I StylusModule: StylusModule.onUpdateToolType():774 Update tool type = 1
04-21 00:10:40.309 16311 16311 D WindowOnBackDispatcher: setTopOnBackInvokedCallback (unwrapped): android.view.ImeBackAnimationController@d9aa0d7
04-21 00:10:40.310  1643  5943 D ImeInsetsSourceProvider: showImePostLayout cancelled, serverVisible: false, frozen: false, mWin is: non-null, isDrawn: false, mGivenInsetsPending: false, imeLayeringTarget: Window{5f7448f u0 com.adamoutler.ssh/com.adamoutler.ssh.MainActivity}, controlTarget: Window{5f7448f u0 com.adamoutler.ssh/com.adamoutler.ssh.MainActivity}
04-21 00:10:40.310  1643  5943 D ImeInsetsSourceProvider: controlTarget == DisplayContent.imeControlTarget: true, hasPendingControls: false, leash is: non-null
04-21 00:10:40.310  1643  5943 I ImeTracker: com.adamoutler.ssh:7b3b14c: onCancelled at PHASE_SERVER_ABORT_SHOW_IME_POST_LAYOUT
04-21 00:10:40.313  1643  1917 D CoreBackPreview: Window{5f7448f u0 com.adamoutler.ssh/com.adamoutler.ssh.MainActivity}: Setting back callback OnBackInvokedCallbackInfo{mCallback=android.window.IOnBackInvokedCallback$Stub$Proxy@2719c46, mPriority=0, mIsAnimationCallback=true, mOverrideBehavior=0}
04-21 00:10:40.314 15746 15784 I FontLog : (REDACTED) Pulling font file for id = %d, cache size = %d
04-21 00:10:40.316 22674 22740 D vulkan  : searching for layers in '/data/app/~~v2ZGk887LZJcgVkvWiIojQ==/com.google.android.inputmethod.latin-Rh_Jhujd9xBXDOAYTwV-hQ==/lib/arm64'
04-21 00:10:40.316 22674 22674 I WindowMetricsNotification: WindowMetricsNotification.notifyWithWindow():166 
04-21 00:10:40.317 22674 22674 I GoogleInputMethodService: GoogleInputMethodService$8.onWindowMetricsChanged():835 windowMetrics: bounds() = Rect(108, 54 - 1989, 960), insets() = Rect(0, 0 - 0, 0)
04-21 00:10:40.317 22674 22674 I AndroidIME: LatinIMEBase.updateInputViewCoverNavigation():322 Update input view padding, isNavbarOverInputWindow=true, bottom inset=0
04-21 00:10:40.317 22674 22674 I DeviceModeModule: DeviceModeModule.calculateAndNotify():237 Device mode 'phone' from display metrics 'DisplayMetrics{density=0.0, width=2142, height=960, scaledDensity=0.0, xdpi=369.454, ydpi=370.114}' or smallestScreenWidthDp: 427
04-21 00:10:40.317 22674 22674 I WindowMetricsNotification: WindowMetricsNotification.notify():159 ailg[bounds=Rect(108, 54 - 1989, 960), insets=Rect(0, 0 - 0, 0), densityDpi=360, smallestScreenWidthDp=427, displayWidth=2142, displayHeight=960, xdpi=369.454, ydpi=370.114, isTrustable=true, displayId=0]; DisplayMetrics{density=2.25, width=2142, height=960, scaledDensity=2.25, xdpi=369.454, ydpi=370.114}
04-21 00:10:40.317 22674 22740 D vulkan  : searching for layers in '/data/app/~~v2ZGk887LZJcgVkvWiIojQ==/com.google.android.inputmethod.latin-Rh_Jhujd9xBXDOAYTwV-hQ==/base.apk!/lib/arm64-v8a'
04-21 00:10:40.319  1643  1720 I DisplayDeviceRepository: Display device changed render timings: "Built-in Screen", renderFrameRate=120.00002, presentationDeadlineNanos=11499999, appVsyncOffsetNanos=6233332, frameRateOverrides=[{uid=10247 frameRateHz=60.00001}]
04-21 00:10:40.320 22674 22740 D vulkan  : searching for layers in '/data/app/~~v2ZGk887LZJcgVkvWiIojQ==/com.google.android.inputmethod.latin-Rh_Jhujd9xBXDOAYTwV-hQ==/split_brella_feature_split.apk!/lib/arm64-v8a'
04-21 00:10:40.320 22674 22740 D vulkan  : searching for layers in '/data/app/~~v2ZGk887LZJcgVkvWiIojQ==/com.google.android.inputmethod.latin-Rh_Jhujd9xBXDOAYTwV-hQ==/split_config.xxhdpi.apk!/lib/arm64-v8a'
04-21 00:10:40.320 22674 22740 D vulkan  : searching for layers in '/data/app/~~v2ZGk887LZJcgVkvWiIojQ==/com.google.android.inputmethod.latin-Rh_Jhujd9xBXDOAYTwV-hQ==/split_dictation_feature_split.apk!/lib/arm64-v8a'
04-21 00:10:40.320 22674 22740 D vulkan  : searching for layers in '/data/app/~~v2ZGk887LZJcgVkvWiIojQ==/com.google.android.inputmethod.latin-Rh_Jhujd9xBXDOAYTwV-hQ==/split_tenoranimation_feature_split.apk!/lib/arm64-v8a'
04-21 00:10:40.422 22674 22679 W putmethod.latin: Reducing the number of considered missed Gc histogram windows from 2517 to 100
04-21 00:10:40.450 22674 15622 W AndroidIME: KeyMappingDef$Builder.findSoftKeyDef():576 SoftKeyDef 0x7f0b1350 (#0x7f0b1350) has not been defined.
04-21 00:10:40.450 22674 15622 W AndroidIME: KeyMappingDef$Builder.findSoftKeyDef():576 SoftKeyDef 0x7f0b1512 (#0x7f0b1512) has not been defined.
04-21 00:10:40.450 22674 15622 W AndroidIME: KeyMappingDef$Builder.findSoftKeyDef():576 SoftKeyDef 0x7f0b1018 (#0x7f0b1018) has not been defined.
04-21 00:10:40.450 22674 15622 W AndroidIME: KeyMappingDef$Builder.findSoftKeyDef():576 SoftKeyDef 0x7f0b1ea1 (#0x7f0b1ea1) has not been defined.
04-21 00:10:40.450 22674 15622 W AndroidIME: KeyMappingDef$Builder.findSoftKeyDef():576 SoftKeyDef 0x7f0b1f0b (#0x7f0b1f0b) has not been defined.
04-21 00:10:40.450 22674 15622 W AndroidIME: KeyMappingDef$Builder.findSoftKeyDef():576 SoftKeyDef 0x7f0b0889 (#0x7f0b0889) has not been defined.
04-21 00:10:40.450 22674 15622 W AndroidIME: KeyMappingDef$Builder.findSoftKeyDef():576 SoftKeyDef 0x7f0b0cf2 (#0x7f0b0cf2) has not been defined.
04-21 00:10:40.450 22674 15622 W AndroidIME: KeyMappingDef$Builder.findSoftKeyDef():576 SoftKeyDef 0x7f0b12c1 (#0x7f0b12c1) has not been defined.
04-21 00:10:40.450 22674 15622 W AndroidIME: KeyMappingDef$Builder.findSoftKeyDef():576 SoftKeyDef 0x7f0b0cf7 (#0x7f0b0cf7) has not been defined.
04-21 00:10:40.450 22674 15622 W AndroidIME: KeyMappingDef$Builder.findSoftKeyDef():576 SoftKeyDef 0x7f0b12c1 (#0x7f0b12c1) has not been defined.
04-21 00:10:40.450 22674 15622 W AndroidIME: KeyMappingDef$Builder.findSoftKeyDef():576 SoftKeyDef 0x7f0b1f7b (#0x7f0b1f7b) has not been defined.
04-21 00:10:40.450 22674 15622 W AndroidIME: KeyMappingDef$Builder.findSoftKeyDef():576 SoftKeyDef 0x7f0b12c1 (#0x7f0b12c1) has not been defined.
04-21 00:10:40.450 22674 15622 W AndroidIME: KeyMappingDef$Builder.findSoftKeyDef():576 SoftKeyDef 0x7f0b237f (#0x7f0b237f) has not been defined.
04-21 00:10:40.450 22674 15622 W AndroidIME: KeyMappingDef$Builder.findSoftKeyDef():576 SoftKeyDef 0x7f0b1b0c (#0x7f0b1b0c) has not been defined.
04-21 00:10:40.450 22674 15622 W AndroidIME: KeyMappingDef$Builder.findSoftKeyDef():576 SoftKeyDef 0x7f0b1e6f (#0x7f0b1e6f) has not been defined.
04-21 00:10:40.450 22674 15622 W AndroidIME: KeyMappingDef$Builder.findSoftKeyDef():576 SoftKeyDef 0x7f0b23c8 (#0x7f0b23c8) has not been defined.
04-21 00:10:40.450 22674 15622 W AndroidIME: KeyMappingDef$Builder.findSoftKeyDef():576 SoftKeyDef 0x7f0b1b0f (#0x7f0b1b0f) has not been defined.
04-21 00:10:40.450 22674 15622 W AndroidIME: KeyMappingDef$Builder.findSoftKeyDef():576 SoftKeyDef 0x7f0b1388 (#0x7f0b1388) has not been defined.
04-21 00:10:40.469 22674 22674 I KeyboardDefManager: KeyboardDefManager$1.onSuccess():277 requestKeyboardDef onSuccess(): info=accv{defIds=[#0x7f1705fa, #0x7f170891, #0x7f1706ba], defIdsCacheKey=[2132215290, 2132215953, 2132215482]}
04-21 00:10:40.470 22674 22674 I KeyboardManager: KeyboardManager.createKeyboardInternal():422 Keyboard request for prime is out-of-date.
04-21 00:10:40.470 22674 22674 I KeyboardDefManager: KeyboardDefManager$1.onSuccess():277 requestKeyboardDef onSuccess(): info=accv{defIds=[#0x7f1705fa, #0x7f170891, #0x7f1706ba], defIdsCacheKey=[2132215290, 2132215953, 2132215482]}
04-21 00:10:40.473 22674 22674 I KeyboardInterfacePrivate: IKeyboard.createKeyboard():67 Keyboard created from HiltKeyboardFactory: com.google.android.apps.inputmethod.latin.keyboard.LatinPasswordKeyboard
04-21 00:10:40.473 22674 22674 I KeyboardWrapper: KeyboardWrapper.onKeyboardReady():226 onKeyboardReady(): type=null(prime), kb=com.google.android.apps.inputmethod.latin.keyboard.LatinPasswordKeyboard@d985154
04-21 00:10:40.474 22674 22674 I VoiceInputManager: VoiceInputManager.onKeyboardActivated():1204 onKeyboardActivated() [UD]
04-21 00:10:40.474 22674 22674 I KeyboardWrapper: KeyboardWrapper.doActivateKeyboard():624 doActivateKeyboard(): prime
04-21 00:10:40.507 22674 22674 I KeyboardViewHelper: KeyboardViewHelper.getView():180 Get view with height ratio:1.120000
04-21 00:10:40.518 22674 22674 I BaseKeyboardSizeHelper: BaseKeyboardSizeHelper.calculateMaxKeyboardBodyHeight():73 leave 241 height for app when ime window height:906, header height:101 and isFullscreenMode:false, so the max keyboard body height is:564
04-21 00:10:40.518 22674 22674 I SoftKeyboardView: SoftKeyboardView.setMaxHeight():1114 Set max keyboard height:564.
04-21 00:10:40.519 22674 22674 D InsetsController: Setting requestedVisibleTypes to 503 (was 499)
04-21 00:10:40.519 22674 22674 I AndroidIME: KeyboardViewManager.updateKeyboardBackgroundFrameVisibility():360 Set background frame visibility. old:8, new:8
04-21 00:10:40.520 22674 22674 I BaseKeyboardSizeHelper: BaseKeyboardSizeHelper.calculateMaxKeyboardBodyHeight():73 leave 241 height for app when ime window height:906, header height:101 and isFullscreenMode:false, so the max keyboard body height is:564
04-21 00:10:40.520 22674 22674 I BaseKeyboardSizeHelper: BaseKeyboardSizeHelper.calculateMaxKeyboardBodyHeight():73 leave 241 height for app when ime window height:906, header height:101 and isFullscreenMode:false, so the max keyboard body height is:564
04-21 00:10:40.520 22674 22674 I GlobeKeyExtension: GlobeKeyExtension.getKeyboardInitialStates():186 
04-21 00:10:40.520 22674 22674 W KeyboardDef: KeyboardDef.getKeyboardViewDef():397 KeyboardViewDef is not found: keyboardDef=accj{processedConditions={show_comma_key=true, enable_more_candidates_view_for_multilingual=false, layout_9key_split=false, enable_secondary_symbols=true, pref_enable_flick_symbols=false, enable_scrub_move=true, language=en-US, deprecate_long_press_space_for_ime_picker=false, show_suggestion_strip=true, expressions=normal, android_software_xr_api_spatial=false, variant=qwerty, free_cursor=false, show_period_key=true, enable_number_row=true, device=phone, keyboard_mode=normal, show_secondary_digits=false, enable_pk_simulator=false, enable_preemptive_decode=true}, globalConditions={global_theme_key=theme,!gsf,!pgsf,!use_system_font,BORDER,FLAVOR_DPI=XXHDPI,KEYBOARD_MODE=1,KEYBOARD_WIDTH_CATEGORY=NORMAL,KEY_BORDER_SHAPE=1,LANDSCAPE,LIGHT_THEME=false,ORIENTATION=2,PHYSICAL_DIAGONAL=6.071181,POPUP,SCREEN_SHORTEST_WIDTH=427,SCREEN_SHORTEST_WIDTH_NO_SCALE=427,SW400DP,XXHDPI,enable_popup_on_keypress=true,keyboard_height_35_mm,non_linear_scale,noshadow,overlay_builtin_material3_dark_base.binarypb:gm3-dark-ff131314-ffa8c7fa-d999b263b8abbd9cf0c543d88d161d26,pgsans,silkpopup, global_locale=en_US, global_density_dpi=360, global_orientation=2}, className=.latin.keyboard.LatinPasswordKeyboard, resourceIds=[#0x7f1705fa, #0x7f170891, #0x7f1706ba], initialStates=0, keyboardViewDefs=[acdl{direction=null, id=#0x7f0b0229, isScalable=true, layoutId=#0x7f0e02bd, type=BODY, touchable=true, defaultShow=true}, acdl{direction=null, id=#0x7f0b0229, isScalable=false, layoutId=#0x7f0e0218, type=FLOATING_CANDIDATES, touchable=false, defaultShow=false}, acdl{direction=LOCALE, id=#0x7f0b0229, isScalable=false, layoutId=#0x7f0e0520, type=HEADER, touchable=true, defaultShow=true}], persistentStates=0, persistentStatesPrefKey=null, popupBubbleLayoutId=#0x7f0e0611, recentKeyLayoutId=#0x0, recentKeyPopupLayoutId=#0x0, recentKeyType=null, rememberRecentKey=NONE, sessionStates=26388279066624}, type=WIDGET, id=2131427881
04-21 00:10:40.520 22674 22674 W Keyboard: Keyboard.getKeyboardViewHelper():607 null helper is returned: keyboardDef=accj{processedConditions={show_comma_key=true, enable_more_candidates_view_for_multilingual=false, layout_9key_split=false, enable_secondary_symbols=true, pref_enable_flick_symbols=false, enable_scrub_move=true, language=en-US, deprecate_long_press_space_for_ime_picker=false, show_suggestion_strip=true, expressions=normal, android_software_xr_api_spatial=false, variant=qwerty, free_cursor=false, show_period_key=true, enable_number_row=true, device=phone, keyboard_mode=normal, show_secondary_digits=false, enable_pk_simulator=false, enable_preemptive_decode=true}, globalConditions={global_theme_key=theme,!gsf,!pgsf,!use_system_font,BORDER,FLAVOR_DPI=XXHDPI,KEYBOARD_MODE=1,KEYBOARD_WIDTH_CATEGORY=NORMAL,KEY_BORDER_SHAPE=1,LANDSCAPE,LIGHT_THEME=false,ORIENTATION=2,PHYSICAL_DIAGONAL=6.071181,POPUP,SCREEN_SHORTEST_WIDTH=427,SCREEN_SHORTEST_WIDTH_NO_SCALE=427,SW400DP,XXHDPI,enable_popup_on_keypress=true,keyboard_height_35_mm,non_linear_scale,noshadow,overlay_builtin_material3_dark_base.binarypb:gm3-dark-ff131314-ffa8c7fa-d999b263b8abbd9cf0c543d88d161d26,pgsans,silkpopup, global_locale=en_US, global_density_dpi=360, global_orientation=2}, className=.latin.keyboard.LatinPasswordKeyboard, resourceIds=[#0x7f1705fa, #0x7f170891, #0x7f1706ba], initialStates=0, keyboardViewDefs=[acdl{direction=null, id=#0x7f0b0229, isScalable=true, layoutId=#0x7f0e02bd, type=BODY, touchable=true, defaultShow=true}, acdl{direction=null, id=#0x7f0b0229, isScalable=false, layoutId=#0x7f0e0218, type=FLOATING_CANDIDATES, touchable=false, defaultShow=false}, acdl{direction=LOCALE, id=#0x7f0b0229, isScalable=false, layoutId=#0x7f0e0520, type=HEADER, touchable=true, defaultShow=true}], persistentStates=0, persistentStatesPrefKey=null, popupBubbleLayoutId=#0x7f0e0611, recentKeyLayoutId=#0x0, recentKeyPopupLayoutId=#0x0, recentKeyType=null, rememberRecentKey=NONE, sessionStates=26388279066624}, type=WIDGET, helpersCreated={HEADER=abag@eee8d5d, BODY=abag@d92b6d2, FLOATING_CANDIDATES=abag@39803a3}, context.getResources().getConfiguration(): {1.3 ?mcc0mnc [en_US] ldltr sw427dp w952dp h427dp 360dpi nrml long compactNeeded hdr widecg land night finger -keyb/v/h -nav/h winConfig={ mBounds=Rect(0, 0 - 2142, 960) mAppBounds=Rect(0, 0 - 2142, 960) mMaxBounds=Rect(0, 0 - 2142, 960) mDisplayRotation=ROTATION_270 mWindowingMode=fullscreen mActivityType=undefined mAlwaysOnTop=undefined mRotation=ROTATION_270} as.2 s.2655 fontWeightAdjustment=0}
04-21 00:10:40.520 22674 22674 I MotionEventHandlerManager: MotionEventHandlerManager.newHandlerInstance():562 Created handler instance from HiltMotionEventHandlerFactory com.google.android.libraries.inputmethod.motioneventhandler.BasicMotionEventHandler
04-21 00:10:40.520 22674 22674 I MotionEventHandlerManager: MotionEventHandlerManager.newHandlerInstance():562 Created handler instance from HiltMotionEventHandlerFactory .motioneventhandler.BasicMotionEventHandler
04-21 00:10:40.521 22674 22674 I MotionEventHandlerManager: MotionEventHandlerManager.newHandlerInstance():562 Created handler instance from HiltMotionEventHandlerFactory .motioneventhandler.scrubmove.ScrubDeleteMotionEventHandler
04-21 00:10:40.521 22674 22674 I MotionEventHandlerManager: MotionEventHandlerManager.newHandlerInstance():562 Created handler instance from HiltMotionEventHandlerFactory .motioneventhandler.scrubmove.ScrubMoveMotionEventHandler
04-21 00:10:40.521 22674 22674 I MotionEventHandlerManager: MotionEventHandlerManager.newHandlerInstance():562 Created handler instance from HiltMotionEventHandlerFactory com.google.android.libraries.inputmethod.motioneventhandler.BasicMotionEventHandler
04-21 00:10:40.521 22674 22674 I BaseKeyboardSizeHelper: BaseKeyboardSizeHelper.calculateMaxKeyboardBodyHeight():73 leave 241 height for app when ime window height:906, header height:101 and isFullscreenMode:false, so the max keyboard body height is:564
04-21 00:10:40.522 22674 22674 I KeyboardDefManager: KeyboardDefManager.requestKeyboardDef():181 requestKeyboardDef(): type=symbol, info=accv{defIds=[#0x7f170922], defIdsCacheKey=[2132216098]}
04-21 00:10:40.522 22674 22674 I KeyboardDefManager: KeyboardDefManager.requestKeyboardDef():243 requestKeyboardDef(): getOrCreate from cache, info=accv{defIds=[#0x7f170922], defIdsCacheKey=[2132216098]}
04-21 00:10:40.522 22674 22674 I KeyboardDefManager: KeyboardDefManager.requestKeyboardDef():181 requestKeyboardDef(): type=digit, info=accv{defIds=[#0x7f17086a], defIdsCacheKey=[2132215914]}
04-21 00:10:40.522 22674 22674 I KeyboardDefManager: KeyboardDefManager.requestKeyboardDef():243 requestKeyboardDef(): getOrCreate from cache, info=accv{defIds=[#0x7f17086a], defIdsCacheKey=[2132215914]}
04-21 00:10:40.522 22674 15633 I KeyboardDefManager: KeyboardDefManager.loadKeyboardDefFromXml():357 loadKeyboardDefFromXml(): start for info=accv{defIds=[#0x7f170922], defIdsCacheKey=[2132216098]}
04-21 00:10:40.522 22674 15630 I KeyboardDefManager: KeyboardDefManager.loadKeyboardDefFromXml():357 loadKeyboardDefFromXml(): start for info=accv{defIds=[#0x7f17086a], defIdsCacheKey=[2132215914]}
04-21 00:10:40.529 22674 22674 I AndroidIME: KeyboardViewManager.updateKeyboardBackgroundFrameVisibility():360 Set background frame visibility. old:8, new:8
04-21 00:10:40.532 22674 22674 W View    : requestLayout() improperly called by com.google.android.libraries.inputmethod.widgets.SoftKeyView{47ac348 VFE...C.. ......ID 0,0-122,103 #7f0b04fb app:id/key_pos_header_access_points_menu} during layout: running second layout pass
04-21 00:10:40.532 22674 22674 W View    : requestLayout() improperly called by com.google.android.libraries.inputmethod.widgets.CopyImageSourceView{73f7f06 V.ED..... ......ID 0,0-1881,103 #7f0b01e5 app:id/0_resource_name_obfuscated} during layout: running second layout pass
04-21 00:10:40.532 22674 22674 W View    : requestLayout() improperly called by android.widget.LinearLayout{36119c7 V.E...... ......ID 122,0-1759,103 #7f0b039c app:id/0_resource_name_obfuscated} during layout: running second layout pass
04-21 00:10:40.532 22674 22674 W View    : requestLayout() improperly called by com.google.android.libraries.inputmethod.widgets.SoftKeyView{d1ccbf4 VFE...C.. ......ID 1759,0-1881,103 #7f0b0503 app:id/key_pos_header_power_key} during layout: running second layout pass
04-21 00:10:40.568 22674 22674 W TextView: onProvideContentCaptureStructure(): calling assumeLayout()
04-21 00:10:40.568 22674 22674 W TextView: onProvideContentCaptureStructure(): calling assumeLayout()
04-21 00:10:40.568 22674 22674 W TextView: onProvideContentCaptureStructure(): calling assumeLayout()
04-21 00:10:40.568 22674 22674 W TextView: onProvideContentCaptureStructure(): calling assumeLayout()
04-21 00:10:40.568 22674 22674 W TextView: onProvideContentCaptureStructure(): calling assumeLayout()
04-21 00:10:40.568 22674 22674 W TextView: onProvideContentCaptureStructure(): calling assumeLayout()
04-21 00:10:40.568 22674 22674 W TextView: onProvideContentCaptureStructure(): calling assumeLayout()
04-21 00:10:40.568 22674 22674 W TextView: onProvideContentCaptureStructure(): calling assumeLayout()
04-21 00:10:40.569 22674 22674 W TextView: onProvideContentCaptureStructure(): calling assumeLayout()
04-21 00:10:40.569 22674 22674 W TextView: onProvideContentCaptureStructure(): calling assumeLayout()
04-21 00:10:40.569 22674 22674 W TextView: onProvideContentCaptureStructure(): calling assumeLayout()
04-21 00:10:40.569 22674 22674 W TextView: onProvideContentCaptureStructure(): calling assumeLayout()
04-21 00:10:40.569 22674 22674 W TextView: onProvideContentCaptureStructure(): calling assumeLayout()
04-21 00:10:40.569 22674 22674 W TextView: onProvideContentCaptureStructure(): calling assumeLayout()
04-21 00:10:40.569 22674 22674 W TextView: onProvideContentCaptureStructure(): calling assumeLayout()
04-21 00:10:40.569 22674 22674 W TextView: onProvideContentCaptureStructure(): calling assumeLayout()
04-21 00:10:40.569 22674 22674 W TextView: onProvideContentCaptureStructure(): calling assumeLayout()
04-21 00:10:40.569 22674 22674 W TextView: onProvideContentCaptureStructure(): calling assumeLayout()
04-21 00:10:40.569 22674 22674 W TextView: onProvideContentCaptureStructure(): calling assumeLayout()
04-21 00:10:40.569 22674 22674 W TextView: onProvideContentCaptureStructure(): calling assumeLayout()
04-21 00:10:40.569 22674 22674 W TextView: onProvideContentCaptureStructure(): calling assumeLayout()
04-21 00:10:40.569 22674 22674 W TextView: onProvideContentCaptureStructure(): calling assumeLayout()
