04-21 00:10:32.771  4433  4700 D TemperatureStateSource: sequence=23295 waitTime=10000
04-21 00:10:32.771  4433  5633 D BusinessScope: Start running the #48745 block
04-21 00:10:32.771  4433  5633 D BusinessScope: Enqueuing the block
04-21 00:10:32.771  4433  5633 D ImpulseStateSource: Notify clients: 24367
04-21 00:10:32.772  4433  5633 D BusinessScope: Finish running the #48745 block
04-21 00:10:32.772  4433  5633 D BusinessScope: Start running the #48746 block
04-21 00:10:32.772  4433  5633 D BusinessScope: Finish running the #48746 block
04-21 00:10:32.843   615  2091 D libnos_datagram: Calling App 0x02 with params 0x000a
04-21 00:10:32.855 16311 16319 I .adamoutler.ssh: Compiler allocated 5049KB to compile void android.view.ViewRootImpl.performTraversals()
04-21 00:10:32.858   615  2091 D libnos_datagram: App 0x02 returning 0x0
04-21 00:10:32.858   615  2091 I citadeld: reportCitadelAppCalled app_id =  2 arg = 10 app_status = 0
04-21 00:10:32.858   615  2091 I citadeld: Recorded atom for RPC call
04-21 00:10:32.861   615  2091 D libnos_datagram: Calling App 0x02 with params 0x000c
04-21 00:10:32.867   615  2091 D libnos_datagram: App 0x02 returning 0x0
04-21 00:10:32.867   615  2091 I citadeld: reportCitadelAppCalled app_id =  2 arg = 12 app_status = 0
04-21 00:10:32.867   615  2091 I citadeld: Recorded atom for RPC call
04-21 00:10:32.868   615  2091 D libnos_datagram: Calling App 0x02 with params 0x000a
04-21 00:10:32.882   615  2091 D libnos_datagram: App 0x02 returning 0x0
04-21 00:10:32.882   615  2091 I citadeld: reportCitadelAppCalled app_id =  2 arg = 10 app_status = 0
04-21 00:10:32.882   615  2091 I citadeld: Recorded atom for RPC call
04-21 00:10:32.886   615  2091 D libnos_datagram: Calling App 0x02 with params 0x000c
04-21 00:10:32.891   615  2091 D libnos_datagram: App 0x02 returning 0x0
04-21 00:10:32.891   615  2091 I citadeld: reportCitadelAppCalled app_id =  2 arg = 12 app_status = 0
04-21 00:10:32.891   615  2091 I citadeld: Recorded atom for RPC call
04-21 00:10:32.898   615  2091 D libnos_datagram: Calling App 0x02 with params 0x000a
04-21 00:10:32.912   615  2091 D libnos_datagram: App 0x02 returning 0x0
04-21 00:10:32.912   615  2091 I citadeld: reportCitadelAppCalled app_id =  2 arg = 10 app_status = 0
04-21 00:10:32.912   615  2091 I citadeld: Recorded atom for RPC call
04-21 00:10:32.914  1643  1720 I DisplayDeviceRepository: Display device changed render timings: "Built-in Screen", renderFrameRate=120.00002, presentationDeadlineNanos=11499999, appVsyncOffsetNanos=6233332, frameRateOverrides=[{uid=10258 frameRateHz=120.00002}]
04-21 00:10:32.915   615  2091 D libnos_datagram: Calling App 0x02 with params 0x000b
04-21 00:10:32.920   615  2091 D libnos_datagram: App 0x02 returning 0x0
04-21 00:10:32.920   615  2091 I citadeld: reportCitadelAppCalled app_id =  2 arg = 11 app_status = 0
04-21 00:10:32.920   615  2091 I citadeld: Recorded atom for RPC call
04-21 00:10:32.920   615  2091 D libnos_datagram: Calling App 0x02 with params 0x000c
04-21 00:10:32.926   615  2091 D libnos_datagram: App 0x02 returning 0x0
04-21 00:10:32.926   615  2091 I citadeld: reportCitadelAppCalled app_id =  2 arg = 12 app_status = 0
04-21 00:10:32.926   615  2091 I citadeld: Recorded atom for RPC call
04-21 00:10:32.927   615  2091 D libnos_datagram: Calling App 0x02 with params 0x000a
04-21 00:10:32.940   615  2091 D libnos_datagram: App 0x02 returning 0x0
04-21 00:10:32.940   615  2091 I citadeld: reportCitadelAppCalled app_id =  2 arg = 10 app_status = 0
04-21 00:10:32.940   615  2091 I citadeld: Recorded atom for RPC call
04-21 00:10:32.943   615  2091 D libnos_datagram: Calling App 0x02 with params 0x000b
04-21 00:10:32.948   615  2091 D libnos_datagram: App 0x02 returning 0x0
04-21 00:10:32.948   615  2091 I citadeld: reportCitadelAppCalled app_id =  2 arg = 11 app_status = 0
04-21 00:10:32.948   615  2091 I citadeld: Recorded atom for RPC call
04-21 00:10:32.949   615  2091 D libnos_datagram: Calling App 0x02 with params 0x000c
04-21 00:10:32.954   615  2091 D libnos_datagram: App 0x02 returning 0x0
04-21 00:10:32.954   615  2091 I citadeld: reportCitadelAppCalled app_id =  2 arg = 12 app_status = 0
04-21 00:10:32.954   615  2091 I citadeld: Recorded atom for RPC call
04-21 00:10:32.994   615  2091 D libnos_datagram: Calling App 0x02 with params 0x000a
04-21 00:10:33.009   615  2091 D libnos_datagram: App 0x02 returning 0x0
04-21 00:10:33.009   615  2091 I citadeld: reportCitadelAppCalled app_id =  2 arg = 10 app_status = 0
04-21 00:10:33.009   615  2091 I citadeld: Recorded atom for RPC call
04-21 00:10:33.013   615  2091 D libnos_datagram: Calling App 0x02 with params 0x000c
04-21 00:10:33.019   615  2091 D libnos_datagram: App 0x02 returning 0x0
04-21 00:10:33.019   615  2091 I citadeld: reportCitadelAppCalled app_id =  2 arg = 12 app_status = 0
04-21 00:10:33.019   615  2091 I citadeld: Recorded atom for RPC call
04-21 00:10:33.020   615  2091 D libnos_datagram: Calling App 0x02 with params 0x000a
04-21 00:10:33.033   615  2091 D libnos_datagram: App 0x02 returning 0x0
04-21 00:10:33.033   615  2091 I citadeld: reportCitadelAppCalled app_id =  2 arg = 10 app_status = 0
04-21 00:10:33.033   615  2091 I citadeld: Recorded atom for RPC call
04-21 00:10:33.037   615  2091 D libnos_datagram: Calling App 0x02 with params 0x000c
04-21 00:10:33.042   615  2091 D libnos_datagram: App 0x02 returning 0x0
04-21 00:10:33.042   615  2091 I citadeld: reportCitadelAppCalled app_id =  2 arg = 12 app_status = 0
04-21 00:10:33.042   615  2091 I citadeld: Recorded atom for RPC call
04-21 00:10:33.047   615  2091 D libnos_datagram: Calling App 0x02 with params 0x000a
04-21 00:10:33.061   615  2091 D libnos_datagram: App 0x02 returning 0x0
04-21 00:10:33.061   615  2091 I citadeld: reportCitadelAppCalled app_id =  2 arg = 10 app_status = 0
04-21 00:10:33.061   615  2091 I citadeld: Recorded atom for RPC call
04-21 00:10:33.064   615  2091 D libnos_datagram: Calling App 0x02 with params 0x000b
04-21 00:10:33.069   615  2091 D libnos_datagram: App 0x02 returning 0x0
04-21 00:10:33.069   615  2091 I citadeld: reportCitadelAppCalled app_id =  2 arg = 11 app_status = 0
04-21 00:10:33.069   615  2091 I citadeld: Recorded atom for RPC call
04-21 00:10:33.069   615  2091 D libnos_datagram: Calling App 0x02 with params 0x000c
04-21 00:10:33.075   615  2091 D libnos_datagram: App 0x02 returning 0x0
04-21 00:10:33.075   615  2091 I citadeld: reportCitadelAppCalled app_id =  2 arg = 12 app_status = 0
04-21 00:10:33.075   615  2091 I citadeld: Recorded atom for RPC call
04-21 00:10:33.076   615  2091 D libnos_datagram: Calling App 0x02 with params 0x000a
04-21 00:10:33.089   615  2091 D libnos_datagram: App 0x02 returning 0x0
04-21 00:10:33.089   615  2091 I citadeld: reportCitadelAppCalled app_id =  2 arg = 10 app_status = 0
04-21 00:10:33.089   615  2091 I citadeld: Recorded atom for RPC call
04-21 00:10:33.091   615  2091 D libnos_datagram: Calling App 0x02 with params 0x000b
04-21 00:10:33.096   615  2091 D libnos_datagram: App 0x02 returning 0x0
04-21 00:10:33.096   615  2091 I citadeld: reportCitadelAppCalled app_id =  2 arg = 11 app_status = 0
04-21 00:10:33.096   615  2091 I citadeld: Recorded atom for RPC call
04-21 00:10:33.096   615  2091 D libnos_datagram: Calling App 0x02 with params 0x000c
04-21 00:10:33.102   615  2091 D libnos_datagram: App 0x02 returning 0x0
04-21 00:10:33.102   615  2091 I citadeld: reportCitadelAppCalled app_id =  2 arg = 12 app_status = 0
04-21 00:10:33.102   615  2091 I citadeld: Recorded atom for RPC call
04-21 00:10:33.111   615  2091 D libnos_datagram: Calling App 0x02 with params 0x000a
04-21 00:10:33.126   615  2091 D libnos_datagram: App 0x02 returning 0x0
04-21 00:10:33.126   615  2091 I citadeld: reportCitadelAppCalled app_id =  2 arg = 10 app_status = 0
04-21 00:10:33.126   615  2091 I citadeld: Recorded atom for RPC call
04-21 00:10:33.128   615  2091 D libnos_datagram: Calling App 0x02 with params 0x000c
04-21 00:10:33.133   615  2091 D libnos_datagram: App 0x02 returning 0x0
04-21 00:10:33.133   615  2091 I citadeld: reportCitadelAppCalled app_id =  2 arg = 12 app_status = 0
04-21 00:10:33.133   615  2091 I citadeld: Recorded atom for RPC call
04-21 00:10:33.135   615  2091 D libnos_datagram: Calling App 0x02 with params 0x000a
04-21 00:10:33.148   615  2091 D libnos_datagram: App 0x02 returning 0x0
04-21 00:10:33.148   615  2091 I citadeld: reportCitadelAppCalled app_id =  2 arg = 10 app_status = 0
04-21 00:10:33.148   615  2091 I citadeld: Recorded atom for RPC call
04-21 00:10:33.150   615  2091 D libnos_datagram: Calling App 0x02 with params 0x000c
04-21 00:10:33.155   615  2091 D libnos_datagram: App 0x02 returning 0x0
04-21 00:10:33.155   615  2091 I citadeld: reportCitadelAppCalled app_id =  2 arg = 12 app_status = 0
04-21 00:10:33.155   615  2091 I citadeld: Recorded atom for RPC call
04-21 00:10:33.157   615  2091 D libnos_datagram: Calling App 0x02 with params 0x000a
04-21 00:10:33.170   615  2091 D libnos_datagram: App 0x02 returning 0x0
04-21 00:10:33.170   615  2091 I citadeld: reportCitadelAppCalled app_id =  2 arg = 10 app_status = 0
04-21 00:10:33.170   615  2091 I citadeld: Recorded atom for RPC call
04-21 00:10:33.172   615  2091 D libnos_datagram: Calling App 0x02 with params 0x000b
04-21 00:10:33.177   615  2091 D libnos_datagram: App 0x02 returning 0x0
04-21 00:10:33.177   615  2091 I citadeld: reportCitadelAppCalled app_id =  2 arg = 11 app_status = 0
04-21 00:10:33.177   615  2091 I citadeld: Recorded atom for RPC call
04-21 00:10:33.177   615  2091 D libnos_datagram: Calling App 0x02 with params 0x000c
04-21 00:10:33.182   615  2091 D libnos_datagram: App 0x02 returning 0x0
04-21 00:10:33.182   615  2091 I citadeld: reportCitadelAppCalled app_id =  2 arg = 12 app_status = 0
04-21 00:10:33.182   615  2091 I citadeld: Recorded atom for RPC call
04-21 00:10:33.185   615  2091 D libnos_datagram: Calling App 0x02 with params 0x000a
04-21 00:10:33.198   615  2091 D libnos_datagram: App 0x02 returning 0x0
04-21 00:10:33.198   615  2091 I citadeld: reportCitadelAppCalled app_id =  2 arg = 10 app_status = 0
04-21 00:10:33.198   615  2091 I citadeld: Recorded atom for RPC call
04-21 00:10:33.201   615  2091 D libnos_datagram: Calling App 0x02 with params 0x000c
04-21 00:10:33.207   615  2091 D libnos_datagram: App 0x02 returning 0x0
04-21 00:10:33.207   615  2091 I citadeld: reportCitadelAppCalled app_id =  2 arg = 12 app_status = 0
04-21 00:10:33.207   615  2091 I citadeld: Recorded atom for RPC call
04-21 00:10:33.208   615  2091 D libnos_datagram: Calling App 0x02 with params 0x000a
04-21 00:10:33.221   615  2091 D libnos_datagram: App 0x02 returning 0x0
04-21 00:10:33.221   615  2091 I citadeld: reportCitadelAppCalled app_id =  2 arg = 10 app_status = 0
04-21 00:10:33.221   615  2091 I citadeld: Recorded atom for RPC call
04-21 00:10:33.224   615  2091 D libnos_datagram: Calling App 0x02 with params 0x000c
04-21 00:10:33.229   615  2091 D libnos_datagram: App 0x02 returning 0x0
04-21 00:10:33.229   615  2091 I citadeld: reportCitadelAppCalled app_id =  2 arg = 12 app_status = 0
04-21 00:10:33.229   615  2091 I citadeld: Recorded atom for RPC call
04-21 00:10:33.230   615  2091 D libnos_datagram: Calling App 0x02 with params 0x000a
04-21 00:10:33.244   615  2091 D libnos_datagram: App 0x02 returning 0x0
04-21 00:10:33.244   615  2091 I citadeld: reportCitadelAppCalled app_id =  2 arg = 10 app_status = 0
04-21 00:10:33.244   615  2091 I citadeld: Recorded atom for RPC call
04-21 00:10:33.245   615  2091 D libnos_datagram: Calling App 0x02 with params 0x000b
04-21 00:10:33.250   615  2091 D libnos_datagram: App 0x02 returning 0x0
04-21 00:10:33.250   615  2091 I citadeld: reportCitadelAppCalled app_id =  2 arg = 11 app_status = 0
04-21 00:10:33.250   615  2091 I citadeld: Recorded atom for RPC call
04-21 00:10:33.250   615  2091 D libnos_datagram: Calling App 0x02 with params 0x000c
04-21 00:10:33.256   615  2091 D libnos_datagram: App 0x02 returning 0x0
04-21 00:10:33.256   615  2091 I citadeld: reportCitadelAppCalled app_id =  2 arg = 12 app_status = 0
04-21 00:10:33.256   615  2091 I citadeld: Recorded atom for RPC call
04-21 00:10:33.262  5705 16102 I edka    : (REDACTED) appOpsListener %s %s
04-21 00:10:33.263  5705 16102 I edka    : (REDACTED) Ignoring irrelevant audio permission changes for package %s
04-21 00:10:33.311 16311 16311 I HWUI    : Using FreeType backend (prop=Auto)
04-21 00:10:33.340  1330  1529 I RFSD    : [RfsService::Nv] ProcessMessage : RFS_IO_REQUEST
04-21 00:10:33.340  1330  1529 D RFSD    : [RfsService::File] Seek temp file
04-21 00:10:33.342  1330  1529 D RFSD    : [RfsService::File] Write temp file
04-21 00:10:33.346 16311 16311 D CompatChangeReporter: Compat change id reported: 289878283; UID 10451; state: ENABLED
04-21 00:10:33.347  1330  1529 D RFSD    : [RfsService::File] Write temp file
04-21 00:10:33.349  1330  1529 D RFSD    : [RfsService::File] Write temp file
04-21 00:10:33.352  1330  1529 D RFSD    : [RfsService::File] Write temp file
04-21 00:10:33.354  1330  1529 D RFSD    : [RfsService::File] Write temp file
04-21 00:10:33.356  1330  1529 D RFSD    : [RfsService::File] Write temp file
04-21 00:10:33.358  1330  1529 D RFSD    : [RfsService::File] Write temp file
04-21 00:10:33.361  1330  1529 D RFSD    : [RfsService::File] Write temp file
04-21 00:10:33.364  1330  1529 D RFSD    : [RfsService::File] Write temp file
04-21 00:10:33.366  1330  1529 D RFSD    : [RfsService::File] Write temp file
04-21 00:10:33.369  1330  1529 D RFSD    : [RfsService::File] Write temp file
04-21 00:10:33.371  1330  1529 D RFSD    : [RfsService::File] Write temp file
04-21 00:10:33.375  1330  1529 D RFSD    : [RfsService::File] Write temp file
04-21 00:10:33.376   618  4360 W libbinder.ServiceManagerCppClient: Permission failure: android.permission.ACCESS_SURFACE_FLINGER from uid=10451 pid=16311
04-21 00:10:33.376   618  4360 D libbinder.PermissionCache: checking android.permission.ACCESS_SURFACE_FLINGER for uid=10451 => denied (214 us)
04-21 00:10:33.376   618  4360 W libbinder.ServiceManagerCppClient: Permission failure: android.permission.ROTATE_SURFACE_FLINGER from uid=10451 pid=16311
04-21 00:10:33.376   618  4360 D libbinder.PermissionCache: checking android.permission.ROTATE_SURFACE_FLINGER for uid=10451 => denied (121 us)
04-21 00:10:33.376   618  4360 W libbinder.ServiceManagerCppClient: Permission failure: android.permission.INTERNAL_SYSTEM_WINDOW from uid=10451 pid=16311
04-21 00:10:33.376   618  4360 D libbinder.PermissionCache: checking android.permission.INTERNAL_SYSTEM_WINDOW for uid=10451 => denied (46 us)
04-21 00:10:33.376   618  4360 W libbinder.ServiceManagerCppClient: Permission failure: android.permission.READ_FRAME_BUFFER from uid=10451 pid=16311
04-21 00:10:33.376   618  4360 D libbinder.PermissionCache: checking android.permission.READ_FRAME_BUFFER for uid=10451 => denied (41 us)
04-21 00:10:33.377  1330  1529 D RFSD    : [RfsService::File] Write temp file
04-21 00:10:33.379  1330  1529 D RFSD    : [RfsService::File] Write temp file
04-21 00:10:33.382  1330  1529 D RFSD    : [RfsService::File] Write temp file
04-21 00:10:33.386  1330  1529 D RFSD    : [RfsService::File] Write temp file
04-21 00:10:33.389  1330  1529 D RFSD    : [RfsService::File] Write temp file
04-21 00:10:33.392  1330  1529 D RFSD    : [RfsService::File] Write temp file
04-21 00:10:33.394  1330  1529 D RFSD    : [RfsService::File] Write temp file
04-21 00:10:33.396  1330  1529 D RFSD    : [RfsService::File] Write temp file
04-21 00:10:33.399  1330  1529 D RFSD    : [RfsService::File] Write temp file
04-21 00:10:33.401  1330  1529 D RFSD    : [RfsService::File] Write temp file
04-21 00:10:33.403  1330  1529 D RFSD    : [RfsService::File] Write temp file
04-21 00:10:33.406  1330  1529 D RFSD    : [RfsService::File] Write temp file
04-21 00:10:33.408  1330  1529 D RFSD    : [RfsService::File] Write temp file
04-21 00:10:33.410  1330  1529 D RFSD    : [RfsService::File] Write temp file
04-21 00:10:33.421   820  4348 W powerhal-libperfmgr: The actual duration is way far from the target (807553224 >> 11620000)
04-21 00:10:33.421  1643  5862 W libbinder.ServiceManagerCppClient: Permission failure: android.permission.ACCESS_SURFACE_FLINGER from uid=10451 pid=0
04-21 00:10:33.421  1643  5862 D libbinder.PermissionCache: checking android.permission.ACCESS_SURFACE_FLINGER for uid=10451 => denied (89 us)
04-21 00:10:33.421  1643  5862 W libbinder.ServiceManagerCppClient: Permission failure: android.permission.ROTATE_SURFACE_FLINGER from uid=10451 pid=0
04-21 00:10:33.421  1643  5862 D libbinder.PermissionCache: checking android.permission.ROTATE_SURFACE_FLINGER for uid=10451 => denied (11 us)
04-21 00:10:33.421  1643  5862 W libbinder.ServiceManagerCppClient: Permission failure: android.permission.INTERNAL_SYSTEM_WINDOW from uid=10451 pid=0
04-21 00:10:33.421  1643  5862 D libbinder.PermissionCache: checking android.permission.INTERNAL_SYSTEM_WINDOW for uid=10451 => denied (8 us)
04-21 00:10:33.421  1643  5862 W libbinder.ServiceManagerCppClient: Permission failure: android.permission.READ_FRAME_BUFFER from uid=10451 pid=0
04-21 00:10:33.421  1643  5862 D libbinder.PermissionCache: checking android.permission.READ_FRAME_BUFFER for uid=10451 => denied (9 us)
04-21 00:10:33.424  1643  1710 I ActivityTaskManager: Displayed com.adamoutler.ssh/.MainActivity for user 0: +1s458ms
04-21 00:10:33.428  1330  1529 D RFSD    : [RfsService::File] Write temp file
04-21 00:10:33.430  1330  1529 D RFSD    : [RfsService::File] Write temp file
04-21 00:10:33.433  1330  1529 D RFSD    : [RfsService::File] Write temp file
04-21 00:10:33.435  1330  1529 D RFSD    : [RfsService::File] Write temp file
04-21 00:10:33.437  1330  1529 D RFSD    : [RfsService::File] Write temp file
04-21 00:10:33.438 16311 16311 I Choreographer: Skipped 97 frames!  The application may be doing too much work on its main thread.
04-21 00:10:33.439  1643  1720 I DisplayDeviceRepository: Display device changed render timings: "Built-in Screen", renderFrameRate=120.00002, presentationDeadlineNanos=11499999, appVsyncOffsetNanos=6233332, frameRateOverrides=[{uid=10247 frameRateHz=120.00002}, {uid=10258 frameRateHz=120.00002}, {uid=10451 frameRateHz=120.00002}]
04-21 00:10:33.440 16311 16353 I HWUI    : Davey! duration=807ms; Flags=1, FrameTimelineVsyncId=2895971, IntendedVsync=233303073181389, Vsync=233303073181389, InputEventId=0, HandleInputStart=233303073479883, AnimationStart=233303073480860, PerformTraversalsStart=233303073481389, DrawStart=233303848139877, FrameDeadline=233303089781389, FrameStartTime=233303073477116, FrameInterval=8330424, WorkloadTarget=16600000, SyncQueued=233303855182398, SyncStart=233303856497136, IssueDrawCommandsStart=233303856550969, SwapBuffers=233303880638412, FrameCompleted=233303881758448, DequeueBufferDuration=6632, QueueBufferDuration=157837, GpuCompleted=233303881758448, SwapBuffersCompleted=233303880831935, DisplayPresentTime=0, CommandSubmissionCompleted=233303880638412, 
04-21 00:10:33.443  1330  1529 D RFSD    : [RfsService::File] Write temp file
04-21 00:10:33.446  1330  1529 D RFSD    : [RfsService::File] Write temp file
04-21 00:10:33.448  1330  1529 D RFSD    : [RfsService::File] Write temp file
04-21 00:10:33.452  1330  1529 D RFSD    : [RfsService::File] Write temp file
04-21 00:10:33.454 15746 15784 I FontLog : (REDACTED) Received query %s, URI %s
04-21 00:10:33.455 15746 15784 I FontLog : (REDACTED) Query [%s] resolved to %s
04-21 00:10:33.455  1330  1529 D RFSD    : [RfsService::File] Write temp file
04-21 00:10:33.456 15746 15784 I FontLog : (REDACTED) Fetch %s end status %s
04-21 00:10:33.457  1330  1529 D RFSD    : [RfsService::File] Write temp file
04-21 00:10:33.457 16311 16365 I HWUI    : Davey! duration=819ms; Flags=0, FrameTimelineVsyncId=2895986, IntendedVsync=233303089830609, Vsync=233303897821403, InputEventId=0, HandleInputStart=233303898477564, AnimationStart=233303898478582, PerformTraversalsStart=233303906480128, DrawStart=233303906572454, FrameDeadline=233303906162941, FrameStartTime=233303898169296, FrameInterval=8329802, WorkloadTarget=16600000, SyncQueued=233303908161687, SyncStart=233303908208766, IssueDrawCommandsStart=233303908257065, SwapBuffers=233303909031642, FrameCompleted=233303909859604, DequeueBufferDuration=6592, QueueBufferDuration=85938, GpuCompleted=233303909859604, SwapBuffersCompleted=233303909133977, DisplayPresentTime=0, CommandSubmissionCompleted=233303909031642, 
04-21 00:10:33.458 15746 15784 I FontLog : (REDACTED) Pulling font file for id = %d, cache size = %d
04-21 00:10:33.459  1643  2263 I ImeTracker: com.adamoutler.ssh:3f00cee6: onRequestHide at ORIGIN_SERVER reason HIDE_UNSPECIFIED_WINDOW fromUser false userId 0 displayId 0
04-21 00:10:33.459  1643  5862 E TransitionChain: Can't collect into a chain with no transition
04-21 00:10:33.459  1643  5862 E TransitionChain: Can't collect into a chain with no transition
04-21 00:10:33.459  1330  1529 D RFSD    : [RfsService::File] Write temp file
04-21 00:10:33.460  1643  2233 W UsageStatsService: Unexpected activity event reported! (com.google.android.googlequicksearchbox/com.google.android.apps.search.googleapp.activity.GoogleAppActivity event : 23 instanceId : 134096066)
04-21 00:10:33.460 16311 16311 D InsetsController: hide(ime())
04-21 00:10:33.460 16311 16311 I ImeTracker: com.adamoutler.ssh:3f00cee6: onCancelled at PHASE_CLIENT_ALREADY_HIDDEN
04-21 00:10:33.461 15746 15784 I FontLog : (REDACTED) Pulling font file for id = %d, cache size = %d
04-21 00:10:33.462  1643  5862 W ActivityTaskManager: Request to remove task ignored for non-existent task 3813
04-21 00:10:33.462  1643  5862 W ActivityTaskManager: Request to remove task ignored for non-existent task 3808
04-21 00:10:33.462  1330  1529 D RFSD    : [RfsService::File] Write temp file
04-21 00:10:33.464 29640 29640 D RecentsView: onTaskRemoved: 3815, not handling task stack changes
04-21 00:10:33.464 29640 29640 D RecentsView: onTaskRemoved: 3815, not handling task stack changes
04-21 00:10:33.466 29640 29640 D b/417220811: invalidateLoadedTasks - previous requestLoadId: -1
04-21 00:10:33.466 29640 29640 D b/417220811: invalidateLoadedTasks - previous requestLoadId: -1
04-21 00:10:33.466 29640 29640 D b/417220811: invalidateLoadedTasks - previous requestLoadId: -1
04-21 00:10:33.467 22674 22674 I GoogleInputMethodService: GoogleInputMethodService.onFinishInput():2259 
04-21 00:10:33.467  4233  4277 V ShellTaskOrganizer: Task vanished taskId=3815
04-21 00:10:33.467  4233  4277 V ShellTaskOrganizer: Fullscreen Task Vanished: #3815
04-21 00:10:33.467  4233  4277 V ShellDesktopMode: Task Vanished: #3815 closed=true
04-21 00:10:33.467  4233  4277 D ShellDesktopMode: AppToWebRepository: Task 3815 is vanishing. Removing task data from repository
04-21 00:10:33.467  1330  1529 D RFSD    : [RfsService::File] Write temp file
04-21 00:10:33.467 29640 29640 D b/417220811: invalidateLoadedTasks - previous requestLoadId: -1
04-21 00:10:33.468  4233  4277 V AppCompat: SingleSurfaceLetterboxController: [3822]
04-21 00:10:33.468  4233  4277 V AppCompat: MultiSurfaceLetterboxController: []
04-21 00:10:33.468  4233  4277 V AppCompat: LetterboxInputController: [3822]
04-21 00:10:33.468  4233  4277 V AppCompat: RoundedCornersLetterboxController: {}
04-21 00:10:33.468 22674 22674 I Module  : DeviceLockedStatusModuleProvider$Module.updateDeviceLockedStatus():103 repeatCheckTimes = 0, locked = false
04-21 00:10:33.469 22674 22674 I GoogleInputMethodService: GoogleInputMethodService.onStartInput():1446 onStartInput(EditorInfo{EditorInfo{packageName=com.adamoutler.ssh, inputType=0, inputTypeString=NULL, enableLearning=false, autoCorrection=false, autoComplete=false, imeOptions=0, privateImeOptions=null, actionName=UNSPECIFIED, actionLabel=null, initialSelStart=-1, initialSelEnd=-1, initialCapsMode=0, label=null, fieldId=0, fieldName=null, extras=null, hintText=null, hintLocales=[]}}, false)
04-21 00:10:33.469 22674 22674 W AndroidIME: LatinIMEBase.updateInputViewCoverNavigation():327 Null input view, cannot update padding!
04-21 00:10:33.469  4433  4539 D UidImportanceSource: onUidImportanceBlock: uid=10174 importance=400
04-21 00:10:33.469  4433  4539 D UidImportanceSource: onUidImportanceBlock: packages=[com.google.android.deskclock] importance=400
04-21 00:10:33.469  4433  4539 D UidImportanceSource: onUidImportanceBlock: packageName=com.google.android.deskclock importance=400
04-21 00:10:33.469  4433  4539 D BusinessScope: Enqueuing the block
04-21 00:10:33.469  4433  4712 D BusinessScope: Start running the #48747 block
04-21 00:10:33.469  4433  4712 D BusinessScope: Enqueuing the block
04-21 00:10:33.469  4433  4712 D ImpulseStateSource: Notify clients: 24368
04-21 00:10:33.469  4433  4712 D BusinessScope: Finish running the #48747 block
04-21 00:10:33.469  4433  4712 D BusinessScope: Start running the #48748 block
04-21 00:10:33.469  4433  4712 D BusinessScope: Finish running the #48748 block
04-21 00:10:33.470 22674 22674 I Module  : DeviceLockedStatusModuleProvider$Module.updateDeviceLockedStatus():103 repeatCheckTimes = 1, locked = false
04-21 00:10:33.470  1643  1710 D HintManagerService: Sent cleanup message for uid 10174
04-21 00:10:33.470  5599  5599 W WorkProfileController: Not running on work profile, skipping.
04-21 00:10:33.470  1330  1529 D RFSD    : [RfsService::File] Write temp file
04-21 00:10:33.470  1643  7133 W PackageConfigPersister: App-specific configuration not found for packageName: com.adamoutler.ssh and userId: 0
04-21 00:10:33.471  1643  4653 I ImeTracker: system_server:b956a6cf: onRequestHide at ORIGIN_SERVER reason IME_REQUESTED_CHANGED_LISTENER fromUser false displayId 0
04-21 00:10:33.471  1643  1720 I ImeTracker: system_server:b956a6cf: onCancelled at PHASE_SERVER_SHOULD_HIDE
04-21 00:10:33.475  1330  1529 D RFSD    : [RfsService::File] Write temp file
04-21 00:10:33.477  1330  1529 D RFSD    : [RfsService::File] Write temp file
04-21 00:10:33.480  1330  1529 D RFSD    : [RfsService::File] Write temp file
04-21 00:10:33.483  1330  1529 D RFSD    : [RfsService::File] Write temp file
04-21 00:10:33.485  1330  1529 D RFSD    : [RfsService::File] Write temp file
04-21 00:10:33.485  1330  1529 D RFSD    : [RfsService::File] Sync temp file
04-21 00:10:33.486  1330  1529 I RFSD    : CNvFile::OnWriteDone
04-21 00:10:33.486  1330  1529 D RFSD    : CNvFile::OnWriteDone : Write from temp file to nv file
04-21 00:10:33.491  1330  1529 W RFSD    : [CsumCheckForFileAndForceCrash] /mnt/vendor/efs/nv_normal.bin checksum : verified
04-21 00:10:33.491  1330  1529 I RFSD    : [RfsService::Nv] CsumUpdate
04-21 00:10:33.491  1330  1529 I RFSD    : [RfsService::Nv] CsumCalc
04-21 00:10:33.493  1643  4189 D BackgroundInstallControlService: Package event received: 0
04-21 00:10:33.504  1330  1529 I RFSD    : [RfsService::Nv] ProcessMessage : RFS_OP_STATUS
04-21 00:10:33.504  1330  1529 I RFSD    : [RfsService::Nv] ProcessMessage : RFS_STATUS_SUCCESS
04-21 00:10:33.505  1132  1219 W shamp   : Unknown packet received with channel id 132.
04-21 00:10:33.506  1132  1219 I shamp   : Modem: [PowerThermal] [RFSD] Flush Registry to Flash. fileName: ../../../PALCommon/PLT/Platform_EV/HAL/Common/driver/Dcxo/src/module_dcxo.c, lineNum: 365, nvId: 113, nvName: LTE.RX_DCXO_TRAIN_DATA_TEMP, EfsSyncCount: 464, actualCP2APCount: 13
04-21 00:10:33.562 29640 29640 D b/417220811: invalidateLoadedTasks - previous requestLoadId: -1
04-21 00:10:33.756   615   632 D libnos_datagram: Calling App 0x00 with params 0x0200
04-21 00:10:33.786   615   632 D libnos_datagram: App 0x00 returning 0x0
04-21 00:10:33.808  4233  4310 D WindowOnBackDispatcher: setTopOnBackInvokedCallback (unwrapped): null
04-21 00:10:33.809  1643  7133 D CoreBackPreview: Window{f295de8 u0 Splash Screen com.adamoutler.ssh EXITING}: Setting back callback null
04-21 00:10:33.975  1643  1720 I DisplayDeviceRepository: Display device changed render timings: "Built-in Screen", renderFrameRate=120.00002, presentationDeadlineNanos=11499999, appVsyncOffsetNanos=6233332, frameRateOverrides=[{uid=10247 frameRateHz=60.00001}, {uid=10451 frameRateHz=120.00002}]
04-21 00:10:34.477  1643  2243 D HintManagerService: Starts cleaning for 10174
04-21 00:10:34.698  1643  1720 I DisplayDeviceRepository: Display device changed render timings: "Built-in Screen", renderFrameRate=120.00002, presentationDeadlineNanos=11499999, appVsyncOffsetNanos=6233332, frameRateOverrides=[{uid=10451 frameRateHz=120.00002}]
04-21 00:10:35.084  5707  6130 I AiAiPwm : Entity IDs specified for removal but none maps to a valid document ID.
04-21 00:10:35.245  1126  5674 I WifiHAL : Creating message to get link statistics; iface = 47
04-21 00:10:35.359  1126  5674 E libbinder.IPCThreadState: binder thread pool (1 threads) starved for 114 ms
04-21 00:10:35.359  1126  1126 I WifiHAL : Getting cached scan results, iface handle = 0xb4000075c5edd690
04-21 00:10:35.359  1126  1126 E WifiHAL : Creating message to get cached scan results
04-21 00:10:35.372  1126  1126 I WifiHAL : In GetCachedScanResultsCommand::handleResponse
04-21 00:10:35.441  1643  4139 D ConnectivityService: NetReassign [no changes] [c 2] [a 1] [i 4]
04-21 00:10:36.256  1643  2242 D ActivityManager: freezing 4724 com.android.settings
04-21 00:10:36.265  1643  2242 D ActivityManager: freezing 7824 com.google.android.settings.intelligence
04-21 00:10:36.271  1643  2242 D ActivityManager: freezing 11462 com.google.android.packageinstaller
04-21 00:10:36.280  1643  4139 D InetDiagMessage: Destroyed 0 sockets, proto=IPPROTO_TCP, family=AF_INET, states=14
04-21 00:10:36.283  1643  4139 D InetDiagMessage: Destroyed 0 sockets, proto=IPPROTO_TCP, family=AF_INET6, states=14
04-21 00:10:36.285  1643  4139 D InetDiagMessage: Destroyed live tcp sockets for uids={10137} in 8ms
04-21 00:10:36.287  1643  4139 D InetDiagMessage: Destroyed 0 sockets, proto=IPPROTO_TCP, family=AF_INET, states=14
04-21 00:10:36.290  1643  4139 D InetDiagMessage: Destroyed 0 sockets, proto=IPPROTO_TCP, family=AF_INET6, states=14
04-21 00:10:36.290  1643  4139 D InetDiagMessage: Destroyed live tcp sockets for uids={10095} in 5ms
04-21 00:10:36.399  1643  1720 I DisplayDeviceRepository: Display device changed render timings: "Built-in Screen", renderFrameRate=120.00002, presentationDeadlineNanos=11499999, appVsyncOffsetNanos=6233332, frameRateOverrides=[]
04-21 00:10:36.448  1643  2242 D ActivityManager: freezing 20751 com.google.android.apps.nbu.files
04-21 00:10:36.458  1643  4139 D InetDiagMessage: Destroyed 0 sockets, proto=IPPROTO_TCP, family=AF_INET, states=14
04-21 00:10:36.461  1643  4139 D InetDiagMessage: Destroyed 0 sockets, proto=IPPROTO_TCP, family=AF_INET6, states=14
04-21 00:10:36.461  1643  4139 D InetDiagMessage: Destroyed live tcp sockets for uids={10172} in 7ms
04-21 00:10:36.534 15746 15453 I NetworkScheduler.Stats: (REDACTED) Task %s/%s started execution. cause:%s exec_start_elapsed_seconds: %s
04-21 00:10:36.561 24926  8946 I PlayGamesServices[GamesSyncAdapter]: Starting sync for d5ec01cb
04-21 00:10:36.564 24926  8946 I PlayGamesServices[GamesSyncAdapter]: Sync duration for d5ec01cb: 2
04-21 00:10:36.588 15746 16271 I NetworkScheduler.Stats: (REDACTED) Task %s/%s finished executing. cause:%s result: %s elapsed_millis: %s uptime_millis: %s exec_start_elapsed_seconds: %s
04-21 00:10:36.600 24926  3954 I GetServiceValidatorImpl: (REDACTED) onGetService() from Client SDK version [%s], Module version [%s], PGA version [%s], Account [%s], Calling package [%s], Game package [%s]
04-21 00:10:36.602 24926  3954 W GetGamesServiceReqFacto: Parsing request with ignored arguments. signInOptionsBundle [Bundle[{com.google.android.gms.signin.internal.serverClientId=null, com.google.android.gms.signin.internal.usePromptModeForAuthCode=true, com.google.android.gms.signin.internal.logSessionId=null, com.google.android.gms.signin.internal.hostedDomain=null, com.google.android.gms.signin.internal.offlineAccessRequested=false, com.google.android.gms.signin.internal.waitForAccessTokenRefresh=false, com.google.android.gms.signin.internal.clientRequestedAccount=Account {name=<<default account>>, type=com.google}, com.google.android.gms.signin.internal.idTokenRequested=false, com.google.android.gms.signin.internal.forceCodeForRefreshToken=false}]], isRetryingSignIn [false], skipWelcomePopup [false], requireGooglePlus [false]
04-21 00:10:36.603 24926  3954 I GetGamesServiceReqFacto: Replacing request for `games` scope with `games_lite`
04-21 00:10:36.616 24926 16487 I SignInPerformer-6: (REDACTED) Handling request [%s], isFirstPartyCaller [%s]
04-21 00:10:36.617 24926 16487 I SignInPerformer-6: Successfully brokered first-party unauthenticated GamesService [CONTEXT service_id=1 ]
04-21 00:10:36.619 24926 16487 I GetGamesServiceV2Op: (REDACTED) Successfully brokered GamesService for request %s
04-21 00:10:36.645 15746 15746 D BoundBrokerSvc: onRebind: Intent { act=com.google.android.gms.findmydevice.spot.locationreporting.LocationReportUploadGmsTaskService.ACTION_TASK_READY dat=chimera-action:/... xflg=0x4 cmp=com.google.android.gms/.chimera.PersistentInternalBoundBrokerService }
04-21 00:10:36.647 15746 16486 I NetworkScheduler.Stats: (REDACTED) Task %s/%s started execution. cause:%s exec_start_elapsed_seconds: %s
04-21 00:10:36.655 15746 16271 I NetworkScheduler.Stats: (REDACTED) Task %s/%s finished executing. cause:%s result: %s elapsed_millis: %s uptime_millis: %s exec_start_elapsed_seconds: %s
04-21 00:10:36.659 15746 15746 D BoundBrokerSvc: onUnbind: Intent { act=com.google.android.gms.findmydevice.spot.locationreporting.LocationReportUploadGmsTaskService.ACTION_TASK_READY dat=chimera-action:/... xflg=0x4 cmp=com.google.android.gms/.chimera.PersistentInternalBoundBrokerService }
04-21 00:10:36.663 15746 16075 I GmsCoreXrpcWrapper: (REDACTED) Creating a custom channel provider with trafficStatsTag=%d trafficStatsUid=%d
04-21 00:10:36.673 15746 16075 I LocationReportUplIntOp: Uploading owner sightings. [CONTEXT service_id=284 ratelimit_period="5 MINUTES" ]
04-21 00:10:36.674 15746 16075 I GmsCoreXrpcWrapper: (REDACTED) Returning a channel provider with trafficStatsTag=%d trafficStatsUid=%d
04-21 00:10:36.811  1643  2242 D ActivityManager: freezing 27654 com.android.vending
04-21 00:10:36.816  1643  2242 D ActivityManager: freezing 7632 com.android.vending:background
04-21 00:10:37.123  1643  4139 D InetDiagMessage: Destroyed 0 sockets, proto=IPPROTO_TCP, family=AF_INET, states=14
04-21 00:10:37.128  1643  4139 D InetDiagMessage: Destroyed 0 sockets, proto=IPPROTO_TCP, family=AF_INET6, states=14
04-21 00:10:37.128  1643  4139 D InetDiagMessage: Destroyed live tcp sockets for uids={10309} in 9ms
04-21 00:10:37.131  1643  4139 D InetDiagMessage: Destroyed 0 sockets, proto=IPPROTO_TCP, family=AF_INET, states=14
04-21 00:10:37.134  1643  4139 D InetDiagMessage: Destroyed 0 sockets, proto=IPPROTO_TCP, family=AF_INET6, states=14
04-21 00:10:37.134  1643  4139 D InetDiagMessage: Destroyed live tcp sockets for uids={20309} in 6ms
04-21 00:10:37.235 16494 16494 W libbinder.BackendUnifiedServiceManager: Thread Pool max thread count is 0. Cannot cache binder as linkToDeath cannot be implemented. serviceName: SurfaceFlingerAIDL
04-21 00:10:37.235 16494 16494 W libbinder.BpBinder: Linking to death on android.gui.ISurfaceComposer but there are no threads (yet?) listening to incoming transactions. See ProcessState::startThreadPool and ProcessState::setThreadPoolMaxThreadCount. Generally you should setup the binder threadpool before other initialization steps.
04-21 00:10:37.235 16494 16494 W libbinder.ProcessState: Extra binder thread started, but 0 threads requested. Do not use *startThreadPool when zero threads are requested.
04-21 00:10:37.268  1643  4139 D InetDiagMessage: Destroyed 0 sockets, proto=IPPROTO_TCP, family=AF_INET, states=14
04-21 00:10:37.271  1643  4139 D InetDiagMessage: Destroyed 0 sockets, proto=IPPROTO_TCP, family=AF_INET6, states=14
04-21 00:10:37.271  1643  4139 D InetDiagMessage: Destroyed live tcp sockets for uids={10221} in 7ms
04-21 00:10:37.274  1643  4139 D InetDiagMessage: Destroyed 0 sockets, proto=IPPROTO_TCP, family=AF_INET, states=14
04-21 00:10:37.277  1643  4139 D InetDiagMessage: Destroyed 0 sockets, proto=IPPROTO_TCP, family=AF_INET6, states=14
04-21 00:10:37.277  1643  4139 D InetDiagMessage: Destroyed live tcp sockets for uids={20221} in 6ms
04-21 00:10:37.287 15746 16281 I cn_CronetUrlRequestContext: destroyNativeStreamLocked org.chromium.net.impl.CronetBidirectionalStream@52d88cf
04-21 00:10:37.303  1643  4139 D InetDiagMessage: Destroyed 0 sockets, proto=IPPROTO_TCP, family=AF_INET, states=14
04-21 00:10:37.306  1643  4139 D InetDiagMessage: Destroyed 2 sockets, proto=IPPROTO_TCP, family=AF_INET6, states=14
04-21 00:10:37.307  1643  4139 D InetDiagMessage: Destroyed live tcp sockets for uids={10179} in 6ms
04-21 00:10:37.738 29640 29640 D TaskbarManager: dispatchTouchEvent:  displayId=0 isDefaultDisplay=true
04-21 00:10:37.776 16311 16311 D ConnectionListScreen: Connecting to ${profile.nickname} (${profile.host})
04-21 00:10:37.778  1643  5943 I ActivityManager: Background started FGS: Allowed [callingPackage: com.adamoutler.ssh; callingUid: 10451; uidState: TOP ; uidBFSL: [BFSL]; intent: Intent { act=com.adamoutler.ssh.START_SSH xflg=0x4 cmp=com.adamoutler.ssh/.network.SshService (has extras) }; code:PROC_STATE_TOP; tempAllowListReason:<null>; allowWiu:12; targetSdkVersion:34; callerTargetSdkVersion:34; startForegroundCount:0; bindFromPackage:null: isBindService:false]
04-21 00:10:37.810 16311 16323 W .adamoutler.ssh: userfaultfd: MOVE ioctl seems unsupported: Try again
04-21 00:10:37.818  1643  4139 D InetDiagMessage: Destroyed 0 sockets, proto=IPPROTO_TCP, family=AF_INET, states=14
04-21 00:10:37.821  1643  4139 D InetDiagMessage: Destroyed 0 sockets, proto=IPPROTO_TCP, family=AF_INET6, states=14
04-21 00:10:37.821  1643  4139 D InetDiagMessage: Destroyed live tcp sockets for uids={10159} in 6ms
04-21 00:10:37.824  1643  4139 D InetDiagMessage: Destroyed 0 sockets, proto=IPPROTO_TCP, family=AF_INET, states=14
04-21 00:10:37.827  1643  4139 D InetDiagMessage: Destroyed 0 sockets, proto=IPPROTO_TCP, family=AF_INET6, states=14
04-21 00:10:37.827  1643  4139 D InetDiagMessage: Destroyed live tcp sockets for uids={20159} in 6ms
04-21 00:10:37.844 16311 16311 W WindowOnBackDispatcher: OnBackInvokedCallback is not enabled for the application.
04-21 00:10:37.844 16311 16311 W WindowOnBackDispatcher: Set 'android:enableOnBackInvokedCallback="true"' in the application manifest.
04-21 00:10:37.891 16311 16311 D nativeloader: Load /data/app/~~YPI-MXZxTSEUSN9GK73xqg==/com.adamoutler.ssh-Lor3RK4KXKSVUBaOQAAomA==/lib/arm64/libtermux.so using class loader ns clns-9 (caller=/data/app/~~YPI-MXZxTSEUSN9GK73xqg==/com.adamoutler.ssh-Lor3RK4KXKSVUBaOQAAomA==/base.apk!classes12.dex): ok
04-21 00:10:37.906 16311 16311 I .adamoutler.ssh: hiddenapi: Accessing hidden field Ljava/io/FileDescriptor;->descriptor:I (runtime_flags=CorePlatformApi, domain=core-platform, api=unsupported) from Lcom/termux/terminal/TerminalSession; (domain=app, TargetSdkVersion=34) using reflection: allowed
04-21 00:10:37.911 16311 16554 I TerminalScreen: SIGWINCH dispatched successfully: cols=235, rows=53, width=1881, height=906
04-21 00:10:37.956  1643  1917 W ForegroundServiceTypeLoggerModule: Foreground service start for UID: 10451 does not have any types
04-21 00:10:37.957  1643  4189 D BackgroundInstallControlService: Package event received: 0
04-21 00:10:37.982   615  2091 D libnos_datagram: Calling App 0x02 with params 0x000a
04-21 00:10:37.990 16311 16559 D ProfileInstaller: Installing profile for com.adamoutler.ssh
04-21 00:10:38.030   615  2091 D libnos_datagram: App 0x02 returning 0x0
04-21 00:10:38.030   615  2091 I citadeld: reportCitadelAppCalled app_id =  2 arg = 10 app_status = 0
04-21 00:10:38.030   615  2091 I citadeld: Recorded atom for RPC call
04-21 00:10:38.033   615  2091 D libnos_datagram: Calling App 0x02 with params 0x000c
04-21 00:10:38.039   615  2091 D libnos_datagram: App 0x02 returning 0x0
04-21 00:10:38.039   615  2091 I citadeld: reportCitadelAppCalled app_id =  2 arg = 12 app_status = 0
04-21 00:10:38.039   615  2091 I citadeld: Recorded atom for RPC call
04-21 00:10:38.041   615  2091 D libnos_datagram: Calling App 0x02 with params 0x000a
04-21 00:10:38.055   615  2091 D libnos_datagram: App 0x02 returning 0x0
04-21 00:10:38.055   615  2091 I citadeld: reportCitadelAppCalled app_id =  2 arg = 10 app_status = 0
04-21 00:10:38.055   615  2091 I citadeld: Recorded atom for RPC call
04-21 00:10:38.058   615  2091 D libnos_datagram: Calling App 0x02 with params 0x000c
04-21 00:10:38.063 16311 16311 D CompatChangeReporter: Compat change id reported: 258825825; UID 10451; state: ENABLED
04-21 00:10:38.064   615  2091 D libnos_datagram: App 0x02 returning 0x0
04-21 00:10:38.064   615  2091 I citadeld: reportCitadelAppCalled app_id =  2 arg = 12 app_status = 0
04-21 00:10:38.064   615  2091 I citadeld: Recorded atom for RPC call
04-21 00:10:38.067   615  2091 D libnos_datagram: Calling App 0x02 with params 0x000a
04-21 00:10:38.081   615  2091 D libnos_datagram: App 0x02 returning 0x0
04-21 00:10:38.081   615  2091 I citadeld: reportCitadelAppCalled app_id =  2 arg = 10 app_status = 0
04-21 00:10:38.081   615  2091 I citadeld: Recorded atom for RPC call
04-21 00:10:38.084   615  2091 D libnos_datagram: Calling App 0x02 with params 0x000b
04-21 00:10:38.090   615  2091 D libnos_datagram: App 0x02 returning 0x0
04-21 00:10:38.090   615  2091 I citadeld: reportCitadelAppCalled app_id =  2 arg = 11 app_status = 0
04-21 00:10:38.090   615  2091 I citadeld: Recorded atom for RPC call
04-21 00:10:38.091   615  2091 D libnos_datagram: Calling App 0x02 with params 0x000c
04-21 00:10:38.097   615  2091 D libnos_datagram: App 0x02 returning 0x0
04-21 00:10:38.097   615  2091 I citadeld: reportCitadelAppCalled app_id =  2 arg = 12 app_status = 0
04-21 00:10:38.097   615  2091 I citadeld: Recorded atom for RPC call
04-21 00:10:38.104   615  2091 D libnos_datagram: Calling App 0x02 with params 0x000a
04-21 00:10:38.118   615  2091 D libnos_datagram: App 0x02 returning 0x0
04-21 00:10:38.119   615  2091 I citadeld: reportCitadelAppCalled app_id =  2 arg = 10 app_status = 0
04-21 00:10:38.119   615  2091 I citadeld: Recorded atom for RPC call
04-21 00:10:38.124   615  2091 D libnos_datagram: Calling App 0x02 with params 0x000c
04-21 00:10:38.130   615  2091 D libnos_datagram: App 0x02 returning 0x0
04-21 00:10:38.130   615  2091 I citadeld: reportCitadelAppCalled app_id =  2 arg = 12 app_status = 0
04-21 00:10:38.130   615  2091 I citadeld: Recorded atom for RPC call
04-21 00:10:38.132   615  2091 D libnos_datagram: Calling App 0x02 with params 0x000a
04-21 00:10:38.146   615  2091 D libnos_datagram: App 0x02 returning 0x0
04-21 00:10:38.146   615  2091 I citadeld: reportCitadelAppCalled app_id =  2 arg = 10 app_status = 0
04-21 00:10:38.147   615  2091 I citadeld: Recorded atom for RPC call
04-21 00:10:38.151   615  2091 D libnos_datagram: Calling App 0x02 with params 0x000c
04-21 00:10:38.157   615  2091 D libnos_datagram: App 0x02 returning 0x0
04-21 00:10:38.157   615  2091 I citadeld: reportCitadelAppCalled app_id =  2 arg = 12 app_status = 0
04-21 00:10:38.157   615  2091 I citadeld: Recorded atom for RPC call
04-21 00:10:38.161   615  2091 D libnos_datagram: Calling App 0x02 with params 0x000a
04-21 00:10:38.175   615  2091 D libnos_datagram: App 0x02 returning 0x0
04-21 00:10:38.175   615  2091 I citadeld: reportCitadelAppCalled app_id =  2 arg = 10 app_status = 0
04-21 00:10:38.175   615  2091 I citadeld: Recorded atom for RPC call
04-21 00:10:38.183   615  2091 D libnos_datagram: Calling App 0x02 with params 0x000b
04-21 00:10:38.188   615  2091 D libnos_datagram: App 0x02 returning 0x0
04-21 00:10:38.188   615  2091 I citadeld: reportCitadelAppCalled app_id =  2 arg = 11 app_status = 0
04-21 00:10:38.188   615  2091 I citadeld: Recorded atom for RPC call
04-21 00:10:38.189   615  2091 D libnos_datagram: Calling App 0x02 with params 0x000c
04-21 00:10:38.195   615  2091 D libnos_datagram: App 0x02 returning 0x0
04-21 00:10:38.195   615  2091 I citadeld: reportCitadelAppCalled app_id =  2 arg = 12 app_status = 0
04-21 00:10:38.195   615  2091 I citadeld: Recorded atom for RPC call
04-21 00:10:38.352 15746 16075 I fpp     : Ranging Results Update: DeviceId=2003818520 Distance=10.0 (m) Type=BLE
04-21 00:10:38.432  1126  1126 I WifiHAL : Creating message to get link statistics; iface = 47
04-21 00:10:38.474  1643  4139 D InetDiagMessage: Destroyed 0 sockets, proto=IPPROTO_TCP, family=AF_INET, states=14
04-21 00:10:38.477  1643  4139 D InetDiagMessage: Destroyed 0 sockets, proto=IPPROTO_TCP, family=AF_INET6, states=14
04-21 00:10:38.477  1643  4139 D InetDiagMessage: Destroyed live tcp sockets for uids={10174} in 6ms
04-21 00:10:38.480  1643  4139 D InetDiagMessage: Destroyed 0 sockets, proto=IPPROTO_TCP, family=AF_INET, states=14
04-21 00:10:38.482  1643  4139 D InetDiagMessage: Destroyed 0 sockets, proto=IPPROTO_TCP, family=AF_INET6, states=14
04-21 00:10:38.482  1643  4139 D InetDiagMessage: Destroyed live tcp sockets for uids={20174} in 5ms
04-21 00:10:38.548 16311 16554 W SshConnectionManager: Could not load known_hosts, falling back to PromiscuousVerifier
04-21 00:10:38.548 16311 16554 W SshConnectionManager: java.io.IOException: Could not load known_hosts
04-21 00:10:38.548 16311 16554 W SshConnectionManager: 	at net.schmizz.sshj.SSHClient.loadKnownHosts(SSHClient.java:650)
04-21 00:10:38.548 16311 16554 W SshConnectionManager: 	at com.adamoutler.ssh.network.SshConnectionManager$connectPty$2.invokeSuspend(SshConnectionManager.kt:74)
04-21 00:10:38.548 16311 16554 W SshConnectionManager: 	at com.adamoutler.ssh.network.SshConnectionManager$connectPty$2.invoke(Unknown Source:8)
04-21 00:10:38.548 16311 16554 W SshConnectionManager: 	at com.adamoutler.ssh.network.SshConnectionManager$connectPty$2.invoke(Unknown Source:4)
04-21 00:10:38.548 16311 16554 W SshConnectionManager: 	at kotlinx.coroutines.intrinsics.UndispatchedKt.startUndispatchedOrReturn(Undispatched.kt:78)
04-21 00:10:38.548 16311 16554 W SshConnectionManager: 	at kotlinx.coroutines.BuildersKt__Builders_commonKt.withContext(Builders.common.kt:167)
04-21 00:10:38.548 16311 16554 W SshConnectionManager: 	at kotlinx.coroutines.BuildersKt.withContext(Unknown Source:1)
04-21 00:10:38.548 16311 16554 W SshConnectionManager: 	at com.adamoutler.ssh.network.SshConnectionManager.connectPty(SshConnectionManager.kt:65)
04-21 00:10:38.548 16311 16554 W SshConnectionManager: 	at com.adamoutler.ssh.network.SshConnectionManager.connectPty$default(SshConnectionManager.kt:60)
04-21 00:10:38.548 16311 16554 W SshConnectionManager: 	at com.adamoutler.ssh.network.SshService$startSshConnection$1.invokeSuspend(SshService.kt:96)
04-21 00:10:38.548 16311 16554 W SshConnectionManager: 	at kotlin.coroutines.jvm.internal.BaseContinuationImpl.resumeWith(ContinuationImpl.kt:33)
04-21 00:10:38.548 16311 16554 W SshConnectionManager: 	at kotlinx.coroutines.DispatchedTask.run(DispatchedTask.kt:108)
04-21 00:10:38.548 16311 16554 W SshConnectionManager: 	at kotlinx.coroutines.internal.LimitedDispatcher$Worker.run(LimitedDispatcher.kt:115)
04-21 00:10:38.548 16311 16554 W SshConnectionManager: 	at kotlinx.coroutines.scheduling.TaskImpl.run(Tasks.kt:103)
04-21 00:10:38.548 16311 16554 W SshConnectionManager: 	at kotlinx.coroutines.scheduling.CoroutineScheduler.runSafely(CoroutineScheduler.kt:584)
04-21 00:10:38.548 16311 16554 W SshConnectionManager: 	at kotlinx.coroutines.scheduling.CoroutineScheduler$Worker.executeTask(CoroutineScheduler.kt:793)
04-21 00:10:38.548 16311 16554 W SshConnectionManager: 	at kotlinx.coroutines.scheduling.CoroutineScheduler$Worker.runWorker(CoroutineScheduler.kt:697)
04-21 00:10:38.548 16311 16554 W SshConnectionManager: 	at kotlinx.coroutines.scheduling.CoroutineScheduler$Worker.run(CoroutineScheduler.kt:684)
04-21 00:10:38.575  1126  5674 I WifiHAL : Getting cached scan results, iface handle = 0xb4000075c5edd690
04-21 00:10:38.575  1126  5674 E WifiHAL : Creating message to get cached scan results
04-21 00:10:38.580  1126  5674 I WifiHAL : In GetCachedScanResultsCommand::handleResponse
04-21 00:10:38.581  1126  5674 E libbinder.IPCThreadState: binder thread pool (1 threads) starved for 148 ms
04-21 00:10:38.613  1643  4139 D ConnectivityService: NetReassign [no changes] [c 1] [a 1] [i 4]
04-21 00:10:38.695   615   632 D libnos_datagram: Calling App 0x00 with params 0x0200
04-21 00:10:38.725   615   632 D libnos_datagram: App 0x00 returning 0x0
04-21 00:10:38.977 16311 16554 D SshService: First SSH output received for default_test_profile
04-21 00:10:39.080 15746 16075 I NearbyMediums: Found Fast Ble Advertisements :
04-21 00:10:39.080 15746 16075 I NearbyMediums: BleAdvertisement { version=2, socketVersion=2, isFast=true, serviceIdHash=null, data=[ 0x23 0x35 0x56 0x34 0x5a 0x11 0x32 0xb3 0x9d 0xed 0x5f 0x04 0x18 0xf9 0x19 0x4f 0xb0 0x59 0x7f 0xc6 0x62 0x69 0x6e ], deviceToken=[ 0x50 0x5a ], rxAdvertisement=null } : 3 times.
04-21 00:10:39.080 15746 16075 I NearbyMediums: BleAdvertisement { version=2, socketVersion=2, isFast=true, serviceIdHash=null, data=[ 0x23 0x30 0x39 0x59 0x55 0x11 0x32 0x70 0x63 0x18 0x89 0x44 0xa9 0x57 0x71 0xc9 0x16 0x0c 0x4d 0x5d 0x27 0xd9 0xb9 ], deviceToken=[ 0xc4 0x05 ], rxAdvertisement=null } : 4 times.
04-21 00:10:39.080 15746 16075 I NearbyMediums: Total 7 fast advertisements from 2 unique advertisers.
04-21 00:10:39.081 15746 16075 I NearbyMediums: Current Tracked Scanning Clients are : {NearbyConnections.EnvironmentMonitor, NearbySharing, NearbyConnections.TxAdvertisement}
04-21 00:10:39.632  1643  2242 D ActivityManager: freezing 9646 com.google.android.odad
