04-26 19:33:24.610  1643  1670 W JobScheduler: Job didn't exist in JobStore: 5d2f6c #u0a120/-578294288 com.google.android.as.oss/com.google.android.gms.learning.internal.training.InAppJobService
04-26 19:33:39.494  1643  4189 D BackgroundInstallControlService: Package event received: 0
04-26 19:33:42.212  1643  4189 D BackgroundInstallControlService: Package event received: 0
04-26 19:33:46.623  4233  5421 D PowerUI : can't show warning due to - plugged: true status unknown: false
04-26 19:33:47.487  4233  5669 D PowerUI : can't show warning due to - plugged: true status unknown: false
04-26 19:33:48.021  4233  8601 D PowerUI : can't show warning due to - plugged: true status unknown: false
04-26 19:33:48.087  1643  1916 D AmbientContextManagerService: Not all events types are wearable events.
04-26 19:33:48.087  1643  1916 D AmbientContextManagerService: getServiceForType with userid: 0 service type: DEFAULT
04-26 19:33:48.087  1643  1916 D AmbientContextManagerService: Services that are available: 1 number of services
04-26 19:33:48.087  1643  1916 D AmbientContextManagerService: Not all events types are wearable events.
04-26 19:33:48.087  1643  1916 D AmbientContextManagerPerUserService: Query event status of [1] for com.google.android.apps.wellbeing
04-26 19:33:48.088  1643  1916 I DefaultRemoteAmbientContextDetectionService: Query status for com.google.android.apps.wellbeing
04-26 19:33:48.093  1643  1916 I AmbientContextManagerPerUserService: Got detection status of 1 for com.google.android.apps.wellbeing
04-26 19:33:48.094  1643  5975 D AmbientContextManagerService: Not all events types are wearable events.
04-26 19:33:48.095  1643  5975 D AmbientContextManagerService: getServiceForType with userid: 0 service type: DEFAULT
04-26 19:33:48.095  1643  5975 D AmbientContextManagerService: Services that are available: 1 number of services
04-26 19:33:48.095  1643  5975 D AmbientContextManagerService: Not all events types are wearable events.
04-26 19:33:48.095  1643  5975 D AmbientContextManagerPerUserService: Query event status of [2] for com.google.android.apps.wellbeing
04-26 19:33:48.095  1643  5975 I DefaultRemoteAmbientContextDetectionService: Query status for com.google.android.apps.wellbeing
04-26 19:33:48.097  1643  1916 I AmbientContextManagerPerUserService: Got detection status of 1 for com.google.android.apps.wellbeing
04-26 19:33:48.102  1643  1916 D AmbientContextManagerService: Not all events types are wearable events.
04-26 19:33:48.102  1643  1916 D AmbientContextManagerService: getServiceForType with userid: 0 service type: DEFAULT
04-26 19:33:48.102  1643  1916 D AmbientContextManagerService: Services that are available: 1 number of services
04-26 19:33:48.102  1643  1916 I AmbientContextManagerService: AmbientContextManagerService registerObserverWithCallback.
04-26 19:33:48.102  1643  1916 D AmbientContextManagerService: Not all events types are wearable events.
04-26 19:33:48.102  1643  1916 D AmbientContextManagerService: getServiceForType with userid: 0 service type: DEFAULT
04-26 19:33:48.102  1643  1916 D AmbientContextManagerService: Services that are available: 1 number of services
04-26 19:33:48.102  1643  1916 D AmbientContextManagerService: Not all events types are wearable events.
04-26 19:33:48.102  1643  1916 D AmbientContextManagerPerUserService: Requested detection of {1, 2}
04-26 19:33:48.102  1643  1916 I DefaultRemoteAmbientContextDetectionService: Start detection for {1, 2}
04-26 19:33:48.103  1643  1916 D AmbientContextManagerService: New client added: com.google.android.apps.wellbeing
04-26 19:33:48.104 28703  5934 D AmbientContextDetectionService: startDetection AmbientContextEventRequest { eventTypes = {1, 2}, options = PersistableBundle[EMPTY_PARCEL] }
04-26 19:33:48.110  1643  1916 I AmbientContextManagerPerUserService: Got detection status of 1 for com.google.android.apps.wellbeing
04-26 19:33:56.260  1643  4189 D BackgroundInstallControlService: Package event received: 0
04-26 19:33:57.388  1643  1720 I DisplayDeviceRepository: Display device changed render timings: "Built-in Screen", renderFrameRate=60.000004, presentationDeadlineNanos=11500000, appVsyncOffsetNanos=6233332, frameRateOverrides=[{uid=10247 frameRateHz=60.000004}]
04-26 19:33:58.152  1643  1720 I DisplayDeviceRepository: Display device changed render timings: "Built-in Screen", renderFrameRate=60.000004, presentationDeadlineNanos=11500000, appVsyncOffsetNanos=6233332, frameRateOverrides=[]
04-26 19:33:59.166  1643  2242 D ActivityManager: freezing 12325 com.google.android.apps.turbo
04-26 19:34:00.050  1643  1720 I DisplayDeviceRepository: Display device changed render timings: "Built-in Screen", renderFrameRate=120.00001, presentationDeadlineNanos=11500000, appVsyncOffsetNanos=6233332, frameRateOverrides=[]
04-26 19:34:00.051  1643  1711 D WindowManager: DeferredDisplayUpdater: partially applying DisplayInfo(960 x 2142) immediately
04-26 19:34:10.277  1643  4189 D BackgroundInstallControlService: Package event received: 0
04-26 19:34:11.722  1643  4189 D BackgroundInstallControlService: Package event received: 0
04-26 19:34:17.355  1643  4189 D BackgroundInstallControlService: Package event received: 0
04-26 19:34:20.740  1643  2234 D ActivityManager: sync unfroze 3802 com.google.android.apps.weather for 6
04-26 19:34:20.755  1643  2234 W JobServiceContext: Sending onNetworkChanged for a job that isn't started. JobStatus{fd9dc75 androidx.work.systemjobscheduler:u0a128/5762 #TikTokWorker#com.google.apps.tiktok.sync.impl.workmanager.SyncPeriodicWorker#@androidx.work.systemjobscheduler@com.google.android.apps.weather/androidx.work.impl.background.systemjob.SystemJobService u=0 s=10128 TIME=-14s4ms:none NET READY}
04-26 19:34:20.913  1643  4653 W ProcessStats: Tracking association SourceState{b685abe system/1000 ImpBg #1207587} whose proc state 6 is better than process ProcessState{35b383e com.google.android.apps.weather/10128 pkg=com.google.android.apps.weather} proc state 14 (0 skipped)
04-26 19:34:20.914  1643  4653 W JobScheduler: Job didn't exist in JobStore: edfe47b {androidx.work.systemjobscheduler} #u0a128/5763 #TikTokWorker#com.google.apps.tiktok.sync.impl.workmanager.SyncPeriodicWorker#@androidx.work.systemjobscheduler@com.google.android.apps.weather/androidx.work.impl.background.systemjob.SystemJobService
04-26 19:34:21.055  1643  4189 D BackgroundInstallControlService: Package event received: 0
04-26 19:34:22.687  1643  4189 D BackgroundInstallControlService: Package event received: 0
04-26 19:34:22.847  1643  1916 W JobScheduler: Job didn't exist in JobStore: 99d97a6 {androidx.work.systemjobscheduler} #u0a128/5770 #TikTokWorker#com.google.android.apps.weather.widget.datastore.PixelWeatherWidgetUpdateWorker#@androidx.work.systemjobscheduler@com.google.android.apps.weather/androidx.work.impl.background.systemjob.SystemJobService
04-26 19:34:24.302  1643  4189 D BackgroundInstallControlService: Package event received: 0
04-26 19:34:36.649  4233 11158 D PowerUI : can't show warning due to - plugged: true status unknown: false
04-26 19:34:36.944  1643  4189 D BackgroundInstallControlService: Package event received: 0
04-26 19:34:37.079  1643  1818 W NotificationHistory: Attempted to remove conversation for locked/gone/disabled user 0
04-26 19:34:37.925  1643  4653 W AppOps  : Noting op not finished: uid 10186 pkg com.google.android.gms code 113 startTime of in progress event=1777201271835
04-26 19:34:37.938  1643  4653 W AppOps  : Noting op not finished: uid 10186 pkg com.google.android.gms code 113 startTime of in progress event=1777201270451
04-26 19:34:37.958  1643  4655 W AppOps  : Noting op not finished: uid 10186 pkg com.google.android.gms code 79 startTime of in progress event=1777201270471
04-26 19:34:38.927  1643  4655 W AppOps  : Noting op not finished: uid 10186 pkg com.google.android.gms code 113 startTime of in progress event=1777201270451
04-26 19:34:50.860  1643  4189 D BackgroundInstallControlService: Package event received: 0
04-26 19:34:57.384  1643  1720 I DisplayDeviceRepository: Display device changed render timings: "Built-in Screen", renderFrameRate=60.000004, presentationDeadlineNanos=11500000, appVsyncOffsetNanos=6233332, frameRateOverrides=[{uid=10247 frameRateHz=60.000004}]
04-26 19:34:57.385  1643  1711 D WindowManager: DeferredDisplayUpdater: partially applying DisplayInfo(960 x 2142) immediately
04-26 19:34:57.938  1643  5316 I MediaSessionStack: addSession to bottom of stack | record: com.google.android.gms/cast_rcn_media_session/10665 (userId=0)
04-26 19:34:58.040  1643  5316 I MediaSessionStack: addSession to bottom of stack | record: com.google.android.gms/cast_rcn_media_session/10666 (userId=0)
04-26 19:34:58.140  1643  1720 I DisplayDeviceRepository: Display device changed render timings: "Built-in Screen", renderFrameRate=60.000004, presentationDeadlineNanos=11500000, appVsyncOffsetNanos=6233332, frameRateOverrides=[]
04-26 19:34:58.243  1643  5316 I MediaSessionStack: addSession to bottom of stack | record: com.google.android.gms/cast_rcn_media_session/10667 (userId=0)
04-26 19:34:58.546  1643  4655 I MediaSessionStack: addSession to bottom of stack | record: com.google.android.gms/cast_rcn_media_session/10668 (userId=0)
04-26 19:35:00.039  1643  1720 I DisplayDeviceRepository: Display device changed render timings: "Built-in Screen", renderFrameRate=120.00001, presentationDeadlineNanos=11500000, appVsyncOffsetNanos=6233332, frameRateOverrides=[]
04-26 19:35:00.042  1643  1711 D WindowManager: DeferredDisplayUpdater: partially applying DisplayInfo(960 x 2142) immediately
04-26 19:35:03.724  1643  1916 I MediaSessionStack: removeSession | record: com.google.android.gms/cast_rcn_media_session/10668 (userId=0)
04-26 19:35:03.730  1643  4655 I MediaSessionStack: removeSession | record: com.google.android.gms/cast_rcn_media_session/10662 (userId=0)
04-26 19:35:03.734  1643  4655 I MediaSessionStack: removeSession | record: com.google.android.gms/cast_rcn_media_session/10667 (userId=0)
04-26 19:35:03.741  1643  4655 I MediaSessionStack: removeSession | record: com.google.android.gms/cast_rcn_media_session/10665 (userId=0)
04-26 19:35:03.746  1643  7133 I MediaSessionStack: removeSession | record: com.google.android.gms/cast_rcn_media_session/10666 (userId=0)
04-26 19:35:03.762  1643  7133 I MediaSessionStack: addSession to bottom of stack | record: com.google.android.gms/cast_rcn_media_session/10669 (userId=0)
04-26 19:35:03.781  1643  1916 I MediaSessionStack: addSession to bottom of stack | record: com.google.android.gms/cast_rcn_media_session/10670 (userId=0)
04-26 19:35:03.797  1643  7133 I MediaSessionStack: addSession to bottom of stack | record: com.google.android.gms/cast_rcn_media_session/10671 (userId=0)
04-26 19:35:03.808  1643  1916 I MediaSessionStack: addSession to bottom of stack | record: com.google.android.gms/cast_rcn_media_session/10672 (userId=0)
04-26 19:35:03.819  1643  7133 I MediaSessionStack: addSession to bottom of stack | record: com.google.android.gms/cast_rcn_media_session/10673 (userId=0)
04-26 19:35:13.279  1643  1821 D ActivityManager: sync unfroze 30300 com.thetileapp.tile for 3
04-26 19:35:13.291  1643  1821 D ActivityManager: sync unfroze 28526 com.android.vending for 3
04-26 19:35:13.296  1643  1821 D ActivityManager: sync unfroze 17315 com.android.vending:background for 3
04-26 19:35:13.352  1643  4189 D BackgroundInstallControlService: Package event received: 0
04-26 19:35:13.476  1643  7133 D ActivityManager: sync unfroze 5694 com.google.android.gms for 6
04-26 19:35:17.443  1643  7131 W AlarmManager: Window length 300000ms too short; expanding to 600000ms.
04-26 19:35:18.308  1643  2242 D ActivityManager: freezing 3802 com.google.android.apps.weather
04-26 19:35:20.235  1643  4189 D BackgroundInstallControlService: Package event received: 0
04-26 19:35:23.729  4233 12137 D PowerUI : can't show warning due to - plugged: true status unknown: false
04-26 19:35:24.428  1643  4189 D BackgroundInstallControlService: Package event received: 0
04-26 19:35:30.576  1643  2242 D ActivityManager: freezing 5694 com.google.android.gms
04-26 19:35:43.388  1643  2242 D ActivityManager: freezing 30300 com.thetileapp.tile
04-26 19:35:43.395  1643  2242 D ActivityManager: freezing 28526 com.android.vending
04-26 19:35:43.401  1643  2242 D ActivityManager: freezing 17315 com.android.vending:background
04-26 19:35:52.514  1643  4189 D BackgroundInstallControlService: Package event received: 0
04-26 19:35:57.372  1643  1720 I DisplayDeviceRepository: Display device changed render timings: "Built-in Screen", renderFrameRate=60.000004, presentationDeadlineNanos=11500000, appVsyncOffsetNanos=6233332, frameRateOverrides=[{uid=10247 frameRateHz=60.000004}]
04-26 19:35:57.374  1643  1711 D WindowManager: DeferredDisplayUpdater: partially applying DisplayInfo(960 x 2142) immediately
04-26 19:35:58.135  1643  1720 I DisplayDeviceRepository: Display device changed render timings: "Built-in Screen", renderFrameRate=60.000004, presentationDeadlineNanos=11500000, appVsyncOffsetNanos=6233332, frameRateOverrides=[]
04-26 19:36:00.043  1643  1720 I DisplayDeviceRepository: Display device changed render timings: "Built-in Screen", renderFrameRate=120.00001, presentationDeadlineNanos=11500000, appVsyncOffsetNanos=6233332, frameRateOverrides=[]
04-26 19:36:00.044  1643  1711 D WindowManager: DeferredDisplayUpdater: partially applying DisplayInfo(960 x 2142) immediately
04-26 19:36:07.773  1643  2234 D ActivityManager: sync unfroze 11246 com.reddit.frontpage for 6
04-26 19:36:07.790  1643  2234 D ActivityManager: sync unfroze 30300 com.thetileapp.tile for 6
04-26 19:36:07.795  1643  2234 D ActivityManager: sync unfroze 28526 com.android.vending for 6
04-26 19:36:07.800  1643  2234 D ActivityManager: sync unfroze 17315 com.android.vending:background for 6
04-26 19:36:07.828  1643  2234 W JobServiceContext: Sending onNetworkChanged for a job that isn't started. JobStatus{2c0e0ef androidx.work.systemjobscheduler:u0a329/1314 @androidx.work.systemjobscheduler@com.reddit.frontpage/androidx.work.impl.background.systemjob.SystemJobService u=0 s=10329 TIME=-1m7s886ms:none NET READY}
04-26 19:36:07.835  1643  2234 W JobServiceContext: Sending onNetworkChanged for a job that isn't started. JobStatus{b5083d9 androidx.work.systemjobscheduler:u0a318/14049 #TileJobWorker#@androidx.work.systemjobscheduler@com.thetileapp.tile/androidx.work.impl.background.systemjob.SystemJobService u=0 s=10318 TIME=-23s313ms:none NET READY}
04-26 19:36:07.860  1643  7133 W ProcessStats: Tracking association SourceState{c9bc4b1 com.android.vending:background/10179 ImpBg #1207768} whose proc state 6 is better than process ProcessState{704cc57 com.android.vending/10179 pkg=com.android.vending} proc state 14 (0 skipped)
04-26 19:36:08.363  1643  4653 W JobScheduler: Job didn't exist in JobStore: b5083d9 {androidx.work.systemjobscheduler} #u0a318/14049 #TileJobWorker#@androidx.work.systemjobscheduler@com.thetileapp.tile/androidx.work.impl.background.systemjob.SystemJobService
04-26 19:36:10.394  1643  4189 D BackgroundInstallControlService: Package event received: 0
04-26 19:36:10.483  1643  4189 D BackgroundInstallControlService: Package event received: 0
04-26 19:36:10.496  1643  7131 D ActivityManager: sync unfroze 3802 com.google.android.apps.weather for 6
04-26 19:36:10.509  1643  7133 D ActivityManager: sync unfroze 10109 com.android.providers.calendar for 7
04-26 19:36:10.517  1643  4189 D BackgroundInstallControlService: Package event received: 0
04-26 19:36:10.517  1643  4189 D BackgroundInstallControlService: Package event received: 0
04-26 19:36:10.857  4233 13655 D PowerUI : can't show warning due to - plugged: true status unknown: false
04-26 19:36:10.878  1643  4189 D BackgroundInstallControlService: Package event received: 0
04-26 19:36:10.890  1643  5316 D ActivityManager: sync unfroze 5694 com.google.android.gms for 6
04-26 19:36:10.903  1643  4189 D BackgroundInstallControlService: Package event received: 0
04-26 19:36:11.158  1643  7133 I ContentCaptureManagerService: Data share request accepted by Content Capture service
04-26 19:36:18.408  1643  2242 D ActivityManager: freezing 30300 com.thetileapp.tile
04-26 19:36:18.417  1643  2242 D ActivityManager: freezing 28526 com.android.vending
04-26 19:36:18.426  1643  2242 D ActivityManager: freezing 17315 com.android.vending:background
04-26 19:36:18.946  1643  2234 D ActivityManager: sync unfroze 23143 com.google.android.apps.photos for 6
04-26 19:36:18.959  1643  2234 D ActivityManager: sync unfroze 6241 com.google.android.partnersetup for 6
04-26 19:36:18.978  1643  2234 W JobServiceContext: Sending onNetworkChanged for a job that isn't started. JobStatus{9ac0df9 #u0a222/1052 com.google.android.apps.photos/.backup.core.UriTriggeredBackupJob u=0 s=10222 TIME=-10s946ms:none NET URIS=[android.app.job.JobInfo$TriggerContentUri@8abd8844, android.app.job.JobInfo$TriggerContentUri@691cff99] failures=32 READY}
04-26 19:36:19.006  1643  5316 W JobScheduler: Job didn't exist in JobStore: 88fb2fb #u0a166/4096 com.google.android.partnersetup/.InstalledAppJobService
04-26 19:36:19.034  1643  7131 W ProcessStats: Tracking association SourceState{281654c system/1000 ImpBg #1207803} whose proc state 6 is better than process ProcessState{635aeda com.google.android.apps.photos/10222 pkg=com.google.android.apps.photos} proc state 14 (17 skipped)
04-26 19:36:19.142  1643  5316 W UriGrantsManagerService: No permission grants found for com.google.android.apps.photos
04-26 19:36:19.142  1643  5316 W UriGrantsManagerService: No permission grants found for com.google.android.apps.photos
04-26 19:36:19.748  1643  5316 W UriGrantsManagerService: No permission grants found for com.google.android.apps.photos
04-26 19:36:19.752  1643  5316 W UriGrantsManagerService: No permission grants found for com.google.android.apps.photos
04-26 19:36:19.808  1643  5316 W UriGrantsManagerService: No permission grants found for com.google.android.apps.photos
04-26 19:36:19.808  1643  5316 W UriGrantsManagerService: No permission grants found for com.google.android.apps.photos
04-26 19:36:27.671  1643  1821 D ActivityManager: sync unfroze 23267 com.google.android.gm for 3
04-26 19:36:27.675  1643  1821 D ActivityManager: sync unfroze 23940 com.google.android.webview:sandboxed_process0:org.chromium.content.app.SandboxedProcessService0:0 for 3
04-26 19:36:27.830  1643  4189 D BackgroundInstallControlService: Package event received: 0
04-26 19:36:28.048  1643  4189 D BackgroundInstallControlService: Package event received: 0
04-26 19:36:28.049  1643  4189 D BackgroundInstallControlService: Package event received: 0
04-26 19:36:28.049  1643  4189 D BackgroundInstallControlService: Package event received: 0
04-26 19:36:28.049  1643  4189 D BackgroundInstallControlService: Package event received: 0
04-26 19:36:28.049  1643  4189 D BackgroundInstallControlService: Package event received: 0
04-26 19:36:28.049  1643  4189 D BackgroundInstallControlService: Package event received: 0
04-26 19:36:28.049  1643  4189 D BackgroundInstallControlService: Package event received: 0
04-26 19:36:28.049  1643  4189 D BackgroundInstallControlService: Package event received: 0
04-26 19:36:28.049  1643  4189 D BackgroundInstallControlService: Package event received: 0
04-26 19:36:28.049  1643  4189 D BackgroundInstallControlService: Package event received: 0
04-26 19:36:28.049  1643  4189 D BackgroundInstallControlService: Package event received: 0
04-26 19:36:28.049  1643  4189 D BackgroundInstallControlService: Package event received: 0
04-26 19:36:28.049  1643  4189 D BackgroundInstallControlService: Package event received: 0
04-26 19:36:28.049  1643  4189 D BackgroundInstallControlService: Package event received: 0
04-26 19:36:28.050  1643  4189 D BackgroundInstallControlService: Package event received: 0
04-26 19:36:28.057  1643  4189 D BackgroundInstallControlService: Package event received: 0
04-26 19:36:28.064  1643  4189 D BackgroundInstallControlService: Package event received: 0
04-26 19:36:29.016  1643  2242 D ActivityManager: freezing 6241 com.google.android.partnersetup
04-26 19:36:29.145  1643  1643 W ProcessStats: Tracking association SourceState{529a81e com.google.android.googlequicksearchbox:search/10154 BTop #1207833} whose proc state 2 is better than process ProcessState{35b383e com.google.android.apps.weather/10128 pkg=com.google.android.apps.weather} proc state 14 (7 skipped)
04-26 19:36:29.282  1643  2242 D ActivityManager: freezing 23143 com.google.android.apps.photos
04-26 19:36:29.282  1643  2242 D ActivityManager: Reschedule freeze for process 23143 com.google.android.apps.photos (outstanding txns), timeout=2867
04-26 19:36:32.537  1643  4655 I ActivityManager: Background started FGS: Allowed [callingPackage: io.homeassistant.companion.android; callingUid: 10302; uidState: BFGS; uidBFSL: [BFSL]; intent: Intent { act=ACTION_START_FOREGROUND xflg=0x4 cmp=io.homeassistant.companion.android/androidx.work.impl.foreground.SystemForegroundService (has extras) }; code:PROC_STATE_BFGS; tempAllowListReason:<null>; allowWiu:-1; targetSdkVersion:36; callerTargetSdkVersion:36; startForegroundCount:0; bindFromPackage:null: isBindService:false]
04-26 19:36:32.552  1643  5316 W ActivityManager: Foreground service started from background can not have location/camera/microphone access: service io.homeassistant.companion.android/androidx.work.impl.foreground.SystemForegroundService
04-26 19:36:32.553  1643  5316 I ActivityManager: Background started FGS: Allowed [callingPackage: io.homeassistant.companion.android; callingUid: 10302; uidState: FGS ; uidBFSL: [BFSL]; intent: Intent { act=ACTION_START_FOREGROUND cmp=io.homeassistant.companion.android/androidx.work.impl.foreground.SystemForegroundService }; code:PROC_STATE_FGS; tempAllowListReason:<null>; allowWiu:-1; targetSdkVersion:36; callerTargetSdkVersion:36; startForegroundCount:0; bindFromPackage:null: isBindService:false]
04-26 19:36:32.554  1643  5316 W ForegroundServiceTypeLoggerModule: Foreground service start for UID: 10302 does not have any types
04-26 19:36:32.555  1643  4189 D BackgroundInstallControlService: Package event received: 0
04-26 19:36:32.570  1643  7133 W ActivityManager: Foreground service started from background can not have location/camera/microphone access: service io.homeassistant.companion.android/androidx.work.impl.foreground.SystemForegroundService
04-26 19:36:32.570  1643  7133 I ActivityManager: Background started FGS: Allowed [callingPackage: io.homeassistant.companion.android; callingUid: 10302; uidState: FGS ; uidBFSL: [BFSL]; intent: Intent { act=ACTION_START_FOREGROUND cmp=io.homeassistant.companion.android/androidx.work.impl.foreground.SystemForegroundService }; code:PROC_STATE_FGS; tempAllowListReason:<null>; allowWiu:-1; targetSdkVersion:36; callerTargetSdkVersion:36; startForegroundCount:1; bindFromPackage:null: isBindService:false]
04-26 19:36:33.020  1643  7133 D ActivityManager: Stop FGS timeout: ServiceRecord{eb6803d u0 io.homeassistant.companion.android/androidx.work.impl.foreground.SystemForegroundService c:io.homeassistant.companion.android}
04-26 19:36:33.021  1643  7133 W ForegroundServiceTypeLoggerModule: FGS stop call for: 10302 has no types!
04-26 19:36:33.023  1643  4189 D BackgroundInstallControlService: Package event received: 0
04-26 19:36:33.026  1643  4189 D BackgroundInstallControlService: Package event received: 0
04-26 19:36:33.072  1643  7133 W JobScheduler: Job didn't exist in JobStore: b5a7d48 #u0a120/-280572046 com.google.android.as.oss/com.google.android.gms.learning.internal.training.InAppJobService
04-26 19:36:33.082  1643  5316 W JobScheduler: Job didn't exist in JobStore: b3e25f4 #u0a120/-1679289975 com.google.android.as.oss/com.google.android.gms.learning.internal.training.InAppJobService
04-26 19:36:33.092  1643  5316 W JobScheduler: Job didn't exist in JobStore: 611ad60 #u0a120/-1517128893 com.google.android.as.oss/com.google.android.gms.learning.internal.training.InAppJobService
04-26 19:36:33.101  1643  7133 W JobScheduler: Job didn't exist in JobStore: 203e6d5 #u0a120/-638764459 com.google.android.as.oss/com.google.android.gms.learning.internal.training.InAppJobService
04-26 19:36:33.111  1643  7133 W JobScheduler: Job didn't exist in JobStore: 7291b51 #u0a120/-648439940 com.google.android.as.oss/com.google.android.gms.learning.internal.training.InAppJobService
04-26 19:36:33.120  1643  5316 W JobScheduler: Job didn't exist in JobStore: 6931b8d #u0a120/-205649338 com.google.android.as.oss/com.google.android.gms.learning.internal.training.InAppJobService
04-26 19:36:33.129  1643  5316 W JobScheduler: Job didn't exist in JobStore: c22e389 #u0a120/-1967367952 com.google.android.as.oss/com.google.android.gms.learning.internal.training.InAppJobService
04-26 19:36:33.139  1643  5316 W JobScheduler: Job didn't exist in JobStore: 1dfbcb #u0a120/-1909303987 com.google.android.as.oss/com.google.android.gms.learning.internal.training.InAppJobService
04-26 19:36:33.148  1643  5316 W JobScheduler: Job didn't exist in JobStore: 34f01fd #u0a120/-286677079 com.google.android.as.oss/com.google.android.gms.learning.internal.training.InAppJobService
04-26 19:36:33.157  1643  7133 W JobScheduler: Job didn't exist in JobStore: f2a383e #u0a120/-782930206 com.google.android.as.oss/com.google.android.gms.learning.internal.training.InAppJobService
04-26 19:36:33.165  1643  7133 W JobScheduler: Job didn't exist in JobStore: f8d9a4a #u0a120/-1670948438 com.google.android.as.oss/com.google.android.gms.learning.internal.training.InAppJobService
04-26 19:36:33.175  1643  7133 W JobScheduler: Job didn't exist in JobStore: 8131116 #u0a120/-740804504 com.google.android.as.oss/com.google.android.gms.learning.internal.training.InAppJobService
04-26 19:36:33.184  1643  7133 W JobScheduler: Job didn't exist in JobStore: fa728a2 #u0a120/-939763582 com.google.android.as.oss/com.google.android.gms.learning.internal.training.InAppJobService
04-26 19:36:33.193  1643  5316 W JobScheduler: Job didn't exist in JobStore: d732cee #u0a120/-144569728 com.google.android.as.oss/com.google.android.gms.learning.internal.training.InAppJobService
04-26 19:36:33.202  1643  5316 W JobScheduler: Job didn't exist in JobStore: c46da1 #u0a120/-605916168 com.google.android.as.oss/com.google.android.gms.learning.internal.training.InAppJobService
04-26 19:36:33.207  1643  5316 W JobScheduler: Job didn't exist in JobStore: 59942dd #u0a120/-1458638241 com.google.android.as.oss/com.google.android.gms.learning.internal.training.InAppJobService
04-26 19:36:33.211  1643  5316 W JobScheduler: Job didn't exist in JobStore: 9faad9e #u0a120/-1371219540 com.google.android.as.oss/com.google.android.gms.learning.internal.training.InAppJobService
04-26 19:36:33.216  1643  7133 W JobScheduler: Job didn't exist in JobStore: 6d6407f #u0a120/-546068258 com.google.android.as.oss/com.google.android.gms.learning.internal.training.InAppJobService
04-26 19:36:33.222  1643  7133 W JobScheduler: Job didn't exist in JobStore: 21a584c #u0a120/-1269679295 com.google.android.as.oss/com.google.android.gms.learning.internal.training.InAppJobService
04-26 19:36:33.228  1643  5316 W JobScheduler: Job didn't exist in JobStore: 2e6f095 #u0a120/-1459396391 com.google.android.as.oss/com.google.android.gms.learning.internal.training.InAppJobService
04-26 19:36:33.460  1643  1821 D ActivityManager: sync unfroze 6882 org.zwanoo.android.speedtest for 3
04-26 19:36:33.519  1643  4189 D BackgroundInstallControlService: Package event received: 0
04-26 19:36:33.525  1643  4189 D BackgroundInstallControlService: Package event received: 0
04-26 19:36:35.913  1643  4189 D BackgroundInstallControlService: Package event received: 0
04-26 19:36:38.748  1643  4189 D BackgroundInstallControlService: Package event received: 0
04-26 19:36:39.169  1643  2242 D ActivityManager: freezing 23940 com.google.android.webview:sandboxed_process0:org.chromium.content.app.SandboxedProcessService0:0
04-26 19:36:39.319  1643  2242 D ActivityManager: freezing 23143 com.google.android.apps.photos
04-26 19:36:46.632  4233 15351 D PowerUI : can't show warning due to - plugged: true status unknown: false
04-26 19:36:46.996  1643  2242 D ActivityManager: freezing 10109 com.android.providers.calendar
04-26 19:36:47.680  1643  2242 D ActivityManager: freezing 23267 com.google.android.gm
04-26 19:36:49.938  1643  4189 D BackgroundInstallControlService: Package event received: 0
04-26 19:36:52.653  1643  4189 D BackgroundInstallControlService: Package event received: 0
04-26 19:36:56.053  1643  2242 D ActivityManager: freezing 3802 com.google.android.apps.weather
04-26 19:36:57.362  1643  1720 I DisplayDeviceRepository: Display device changed render timings: "Built-in Screen", renderFrameRate=60.000004, presentationDeadlineNanos=11500000, appVsyncOffsetNanos=6233332, frameRateOverrides=[{uid=10247 frameRateHz=60.000004}]
04-26 19:36:57.364  1643  1711 D WindowManager: DeferredDisplayUpdater: partially applying DisplayInfo(960 x 2142) immediately
04-26 19:36:57.958  4233  4837 D PowerUI : can't show warning due to - plugged: true status unknown: false
04-26 19:36:58.122  1643  1720 I DisplayDeviceRepository: Display device changed render timings: "Built-in Screen", renderFrameRate=60.000004, presentationDeadlineNanos=11500000, appVsyncOffsetNanos=6233332, frameRateOverrides=[]
04-26 19:36:59.268  1643  2242 D ActivityManager: freezing 11246 com.reddit.frontpage
04-26 19:37:00.055  1643  1720 I DisplayDeviceRepository: Display device changed render timings: "Built-in Screen", renderFrameRate=120.00001, presentationDeadlineNanos=11500000, appVsyncOffsetNanos=6233332, frameRateOverrides=[]
04-26 19:37:00.056  1643  1711 D WindowManager: DeferredDisplayUpdater: partially applying DisplayInfo(960 x 2142) immediately
04-26 19:37:02.449  1643  4189 D BackgroundInstallControlService: Package event received: 0
04-26 19:37:03.496  1643  2242 D ActivityManager: freezing 5694 com.google.android.gms
04-26 19:37:03.504  1643  2242 D ActivityManager: freezing 6882 org.zwanoo.android.speedtest
04-26 19:37:29.157  1643  4189 D BackgroundInstallControlService: Package event received: 0
04-26 19:37:29.952  4233  5421 D PowerUI : can't show warning due to - plugged: true status unknown: false
04-26 19:37:30.502  4233  5669 D PowerUI : can't show warning due to - plugged: true status unknown: false
04-26 19:37:31.998  1643  4189 D BackgroundInstallControlService: Package event received: 0
04-26 19:37:34.751  1643  4189 D BackgroundInstallControlService: Package event received: 0
04-26 19:37:36.691  1643  1818 W NotificationHistory: Attempted to remove conversation for locked/gone/disabled user 0
04-26 19:37:48.797  1643  4189 D BackgroundInstallControlService: Package event received: 0
04-26 19:37:52.665  1643  1821 W ActivityManager: Stale PhantomProcessRecord {5853450 21449:28965:/0}, removing
04-26 19:37:54.353  1643  4189 D BackgroundInstallControlService: Package event received: 0
04-26 19:37:57.378  1643  1720 I DisplayDeviceRepository: Display device changed render timings: "Built-in Screen", renderFrameRate=60.000004, presentationDeadlineNanos=11500000, appVsyncOffsetNanos=6233332, frameRateOverrides=[{uid=10247 frameRateHz=60.000004}]
04-26 19:37:57.380  1643  1711 D WindowManager: DeferredDisplayUpdater: partially applying DisplayInfo(960 x 2142) immediately
04-26 19:37:58.137  1643  1720 I DisplayDeviceRepository: Display device changed render timings: "Built-in Screen", renderFrameRate=60.000004, presentationDeadlineNanos=11500000, appVsyncOffsetNanos=6233332, frameRateOverrides=[]
04-26 19:38:00.069  1643  1720 I DisplayDeviceRepository: Display device changed render timings: "Built-in Screen", renderFrameRate=120.00001, presentationDeadlineNanos=11500000, appVsyncOffsetNanos=6233332, frameRateOverrides=[]
04-26 19:38:00.069  1643  1711 D WindowManager: DeferredDisplayUpdater: partially applying DisplayInfo(960 x 2142) immediately
04-26 19:38:01.422  1643  4189 D BackgroundInstallControlService: Package event received: 0
04-26 19:38:02.888  1643  4189 D BackgroundInstallControlService: Package event received: 0
04-26 19:38:08.471  1643  4189 D BackgroundInstallControlService: Package event received: 0
04-26 19:38:10.080  1643  7133 D ActivityManager: sync unfroze 7351 com.google.android.apps.messaging for 7
04-26 19:38:10.082  1643  4189 D BackgroundInstallControlService: Package event received: 0
04-26 19:38:17.828  4233  8601 D PowerUI : can't show warning due to - plugged: true status unknown: false
04-26 19:38:22.571  1643  4189 D BackgroundInstallControlService: Package event received: 0
04-26 19:38:36.678  1643  4189 D BackgroundInstallControlService: Package event received: 0
04-26 19:38:46.244  1643  2242 D ActivityManager: freezing 7351 com.google.android.apps.messaging
04-26 19:38:46.623  4233 11158 D PowerUI : can't show warning due to - plugged: true status unknown: false
04-26 19:38:48.060  1643  1870 D AppOpHistoryHelper: MetricHandler reporting 5 records.
04-26 19:38:57.376  1643  1720 I DisplayDeviceRepository: Display device changed render timings: "Built-in Screen", renderFrameRate=60.000004, presentationDeadlineNanos=11500000, appVsyncOffsetNanos=6233332, frameRateOverrides=[{uid=10247 frameRateHz=60.000004}]
04-26 19:38:57.377  1643  1711 D WindowManager: DeferredDisplayUpdater: partially applying DisplayInfo(960 x 2142) immediately
04-26 19:38:58.134  1643  1720 I DisplayDeviceRepository: Display device changed render timings: "Built-in Screen", renderFrameRate=60.000004, presentationDeadlineNanos=11500000, appVsyncOffsetNanos=6233332, frameRateOverrides=[]
04-26 19:38:59.019  1643  4189 D BackgroundInstallControlService: Package event received: 0
04-26 19:39:00.048  1643  1720 I DisplayDeviceRepository: Display device changed render timings: "Built-in Screen", renderFrameRate=60.000004, presentationDeadlineNanos=11500000, appVsyncOffsetNanos=6233332, frameRateOverrides=[{uid=10258 frameRateHz=60.000004}]
04-26 19:39:00.800  1643  1720 I DisplayDeviceRepository: Display device changed render timings: "Built-in Screen", renderFrameRate=60.000004, presentationDeadlineNanos=11500000, appVsyncOffsetNanos=6233332, frameRateOverrides=[]
04-26 19:39:01.881  1643  4189 D BackgroundInstallControlService: Package event received: 0
04-26 19:39:04.133  1643  2234 D ActivityManager: sync unfroze 12646 com.google.android.apps.pixel.support for 6
04-26 19:39:04.167  1643  2234 D ActivityManager: sync unfroze 23267 com.google.android.gm for 6
04-26 19:39:04.169  1643  2234 D ActivityManager: sync unfroze 23940 com.google.android.webview:sandboxed_process0:org.chromium.content.app.SandboxedProcessService0:0 for 6
04-26 19:39:04.199  1643  2234 D ActivityManager: sync unfroze 12325 com.google.android.apps.turbo for 6
04-26 19:39:04.212  1643  1643 W ProcessStats: Tracking association SourceState{897a7 system/1000 ImpBg #1208055} whose proc state 6 is better than process ProcessState{e2bffaf com.google.android.apps.pixel.support/10160 pkg=com.google.android.apps.pixel.support} proc state 14 (1 skipped)
04-26 19:39:04.357  1643  7131 I MediaSessionStack: removeSession | record: com.google.android.gms/cast_rcn_media_session/10672 (userId=0)
04-26 19:39:04.362  1643  4653 I MediaSessionStack: removeSession | record: com.google.android.gms/cast_rcn_media_session/10671 (userId=0)
04-26 19:39:04.364  1643  4653 I MediaSessionStack: removeSession | record: com.google.android.gms/cast_rcn_media_session/10670 (userId=0)
04-26 19:39:04.366  1643  4653 I MediaSessionStack: removeSession | record: com.google.android.gms/cast_rcn_media_session/10673 (userId=0)
04-26 19:39:04.367  1643  7133 I MediaSessionStack: removeSession | record: com.google.android.gms/cast_rcn_media_session/10669 (userId=0)
04-26 19:39:04.445  1643  4189 D BackgroundInstallControlService: Package event received: 0
04-26 19:39:04.453  1643  4653 D ActivityManager: sync unfroze 5694 com.google.android.gms for 6
04-26 19:39:04.485  1643  7131 I MediaSessionStack: addSession to bottom of stack | record: com.google.android.gms/cast_rcn_media_session/10674 (userId=0)
04-26 19:39:04.500  1643  7131 W JobScheduler: Job didn't exist in JobStore: 869eb50 {androidx.work.systemjobscheduler} #u0a223/555002144 #TikTokWorker#com.google.apps.tiktok.sync.impl.workmanager.SyncPeriodicWorker#@androidx.work.systemjobscheduler@com.google.android.gm/androidx.work.impl.background.systemjob.SystemJobService
04-26 19:39:04.578  5694 11929 E ActivityThread: Failed to find provider info for gmail-ofls
04-26 19:39:04.924  4233 12137 D PowerUI : can't show warning due to - plugged: true status unknown: false
04-26 19:39:05.756  5694 10994 E ActivityThread: Failed to find provider info for gmail-ofls
04-26 19:39:11.048  1643  4189 D BackgroundInstallControlService: Package event received: 0
04-26 19:39:11.067  1643  4189 D BackgroundInstallControlService: Package event received: 0
04-26 19:39:14.337  1643  2242 D ActivityManager: freezing 12325 com.google.android.apps.turbo
04-26 19:39:14.439  1643  2242 D ActivityManager: freezing 12646 com.google.android.apps.pixel.support
04-26 19:39:14.605  1643  2242 D ActivityManager: freezing 23267 com.google.android.gm
04-26 19:39:14.612  1643  2242 D ActivityManager: freezing 23940 com.google.android.webview:sandboxed_process0:org.chromium.content.app.SandboxedProcessService0:0
04-26 19:39:20.017  1643  4189 D BackgroundInstallControlService: Package event received: 0
04-26 19:39:25.774   609 13296 I keystore2: system/security/keystore2/watchdog/src/lib.rs:371 - Watchdog thread idle -> terminating. Have a great day.
04-26 19:39:33.110  1643  4189 D BackgroundInstallControlService: Package event received: 0
04-26 19:39:33.145  1643  4189 D BackgroundInstallControlService: Package event received: 0
04-26 19:39:36.144  1643  2242 D ActivityManager: freezing 5694 com.google.android.gms
04-26 19:39:40.152  1643  4189 D BackgroundInstallControlService: Package event received: 0
04-26 19:39:40.235  1643  4189 D BackgroundInstallControlService: Package event received: 0
04-26 19:39:44.312  1643  4189 D BackgroundInstallControlService: Package event received: 0
04-26 19:39:47.141  1643  4189 D BackgroundInstallControlService: Package event received: 0
04-26 19:39:52.046  4233 13655 D PowerUI : can't show warning due to - plugged: true status unknown: false
04-26 19:39:57.365  1643  1720 I DisplayDeviceRepository: Display device changed render timings: "Built-in Screen", renderFrameRate=60.000004, presentationDeadlineNanos=11500000, appVsyncOffsetNanos=6233332, frameRateOverrides=[{uid=10247 frameRateHz=60.000004}]
04-26 19:39:58.119  1643  1720 I DisplayDeviceRepository: Display device changed render timings: "Built-in Screen", renderFrameRate=60.000004, presentationDeadlineNanos=11500000, appVsyncOffsetNanos=6233332, frameRateOverrides=[]
04-26 19:39:58.262  1643  4189 D BackgroundInstallControlService: Package event received: 0
04-26 19:40:00.044  1643  1720 I DisplayDeviceRepository: Display device changed render timings: "Built-in Screen", renderFrameRate=120.00001, presentationDeadlineNanos=11500000, appVsyncOffsetNanos=6233332, frameRateOverrides=[]
04-26 19:40:00.044  1643  1711 D WindowManager: DeferredDisplayUpdater: partially applying DisplayInfo(960 x 2142) immediately
04-26 19:40:13.298  1643  1821 D ActivityManager: sync unfroze 30300 com.thetileapp.tile for 3
04-26 19:40:13.326  1643  1821 D ActivityManager: sync unfroze 28526 com.android.vending for 3
04-26 19:40:13.330  1643  1821 D ActivityManager: sync unfroze 17315 com.android.vending:background for 3
04-26 19:40:13.393  1643  4189 D BackgroundInstallControlService: Package event received: 0
04-26 19:40:13.431  1643  4189 D BackgroundInstallControlService: Package event received: 0
04-26 19:40:13.535  1643  7131 D ActivityManager: sync unfroze 5694 com.google.android.gms for 6
04-26 19:40:17.474  1643  1916 W AlarmManager: Window length 300000ms too short; expanding to 600000ms.
04-26 19:40:23.479  1643  4189 D BackgroundInstallControlService: Package event received: 0
04-26 19:40:30.508  1643  4189 D BackgroundInstallControlService: Package event received: 0
04-26 19:40:30.696  1643  2242 D ActivityManager: freezing 5694 com.google.android.gms
04-26 19:40:33.254  1643  4189 D BackgroundInstallControlService: Package event received: 0
04-26 19:40:36.716  1643  4653 W AppOps  : Noting op not finished: uid 10186 pkg com.google.android.gms code 113 startTime of in progress event=1777201271835
04-26 19:40:36.727  1643  7131 W AppOps  : Noting op not finished: uid 10186 pkg com.google.android.gms code 113 startTime of in progress event=1777201270451
04-26 19:40:36.750  1643  7131 W AppOps  : Noting op not finished: uid 10186 pkg com.google.android.gms code 79 startTime of in progress event=1777201270471
04-26 19:40:37.716  1643  4655 W AppOps  : Noting op not finished: uid 10186 pkg com.google.android.gms code 113 startTime of in progress event=1777201270451
04-26 19:40:39.131  4233 15351 D PowerUI : can't show warning due to - plugged: true status unknown: false
04-26 19:40:43.416  1643  2242 D ActivityManager: freezing 30300 com.thetileapp.tile
04-26 19:40:43.423  1643  2242 D ActivityManager: freezing 28526 com.android.vending
04-26 19:40:43.432  1643  2242 D ActivityManager: freezing 17315 com.android.vending:background
04-26 19:40:44.493  1643  4189 D BackgroundInstallControlService: Package event received: 0
04-26 19:40:47.301  1643  4189 D BackgroundInstallControlService: Package event received: 0
04-26 19:40:55.657  1643  4189 D BackgroundInstallControlService: Package event received: 0
04-26 19:40:57.375  1643  1720 I DisplayDeviceRepository: Display device changed render timings: "Built-in Screen", renderFrameRate=60.000004, presentationDeadlineNanos=11500000, appVsyncOffsetNanos=6233332, frameRateOverrides=[{uid=10247 frameRateHz=60.000004}]
04-26 19:40:57.377  1643  1711 D WindowManager: DeferredDisplayUpdater: partially applying DisplayInfo(960 x 2142) immediately
04-26 19:40:58.130  1643  1720 I DisplayDeviceRepository: Display device changed render timings: "Built-in Screen", renderFrameRate=60.000004, presentationDeadlineNanos=11500000, appVsyncOffsetNanos=6233332, frameRateOverrides=[]
04-26 19:41:00.063  1643  1720 I DisplayDeviceRepository: Display device changed render timings: "Built-in Screen", renderFrameRate=120.00001, presentationDeadlineNanos=11500000, appVsyncOffsetNanos=6233332, frameRateOverrides=[]
04-26 19:41:00.064  1643  1711 D WindowManager: DeferredDisplayUpdater: partially applying DisplayInfo(960 x 2142) immediately
04-26 19:41:02.688  1643  4189 D BackgroundInstallControlService: Package event received: 0
04-26 19:41:06.619  1643  1916 I MediaSessionStack: removeSession | record: com.google.android.gms/cast_rcn_media_session/10674 (userId=0)
04-26 19:41:07.862  1643  2247 D ActivityManager: sync unfroze 5694 com.google.android.gms for 6
04-26 19:41:07.879  1643  2234 D ActivityManager: sync unfroze 30300 com.thetileapp.tile for 6
04-26 19:41:07.885  1643  2234 D ActivityManager: sync unfroze 28526 com.android.vending for 6
04-26 19:41:07.889  1643  2234 D ActivityManager: sync unfroze 17315 com.android.vending:background for 6
04-26 19:41:07.900  1643  2234 W JobServiceContext: Sending onNetworkChanged for a job that isn't started. JobStatus{8e0dee3 androidx.work.systemjobscheduler:u0a318/14050 #TileJobWorker#@androidx.work.systemjobscheduler@com.thetileapp.tile/androidx.work.impl.background.systemjob.SystemJobService u=0 s=10318 TIME=-23s285ms:none NET READY}
04-26 19:41:07.924  1643  4653 W ProcessStats: Tracking association SourceState{c9bc4b1 com.android.vending:background/10179 ImpBg #1208337} whose proc state 6 is better than process ProcessState{704cc57 com.android.vending/10179 pkg=com.android.vending} proc state 14 (13 skipped)
04-26 19:41:08.317  1643  7131 D BiometricService: canAuthenticate: User=0, Caller=0, Authenticators=65536
04-26 19:41:08.320  1643  7131 D BiometricService/PreAuthInfo: getCanAuthenticateInternal Modality: 0 AuthenticatorStatus: 13
04-26 19:41:08.320  1643  7131 D AuthService: canAuthenticate, userId: 0, callingUserId: 0, authenticators: 65536, result: 20
04-26 19:41:08.322  1643  4653 D BiometricService: canAuthenticate: User=0, Caller=0, Authenticators=255
04-26 19:41:08.325  1643  4653 D BiometricService/PreAuthInfo: Package: com.google.android.gms Sensor ID: 1 Modality: 8 User id: 0 Status: 7
04-26 19:41:08.325  1643  4653 D BiometricService/PreAuthInfo: Package: com.google.android.gms Sensor ID: 37748992 Modality: 2 User id: 0 Status: 1
04-26 19:41:08.326  1643  4653 D BiometricService/PreAuthInfo: getCanAuthenticateInternal Modality: 2 AuthenticatorStatus: 1
04-26 19:41:08.326  1643  4653 D AuthService: canAuthenticate, userId: 0, callingUserId: 0, authenticators: 255, result: 0
04-26 19:41:08.341  1643  7131 D ActivityManager: sync unfroze 10407 com.google.android.gms.unstable for 6
04-26 19:41:08.370  1643  7131 W JobScheduler: Job didn't exist in JobStore: 8e0dee3 {androidx.work.systemjobscheduler} #u0a318/14050 #TileJobWorker#@androidx.work.systemjobscheduler@com.thetileapp.tile/androidx.work.impl.background.systemjob.SystemJobService
04-26 19:41:09.111   609 15090 E keystore2: system/security/keystore2/src/error.rs:185 - system/security/keystore2/src/security_level.rs:334
04-26 19:41:09.111   609 15090 E keystore2: 
04-26 19:41:09.111   609 15090 E keystore2: Caused by:
04-26 19:41:09.111   609 15090 E keystore2:     0: system/security/keystore2/src/enforcements.rs:596: matching auth token (challenge=0, userId=-706809920047309174, authId=-816623305, authType=0x2, timestamp=537815995ms) rcved=BootTime(537805981) for sids [SecureUserId(-706809920047309174)] type Some(3) is expired (204033s old > timeout=10s)
04-26 19:41:09.111   609 15090 E keystore2:     1: Error::Km(r#KEY_USER_NOT_AUTHENTICATED)
04-26 19:41:11.160  1643  1643 I ContentCaptureManagerService: Content capture data sharing session terminated successfully for package 'com.google.android.googlequicksearchbox'
04-26 19:41:18.110  1643  2234 W JobServiceContext: Sending onNetworkChanged for a job that isn't started. JobStatus{3b77108 #u0a318/302 com.thetileapp.tile/.analytics.dcs.DcsCUploadJobService u=0 s=10318 TIME=-28ms:+59m59s972ms NET PERIODIC PERSISTED READY}
04-26 19:41:19.612   609 13434 I keystore2: system/security/keystore2/watchdog/src/lib.rs:371 - Watchdog thread idle -> terminating. Have a great day.
04-26 19:41:19.720  1643  2242 D ActivityManager: freezing 5694 com.google.android.gms
04-26 19:41:23.962  1643  2242 D ActivityManager: freezing 10407 com.google.android.gms.unstable
04-26 19:41:26.245  4233  4837 D PowerUI : can't show warning due to - plugged: true status unknown: false
04-26 19:41:27.856  1643  4189 D BackgroundInstallControlService: Package event received: 0
04-26 19:41:28.390  1643  2242 D ActivityManager: freezing 30300 com.thetileapp.tile
04-26 19:41:28.399  1643  2242 D ActivityManager: freezing 28526 com.android.vending
04-26 19:41:28.407  1643  2242 D ActivityManager: freezing 17315 com.android.vending:background
04-26 19:41:33.387  1643  2234 D ActivityManager: sync unfroze 30300 com.thetileapp.tile for 6
04-26 19:41:33.392  1643  2234 D ActivityManager: sync unfroze 28526 com.android.vending for 6
04-26 19:41:33.399  1643  2234 D ActivityManager: sync unfroze 17315 com.android.vending:background for 6
04-26 19:41:33.410  1643  2234 W JobServiceContext: Sending onNetworkChanged for a job that isn't started. JobStatus{128ff4 #u0a318/301 com.thetileapp.tile/.analytics.dcs.DcsBUploadJobService u=0 s=10318 TIME=-1s773ms:+29m58s227ms NET PERIODIC PERSISTED READY}
04-26 19:41:33.458  1643  7131 W ProcessStats: Tracking association SourceState{c9bc4b1 com.android.vending:background/10179 ImpBg #1208380} whose proc state 6 is better than process ProcessState{704cc57 com.android.vending/10179 pkg=com.android.vending} proc state 14 (5 skipped)
04-26 19:41:39.097  1643  2234 D ActivityManager: sync unfroze 7351 com.google.android.apps.messaging for 6
04-26 19:41:43.520  1643  2242 D ActivityManager: freezing 30300 com.thetileapp.tile
04-26 19:41:43.527  1643  2242 D ActivityManager: freezing 28526 com.android.vending
04-26 19:41:43.536  1643  2242 D ActivityManager: freezing 17315 com.android.vending:background
04-26 19:41:49.528  1643  2242 D ActivityManager: freezing 7351 com.google.android.apps.messaging
04-26 19:41:53.068  1643  4189 D BackgroundInstallControlService: Package event received: 0
04-26 19:41:57.378  1643  1720 I DisplayDeviceRepository: Display device changed render timings: "Built-in Screen", renderFrameRate=60.000004, presentationDeadlineNanos=11500000, appVsyncOffsetNanos=6233332, frameRateOverrides=[{uid=10247 frameRateHz=60.000004}]
04-26 19:41:57.379  1643  1711 D WindowManager: DeferredDisplayUpdater: partially applying DisplayInfo(960 x 2142) immediately
04-26 19:41:58.138  1643  1720 I DisplayDeviceRepository: Display device changed render timings: "Built-in Screen", renderFrameRate=60.000004, presentationDeadlineNanos=11500000, appVsyncOffsetNanos=6233332, frameRateOverrides=[]
04-26 19:42:00.037  1643  1720 I DisplayDeviceRepository: Display device changed render timings: "Built-in Screen", renderFrameRate=120.00001, presentationDeadlineNanos=11500000, appVsyncOffsetNanos=6233332, frameRateOverrides=[]
04-26 19:42:00.038  1643  1711 D WindowManager: DeferredDisplayUpdater: partially applying DisplayInfo(960 x 2142) immediately
04-26 19:42:01.512  1643  4189 D BackgroundInstallControlService: Package event received: 0
04-26 19:42:02.689  1643  4189 D BackgroundInstallControlService: Package event received: 0
04-26 19:42:02.690  1643  4189 D BackgroundInstallControlService: Package event received: 0
04-26 19:42:05.630  1643  1821 D ActivityManager: sync unfroze 23267 com.google.android.gm for 3
