04-21 00:07:41.730 15001 15001 E libbinder.IPCThreadState: Binder transaction failure. id: 28156346, cmd: BR_FAILED_REPLY (29201), error: -1 (Operation not permitted)
04-21 00:07:41.731 15001 15001 W libbinder.BackendUnifiedServiceManager: Thread Pool max thread count is 0. Cannot cache binder as linkToDeath cannot be implemented. serviceName: vendor.google.bluetooth_ext.IBluetoothSar/default
04-21 00:07:41.731 15001 15001 E libbinder.IPCThreadState: Binder transaction failure. id: 28156350, cmd: BR_FAILED_REPLY (29201), error: -1 (Operation not permitted)
04-21 00:07:41.731 15001 15001 W libbinder.BackendUnifiedServiceManager: Thread Pool max thread count is 0. Cannot cache binder as linkToDeath cannot be implemented. serviceName: vendor.google.google_battery.IGoogleBattery/default
04-21 00:07:41.732 15001 15001 E libbinder.IPCThreadState: Binder transaction failure. id: 28156354, cmd: BR_FAILED_REPLY (29201), error: -1 (Operation not permitted)
04-21 00:07:41.732 15001 15001 W libbinder.BackendUnifiedServiceManager: Thread Pool max thread count is 0. Cannot cache binder as linkToDeath cannot be implemented. serviceName: vendor.google.plat_security.ISecureTimestamp/default
04-21 00:07:41.733 15001 15001 E libbinder.IPCThreadState: Binder transaction failure. id: 28156358, cmd: BR_FAILED_REPLY (29201), error: -1 (Operation not permitted)
04-21 00:07:41.733 15001 15001 W libbinder.BackendUnifiedServiceManager: Thread Pool max thread count is 0. Cannot cache binder as linkToDeath cannot be implemented. serviceName: vendor.google.plat_security.ITrustyDecrypt/default
04-21 00:07:41.733 15001 15001 E libbinder.IPCThreadState: Binder transaction failure. id: 28156362, cmd: BR_FAILED_REPLY (29201), error: -1 (Operation not permitted)
04-21 00:07:41.734 15001 15001 W libbinder.BackendUnifiedServiceManager: Thread Pool max thread count is 0. Cannot cache binder as linkToDeath cannot be implemented. serviceName: vendor.google.radio_ext.IRadioExt/default
04-21 00:07:41.734 15001 15001 E libbinder.IPCThreadState: Binder transaction failure. id: 28156366, cmd: BR_FAILED_REPLY (29201), error: -1 (Operation not permitted)
04-21 00:07:41.735 15001 15001 W libbinder.BackendUnifiedServiceManager: Thread Pool max thread count is 0. Cannot cache binder as linkToDeath cannot be implemented. serviceName: vendor.google.whitechapel.audio.extension.IAudioExtension/default
04-21 00:07:41.735 15001 15001 E libbinder.IPCThreadState: Binder transaction failure. id: 28156370, cmd: BR_FAILED_REPLY (29201), error: -1 (Operation not permitted)
04-21 00:07:41.736 15001 15001 W libbinder.BackendUnifiedServiceManager: Thread Pool max thread count is 0. Cannot cache binder as linkToDeath cannot be implemented. serviceName: vendor.google.wifi_ext.IWifiExt/default
04-21 00:07:41.736 15001 15001 E libbinder.IPCThreadState: Binder transaction failure. id: 28156374, cmd: BR_FAILED_REPLY (29201), error: -1 (Operation not permitted)
04-21 00:07:41.737 15001 15001 W libbinder.BackendUnifiedServiceManager: Thread Pool max thread count is 0. Cannot cache binder as linkToDeath cannot be implemented. serviceName: vendor.google.wireless_charger.IWirelessCharger/default
04-21 00:07:41.737 15001 15001 E libbinder.IPCThreadState: Binder transaction failure. id: 28156378, cmd: BR_FAILED_REPLY (29201), error: -1 (Operation not permitted)
04-21 00:07:41.738 15001 15001 E libbinder.IPCThreadState: Binder transaction failure. id: 28156382, cmd: BR_FAILED_REPLY (29201), error: -1 (Operation not permitted)
04-21 00:07:41.739 15001 15001 W libbinder.BackendUnifiedServiceManager: Thread Pool max thread count is 0. Cannot cache binder as linkToDeath cannot be implemented. serviceName: vendor.qti.hardware.fingerprint.IQfpExtendedFingerprint/default
04-21 00:07:41.739 15001 15001 E libbinder.IPCThreadState: Binder transaction failure. id: 28156386, cmd: BR_FAILED_REPLY (29201), error: -1 (Operation not permitted)
04-21 00:07:41.739 15001 15001 W libbinder.BackendUnifiedServiceManager: Thread Pool max thread count is 0. Cannot cache binder as linkToDeath cannot be implemented. serviceName: vibrator_manager
04-21 00:07:41.740 15001 15001 W libbinder.BackendUnifiedServiceManager: Thread Pool max thread count is 0. Cannot cache binder as linkToDeath cannot be implemented. serviceName: virtualdevice
04-21 00:07:41.741 15001 15001 W libbinder.BackendUnifiedServiceManager: Thread Pool max thread count is 0. Cannot cache binder as linkToDeath cannot be implemented. serviceName: virtualdevice_native
04-21 00:07:41.742 15001 15001 W libbinder.BackendUnifiedServiceManager: Thread Pool max thread count is 0. Cannot cache binder as linkToDeath cannot be implemented. serviceName: voiceinteraction
04-21 00:07:41.743 15001 15001 W libbinder.BackendUnifiedServiceManager: Thread Pool max thread count is 0. Cannot cache binder as linkToDeath cannot be implemented. serviceName: vpn_management
04-21 00:07:41.744 15001 15001 W libbinder.BackendUnifiedServiceManager: Thread Pool max thread count is 0. Cannot cache binder as linkToDeath cannot be implemented. serviceName: wallpaper
04-21 00:07:41.745 15001 15001 W libbinder.BackendUnifiedServiceManager: Thread Pool max thread count is 0. Cannot cache binder as linkToDeath cannot be implemented. serviceName: wallpaper_effects_generation
04-21 00:07:41.745 15001 15001 W libbinder.BackendUnifiedServiceManager: Thread Pool max thread count is 0. Cannot cache binder as linkToDeath cannot be implemented. serviceName: wearable_sensing
04-21 00:07:41.746 15001 15001 W libbinder.BackendUnifiedServiceManager: Thread Pool max thread count is 0. Cannot cache binder as linkToDeath cannot be implemented. serviceName: webviewupdate
04-21 00:07:41.747 15001 15001 W libbinder.BackendUnifiedServiceManager: Thread Pool max thread count is 0. Cannot cache binder as linkToDeath cannot be implemented. serviceName: wifi
04-21 00:07:41.748 15001 15001 W libbinder.BackendUnifiedServiceManager: Thread Pool max thread count is 0. Cannot cache binder as linkToDeath cannot be implemented. serviceName: wifiaware
04-21 00:07:41.749 15001 15001 W libbinder.BackendUnifiedServiceManager: Thread Pool max thread count is 0. Cannot cache binder as linkToDeath cannot be implemented. serviceName: wifinl80211
04-21 00:07:41.749 15001 15001 E libbinder.IPCThreadState: Binder transaction failure. id: 28156449, cmd: BR_FAILED_REPLY (29201), error: -1 (Operation not permitted)
04-21 00:07:41.749 15001 15001 W libbinder.BackendUnifiedServiceManager: Thread Pool max thread count is 0. Cannot cache binder as linkToDeath cannot be implemented. serviceName: wifip2p
04-21 00:07:41.750 15001 15001 W libbinder.BackendUnifiedServiceManager: Thread Pool max thread count is 0. Cannot cache binder as linkToDeath cannot be implemented. serviceName: wifirtt
04-21 00:07:41.751 15001 15001 W libbinder.BackendUnifiedServiceManager: Thread Pool max thread count is 0. Cannot cache binder as linkToDeath cannot be implemented. serviceName: wifiscanner
04-21 00:07:41.751 15001 15001 W libbinder.BackendUnifiedServiceManager: Thread Pool max thread count is 0. Cannot cache binder as linkToDeath cannot be implemented. serviceName: window
04-21 00:07:41.977  1330  1529 I RFSD    : [RfsService::Nv] ProcessMessage : RFS_IO_REQUEST
04-21 00:07:41.977  1330  1529 D RFSD    : [RfsService::File] Seek temp file
04-21 00:07:41.979  1330  1529 D RFSD    : [RfsService::File] Write temp file
04-21 00:07:41.983  1330  1529 D RFSD    : [RfsService::File] Write temp file
04-21 00:07:41.985  1330  1529 D RFSD    : [RfsService::File] Write temp file
04-21 00:07:41.987  1330  1529 D RFSD    : [RfsService::File] Write temp file
04-21 00:07:41.990  1330  1529 D RFSD    : [RfsService::File] Write temp file
04-21 00:07:41.993  1330  1529 D RFSD    : [RfsService::File] Write temp file
04-21 00:07:41.996  1330  1529 D RFSD    : [RfsService::File] Write temp file
04-21 00:07:42.000  1330  1529 D RFSD    : [RfsService::File] Write temp file
04-21 00:07:42.003  1330  1529 D RFSD    : [RfsService::File] Write temp file
04-21 00:07:42.019  1330  1529 D RFSD    : [RfsService::File] Write temp file
04-21 00:07:42.022  1330  1529 D RFSD    : [RfsService::File] Write temp file
04-21 00:07:42.025  1330  1529 D RFSD    : [RfsService::File] Write temp file
04-21 00:07:42.027  1330  1529 D RFSD    : [RfsService::File] Write temp file
04-21 00:07:42.031  1330  1529 D RFSD    : [RfsService::File] Write temp file
04-21 00:07:42.034  1330  1529 D RFSD    : [RfsService::File] Write temp file
04-21 00:07:42.037  1330  1529 D RFSD    : [RfsService::File] Write temp file
04-21 00:07:42.041  1330  1529 D RFSD    : [RfsService::File] Write temp file
04-21 00:07:42.044  1330  1529 D RFSD    : [RfsService::File] Write temp file
04-21 00:07:42.046  1330  1529 D RFSD    : [RfsService::File] Write temp file
04-21 00:07:42.048 15021 15021 W libbinder.BackendUnifiedServiceManager: Thread Pool max thread count is 0. Cannot cache binder as linkToDeath cannot be implemented. serviceName: DockObserver
04-21 00:07:42.049 15021 15021 E libbinder.Parcel: Reading a NULL string not supported here.
04-21 00:07:42.050  1330  1529 D RFSD    : [RfsService::File] Write temp file
04-21 00:07:42.050 15021 15021 W libbinder.BackendUnifiedServiceManager: Thread Pool max thread count is 0. Cannot cache binder as linkToDeath cannot be implemented. serviceName: SurfaceFlinger
04-21 00:07:42.051 15021 15021 W libbinder.BackendUnifiedServiceManager: Thread Pool max thread count is 0. Cannot cache binder as linkToDeath cannot be implemented. serviceName: SurfaceFlingerAIDL
04-21 00:07:42.053  1330  1529 D RFSD    : [RfsService::File] Write temp file
04-21 00:07:42.053 15021 15021 W libbinder.BackendUnifiedServiceManager: Thread Pool max thread count is 0. Cannot cache binder as linkToDeath cannot be implemented. serviceName: accessibility
04-21 00:07:42.054 15021 15021 W libbinder.BackendUnifiedServiceManager: Thread Pool max thread count is 0. Cannot cache binder as linkToDeath cannot be implemented. serviceName: account
04-21 00:07:42.054 15021 15021 W libbinder.BackendUnifiedServiceManager: Thread Pool max thread count is 0. Cannot cache binder as linkToDeath cannot be implemented. serviceName: activity
04-21 00:07:42.055 15021 15021 W libbinder.BackendUnifiedServiceManager: Thread Pool max thread count is 0. Cannot cache binder as linkToDeath cannot be implemented. serviceName: activity_task
04-21 00:07:42.055  1330  1529 D RFSD    : [RfsService::File] Write temp file
04-21 00:07:42.056 15021 15021 W libbinder.BackendUnifiedServiceManager: Thread Pool max thread count is 0. Cannot cache binder as linkToDeath cannot be implemented. serviceName: adb
04-21 00:07:42.057 15021 15021 W libbinder.BackendUnifiedServiceManager: Thread Pool max thread count is 0. Cannot cache binder as linkToDeath cannot be implemented. serviceName: adservices_manager
04-21 00:07:42.058 15021 15021 W libbinder.BackendUnifiedServiceManager: Thread Pool max thread count is 0. Cannot cache binder as linkToDeath cannot be implemented. serviceName: advanced_protection
04-21 00:07:42.059 15021 15021 W libbinder.BackendUnifiedServiceManager: Thread Pool max thread count is 0. Cannot cache binder as linkToDeath cannot be implemented. serviceName: alarm
04-21 00:07:42.059  1330  1529 D RFSD    : [RfsService::File] Write temp file
04-21 00:07:42.060 15021 15021 W libbinder.BackendUnifiedServiceManager: Thread Pool max thread count is 0. Cannot cache binder as linkToDeath cannot be implemented. serviceName: ambient_context
04-21 00:07:42.062 15021 15021 W libbinder.BackendUnifiedServiceManager: Thread Pool max thread count is 0. Cannot cache binder as linkToDeath cannot be implemented. serviceName: android.frameworks.cameraservice.service.ICameraService/default
04-21 00:07:42.062  1330  1529 D RFSD    : [RfsService::File] Write temp file
04-21 00:07:42.064 15021 15021 W libbinder.BackendUnifiedServiceManager: Thread Pool max thread count is 0. Cannot cache binder as linkToDeath cannot be implemented. serviceName: android.frameworks.devicestate.IDeviceStateService/default
04-21 00:07:42.066  1330  1529 D RFSD    : [RfsService::File] Write temp file
04-21 00:07:42.066 15021 15021 W libbinder.BackendUnifiedServiceManager: Thread Pool max thread count is 0. Cannot cache binder as linkToDeath cannot be implemented. serviceName: android.frameworks.location.altitude.IAltitudeService/default
04-21 00:07:42.068 15021 15021 W libbinder.BackendUnifiedServiceManager: Thread Pool max thread count is 0. Cannot cache binder as linkToDeath cannot be implemented. serviceName: android.frameworks.sensorservice.ISensorManager/default
04-21 00:07:42.069 15021 15021 W libbinder.BackendUnifiedServiceManager: Thread Pool max thread count is 0. Cannot cache binder as linkToDeath cannot be implemented. serviceName: android.frameworks.stats.IStats/default
04-21 00:07:42.070  1330  1529 D RFSD    : [RfsService::File] Write temp file
04-21 00:07:42.071 15021 15021 W libbinder.BackendUnifiedServiceManager: Thread Pool max thread count is 0. Cannot cache binder as linkToDeath cannot be implemented. serviceName: android.frameworks.vibrator.IVibratorControlService/default
04-21 00:07:42.071 15021 15021 W libbinder.BackendUnifiedServiceManager: Thread Pool max thread count is 0. Cannot cache binder as linkToDeath cannot be implemented. serviceName: android.hardware.audio.core.IConfig/default
04-21 00:07:42.072 15021 15021 E libbinder.IPCThreadState: Binder transaction failure. id: 28156593, cmd: BR_FAILED_REPLY (29201), error: -1 (Operation not permitted)
04-21 00:07:42.072 15021 15021 W libbinder.BackendUnifiedServiceManager: Thread Pool max thread count is 0. Cannot cache binder as linkToDeath cannot be implemented. serviceName: android.hardware.audio.core.IModule/bluetooth
04-21 00:07:42.072 15021 15021 E libbinder.IPCThreadState: Binder transaction failure. id: 28156597, cmd: BR_FAILED_REPLY (29201), error: -1 (Operation not permitted)
04-21 00:07:42.073 15021 15021 W libbinder.BackendUnifiedServiceManager: Thread Pool max thread count is 0. Cannot cache binder as linkToDeath cannot be implemented. serviceName: android.hardware.audio.core.IModule/default
04-21 00:07:42.073 15021 15021 E libbinder.IPCThreadState: Binder transaction failure. id: 28156601, cmd: BR_FAILED_REPLY (29201), error: -1 (Operation not permitted)
04-21 00:07:42.073  1330  1529 D RFSD    : [RfsService::File] Write temp file
04-21 00:07:42.073 15021 15021 W libbinder.BackendUnifiedServiceManager: Thread Pool max thread count is 0. Cannot cache binder as linkToDeath cannot be implemented. serviceName: android.hardware.audio.core.IModule/r_submix
04-21 00:07:42.073 15021 15021 E libbinder.IPCThreadState: Binder transaction failure. id: 28156605, cmd: BR_FAILED_REPLY (29201), error: -1 (Operation not permitted)
04-21 00:07:42.074 15021 15021 W libbinder.BackendUnifiedServiceManager: Thread Pool max thread count is 0. Cannot cache binder as linkToDeath cannot be implemented. serviceName: android.hardware.audio.effect.IFactory/default
04-21 00:07:42.074 15021 15021 E libbinder.IPCThreadState: Binder transaction failure. id: 28156609, cmd: BR_FAILED_REPLY (29201), error: -1 (Operation not permitted)
04-21 00:07:42.074 15021 15021 W libbinder.BackendUnifiedServiceManager: Thread Pool max thread count is 0. Cannot cache binder as linkToDeath cannot be implemented. serviceName: android.hardware.authsecret.IAuthSecret/default
04-21 00:07:42.074 15021 15021 E libbinder.IPCThreadState: Binder transaction failure. id: 28156613, cmd: BR_FAILED_REPLY (29201), error: -1 (Operation not permitted)
04-21 00:07:42.075 15021 15021 W libbinder.BackendUnifiedServiceManager: Thread Pool max thread count is 0. Cannot cache binder as linkToDeath cannot be implemented. serviceName: android.hardware.biometrics.face.IFace/default
04-21 00:07:42.075 15021 15021 E libbinder.IPCThreadState: Binder transaction failure. id: 28156617, cmd: BR_FAILED_REPLY (29201), error: -1 (Operation not permitted)
04-21 00:07:42.075 15021 15021 W libbinder.BackendUnifiedServiceManager: Thread Pool max thread count is 0. Cannot cache binder as linkToDeath cannot be implemented. serviceName: android.hardware.biometrics.fingerprint.IFingerprint/default
04-21 00:07:42.076 15021 15021 E libbinder.IPCThreadState: Binder transaction failure. id: 28156621, cmd: BR_FAILED_REPLY (29201), error: -1 (Operation not permitted)
04-21 00:07:42.076  1330  1529 D RFSD    : [RfsService::File] Write temp file
04-21 00:07:42.076 15021 15021 W libbinder.BackendUnifiedServiceManager: Thread Pool max thread count is 0. Cannot cache binder as linkToDeath cannot be implemented. serviceName: android.hardware.bluetooth.IBluetoothHci/default
04-21 00:07:42.076 15021 15021 E libbinder.IPCThreadState: Binder transaction failure. id: 28156625, cmd: BR_FAILED_REPLY (29201), error: -1 (Operation not permitted)
04-21 00:07:42.077 15021 15021 W libbinder.BackendUnifiedServiceManager: Thread Pool max thread count is 0. Cannot cache binder as linkToDeath cannot be implemented. serviceName: android.hardware.bluetooth.audio.IBluetoothAudioProviderFactory/default
04-21 00:07:42.077 15021 15021 E libbinder.IPCThreadState: Binder transaction failure. id: 28156629, cmd: BR_FAILED_REPLY (29201), error: -1 (Operation not permitted)
04-21 00:07:42.077 15021 15021 W libbinder.BackendUnifiedServiceManager: Thread Pool max thread count is 0. Cannot cache binder as linkToDeath cannot be implemented. serviceName: android.hardware.bluetooth.finder.IBluetoothFinder/default
04-21 00:07:42.077 15021 15021 E libbinder.IPCThreadState: Binder transaction failure. id: 28156633, cmd: BR_FAILED_REPLY (29201), error: -1 (Operation not permitted)
04-21 00:07:42.078 15021 15021 W libbinder.BackendUnifiedServiceManager: Thread Pool max thread count is 0. Cannot cache binder as linkToDeath cannot be implemented. serviceName: android.hardware.bluetooth.offload.leaudio.IHciProxy/default
04-21 00:07:42.079  1330  1529 D RFSD    : [RfsService::File] Write temp file
04-21 00:07:42.079 15021 15021 E libbinder.IPCThreadState: Binder transaction failure. id: 28156637, cmd: BR_FAILED_REPLY (29201), error: -1 (Operation not permitted)
04-21 00:07:42.079 15021 15021 W libbinder.BackendUnifiedServiceManager: Thread Pool max thread count is 0. Cannot cache binder as linkToDeath cannot be implemented. serviceName: android.hardware.bluetooth.ranging.IBluetoothChannelSounding/default
04-21 00:07:42.079 15021 15021 E libbinder.IPCThreadState: Binder transaction failure. id: 28156641, cmd: BR_FAILED_REPLY (29201), error: -1 (Operation not permitted)
04-21 00:07:42.080 15021 15021 W libbinder.BackendUnifiedServiceManager: Thread Pool max thread count is 0. Cannot cache binder as linkToDeath cannot be implemented. serviceName: android.hardware.boot.IBootControl/default
04-21 00:07:42.080 15021 15021 E libbinder.IPCThreadState: Binder transaction failure. id: 28156645, cmd: BR_FAILED_REPLY (29201), error: -1 (Operation not permitted)
04-21 00:07:42.080 15021 15021 W libbinder.BackendUnifiedServiceManager: Thread Pool max thread count is 0. Cannot cache binder as linkToDeath cannot be implemented. serviceName: android.hardware.camera.provider.ICameraProvider/internal/0
04-21 00:07:42.081 15021 15021 E libbinder.IPCThreadState: Binder transaction failure. id: 28156649, cmd: BR_FAILED_REPLY (29201), error: -1 (Operation not permitted)
04-21 00:07:42.081 15021 15021 W libbinder.BackendUnifiedServiceManager: Thread Pool max thread count is 0. Cannot cache binder as linkToDeath cannot be implemented. serviceName: android.hardware.cas.IMediaCasService/default
04-21 00:07:42.081  1330  1529 D RFSD    : [RfsService::File] Write temp file
04-21 00:07:42.083 15021 15021 W libbinder.BackendUnifiedServiceManager: Thread Pool max thread count is 0. Cannot cache binder as linkToDeath cannot be implemented. serviceName: android.hardware.contexthub.IContextHub/default
04-21 00:07:42.083 15021 15021 E libbinder.IPCThreadState: Binder transaction failure. id: 28156658, cmd: BR_FAILED_REPLY (29201), error: -1 (Operation not permitted)
04-21 00:07:42.084  1330  1529 D RFSD    : [RfsService::File] Write temp file
04-21 00:07:42.084 15021 15021 W libbinder.BackendUnifiedServiceManager: Thread Pool max thread count is 0. Cannot cache binder as linkToDeath cannot be implemented. serviceName: android.hardware.drm.IDrmFactory/clearkey
04-21 00:07:42.086 15021 15021 W libbinder.BackendUnifiedServiceManager: Thread Pool max thread count is 0. Cannot cache binder as linkToDeath cannot be implemented. serviceName: android.hardware.drm.IDrmFactory/widevine
04-21 00:07:42.087  1330  1529 D RFSD    : [RfsService::File] Write temp file
04-21 00:07:42.088 15021 15021 W libbinder.BackendUnifiedServiceManager: Thread Pool max thread count is 0. Cannot cache binder as linkToDeath cannot be implemented. serviceName: android.hardware.dumpstate.IDumpstateDevice/default
04-21 00:07:42.089 15021 15021 E libbinder.IPCThreadState: Binder transaction failure. id: 28156672, cmd: BR_FAILED_REPLY (29201), error: -1 (Operation not permitted)
04-21 00:07:42.090 15021 15021 W libbinder.BackendUnifiedServiceManager: Thread Pool max thread count is 0. Cannot cache binder as linkToDeath cannot be implemented. serviceName: android.hardware.gatekeeper.IGatekeeper/default
04-21 00:07:42.090 15021 15021 E libbinder.IPCThreadState: Binder transaction failure. id: 28156676, cmd: BR_FAILED_REPLY (29201), error: -1 (Operation not permitted)
04-21 00:07:42.090  1330  1529 D RFSD    : [RfsService::File] Write temp file
04-21 00:07:42.091 15021 15021 W libbinder.BackendUnifiedServiceManager: Thread Pool max thread count is 0. Cannot cache binder as linkToDeath cannot be implemented. serviceName: android.hardware.gnss.IGnss/default
04-21 00:07:42.091 15021 15021 E libbinder.IPCThreadState: Binder transaction failure. id: 28156680, cmd: BR_FAILED_REPLY (29201), error: -1 (Operation not permitted)
04-21 00:07:42.092 15021 15021 W libbinder.BackendUnifiedServiceManager: Thread Pool max thread count is 0. Cannot cache binder as linkToDeath cannot be implemented. serviceName: android.hardware.gnss.IGnss/vendor
04-21 00:07:42.092 15021 15021 E libbinder.IPCThreadState: Binder transaction failure. id: 28156684, cmd: BR_FAILED_REPLY (29201), error: -1 (Operation not permitted)
04-21 00:07:42.093 15021 15021 W libbinder.BackendUnifiedServiceManager: Thread Pool max thread count is 0. Cannot cache binder as linkToDeath cannot be implemented. serviceName: android.hardware.graphics.allocator.IAllocator/default
04-21 00:07:42.094  1330  1529 D RFSD    : [RfsService::File] Write temp file
04-21 00:07:42.096 15021 15021 W libbinder.BackendUnifiedServiceManager: Thread Pool max thread count is 0. Cannot cache binder as linkToDeath cannot be implemented. serviceName: android.hardware.graphics.composer3.IComposer/default
04-21 00:07:42.096 15021 15021 E libbinder.IPCThreadState: Binder transaction failure. id: 28156693, cmd: BR_FAILED_REPLY (29201), error: -1 (Operation not permitted)
04-21 00:07:42.096  1330  1529 D RFSD    : [RfsService::File] Write temp file
04-21 00:07:42.097 15021 15021 W libbinder.BackendUnifiedServiceManager: Thread Pool max thread count is 0. Cannot cache binder as linkToDeath cannot be implemented. serviceName: android.hardware.health.IHealth/default
04-21 00:07:42.098 15021 15021 E libbinder.IPCThreadState: Binder transaction failure. id: 28156697, cmd: BR_FAILED_REPLY (29201), error: -1 (Operation not permitted)
04-21 00:07:42.099 15021 15021 W libbinder.BackendUnifiedServiceManager: Thread Pool max thread count is 0. Cannot cache binder as linkToDeath cannot be implemented. serviceName: android.hardware.media.c2.IComponentStore/default
04-21 00:07:42.099  1330  1529 D RFSD    : [RfsService::File] Write temp file
04-21 00:07:42.101 15021 15021 W libbinder.BackendUnifiedServiceManager: Thread Pool max thread count is 0. Cannot cache binder as linkToDeath cannot be implemented. serviceName: android.hardware.media.c2.IComponentStore/default1
04-21 00:07:42.102  1330  1529 D RFSD    : [RfsService::File] Write temp file
04-21 00:07:42.103 15021 15021 W libbinder.BackendUnifiedServiceManager: Thread Pool max thread count is 0. Cannot cache binder as linkToDeath cannot be implemented. serviceName: android.hardware.media.c2.IComponentStore/default9
04-21 00:07:42.104  1330  1529 D RFSD    : [RfsService::File] Write temp file
04-21 00:07:42.105 15021 15021 W libbinder.BackendUnifiedServiceManager: Thread Pool max thread count is 0. Cannot cache binder as linkToDeath cannot be implemented. serviceName: android.hardware.media.c2.IComponentStore/software
04-21 00:07:42.107 15021 15021 W libbinder.BackendUnifiedServiceManager: Thread Pool max thread count is 0. Cannot cache binder as linkToDeath cannot be implemented. serviceName: android.hardware.memtrack.IMemtrack/default
04-21 00:07:42.107 15021 15021 E libbinder.IPCThreadState: Binder transaction failure. id: 28156723, cmd: BR_FAILED_REPLY (29201), error: -1 (Operation not permitted)
04-21 00:07:42.107  1330  1529 D RFSD    : [RfsService::File] Write temp file
04-21 00:07:42.108 15021 15021 W libbinder.BackendUnifiedServiceManager: Thread Pool max thread count is 0. Cannot cache binder as linkToDeath cannot be implemented. serviceName: android.hardware.neuralnetworks.IDevice/google-edgetpu
04-21 00:07:42.109 15021 15021 W libbinder.BackendUnifiedServiceManager: Thread Pool max thread count is 0. Cannot cache binder as linkToDeath cannot be implemented. serviceName: android.hardware.nfc.INfc/default
04-21 00:07:42.109 15021 15021 E libbinder.IPCThreadState: Binder transaction failure. id: 28156732, cmd: BR_FAILED_REPLY (29201), error: -1 (Operation not permitted)
04-21 00:07:42.109  1330  1529 D RFSD    : [RfsService::File] Write temp file
04-21 00:07:42.110 15021 15021 W libbinder.BackendUnifiedServiceManager: Thread Pool max thread count is 0. Cannot cache binder as linkToDeath cannot be implemented. serviceName: android.hardware.oemlock.IOemLock/default
04-21 00:07:42.110 15021 15021 E libbinder.IPCThreadState: Binder transaction failure. id: 28156736, cmd: BR_FAILED_REPLY (29201), error: -1 (Operation not permitted)
04-21 00:07:42.111 15021 15021 W libbinder.BackendUnifiedServiceManager: Thread Pool max thread count is 0. Cannot cache binder as linkToDeath cannot be implemented. serviceName: android.hardware.power.IPower/default
04-21 00:07:42.111 15021 15021 E libbinder.IPCThreadState: Binder transaction failure. id: 28156740, cmd: BR_FAILED_REPLY (29201), error: -1 (Operation not permitted)
04-21 00:07:42.111 15021 15021 W libbinder.BackendUnifiedServiceManager: Thread Pool max thread count is 0. Cannot cache binder as linkToDeath cannot be implemented. serviceName: android.hardware.power.stats.IPowerStats/default
04-21 00:07:42.112 15021 15021 E libbinder.IPCThreadState: Binder transaction failure. id: 28156744, cmd: BR_FAILED_REPLY (29201), error: -1 (Operation not permitted)
04-21 00:07:42.112 15021 15021 W libbinder.BackendUnifiedServiceManager: Thread Pool max thread count is 0. Cannot cache binder as linkToDeath cannot be implemented. serviceName: android.hardware.radio.config.IRadioConfig/default
04-21 00:07:42.113 15021 15021 E libbinder.IPCThreadState: Binder transaction failure. id: 28156748, cmd: BR_FAILED_REPLY (29201), error: -1 (Operation not permitted)
04-21 00:07:42.113  1330  1529 D RFSD    : [RfsService::File] Write temp file
04-21 00:07:42.113 15021 15021 W libbinder.BackendUnifiedServiceManager: Thread Pool max thread count is 0. Cannot cache binder as linkToDeath cannot be implemented. serviceName: android.hardware.radio.data.IRadioData/slot1
04-21 00:07:42.113 15021 15021 E libbinder.IPCThreadState: Binder transaction failure. id: 28156752, cmd: BR_FAILED_REPLY (29201), error: -1 (Operation not permitted)
04-21 00:07:42.114 15021 15021 W libbinder.BackendUnifiedServiceManager: Thread Pool max thread count is 0. Cannot cache binder as linkToDeath cannot be implemented. serviceName: android.hardware.radio.data.IRadioData/slot2
04-21 00:07:42.114 15021 15021 E libbinder.IPCThreadState: Binder transaction failure. id: 28156756, cmd: BR_FAILED_REPLY (29201), error: -1 (Operation not permitted)
04-21 00:07:42.115 15021 15021 W libbinder.BackendUnifiedServiceManager: Thread Pool max thread count is 0. Cannot cache binder as linkToDeath cannot be implemented. serviceName: android.hardware.radio.messaging.IRadioMessaging/slot1
04-21 00:07:42.115 15021 15021 E libbinder.IPCThreadState: Binder transaction failure. id: 28156760, cmd: BR_FAILED_REPLY (29201), error: -1 (Operation not permitted)
04-21 00:07:42.115 15021 15021 W libbinder.BackendUnifiedServiceManager: Thread Pool max thread count is 0. Cannot cache binder as linkToDeath cannot be implemented. serviceName: android.hardware.radio.messaging.IRadioMessaging/slot2
04-21 00:07:42.116 15021 15021 E libbinder.IPCThreadState: Binder transaction failure. id: 28156764, cmd: BR_FAILED_REPLY (29201), error: -1 (Operation not permitted)
04-21 00:07:42.116  1330  1529 D RFSD    : [RfsService::File] Write temp file
04-21 00:07:42.116 15021 15021 W libbinder.BackendUnifiedServiceManager: Thread Pool max thread count is 0. Cannot cache binder as linkToDeath cannot be implemented. serviceName: android.hardware.radio.modem.IRadioModem/slot1
04-21 00:07:42.116 15021 15021 E libbinder.IPCThreadState: Binder transaction failure. id: 28156768, cmd: BR_FAILED_REPLY (29201), error: -1 (Operation not permitted)
04-21 00:07:42.117 15021 15021 W libbinder.BackendUnifiedServiceManager: Thread Pool max thread count is 0. Cannot cache binder as linkToDeath cannot be implemented. serviceName: android.hardware.radio.modem.IRadioModem/slot2
04-21 00:07:42.117 15021 15021 E libbinder.IPCThreadState: Binder transaction failure. id: 28156772, cmd: BR_FAILED_REPLY (29201), error: -1 (Operation not permitted)
04-21 00:07:42.118 15021 15021 W libbinder.BackendUnifiedServiceManager: Thread Pool max thread count is 0. Cannot cache binder as linkToDeath cannot be implemented. serviceName: android.hardware.radio.network.IRadioNetwork/slot1
04-21 00:07:42.118 15021 15021 E libbinder.IPCThreadState: Binder transaction failure. id: 28156776, cmd: BR_FAILED_REPLY (29201), error: -1 (Operation not permitted)
04-21 00:07:42.119 15021 15021 W libbinder.BackendUnifiedServiceManager: Thread Pool max thread count is 0. Cannot cache binder as linkToDeath cannot be implemented. serviceName: android.hardware.radio.network.IRadioNetwork/slot2
04-21 00:07:42.119 15021 15021 E libbinder.IPCThreadState: Binder transaction failure. id: 28156780, cmd: BR_FAILED_REPLY (29201), error: -1 (Operation not permitted)
04-21 00:07:42.119 15021 15021 W libbinder.BackendUnifiedServiceManager: Thread Pool max thread count is 0. Cannot cache binder as linkToDeath cannot be implemented. serviceName: android.hardware.radio.sap.ISap/slot1
04-21 00:07:42.119  1330  1529 D RFSD    : [RfsService::File] Write temp file
04-21 00:07:42.119 15021 15021 E libbinder.IPCThreadState: Binder transaction failure. id: 28156784, cmd: BR_FAILED_REPLY (29201), error: -1 (Operation not permitted)
04-21 00:07:42.120 15021 15021 W libbinder.BackendUnifiedServiceManager: Thread Pool max thread count is 0. Cannot cache binder as linkToDeath cannot be implemented. serviceName: android.hardware.radio.sap.ISap/slot2
04-21 00:07:42.120 15021 15021 E libbinder.IPCThreadState: Binder transaction failure. id: 28156788, cmd: BR_FAILED_REPLY (29201), error: -1 (Operation not permitted)
04-21 00:07:42.121 15021 15021 W libbinder.BackendUnifiedServiceManager: Thread Pool max thread count is 0. Cannot cache binder as linkToDeath cannot be implemented. serviceName: android.hardware.radio.sim.IRadioSim/slot1
04-21 00:07:42.121 15021 15021 E libbinder.IPCThreadState: Binder transaction failure. id: 28156792, cmd: BR_FAILED_REPLY (29201), error: -1 (Operation not permitted)
04-21 00:07:42.122 15021 15021 W libbinder.BackendUnifiedServiceManager: Thread Pool max thread count is 0. Cannot cache binder as linkToDeath cannot be implemented. serviceName: android.hardware.radio.sim.IRadioSim/slot2
04-21 00:07:42.122 15021 15021 E libbinder.IPCThreadState: Binder transaction failure. id: 28156796, cmd: BR_FAILED_REPLY (29201), error: -1 (Operation not permitted)
04-21 00:07:42.122  1330  1529 D RFSD    : [RfsService::File] Write temp file
04-21 00:07:42.122 15021 15021 W libbinder.BackendUnifiedServiceManager: Thread Pool max thread count is 0. Cannot cache binder as linkToDeath cannot be implemented. serviceName: android.hardware.radio.voice.IRadioVoice/slot1
04-21 00:07:42.123 15021 15021 E libbinder.IPCThreadState: Binder transaction failure. id: 28156800, cmd: BR_FAILED_REPLY (29201), error: -1 (Operation not permitted)
04-21 00:07:42.123 15021 15021 W libbinder.BackendUnifiedServiceManager: Thread Pool max thread count is 0. Cannot cache binder as linkToDeath cannot be implemented. serviceName: android.hardware.radio.voice.IRadioVoice/slot2
04-21 00:07:42.123 15021 15021 E libbinder.IPCThreadState: Binder transaction failure. id: 28156804, cmd: BR_FAILED_REPLY (29201), error: -1 (Operation not permitted)
04-21 00:07:42.124 15021 15021 W libbinder.BackendUnifiedServiceManager: Thread Pool max thread count is 0. Cannot cache binder as linkToDeath cannot be implemented. serviceName: android.hardware.secure_element.ISecureElement/SIM1
04-21 00:07:42.124 15021 15021 E libbinder.IPCThreadState: Binder transaction failure. id: 28156808, cmd: BR_FAILED_REPLY (29201), error: -1 (Operation not permitted)
04-21 00:07:42.125  1330  1529 D RFSD    : [RfsService::File] Write temp file
04-21 00:07:42.125 15021 15021 W libbinder.BackendUnifiedServiceManager: Thread Pool max thread count is 0. Cannot cache binder as linkToDeath cannot be implemented. serviceName: android.hardware.secure_element.ISecureElement/SIM2
04-21 00:07:42.125 15021 15021 E libbinder.IPCThreadState: Binder transaction failure. id: 28156812, cmd: BR_FAILED_REPLY (29201), error: -1 (Operation not permitted)
04-21 00:07:42.126 15021 15021 W libbinder.BackendUnifiedServiceManager: Thread Pool max thread count is 0. Cannot cache binder as linkToDeath cannot be implemented. serviceName: android.hardware.secure_element.ISecureElement/eSE1
04-21 00:07:42.126 15021 15021 E libbinder.IPCThreadState: Binder transaction failure. id: 28156816, cmd: BR_FAILED_REPLY (29201), error: -1 (Operation not permitted)
04-21 00:07:42.128  1330  1529 D RFSD    : [RfsService::File] Write temp file
04-21 00:07:42.128 15021 15021 W libbinder.BackendUnifiedServiceManager: Thread Pool max thread count is 0. Cannot cache binder as linkToDeath cannot be implemented. serviceName: android.hardware.security.keymint.IRemotelyProvisionedComponent/default
04-21 00:07:42.130 15021 15021 W libbinder.BackendUnifiedServiceManager: Thread Pool max thread count is 0. Cannot cache binder as linkToDeath cannot be implemented. serviceName: android.hardware.security.keymint.IRemotelyProvisionedComponent/strongbox
04-21 00:07:42.131  1330  1529 D RFSD    : [RfsService::File] Write temp file
04-21 00:07:42.131 15021 15021 W libbinder.BackendUnifiedServiceManager: Thread Pool max thread count is 0. Cannot cache binder as linkToDeath cannot be implemented. serviceName: android.hardware.security.secretkeeper.ISecretkeeper/default
04-21 00:07:42.131  1330  1529 D RFSD    : [RfsService::File] Sync temp file
04-21 00:07:42.131 15021 15021 E libbinder.IPCThreadState: Binder transaction failure. id: 28156834, cmd: BR_FAILED_REPLY (29201), error: -1 (Operation not permitted)
04-21 00:07:42.132  1330  1529 I RFSD    : CNvFile::OnWriteDone
04-21 00:07:42.132  1330  1529 D RFSD    : CNvFile::OnWriteDone : Write from temp file to nv file
04-21 00:07:42.135 15021 15021 W libbinder.BackendUnifiedServiceManager: Thread Pool max thread count is 0. Cannot cache binder as linkToDeath cannot be implemented. serviceName: android.hardware.sensors.ISensors/default
04-21 00:07:42.135 15021 15021 E libbinder.IPCThreadState: Binder transaction failure. id: 28156844, cmd: BR_FAILED_REPLY (29201), error: -1 (Operation not permitted)
04-21 00:07:42.136 15021 15021 W libbinder.BackendUnifiedServiceManager: Thread Pool max thread count is 0. Cannot cache binder as linkToDeath cannot be implemented. serviceName: android.hardware.soundtrigger3.ISoundTriggerHw/default
04-21 00:07:42.136 15021 15021 E libbinder.IPCThreadState: Binder transaction failure. id: 28156848, cmd: BR_FAILED_REPLY (29201), error: -1 (Operation not permitted)
04-21 00:07:42.137 15021 15021 W libbinder.BackendUnifiedServiceManager: Thread Pool max thread count is 0. Cannot cache binder as linkToDeath cannot be implemented. serviceName: android.hardware.thermal.IThermal/default
04-21 00:07:42.137 15021 15021 E libbinder.IPCThreadState: Binder transaction failure. id: 28156852, cmd: BR_FAILED_REPLY (29201), error: -1 (Operation not permitted)
04-21 00:07:42.138 15021 15021 W libbinder.BackendUnifiedServiceManager: Thread Pool max thread count is 0. Cannot cache binder as linkToDeath cannot be implemented. serviceName: android.hardware.usb.IUsb/default
04-21 00:07:42.138 15021 15021 E libbinder.IPCThreadState: Binder transaction failure. id: 28156856, cmd: BR_FAILED_REPLY (29201), error: -1 (Operation not permitted)
04-21 00:07:42.138  1330  1529 W RFSD    : [CsumCheckForFileAndForceCrash] /mnt/vendor/efs/nv_normal.bin checksum : verified
04-21 00:07:42.139 15021 15021 W libbinder.BackendUnifiedServiceManager: Thread Pool max thread count is 0. Cannot cache binder as linkToDeath cannot be implemented. serviceName: android.hardware.usb.gadget.IUsbGadget/default
04-21 00:07:42.139  1330  1529 I RFSD    : [RfsService::Nv] CsumUpdate
04-21 00:07:42.139  1330  1529 I RFSD    : [RfsService::Nv] CsumCalc
04-21 00:07:42.139 15021 15021 E libbinder.IPCThreadState: Binder transaction failure. id: 28156860, cmd: BR_FAILED_REPLY (29201), error: -1 (Operation not permitted)
04-21 00:07:42.140 15021 15021 W libbinder.BackendUnifiedServiceManager: Thread Pool max thread count is 0. Cannot cache binder as linkToDeath cannot be implemented. serviceName: android.hardware.uwb.IUwb/default
04-21 00:07:42.140 15021 15021 E libbinder.IPCThreadState: Binder transaction failure. id: 28156864, cmd: BR_FAILED_REPLY (29201), error: -1 (Operation not permitted)
04-21 00:07:42.140 15021 15021 W libbinder.BackendUnifiedServiceManager: Thread Pool max thread count is 0. Cannot cache binder as linkToDeath cannot be implemented. serviceName: android.hardware.vibrator.IVibrator/default
04-21 00:07:42.141 15021 15021 E libbinder.IPCThreadState: Binder transaction failure. id: 28156868, cmd: BR_FAILED_REPLY (29201), error: -1 (Operation not permitted)
04-21 00:07:42.141 15021 15021 W libbinder.BackendUnifiedServiceManager: Thread Pool max thread count is 0. Cannot cache binder as linkToDeath cannot be implemented. serviceName: android.hardware.weaver.IWeaver/default
04-21 00:07:42.141 15021 15021 E libbinder.IPCThreadState: Binder transaction failure. id: 28156872, cmd: BR_FAILED_REPLY (29201), error: -1 (Operation not permitted)
04-21 00:07:42.142 15021 15021 W libbinder.BackendUnifiedServiceManager: Thread Pool max thread count is 0. Cannot cache binder as linkToDeath cannot be implemented. serviceName: android.hardware.wifi.IWifi/default
04-21 00:07:42.142 15021 15021 E libbinder.IPCThreadState: Binder transaction failure. id: 28156876, cmd: BR_FAILED_REPLY (29201), error: -1 (Operation not permitted)
04-21 00:07:42.143 15021 15021 W libbinder.BackendUnifiedServiceManager: Thread Pool max thread count is 0. Cannot cache binder as linkToDeath cannot be implemented. serviceName: android.hardware.wifi.supplicant.ISupplicant/default
04-21 00:07:42.143 15021 15021 E libbinder.IPCThreadState: Binder transaction failure. id: 28156880, cmd: BR_FAILED_REPLY (29201), error: -1 (Operation not permitted)
04-21 00:07:42.145 15021 15021 W libbinder.BackendUnifiedServiceManager: Thread Pool max thread count is 0. Cannot cache binder as linkToDeath cannot be implemented. serviceName: android.media.audio.IHalAdapterVendorExtension/default
04-21 00:07:42.146 15021 15021 W libbinder.BackendUnifiedServiceManager: Thread Pool max thread count is 0. Cannot cache binder as linkToDeath cannot be implemented. serviceName: android.os.UpdateEngineService
04-21 00:07:42.146 15021 15021 E libbinder.IPCThreadState: Binder transaction failure. id: 28156889, cmd: BR_FAILED_REPLY (29201), error: -1 (Operation not permitted)
04-21 00:07:42.146 15021 15021 W libbinder.BackendUnifiedServiceManager: Thread Pool max thread count is 0. Cannot cache binder as linkToDeath cannot be implemented. serviceName: android.os.UpdateEngineStableService
04-21 00:07:42.146 15021 15021 E libbinder.IPCThreadState: Binder transaction failure. id: 28156893, cmd: BR_FAILED_REPLY (29201), error: -1 (Operation not permitted)
04-21 00:07:42.147 15021 15021 W libbinder.BackendUnifiedServiceManager: Thread Pool max thread count is 0. Cannot cache binder as linkToDeath cannot be implemented. serviceName: android.security.apc
04-21 00:07:42.148 15021 15021 W libbinder.BackendUnifiedServiceManager: Thread Pool max thread count is 0. Cannot cache binder as linkToDeath cannot be implemented. serviceName: android.security.authorization
04-21 00:07:42.149 15021 15021 W libbinder.BackendUnifiedServiceManager: Thread Pool max thread count is 0. Cannot cache binder as linkToDeath cannot be implemented. serviceName: android.security.identity
04-21 00:07:42.150 15021 15021 W libbinder.BackendUnifiedServiceManager: Thread Pool max thread count is 0. Cannot cache binder as linkToDeath cannot be implemented. serviceName: android.security.legacykeystore
04-21 00:07:42.151 15021 15021 W libbinder.BackendUnifiedServiceManager: Thread Pool max thread count is 0. Cannot cache binder as linkToDeath cannot be implemented. serviceName: android.security.maintenance
04-21 00:07:42.152 15021 15021 W libbinder.BackendUnifiedServiceManager: Thread Pool max thread count is 0. Cannot cache binder as linkToDeath cannot be implemented. serviceName: android.security.metrics
04-21 00:07:42.154 15021 15021 W libbinder.BackendUnifiedServiceManager: Thread Pool max thread count is 0. Cannot cache binder as linkToDeath cannot be implemented. serviceName: android.system.keystore2.IKeystoreService/default
04-21 00:07:42.155 15021 15021 W libbinder.BackendUnifiedServiceManager: Thread Pool max thread count is 0. Cannot cache binder as linkToDeath cannot be implemented. serviceName: android.system.net.netd.INetd/default
04-21 00:07:42.155 15021 15021 E libbinder.IPCThreadState: Binder transaction failure. id: 28156935, cmd: BR_FAILED_REPLY (29201), error: -1 (Operation not permitted)
04-21 00:07:42.156 15021 15021 W libbinder.BackendUnifiedServiceManager: Thread Pool max thread count is 0. Cannot cache binder as linkToDeath cannot be implemented. serviceName: android.system.suspend.ISystemSuspend/default
04-21 00:07:42.156 15021 15021 E libbinder.IPCThreadState: Binder transaction failure. id: 28156940, cmd: BR_FAILED_REPLY (29201), error: -1 (Operation not permitted)
04-21 00:07:42.157 15021 15021 W libbinder.BackendUnifiedServiceManager: Thread Pool max thread count is 0. Cannot cache binder as linkToDeath cannot be implemented. serviceName: android.system.vmtethering.IVmTethering
04-21 00:07:42.159 15021 15021 W libbinder.BackendUnifiedServiceManager: Thread Pool max thread count is 0. Cannot cache binder as linkToDeath cannot be implemented. serviceName: android.system.vold.IVold/default
04-21 00:07:42.159 15021 15021 E libbinder.IPCThreadState: Binder transaction failure. id: 28156949, cmd: BR_FAILED_REPLY (29201), error: -1 (Operation not permitted)
04-21 00:07:42.159  1330  1529 I RFSD    : [RfsService::Nv] ProcessMessage : RFS_OP_STATUS
04-21 00:07:42.159  1330  1529 I RFSD    : [RfsService::Nv] ProcessMessage : RFS_STATUS_SUCCESS
04-21 00:07:42.160 15021 15021 W libbinder.BackendUnifiedServiceManager: Thread Pool max thread count is 0. Cannot cache binder as linkToDeath cannot be implemented. serviceName: aocx.IAocx/default
04-21 00:07:42.160 15021 15021 E libbinder.IPCThreadState: Binder transaction failure. id: 28156953, cmd: BR_FAILED_REPLY (29201), error: -1 (Operation not permitted)
04-21 00:07:42.160  1132  1219 W shamp   : Unknown packet received with channel id 132.
04-21 00:07:42.160 15021 15021 W libbinder.BackendUnifiedServiceManager: Thread Pool max thread count is 0. Cannot cache binder as linkToDeath cannot be implemented. serviceName: app_binding
04-21 00:07:42.161  1132  1219 I shamp   : Modem: [PowerThermal] [RFSD] Flush Registry to Flash. fileName: ../../../PALCommon/PLT/Platform_EV/HAL/Common/driver/Dcxo/src/module_dcxo.c, lineNum: 365, nvId: 113, nvName: LTE.RX_DCXO_TRAIN_DATA_TEMP, EfsSyncCount: 463, actualCP2APCount: 13
04-21 00:07:42.161 15021 15021 E libbinder.Parcel: Reading a NULL string not supported here.
04-21 00:07:42.161 15021 15021 W libbinder.BackendUnifiedServiceManager: Thread Pool max thread count is 0. Cannot cache binder as linkToDeath cannot be implemented. serviceName: app_function
04-21 00:07:42.162 15021 15021 W libbinder.BackendUnifiedServiceManager: Thread Pool max thread count is 0. Cannot cache binder as linkToDeath cannot be implemented. serviceName: app_hibernation
04-21 00:07:42.163 15021 15021 W libbinder.BackendUnifiedServiceManager: Thread Pool max thread count is 0. Cannot cache binder as linkToDeath cannot be implemented. serviceName: app_integrity
04-21 00:07:42.164 15021 15021 W libbinder.BackendUnifiedServiceManager: Thread Pool max thread count is 0. Cannot cache binder as linkToDeath cannot be implemented. serviceName: app_prediction
04-21 00:07:42.165 15021 15021 W libbinder.BackendUnifiedServiceManager: Thread Pool max thread count is 0. Cannot cache binder as linkToDeath cannot be implemented. serviceName: app_search
04-21 00:07:42.166 15021 15021 W libbinder.BackendUnifiedServiceManager: Thread Pool max thread count is 0. Cannot cache binder as linkToDeath cannot be implemented. serviceName: appops
04-21 00:07:42.167 15021 15021 W libbinder.BackendUnifiedServiceManager: Thread Pool max thread count is 0. Cannot cache binder as linkToDeath cannot be implemented. serviceName: appwidget
04-21 00:07:42.167 15021 15021 W libbinder.BackendUnifiedServiceManager: Thread Pool max thread count is 0. Cannot cache binder as linkToDeath cannot be implemented. serviceName: attention
04-21 00:07:42.169 15021 15021 E libbinder.Parcel: Reading a NULL string not supported here.
04-21 00:07:42.169 15021 15021 W libbinder.BackendUnifiedServiceManager: Thread Pool max thread count is 0. Cannot cache binder as linkToDeath cannot be implemented. serviceName: attestation_verification
04-21 00:07:42.170 15021 15021 W libbinder.BackendUnifiedServiceManager: Thread Pool max thread count is 0. Cannot cache binder as linkToDeath cannot be implemented. serviceName: audio
04-21 00:07:42.171 15021 15021 W libbinder.BackendUnifiedServiceManager: Thread Pool max thread count is 0. Cannot cache binder as linkToDeath cannot be implemented. serviceName: auth
04-21 00:07:42.172 15021 15021 W libbinder.BackendUnifiedServiceManager: Thread Pool max thread count is 0. Cannot cache binder as linkToDeath cannot be implemented. serviceName: authentication_policy
04-21 00:07:42.173 15021 15021 W libbinder.BackendUnifiedServiceManager: Thread Pool max thread count is 0. Cannot cache binder as linkToDeath cannot be implemented. serviceName: autofill
04-21 00:07:42.174 15021 15021 W libbinder.BackendUnifiedServiceManager: Thread Pool max thread count is 0. Cannot cache binder as linkToDeath cannot be implemented. serviceName: background_install_control
04-21 00:07:42.174 15021 15021 W libbinder.BackendUnifiedServiceManager: Thread Pool max thread count is 0. Cannot cache binder as linkToDeath cannot be implemented. serviceName: backup
04-21 00:07:42.175 15021 15021 W libbinder.BackendUnifiedServiceManager: Thread Pool max thread count is 0. Cannot cache binder as linkToDeath cannot be implemented. serviceName: battery
04-21 00:07:42.175 15021 15021 E libbinder.Parcel: Reading a NULL string not supported here.
04-21 00:07:42.176 15021 15021 W libbinder.BackendUnifiedServiceManager: Thread Pool max thread count is 0. Cannot cache binder as linkToDeath cannot be implemented. serviceName: batteryproperties
04-21 00:07:42.177 15021 15021 W libbinder.BackendUnifiedServiceManager: Thread Pool max thread count is 0. Cannot cache binder as linkToDeath cannot be implemented. serviceName: batterystats
04-21 00:07:42.178 15021 15021 W libbinder.BackendUnifiedServiceManager: Thread Pool max thread count is 0. Cannot cache binder as linkToDeath cannot be implemented. serviceName: binder_calls_stats
04-21 00:07:42.178 15021 15021 E libbinder.Parcel: Reading a NULL string not supported here.
04-21 00:07:42.179 15021 15021 W libbinder.BackendUnifiedServiceManager: Thread Pool max thread count is 0. Cannot cache binder as linkToDeath cannot be implemented. serviceName: binder_stats_consumer
04-21 00:07:42.179 15021 15021 W libbinder.BackendUnifiedServiceManager: Thread Pool max thread count is 0. Cannot cache binder as linkToDeath cannot be implemented. serviceName: biometric
04-21 00:07:42.180 15021 15021 W libbinder.BackendUnifiedServiceManager: Thread Pool max thread count is 0. Cannot cache binder as linkToDeath cannot be implemented. serviceName: blob_store
04-21 00:07:42.181 15021 15021 W libbinder.BackendUnifiedServiceManager: Thread Pool max thread count is 0. Cannot cache binder as linkToDeath cannot be implemented. serviceName: bluetooth_manager
04-21 00:07:42.181 15021 15021 W libbinder.BackendUnifiedServiceManager: Thread Pool max thread count is 0. Cannot cache binder as linkToDeath cannot be implemented. serviceName: bugreport
