04-10 09:04:26.638 14698 14737 I bluetooth-a2dp: system/bta/av/bta_av_api.cc:612 BTA_AvSetLatency: Set audio/video stream low latency bta_handle:65, is_low_latency:false
04-10 09:04:26.638 14698 14737 I bt_l2cap: system/stack/l2cap/l2c_api.cc:1071 L2CA_SetAclLatency: BDA: xx:xx:xx:xx:29:03, latency: 0
04-10 09:04:26.638 14698 14737 I l2c_utils: system/stack/l2cap/l2c_utils.cc:2544 l2cu_set_acl_latency: Set ACL low latency: 0
04-10 09:04:26.638  1194  2744 D MediaPlayerService: onAudioDeviceUpdate deviceIds: 713
04-10 09:04:26.639   912  2321 I ASvc::CommandWorker: cw-primary-playback: Command{start: Void{}} in StreamOutStandbyState
04-10 09:04:26.639 14698 14751 I BluetoothAdapterService: getActiveDevices: A2dp device: XX:XX:XX:XX:6C:43
04-10 09:04:26.639  1008  2875 D NativePermissionController: checkPermission: missing 13 for 10209
04-10 09:04:26.639   912  2321 I ASvc::CommandWorker: cw-primary-playback: Command{burst: 0} in StreamOutIdleState
04-10 09:04:26.640  1008 15135 D NativePermissionController: checkPermission: missing 13 for 10209
04-10 09:04:26.640   912  2321 I ASvc::CommandWorker: StartStreamAndActivateRoute: try to start primary-playback, counter 5
04-10 09:04:26.640   912  2321 I AHal::Router: RequestActivateScopedLock: requesting scoped lock for 400001
04-10 09:04:26.640   912  2321 I AHal::Router: Activate: activate 400001
04-10 09:04:26.640   912  2321 I AHal::Router: InvalidateLocked: new graph #2608 Edges(2):
04-10 09:04:26.640   912  2321 I AHal::Router:   [direction: 0, use case: deep-buffer-playback, id: 0, use case extras: [aec: false, ns: false], use case attributes: [active track: true][sample_rate: 48000][channel layout: AudioChannelLayout{layoutMask: 3}][format: AudioFormatDescription{type: PCM, pcm: FLOAT_32_BIT, encoding: }], device: bluetooth-a2dp-device, sibling device: , handle: 0xb4000077b399c890, device extras: [source: SYS_RESERVED_INVALID, voice call: false, st aec: false, hac: false, sr: 48000, ch: AudioChannelLayout{layoutMask: 3}, f: AudioFormatDescription{type: PCM, pcm: DEFAULT, encoding: }, hifi: 0], config id: [u: 400002, d:400232], priority: 0000]
04-10 09:04:26.640   912  2321 I AHal::Router:   [direction: 0, use case: primary-playback, id: 0, use case extras: [aec: false, ns: false], use case attributes: [active track: true][sample_rate: 48000][channel layout: AudioChannelLayout{layoutMask: 3}][format: AudioFormatDescription{type: PCM, pcm: FLOAT_32_BIT, encoding: }], device: bluetooth-a2dp-device, sibling device: , handle: 0xb4000077b399c890, device extras: [source: SYS_RESERVED_INVALID, voice call: false, st aec: false, hac: false, sr: 48000, ch: AudioChannelLayout{layoutMask: 3}, f: AudioFormatDescription{type: PCM, pcm: DEFAULT, encoding: }, hifi: 0], config id: [u: 400001, d:400232], priority: 0000]
04-10 09:04:26.640   912  2321 I AHal::Router: InvalidateLocked: ============ apply graph #2608 [Fri Apr 10 09:04:26 2026] start ============
04-10 09:04:26.640   912  2321 I AHal::Router: LogTransferring: Transferring (1):
04-10 09:04:26.640   912  2321 I AHal::Router: LogTransferring:   deep-buffer-playback-0 -> bluetooth-a2dp-device => primary-playback-0 -> bluetooth-a2dp-device
04-10 09:04:26.640   912  2321 I AHal::AocDspModeAdapter: RemoveRoutes: remove Route:{{use case = deep-buffer-playback, device = bluetooth-a2dp-device, source = SYS_RESERVED_INVALID, channel_count = 2}}, current active route: 
04-10 09:04:26.640   912  2321 I AHal::AocDspModeAdapter: AddRoutes: Active Route:{{use case = primary-playback, device = bluetooth-a2dp-device, source = SYS_RESERVED_INVALID, channel_count = 2}},
04-10 09:04:26.640   912  2321 I AHal::VoiceCall: Update: set echo reference on bluetooth-a2dp-device for primary-playback
04-10 09:04:26.640   912  2321 D audio_route: Apply path: primary-playback-0 -> bluetooth-a2dp-device
04-10 09:04:26.641   912  2321 I AHal::AudioRoutePathController: ApplyPath: primary-playback-0 -> bluetooth-a2dp-device: true
04-10 09:04:26.641   912  2321 I AHal::DeviceInterface: Connect: connect primary-playback-0 -> bluetooth-a2dp-device
04-10 09:04:26.641   912  2321 I AHal::Router: InvalidateLocked: ============ apply graph #2608 end ============
04-10 09:04:26.641   912  2321 D AHal::AudioMetric::EventDataHandler: UpdatePlaybackInfo: Updating Playback Info: PlaybackInfo {Route: {audio_source: SYS_RESERVED_INVALID, device: bluetooth-a2dp-device, use_case: deep-buffer-playback}, volume: 0, is_active: 0, sample_rate: 48000, channel_count: 2, audio_format_type: PCM, pcm_type: FLOAT_32_BIT, encoding:  Route: {audio_source: SYS_RESERVED_INVALID, device: bluetooth-a2dp-device, use_case: primary-playback}, volume: 0, is_active: 0, sample_rate: 48000, channel_count: 2, audio_format_type: PCM, pcm_type: FLOAT_32_BIT, encoding:  }
04-10 09:04:26.641   912  2321 D AHal::AudioMetric::AtomWriter: WriteAtom: Writing atom to statsd service. Atom: MediaPlaybackUsageAtom: Playback Info: PlaybackInfo {Route: {audio_source: SYS_RESERVED_INVALID, device: bluetooth-a2dp-device, use_case: deep-buffer-playback}, volume: 0, is_active: 0, sample_rate: 48000, channel_count: 2, audio_format_type: PCM, pcm_type: FLOAT_32_BIT, encoding:  }, Device State: {camera_type: Back, screen_orientation: DEG_0, screen_state: on, folded_type: kClose, in_thermal_throttle_duration_ms: 0, thermal_throttle_count: 0, in_acoustic_shock_duration_ms: 0, acoustic_shock_count: 0, in_battery_adapted_audio_control_duration_ms: 0, battery_adapted_audio_control_count: 0}, duration_second: 17, is_ended: 0
04-10 09:04:26.641   912  2321 D AHal::AudioMetric::EventDataHandler: UpdateCaptureInfo: Updating Capture Info: CaptureInfo: {}
04-10 09:04:26.641   912  2321 D AHal::AudioMetric::EventDataHandler: UpdateCallInfo: Updating Call Info: RoutingInfo:
04-10 09:04:26.641   912  2321 D AHal::AudioMetric::EventDataHandler: Uplink: NULL, 
04-10 09:04:26.641   912  2321 D AHal::AudioMetric::EventDataHandler: Downlink: NULL
04-10 09:04:26.641   912  2321 D AHal::AudioMetric::EventDataHandler: AudioMode: NORMAL
04-10 09:04:26.641   912  2321 I AHal::AocDspModeAdapter: AddRoutes: Active Route:{{use case = primary-playback, device = bluetooth-a2dp-device, source = SYS_RESERVED_INVALID, channel_count = 2}},{{use case = deep-buffer-playback, device = bluetooth-a2dp-device, source = SYS_RESERVED_INVALID, channel_count = 2}},
04-10 09:04:26.641   912  2321 I ASvc::PeriodicWorker: SetLinkedConfigIds: update linked configs [400232]
04-10 09:04:26.641   912  2321 I AHal::Stream: Start: start stream primary-playback
04-10 09:04:26.641   912  2321 D AHal::TinyalsaDriverOperations: OpenAndPrepareLocked: open pcmC0D1p with {channel: 2, rate: 48000, period_size: 480, period_count: 4, format: 9, start_threshold: 0, stop_threshold: 18446744073709551615, silence_threshold: 0, silence_size: 0, avail_min: 0}
04-10 09:04:26.641  1244  1244 D AOC     : F1:MSG: controller.cc, 275: AudioOutCtrl: cmd ID: 0x010f, tag: 0x61 [cntr = 6614]
04-10 09:04:26.641  1244  1244 D AOC     : F1:Source 1 [Primary] mastered by sink 2 [Bluetooth]
04-10 09:04:26.641  3324 13068 I NearbyDiscovery: (REDACTED) [trigger-id=Plco3DDC2E34, feature-id=Sass] FastPair: AudioEventListener find active playback with other usage %d
04-10 09:04:26.642  1244  1244 D AOC     : F1:AT Map:22 (LL:0), 2 EPs active, Power: No, Config: No
04-10 09:04:26.642  1244  1244 D AOC     : F1:Mixer 2 configuration changed: (22)
04-10 09:04:26.642  1244  1244 D AOC     : F1:Sink 2 Configuration changed: ULL (enabled)
04-10 09:04:26.642  1244  1244 D AOC     : F1:F1 Bitmap updated.
04-10 09:04:26.642  1244  1244 D AOC     : F1:[Idle Tracker] long no idle:[0] average between idle:[0.280694ms] max no idle:[11.772632ms]
04-10 09:04:26.642  1244  1244 D AOC     : F1:MSG: controller.cc, 933: AudioOutCtrl: ipc: audio_output_co, cmd ID: 0x010f, tag: 0x61, rc: 0
04-10 09:04:26.643  1244  1244 D AOC     : F1:MSG: controller.cc, 275: AudioOutCtrl: cmd ID: 0x00ce, tag: 0x62 [cntr = 6615]
04-10 09:04:26.643  1244  1244 D AOC     : F1:MSG: controller_audio_output.cc, 2007: audio_playback1 set default threshold 11520
04-10 09:04:26.643  1244  1244 D AOC     : F1:RAW Endpoint Data Format: 32-bit floating point (XTensa Optimized)
04-10 09:04:26.643   912  2321 I AHal::Router: ReleaseActivatingConfigId: releasing scoped lock for 400001
04-10 09:04:26.644   912  2320 D BTAudioSessionAidl: GetSupportedLatencyModes - Supported LatencyMode= LOW_LATENCY FREE
04-10 09:04:26.644  1244  1244 D AOC     : F1:MSG: controller.cc, 933: AudioOutCtrl: ipc: audio_output_co, cmd ID: 0x0134, tag: 0xe8, rc: 0
04-10 09:04:26.644  1244  1244 D AOC     : F1:MSG: controller.cc, 275: AudioOutCtrl: cmd ID: 0x012a, tag: 0x63 [cntr = 6616]
04-10 09:04:26.644  1244  1244 D AOC     : F1:MSG: controller_audio_output.cc, 2146: audio_playback1 set threshold 11520 of 15360
04-10 09:04:26.644  1244  1244 D AOC     : F1:MSG: controller.cc, 933: AudioOutCtrl: ipc: audio_output_co, cmd ID: 0x012a, tag: 0x63, rc: 0
04-10 09:04:26.644  3324 13068 I NearbyDiscovery: (REDACTED) [trigger-id=PlcoEA74F883, feature-id=Sass] FastPair: AudioEventListener find active playback with other usage %d
04-10 09:04:26.644  1244  1244 D AOC     : F1:MSG: controller.cc, 275: AudioOutCtrl: cmd ID: 0x00c9, tag: 0x64 [cntr = 6617]
04-10 09:04:26.646  1244  1244 E AOC     : F1:ERR: audio_entrypoint.cc, 147: Primary, ZeroEP 480 frames, count: 1
04-10 09:04:26.646  1244  1244 D AOC     : F1:MSG: controller.cc, 933: AudioOutCtrl: ipc: audio_output_co, cmd ID: 0x00c9, tag: 0x64, rc: 0
04-10 09:04:26.646  1244  1244 D AOC     : H0:Mixer AMixBT: 480 samples (0022/0022) (ON) multi out OFF
04-10 09:04:26.646  1244  1244 D AOC     : H0:	 1: 0x405bde7c
04-10 09:04:26.647  1244  1244 D AOC     : H0:	 5: 0x405be2bc
04-10 09:04:26.647  1244  1244 D AOC     : A3:MSG: controller.cc, 933: CPM_IPC_HOST: ipc: C-F1-AC, cmd ID: 0x00cb, tag: 0x0c, rc: 0
04-10 09:04:26.647  1244  1244 D AOC     : A3:MSG: controller.cc, 933: CPM_IPC_HOST: ipc: C-F1-AC, cmd ID: 0x00cb, tag: 0x0d, rc: 0
04-10 09:04:26.647  1244  1244 D AOC     : A3:MSG: controller.cc, 933: CPM_IPC_HOST: ipc: C-F1-AC, cmd ID: 0x00cb, tag: 0x0e, rc: 0
04-10 09:04:26.647  1244  1244 D AOC     : A3:MSG: controller.cc, 933: CPM_IPC_HOST: ipc: C-F1-AC, cmd ID: 0x00cb, tag: 0x0f, rc: 0
04-10 09:04:26.656   480   480 D libnos_datagram: App 0x02 returning 0x0
04-10 09:04:26.656   480   480 I citadeld: reportCitadelAppCalled app_id =  2 arg = 10 app_status = 0
04-10 09:04:26.656   480   480 I citadeld: Recorded atom for RPC call
04-10 09:04:26.658   480   480 D libnos_datagram: Calling App 0x02 with params 0x000c
04-10 09:04:26.658  2721  2751 V WindowManagerShell: Transition animation finished (aborted=false), notifying core (#985) android.os.BinderProxy@8d24339@0
04-10 09:04:26.660  1588  1773 V WindowManager: Finish Transition (#985): created at 04-10 09:04:26.109 collect-started=0.073ms request-sent=5.925ms started=8.424ms ready=25.933ms sent=26.941ms commit=14.62ms finished=550.67ms
04-10 09:04:26.660  6953  6953 D VRI[SameTaskWebApkActivity]: visibilityChanged oldVisibility=true newVisibility=false
04-10 09:04:26.661  2721  2751 V WindowManagerShell: Track 0 became idle
04-10 09:04:26.661  2721  2751 V WindowManagerShell: All active transition animations finished
04-10 09:04:26.662  1588  2692 W ImageReader_JNI: Unable to acquire a buffer item, very likely client tried to acquire more than maxImages buffers
04-10 09:04:26.663   480   480 D libnos_datagram: App 0x02 returning 0x0
04-10 09:04:26.663   480   480 I citadeld: reportCitadelAppCalled app_id =  2 arg = 12 app_status = 0
04-10 09:04:26.663   480   480 I citadeld: Recorded atom for RPC call
04-10 09:04:26.664 13091 13098 I .adamoutler.ssh: Compiler allocated 5049KB to compile void android.view.ViewRootImpl.performTraversals()
04-10 09:04:26.664   912 15904 I StHal::SoundTriggerHal: ProcessStreamMetadata: active usage tracks: 0
04-10 09:04:26.664   912 15904 D BTAudioSessionAidl: GetSupportedLatencyModes - SessionType=LE_AUDIO_HARDWARE_OFFLOAD_ENCODING_DATAPATH has NO session
04-10 09:04:26.664   912 15904 D BTAudioSessionAidl: SetLatencyMode - SessionType=LE_AUDIO_HARDWARE_OFFLOAD_ENCODING_DATAPATH has NO session
04-10 09:04:26.664   912 15904 D BTAudioSessionAidl: GetSupportedLatencyModes - Supported LatencyMode= LOW_LATENCY FREE
04-10 09:04:26.664 14698 30335 I bluetooth-a2dp-ahal-aidl: system/audio_hal_interface/aidl/a2dp/a2dp_aidl_transport.cc:113 SetLatencyMode: latency_mode=FREE
04-10 09:04:26.664 14698 30335 I bluetooth-a2dp: system/btif/src/btif_av.cc:4164 btif_av_set_low_latency: active_peer=xx:xx:xx:xx:29:03 is_low_latency=false
04-10 09:04:26.664 14698 14737 I bluetooth-a2dp: system/btif/src/btif_av.cc:3181 btif_av_handle_event: peer=xx:xx:xx:xx:29:03 handle=0x0 event=BTIF_AV_SET_LATENCY_REQ_EVT(0x25)
04-10 09:04:26.664 14698 14737 I bluetooth-a2dp: system/btif/src/btif_av.cc:2555 ProcessEvent: state=Started peer=xx:xx:xx:xx:29:03 event=BTIF_AV_SET_LATENCY_REQ_EVT(0x25) flags=0x0(None) active_peer=true
04-10 09:04:26.664 14698 14737 I bluetooth-a2dp: system/btif/src/btif_av.cc:2742 ProcessEvent: Peer xx:xx:xx:xx:29:03 : event=BTIF_AV_SET_LATENCY_REQ_EVT(0x25) flags=0x0(None) is_low_latency=false
04-10 09:04:26.664 14698 14737 I bluetooth-a2dp: system/bta/av/bta_av_api.cc:612 BTA_AvSetLatency: Set audio/video stream low latency bta_handle:65, is_low_latency:false
04-10 09:04:26.664 14698 14737 I bt_l2cap: system/stack/l2cap/l2c_api.cc:1071 L2CA_SetAclLatency: BDA: xx:xx:xx:xx:29:03, latency: 0
04-10 09:04:26.664 14698 14737 I l2c_utils: system/stack/l2cap/l2c_utils.cc:2544 l2cu_set_acl_latency: Set ACL low latency: 0
04-10 09:04:26.664 14698 14751 I BluetoothAdapterService: getActiveDevices: A2dp device: XX:XX:XX:XX:6C:43
04-10 09:04:26.665   480   480 D libnos_datagram: Calling App 0x02 with params 0x000a
04-10 09:04:26.667  6953  6953 E cr_CompositorSurfaceMgr: surfaceDestroyed format : -3
04-10 09:04:26.679   480   480 D libnos_datagram: App 0x02 returning 0x0
04-10 09:04:26.680   480   480 I citadeld: reportCitadelAppCalled app_id =  2 arg = 10 app_status = 0
04-10 09:04:26.680   480   480 I citadeld: Recorded atom for RPC call
04-10 09:04:26.681   480   480 D libnos_datagram: Calling App 0x02 with params 0x000c
04-10 09:04:26.685  1588  2995 I ImeTracker: system_server:370f583b: onRequestShow at ORIGIN_SERVER reason CONTROLS_CHANGED fromUser false displayId 0
04-10 09:04:26.686   480   480 D libnos_datagram: App 0x02 returning 0x0
04-10 09:04:26.686   480   480 I citadeld: reportCitadelAppCalled app_id =  2 arg = 12 app_status = 0
04-10 09:04:26.686   480   480 I citadeld: Recorded atom for RPC call
04-10 09:04:26.687  6953  6953 I ImeTracker: system_server:370f583b: onCancelled at PHASE_CLIENT_ON_CONTROLS_CHANGED
04-10 09:04:26.691   480   480 D libnos_datagram: Calling App 0x02 with params 0x000a
04-10 09:04:26.706   480   480 D libnos_datagram: App 0x02 returning 0x0
04-10 09:04:26.706   480   480 I citadeld: reportCitadelAppCalled app_id =  2 arg = 10 app_status = 0
04-10 09:04:26.706   480   480 I citadeld: Recorded atom for RPC call
04-10 09:04:26.707   480   480 D libnos_datagram: Calling App 0x02 with params 0x000b
04-10 09:04:26.713   480   480 D libnos_datagram: App 0x02 returning 0x0
04-10 09:04:26.713   480   480 I citadeld: reportCitadelAppCalled app_id =  2 arg = 11 app_status = 0
04-10 09:04:26.713   480   480 I citadeld: Recorded atom for RPC call
04-10 09:04:26.713   480   480 D libnos_datagram: Calling App 0x02 with params 0x000c
04-10 09:04:26.719   480   480 D libnos_datagram: App 0x02 returning 0x0
04-10 09:04:26.719   480   480 I citadeld: reportCitadelAppCalled app_id =  2 arg = 12 app_status = 0
04-10 09:04:26.719   480   480 I citadeld: Recorded atom for RPC call
04-10 09:04:26.723   912  2326 D BTAudioSessionAidl: GetSupportedLatencyModes - Supported LatencyMode= LOW_LATENCY FREE
04-10 09:04:26.723   480   480 D libnos_datagram: Calling App 0x02 with params 0x000a
04-10 09:04:26.738   480   480 D libnos_datagram: App 0x02 returning 0x0
04-10 09:04:26.738   480   480 I citadeld: reportCitadelAppCalled app_id =  2 arg = 10 app_status = 0
04-10 09:04:26.738   480   480 I citadeld: Recorded atom for RPC call
04-10 09:04:26.739   480   480 D libnos_datagram: Calling App 0x02 with params 0x000c
04-10 09:04:26.739   912  2282 I AUtl::WakeLock: Acquire: acquired wake lock for aoc_sound_dose
04-10 09:04:26.739   912  2282 I AHal::AocSoundDoseBridge: GetMelDataFromAoc ret_size: 502 fd: 18
04-10 09:04:26.739   912  2282 I AHal::AocSoundDoseBridge: HandlePeriodMelUpdate: 3 records
04-10 09:04:26.739  1244  1244 D AOC     : F1:onNewMelValues timestamp 135745198058 total data count = 3
04-10 09:04:26.739  1244  1244 D AOC     : A3:MSG: controller.cc, 933: CPM_IPC_HOST: ipc: C-F1-AC, cmd ID: 0x00cb, tag: 0x10, rc: 0
04-10 09:04:26.740   912  2282 I AUtl::WakeLock: Release: released wake lock for aoc_sound_dose
04-10 09:04:26.744   480   480 D libnos_datagram: App 0x02 returning 0x0
04-10 09:04:26.744   480   480 I citadeld: reportCitadelAppCalled app_id =  2 arg = 12 app_status = 0
04-10 09:04:26.744   480   480 I citadeld: Recorded atom for RPC call
04-10 09:04:26.745   480   480 D libnos_datagram: Calling App 0x02 with params 0x000a
04-10 09:04:26.760   480   480 D libnos_datagram: App 0x02 returning 0x0
04-10 09:04:26.760   480   480 I citadeld: reportCitadelAppCalled app_id =  2 arg = 10 app_status = 0
04-10 09:04:26.760   480   480 I citadeld: Recorded atom for RPC call
04-10 09:04:26.760   480   480 D libnos_datagram: Calling App 0x02 with params 0x000c
04-10 09:04:26.765   480   480 D libnos_datagram: App 0x02 returning 0x0
04-10 09:04:26.765   480   480 I citadeld: reportCitadelAppCalled app_id =  2 arg = 12 app_status = 0
04-10 09:04:26.765   480   480 I citadeld: Recorded atom for RPC call
04-10 09:04:26.766   480   480 D libnos_datagram: Calling App 0x02 with params 0x000a
04-10 09:04:26.781   480   480 D libnos_datagram: App 0x02 returning 0x0
04-10 09:04:26.781   480   480 I citadeld: reportCitadelAppCalled app_id =  2 arg = 10 app_status = 0
04-10 09:04:26.781   480   480 I citadeld: Recorded atom for RPC call
04-10 09:04:26.782   480   480 D libnos_datagram: Calling App 0x02 with params 0x000b
04-10 09:04:26.786   480   480 D libnos_datagram: App 0x02 returning 0x0
04-10 09:04:26.786   480   480 I citadeld: reportCitadelAppCalled app_id =  2 arg = 11 app_status = 0
04-10 09:04:26.786   480   480 I citadeld: Recorded atom for RPC call
04-10 09:04:26.787   480   480 D libnos_datagram: Calling App 0x02 with params 0x000c
04-10 09:04:26.792   480   480 D libnos_datagram: App 0x02 returning 0x0
04-10 09:04:26.792   480   480 I citadeld: reportCitadelAppCalled app_id =  2 arg = 12 app_status = 0
04-10 09:04:26.792   480   480 I citadeld: Recorded atom for RPC call
04-10 09:04:26.799   480   480 D libnos_datagram: Calling App 0x02 with params 0x000a
04-10 09:04:26.815   480   480 D libnos_datagram: App 0x02 returning 0x0
04-10 09:04:26.815   480   480 I citadeld: reportCitadelAppCalled app_id =  2 arg = 10 app_status = 0
04-10 09:04:26.815   480   480 I citadeld: Recorded atom for RPC call
04-10 09:04:26.815   480   480 D libnos_datagram: Calling App 0x02 with params 0x000c
04-10 09:04:26.820   480   480 D libnos_datagram: App 0x02 returning 0x0
04-10 09:04:26.820   480   480 I citadeld: reportCitadelAppCalled app_id =  2 arg = 12 app_status = 0
04-10 09:04:26.820   480   480 I citadeld: Recorded atom for RPC call
04-10 09:04:26.821   480   480 D libnos_datagram: Calling App 0x02 with params 0x000a
04-10 09:04:26.836   480   480 D libnos_datagram: App 0x02 returning 0x0
04-10 09:04:26.836   480   480 I citadeld: reportCitadelAppCalled app_id =  2 arg = 10 app_status = 0
04-10 09:04:26.836   480   480 I citadeld: Recorded atom for RPC call
04-10 09:04:26.837   480   480 D libnos_datagram: Calling App 0x02 with params 0x000c
04-10 09:04:26.842   480   480 D libnos_datagram: App 0x02 returning 0x0
04-10 09:04:26.842   480   480 I citadeld: reportCitadelAppCalled app_id =  2 arg = 12 app_status = 0
04-10 09:04:26.842   480   480 I citadeld: Recorded atom for RPC call
04-10 09:04:26.843   480   480 D libnos_datagram: Calling App 0x02 with params 0x000a
04-10 09:04:26.854   912  2320 D BTAudioSessionAidl: GetSupportedLatencyModes - Supported LatencyMode= LOW_LATENCY FREE
04-10 09:04:26.858   480   480 D libnos_datagram: App 0x02 returning 0x0
04-10 09:04:26.858   480   480 I citadeld: reportCitadelAppCalled app_id =  2 arg = 10 app_status = 0
04-10 09:04:26.858   480   480 I citadeld: Recorded atom for RPC call
04-10 09:04:26.858   480   480 D libnos_datagram: Calling App 0x02 with params 0x000b
04-10 09:04:26.863   480   480 D libnos_datagram: App 0x02 returning 0x0
04-10 09:04:26.863   480   480 I citadeld: reportCitadelAppCalled app_id =  2 arg = 11 app_status = 0
04-10 09:04:26.863   480   480 I citadeld: Recorded atom for RPC call
04-10 09:04:26.863   480   480 D libnos_datagram: Calling App 0x02 with params 0x000c
04-10 09:04:26.868   480   480 D libnos_datagram: App 0x02 returning 0x0
04-10 09:04:26.868   480   480 I citadeld: reportCitadelAppCalled app_id =  2 arg = 12 app_status = 0
04-10 09:04:26.868   480   480 I citadeld: Recorded atom for RPC call
04-10 09:04:26.870   480   480 D libnos_datagram: Calling App 0x02 with params 0x000a
04-10 09:04:26.885   480   480 D libnos_datagram: App 0x02 returning 0x0
04-10 09:04:26.885   480   480 I citadeld: reportCitadelAppCalled app_id =  2 arg = 10 app_status = 0
04-10 09:04:26.885   480   480 I citadeld: Recorded atom for RPC call
04-10 09:04:26.886   480   480 D libnos_datagram: Calling App 0x02 with params 0x000c
04-10 09:04:26.891   480   480 D libnos_datagram: App 0x02 returning 0x0
04-10 09:04:26.891   480   480 I citadeld: reportCitadelAppCalled app_id =  2 arg = 12 app_status = 0
04-10 09:04:26.891   480   480 I citadeld: Recorded atom for RPC call
04-10 09:04:26.892   480   480 D libnos_datagram: Calling App 0x02 with params 0x000a
04-10 09:04:26.906   480   480 D libnos_datagram: App 0x02 returning 0x0
04-10 09:04:26.906   480   480 I citadeld: reportCitadelAppCalled app_id =  2 arg = 10 app_status = 0
04-10 09:04:26.907   480   480 I citadeld: Recorded atom for RPC call
04-10 09:04:26.907   480   480 D libnos_datagram: Calling App 0x02 with params 0x000c
04-10 09:04:26.913   480   480 D libnos_datagram: App 0x02 returning 0x0
04-10 09:04:26.913   480   480 I citadeld: reportCitadelAppCalled app_id =  2 arg = 12 app_status = 0
04-10 09:04:26.913   480   480 I citadeld: Recorded atom for RPC call
04-10 09:04:26.914   480   480 D libnos_datagram: Calling App 0x02 with params 0x000a
04-10 09:04:26.924   912  2326 D BTAudioSessionAidl: GetSupportedLatencyModes - Supported LatencyMode= LOW_LATENCY FREE
04-10 09:04:26.928   480   480 D libnos_datagram: App 0x02 returning 0x0
04-10 09:04:26.928   480   480 I citadeld: reportCitadelAppCalled app_id =  2 arg = 10 app_status = 0
04-10 09:04:26.928   480   480 I citadeld: Recorded atom for RPC call
04-10 09:04:26.929   480   480 D libnos_datagram: Calling App 0x02 with params 0x000b
04-10 09:04:26.933   480   480 D libnos_datagram: App 0x02 returning 0x0
04-10 09:04:26.933   480   480 I citadeld: reportCitadelAppCalled app_id =  2 arg = 11 app_status = 0
04-10 09:04:26.933   480   480 I citadeld: Recorded atom for RPC call
04-10 09:04:26.934   480   480 D libnos_datagram: Calling App 0x02 with params 0x000c
04-10 09:04:26.939   480   480 D libnos_datagram: App 0x02 returning 0x0
04-10 09:04:26.939   480   480 I citadeld: reportCitadelAppCalled app_id =  2 arg = 12 app_status = 0
04-10 09:04:26.939   480   480 I citadeld: Recorded atom for RPC call
04-10 09:04:26.948  3622  3622 W TooltipLifecycleManager: TooltipLifecycleManager.dismissTooltips():153 Tooltip with id undo_access_point_promotion_banner not found in tooltipManager.
04-10 09:04:26.953  1588  2995 I ImeTracker: system_server:12884fc8: onRequestHide at ORIGIN_SERVER reason IME_REQUESTED_CHANGED_LISTENER fromUser false displayId 0
04-10 09:04:26.953  1588  1776 I ImeTracker: system_server:12884fc8: onCancelled at PHASE_SERVER_SHOULD_HIDE
--------- beginning of kernel
04-10 09:04:26.955     0     0 I trusty  : gsp_crypto_proxy_srv: 97: Coercing legacy key derivation response
04-10 09:04:26.959     0     0 I trusty  : gsp_crypto_proxy_srv: 97: Coercing legacy key derivation response
04-10 09:04:26.964     0     0 I trusty  : gsp_crypto_proxy_srv: 97: Coercing legacy key derivation response
04-10 09:04:26.968     0     0 I trusty  : gsp_crypto_proxy_srv: 97: Coercing legacy key derivation response
04-10 09:04:27.005 13091 13091 I HWUI    : Using FreeType backend (prop=Auto)
04-10 09:04:27.041 13091 13091 D CompatChangeReporter: Compat change id reported: 289878283; UID 10385; state: ENABLED
04-10 09:04:27.045  3622 12941 I KeyboardEventHandler: KeyboardEventHandler.handleKeyboardHidden():293 Keyboard closed, ending dictation. [SD]
04-10 09:04:27.063   912  2320 D BTAudioSessionAidl: GetSupportedLatencyModes - Supported LatencyMode= LOW_LATENCY FREE
04-10 09:04:27.086  1244  1244 D AOC     : CHRE: DRAM vote count begins
04-10 09:04:27.086  1244  1244 D AOC     : F1:MSG: controller.cc, 275: AudioInCtrl: cmd ID: 0x00f4, tag: 0xf4 [cntr = 7738]
04-10 09:04:27.086  1244  1244 D AOC     : F1:MSG: controller_audio_input.cc, 4423: Got Chre audio start cmd (input path = 0)
04-10 09:04:27.086  1244  1244 D AOC     : F1:MSG: audio_capture_pdm.cc, 454: Reconfig not seamless
04-10 09:04:27.086  1244  1244 D AOC     : F1:Stream 4: mask 0x1, rings {7, 0}, pipe 0x10, sr 16000, il {0,0,0,0}, en 1, mc 0, ni 10, fpo 0, ru 1, hq 0
04-10 09:04:27.087  1244  1244 D AOC     : F1:MSG: audio_capture_pdm.cc, 580: Stream 4 restarted (ramp ON)
04-10 09:04:27.087  1244  1244 D AOC     : A3:MSG: controller.cc, 933: CPM_IPC_HOST: ipc: C-F1-AC, cmd ID: 0x00c8, tag: 0x11, rc: 0
04-10 09:04:27.087  1244  1244 D AOC     : A3:MSG: controller.cc, 933: CPM_IPC_HOST: ipc: C-F1-AC, cmd ID: 0x00c8, tag: 0x12, rc: 0
04-10 09:04:27.087  1244  1244 D AOC     : A3:MSG: controller.cc, 933: CPM_IPC_HOST: ipc: C-F1-AC, cmd ID: 0x00c8, tag: 0x13, rc: 0
04-10 09:04:27.087  1244  1244 D AOC     : F1:MSG: audio_capture_pdm.cc, 1048: Starting PDM in Low Power mode, mask=0x1
04-10 09:04:27.088   916   935 I CHRE    : @ 123370.416: [vice_ambient_volume] SendMessageToAmbientVolume, message_type: 33281 to instance_id: 0x3
04-10 09:04:27.088   916   935 I CHRE    : @ 123370.416: [vice_ambient_volume] Ambient Volume enabled
04-10 09:04:27.088   916   935 I CHRE    : @ 123370.416: [AV] Client info registered: client endpoint 0x19, include_volume_history_seconds: transition=0 exposure=0
04-10 09:04:27.088  1244  1244 D AOC     : CHRE: DRAM vote count ends: 0 ms
04-10 09:04:27.088  1244  1244 D AOC     : CHRE: DRAM vote count begins
04-10 09:04:27.088  1244  1244 D AOC     : CHRE: DRAM vote count ends: 0 ms
04-10 09:04:27.101   592  2828 W powerhal-libperfmgr: The actual duration is way far from the target (617585026 >> 11620000)
04-10 09:04:27.104  1588  1773 I ActivityTaskManager: Displayed com.adamoutler.ssh/.MainActivity for user 0: +1s4ms
04-10 09:04:27.109     0     0 I trusty  : gsp_crypto_proxy_srv: 97: Coercing legacy key derivation response
04-10 09:04:27.113     0     0 I trusty  : gsp_crypto_proxy_srv: 97: Coercing legacy key derivation response
04-10 09:04:27.117     0     0 I trusty  : gsp_crypto_proxy_srv: 97: Coercing legacy key derivation response
04-10 09:04:27.120     0     0 I trusty  : gsp_crypto_proxy_srv: 97: Coercing legacy key derivation response
04-10 09:04:27.123 13091 13091 I Choreographer: Skipped 73 frames!  The application may be doing too much work on its main thread.
04-10 09:04:27.135  3324  5387 I FontLog : (REDACTED) Received query %s, URI %s
04-10 09:04:27.135  3324  5387 I FontLog : (REDACTED) Query [%s] resolved to %s
04-10 09:04:27.137  3324  5387 I FontLog : (REDACTED) Fetch %s end status %s
04-10 09:04:27.139  1244  1244 D AOC     : F1:MSG: chre_src.cc, 427: Set input source to 0
04-10 09:04:27.139  1244  1244 D AOC     : F1:TRC: hotword_input_processor.cc, 1014: Receive cmd: 0x84 (132)
04-10 09:04:27.139  1244  1244 D AOC     : F1:TRC: hotword_input_processor.cc, 1510: Finished cmd: 0x84 (132)
04-10 09:04:27.139  3324  5589 I FontLog : (REDACTED) Pulling font file for id = %d, cache size = %d
04-10 09:04:27.139  1244  1244 D AOC     : F1:MSG: controller.cc, 933: AudioInCtrl: ipc: C-Ch-AI, cmd ID: 0x00f4, tag: 0xf4, rc: 0
04-10 09:04:27.140  1244  1244 D AOC     : CHRE: DRAM vote count begins
04-10 09:04:27.140  1244  1244 D AOC     : CHRE: DRAM vote count ends: 0 ms
04-10 09:04:27.141  1244  1244 D AOC     : CHRE: DRAM vote count begins
04-10 09:04:27.141  1244  1244 D AOC     : CHRE: DRAM vote count ends: 0 ms
04-10 09:04:27.141   916   935 D CHRE    : @ 123370.470: request audio send: 0
04-10 09:04:27.141   916   935 I CHRE    : @ 123370.470: [AV] Requested audio from handle 0, status: 1
04-10 09:04:27.141   916   935 I CHRE    : @ 123370.470: [vice_ambient_volume] Received ACK from Ambient Volume for enable request
04-10 09:04:27.142  6953  6953 D WindowOnBackDispatcher: setTopOnBackInvokedCallback (unwrapped): android.app.Activity$$ExternalSyntheticLambda0@ee5af08
04-10 09:04:27.142  1588  2995 D CoreBackPreview: Window{5735362 u0 com.android.chrome/org.chromium.chrome.browser.webapps.SameTaskWebApkActivity}: Setting back callback OnBackInvokedCallbackInfo{mCallback=android.window.IOnBackInvokedCallback$Stub$Proxy@f18f084, mPriority=-1, mIsAnimationCallback=false, mOverrideBehavior=0}
04-10 09:04:27.142  3324  5589 I FontLog : (REDACTED) Pulling font file for id = %d, cache size = %d
04-10 09:04:27.144  1177  2527 W libbinder.IPCThreadState: Sending oneway calls to frozen process.
04-10 09:04:27.144  1177  2527 W libbinder.IPCThreadState: Sending oneway calls to frozen process.
04-10 09:04:27.144  1177  2527 W libbinder.IPCThreadState: Sending oneway calls to frozen process.
04-10 09:04:27.144  1177  2527 W libbinder.IPCThreadState: Sending oneway calls to frozen process.
04-10 09:04:27.144  1177  2527 W libbinder.IPCThreadState: Sending oneway calls to frozen process.
04-10 09:04:27.144  1177  2527 W libbinder.IPCThreadState: Sending oneway calls to frozen process.
04-10 09:04:27.144  1177  2527 W libbinder.IPCThreadState: Sending oneway calls to frozen process.
04-10 09:04:27.147  2876 11042 D UidImportanceSource: onUidImportanceBlock: uid=10209 importance=125
04-10 09:04:27.147  2876 11042 D UidImportanceSource: onUidImportanceBlock: packages=[com.android.chrome] importance=125
04-10 09:04:27.147  2876 11042 D UidImportanceSource: onUidImportanceBlock: packageName=com.android.chrome importance=125
04-10 09:04:27.147  2876 11042 D BusinessScope: Enqueuing the block
04-10 09:04:27.148  4786 29252 I enwz    : (REDACTED) appOpsListener %s %s
04-10 09:04:27.148  4786 29252 I enwz    : (REDACTED) Ignoring irrelevant audio permission changes for package %s
04-10 09:04:27.150  2876  3175 D BusinessScope: Start running the #21029 block
04-10 09:04:27.150  2876  3175 D BusinessScope: Enqueuing the block
04-10 09:04:27.150  2876  3175 D ImpulseStateSource: Notify clients: 10511
04-10 09:04:27.150  2876  3175 D BusinessScope: Finish running the #21029 block
04-10 09:04:27.150  2876  3175 D BusinessScope: Start running the #21030 block
04-10 09:04:27.150  2876  3175 D BusinessScope: Finish running the #21030 block
04-10 09:04:27.151  1244  1244 D AOC     : F1:MSG: chre_src.cc, 152: CHRE SRC Reset Requested
04-10 09:04:27.156  6953  6953 E AtomicFile: Failed to sync file output stream
04-10 09:04:27.156  6953  6953 W cr_BotControlsStacker: Using mTotalHeight before initialization
04-10 09:04:27.156 21314 21330 E ashmem  : readlink(/proc/self/fd/79) failed: Operation not permitted
04-10 09:04:27.157 21314 21330 E ashmem  : readlink(/proc/self/fd/79) failed: Operation not permitted
04-10 09:04:27.157 21314 21330 E ashmem  : readlink(/proc/self/fd/79) failed: Operation not permitted
04-10 09:04:27.157 21314 21330 E ashmem  : readlink(/proc/self/fd/79) failed: Operation not permitted
04-10 09:04:27.163   912  2326 D BTAudioSessionAidl: GetSupportedLatencyModes - Supported LatencyMode= LOW_LATENCY FREE
04-10 09:04:27.167  1588  2673 D BackgroundInstallControlService: Package event received: 0
04-10 09:04:27.169  1194 13137 D CCodecBuffers: [c2.android.vorbis.decoder#663:1D-Output] received null buffer
04-10 09:04:27.274   912  2320 D BTAudioSessionAidl: GetSupportedLatencyModes - Supported LatencyMode= LOW_LATENCY FREE
04-10 09:04:27.300  1244  1244 D AOC     : A3:MSG: tmd3743_device.cc, 997: USF: TMD3743: C/G switch 2 -> 1 d_lux:6.35 w_lux: 14.86 C:0.17 G:0.06
04-10 09:04:27.364   912  2326 D BTAudioSessionAidl: GetSupportedLatencyModes - Supported LatencyMode= LOW_LATENCY FREE
04-10 09:04:27.378  1004  1004 I WifiHAL : Creating message to get link statistics; iface = 47
04-10 09:04:27.411  1004  1004 I WifiHAL : Getting cached scan results, iface handle = 0xb400006fdb012990
04-10 09:04:27.411  1004  1004 E WifiHAL : Creating message to get cached scan results
04-10 09:04:27.415  1004  1004 I WifiHAL : In GetCachedScanResultsCommand::handleResponse
04-10 09:04:27.420  1194 13135 D AudioTrack: stop(792): called with 52906 frames delivered
04-10 09:04:27.421  1588  3863 E AppOps  : attributionTag  not declared in manifest of com.android.systemui
04-10 09:04:27.422  1588  5004 E AppOps  : attributionTag  not declared in manifest of com.android.systemui
04-10 09:04:27.436  1004  1059 D WifiHAL : Start debug command: mType GET_FEATURE
04-10 09:04:27.436  1004  1059 I WifiHAL : CreateRequest mType = GET_FEATURE
04-10 09:04:27.436  1004  1059 D WifiHAL : In DebugCommand::handleResponse, mType:GET_FEATURE
04-10 09:04:27.436  1004  1059 D WifiHAL : len = 4, expected len = 4
04-10 09:04:27.439   480   495 D libnos_datagram: Calling App 0x00 with params 0x0200
04-10 09:04:27.441  4786 29252 I enwz    : (REDACTED) appOpsListener %s %s
04-10 09:04:27.441  4786 29252 I enwz    : (REDACTED) Ignoring irrelevant audio permission changes for package %s
04-10 09:04:27.446  1244  1244 D AOC     : A3:MSG: tmd3743_device.cc, 997: USF: TMD3743: C/G switch 1 -> 2 d_lux:5.88 w_lux: 15.01 C:0.17 G:0.06
04-10 09:04:27.446  3622 13093 I KeyboardActiveSessionStreamManager: KeyboardActiveSessionStreamManager.closeStream():125 Closing stream. [SDG]
04-10 09:04:27.447  3622 13093 I Interaction: Interaction$KeyboardEventStreamObserver.onCompleted():141 Interaction#243 completed by the client [SD]
04-10 09:04:27.447  3622 12945 I Interaction: Interaction.shutdownAndForget$java_com_google_android_libraries_inputmethod_voice_smartdictation_service_interaction_interaction():92 Shutting down Interaction#243 [SD]
04-10 09:04:27.448  3622 12943 I KeyboardActiveSessionStreamManager: KeyboardActiveSessionStreamManager$AssistantEventObserver.onCompleted():275 Assistant event stream completed. [SDG]
04-10 09:04:27.448  3622 12943 I InteractionManager: InteractionManager.forgetInteraction$java_com_google_android_libraries_inputmethod_voice_smartdictation_service_interaction_interaction():50 Forgetting Interaction#243 [SD]
04-10 09:04:27.467  1244  1244 D AOC     : A3:MSG: tmd3743_device.cc, 997: USF: TMD3743: C/G switch 2 -> 1 d_lux:6.25 w_lux: 15.20 C:0.17 G:0.06
04-10 09:04:27.467  1588  2506 D HintManagerService: Starts cleaning for 10202
04-10 09:04:27.468   480   495 D libnos_datagram: App 0x00 returning 0x0
04-10 09:04:27.480  2721  2792 D WindowOnBackDispatcher: setTopOnBackInvokedCallback (unwrapped): null
04-10 09:04:27.481  1588  3863 D CoreBackPreview: Window{201febe u0 Splash Screen com.adamoutler.ssh EXITING}: Setting back callback null
04-10 09:04:27.484   912  2320 D BTAudioSessionAidl: GetSupportedLatencyModes - Supported LatencyMode= LOW_LATENCY FREE
04-10 09:04:27.557  1244  1244 D AOC     : A3:MSG: usf_vsc_log.cc, 83: VSC: [WO] Rejected by swing_time. Last detected 0 ms ago.
04-10 09:04:27.564   912  2326 D BTAudioSessionAidl: GetSupportedLatencyModes - Supported LatencyMode= LOW_LATENCY FREE
04-10 09:04:27.640  1588  1838 D DisplayWhiteBalanceController: Display cct: 5587.2715 Latest ambient cct: 5330.917 Latest ambient lux: 4.803819 Latest low light bias: 0.25768846 Latest high light bias: 0.0
04-10 09:04:27.641  1588  1776 D ColorDisplayService: DisplayWhiteBalanceTintController animation started: toCct=5587 fromCct=5387 with duration=3000
04-10 09:04:27.642  1588  1776 D ColorDisplayService: computeDisplayWhiteBalanceMatrix: cct =5380 matrix =
04-10 09:04:27.642  1588  1776 D ColorDisplayService:        0.950976-0.001910-0.003981 0.000000 0.040628 0.914361-0.014651 0.000000 0.008395 0.003289 0.759814 0.000000 0.000000 0.000000 0.000000 1.000000
04-10 09:04:27.649  3025  3684 I PixelDisplayManager: onDisplayChanged(Inner Display, 1, local:4619827677550801152): screenOn=false, hbmMode=0, br=0.0, product=DeviceProductInfo{name=Common Panel, manufacturerPnpId=GGL, productId=0, modelYear=null, manufactureDate=ManufactureDate{week=1, year=1990}, connectionToSinkType=1, edidStructureMetadata=EdidStructureMetadata{version=0, revision=0}, videoInputType=0}
04-10 09:04:27.652  3025  3684 I PixelDisplayManager: onDisplayChanged(Outer Display, 0, local:4619827677550801153): screenOn=true, hbmMode=0, br=0.013155899, product=DeviceProductInfo{name=Common Panel, manufacturerPnpId=GGL, productId=0, modelYear=null, manufactureDate=ManufactureDate{week=1, year=1990}, connectionToSinkType=1, edidStructureMetadata=EdidStructureMetadata{version=0, revision=0}, videoInputType=0}
04-10 09:04:27.694   912  2320 D BTAudioSessionAidl: GetSupportedLatencyModes - Supported LatencyMode= LOW_LATENCY FREE
04-10 09:04:27.765   912  2326 D BTAudioSessionAidl: GetSupportedLatencyModes - Supported LatencyMode= LOW_LATENCY FREE
04-10 09:04:27.904   912  2320 D BTAudioSessionAidl: GetSupportedLatencyModes - Supported LatencyMode= LOW_LATENCY FREE
04-10 09:04:28.005   912  2326 D BTAudioSessionAidl: GetSupportedLatencyModes - Supported LatencyMode= LOW_LATENCY FREE
04-10 09:04:28.114   912  2320 D BTAudioSessionAidl: GetSupportedLatencyModes - Supported LatencyMode= LOW_LATENCY FREE
04-10 09:04:28.144  1588  1776 D ColorDisplayService: computeDisplayWhiteBalanceMatrix: cct =5420 matrix =
04-10 09:04:28.144  1588  1776 D ColorDisplayService:        0.953747-0.001792-0.003839 0.000000 0.038187 0.919351-0.014172 0.000000 0.008067 0.003190 0.769586 0.000000 0.000000 0.000000 0.000000 1.000000
04-10 09:04:28.229  2721 13078 D RingtonePlayer: onCompletion() abandoning AudioFocus
04-10 09:04:28.231  1588  5026 I MediaFocusControl: abandonAudioFocus() from uid/pid 10248/2721 clientId=android.media.AudioManager@9f13281 callingPack=com.android.systemui
04-10 09:04:28.233  1588  5026 I AS.FadeOutManager: unfadeOutUid() uid:10209
04-10 09:04:28.233  6953  6953 I AudioManager: dispatching onAudioFocusChange(1) to android.media.AudioManager@59382fdorg.chromium.content.browser.AudioFocusDelegate@bf78525
04-10 09:04:28.233  2721 13078 D RingtonePlayer: onCompletion queue size=0
04-10 09:04:28.234  2721 13078 D RingtonePlayer: in onCompletion quitting looper Looper (Thread-77, tid 775) {5174723}
04-10 09:04:28.234  2721 13078 I NotificationPlayer: About to release MediaPlayer piid:3447 due to onCompletion
04-10 09:04:28.234  2721 13078 V MediaPlayer: resetDrmState:  mDrmInfo=null mDrmProvisioningThread=null mPrepareDrmInProgress=false mActiveDrmScheme=false
04-10 09:04:28.234  2721 13078 V MediaPlayer: cleanDrmObj: mDrmObj=null mDrmSessionId=null
04-10 09:04:28.234  1194  2744 D NuPlayerDriver: reset(0xb4000070094f80d0) at state 6
04-10 09:04:28.246  6953  6953 D MediaRouter: onRestoreRoute() : route=RouteInfo{ name=Adam's Pixel Buds P, description=Bluetooth audio, status=null, category=RouteCategory{ name=System types=ROUTE_TYPE_LIVE_AUDIO ROUTE_TYPE_LIVE_VIDEO  groupable=false }, supportedTypes=ROUTE_TYPE_LIVE_AUDIO , presentationDisplay=null }
04-10 09:04:28.246  6953  6953 V MediaRouter: Selecting route: RouteInfo{ name=Adam's Pixel Buds P, description=Bluetooth audio, status=null, category=RouteCategory{ name=System types=ROUTE_TYPE_LIVE_AUDIO ROUTE_TYPE_LIVE_VIDEO  groupable=false }, supportedTypes=ROUTE_TYPE_LIVE_AUDIO , presentationDisplay=null }
04-10 09:04:28.246   912  2326 D BTAudioSessionAidl: GetSupportedLatencyModes - Supported LatencyMode= LOW_LATENCY FREE
04-10 09:04:28.255   912 15904 D AHal::UseCase: SetActiveTracks: update primary-playback active tracks(0)
04-10 09:04:28.255   912 15904 I StHal::SoundTriggerHal: ProcessStreamMetadata: active usage tracks: 0
04-10 09:04:28.255   912 15904 D BTAudioSessionAidl: GetSupportedLatencyModes - SessionType=LE_AUDIO_HARDWARE_OFFLOAD_ENCODING_DATAPATH has NO session
04-10 09:04:28.255   912 15904 D BTAudioSessionAidl: SetLatencyMode - SessionType=LE_AUDIO_HARDWARE_OFFLOAD_ENCODING_DATAPATH has NO session
04-10 09:04:28.255   912 15904 D BTAudioSessionAidl: GetSupportedLatencyModes - Supported LatencyMode= LOW_LATENCY FREE
04-10 09:04:28.255  1228  2752 I libbinder.BpBinder: onLastStrongRef automatically unlinking death recipients for binder (0xb400007c8aa5d110) with descriptor: 'android.hardware.media.bufferpool2.IClientManager'
04-10 09:04:28.256 14698 30335 I bluetooth-a2dp-ahal-aidl: system/audio_hal_interface/aidl/a2dp/a2dp_aidl_transport.cc:113 SetLatencyMode: latency_mode=FREE
04-10 09:04:28.256 14698 30335 I bluetooth-a2dp: system/btif/src/btif_av.cc:4164 btif_av_set_low_latency: active_peer=xx:xx:xx:xx:29:03 is_low_latency=false
04-10 09:04:28.256 14698 14737 I bluetooth-a2dp: system/btif/src/btif_av.cc:3181 btif_av_handle_event: peer=xx:xx:xx:xx:29:03 handle=0x0 event=BTIF_AV_SET_LATENCY_REQ_EVT(0x25)
04-10 09:04:28.256 14698 14737 I bluetooth-a2dp: system/btif/src/btif_av.cc:2555 ProcessEvent: state=Started peer=xx:xx:xx:xx:29:03 event=BTIF_AV_SET_LATENCY_REQ_EVT(0x25) flags=0x0(None) active_peer=true
04-10 09:04:28.256 14698 14737 I bluetooth-a2dp: system/btif/src/btif_av.cc:2742 ProcessEvent: Peer xx:xx:xx:xx:29:03 : event=BTIF_AV_SET_LATENCY_REQ_EVT(0x25) flags=0x0(None) is_low_latency=false
04-10 09:04:28.256 14698 14737 I bluetooth-a2dp: system/bta/av/bta_av_api.cc:612 BTA_AvSetLatency: Set audio/video stream low latency bta_handle:65, is_low_latency:false
04-10 09:04:28.256 14698 14737 I bt_l2cap: system/stack/l2cap/l2c_api.cc:1071 L2CA_SetAclLatency: BDA: xx:xx:xx:xx:29:03, latency: 0
04-10 09:04:28.257 14698 14737 I l2c_utils: system/stack/l2cap/l2c_utils.cc:2544 l2cu_set_acl_latency: Set ACL low latency: 0
04-10 09:04:28.257 14698 14751 I BluetoothAdapterService: getActiveDevices: A2dp device: XX:XX:XX:XX:6C:43
04-10 09:04:28.263  1228  2752 D AidlBufferPool: Destruction - bufferpool2 0xb400007cfaa55508 cached: 0/0M, 0/0% in use; allocs: 0, 0% recycled; transfers: 0, 0% unfetched
04-10 09:04:28.281  1194 13080 D NuPlayerDriver: notifyResetComplete(0xb4000070094f80d0)
04-10 09:04:28.281  1194  2744 W AMessage: failed to post message as target looper for handler 0 is gone.
04-10 09:04:28.287  1228  8447 D AidlBufferPool: bufferpool2 0xb400007cfaa4a0a8 : 3(12288 size) total buffers - 1(4096 size) used buffers - 34668/34717 (recycle/alloc) - 409/34716 (fetch/transfer)
04-10 09:04:28.326   912  2320 D BTAudioSessionAidl: GetSupportedLatencyModes - Supported LatencyMode= LOW_LATENCY FREE
04-10 09:04:28.327  7181 31039 D CCodecBuffers: [c2.android.aac.decoder#306:EncryptedInput.Impl[N]] codec released a buffer owned by client (index 3)
04-10 09:04:28.447   912  2326 D BTAudioSessionAidl: GetSupportedLatencyModes - Supported LatencyMode= LOW_LATENCY FREE
04-10 09:04:28.447  1008  2329 D AF::Track: interceptBuffer: took 758us to intercept 0 tracks
04-10 09:04:28.501  3324 13022 I NearbyDiscovery: [trigger-id=ScanEED402CE, feature-id=Sass] NearbyDeviceManager: notifyActiveAudioStatusChanged profile list including BluetoothLeAudio  [CONTEXT service_id=265 ]
04-10 09:04:28.505  3324 13022 D BluetoothA2dp: isA2dpPlaying(XX:XX:XX:XX:6C:43)
04-10 09:04:28.508  3324 13022 I NearbyDiscovery: (REDACTED) [trigger-id=ScanEED402CE, feature-id=Sass] NearbyDeviceManager: notifyActiveAudioStatusChanged check device %s, profile %d, active state:%b
04-10 09:04:28.511  3324  6273 I NearbyDiscovery: (REDACTED) [trigger-id=ScanEED402CE, feature-id=Sass] NearbyDeviceManager: sendMessageViaEventStream, device:%s, eventCode:%s, data:%s, result:%s
04-10 09:04:28.512  3324 13022 I NearbyDiscovery: (REDACTED) [trigger-id=ScanEED402CE, feature-id=Sass] SassDevice: SetCustomData for device %s to %d result %s
04-10 09:04:28.513  3324 13068 I NearbyFastPair: (REDACTED) %s: setResult to %s, sendLogs:%s
04-10 09:04:28.524  3324 13065 I NearbyDiscovery: (REDACTED) %s %s
04-10 09:04:28.534   912  2320 D BTAudioSessionAidl: GetSupportedLatencyModes - Supported LatencyMode= LOW_LATENCY FREE
04-10 09:04:28.550  3324 12579 I NearbyDiscovery: (REDACTED) %s %s
04-10 09:04:28.559  3324 13068 I NearbyDiscovery: (REDACTED) [trigger-id=ScanEED402CE, feature-id=Sass] NearbyDeviceManager: Call onEventStreamResponse for BluetoothDevice with %s
04-10 09:04:28.574  3324 12579 I NearbyDiscovery: (REDACTED) %s %s
04-10 09:04:28.578  3324 10831 I NearbyDiscovery: (REDACTED) [trigger-id=ScanEED402CE, feature-id=Sass] SassDevice %s onEventStream called, eventCode=%d, additionalData=%s
04-10 09:04:28.589  3324 13022 I NearbyFastPair: (REDACTED) AudioFocusMonitor: getAudioFocusAndMediaPlayingPackage, has package : %s
04-10 09:04:28.684   912  2326 D BTAudioSessionAidl: GetSupportedLatencyModes - Supported LatencyMode= LOW_LATENCY FREE
04-10 09:04:28.734   912  2320 D BTAudioSessionAidl: GetSupportedLatencyModes - Supported LatencyMode= LOW_LATENCY FREE
04-10 09:04:28.746  1588  1776 D ColorDisplayService: computeDisplayWhiteBalanceMatrix: cct =5460 matrix =
04-10 09:04:28.746  1588  1776 D ColorDisplayService:        0.956491-0.001675-0.003697 0.000000 0.035770 0.924293-0.013691 0.000000 0.007739 0.003090 0.779337 0.000000 0.000000 0.000000 0.000000 1.000000
04-10 09:04:28.885   912  2326 D BTAudioSessionAidl: GetSupportedLatencyModes - Supported LatencyMode= LOW_LATENCY FREE
04-10 09:04:28.944   912  2320 D BTAudioSessionAidl: GetSupportedLatencyModes - Supported LatencyMode= LOW_LATENCY FREE
04-10 09:04:29.086   912  2326 D BTAudioSessionAidl: GetSupportedLatencyModes - Supported LatencyMode= LOW_LATENCY FREE
04-10 09:04:29.139  1242  1242 W TracingMuxer: type=1400 audit(0.0:16509): avc:  denied  { write } for  name="traced_producer" dev="tmpfs" ino=1380 scontext=u:r:gxp_logging:s0 tcontext=u:object_r:traced_producer_socket:s0 tclass=sock_file permissive=0
04-10 09:04:29.153   912  2320 D BTAudioSessionAidl: GetSupportedLatencyModes - Supported LatencyMode= LOW_LATENCY FREE
04-10 09:04:29.194  1244  1244 D AOC     : CHRE: DRAM vote count begins
04-10 09:04:29.194  1244  1244 D AOC     : CHRE: DRAM vote count ends: 0 ms
04-10 09:04:29.194  1244  1244 D AOC     : CHRE: DRAM vote count begins
04-10 09:04:29.194  1244  1244 D AOC     : CHRE: DRAM vote count ends: 0 ms
04-10 09:04:29.196   916   935 I CHRE    : @ 123372.516: [vice_ambient_volume] SendMessageToAmbientVolume, message_type: 33283 to instance_id: 0x3
04-10 09:04:29.196   916   935 I CHRE    : @ 123372.516: nappId=25 tried to cancel expired/invalid timer 8242
04-10 09:04:29.196   916   935 I CHRE    : @ 123372.516: [vice_ambient_volume] SendMessageToAmbientVolume, message_type: 33282 to instance_id: 0x3
04-10 09:04:29.197   916   935 E CHRE    : @ 123372.516: [AV] Client 3 is not found.
04-10 09:04:29.197   916   935 I CHRE    : @ 123372.516: [AV] disabling detection
04-10 09:04:29.197   916   935 D CHRE    : @ 123372.518: request audio send: 0
04-10 09:04:29.197   916   935 I CHRE    : @ 123372.519: [vice_ambient_volume] Received ACK from Ambient Volume for disable request
04-10 09:04:29.198  1244  1244 D AOC     : CHRE: DRAM vote count begins
04-10 09:04:29.198  1244  1244 D AOC     : F1:MSG: controller.cc, 275: AudioInCtrl: cmd ID: 0x00f5, tag: 0xf5 [cntr = 7739]
04-10 09:04:29.198  1244  1244 D AOC     : F1:MSG: controller_audio_input.cc, 4445: Got chre audio stop cmd
04-10 09:04:29.198  1244  1244 D AOC     : F1:TRC: hotword_input_processor.cc, 1014: Receive cmd: 0x84 (132)
04-10 09:04:29.198  1244  1244 D AOC     : F1:TRC: hotword_input_processor.cc, 1510: Finished cmd: 0x84 (132)
04-10 09:04:29.199  1244  1244 D AOC     : F1:MSG: audio_capture_pdm.cc, 454: Reconfig not seamless
04-10 09:04:29.199  1244  1244 D AOC     : F1:MSG: controller.cc, 933: AudioInCtrl: ipc: C-Ch-AI, cmd ID: 0x00f5, tag: 0xf5, rc: 0
04-10 09:04:29.199  1244  1244 D AOC     : A3:MSG: controller.cc, 933: CPM_IPC_HOST: ipc: C-F1-AC, cmd ID: 0x00c8, tag: 0x14, rc: 0
04-10 09:04:29.199  1244  1244 D AOC     : A3:MSG: controller.cc, 933: CPM_IPC_HOST: ipc: C-F1-AC, cmd ID: 0x00c8, tag: 0x15, rc: 0
04-10 09:04:29.199  1244  1244 D AOC     : A3:MSG: controller.cc, 933: CPM_IPC_HOST: ipc: C-F1-AC, cmd ID: 0x00c8, tag: 0x16, rc: 0
04-10 09:04:29.199  1244  1244 D AOC     : CHRE: DRAM vote count ends: 0 ms
04-10 09:04:29.199  1244  1244 D AOC     : CHRE: DRAM vote count begins
04-10 09:04:29.200  1244  1244 D AOC     : CHRE: DRAM vote count ends: 0 ms
04-10 09:04:29.200  1244  1244 D AOC     : CHRE: DRAM vote count begins
04-10 09:04:29.200  1244  1244 D AOC     : CHRE: DRAM vote count ends: 0 ms
04-10 09:04:29.200  1244  1244 D AOC     : CHRE: DRAM vote count begins
04-10 09:04:29.200  1244  1244 D AOC     : CHRE: DRAM vote count ends: 0 ms
04-10 09:04:29.325   912  2326 D BTAudioSessionAidl: GetSupportedLatencyModes - Supported LatencyMode= LOW_LATENCY FREE
04-10 09:04:29.338  1588  1776 D ColorDisplayService: computeDisplayWhiteBalanceMatrix: cct =5500 matrix =
04-10 09:04:29.338  1588  1776 D ColorDisplayService:        0.959210-0.001560-0.003556 0.000000 0.033379 0.929185-0.013209 0.000000 0.007411 0.002989 0.789065 0.000000 0.000000 0.000000 0.000000 1.000000
