04-26 19:23:40.951  1643 11928 V Configuration: Updating configuration, locales updated from [] to [en_US]
04-26 19:23:40.951  1643 11928 V Configuration: Updating configuration, locales updated from [] to [en_US]
04-26 19:23:40.951  1643 11928 V Configuration: Updating configuration, locales updated from [] to [en_US]
04-26 19:23:40.951  1643 11928 V Configuration: Updating configuration, locales updated from [] to [en_US]
04-26 19:23:40.951  1643 11928 V Configuration: Updating configuration, locales updated from [] to [en_US]
04-26 19:23:40.951  1643 11928 V Configuration: Updating configuration, locales updated from [] to [en_US]
04-26 19:23:40.951  1643 11928 V Configuration: Updating configuration, locales updated from [] to [en_US]
04-26 19:23:40.953  1643 11928 V Configuration: Updating configuration, locales updated from [] to [en_US]
04-26 19:23:40.954  1643 11928 V Configuration: Updating configuration, locales updated from [] to [en_US]
04-26 19:23:40.954  1643 11928 V Configuration: Updating configuration, locales updated from [] to [en_US]
04-26 19:23:40.954  1643 11928 V Configuration: Updating configuration, locales updated from [] to [en_US]
04-26 19:23:40.954  1643 11928 V Configuration: Updating configuration, locales updated from [] to [en_US]
04-26 19:23:40.954  1643 11928 D IntervalStats: Unable to parse usage stats packages: [145, 322, 336, 341, 344, 370, 371, 378, 379, 380, 385, 387, 393, 394, 395]
04-26 19:23:40.957  1643 11928 V Configuration: Updating configuration, locales updated from [] to [en_US]
04-26 19:23:40.957  1643 11928 V Configuration: Updating configuration, locales updated from [] to [en_US]
04-26 19:23:40.957  1643 11928 V Configuration: Updating configuration, locales updated from [] to [en_US]
04-26 19:23:40.958  1643 11928 V Configuration: Updating configuration, locales updated from [] to [en_US]
04-26 19:23:40.958  1643 11928 V Configuration: Updating configuration, locales updated from [] to [en_US]
04-26 19:23:40.958  1643 11928 V Configuration: Updating configuration, locales updated from [] to [en_US]
04-26 19:23:40.958  1643 11928 V Configuration: Updating configuration, locales updated from [] to [en_US]
04-26 19:23:40.958  1643 11928 V Configuration: Updating configuration, locales updated from [] to [en_US]
04-26 19:23:40.958  1643 11928 V Configuration: Updating configuration, locales updated from [] to [en_US]
04-26 19:23:40.958  1643 11928 V Configuration: Updating configuration, locales updated from [] to [en_US]
04-26 19:23:40.958  1643 11928 V Configuration: Updating configuration, locales updated from [] to [en_US]
04-26 19:23:40.958  1643 11928 V Configuration: Updating configuration, locales updated from [] to [en_US]
04-26 19:23:40.958  1643 11928 V Configuration: Updating configuration, locales updated from [] to [en_US]
04-26 19:23:40.958  1643 11928 V Configuration: Updating configuration, locales updated from [] to [en_US]
04-26 19:23:40.958  1643 11928 V Configuration: Updating configuration, locales updated from [] to [en_US]
04-26 19:23:40.958  1643 11928 V Configuration: Updating configuration, locales updated from [] to [en_US]
04-26 19:23:40.958  1643 11928 V Configuration: Updating configuration, locales updated from [] to [en_US]
04-26 19:23:40.959  1643 11928 D IntervalStats: Unable to parse usage stats packages: [322, 344, 371, 379, 380, 385, 387, 432, 436, 437, 439, 459, 460, 461, 462, 467, 475, 476, 509, 510, 511, 512, 513, 516, 517, 524, 525, 547, 549, 551, 563]
04-26 19:23:40.995  1643 11928 W ProcessStats: Tracking association SourceState{3dc54d3 system/1000 ImpFg #1206606} whose proc state 5 is better than process ProcessState{7178832 com.google.android.permissioncontroller/10274 pkg=com.google.android.permissioncontroller} proc state 14 (6 skipped)
04-26 19:23:40.997  1643 11928 D KeyValueBackupTask: Starting key-value backup of com.google.android.gms
04-26 19:23:40.999  1643 11928 D BackupManagerService: [UserID:0] awaiting agent for com.google.android.gms
04-26 19:23:41.025  1643  5975 D BackupManagerService: [UserID:0] agentConnected pkg=com.google.android.gms agent=android.os.BinderProxy@2a585e9
04-26 19:23:41.025  1643 11928 D KeyValueBackupTask: Invoking agent on com.google.android.gms
04-26 19:23:41.389  1643  4189 D BackgroundInstallControlService: Package event received: 0
04-26 19:23:41.389  1643  4189 D BackgroundInstallControlService: Package event received: 0
04-26 19:23:41.389  1643  4189 D BackgroundInstallControlService: Package event received: 0
04-26 19:23:41.389  1643  4189 D BackgroundInstallControlService: Package event received: 0
04-26 19:23:41.639  1643  1720 I DisplayDeviceRepository: Display device changed render timings: "Built-in Screen", renderFrameRate=60.000004, presentationDeadlineNanos=11500000, appVsyncOffsetNanos=6233332, frameRateOverrides=[]
04-26 19:23:41.728  1643 11928 D KeyValueBackupTask: Starting key-value backup of com.android.providers.settings
04-26 19:23:41.733  1643 11928 D BackupManagerService: [UserID:0] awaiting agent for com.android.providers.settings
04-26 19:23:41.734  1643  1643 D BackupManagerService: [UserID:0] agentConnected pkg=com.android.providers.settings agent=android.app.backup.BackupAgent$BackupServiceBinder@5010048
04-26 19:23:41.734  1643 11928 D KeyValueBackupTask: Invoking agent on com.android.providers.settings
04-26 19:23:41.836  1643 11928 D KeyValueBackupTask: Starting key-value backup of com.google.android.dialer
04-26 19:23:41.843  1643 11928 D ActivityManager: sync unfroze 14382 com.google.android.tts for 22
04-26 19:23:41.847  1643 11928 D ActivityManager: sync unfroze 30094 com.google.android.dialer for 22
04-26 19:23:41.849  1643 11928 D BackupManagerService: [UserID:0] awaiting agent for com.google.android.dialer
04-26 19:23:41.919 30094 30094 D ActivityThread: Package [com.walmart.android] reported as REPLACED, but missing application info. Assuming REMOVED.
04-26 19:23:41.921 30094 30094 D ActivityThread: Package [com.walmart.android] reported as REPLACED, but missing application info. Assuming REMOVED.
04-26 19:23:41.924 30094 30094 D ActivityThread: Package [com.azure.authenticator] reported as REPLACED, but missing application info. Assuming REMOVED.
04-26 19:23:41.927 30094 30094 D ActivityThread: Package [com.azure.authenticator] reported as REPLACED, but missing application info. Assuming REMOVED.
04-26 19:23:41.930 30094 30094 D ActivityThread: Package [com.google.assistant.hubui] reported as REPLACED, but missing application info. Assuming REMOVED.
04-26 19:23:41.932 30094 30094 D ActivityThread: Package [com.google.assistant.hubui] reported as REPLACED, but missing application info. Assuming REMOVED.
04-26 19:23:41.932 30094 30094 D ActivityThread: Package [it.niedermann.owncloud.notes] reported as REPLACED, but missing application info. Assuming REMOVED.
04-26 19:23:41.933 30094 30094 D ActivityThread: Package [it.niedermann.owncloud.notes] reported as REPLACED, but missing application info. Assuming REMOVED.
04-26 19:23:41.933 30094 30094 D ActivityThread: Package [ai.polycam] reported as REPLACED, but missing application info. Assuming REMOVED.
04-26 19:23:41.933 30094 30094 D ActivityThread: Package [ai.polycam] reported as REPLACED, but missing application info. Assuming REMOVED.
04-26 19:23:41.934 30094 30094 D ActivityThread: Package [com.google.android.apps.wellbeing] reported as REPLACED, but missing application info. Assuming REMOVED.
04-26 19:23:41.934 30094 30094 D ActivityThread: Package [com.google.android.apps.wellbeing] reported as REPLACED, but missing application info. Assuming REMOVED.
04-26 19:23:42.017  1643  5975 D BackupManagerService: [UserID:0] agentConnected pkg=com.google.android.dialer agent=android.os.BinderProxy@d810c42
04-26 19:23:42.018  1643 11928 D KeyValueBackupTask: Invoking agent on com.google.android.dialer
04-26 19:23:42.239   609 11930 I keystore2: system/security/keystore2/watchdog/src/lib.rs:371 - Watchdog thread idle -> terminating. Have a great day.
04-26 19:23:42.294  1643  2242 D ActivityManager: freezing 23940 com.google.android.webview:sandboxed_process0:org.chromium.content.app.SandboxedProcessService0:0
04-26 19:23:42.544  1643 11928 D KeyValueBackupTask: Starting key-value backup of com.google.android.inputmethod.latin
04-26 19:23:42.551  1643 11928 D ActivityManager: sync unfroze 29394 com.google.android.inputmethod.latin for 22
04-26 19:23:42.563  1643 11928 D BackupManagerService: [UserID:0] awaiting agent for com.google.android.inputmethod.latin
04-26 19:23:42.619 29394 29394 D ActivityThread: Package [com.google.android.dialer] reported as REPLACED, but missing application info. Assuming REMOVED.
04-26 19:23:42.620 29394 29394 D ActivityThread: Package [com.google.android.dialer] reported as REPLACED, but missing application info. Assuming REMOVED.
04-26 19:23:42.620 29394 29394 D ActivityThread: Package [com.walmart.android] reported as REPLACED, but missing application info. Assuming REMOVED.
04-26 19:23:42.620 29394 29394 D ActivityThread: Package [com.walmart.android] reported as REPLACED, but missing application info. Assuming REMOVED.
04-26 19:23:42.621 29394 29394 D ActivityThread: Package [com.azure.authenticator] reported as REPLACED, but missing application info. Assuming REMOVED.
04-26 19:23:42.621 29394 29394 D ActivityThread: Package [com.azure.authenticator] reported as REPLACED, but missing application info. Assuming REMOVED.
04-26 19:23:42.622 29394 29394 D ActivityThread: Package [com.google.assistant.hubui] reported as REPLACED, but missing application info. Assuming REMOVED.
04-26 19:23:42.622 29394 29394 D ActivityThread: Package [com.google.assistant.hubui] reported as REPLACED, but missing application info. Assuming REMOVED.
04-26 19:23:42.623 29394 29394 D ActivityThread: Package [it.niedermann.owncloud.notes] reported as REPLACED, but missing application info. Assuming REMOVED.
04-26 19:23:42.624 29394 29394 D ActivityThread: Package [it.niedermann.owncloud.notes] reported as REPLACED, but missing application info. Assuming REMOVED.
04-26 19:23:42.626 29394 29394 D ActivityThread: Package [ai.polycam] reported as REPLACED, but missing application info. Assuming REMOVED.
04-26 19:23:42.626 29394 29394 D ActivityThread: Package [ai.polycam] reported as REPLACED, but missing application info. Assuming REMOVED.
04-26 19:23:42.627 29394 29394 D ActivityThread: Package [com.google.android.apps.wellbeing] reported as REPLACED, but missing application info. Assuming REMOVED.
04-26 19:23:42.628 29394 29394 D ActivityThread: Package [com.google.android.apps.wellbeing] reported as REPLACED, but missing application info. Assuming REMOVED.
04-26 19:23:42.685  1643  4655 D BackupManagerService: [UserID:0] agentConnected pkg=com.google.android.inputmethod.latin agent=android.os.BinderProxy@7543508
04-26 19:23:42.685  1643 11928 D KeyValueBackupTask: Invoking agent on com.google.android.inputmethod.latin
04-26 19:23:43.143  1643  2242 D ActivityManager: freezing 19899 com.squareup.cash
04-26 19:23:43.242  1643  5710 D BackupManagerConstants: getKeyValueBackupIntervalMilliseconds(...) returns 43200000
04-26 19:23:43.242  1643  5710 D BackupManagerConstants: getKeyValueBackupFuzzMilliseconds(...) returns 600000
04-26 19:23:43.242  1643  5710 D BackupManagerConstants: getKeyValueBackupRequiredNetworkType(...) returns 1
04-26 19:23:43.242  1643  5710 D BackupManagerConstants: getKeyValueBackupRequireCharging(...) returns true
04-26 19:23:43.242  1643  5710 D KeyValueBackupJob: Scheduling k/v pass in 723 minutes
04-26 19:23:43.344  1643  2242 D ActivityManager: freezing 9526 com.google.android.apps.tachyon
04-26 19:23:43.794  1643 11928 I KeyValueBackupTask: K/V backup pass finished
04-26 19:23:43.803  1643 11928 D BackupManagerService: [UserID:0] Released wakelock:*backup*-0-5710
04-26 19:23:47.754  1643  4189 D BackgroundInstallControlService: Package event received: 0
04-26 19:23:47.804  1643  4189 D BackgroundInstallControlService: Package event received: 0
04-26 19:23:47.804  1643  4189 D BackgroundInstallControlService: Package event received: 0
04-26 19:23:47.804  1643  4189 D BackgroundInstallControlService: Package event received: 0
04-26 19:23:47.804  1643  4189 D BackgroundInstallControlService: Package event received: 0
04-26 19:23:47.804  1643  4189 D BackgroundInstallControlService: Package event received: 0
04-26 19:23:47.804  1643  4189 D BackgroundInstallControlService: Package event received: 0
04-26 19:23:47.804  1643  4189 D BackgroundInstallControlService: Package event received: 0
04-26 19:23:47.804  1643  4189 D BackgroundInstallControlService: Package event received: 0
04-26 19:23:48.056  1643  2242 D ActivityManager: freezing 3802 com.google.android.apps.weather
04-26 19:23:48.159  1643  4189 D BackgroundInstallControlService: Package event received: 0
04-26 19:23:49.476  4233  5669 D PowerUI : can't show warning due to - plugged: true status unknown: false
04-26 19:23:50.860  1643  2242 D ActivityManager: freezing 23267 com.google.android.gm
04-26 19:23:52.250  1643  4189 D BackgroundInstallControlService: Package event received: 0
04-26 19:23:53.685  1643  1881 I DisplayPowerController[0]: BrightnessEvent: brt=0.0(0.0%), nits=2.0, lux=1.2845745, reason=automatic [ dim ], strat=AutomaticBrightnessStrategy, state=ON, stateReason=DEFAULT_POLICY, policy=DIM, flags=, initBrt=0.0, rcmdBrt=0.012112691, preBrt=0.028898103, preLux=3.892868, lastReadLux=1.2845745, wasShortTermModelActive=false, autoBrightness=true (default), unclampedBrt=0.012112691, hbmMax=0.2922917, hbmMode=off, thrmMax=1.0, rbcStrength=37, powerFactor=1.0, physDisp=Built-in Screen(local:4619827359057144832), logicalId=0, slowChange=true, rampSpeed=0.0
04-26 19:23:53.689  1643  1720 I BrightnessSynchronizer: [480] New Update 0.012112691(f) set brightness values:  4(i)
04-26 19:23:53.692  1643  1720 I BrightnessSynchronizer: Swallowing update of 4(i) by update: {[480] 0.012112691(f), mUpdatedTypes=1, mConfirmedTypes=1, mTimeUpdated=734516373}
04-26 19:23:53.692  1643  1720 I BrightnessSynchronizer: Completed Update: {[480] 0.012112691(f), mUpdatedTypes=1, mConfirmedTypes=1, mTimeUpdated=734516373}
04-26 19:23:53.812  1643  2242 D ActivityManager: freezing 5694 com.google.android.gms
04-26 19:23:56.825  1643  1818 W NotificationHistory: Attempted to remove conversation for locked/gone/disabled user 0
04-26 19:23:57.074  1643  2242 D ActivityManager: freezing 14382 com.google.android.tts
04-26 19:23:57.347  1643  1720 I DisplayDeviceRepository: Display device changed render timings: "Built-in Screen", renderFrameRate=60.000004, presentationDeadlineNanos=11500000, appVsyncOffsetNanos=6233332, frameRateOverrides=[{uid=10247 frameRateHz=60.000004}]
04-26 19:23:58.097  1643  1720 I DisplayDeviceRepository: Display device changed render timings: "Built-in Screen", renderFrameRate=60.000004, presentationDeadlineNanos=11500000, appVsyncOffsetNanos=6233332, frameRateOverrides=[]
04-26 19:23:59.720  1643  2242 D ActivityManager: freezing 7744 com.google.android.permissioncontroller
04-26 19:24:00.062  1643  1720 I DisplayDeviceRepository: Display device changed render timings: "Built-in Screen", renderFrameRate=120.00001, presentationDeadlineNanos=11500000, appVsyncOffsetNanos=6233332, frameRateOverrides=[]
04-26 19:24:00.064  1643  1711 D WindowManager: DeferredDisplayUpdater: partially applying DisplayInfo(960 x 2142) immediately
04-26 19:24:06.195  1643  4189 D BackgroundInstallControlService: Package event received: 0
04-26 19:24:12.573 31429 31462 W Looper  : Drained
04-26 19:24:17.465  1643  4189 D BackgroundInstallControlService: Package event received: 0
04-26 19:24:20.209  1643  4189 D BackgroundInstallControlService: Package event received: 0
04-26 19:24:23.836  1643  2242 D ActivityManager: freezing 31429 android.process.acore
04-26 19:24:26.159  1643  4653 W ProcessStats: Tracking association SourceState{9279c6 com.google.android.pixelsystemservice/10261 ImpFg #1206678} whose proc state 5 is better than process ProcessState{5aae1b3 com.google.android.apps.turbo/10149 pkg=com.google.android.apps.turbo} proc state 14 (3 skipped)
04-26 19:24:32.873  1643  4189 D BackgroundInstallControlService: Package event received: 0
04-26 19:24:32.920  1643  4189 D BackgroundInstallControlService: Package event received: 0
04-26 19:24:34.240  1643  4189 D BackgroundInstallControlService: Package event received: 0
04-26 19:24:35.591  1643  4189 D BackgroundInstallControlService: Package event received: 0
04-26 19:24:36.569  4233  8601 D PowerUI : can't show warning due to - plugged: true status unknown: false
04-26 19:24:42.656  1643  4189 D BackgroundInstallControlService: Package event received: 0
04-26 19:24:48.624  1643  4189 D BackgroundInstallControlService: Package event received: 0
04-26 19:24:48.629  1643  4189 D BackgroundInstallControlService: Package event received: 0
04-26 19:24:57.336  1643  1720 I DisplayDeviceRepository: Display device changed render timings: "Built-in Screen", renderFrameRate=60.000004, presentationDeadlineNanos=11500000, appVsyncOffsetNanos=6233332, frameRateOverrides=[{uid=10247 frameRateHz=60.000004}]
04-26 19:24:57.338  1643  1711 D WindowManager: DeferredDisplayUpdater: partially applying DisplayInfo(960 x 2142) immediately
04-26 19:24:58.093  1643  1720 I DisplayDeviceRepository: Display device changed render timings: "Built-in Screen", renderFrameRate=60.000004, presentationDeadlineNanos=11500000, appVsyncOffsetNanos=6233332, frameRateOverrides=[]
04-26 19:25:00.041  1643  1720 I DisplayDeviceRepository: Display device changed render timings: "Built-in Screen", renderFrameRate=120.00001, presentationDeadlineNanos=11500000, appVsyncOffsetNanos=6233332, frameRateOverrides=[]
04-26 19:25:00.042  1643  1711 D WindowManager: DeferredDisplayUpdater: partially applying DisplayInfo(960 x 2142) immediately
04-26 19:25:00.826  1643  4189 D BackgroundInstallControlService: Package event received: 0
04-26 19:25:13.270  1643  1821 D ActivityManager: sync unfroze 30300 com.thetileapp.tile for 3
04-26 19:25:13.291  1643  1821 D ActivityManager: sync unfroze 28526 com.android.vending for 3
04-26 19:25:13.295  1643  1821 D ActivityManager: sync unfroze 17315 com.android.vending:background for 3
04-26 19:25:13.357  1643  4189 D BackgroundInstallControlService: Package event received: 0
04-26 19:25:13.482  1643  1670 D ActivityManager: sync unfroze 5694 com.google.android.gms for 6
04-26 19:25:14.867  1643  4189 D BackgroundInstallControlService: Package event received: 0
04-26 19:25:14.966  1643  4189 D BackgroundInstallControlService: Package event received: 0
04-26 19:25:17.378  1643  1670 W AlarmManager: Window length 300000ms too short; expanding to 600000ms.
04-26 19:25:20.392  1643  4189 D BackgroundInstallControlService: Package event received: 0
04-26 19:25:23.682  4233 11158 D PowerUI : can't show warning due to - plugged: true status unknown: false
04-26 19:25:28.692  1643  2242 D ActivityManager: freezing 12325 com.google.android.apps.turbo
04-26 19:25:28.952  1643  4189 D BackgroundInstallControlService: Package event received: 0
04-26 19:25:30.604  1643  2242 D ActivityManager: freezing 5694 com.google.android.gms
04-26 19:25:34.418  1643  4189 D BackgroundInstallControlService: Package event received: 0
04-26 19:25:43.352  1643  2242 D ActivityManager: freezing 30300 com.thetileapp.tile
04-26 19:25:43.358  1643  2242 D ActivityManager: freezing 28526 com.android.vending
04-26 19:25:43.363  1643  2242 D ActivityManager: freezing 17315 com.android.vending:background
04-26 19:25:48.689  1643  4189 D BackgroundInstallControlService: Package event received: 0
04-26 19:25:48.699  1643  7131 D ActivityManager: sync unfroze 12325 com.google.android.apps.turbo for 6
04-26 19:25:48.700  1643  4189 D BackgroundInstallControlService: Package event received: 0
04-26 19:25:48.728  1643  7131 W ProcessStats: Tracking association SourceState{9279c6 com.google.android.pixelsystemservice/10261 ImpFg #1206821} whose proc state 5 is better than process ProcessState{5aae1b3 com.google.android.apps.turbo/10149 pkg=com.google.android.apps.turbo} proc state 14 (3 skipped)
04-26 19:25:57.383  1643  1720 I DisplayDeviceRepository: Display device changed render timings: "Built-in Screen", renderFrameRate=60.000004, presentationDeadlineNanos=11500000, appVsyncOffsetNanos=6233332, frameRateOverrides=[{uid=10247 frameRateHz=60.000004}]
04-26 19:25:57.384  1643  1711 D WindowManager: DeferredDisplayUpdater: partially applying DisplayInfo(960 x 2142) immediately
04-26 19:25:58.144  1643  1720 I DisplayDeviceRepository: Display device changed render timings: "Built-in Screen", renderFrameRate=60.000004, presentationDeadlineNanos=11500000, appVsyncOffsetNanos=6233332, frameRateOverrides=[]
04-26 19:26:00.034  1643  1720 I DisplayDeviceRepository: Display device changed render timings: "Built-in Screen", renderFrameRate=60.000004, presentationDeadlineNanos=11500000, appVsyncOffsetNanos=6233332, frameRateOverrides=[{uid=10258 frameRateHz=60.000004}]
04-26 19:26:00.785  1643  1720 I DisplayDeviceRepository: Display device changed render timings: "Built-in Screen", renderFrameRate=60.000004, presentationDeadlineNanos=11500000, appVsyncOffsetNanos=6233332, frameRateOverrides=[]
04-26 19:26:01.119  1643  4189 D BackgroundInstallControlService: Package event received: 0
04-26 19:26:07.776  1643  2234 D ActivityManager: sync unfroze 30300 com.thetileapp.tile for 6
04-26 19:26:07.780  1643  2234 D ActivityManager: sync unfroze 28526 com.android.vending for 6
04-26 19:26:07.783  1643  2234 D ActivityManager: sync unfroze 17315 com.android.vending:background for 6
04-26 19:26:07.812  1643  2234 W JobServiceContext: Sending onNetworkChanged for a job that isn't started. JobStatus{5dcd4c4 androidx.work.systemjobscheduler:u0a318/14047 #TileJobWorker#@androidx.work.systemjobscheduler@com.thetileapp.tile/androidx.work.impl.background.systemjob.SystemJobService u=0 s=10318 TIME=-23s300ms:none NET READY}
04-26 19:26:07.853  1643  5975 W ProcessStats: Tracking association SourceState{c9bc4b1 com.android.vending:background/10179 ImpBg #1206841} whose proc state 6 is better than process ProcessState{704cc57 com.android.vending/10179 pkg=com.android.vending} proc state 14 (0 skipped)
04-26 19:26:10.777  4233 12137 D PowerUI : can't show warning due to - plugged: true status unknown: false
04-26 19:26:12.281  1643  4189 D BackgroundInstallControlService: Package event received: 0
04-26 19:26:18.309  1643  2242 D ActivityManager: freezing 30300 com.thetileapp.tile
04-26 19:26:18.315  1643  2242 D ActivityManager: freezing 28526 com.android.vending
04-26 19:26:18.321  1643  2242 D ActivityManager: freezing 17315 com.android.vending:background
04-26 19:26:19.320  1643  4189 D BackgroundInstallControlService: Package event received: 0
04-26 19:26:47.244  1643  4189 D BackgroundInstallControlService: Package event received: 0
04-26 19:26:48.736  1643  2242 D ActivityManager: freezing 12325 com.google.android.apps.turbo
04-26 19:26:48.749  1643  4189 D BackgroundInstallControlService: Package event received: 0
04-26 19:26:48.754  1643  1916 D ActivityManager: sync unfroze 12325 com.google.android.apps.turbo for 6
04-26 19:26:48.756  1643  4189 D BackgroundInstallControlService: Package event received: 0
04-26 19:26:50.879   609 12260 I keystore2: system/security/keystore2/watchdog/src/lib.rs:371 - Watchdog thread idle -> terminating. Have a great day.
04-26 19:26:57.384  1643  1720 I DisplayDeviceRepository: Display device changed render timings: "Built-in Screen", renderFrameRate=60.000004, presentationDeadlineNanos=11500000, appVsyncOffsetNanos=6233332, frameRateOverrides=[{uid=10247 frameRateHz=60.000004}]
04-26 19:26:57.880  4233 13655 D PowerUI : can't show warning due to - plugged: true status unknown: false
04-26 19:26:58.136  1643  1720 I DisplayDeviceRepository: Display device changed render timings: "Built-in Screen", renderFrameRate=60.000004, presentationDeadlineNanos=11500000, appVsyncOffsetNanos=6233332, frameRateOverrides=[]
04-26 19:27:00.035  1643  1720 I DisplayDeviceRepository: Display device changed render timings: "Built-in Screen", renderFrameRate=120.00001, presentationDeadlineNanos=11500000, appVsyncOffsetNanos=6233332, frameRateOverrides=[]
04-26 19:27:00.036  1643  1711 D WindowManager: DeferredDisplayUpdater: partially applying DisplayInfo(960 x 2142) immediately
04-26 19:27:01.258  1643  4189 D BackgroundInstallControlService: Package event received: 0
04-26 19:27:02.014  1643  4189 D BackgroundInstallControlService: Package event received: 0
04-26 19:27:02.661  1643  4189 D BackgroundInstallControlService: Package event received: 0
04-26 19:27:08.372  1643  4189 D BackgroundInstallControlService: Package event received: 0
04-26 19:27:14.392   609 12290 I keystore2: system/security/keystore2/watchdog/src/lib.rs:371 - Watchdog thread idle -> terminating. Have a great day.
04-26 19:27:19.786  1643  4189 D BackgroundInstallControlService: Package event received: 0
04-26 19:27:24.102  1643  7131 I MediaSessionStack: addSession to bottom of stack | record: com.google.android.gms/cast_rcn_media_session/10663 (userId=0)
04-26 19:27:24.357  1643  1916 I MediaSessionStack: removeSession | record: com.google.android.gms/cast_rcn_media_session/10663 (userId=0)
04-26 19:27:28.820  1643  2242 D ActivityManager: freezing 12325 com.google.android.apps.turbo
04-26 19:27:32.863  1643  1916 I MediaSessionStack: addSession to bottom of stack | record: com.google.android.gms/cast_rcn_media_session/10664 (userId=0)
04-26 19:27:44.998  4233 15351 D PowerUI : can't show warning due to - plugged: true status unknown: false
04-26 19:27:45.036  1643  4189 D BackgroundInstallControlService: Package event received: 0
04-26 19:27:46.621  4233  4837 D PowerUI : can't show warning due to - plugged: true status unknown: false
04-26 19:27:52.417  1643  1821 W ActivityManager: Stale PhantomProcessRecord {a603ef7 21449:28965:/0}, removing
04-26 19:27:57.387  1643  1720 I DisplayDeviceRepository: Display device changed render timings: "Built-in Screen", renderFrameRate=60.000004, presentationDeadlineNanos=11500000, appVsyncOffsetNanos=6233332, frameRateOverrides=[{uid=10247 frameRateHz=60.000004}]
04-26 19:27:57.388  1643  1711 D WindowManager: DeferredDisplayUpdater: partially applying DisplayInfo(960 x 2142) immediately
04-26 19:27:58.145  1643  1720 I DisplayDeviceRepository: Display device changed render timings: "Built-in Screen", renderFrameRate=60.000004, presentationDeadlineNanos=11500000, appVsyncOffsetNanos=6233332, frameRateOverrides=[]
04-26 19:28:00.035  1643  1720 I DisplayDeviceRepository: Display device changed render timings: "Built-in Screen", renderFrameRate=120.00001, presentationDeadlineNanos=11500000, appVsyncOffsetNanos=6233332, frameRateOverrides=[]
04-26 19:28:00.036  1643  1711 D WindowManager: DeferredDisplayUpdater: partially applying DisplayInfo(960 x 2142) immediately
04-26 19:28:02.852  1643  1870 D AppOpHistoryHelper: MetricHandler reporting 6 records.
04-26 19:28:06.128  1643  4189 D BackgroundInstallControlService: Package event received: 0
04-26 19:28:11.847  1643  4189 D BackgroundInstallControlService: Package event received: 0
04-26 19:28:11.854  1643  1916 D ActivityManager: sync unfroze 6788 com.google.android.apps.privacy.wildlife for 6
04-26 19:28:11.888  1643  5975 D ActivityManager: sync unfroze 5694 com.google.android.gms for 4
04-26 19:28:32.100  4233  5421 D PowerUI : can't show warning due to - plugged: true status unknown: false
04-26 19:28:36.937  1643  1818 W NotificationHistory: Attempted to remove conversation for locked/gone/disabled user 0
04-26 19:28:37.092  1643  2242 D ActivityManager: freezing 5694 com.google.android.gms
04-26 19:28:38.223  1643  4189 D BackgroundInstallControlService: Package event received: 0
04-26 19:28:38.858  1643  4189 D BackgroundInstallControlService: Package event received: 0
04-26 19:28:38.864  1643  5975 D ActivityManager: sync unfroze 12325 com.google.android.apps.turbo for 6
04-26 19:28:38.866  1643  4189 D BackgroundInstallControlService: Package event received: 0
04-26 19:28:38.879  1643  5975 W ProcessStats: Tracking association SourceState{9279c6 com.google.android.pixelsystemservice/10261 ImpFg #1207010} whose proc state 5 is better than process ProcessState{5aae1b3 com.google.android.apps.turbo/10149 pkg=com.google.android.apps.turbo} proc state 14 (4 skipped)
04-26 19:28:39.173  1643  4655 W AppOps  : Noting op not finished: uid 10186 pkg com.google.android.gms code 113 startTime of in progress event=1777201271835
04-26 19:28:39.186  1643  1916 W AppOps  : Noting op not finished: uid 10186 pkg com.google.android.gms code 113 startTime of in progress event=1777201270451
04-26 19:28:39.206  1643  1916 W AppOps  : Noting op not finished: uid 10186 pkg com.google.android.gms code 79 startTime of in progress event=1777201270471
04-26 19:28:40.174  1643  1916 W AppOps  : Noting op not finished: uid 10186 pkg com.google.android.gms code 113 startTime of in progress event=1777201270451
04-26 19:28:46.624  4233  5669 D PowerUI : can't show warning due to - plugged: true status unknown: false
04-26 19:28:49.398  1643  4189 D BackgroundInstallControlService: Package event received: 0
04-26 19:28:51.924  1643  2242 D ActivityManager: freezing 6788 com.google.android.apps.privacy.wildlife
04-26 19:28:55.274  1643  1881 I DisplayPowerController[0]: BrightnessEvent: brt=0.0(0.0%), nits=2.0, lux=0.60511774, reason=automatic [ dim ], strat=AutomaticBrightnessStrategy, state=ON, stateReason=DEFAULT_POLICY, policy=DIM, flags=, initBrt=0.0, rcmdBrt=0.0062969825, preBrt=0.012112691, preLux=1.2845745, lastReadLux=0.60511774, wasShortTermModelActive=false, autoBrightness=true (default), unclampedBrt=0.0062969825, hbmMax=0.2922917, hbmMode=off, thrmMax=1.0, rbcStrength=37, powerFactor=1.0, physDisp=Built-in Screen(local:4619827359057144832), logicalId=0, slowChange=true, rampSpeed=0.0
04-26 19:28:55.278  1643  1720 I BrightnessSynchronizer: [481] New Update 0.0062969825(f) set brightness values:  3(i)
04-26 19:28:55.280  1643  1720 I BrightnessSynchronizer: Swallowing update of 3(i) by update: {[481] 0.0062969825(f), mUpdatedTypes=1, mConfirmedTypes=1, mTimeUpdated=734817963}
04-26 19:28:55.280  1643  1720 I BrightnessSynchronizer: Completed Update: {[481] 0.0062969825(f), mUpdatedTypes=1, mConfirmedTypes=1, mTimeUpdated=734817963}
04-26 19:28:56.430  1643  4189 D BackgroundInstallControlService: Package event received: 0
04-26 19:28:57.378  1643  1720 I DisplayDeviceRepository: Display device changed render timings: "Built-in Screen", renderFrameRate=60.000004, presentationDeadlineNanos=11500000, appVsyncOffsetNanos=6233332, frameRateOverrides=[{uid=10247 frameRateHz=60.000004}]
04-26 19:28:57.379  1643  1711 D WindowManager: DeferredDisplayUpdater: partially applying DisplayInfo(960 x 2142) immediately
04-26 19:28:58.136  1643  1720 I DisplayDeviceRepository: Display device changed render timings: "Built-in Screen", renderFrameRate=60.000004, presentationDeadlineNanos=11500000, appVsyncOffsetNanos=6233332, frameRateOverrides=[]
04-26 19:29:00.034  1643  1720 I DisplayDeviceRepository: Display device changed render timings: "Built-in Screen", renderFrameRate=60.000004, presentationDeadlineNanos=11500000, appVsyncOffsetNanos=6233332, frameRateOverrides=[{uid=10258 frameRateHz=60.000004}]
04-26 19:29:00.785  1643  1720 I DisplayDeviceRepository: Display device changed render timings: "Built-in Screen", renderFrameRate=60.000004, presentationDeadlineNanos=11500000, appVsyncOffsetNanos=6233332, frameRateOverrides=[]
04-26 19:29:10.927  1643  4189 D BackgroundInstallControlService: Package event received: 0
04-26 19:29:10.981  1643  5975 D ActivityManager: sync unfroze 5694 com.google.android.gms for 4
04-26 19:29:10.982  1643  4189 D BackgroundInstallControlService: Package event received: 0
04-26 19:29:11.434  1643  5975 W ProcessStats: Tracking association SourceState{7dcd4a6 com.google.android.gms.persistent/10186 BTop #1207051} whose proc state 2 is better than process ProcessState{3409ad9 com.google.android.gms/10186 pkg=com.google.android.gms} proc state 14 (0 skipped)
04-26 19:29:14.581  1643  4189 D BackgroundInstallControlService: Package event received: 0
04-26 19:29:18.855  1643  4189 D BackgroundInstallControlService: Package event received: 0
04-26 19:29:18.928  1643  2242 D ActivityManager: freezing 12325 com.google.android.apps.turbo
04-26 19:29:19.206  4233  8601 D PowerUI : can't show warning due to - plugged: true status unknown: false
04-26 19:29:21.589  1643  5975 W ProcessStats: Tracking association SourceState{7dcd4a6 com.google.android.gms.persistent/10186 BTop #1207070} whose proc state 2 is better than process ProcessState{3409ad9 com.google.android.gms/10186 pkg=com.google.android.gms} proc state 14 (18 skipped)
04-26 19:29:21.602  1643  4189 D BackgroundInstallControlService: Package event received: 0
04-26 19:29:23.599  1643  4189 D BackgroundInstallControlService: Package event received: 0
04-26 19:29:37.670  1643  4189 D BackgroundInstallControlService: Package event received: 0
04-26 19:29:37.742  1643  4189 D BackgroundInstallControlService: Package event received: 0
04-26 19:29:42.040  1643  7131 I MediaSessionStack: removeSession | record: com.google.android.gms/cast_rcn_media_session/10664 (userId=0)
04-26 19:29:45.356  1643  2242 D ActivityManager: freezing 5694 com.google.android.gms
04-26 19:29:46.625  4233 11158 D PowerUI : can't show warning due to - plugged: true status unknown: false
04-26 19:29:52.962  1643  4189 D BackgroundInstallControlService: Package event received: 0
04-26 19:29:55.783  1643  4189 D BackgroundInstallControlService: Package event received: 0
04-26 19:29:57.384  1643  1720 I DisplayDeviceRepository: Display device changed render timings: "Built-in Screen", renderFrameRate=60.000004, presentationDeadlineNanos=11500000, appVsyncOffsetNanos=6233332, frameRateOverrides=[{uid=10247 frameRateHz=60.000004}]
04-26 19:29:57.688  1643  1818 W NotificationHistory: Attempted to remove conversation for locked/gone/disabled user 0
04-26 19:29:58.138  1643  1720 I DisplayDeviceRepository: Display device changed render timings: "Built-in Screen", renderFrameRate=60.000004, presentationDeadlineNanos=11500000, appVsyncOffsetNanos=6233332, frameRateOverrides=[]
04-26 19:29:58.932  1643  4189 D BackgroundInstallControlService: Package event received: 0
04-26 19:29:58.935  1643  1916 D ActivityManager: sync unfroze 12325 com.google.android.apps.turbo for 6
04-26 19:29:58.938  1643  4189 D BackgroundInstallControlService: Package event received: 0
04-26 19:29:58.944  1643  1916 W ProcessStats: Tracking association SourceState{9279c6 com.google.android.pixelsystemservice/10261 ImpFg #1207157} whose proc state 5 is better than process ProcessState{5aae1b3 com.google.android.apps.turbo/10149 pkg=com.google.android.apps.turbo} proc state 14 (11 skipped)
04-26 19:30:00.036  1643  1720 I DisplayDeviceRepository: Display device changed render timings: "Built-in Screen", renderFrameRate=120.00001, presentationDeadlineNanos=11500000, appVsyncOffsetNanos=6233332, frameRateOverrides=[]
04-26 19:30:00.037  1643  1711 D WindowManager: DeferredDisplayUpdater: partially applying DisplayInfo(960 x 2142) immediately
04-26 19:30:01.372  1643  4189 D BackgroundInstallControlService: Package event received: 0
04-26 19:30:06.307  4233 12137 D PowerUI : can't show warning due to - plugged: true status unknown: false
04-26 19:30:13.274  1643  1821 D ActivityManager: sync unfroze 30300 com.thetileapp.tile for 3
04-26 19:30:13.281  1643  1821 D ActivityManager: sync unfroze 28526 com.android.vending for 3
04-26 19:30:13.309  1643  1821 D ActivityManager: sync unfroze 17315 com.android.vending:background for 3
04-26 19:30:13.327  1643  2234 E JobScheduler.JobStatus: App com.microsoft.appmanager became active but still in NEVER bucket
04-26 19:30:13.328  1643  2234 E JobScheduler.JobStatus: App com.microsoft.appmanager became active but still in NEVER bucket
04-26 19:30:13.328  1643  2234 E JobScheduler.JobStatus: App com.microsoft.appmanager became active but still in NEVER bucket
04-26 19:30:13.329  1643  2234 E JobScheduler.JobStatus: App com.microsoft.appmanager became active but still in NEVER bucket
04-26 19:30:13.330  1643  2234 E JobScheduler.JobStatus: App com.microsoft.appmanager became active but still in NEVER bucket
04-26 19:30:13.373  1643  4189 D BackgroundInstallControlService: Package event received: 0
04-26 19:30:13.548  1643  7131 D ActivityManager: sync unfroze 5694 com.google.android.gms for 6
04-26 19:30:13.918  1643  4189 D BackgroundInstallControlService: Package event received: 0
04-26 19:30:16.972  1643  1818 W NotificationHistory: Attempted to remove conversation for locked/gone/disabled user 0
04-26 19:30:17.409  1643  4655 W AlarmManager: Window length 300000ms too short; expanding to 600000ms.
04-26 19:30:23.747  1643  4189 D BackgroundInstallControlService: Package event received: 0
04-26 19:30:28.038  1643  4189 D BackgroundInstallControlService: Package event received: 0
04-26 19:30:30.756  1643  2242 D ActivityManager: freezing 5694 com.google.android.gms
04-26 19:30:34.073  1643  1818 W NotificationHistory: Attempted to remove conversation for locked/gone/disabled user 0
04-26 19:30:37.793  1643  4189 D BackgroundInstallControlService: Package event received: 0
04-26 19:30:38.988  1643  2242 D ActivityManager: freezing 12325 com.google.android.apps.turbo
04-26 19:30:43.348  1643  2242 D ActivityManager: freezing 30300 com.thetileapp.tile
04-26 19:30:43.356  1643  2242 D ActivityManager: freezing 28526 com.android.vending
04-26 19:30:43.364  1643  2242 D ActivityManager: freezing 17315 com.android.vending:background
04-26 19:30:46.195  1643  4189 D BackgroundInstallControlService: Package event received: 0
04-26 19:30:53.412  4233 13655 D PowerUI : can't show warning due to - plugged: true status unknown: false
04-26 19:30:57.382  1643  1720 I DisplayDeviceRepository: Display device changed render timings: "Built-in Screen", renderFrameRate=60.000004, presentationDeadlineNanos=11500000, appVsyncOffsetNanos=6233332, frameRateOverrides=[{uid=10247 frameRateHz=60.000004}]
04-26 19:30:57.384  1643  1711 D WindowManager: DeferredDisplayUpdater: partially applying DisplayInfo(960 x 2142) immediately
04-26 19:30:58.138  1643  1720 I DisplayDeviceRepository: Display device changed render timings: "Built-in Screen", renderFrameRate=60.000004, presentationDeadlineNanos=11500000, appVsyncOffsetNanos=6233332, frameRateOverrides=[]
04-26 19:31:00.047  1643  1720 I DisplayDeviceRepository: Display device changed render timings: "Built-in Screen", renderFrameRate=120.00001, presentationDeadlineNanos=11500000, appVsyncOffsetNanos=6233332, frameRateOverrides=[]
04-26 19:31:00.048  1643  1711 D WindowManager: DeferredDisplayUpdater: partially applying DisplayInfo(960 x 2142) immediately
04-26 19:31:07.378  1643  4189 D BackgroundInstallControlService: Package event received: 0
04-26 19:31:07.823  1643  4189 D BackgroundInstallControlService: Package event received: 0
04-26 19:31:07.832  1643  4189 D BackgroundInstallControlService: Package event received: 0
04-26 19:31:07.852  1643  2234 D ActivityManager: sync unfroze 23267 com.google.android.gm for 6
04-26 19:31:07.857  1643  2234 D ActivityManager: sync unfroze 23940 com.google.android.webview:sandboxed_process0:org.chromium.content.app.SandboxedProcessService0:0 for 6
04-26 19:31:07.893  1643  2234 D ActivityManager: sync unfroze 30300 com.thetileapp.tile for 6
04-26 19:31:07.905  1643  2234 D ActivityManager: sync unfroze 28526 com.android.vending for 6
04-26 19:31:07.911  1643  2234 D ActivityManager: sync unfroze 17315 com.android.vending:background for 6
04-26 19:31:07.922  1643  2234 W JobServiceContext: Sending onNetworkChanged for a job that isn't started. JobStatus{f86cae9 androidx.work.systemjobscheduler:u0a318/14048 #TileJobWorker#@androidx.work.systemjobscheduler@com.thetileapp.tile/androidx.work.impl.background.systemjob.SystemJobService u=0 s=10318 TIME=-23s336ms:none NET READY}
04-26 19:31:07.940  1643  4655 W ProcessStats: Tracking association SourceState{c9bc4b1 com.android.vending:background/10179 ImpBg #1207253} whose proc state 6 is better than process ProcessState{704cc57 com.android.vending/10179 pkg=com.android.vending} proc state 14 (0 skipped)
04-26 19:31:08.579  1643  4189 D BackgroundInstallControlService: Package event received: 0
04-26 19:31:12.407  1643  4655 D ActivityManager: sync unfroze 5694 com.google.android.gms for 4
04-26 19:31:12.511  5694 30709 E ActivityThread: Failed to find provider info for gmail-ofls
04-26 19:31:13.122  1643  4189 D BackgroundInstallControlService: Package event received: 0
04-26 19:31:13.769  5694 11929 E ActivityThread: Failed to find provider info for gmail-ofls
04-26 19:31:18.152  1643  2242 D ActivityManager: freezing 23267 com.google.android.gm
04-26 19:31:18.163  1643  2242 D ActivityManager: freezing 23940 com.google.android.webview:sandboxed_process0:org.chromium.content.app.SandboxedProcessService0:0
04-26 19:31:18.560  1643  2242 D ActivityManager: freezing 30300 com.thetileapp.tile
04-26 19:31:18.566  1643  2242 D ActivityManager: freezing 28526 com.android.vending
04-26 19:31:18.571  1643  2242 D ActivityManager: freezing 17315 com.android.vending:background
04-26 19:31:21.488  1643  4189 D BackgroundInstallControlService: Package event received: 0
04-26 19:31:23.862  1643  2242 D ActivityManager: freezing 5694 com.google.android.gms
04-26 19:31:28.971  1643  2234 D ActivityManager: sync unfroze 12325 com.google.android.apps.turbo for 6
04-26 19:31:28.982  1643  1916 W ProcessStats: Tracking association SourceState{2093a89 system/1000 ImpBg #1207287} whose proc state 6 is better than process ProcessState{5aae1b3 com.google.android.apps.turbo/10149 pkg=com.google.android.apps.turbo} proc state 14 (6 skipped)
04-26 19:31:28.994  1643  1916 W JobScheduler: Job didn't exist in JobStore: a91c0b2 #u0a149/7 com.google.android.apps.turbo/com.google.android.gms.learning.internal.training.InAppJobService
04-26 19:31:29.022  1643  4189 D BackgroundInstallControlService: Package event received: 0
04-26 19:31:29.025  1643  4189 D BackgroundInstallControlService: Package event received: 0
04-26 19:31:31.172  1643  4189 D BackgroundInstallControlService: Package event received: 0
04-26 19:31:37.578  1643  4189 D BackgroundInstallControlService: Package event received: 0
04-26 19:31:40.510  4233 15351 D PowerUI : can't show warning due to - plugged: true status unknown: false
04-26 19:31:46.626  4233  4837 D PowerUI : can't show warning due to - plugged: true status unknown: false
04-26 19:31:53.790  1643  4189 D BackgroundInstallControlService: Package event received: 0
04-26 19:31:57.355  1643  1720 I DisplayDeviceRepository: Display device changed render timings: "Built-in Screen", renderFrameRate=60.000004, presentationDeadlineNanos=11500000, appVsyncOffsetNanos=6233332, frameRateOverrides=[{uid=10247 frameRateHz=60.000004}]
04-26 19:31:57.356  1643  1711 D WindowManager: DeferredDisplayUpdater: partially applying DisplayInfo(960 x 2142) immediately
04-26 19:31:58.113  1643  1720 I DisplayDeviceRepository: Display device changed render timings: "Built-in Screen", renderFrameRate=60.000004, presentationDeadlineNanos=11500000, appVsyncOffsetNanos=6233332, frameRateOverrides=[]
04-26 19:31:58.704  1643  4189 D BackgroundInstallControlService: Package event received: 0
04-26 19:31:58.704  1643  4189 D BackgroundInstallControlService: Package event received: 0
04-26 19:31:58.714  1643  4655 W JobScheduler: Job didn't exist in JobStore: 1be36ad #u0a120/-814368097 com.google.android.as.oss/com.google.android.gms.learning.internal.training.InAppJobService
04-26 19:31:58.745  1643  4189 D BackgroundInstallControlService: Package event received: 0
04-26 19:32:00.036  1643  1720 I DisplayDeviceRepository: Display device changed render timings: "Built-in Screen", renderFrameRate=120.00001, presentationDeadlineNanos=11500000, appVsyncOffsetNanos=6233332, frameRateOverrides=[]
04-26 19:32:00.038  1643  1711 D WindowManager: DeferredDisplayUpdater: partially applying DisplayInfo(960 x 2142) immediately
04-26 19:32:02.229  1643  4189 D BackgroundInstallControlService: Package event received: 0
04-26 19:32:02.229  1643  4189 D BackgroundInstallControlService: Package event received: 0
04-26 19:32:07.737  1643  1871 D AppOpHistoryHelper: MetricHandler reporting 53 records.
04-26 19:32:09.046  1643  2242 D ActivityManager: freezing 12325 com.google.android.apps.turbo
04-26 19:32:14.006  1643  4189 D BackgroundInstallControlService: Package event received: 0
04-26 19:32:14.081  1643  4189 D BackgroundInstallControlService: Package event received: 0
04-26 19:32:16.843  1643  4189 D BackgroundInstallControlService: Package event received: 0
04-26 19:32:23.883  1643  4189 D BackgroundInstallControlService: Package event received: 0
04-26 19:32:27.030  1643  1818 W NotificationHistory: Attempted to remove conversation for locked/gone/disabled user 0
04-26 19:32:27.626  4233  5421 D PowerUI : can't show warning due to - plugged: true status unknown: false
04-26 19:32:29.079  1643  4189 D BackgroundInstallControlService: Package event received: 0
04-26 19:32:29.085  1643  4655 D ActivityManager: sync unfroze 12325 com.google.android.apps.turbo for 6
04-26 19:32:29.087  1643  4189 D BackgroundInstallControlService: Package event received: 0
04-26 19:32:32.081  1643  2234 D ActivityManager: sync unfroze 14382 com.google.android.tts for 6
04-26 19:32:32.123  1643  4653 W ProcessStats: Tracking association SourceState{b0b2f99 system/1000 ImpBg #1207410} whose proc state 6 is better than process ProcessState{3aa1f7d com.google.android.tts/10191 pkg=com.google.android.tts} proc state 14 (0 skipped)
04-26 19:32:42.039  1643  4189 D BackgroundInstallControlService: Package event received: 0
04-26 19:32:42.081  1643  4189 D BackgroundInstallControlService: Package event received: 0
04-26 19:32:42.312  1643  2242 D ActivityManager: freezing 14382 com.google.android.tts
04-26 19:32:43.293  4233  5669 D PowerUI : can't show warning due to - plugged: true status unknown: false
04-26 19:32:44.008  4233  8601 D PowerUI : can't show warning due to - plugged: true status unknown: false
04-26 19:32:44.640  1643  4189 D BackgroundInstallControlService: Package event received: 0
04-26 19:32:44.643  1643  4655 D ActivityManager: sync unfroze 11206 com.tailscale.ipn for 6
04-26 19:32:49.086  1643  4189 D BackgroundInstallControlService: Package event received: 0
04-26 19:32:52.544  1643  1821 W ActivityManager: Stale PhantomProcessRecord {f75182c 21449:28965:/0}, removing
04-26 19:32:55.146  4233 11158 D PowerUI : can't show warning due to - plugged: true status unknown: false
04-26 19:32:55.683  4233 12137 D PowerUI : can't show warning due to - plugged: true status unknown: false
04-26 19:32:56.098  1643  4189 D BackgroundInstallControlService: Package event received: 0
04-26 19:32:56.240  4233 13655 D PowerUI : can't show warning due to - plugged: true status unknown: false
04-26 19:32:56.775  4233 15351 D PowerUI : can't show warning due to - plugged: true status unknown: false
04-26 19:32:57.385  1643  1720 I DisplayDeviceRepository: Display device changed render timings: "Built-in Screen", renderFrameRate=60.000004, presentationDeadlineNanos=11500000, appVsyncOffsetNanos=6233332, frameRateOverrides=[{uid=10247 frameRateHz=60.000004}]
04-26 19:32:57.387  1643  1711 D WindowManager: DeferredDisplayUpdater: partially applying DisplayInfo(960 x 2142) immediately
04-26 19:32:58.148  1643  1720 I DisplayDeviceRepository: Display device changed render timings: "Built-in Screen", renderFrameRate=60.000004, presentationDeadlineNanos=11500000, appVsyncOffsetNanos=6233332, frameRateOverrides=[]
04-26 19:32:58.607  4233  4837 D PowerUI : can't show warning due to - plugged: true status unknown: false
04-26 19:32:59.692  1643  2242 D ActivityManager: freezing 11206 com.tailscale.ipn
04-26 19:33:00.046  1643  1720 I DisplayDeviceRepository: Display device changed render timings: "Built-in Screen", renderFrameRate=60.000004, presentationDeadlineNanos=11500000, appVsyncOffsetNanos=6233332, frameRateOverrides=[{uid=10258 frameRateHz=60.000004}]
04-26 19:33:00.797  1643  1720 I DisplayDeviceRepository: Display device changed render timings: "Built-in Screen", renderFrameRate=60.000004, presentationDeadlineNanos=11500000, appVsyncOffsetNanos=6233332, frameRateOverrides=[]
04-26 19:33:09.148  1643  2242 D ActivityManager: freezing 12325 com.google.android.apps.turbo
04-26 19:33:10.142  1643  4189 D BackgroundInstallControlService: Package event received: 0
04-26 19:33:19.130  1643  4189 D BackgroundInstallControlService: Package event received: 0
04-26 19:33:19.137  1643  1670 D ActivityManager: sync unfroze 12325 com.google.android.apps.turbo for 6
04-26 19:33:19.139  1643  4189 D BackgroundInstallControlService: Package event received: 0
04-26 19:33:19.148  1643  1670 W ProcessStats: Tracking association SourceState{9279c6 com.google.android.pixelsystemservice/10261 ImpFg #1207480} whose proc state 5 is better than process ProcessState{5aae1b3 com.google.android.apps.turbo/10149 pkg=com.google.android.apps.turbo} proc state 14 (0 skipped)
04-26 19:33:21.337  1643  4189 D BackgroundInstallControlService: Package event received: 0
04-26 19:33:24.598  1643  1916 W JobScheduler: Job didn't exist in JobStore: 958a7be #u0a120/-1928469257 com.google.android.as.oss/com.google.android.gms.learning.internal.training.InAppJobService
04-26 19:33:24.603  1643  1670 W JobScheduler: Job didn't exist in JobStore: 8cf801f #u0a120/-2127835104 com.google.android.as.oss/com.google.android.gms.learning.internal.training.InAppJobService
