04-10 09:04:29.356   912  2320 D BTAudioSessionAidl: GetSupportedLatencyModes - Supported LatencyMode= LOW_LATENCY FREE
04-10 09:04:29.385  7181  8446 D AidlBufferPool: bufferpool2 0xb4000078d709e2b8 : 4(32768 size) total buffers - 4(32768 size) used buffers - 0/4 (recycle/alloc) - 55/34745 (fetch/transfer)
04-10 09:04:29.526   912  2326 D BTAudioSessionAidl: GetSupportedLatencyModes - Supported LatencyMode= LOW_LATENCY FREE
04-10 09:04:29.566   912  2320 D BTAudioSessionAidl: GetSupportedLatencyModes - Supported LatencyMode= LOW_LATENCY FREE
04-10 09:04:29.656  1244  1244 D AOC     : A3:MSG: tmd3743_device.cc, 997: USF: TMD3743: C/G switch 1 -> 2 d_lux:6.12 w_lux: 15.71 C:0.17 G:0.06
04-10 09:04:29.676  1244  1244 D AOC     : A3:MSG: tmd3743_device.cc, 997: USF: TMD3743: C/G switch 2 -> 1 d_lux:6.18 w_lux: 15.84 C:0.17 G:0.06
04-10 09:04:29.740  1244  1244 D AOC     : F1:onNewMelValues timestamp 135745198058 total data count = 3
04-10 09:04:29.741   912  2282 I AUtl::WakeLock: Acquire: acquired wake lock for aoc_sound_dose
04-10 09:04:29.741   912  2282 I AHal::AocSoundDoseBridge: GetMelDataFromAoc ret_size: 502 fd: 18
04-10 09:04:29.741   912  2282 I AHal::AocSoundDoseBridge: HandlePeriodMelUpdate: 3 records
04-10 09:04:29.742   912  2282 I AUtl::WakeLock: Release: released wake lock for aoc_sound_dose
04-10 09:04:29.743  1244  1244 D AOC     : A3:MSG: controller.cc, 933: CPM_IPC_HOST: ipc: C-F1-AC, cmd ID: 0x00cb, tag: 0x17, rc: 0
04-10 09:04:29.743  1244  1244 D AOC     : F1:BT_Tx (5s)MEL: 85.1  81.6  78.9  71.2  79.9
04-10 09:04:29.764   912  2326 D BTAudioSessionAidl: GetSupportedLatencyModes - Supported LatencyMode= LOW_LATENCY FREE
04-10 09:04:29.774   912  2320 D BTAudioSessionAidl: GetSupportedLatencyModes - Supported LatencyMode= LOW_LATENCY FREE
04-10 09:04:29.792  1519  1540 I pixel-thermal: VIRTUAL-SKIN-CHARGE-WIRED:33.1541 raw data: CLOSE_WEIGHT:1 IS_WLC:0 NO_WLC:1 OPEN_WEIGHT:0 VIRTUAL-SKIN-CHARGE-CLOSE:32154.1 VIRTUAL-SKIN-CHARGE-CLOSE-SUB-0:31925.2 VIRTUAL-SKIN-CHARGE-CLOSE-SUB-1:32154.1 VIRTUAL-SKIN-CHARGE-CLOSE-SUB-2:30513 VIRTUAL-SKIN-CHARGE-LEGACY:32154.1 VIRTUAL-SKIN-CHARGE-OPEN:32680.4 VIRTUAL-SKIN-CHARGE-OPEN-SUB-0:32341.7 VIRTUAL-SKIN-CHARGE-OPEN-SUB-1:32680.4 VIRTUAL-SKIN-CHARGE-OPEN-SUB-2:31697.2 VIRTUAL-SKIN-CHARGE-WIRED:33154.1 WLC_CHECK:1 charging_therm:32214 flash_therm:31099 inner_brightness:0 inner_disp_therm:32173 north_therm:33175 outer_disp_therm:32166 quiet_therm:32013 rfpa_therm:33002 soc_therm:34092 thb_hda:0 
04-10 09:04:29.795  1519  1540 I pixel-thermal: VIRTUAL-SKIN-TOP-SPEAKER: model_input: [32214.00 32173.00 32166.00 31099.00 33175.00 32013.00 33002.00 34092.00 31129.00 ]
04-10 09:04:29.795  1519  1540 I native  : I0000 00:00:1775826269.795344    1540 thermal_tflite_wrapper.cc:261] ThermalTfliteInvoke
04-10 09:04:29.796  1519  1540 I pixel-thermal: VIRTUAL-SKIN-TOP-SPEAKER: model_output: [30314.2 ]
04-10 09:04:29.796  1519  1540 I pixel-thermal: VIRTUAL-SKIN-TOP-SPEAKER: predicted_value: [30314.2 ]
04-10 09:04:29.796  1519  1540 I pixel-thermal: VIRTUAL-SKIN-TOP-SPEAKER:30.3142 raw data: VIRTUAL-SKIN-TOP-SPEAKER:30314.2 charging_therm:32214 flash_therm:31099 inner_disp_therm:32173 north_therm:33175 outer_disp_therm:32166 quiet_therm:32013 rfpa_therm:33002 soc_therm:34092 usb_pwr_therm:31129 
04-10 09:04:29.797  1519  1540 I pixel-thermal: VIRTUAL-SKIN-BOTTOM-SPEAKER: model_input: [32214.00 32173.00 32166.00 31099.00 33175.00 32013.00 33002.00 34092.00 31129.00 ]
04-10 09:04:29.797  1519  1540 I native  : I0000 00:00:1775826269.797208    1540 thermal_tflite_wrapper.cc:261] ThermalTfliteInvoke
04-10 09:04:29.797  1519  1540 I pixel-thermal: VIRTUAL-SKIN-BOTTOM-SPEAKER: model_output: [30233.7 ]
04-10 09:04:29.797  1519  1540 I pixel-thermal: VIRTUAL-SKIN-BOTTOM-SPEAKER: predicted_value: [30233.7 ]
04-10 09:04:29.797  1519  1540 I pixel-thermal: VIRTUAL-SKIN-BOTTOM-SPEAKER:30.2337 raw data: VIRTUAL-SKIN-BOTTOM-SPEAKER:30233.7 charging_therm:32214 flash_therm:31099 inner_disp_therm:32173 north_therm:33175 outer_disp_therm:32166 quiet_therm:32013 rfpa_therm:33002 soc_therm:34092 usb_pwr_therm:31129 
04-10 09:04:29.797  1519  1540 I pixel-thermal: rfpa_therm:33.002 raw data: rfpa_therm:33002 
04-10 09:04:29.798  1519  1540 I pixel-thermal: soc_therm:34.092 raw data: soc_therm:34092 
04-10 09:04:29.799  1519  1540 I pixel-thermal: VIRTUAL-SKIN-CHARGE-PERSIST:33.1541 raw data: CLOSE_WEIGHT:1 IS_WLC:0 NO_WLC:1 OPEN_WEIGHT:0 VIRTUAL-SKIN-CHARGE-LEGACY:32154.1 VIRTUAL-SKIN-CHARGE-PERSIST:33154.1 VIRTUAL-SKIN-CHARGE-WLC-CLOSE:31998.3 VIRTUAL-SKIN-CHARGE-WLC-LEGACY:31998.3 VIRTUAL-SKIN-CHARGE-WLC-OPEN:32324.9 charging_therm:32214 flash_therm:31099 inner_disp_therm:32173 north_therm:33175 outer_disp_therm:32166 quiet_therm:32013 rfpa_therm:33002 soc_therm:34092 
04-10 09:04:29.858  1588  1838 D DisplayWhiteBalanceController: Display cct: 5821.502 Latest ambient cct: 5330.917 Latest ambient lux: 6.0565476 Latest low light bias: 0.43664968 Latest high light bias: 0.0
04-10 09:04:29.859  1588  1776 D ColorDisplayService: DisplayWhiteBalanceTintController animation cancelled
04-10 09:04:29.859  1588  1776 D ColorDisplayService: DisplayWhiteBalanceTintController animation ended: wasCancelled=true toCct=5587 fromCct=5387
04-10 09:04:29.859  1588  1776 D ColorDisplayService: DisplayWhiteBalanceTintController animation started: toCct=5821 fromCct=5500 with duration=3000
04-10 09:04:29.867  3025  3684 I PixelDisplayManager: onDisplayChanged(Inner Display, 1, local:4619827677550801152): screenOn=false, hbmMode=0, br=0.0, product=DeviceProductInfo{name=Common Panel, manufacturerPnpId=GGL, productId=0, modelYear=null, manufactureDate=ManufactureDate{week=1, year=1990}, connectionToSinkType=1, edidStructureMetadata=EdidStructureMetadata{version=0, revision=0}, videoInputType=0}
04-10 09:04:29.874  3025  3684 I PixelDisplayManager: onDisplayChanged(Outer Display, 0, local:4619827677550801153): screenOn=true, hbmMode=0, br=0.013155899, product=DeviceProductInfo{name=Common Panel, manufacturerPnpId=GGL, productId=0, modelYear=null, manufactureDate=ManufactureDate{week=1, year=1990}, connectionToSinkType=1, edidStructureMetadata=EdidStructureMetadata{version=0, revision=0}, videoInputType=0}
04-10 09:04:29.975   912  2320 D BTAudioSessionAidl: GetSupportedLatencyModes - Supported LatencyMode= LOW_LATENCY FREE
04-10 09:04:30.006   912  2326 D BTAudioSessionAidl: GetSupportedLatencyModes - Supported LatencyMode= LOW_LATENCY FREE
04-10 09:04:30.006  1519  1540 I pixel-thermal: VIRTUAL-USB-UI:0 raw data: USB-MINUS-CHARGING:-1085 VIRTUAL-USB-UI:0 charging_therm:32214 usb_pwr_therm:31129 
04-10 09:04:30.006  1519  1540 I pixel-thermal: inner_disp_therm:32.173 raw data: inner_disp_therm:32173 
04-10 09:04:30.007  1519  1540 I pixel-thermal: VIRTUAL-SKIN-OUTER-DISPLAY: model_input: [32214.00 32173.00 32166.00 31099.00 33175.00 32013.00 33002.00 34092.00 31129.00 ]
04-10 09:04:30.007  1519  1540 I native  : I0000 00:00:1775826270.007399    1540 thermal_tflite_wrapper.cc:261] ThermalTfliteInvoke
04-10 09:04:30.008  1519  1540 I pixel-thermal: VIRTUAL-SKIN-OUTER-DISPLAY: model_output: [31839.1 ]
04-10 09:04:30.008  1519  1540 I pixel-thermal: VIRTUAL-SKIN-OUTER-DISPLAY: predicted_value: [31839.1 ]
04-10 09:04:30.008  1519  1540 I pixel-thermal: VIRTUAL-SKIN-OUTER-DISPLAY:31.8391 raw data: VIRTUAL-SKIN-OUTER-DISPLAY:31839.1 charging_therm:32214 flash_therm:31099 inner_disp_therm:32173 north_therm:33175 outer_disp_therm:32166 quiet_therm:32013 rfpa_therm:33002 soc_therm:34092 usb_pwr_therm:31129 
04-10 09:04:30.008  1519  1540 I pixel-thermal: usb_pwr_therm:31.129 raw data: usb_pwr_therm:31129 
04-10 09:04:30.008  1519  1540 I pixel-thermal: outer_disp_therm:32.166 raw data: outer_disp_therm:32166 
04-10 09:04:30.009  1519  1540 I pixel-thermal: VIRTUAL-USB-THROTTLING:0 raw data: USB-MINUS-CHARGING:-1085 VIRTUAL-USB-THROTTLING:0 usb_pwr_therm:31129 
04-10 09:04:30.185   912  2320 D BTAudioSessionAidl: GetSupportedLatencyModes - Supported LatencyMode= LOW_LATENCY FREE
04-10 09:04:30.240  1588  1776 D ColorDisplayService: computeDisplayWhiteBalanceMatrix: cct =5540 matrix =
04-10 09:04:30.240  1588  1776 D ColorDisplayService:        0.961904-0.001446-0.003413 0.000000 0.031012 0.934030-0.012724 0.000000 0.007084 0.002888 0.798767 0.000000 0.000000 0.000000 0.000000 1.000000
04-10 09:04:30.251   912  2326 D BTAudioSessionAidl: GetSupportedLatencyModes - Supported LatencyMode= LOW_LATENCY FREE
04-10 09:04:30.260  3324 13022 I NearbyDiscovery: [trigger-id=ScanEED402CE, feature-id=Sass] NearbyDeviceManager: notifyActiveAudioStatusChanged profile list including BluetoothLeAudio  [CONTEXT service_id=265 ]
04-10 09:04:30.263  3324 13022 D BluetoothA2dp: isA2dpPlaying(XX:XX:XX:XX:6C:43)
04-10 09:04:30.265  3324 13022 I NearbyDiscovery: (REDACTED) [trigger-id=ScanEED402CE, feature-id=Sass] NearbyDeviceManager: notifyActiveAudioStatusChanged check device %s, profile %d, active state:%b
04-10 09:04:30.283  3324  6273 I NearbyDiscovery: (REDACTED) [trigger-id=ScanEED402CE, feature-id=Sass] NearbyDeviceManager: sendMessageViaEventStream, device:%s, eventCode:%s, data:%s, result:%s
04-10 09:04:30.284  3324 12630 I NearbyDiscovery: (REDACTED) %s %s
04-10 09:04:30.314  3324 12579 I NearbyDiscovery: (REDACTED) %s %s
04-10 09:04:30.316  3324 13022 I NearbyDiscovery: (REDACTED) [trigger-id=ScanEED402CE, feature-id=Sass] NearbyDeviceManager: Call onEventStreamResponse for BluetoothDevice with %s
04-10 09:04:30.317  3324 13022 I NearbyDiscovery: (REDACTED) [trigger-id=ScanEED402CE, feature-id=Sass] SassDevice: SetCustomData for device %s to %d result %s
04-10 09:04:30.317  3324 10831 I NearbyFastPair: (REDACTED) %s: setResult to %s, sendLogs:%s
04-10 09:04:30.333  3324 12579 I NearbyDiscovery: (REDACTED) %s %s
04-10 09:04:30.338  3324 13022 I NearbyDiscovery: (REDACTED) [trigger-id=ScanEED402CE, feature-id=Sass] SassDevice %s onEventStream called, eventCode=%d, additionalData=%s
04-10 09:04:30.350  3324 10831 I NearbyFastPair: (REDACTED) AudioFocusMonitor: getAudioFocusAndMediaPlayingPackage, has package : %s
04-10 09:04:30.394   912  2320 D BTAudioSessionAidl: GetSupportedLatencyModes - Supported LatencyMode= LOW_LATENCY FREE
04-10 09:04:30.443  1004  1059 I WifiHAL : Creating message to get link statistics; iface = 47
04-10 09:04:30.482  1004  1004 I WifiHAL : Getting cached scan results, iface handle = 0xb400006fdb012990
04-10 09:04:30.482  1004  1004 E WifiHAL : Creating message to get cached scan results
04-10 09:04:30.484   912  2326 D BTAudioSessionAidl: GetSupportedLatencyModes - Supported LatencyMode= LOW_LATENCY FREE
04-10 09:04:30.486  1004  1004 I WifiHAL : In GetCachedScanResultsCommand::handleResponse
04-10 09:04:30.508  1004  1059 D WifiHAL : Start debug command: mType GET_FEATURE
04-10 09:04:30.508  1004  1059 I WifiHAL : CreateRequest mType = GET_FEATURE
04-10 09:04:30.508  1004  1059 D WifiHAL : In DebugCommand::handleResponse, mType:GET_FEATURE
04-10 09:04:30.508  1004  1059 D WifiHAL : len = 4, expected len = 4
04-10 09:04:30.606   912  2320 D BTAudioSessionAidl: GetSupportedLatencyModes - Supported LatencyMode= LOW_LATENCY FREE
04-10 09:04:30.616  1588  1776 D ColorDisplayService: computeDisplayWhiteBalanceMatrix: cct =5580 matrix =
04-10 09:04:30.616  1588  1776 D ColorDisplayService:        0.964574-0.001334-0.003271 0.000000 0.028669 0.938829-0.012239 0.000000 0.006758 0.002786 0.808446 0.000000 0.000000 0.000000 0.000000 1.000000
04-10 09:04:30.692  1244  1244 D AOC     : A3:MSG: tmd3743_device.cc, 997: USF: TMD3743: C/G switch 1 -> 0 d_lux:7.57 w_lux: 18.39 C:0.19 G:0.08
04-10 09:04:30.717  1244  1244 D AOC     : A3:MSG: tmd3743_device.cc, 997: USF: TMD3743: C/G switch 0 -> 1 d_lux:7.77 w_lux: 18.60 C:0.19 G:0.08
04-10 09:04:30.727   912  2326 D BTAudioSessionAidl: GetSupportedLatencyModes - Supported LatencyMode= LOW_LATENCY FREE
04-10 09:04:30.733  1519  1540 I pixel-thermal: north_therm:33.175 raw data: north_therm:33175 
04-10 09:04:30.777  1008  2323 D StreamHalAidl: [out|ioHandle:13] standby
04-10 09:04:30.778  1008  2323 D StreamHalAidl: [out|ioHandle:13] pause
04-10 09:04:30.778   912  2321 I AHal::Stream: Stop: stop stream primary-playback
04-10 09:04:30.778   912  2321 I AHal::TinyalsaDriverOperations: Stop: pcm_close card_index 0 device 1
04-10 09:04:30.785   912  2321 I AHal::Router: Deactivate: deactivate 400001
04-10 09:04:30.785   912  2321 I AHal::Router: InvalidateLocked: new graph #2609 Edges(1):
04-10 09:04:30.785   912  2321 I AHal::Router:   [direction: 0, use case: deep-buffer-playback, id: 0, use case extras: [aec: false, ns: false], use case attributes: [active track: true][sample_rate: 48000][channel layout: AudioChannelLayout{layoutMask: 3}][format: AudioFormatDescription{type: PCM, pcm: FLOAT_32_BIT, encoding: }], device: bluetooth-a2dp-device, sibling device: , handle: 0xb4000077b399c890, device extras: [source: SYS_RESERVED_INVALID, voice call: false, st aec: false, hac: false, sr: 48000, ch: AudioChannelLayout{layoutMask: 3}, f: AudioFormatDescription{type: PCM, pcm: DEFAULT, encoding: }, hifi: 0], config id: [u: 400002, d:400232], priority: 0000]
04-10 09:04:30.785   912  2321 I AHal::Router: InvalidateLocked: ============ apply graph #2609 [Fri Apr 10 09:04:30 2026] start ============
04-10 09:04:30.786   912  2321 I AHal::DeviceInterface: Disconnect: disconnect primary-playback-0 -> bluetooth-a2dp-device
04-10 09:04:30.792   912  2321 I AHal::AudioRoutePathController: ResetPath: primary-playback-0 -> bluetooth-a2dp-device: true
04-10 09:04:30.792   912  2321 I AHal::Router: LogTransferring: Transferring (1):
04-10 09:04:30.792   912  2321 I AHal::Router: LogTransferring:   primary-playback-0 -> bluetooth-a2dp-device => deep-buffer-playback-0 -> bluetooth-a2dp-device
04-10 09:04:30.793   912  2321 I AHal::AocDspModeAdapter: RemoveRoutes: remove Route:{{use case = primary-playback, device = bluetooth-a2dp-device, source = SYS_RESERVED_INVALID, channel_count = 2}}, current active route: {{use case = deep-buffer-playback, device = bluetooth-a2dp-device, source = SYS_RESERVED_INVALID, channel_count = 2}},
04-10 09:04:30.793   912  2321 I AHal::AocDspModeAdapter: AddRoutes: Active Route:{{use case = deep-buffer-playback, device = bluetooth-a2dp-device, source = SYS_RESERVED_INVALID, channel_count = 2}},
04-10 09:04:30.793   912  2321 I AHal::VoiceCall: Update: set echo reference on bluetooth-a2dp-device for deep-buffer-playback
04-10 09:04:30.793   912  2321 I AHal::Router: InvalidateLocked: ============ apply graph #2609 end ============
04-10 09:04:30.793   912  2321 D AHal::AudioMetric::EventDataHandler: UpdatePlaybackInfo: Updating Playback Info: PlaybackInfo {Route: {audio_source: SYS_RESERVED_INVALID, device: bluetooth-a2dp-device, use_case: deep-buffer-playback}, volume: 0, is_active: 0, sample_rate: 48000, channel_count: 2, audio_format_type: PCM, pcm_type: FLOAT_32_BIT, encoding:  }
04-10 09:04:30.794   912  2321 D AHal::AudioMetric::AtomWriter: WriteAtom: Writing atom to statsd service. Atom: MediaPlaybackUsageAtom: Playback Info: PlaybackInfo {Route: {audio_source: SYS_RESERVED_INVALID, device: bluetooth-a2dp-device, use_case: deep-buffer-playback}, volume: 0, is_active: 0, sample_rate: 48000, channel_count: 2, audio_format_type: PCM, pcm_type: FLOAT_32_BIT, encoding:  Route: {audio_source: SYS_RESERVED_INVALID, device: bluetooth-a2dp-device, use_case: primary-playback}, volume: 0, is_active: 0, sample_rate: 48000, channel_count: 2, audio_format_type: PCM, pcm_type: FLOAT_32_BIT, encoding:  }, Device State: {camera_type: Back, screen_orientation: DEG_0, screen_state: on, folded_type: kClose, in_thermal_throttle_duration_ms: 0, thermal_throttle_count: 0, in_acoustic_shock_duration_ms: 0, acoustic_shock_count: 0, in_battery_adapted_audio_control_duration_ms: 0, battery_adapted_audio_control_count: 0}, duration_second: 4, is_ended: 0
04-10 09:04:30.794   912  2321 D AHal::AudioMetric::EventDataHandler: UpdateCaptureInfo: Updating Capture Info: CaptureInfo: {}
04-10 09:04:30.794   912  2321 D AHal::AudioMetric::EventDataHandler: UpdateCallInfo: Updating Call Info: RoutingInfo:
04-10 09:04:30.794   912  2321 D AHal::AudioMetric::EventDataHandler: Uplink: NULL, 
04-10 09:04:30.794   912  2321 D AHal::AudioMetric::EventDataHandler: Downlink: NULL
04-10 09:04:30.794   912  2321 D AHal::AudioMetric::EventDataHandler: AudioMode: NORMAL
04-10 09:04:30.796   912  2321 I AHal::AocDspModeAdapter: RemoveRoutes: remove Route:{{use case = primary-playback, device = bluetooth-a2dp-device, source = SYS_RESERVED_INVALID, channel_count = 2}}, current active route: {{use case = deep-buffer-playback, device = bluetooth-a2dp-device, source = SYS_RESERVED_INVALID, channel_count = 2}},
04-10 09:04:30.796   912  2321 I ASvc::PeriodicWorker: SetLinkedConfigIds: update linked configs []
04-10 09:04:30.797  1008  2323 D StreamHalAidl: [out|ioHandle:13] flush
04-10 09:04:30.798   912  2321 I ASvc::CommandWorker: cw-primary-playback: Command{flush: Void{}} in StreamOutPausedState
04-10 09:04:30.798   912  2321 I ASvc::StreamOutSyncStates: FlushDataQueue: flush 0 bytes in data queue
04-10 09:04:30.799  1244  1244 D AOC     : F1:MSG: controller.cc, 275: AudioOutCtrl: cmd ID: 0x00c9, tag: 0x65 [cntr = 6618]
04-10 09:04:30.799  1244  1244 D AOC     : F1:MSG: controller.cc, 933: AudioOutCtrl: ipc: audio_output_co, cmd ID: 0x00c9, tag: 0x65, rc: 0
04-10 09:04:30.799  1244  1244 D AOC     : A3:MSG: controller.cc, 933: CPM_IPC_HOST: ipc: C-F1-AC, cmd ID: 0x00cb, tag: 0x18, rc: 0
04-10 09:04:30.800  1244  1244 D AOC     : H0:Mixer AMixBT Input 1 RB overflow. Resyncing.
04-10 09:04:30.800  1244  1244 D AOC     : F1:MSG: controller.cc, 275: AudioOutCtrl: cmd ID: 0x010f, tag: 0x66 [cntr = 6619]
04-10 09:04:30.800  1244  1244 D AOC     : F1:Unregistered Source 1 [Primary] from Sink 2 [Bluetooth]
04-10 09:04:30.800   912  2321 I ASvc::CommandWorker: cw-primary-playback: Command{standby: Void{}} in StreamOutIdleState
04-10 09:04:30.800  1244  1244 D AOC     : F1:AT Map:20 (LL:0), 1 EPs active, Power: No, Config: No
04-10 09:04:30.800  1244  1244 D AOC     : F1:Mixer 2 configuration changed: (20)
04-10 09:04:30.804  1244  1244 D AOC     : F1:Sink 2 Configuration changed: ULL (enabled)
04-10 09:04:30.805  1244  1244 D AOC     : F1:F1 Bitmap updated.
04-10 09:04:30.805  1244  1244 D AOC     : F1:[Idle Tracker] long no idle:[0] average between idle:[0.280703ms] max no idle:[11.772632ms]
04-10 09:04:30.805  1244  1244 D AOC     : F1:MSG: controller.cc, 933: AudioOutCtrl: ipc: audio_output_co, cmd ID: 0x010f, tag: 0x66, rc: 0
04-10 09:04:30.805  1244  1244 D AOC     : H0:Mixer AMixBT: 480 samples (0020/0020) (ON) multi out OFF
04-10 09:04:30.806  1244  1244 D AOC     : H0:	 5: 0x405be2bc
04-10 09:04:30.806  1244  1244 D AOC     : A3:MSG: controller.cc, 933: CPM_IPC_HOST: ipc: C-F1-AC, cmd ID: 0x00cb, tag: 0x19, rc: 0
04-10 09:04:30.907  1588  1838 D DisplayWhiteBalanceController: Display cct: 5984.545 Latest ambient cct: 5330.917 Latest ambient lux: 6.9285464 Latest low light bias: 0.56122094 Latest high light bias: 0.0
04-10 09:04:30.910  1588  1776 D ColorDisplayService: DisplayWhiteBalanceTintController animation cancelled
04-10 09:04:30.910  1588  1776 D ColorDisplayService: DisplayWhiteBalanceTintController animation ended: wasCancelled=true toCct=5821 fromCct=5500
04-10 09:04:30.910  1588  1776 D ColorDisplayService: DisplayWhiteBalanceTintController animation started: toCct=5984 fromCct=5580 with duration=3000
04-10 09:04:30.918  3025  3684 I PixelDisplayManager: onDisplayChanged(Inner Display, 1, local:4619827677550801152): screenOn=false, hbmMode=0, br=0.0, product=DeviceProductInfo{name=Common Panel, manufacturerPnpId=GGL, productId=0, modelYear=null, manufactureDate=ManufactureDate{week=1, year=1990}, connectionToSinkType=1, edidStructureMetadata=EdidStructureMetadata{version=0, revision=0}, videoInputType=0}
04-10 09:04:30.923  3025  3684 I PixelDisplayManager: onDisplayChanged(Outer Display, 0, local:4619827677550801153): screenOn=true, hbmMode=0, br=0.013155899, product=DeviceProductInfo{name=Common Panel, manufacturerPnpId=GGL, productId=0, modelYear=null, manufactureDate=ManufactureDate{week=1, year=1990}, connectionToSinkType=1, edidStructureMetadata=EdidStructureMetadata{version=0, revision=0}, videoInputType=0}
04-10 09:04:30.965   912  2326 D BTAudioSessionAidl: GetSupportedLatencyModes - Supported LatencyMode= LOW_LATENCY FREE
04-10 09:04:31.207   912  2326 D BTAudioSessionAidl: GetSupportedLatencyModes - Supported LatencyMode= LOW_LATENCY FREE
04-10 09:04:31.217  1588  1776 D ColorDisplayService: computeDisplayWhiteBalanceMatrix: cct =5620 matrix =
04-10 09:04:31.217  1588  1776 D ColorDisplayService:        0.967218-0.001222-0.003129 0.000000 0.026350 0.943580-0.011752 0.000000 0.006432 0.002684 0.818099 0.000000 0.000000 0.000000 0.000000 1.000000
04-10 09:04:31.228  3324  6273 I NearbyDiscovery: (REDACTED) [trigger-id=ScanCD30D437] FastPairCache: Bloom filter changed, %s, newData=%s, oldData=%s, scanMode=%s
04-10 09:04:31.253  3324  3324 I NearbyDiscovery: (REDACTED) DiscoveryService onStartCommand action: %s
04-10 09:04:31.254  3324  6273 I NearbyDiscovery: FastPairApiHandler: trigger firmware update check [CONTEXT service_id=265 ]
04-10 09:04:31.255  1588  2673 D BackgroundInstallControlService: Package event received: 0
04-10 09:04:31.259  3324 13041 I NearbyDiscovery: (REDACTED) FastPairApiHandler: Send result, package=(%s), requestType=(%s), status=(%s)
