04-08 00:49:14.997  1673  1673 I A       : makeRequest: subscribing to new source
04-08 00:49:15.003   356   356 D Zygote  : Forked child process 2274
04-08 00:49:15.004   546   577 W ActivityManager: Slow operation: 167ms so far, now at startProcess: returned from zygote!
04-08 00:49:15.004   546   577 W ActivityManager: Slow operation: 168ms so far, now at startProcess: done updating battery stats
04-08 00:49:15.004   546   577 W ActivityManager: Slow operation: 168ms so far, now at startProcess: building log message
04-08 00:49:15.004   546   577 I ActivityManager: Start proc 2274:com.google.android.apps.wallpaper/u0a161 for content provider {com.google.android.apps.wallpaper/com.google.android.apps.wallpaper.provider.RecentWallpapersProvider}
04-08 00:49:15.004   546   577 W ActivityManager: Slow operation: 168ms so far, now at startProcess: starting to update pids map
04-08 00:49:15.004   546   575 D CompatibilityChangeReporter: Compat change id reported: 171306433; UID 1000; state: ENABLED
04-08 00:49:15.006  1539  1941 I ExternalStorageServiceImpl: Ignoring volume state for vol:external_primary. State: checking
04-08 00:49:15.006   546   577 W ActivityManager: Slow operation: 170ms so far, now at startProcess: done updating pids map
04-08 00:49:15.006  1539  1941 V MediaStore: Examining volume emulated;0 with name external_primary and state mounted
04-08 00:49:15.007   546   649 I StorageSessionController: Notifying volume state changed for session with id: emulated;0
04-08 00:49:15.008  1539  1539 V MediaStore: Examining volume emulated;0 with name external_primary and state mounted
04-08 00:49:15.009  1673  2032 D CompatibilityChangeReporter: Compat change id reported: 263076149; UID 10132; state: DISABLED
04-08 00:49:15.009  1673  2032 I A       : Cobalt: try to find ProjectConfig for given tags
04-08 00:49:15.009  1673  1673 I A       : OnCreate Was Called
04-08 00:49:15.009  1673  2032 W A       : Cobalt: couldn't find ProjectConfig for given tags
04-08 00:49:15.009  1673  1673 I A       : getMinusOnePromotion
04-08 00:49:15.010  1202  1254 I AlarmManager: set [name: SystemMemoryCache type: 2 triggerAtMillis: 315360019092 windowMillis: -1 intervalMillis: 0]
04-08 00:49:15.011   546   565 I ServiceWatcher: [GeocoderProxy] connected to {com.google.android.gms/com.google.android.gms.location.geocode.GeocodeService}
04-08 00:49:15.011  1661  2267 I constellation: [sim_state_checker] Handling intent Intent { act=android.intent.action.SIM_STATE_CHANGED flg=0x15000010 pkg=com.google.android.gms cmp=com.google.android.gms/.chimera.GmsIntentOperationService (has extras) }
04-08 00:49:15.012  2137  2137 D CompatibilityChangeReporter: Compat change id reported: 3400644; UID 10131; state: ENABLED
04-08 00:49:15.044  1539  1941 D CompatibilityChangeReporter: Compat change id reported: 194532703; UID 10170; state: ENABLED
04-08 00:49:15.045   762   879 D EGL_emulation: app_time_stats: avg=148.44ms min=0.97ms max=569.20ms count=9
04-08 00:49:15.045  1539  1941 D CompatibilityChangeReporter: Compat change id reported: 253665015; UID 10170; state: ENABLED
04-08 00:49:15.047   546  1897 D CompatibilityChangeReporter: Compat change id reported: 253665015; UID 10170; state: ENABLED
04-08 00:49:15.047   546  1897 D CompatibilityChangeReporter: Compat change id reported: 194532703; UID 10170; state: ENABLED
04-08 00:49:15.063   546   749 D ConnectivityService: requestNetwork for uid/pid:10155/1634 activeRequest: null callbackRequest: 73 [NetworkRequest [ REQUEST id=74, [ Capabilities: INTERNET&NOT_RESTRICTED&TRUSTED&NOT_VCN_MANAGED Uid: 10155 RequestorUid: 10155 RequestorPkg: com.google.android.apps.youtube.music UnderlyingNetworks: Null] ]] callback flags: 0 order: 2147483647
04-08 00:49:15.067   546   682 D ConnectivityService: NetReassign [74 : null → 100] [c 0] [a 1] [i 0]
04-08 00:49:15.069  1673  2031 W A       : Couldn't calculate ClientInstanceId, no account name
04-08 00:49:15.071   546   675 D WifiNetworkFactory: got request NetworkRequest [ REQUEST id=74, [ Capabilities: INTERNET&NOT_RESTRICTED&TRUSTED&NOT_VCN_MANAGED Uid: 10155 RequestorUid: 10155 RequestorPkg: com.google.android.apps.youtube.music UnderlyingNetworks: Null] ]
04-08 00:49:15.072   546   675 D UntrustedWifiNetworkFactory: got request NetworkRequest [ REQUEST id=74, [ Capabilities: INTERNET&NOT_RESTRICTED&TRUSTED&NOT_VCN_MANAGED Uid: 10155 RequestorUid: 10155 RequestorPkg: com.google.android.apps.youtube.music UnderlyingNetworks: Null] ]
04-08 00:49:15.072   546   675 D OemPaidWifiNetworkFactory: got request NetworkRequest [ REQUEST id=74, [ Capabilities: INTERNET&NOT_RESTRICTED&TRUSTED&NOT_VCN_MANAGED Uid: 10155 RequestorUid: 10155 RequestorPkg: com.google.android.apps.youtube.music UnderlyingNetworks: Null] ]
04-08 00:49:15.072   546   675 D MultiInternetWifiNetworkFactory: got request NetworkRequest [ REQUEST id=74, [ Capabilities: INTERNET&NOT_RESTRICTED&TRUSTED&NOT_VCN_MANAGED Uid: 10155 RequestorUid: 10155 RequestorPkg: com.google.android.apps.youtube.music UnderlyingNetworks: Null] ]
04-08 00:49:15.072  1539  1941 V MediaStore: Examining volume emulated;0 with name external_primary and state mounted
04-08 00:49:15.076   546   682 D ConnectivityService: NetReassign [no changes] [c 0] [a 1] [i 0]
04-08 00:49:15.085   546   565 I ServiceWatcher: [HardwareActivityRecognitionProxy] connected to {com.google.android.gms/com.google.android.location.internal.server.HardwareArProviderService}
04-08 00:49:15.089  1661  1661 I NearbySharing: SharingTileService created. [CONTEXT service_id=194 ]
04-08 00:49:15.094   546   736 D CompatibilityChangeReporter: Compat change id reported: 161145287; UID 10131; state: ENABLED
04-08 00:49:15.097  1541  1899 I AiAiAdaptiveAudio: AdaptiveAudioInitializerImpl#initialize(): enter
04-08 00:49:15.098  1541  1899 I AiAiAdaptiveAudio: AdaptiveAudio config updated, new config=AdaptiveAudioConfig{shouldEnableAdaptiveAudio=false, shouldBypassQprCheck=false, shouldLimitCalibration=true, shouldShowDebugNotification=false, userSettingDefaultValue=false, crashOnError=true, shouldShowPromoNotification=false, useSilenceDetectorStateBugFix=false}
04-08 00:49:15.100  1541  1899 I AiAiCaptions: updateBasicComponents::updateBasicComponents()
04-08 00:49:15.105   546   649 W BroadcastLoopers: Found previously unknown looper Thread[StorageManagerService,5,main]
04-08 00:49:15.107  1541  2044 I WM-WorkerWrapper: Work [ id=43a0ce24-fa87-4045-b8c4-bf33420c96e0, tags={ com.google.android.apps.miphone.aiai.chronicle.data.storage.datacache.workmanager.UpdateDataCacheStorageWorker, UpdateDataCacheStorageWorker } ] was cancelled
04-08 00:49:15.107  1541  2044 I WM-WorkerWrapper: java.util.concurrent.CancellationException: Task was cancelled.
04-08 00:49:15.107  1541  2044 I WM-WorkerWrapper: 	at avv.m(PG:2)
04-08 00:49:15.107  1541  2044 I WM-WorkerWrapper: 	at avv.get(PG:2)
04-08 00:49:15.107  1541  2044 I WM-WorkerWrapper: 	at aqu.run(PG:1)
04-08 00:49:15.107  1541  2044 I WM-WorkerWrapper: 	at avk.run(PG:2)
04-08 00:49:15.107  1541  2044 I WM-WorkerWrapper: 	at java.util.concurrent.ThreadPoolExecutor.runWorker(ThreadPoolExecutor.java:1145)
04-08 00:49:15.107  1541  2044 I WM-WorkerWrapper: 	at java.util.concurrent.ThreadPoolExecutor$Worker.run(ThreadPoolExecutor.java:644)
04-08 00:49:15.107  1541  2044 I WM-WorkerWrapper: 	at java.lang.Thread.run(Thread.java:1012)
04-08 00:49:15.112  1541  2044 W WM-Processor: Didn't find WorkSpec for id WorkGenerationalId(workSpecId=43a0ce24-fa87-4045-b8c4-bf33420c96e0, generation=0)
04-08 00:49:15.114   546   649 D StorageManagerService: Volume emulated;0 broadcasting mounted to UserHandle{0}
04-08 00:49:15.117   546   649 D StorageManagerService: Volume emulated;0 broadcasting mounted to UserHandle{0}
04-08 00:49:15.119   467   484 D installd: Found quota mount /dev/block/dm-40 at /data
04-08 00:49:15.119   467   484 D installd: Found quota mount /dev/block/dm-40 at /data/user/0
04-08 00:49:15.119   467   484 D installd: Found quota mount /dev/block/dm-40 at /mnt/pass_through/0/emulated
04-08 00:49:15.120   467   484 D installd: Found storage mount /dev/block/dm-40 at /mnt/pass_through/0/emulated
04-08 00:49:15.120   467   484 D installd: Found storage mount  at /mnt/pass_through/0/emulated
04-08 00:49:15.121  1539  1539 V MediaStore: Examining volume emulated;0 with name external_primary and state mounted
04-08 00:49:15.122  1673  1673 I A       : #startAppFlow
04-08 00:49:15.130  1541  1915 I SP.AiAi : Registering kg_collections_table.21051103, url: https://www.gstatic.com/matchmaker/kg_collections_table/21051103/superpacks_manifest.zip, constraints: *:*:*:*, flags: *, requested: 21051103, current: 21051103
04-08 00:49:15.132  2274  2274 I .apps.wallpaper: Using CollectorTypeCC GC.
04-08 00:49:15.135  2274  2274 W .apps.wallpaper: Unexpected CPU variant for x86: x86_64.
04-08 00:49:15.135  2274  2274 W .apps.wallpaper: Known variants: atom, sandybridge, silvermont, goldmont, goldmont-plus, tremont, kabylake, default
04-08 00:49:15.139  1539  1539 V MediaStore: Examining volume emulated;0 with name external_primary and state mounted
04-08 00:49:15.141  1541  1899 I AiAiCaptions: Would enable com.google.android.apps.miphone.aiai.captions.settingsui.settingsactivity.CaptionsSettingsActivity but already enabled
04-08 00:49:15.147  2261  2261 I android.traceur: Using CollectorTypeCC GC.
04-08 00:49:15.148  2261  2261 W android.traceur: Unexpected CPU variant for x86: x86_64.
04-08 00:49:15.148  2261  2261 W android.traceur: Known variants: atom, sandybridge, silvermont, goldmont, goldmont-plus, tremont, kabylake, default
04-08 00:49:15.150  1673  1673 D CompatibilityChangeReporter: Compat change id reported: 210923482; UID 10132; state: DISABLED
04-08 00:49:15.151  1673  1673 D CompatibilityChangeReporter: Compat change id reported: 37756858; UID 10132; state: ENABLED
04-08 00:49:15.158  1541  1915 I SP.AiAi : Registering actions-ranking-table.211005, url: https://gstatic.com/matchmaker/kg_actions_ranking_table/211005/superpacks_manifest.zip, constraints: *:*:*:*, flags: *, requested: 211005, current: 211005
04-08 00:49:15.158  1541  1899 I AiAiCaptions: Would enable com.google.android.apps.miphone.aiai.captions.CaptionsSettingsActivity but already enabled
04-08 00:49:15.159  1541  1899 I AiAiCaptions: Would enable com.google.android.apps.miphone.aiai.captions.downloadservice.CaptionsDownloadService but already enabled
04-08 00:49:15.163  1541  1915 I SP.AiAi : Registering text-classifier-annotator.272525175, url: https://gstatic.com/matchmaker/tclib_models/annotator/v803/en/superpacks_manifest.zip, constraints: *:*:*:*, flags: *, requested: 272525175, current: 272525175
04-08 00:49:15.164  1541  1899 I AiAiTranslate: Auto Translate initializing...
04-08 00:49:15.164  1541  1915 I SP.AiAi : Registering text-classifier-actions.1140547708, url: https://gstatic.com/matchmaker/tclib_models/actions/v104/en-us/superpacks_manifest.zip, constraints: *:*:*:*, flags: *, requested: 1140547708, current: 1140547708
04-08 00:49:15.165  1541  1915 I SP.AiAi : Registering text-classifier-langid.1941001461, url: https://gstatic.com/matchmaker/tclib_models/langid/v1/superpacks_manifest.zip, constraints: *:*:*:*, flags: *, requested: 1941001461, current: 1941001461
04-08 00:49:15.166  1661  1661 D BoundBrokerSvc: onBind: Intent { act=com.google.android.gms.potokens.service.START dat=chimera-action:/... cmp=com.google.android.gms/.chimera.GmsApiService }
04-08 00:49:15.166  1661  1661 D BoundBrokerSvc: Loading bound service for intent: Intent { act=com.google.android.gms.potokens.service.START dat=chimera-action:/... cmp=com.google.android.gms/.chimera.GmsApiService }
04-08 00:49:15.167   974   974 D TelephonyManager: requestModemActivityInfo: Sending result to app: ModemActivityInfo{ mTimestamp=19248 mSleepTimeMs=0 mIdleTimeMs=19245 mActivityStatsTechSpecificInfo=[{mRat=UNKNOWN,mFrequencyRange=UNKNOWN,mTxTimeMs[]=[0, 0, 0, 0, 0],mRxTimeMs=0}]}
04-08 00:49:15.167  1477  1626 W AutoDndManagerImpl: <DWB> Auto DND support connectionless gcore call timed out
04-08 00:49:15.167  1477  1626 W AutoDndManagerImpl: lnc: Timed out: lkh@b5e9b34[status=PENDING, info=[inputFuture=[iiu@8ca1d5d[status=PENDING, info=[hun@5ef06d2]]], function=[propagating=[chv@34613a3]]]]
04-08 00:49:15.169  1202  1202 I AlarmManager: set [name: SystemMemoryCache type: 2 triggerAtMillis: 315360019250 windowMillis: -1 intervalMillis: 0]
04-08 00:49:15.175  1541  1861 I AiAiEcho: Predicting[0]: 
04-08 00:49:15.175  1541  1861 I AiAiEcho: EchoTargets: 
04-08 00:49:15.175  1541  1861 I AiAiEcho: Filtered by AiAi flag check: 
04-08 00:49:15.176  1541  1861 I AiAiEcho: Ranked targets strategy: SORT, count: 0, ranking metadata: 
04-08 00:49:15.177  1541  1861 I AiAiEcho: Predicting[0]: 
04-08 00:49:15.177  1541  1861 I AiAiEcho: EchoTargets: 
04-08 00:49:15.177  1541  1861 I AiAiEcho: Filtered by AiAi flag check: 
04-08 00:49:15.178  1541  1861 I AiAiEcho: Ranked targets strategy: SORT, count: 0, ranking metadata: 
04-08 00:49:15.178  1541  1861 I AiAiEcho: #postPredictionTargets: Sending updates to UISurface home with targets# 0 (types=[])
04-08 00:49:15.179  1202  1202 W SystemServiceRegistry: No service published for: contexthub
04-08 00:49:15.180  1541  1956 E AiAiEcho: Reading elements from Geller failed with cause
04-08 00:49:15.180  1541  1956 E AiAiEcho: esy: Code: UNKNOWN, Message: Geller data fetch is not enabled
04-08 00:49:15.180  1541  1956 E AiAiEcho: 	at etd.a(PG:1)
04-08 00:49:15.180  1541  1956 E AiAiEcho: 	at glo.b(PG:4)
04-08 00:49:15.180  1541  1956 E AiAiEcho: 	at qyc.e(PG:4)
04-08 00:49:15.180  1541  1956 E AiAiEcho: 	at reo.run(PG:8)
04-08 00:49:15.180  1541  1956 E AiAiEcho: 	at java.util.concurrent.Executors$RunnableAdapter.call(Executors.java:487)
04-08 00:49:15.180  1541  1956 E AiAiEcho: 	at java.util.concurrent.FutureTask.run(FutureTask.java:264)
04-08 00:49:15.180  1541  1956 E AiAiEcho: 	at java.util.concurrent.ScheduledThreadPoolExecutor$ScheduledFutureTask.run(ScheduledThreadPoolExecutor.java:307)
04-08 00:49:15.180  1541  1956 E AiAiEcho: 	at java.util.concurrent.ThreadPoolExecutor.runWorker(ThreadPoolExecutor.java:1145)
04-08 00:49:15.180  1541  1956 E AiAiEcho: 	at java.util.concurrent.ThreadPoolExecutor$Worker.run(ThreadPoolExecutor.java:644)
04-08 00:49:15.180  1541  1956 E AiAiEcho: 	at dgq.run(PG:67)
04-08 00:49:15.180  1541  1956 E AiAiEcho: 	at java.lang.Thread.run(Thread.java:1012)
04-08 00:49:15.180  1541  1861 I AiAiEcho: #postPredictionTargets: Sending updates to UISurface home with targets# 0 (types=[])
04-08 00:49:15.190  1202  1202 W Settings: Setting airplane_mode_on has moved from android.provider.Settings.System to android.provider.Settings.Global, returning read-only value.
04-08 00:49:15.196  1661  1661 D BoundBrokerSvc: onBind: Intent { act=com.google.android.gms.common.BIND_SHARED_PREFS pkg=com.google.android.gms }
04-08 00:49:15.196  1661  1661 D BoundBrokerSvc: Loading bound service for intent: Intent { act=com.google.android.gms.common.BIND_SHARED_PREFS pkg=com.google.android.gms }
04-08 00:49:15.202  1541  2290 I LPAutoUpdateWorker: #doWork
04-08 00:49:15.203  1541  2321 I AiAiTextClassifier: [ResourceDownloaderImpl]: downloadResource(): Successfully loaded embedded superpacks manifest for 'kg_collections_table' (download version 21051103), starting to download superpack.
04-08 00:49:15.203  1661  2278 I NearbySharing: Create pesudo logger. [CONTEXT service_id=194 ]
04-08 00:49:15.204  2261  2261 E android.traceur: Not starting debugger since process cannot load the jdwp agent.
04-08 00:49:15.204  2274  2274 E .apps.wallpaper: Not starting debugger since process cannot load the jdwp agent.
04-08 00:49:15.213   546  1897 D CompatibilityChangeReporter: Compat change id reported: 168419799; UID 10116; state: DISABLED
04-08 00:49:15.213   546  1897 D CompatibilityChangeReporter: Compat change id reported: 273564678; UID 10116; state: DISABLED
04-08 00:49:15.218  1541  2323 I AiAiTextClassifier: [ResourceDownloaderImpl]: downloadResource(): Successfully loaded embedded superpacks manifest for 'text-classifier-annotator' (download version 272525175), starting to download superpack.
04-08 00:49:15.219  1539  2285 I MediaProvider: Begin Intent { act=com.android.providers.media.action.SCAN_VOLUME (has extras) }
04-08 00:49:15.220   546   560 D CompatibilityChangeReporter: Compat change id reported: 168419799; UID 10161; state: DISABLED
04-08 00:49:15.220   546   560 D CompatibilityChangeReporter: Compat change id reported: 273564678; UID 10161; state: DISABLED
04-08 00:49:15.221  1661  1661 D BoundBrokerSvc: onBind: Intent { act=com.google.android.gms.credential.manager.service.firstparty.START dat=chimera-action:/... cmp=com.google.android.gms/.chimera.GmsApiService }
04-08 00:49:15.221  1661  1661 D BoundBrokerSvc: Loading bound service for intent: Intent { act=com.google.android.gms.credential.manager.service.firstparty.START dat=chimera-action:/... cmp=com.google.android.gms/.chimera.GmsApiService }
04-08 00:49:15.233  1272  2326 I PhoneAccountHandleMigrationUtils_CallLogDatabaseHelper: updatePhoneAccountHandleMigrationPendingStatus false
04-08 00:49:15.235  1673  1673 I A       : #endAppFlow
04-08 00:49:15.235  1673  1673 I A       : getAccountMenuPromotion
04-08 00:49:15.240   546   619 D CompatibilityChangeReporter: Compat change id reported: 265195908; UID 10116; state: ENABLED
04-08 00:49:15.240   546   619 D CompatibilityChangeReporter: Compat change id reported: 265195908; UID 10161; state: ENABLED
04-08 00:49:15.257  1673  2056 I A       : #enqueuePeriodicJob: running = false
04-08 00:49:15.273   546   749 D ConnectivityService: requestNetwork for uid/pid:10155/1634 activeRequest: null callbackRequest: 76 [NetworkRequest [ REQUEST id=77, [ Capabilities: INTERNET&NOT_RESTRICTED&TRUSTED&NOT_VCN_MANAGED Uid: 10155 RequestorUid: 10155 RequestorPkg: com.google.android.apps.youtube.music UnderlyingNetworks: Null] ]] callback flags: 0 order: 2147483647
04-08 00:49:15.274   546   682 D ConnectivityService: NetReassign [77 : null → 100] [c 0] [a 0] [i 1]
04-08 00:49:15.274   546   675 D WifiNetworkFactory: got request NetworkRequest [ REQUEST id=77, [ Capabilities: INTERNET&NOT_RESTRICTED&TRUSTED&NOT_VCN_MANAGED Uid: 10155 RequestorUid: 10155 RequestorPkg: com.google.android.apps.youtube.music UnderlyingNetworks: Null] ]
04-08 00:49:15.274   546   675 D UntrustedWifiNetworkFactory: got request NetworkRequest [ REQUEST id=77, [ Capabilities: INTERNET&NOT_RESTRICTED&TRUSTED&NOT_VCN_MANAGED Uid: 10155 RequestorUid: 10155 RequestorPkg: com.google.android.apps.youtube.music UnderlyingNetworks: Null] ]
04-08 00:49:15.274   546   675 D OemPaidWifiNetworkFactory: got request NetworkRequest [ REQUEST id=77, [ Capabilities: INTERNET&NOT_RESTRICTED&TRUSTED&NOT_VCN_MANAGED Uid: 10155 RequestorUid: 10155 RequestorPkg: com.google.android.apps.youtube.music UnderlyingNetworks: Null] ]
04-08 00:49:15.274   546   675 D MultiInternetWifiNetworkFactory: got request NetworkRequest [ REQUEST id=77, [ Capabilities: INTERNET&NOT_RESTRICTED&TRUSTED&NOT_VCN_MANAGED Uid: 10155 RequestorUid: 10155 RequestorPkg: com.google.android.apps.youtube.music UnderlyingNetworks: Null] ]
04-08 00:49:15.275  1673  2084 I A       : loading data on surface MinusOne.
04-08 00:49:15.278  1661  1661 D BoundBrokerSvc: onUnbind: Intent { act=com.google.android.gms.common.BIND_SHARED_PREFS pkg=com.google.android.gms }
04-08 00:49:15.279   546  1632 D CompatibilityChangeReporter: Compat change id reported: 161145287; UID 10120; state: DISABLED
04-08 00:49:15.288  1541  2324 I AiAiTextClassifier: [ResourceDownloaderImpl]: downloadResource(): Successfully loaded embedded superpacks manifest for 'text-classifier-actions' (download version 1140547708), starting to download superpack.
04-08 00:49:15.289  2137  2288 W .apps.messaging: Accessing hidden field Ljava/util/Collections$SynchronizedCollection;->mutex:Ljava/lang/Object; (max-target-o, reflection, denied)
04-08 00:49:15.290  2137  2288 W .apps.messaging: Accessing hidden method Ljava/util/Collections$SynchronizedSet;-><init>(Ljava/util/Set;Ljava/lang/Object;)V (max-target-o, reflection, denied)
04-08 00:49:15.290  2137  2288 W .apps.messaging: Accessing hidden method Ljava/util/Collections$SynchronizedCollection;-><init>(Ljava/util/Collection;Ljava/lang/Object;)V (max-target-o, reflection, denied)
04-08 00:49:15.292  1661  2276 W SQLiteLog: (28) double-quoted string literal: "1775450955291"
04-08 00:49:15.292  1661  2276 W SQLiteLog: (28) double-quoted string literal: "1"
04-08 00:49:15.292  1539  2285 V MediaProvider: onConfigure() for internal.db
04-08 00:49:15.295  1272  2326 I CallLogProvider: Syncing call composer pics -- source user=0, isShadow=true, forAllUser=false
04-08 00:49:15.295  1272  2326 I CallLogProvider: Fetching list of Uris to sync
04-08 00:49:15.296  1539  2285 V MediaProvider: onOpen() for internal.db
04-08 00:49:15.297  1272  2326 I CallLogProvider: Will sync following Uris:[]
04-08 00:49:15.297  1272  2326 I CallLogProvider: Syncing call composer pics -- got []
04-08 00:49:15.300  1202  1202 E NanoAppLogging: Failed to begin contexthub communication
04-08 00:49:15.303  2261  2261 D CompatibilityChangeReporter: Compat change id reported: 171979766; UID 10116; state: ENABLED
04-08 00:49:15.303  2261  2261 D CompatibilityChangeReporter: Compat change id reported: 242716250; UID 10116; state: DISABLED
04-08 00:49:15.306  1549  2069 I CarrierServices: [57] bscd.z: (Sim): SIM changed: false. current id: redacted-pii:sim_id[chars:20,last3:897]; stored id: redacted-pii:sim_id[chars:20,last3:897]; isFiDevice: false; subId: 1; slotIndex: 0
04-08 00:49:15.307   546  1896 D CompatibilityChangeReporter: Compat change id reported: 170503758; UID 10116; state: ENABLED
04-08 00:49:15.308  2261  2261 D CompatibilityChangeReporter: Compat change id reported: 3400644; UID 10116; state: DISABLED
04-08 00:49:15.310  2137  2137 I cjbs    : SslGuard completed installation.
04-08 00:49:15.312  1549  2069 D CompatibilityChangeReporter: Compat change id reported: 247079863; UID 10131; state: ENABLED
04-08 00:49:15.313  2261  2261 D ApplicationLoaders: Returning zygote-cached class loader: /system_ext/framework/androidx.window.extensions.jar
04-08 00:49:15.313  2261  2261 D ApplicationLoaders: Returning zygote-cached class loader: /system_ext/framework/androidx.window.sidecar.jar
04-08 00:49:15.326  1541  2322 I AiAiTextClassifier: [ResourceDownloaderImpl]: downloadResource(): Successfully loaded embedded superpacks manifest for 'actions-ranking-table' (download version 211005), starting to download superpack.
04-08 00:49:15.329   546   565 I ServiceWatcher: [GeofenceProxy] connected to {com.google.android.gms/com.google.android.location.internal.GoogleLocationManagerService}
04-08 00:49:15.332  2261  2261 D nativeloader: Configuring clns-shared-6 for other apk /system/app/Traceur/Traceur.apk. target_sdk_version=33, uses_libraries=, library_path=/system/app/Traceur/lib/x86_64:/system/lib64:/system_ext/lib64, permitted_path=/data:/mnt/expand:/data/user/0/com.android.traceur:/system/app/Traceur:/system/lib64:/system_ext/lib64
04-08 00:49:15.335   546  1628 D CompatibilityChangeReporter: Compat change id reported: 261072174; UID 1000; state: ENABLED
04-08 00:49:15.335   546  1624 W JobScheduler: Job didn't exist in JobStore: 9035561 #u0a127/129 com.google.android.as/androidx.work.impl.background.systemjob.SystemJobService
04-08 00:49:15.337  1541  2325 I AiAiTextClassifier: [ResourceDownloaderImpl]: downloadResource(): Successfully loaded embedded superpacks manifest for 'text-classifier-langid' (download version 1941001461), starting to download superpack.
04-08 00:49:15.341  1541  2318 I AiAiCaptions: initialize(): check availability of mandatory languages models: [en_US].
04-08 00:49:15.342  1541  1915 I SP.AiAi : Syncing kg_collections_table (21051103) with slices: [collections_table_main_21980965fbd997111d89f86c16e9e090], metadata: false
04-08 00:49:15.343  1541  1915 I SP.AiAi : Syncing text-classifier-annotator (272525175) with slices: [tc_model_a3d2c1298643d7cc3b5703308fd5b2d0], metadata: false
04-08 00:49:15.351   546  1087 D CompatibilityChangeReporter: Compat change id reported: 261072174; UID 10131; state: ENABLED
04-08 00:49:15.352   546  1703 D CompatibilityChangeReporter: Compat change id reported: 261072174; UID 10155; state: DISABLED
04-08 00:49:15.355  1673  1673 V MediaRouter: Selecting route: RouteInfo{ name=Phone, description=null, status=null, category=RouteCategory{ name=System types=ROUTE_TYPE_LIVE_AUDIO ROUTE_TYPE_LIVE_VIDEO  groupable=false }, supportedTypes=ROUTE_TYPE_LIVE_AUDIO ROUTE_TYPE_LIVE_VIDEO , presentationDisplay=null }
04-08 00:49:15.356   546  1703 D CompatibilityChangeReporter: Compat change id reported: 261072174; UID 10128; state: DISABLED
04-08 00:49:15.359   546  1703 D CompatibilityChangeReporter: Compat change id reported: 161145287; UID 10128; state: DISABLED
04-08 00:49:15.359   546  1703 D CompatibilityChangeReporter: Compat change id reported: 161145287; UID 10128; state: ENABLED
04-08 00:49:15.360   546   565 I ServiceWatcher: [RealLocationTimeZoneProviderProxy] connected to {com.google.android.gms/com.google.android.gms.geotimezone.GeoTimeZoneService}
04-08 00:49:15.360  1541  1915 I SP.AiAi : Syncing text-classifier-actions (1140547708) with slices: [tc_model_e202592534082c01f9642f709a627dd9], metadata: false
04-08 00:49:15.362  1541  2376 W AiAiFed : [AiAi SimpleStorage Federated Collection] Cancelling training failed [mode=FEDERATION, population=aiai/sysimg/pecanconversationsessionevents, session=pecanconversationsessionevents]
04-08 00:49:15.362  1541  2376 W AiAiFed : qhi: UNKNOWN
04-08 00:49:15.362  1541  2376 W AiAiFed : 	at qhg.i(Unknown Source:2)
04-08 00:49:15.362  1541  2376 W AiAiFed : 	at qur.Q(PG:2)
04-08 00:49:15.362  1541  2376 W AiAiFed : 	at qkv.a(PG:3)
04-08 00:49:15.362  1541  2376 W AiAiFed : 	at qlo.run(PG:2)
04-08 00:49:15.362  1541  2376 W AiAiFed : 	at qqt.run(PG:2)
04-08 00:49:15.362  1541  2376 W AiAiFed : 	at java.util.concurrent.ThreadPoolExecutor.runWorker(ThreadPoolExecutor.java:1145)
04-08 00:49:15.362  1541  2376 W AiAiFed : 	at java.util.concurrent.ThreadPoolExecutor$Worker.run(ThreadPoolExecutor.java:644)
04-08 00:49:15.362  1541  2376 W AiAiFed : 	at java.lang.Thread.run(Thread.java:1012)
04-08 00:49:16.103     0     0 I binder  : 2370:2370 transaction credentials failed
04-08 00:49:15.363  1541  2378 W AiAiFed : [AiAi SimpleStorage Federated Collection] Cancelling training failed [mode=FEDERATION, population=aiai/sysimg/pecanconversationfragmentevents, session=pecanconversationfragmentevents]
04-08 00:49:15.363  1541  2378 W AiAiFed : qhi: UNKNOWN
04-08 00:49:15.363  1541  2378 W AiAiFed : 	at qhg.i(Unknown Source:2)
04-08 00:49:15.363  1541  2378 W AiAiFed : 	at qur.Q(PG:2)
04-08 00:49:15.363  1541  2378 W AiAiFed : 	at qkv.a(PG:3)
04-08 00:49:15.363  1541  2378 W AiAiFed : 	at qlo.run(PG:2)
04-08 00:49:15.363  1541  2378 W AiAiFed : 	at qqt.run(PG:2)
04-08 00:49:15.363  1541  2378 W AiAiFed : 	at java.util.concurrent.ThreadPoolExecutor.runWorker(ThreadPoolExecutor.java:1145)
04-08 00:49:15.363  1541  2378 W AiAiFed : 	at java.util.concurrent.ThreadPoolExecutor$Worker.run(ThreadPoolExecutor.java:644)
04-08 00:49:15.363  1541  2378 W AiAiFed : 	at java.lang.Thread.run(Thread.java:1012)
04-08 00:49:15.363  1541  2377 W AiAiFed : [AiAi SimpleStorage Federated Collection] Cancelling training failed [mode=FEDERATION, population=aiai/sysimg/pecanconversationfragmentevents, session=pecanconversationfragmentevents]
04-08 00:49:15.363  1541  2377 W AiAiFed : java.lang.IllegalArgumentException: Unsupported response code3
04-08 00:49:15.363  1541  2377 W AiAiFed : 	at hci.run(PG:38)
04-08 00:49:15.363  1541  2377 W AiAiFed : 	at java.util.concurrent.ThreadPoolExecutor.runWorker(ThreadPoolExecutor.java:1145)
04-08 00:49:15.363  1541  2377 W AiAiFed : 	at java.util.concurrent.ThreadPoolExecutor$Worker.run(ThreadPoolExecutor.java:644)
04-08 00:49:15.363  1541  2377 W AiAiFed : 	at java.lang.Thread.run(Thread.java:1012)
04-08 00:49:15.363  1202  1202 D BoundBrokerSvc: onBind: Intent { act=com.google.android.contextmanager.service.ContextManagerService.START pkg=com.google.android.gms }
04-08 00:49:15.363  1202  1202 D BoundBrokerSvc: Loading bound service for intent: Intent { act=com.google.android.contextmanager.service.ContextManagerService.START pkg=com.google.android.gms }
04-08 00:49:15.371  1549  2069 I CarrierServices: [57] bscd.S: (Sim): Skipping writing to Msisdn because this is not main bugle process.
04-08 00:49:15.373  2370  2370 E Parcel  : Reading a NULL string not supported here.
04-08 00:49:15.377  1549  2069 I CarrierServices: [57] bscd.z: (Sim): Updated SIM info: currentSimId: redacted-pii:sim_id[chars:20,last3:897]; imsi: redacted-pii:imsi[chars:15]; rawMsisdn: redacted-pii:phone_number[chars:12,last2:67]; formattedMsisdn: redacted-pii:phone_number[chars:0,last2:]; mccmnc: redacted-pii:sim_operator[chars:6]; gid1: redacted-pii:sim_gid[chars:0]; isFiDevice: false; subId: 1; slotIndex: 0
04-08 00:49:15.377  2370  2370 E IPCThreadState: Binder transaction failure: 51080/29201/-1
04-08 00:49:15.379  2370  2370 E IPCThreadState: Binder transaction failure: 51086/29201/-1
04-08 00:49:15.381  2370  2370 E IPCThreadState: Binder transaction failure: 51091/29201/-1
04-08 00:49:15.382  2274  2274 D CompatibilityChangeReporter: Compat change id reported: 171979766; UID 10161; state: ENABLED
04-08 00:49:15.382  2274  2274 D CompatibilityChangeReporter: Compat change id reported: 242716250; UID 10161; state: ENABLED
04-08 00:49:15.382  2370  2370 E IPCThreadState: Binder transaction failure: 51095/29201/-1
04-08 00:49:15.383  1673  1673 I MediaRouter: Skip setBluetoothA2dpOn(): types=8388615, isPlaybackActive()=false, BT route=null
04-08 00:49:15.384  2370  2370 E IPCThreadState: Binder transaction failure: 51114/29201/-1
04-08 00:49:15.384  2370  2370 E IPCThreadState: Binder transaction failure: 51119/29201/-1
04-08 00:49:15.385  2370  2370 E IPCThreadState: Binder transaction failure: 51124/29201/-1
04-08 00:49:15.386  2261  2261 V GraphicsEnvironment: Currently set values for:
04-08 00:49:15.386  2261  2261 V GraphicsEnvironment:   angle_gl_driver_selection_pkgs=[]
04-08 00:49:15.386  2261  2261 V GraphicsEnvironment:   angle_gl_driver_selection_values=[]
04-08 00:49:15.386  2370  2370 E IPCThreadState: Binder transaction failure: 51142/29201/-1
04-08 00:49:15.387   546   606 D CompatibilityChangeReporter: Compat change id reported: 170503758; UID 10161; state: ENABLED
04-08 00:49:15.387  2370  2370 E IPCThreadState: Binder transaction failure: 51156/29201/-1
04-08 00:49:15.388  2370  2370 E IPCThreadState: Binder transaction failure: 51161/29201/-1
04-08 00:49:15.388  2370  2370 E IPCThreadState: Binder transaction failure: 51167/29201/-1
04-08 00:49:15.388  2370  2370 E IPCThreadState: Binder transaction failure: 51171/29201/-1
04-08 00:49:15.388  2370  2370 E IPCThreadState: Binder transaction failure: 51177/29201/-1
04-08 00:49:15.389  2261  2261 V GraphicsEnvironment: ANGLE GameManagerService for com.android.traceur: false
04-08 00:49:15.389  2261  2261 V GraphicsEnvironment: com.android.traceur is not listed in per-application setting
04-08 00:49:15.389  2261  2261 V GraphicsEnvironment: Neither updatable production driver nor prerelease driver is supported.
04-08 00:49:15.390  2274  2274 D nativeloader: Configuring clns-shared-6 for other apk /system/framework/org.apache.http.legacy.jar. target_sdk_version=34, uses_libraries=ALL, library_path=/system_ext/priv-app/WallpaperPickerGoogleRelease/lib/x86_64:/system/lib64:/system_ext/lib64, permitted_path=/data:/mnt/expand:/data/user/0/com.google.android.apps.wallpaper:/system_ext/priv-app/WallpaperPickerGoogleRelease:/system/lib64:/system_ext/lib64
04-08 00:49:15.391  2274  2274 D ApplicationLoaders: Returning zygote-cached class loader: /system_ext/framework/androidx.window.extensions.jar
04-08 00:49:15.391  2274  2274 D ApplicationLoaders: Returning zygote-cached class loader: /system_ext/framework/androidx.window.sidecar.jar
04-08 00:49:15.391  1731  1731 D CompatibilityChangeReporter: Compat change id reported: 147600208; UID 10138; state: ENABLED
04-08 00:49:15.392  2370  2370 E IPCThreadState: Binder transaction failure: 51217/29201/-1
04-08 00:49:15.392  2370  2370 E IPCThreadState: Binder transaction failure: 51221/29201/-1
04-08 00:49:15.392  2370  2370 E IPCThreadState: Binder transaction failure: 51225/29201/-1
04-08 00:49:15.392  2370  2370 E IPCThreadState: Binder transaction failure: 51229/29201/-1
04-08 00:49:15.392  2370  2370 E IPCThreadState: Binder transaction failure: 51233/29201/-1
04-08 00:49:15.392  2370  2370 E IPCThreadState: Binder transaction failure: 51237/29201/-1
04-08 00:49:15.392  2370  2370 E IPCThreadState: Binder transaction failure: 51241/29201/-1
04-08 00:49:15.392  2370  2370 E IPCThreadState: Binder transaction failure: 51245/29201/-1
04-08 00:49:15.393  2370  2370 E IPCThreadState: Binder transaction failure: 51249/29201/-1
04-08 00:49:15.393  2370  2370 E IPCThreadState: Binder transaction failure: 51253/29201/-1
04-08 00:49:15.393  2370  2370 E IPCThreadState: Binder transaction failure: 51257/29201/-1
04-08 00:49:15.393  2370  2370 E IPCThreadState: Binder transaction failure: 51261/29201/-1
04-08 00:49:15.396  1477  1642 W cwh     : <DWB> Can't determine if this device supports Auto DND 
04-08 00:49:15.396  1477  1642 W cwh     : <DWB> Schedule a retry to determine if this device supports Auto DND
04-08 00:49:15.397  1477  1626 I WM-WorkerWrapper: Worker result RETRY for Work [ id=5a898be4-0adb-46cb-81af-2fcb0b205dbd, tags={ com.google.apps.tiktok.contrib.work.TikTokListenableWorker, TikTokWorker#com.google.android.apps.wellbeing.autodnd.SettingsInjectionWorker } ]
04-08 00:49:15.401  2370  2370 E IPCThreadState: Binder transaction failure: 51290/29201/-1
04-08 00:49:15.401  2370  2370 E IPCThreadState: Binder transaction failure: 51295/29201/-1
04-08 00:49:15.401  2370  2370 E IPCThreadState: Binder transaction failure: 51300/29201/-1
04-08 00:49:15.401  2370  2370 E IPCThreadState: Binder transaction failure: 51305/29201/-1
04-08 00:49:15.401  2370  2370 E IPCThreadState: Binder transaction failure: 51309/29201/-1
04-08 00:49:15.401  2370  2370 E IPCThreadState: Binder transaction failure: 51313/29201/-1
04-08 00:49:15.402   546   606 D CompatibilityChangeReporter: Compat change id reported: 183164979; UID 10138; state: ENABLED
04-08 00:49:15.405  1673  1673 I MediaRouter: Found default route: MediaRouter.RouteInfo{ uniqueId=android/androidx.mediarouter.a.ck:DEFAULT_ROUTE, name=Phone, description=null, iconUri=null, enabled=true, connectionState=0, canDisconnect=false, playbackType=0, playbackStream=3, deviceType=0, volumeHandling=1, volume=5, volumeMax=15, presentationDisplayId=-1, extras=null, settingsIntent=null, providerPackageName=android }
04-08 00:49:15.405  1673  1673 I MediaRouter: Unselecting the current route because it is no longer selectable: null
04-08 00:49:15.406  2274  2274 D nativeloader: Configuring clns-shared-7 for other apk /system_ext/priv-app/WallpaperPickerGoogleRelease/WallpaperPickerGoogleRelease.apk. target_sdk_version=34, uses_libraries=, library_path=/system_ext/priv-app/WallpaperPickerGoogleRelease/lib/x86_64:/system/lib64:/system_ext/lib64, permitted_path=/data:/mnt/expand:/data/user/0/com.google.android.apps.wallpaper:/system_ext/priv-app/WallpaperPickerGoogleRelease:/system/lib64:/system_ext/lib64
04-08 00:49:15.409  2370  2370 E IPCThreadState: Binder transaction failure: 51388/29201/-1
04-08 00:49:15.409  2370  2370 E IPCThreadState: Binder transaction failure: 51393/29201/-1
04-08 00:49:15.411  2370  2370 E Parcel  : Reading a NULL string not supported here.
04-08 00:49:15.414  2370  2370 E Parcel  : Reading a NULL string not supported here.
04-08 00:49:15.415  2370  2370 E Parcel  : Reading a NULL string not supported here.
04-08 00:49:15.418  2370  2370 E Parcel  : Reading a NULL string not supported here.
04-08 00:49:15.418  2137  2360 W BugleDatabase: DatabaseWrapperSlowdown: ****Database Slowdown applied with pre/post slowdown times (milliseconds) of: 0 0
04-08 00:49:15.419  2370  2370 E Parcel  : Reading a NULL string not supported here.
04-08 00:49:15.420  2370  2370 E Parcel  : Reading a NULL string not supported here.
04-08 00:49:15.420  2370  2370 E Parcel  : Reading a NULL string not supported here.
04-08 00:49:15.420  2370  2370 E Parcel  : Reading a NULL string not supported here.
04-08 00:49:15.421  1541  2375 W AiAiFed : [AiAi SimpleStorage Federated Collection] Cancelling training failed [mode=FEDERATION, population=aiai/sysimg/pecanconversationsessionevents, session=pecanconversationsessionevents]
04-08 00:49:15.421  1541  2375 W AiAiFed : java.lang.IllegalArgumentException: Unsupported response code3
04-08 00:49:15.421  1541  2375 W AiAiFed : 	at hci.run(PG:38)
04-08 00:49:15.421  1541  2375 W AiAiFed : 	at java.util.concurrent.ThreadPoolExecutor.runWorker(ThreadPoolExecutor.java:1145)
04-08 00:49:15.421  1541  2375 W AiAiFed : 	at java.util.concurrent.ThreadPoolExecutor$Worker.run(ThreadPoolExecutor.java:644)
04-08 00:49:15.421  1541  2375 W AiAiFed : 	at java.lang.Thread.run(Thread.java:1012)
04-08 00:49:15.421  2370  2370 E Parcel  : Reading a NULL string not supported here.
04-08 00:49:15.422  2370  2370 E Parcel  : Reading a NULL string not supported here.
04-08 00:49:15.422  1541  2385 W AiAiFed : [AiAi SimpleStorage Federated Collection] Cancelling training failed [mode=FEDERATION, population=aiai/sysimg/ambientcontext, session=ambientcontext]
04-08 00:49:15.422  1541  2385 W AiAiFed : java.lang.IllegalArgumentException: Unsupported response code3
04-08 00:49:15.422  1541  2385 W AiAiFed : 	at hci.run(PG:38)
04-08 00:49:15.422  1541  2385 W AiAiFed : 	at java.util.concurrent.ThreadPoolExecutor.runWorker(ThreadPoolExecutor.java:1145)
04-08 00:49:15.422  1541  2385 W AiAiFed : 	at java.util.concurrent.ThreadPoolExecutor$Worker.run(ThreadPoolExecutor.java:644)
04-08 00:49:15.422  1541  2385 W AiAiFed : 	at java.lang.Thread.run(Thread.java:1012)
04-08 00:49:15.423  1541  2386 W AiAiFed : [AiAi SimpleStorage Federated Collection] Cancelling training failed [mode=FEDERATION, population=aiai/sysimg/ambientcontext, session=ambientcontext]
04-08 00:49:15.423  1541  2386 W AiAiFed : qhi: UNKNOWN
04-08 00:49:15.423  1541  2386 W AiAiFed : 	at qhg.i(Unknown Source:2)
04-08 00:49:15.423  1541  2386 W AiAiFed : 	at qur.Q(PG:2)
04-08 00:49:15.423  1541  2386 W AiAiFed : 	at qkv.a(PG:3)
04-08 00:49:15.423  1541  2386 W AiAiFed : 	at qlo.run(PG:2)
04-08 00:49:15.423  1541  2386 W AiAiFed : 	at qqt.run(PG:2)
04-08 00:49:15.423  1541  2386 W AiAiFed : 	at java.util.concurrent.ThreadPoolExecutor.runWorker(ThreadPoolExecutor.java:1145)
04-08 00:49:15.423  1541  2386 W AiAiFed : 	at java.util.concurrent.ThreadPoolExecutor$Worker.run(ThreadPoolExecutor.java:644)
04-08 00:49:15.423  1541  2386 W AiAiFed : 	at java.lang.Thread.run(Thread.java:1012)
04-08 00:49:15.374  2370  2370 W service : type=1400 audit(0.0:8): avc:  denied  { call } for  scontext=u:r:shell:s0 tcontext=u:r:hal_authsecret_default:s0 tclass=binder permissive=0
04-08 00:49:15.378  2370  2370 W service : type=1400 audit(0.0:9): avc:  denied  { call } for  scontext=u:r:shell:s0 tcontext=u:r:hal_face_default:s0 tclass=binder permissive=0
04-08 00:49:16.104     0     0 I binder  : 2370:2370 transaction call to 362:0 failed 51080/29201/-1, size 0-0 line 3228
04-08 00:49:16.105     0     0 I binder  : 2370:2370 transaction credentials failed
04-08 00:49:16.106     0     0 I binder  : 2370:2370 transaction call to 402:0 failed 51086/29201/-1, size 0-0 line 3228
04-08 00:49:16.107     0     0 I binder  : 2370:2370 transaction credentials failed
04-08 00:49:16.108     0     0 I binder  : 2370:2370 transaction call to 719:0 failed 51091/29201/-1, size 0-0 line 3228
04-08 00:49:16.109     0     0 I binder  : 2370:2370 transaction credentials failed
04-08 00:49:16.109     0     0 I binder  : 2370:2370 transaction call to 385:0 failed 51095/29201/-1, size 0-0 line 3228
04-08 00:49:16.110     0     0 I binder  : 2370:2370 transaction credentials failed
04-08 00:49:16.111     0     0 I binder  : 2370:2370 transaction call to 361:0 failed 51114/29201/-1, size 0-0 line 3228
04-08 00:49:16.114     0     0 W audit   : audit_lost=1 audit_rate_limit=5 audit_backlog_limit=64
04-08 00:49:16.115     0     0 E audit   : rate limit exceeded
04-08 00:49:16.122     0     0 E SELinux : avc:  denied  { find } for pid=2370 uid=2000 name=android.hardware.security.keymint.IKeyMintDevice/default scontext=u:r:shell:s0 tcontext=u:object_r:hal_keymint_service:s0 tclass=service_manager permissive=0
04-08 00:49:16.124     0     0 E SELinux : avc:  denied  { find } for pid=2370 uid=2000 name=android.hardware.security.secureclock.ISecureClock/default scontext=u:r:shell:s0 tcontext=u:object_r:hal_secureclock_service:s0 tclass=service_manager permissive=0
04-08 00:49:16.126     0     0 E SELinux : avc:  denied  { find } for pid=2370 uid=2000 name=android.hardware.security.sharedsecret.ISharedSecret/default scontext=u:r:shell:s0 tcontext=u:object_r:hal_sharedsecret_service:s0 tclass=service_manager permissive=0
04-08 00:49:16.134     0     0 E SELinux : avc:  denied  { find } for pid=2370 uid=2000 name=android.service.gatekeeper.IGateKeeperService scontext=u:r:shell:s0 tcontext=u:object_r:gatekeeper_service:s0 tclass=service_manager permissive=0
04-08 00:49:16.137     0     0 E SELinux : avc:  denied  { find } for pid=2370 uid=2000 name=apexservice scontext=u:r:shell:s0 tcontext=u:object_r:apex_service:s0 tclass=service_manager permissive=0
04-08 00:49:16.150     0     0 E SELinux : avc:  denied  { find } for pid=2370 uid=2000 name=dnsresolver scontext=u:r:shell:s0 tcontext=u:object_r:dnsresolver_service:s0 tclass=service_manager permissive=0
04-08 00:49:15.378  2370  2370 W service : type=1400 audit(0.0:10): avc:  denied  { call } for  scontext=u:r:shell:s0 tcontext=u:r:hal_fingerprint_default:s0 tclass=binder permissive=0
04-08 00:49:15.431  1549  2069 I CarrierServices: [57] bscd.I: (Sim): Broadcasting Intent { act=com.google.android.ims.SIM_LOADED (has extras) }
04-08 00:49:15.378  2370  2370 W service : type=1400 audit(0.0:11): avc:  denied  { call } for  scontext=u:r:shell:s0 tcontext=u:r:hal_bluetooth_default:s0 tclass=binder permissive=0
04-08 00:49:15.433  2137  2360 I Bugle   : Initializing EmojiCompat
04-08 00:49:15.434  1549  2069 I CarrierServices: [57] bqbp.b: Initializing Carrier Services Library.
04-08 00:49:15.436  1541  1861 I AiAiEcho: AppPredictionInputConnectorImpl#createPredictionSession
04-08 00:49:15.382  2370  2370 W service : type=1400 audit(0.0:12): avc:  denied  { call } for  scontext=u:r:shell:s0 tcontext=u:r:hal_audio_default:s0 tclass=binder permissive=0
04-08 00:49:15.382  2370  2370 W service : type=1400 audit(0.0:13): avc:  denied  { call } for  scontext=u:r:shell:s0 tcontext=u:r:hal_camera_default:s0 tclass=binder permissive=0
04-08 00:49:15.382  2370  2370 W service : type=1400 audit(0.0:14): avc:  denied  { call } for  scontext=u:r:shell:s0 tcontext=u:r:hal_camera_default:s0 tclass=binder permissive=0
04-08 00:49:15.386  2370  2370 W service : type=1400 audit(0.0:15): avc:  denied  { call } for  scontext=u:r:shell:s0 tcontext=u:r:hal_contexthub_default:s0 tclass=binder permissive=0
04-08 00:49:15.442  2137  2137 I Bugle   : BugleApplicationBase: Bugle version: messages.android_20230529_03_rc01_alldpi.x86_64.phone
04-08 00:49:15.442  2137  2137 I Bugle   : DarkModeManager: setDarkMode: -1
04-08 00:49:15.386  2370  2370 W service : type=1400 audit(0.0:16): avc:  denied  { call } for  scontext=u:r:shell:s0 tcontext=u:r:hal_gnss_default:s0 tclass=binder permissive=0
04-08 00:49:15.443   546   614 I ActivityManager: Flag disabled. Ignoring finishAttachApplication from uid: 10131. pid: 2137
04-08 00:49:15.444  2370  2370 E Parcel  : Reading a NULL string not supported here.
04-08 00:49:15.445  2370  2370 E Parcel  : Reading a NULL string not supported here.
04-08 00:49:15.446  1539  2285 V MediaProvider: onOpen() finished for internal.db
04-08 00:49:15.448  1539  2285 W ModernMediaScanner: Failed to visit /system/media: java.nio.file.NoSuchFileException: /system/media
04-08 00:49:16.174     0     0 E SELinux : avc:  denied  { find } for pid=2370 uid=2000 name=incident scontext=u:r:shell:s0 tcontext=u:object_r:incident_service:s0 tclass=service_manager permissive=0
04-08 00:49:16.179     0     0 E SELinux : avc:  denied  { find } for pid=2370 uid=2000 name=installd scontext=u:r:shell:s0 tcontext=u:object_r:installd_service:s0 tclass=service_manager permissive=0
04-08 00:49:15.457  1541  2386 W AiAiFed : [AiAi SimpleStorage Federated Collection] Cancelling training failed [mode=FEDERATION, population=aiai/sysimg/pecanmessageevents, session=pecanmessageevents]
04-08 00:49:15.457  1541  2386 W AiAiFed : qhi: UNKNOWN
04-08 00:49:15.457  1541  2386 W AiAiFed : 	at qhg.i(Unknown Source:2)
04-08 00:49:15.457  1541  2386 W AiAiFed : 	at qur.Q(PG:2)
04-08 00:49:15.457  1541  2386 W AiAiFed : 	at qkv.a(PG:3)
04-08 00:49:15.457  1541  2386 W AiAiFed : 	at qlo.run(PG:2)
04-08 00:49:15.457  1541  2386 W AiAiFed : 	at qqt.run(PG:2)
04-08 00:49:15.457  1541  2386 W AiAiFed : 	at java.util.concurrent.ThreadPoolExecutor.runWorker(ThreadPoolExecutor.java:1145)
04-08 00:49:15.457  1541  2386 W AiAiFed : 	at java.util.concurrent.ThreadPoolExecutor$Worker.run(ThreadPoolExecutor.java:644)
04-08 00:49:15.457  1541  2386 W AiAiFed : 	at java.lang.Thread.run(Thread.java:1012)
04-08 00:49:15.467  1661  1691 W gle.android.gms: Long monitor contention with owner binder:1661_4 (1993) at java.lang.Object cvep.g()(:com.google.android.gms@231818047@23.18.18 (190800-535401451):14) waiters=0 in java.lang.Object cvep.g() for 192ms
04-08 00:49:15.474  1541  2388 W AiAiFed : [AiAi SimpleStorage Federated Collection] Cancelling training failed [mode=FEDERATION, population=aiai/sysimg/search, session=search]
04-08 00:49:15.474  1541  2388 W AiAiFed : qhi: UNKNOWN
04-08 00:49:15.474  1541  2388 W AiAiFed : 	at qhg.i(Unknown Source:2)
04-08 00:49:15.474  1541  2388 W AiAiFed : 	at qur.Q(PG:2)
04-08 00:49:15.474  1541  2388 W AiAiFed : 	at qkv.a(PG:3)
04-08 00:49:15.474  1541  2388 W AiAiFed : 	at qlo.run(PG:2)
04-08 00:49:15.474  1541  2388 W AiAiFed : 	at qqt.run(PG:2)
04-08 00:49:15.474  1541  2388 W AiAiFed : 	at java.util.concurrent.ThreadPoolExecutor.runWorker(ThreadPoolExecutor.java:1145)
04-08 00:49:15.474  1541  2388 W AiAiFed : 	at java.util.concurrent.ThreadPoolExecutor$Worker.run(ThreadPoolExecutor.java:644)
04-08 00:49:15.474  1541  2388 W AiAiFed : 	at java.lang.Thread.run(Thread.java:1012)
04-08 00:49:16.207     0     0 E SELinux : avc:  denied  { find } for pid=2370 uid=2000 name=mdns scontext=u:r:shell:s0 tcontext=u:object_r:mdns_service:s0 tclass=service_manager permissive=0
04-08 00:49:15.476  1541  2394 W AiAiFed : [AiAi SimpleStorage Federated Collection] Cancelling training failed [mode=FEDERATION, population=aiai/sysimg/pecanmessageevents, session=pecanmessageevents]
04-08 00:49:15.476  1541  2394 W AiAiFed : java.lang.IllegalArgumentException: Unsupported response code3
04-08 00:49:15.476  1541  2394 W AiAiFed : 	at hci.run(PG:38)
04-08 00:49:15.476  1541  2394 W AiAiFed : 	at java.util.concurrent.ThreadPoolExecutor.runWorker(ThreadPoolExecutor.java:1145)
04-08 00:49:15.476  1541  2394 W AiAiFed : 	at java.util.concurrent.ThreadPoolExecutor$Worker.run(ThreadPoolExecutor.java:644)
04-08 00:49:15.476  1541  2394 W AiAiFed : 	at java.lang.Thread.run(Thread.java:1012)
04-08 00:49:15.476  1541  2387 W AiAiFed : [AiAi SimpleStorage Federated Collection] Cancelling training failed [mode=FEDERATION, population=aiai/sysimg/search, session=search]
04-08 00:49:15.476  1541  2387 W AiAiFed : java.lang.IllegalArgumentException: Unsupported response code3
04-08 00:49:15.476  1541  2387 W AiAiFed : 	at hci.run(PG:38)
04-08 00:49:15.476  1541  2387 W AiAiFed : 	at java.util.concurrent.ThreadPoolExecutor.runWorker(ThreadPoolExecutor.java:1145)
04-08 00:49:15.476  1541  2387 W AiAiFed : 	at java.util.concurrent.ThreadPoolExecutor$Worker.run(ThreadPoolExecutor.java:644)
04-08 00:49:15.476  1541  2387 W AiAiFed : 	at java.lang.Thread.run(Thread.java:1012)
04-08 00:49:15.476  1541  2383 W AiAiFed : [AiAi SimpleStorage Federated Collection] Cancelling training failed [mode=FEDERATION, population=aiai/sysimg/toastquery, session=toastquery]
04-08 00:49:15.476  1541  2383 W AiAiFed : java.lang.IllegalArgumentException: Unsupported response code3
04-08 00:49:15.476  1541  2383 W AiAiFed : 	at hci.run(PG:38)
04-08 00:49:15.476  1541  2383 W AiAiFed : 	at java.util.concurrent.ThreadPoolExecutor.runWorker(ThreadPoolExecutor.java:1145)
04-08 00:49:15.476  1541  2383 W AiAiFed : 	at java.util.concurrent.ThreadPoolExecutor$Worker.run(ThreadPoolExecutor.java:644)
04-08 00:49:15.476  1541  2383 W AiAiFed : 	at java.lang.Thread.run(Thread.java:1012)
04-08 00:49:15.476  1202  2331 I AlarmManager: set [name: SystemMemoryCache type: 2 triggerAtMillis: 315360019558 windowMillis: -1 intervalMillis: 0]
04-08 00:49:15.476  1541  2381 W AiAiFed : [AiAi SimpleStorage Federated Collection] Cancelling training failed [mode=FEDERATION, population=aiai/sysimg/pecanconversationthreadevents, session=pecanconversationthreadevents]
04-08 00:49:15.476  1541  2381 W AiAiFed : qhi: UNKNOWN
04-08 00:49:15.476  1541  2381 W AiAiFed : 	at qhg.i(Unknown Source:2)
04-08 00:49:15.476  1541  2381 W AiAiFed : 	at qur.Q(PG:2)
04-08 00:49:15.476  1541  2381 W AiAiFed : 	at qkv.a(PG:3)
04-08 00:49:15.476  1541  2381 W AiAiFed : 	at qlo.run(PG:2)
04-08 00:49:15.476  1541  2381 W AiAiFed : 	at qqt.run(PG:2)
04-08 00:49:15.476  1541  2381 W AiAiFed : 	at java.util.concurrent.ThreadPoolExecutor.runWorker(ThreadPoolExecutor.java:1145)
