04-08 23:52:02.368  1531  1992 I SP.AiAi : GC for 'actions-ranking-table' (10) with ttl of 0 ms took 0 ms (0/0/0)
04-08 23:52:02.368  1531  1992 I SP.AiAi : GC for 'kg_collections_table' (10) with ttl of 0 ms took 0 ms (0/0/0)
04-08 23:52:02.369  1550  1651 I BugleRcsEngine: [38] RcsEngineImpl.triggerStopRcsStack: RcsEngineImpl[DUAL_REG]:[43ae1d50-6ee5]: triggerStopRcsStack for msisdn:redacted-pii:phone_number[chars:0,last2:]
04-08 23:52:02.369  1550  2468 I BugleRcsEngine: [64] brqh.handleMessage: RcsEngineImpl[DUAL_REG]:[43ae1d50-6ee5]>Handler: handleMessage processing message:[STOP_RCS_STACK] with [non-null]:RcsEngineImpl reference
04-08 23:52:02.369  1550  2468 I BugleRcsEngine: [64] brqh.handleMessage: RcsEngineImpl[DUAL_REG]:[43ae1d50-6ee5]>Handler: RCS engine STOP RCS stack
04-08 23:52:02.370  1550  2468 W BugleRcsEngine: [64] RcsEngineImpl.e: RcsEngineImpl[DUAL_REG]:[43ae1d50-6ee5]: imsModule is null, shutdown not required
04-08 23:52:02.370  1550  2468 I BugleRcsEngine: [64] RcsEngineImpl.stopRcsStackInternal: RcsEngineImpl[DUAL_REG]:[43ae1d50-6ee5]: skipping imsModule.stop
04-08 23:52:02.370  1550  2468 I BugleRcsEngine: [64] brqh.handleMessage: RcsEngineImpl[DUAL_REG]:[43ae1d50-6ee5]>Handler: handleMessage processing message:[NOTIFY_UPTIME_IGNORE_STATE_CHANGED] with [non-null]:RcsEngineImpl reference
04-08 23:52:02.373  1947  2280 I RcsClientLib: Disconnecting RcsEngineLifecycleService
04-08 23:52:02.373  1531  2436 I AiAiTextClassifier: [ResourceDownloaderImpl]: downloadResource(): Successfully downloaded superpack 'kg_collections_table', download version 21051103.
04-08 23:52:02.374  1810  1869 W gle.android.gms: Long monitor contention with owner binder:1810_5 (2425) at java.lang.Object cvep.g()(:com.google.android.gms@231818047@23.18.18 (190800-535401451):14) waiters=0 in java.lang.Object cvep.g() for 486ms
04-08 23:52:02.374  1550  1606 I BugleRcsEngine: [36] RcsEngineImpl.triggerStopRcsStack: RcsEngineImpl[DUAL_REG]:[43ae1d50-6ee5]: triggerStopRcsStack for msisdn:redacted-pii:phone_number[chars:0,last2:]
04-08 23:52:02.375  1531  2426 I AiAiTextClassifier: [ResourceDownloaderImpl]: downloadResource(): Successfully downloaded superpack 'actions-ranking-table', download version 211005.
04-08 23:52:02.375  1947  2152 I RcsClientLib: Disconnecting RcsEngineLifecycleService
04-08 23:52:02.377  1682  1738 I OpenGLRenderer: Davey! duration=981ms; Flags=1, FrameTimelineVsyncId=3640, IntendedVsync=18054577662, Vsync=18454577646, InputEventId=0, HandleInputStart=18467069980, AnimationStart=18467070537, PerformTraversalsStart=18467070696, DrawStart=18750426742, FrameDeadline=18071244328, FrameInterval=18466950646, FrameStartTime=16666666, SyncQueued=18753999479, SyncStart=18756166054, IssueDrawCommandsStart=18813804590, SwapBuffers=18827906558, FrameCompleted=19038068523, DequeueBufferDuration=4194, QueueBufferDuration=489823, GpuCompleted=19038068523, SwapBuffersCompleted=19020443390, DisplayPresentTime=0, CommandSubmissionCompleted=18827906558, 
04-08 23:52:02.378   353   353 D Zygote  : Forked child process 2546
04-08 23:52:02.379  1170  2416 D CompatibilityChangeReporter: Compat change id reported: 263076149; UID 10128; state: DISABLED
04-08 23:52:02.383   541   573 W ActivityManager: Slow operation: 126ms so far, now at startProcess: returned from zygote!
04-08 23:52:02.387   756  1381 D BufferPoolAccessor2.0: bufferpool2 0x7ebe1a6d1508 : 0(0 size) total buffers - 0(0 size) used buffers - 1/7 (recycle/alloc) - 7/36 (fetch/transfer)
04-08 23:52:02.387   756  1381 D BufferPoolAccessor2.0: evictor expired: 1, evicted: 1
04-08 23:52:02.395  1682  1682 I Choreographer: Skipped 35 frames!  The application may be doing too much work on its main thread.
04-08 23:52:02.410  1682  2558 W Glide   : Load failed for  with size [-2147483648x-2147483648]
04-08 23:52:02.410  1682  2558 W Glide   : class com.bumptech.glide.load.a.ap: Failed to load resource
04-08 23:52:02.413  2525  2525 I externalstorage: Using CollectorTypeCC GC.
04-08 23:52:02.414   756   771 I ndroid.systemui: Background young concurrent copying GC freed 280742(14MB) AllocSpace objects, 1(20KB) LOS objects, 45% free, 16MB/30MB, paused 59us,21us total 272.703ms
04-08 23:52:02.414   352  2560 I resolv  : GetAddrInfoHandler::run: {100 100 100 983140 10138 0}
04-08 23:52:02.417  2546  2546 I .localtransport: Using CollectorTypeCC GC.
04-08 23:52:02.417   352  2563 I resolv  : res_nmkquery: (QUERY, IN, AAAA)
04-08 23:52:02.417   352  2563 I resolv  : resolv_cache_lookup: FOUND IN CACHE entry=0x71914eb4dd70
04-08 23:52:02.417   352  2563 I resolv  : doQuery: rcode=0, ancount=4, return value=153
04-08 23:52:02.418  2546  2546 W .localtransport: Unexpected CPU variant for x86: x86_64.
04-08 23:52:02.418  2546  2546 W .localtransport: Known variants: atom, sandybridge, silvermont, goldmont, goldmont-plus, tremont, kabylake, default
04-08 23:52:02.419  2525  2525 W externalstorage: Unexpected CPU variant for x86: x86_64.
04-08 23:52:02.419  2525  2525 W externalstorage: Known variants: atom, sandybridge, silvermont, goldmont, goldmont-plus, tremont, kabylake, default
04-08 23:52:02.420  1531  2562 I tflite  : Initialized TensorFlow Lite runtime.
04-08 23:52:02.421  2546  2546 E .localtransport: Not starting debugger since process cannot load the jdwp agent.
04-08 23:52:02.421   352  2564 I resolv  : res_nmkquery: (QUERY, IN, A)
04-08 23:52:02.422  1336  1630 I AiAiSuggestUi: Successfully connected to system intelligence: 
04-08 23:52:02.426  2525  2525 E externalstorage: Not starting debugger since process cannot load the jdwp agent.
04-08 23:52:02.426   352  2564 I resolv  : res_nsend: used send_dg 105 terrno: 0
04-08 23:52:02.426   352  2564 I resolv  : doQuery: rcode=0, ancount=4, return value=105
04-08 23:52:02.433  1531  2370 I AiAiFedAss: EkhoWriter initialized.
04-08 23:52:02.440  2547  2547 E Parcel  : Reading a NULL string not supported here.
04-08 23:52:02.446  1531  2370 I AiAiFedAss: Loading library dps_soda_pixel_s_jni
04-08 23:52:02.459  1682  2604 I EventBusThread: Event Bus thread starting with TID 2604
04-08 23:52:02.475  1682  1682 W A       : Can't get WAA status for Mavatar!
04-08 23:52:02.475  1682  1682 W A       : java.lang.NullPointerException: Attempt to invoke virtual method 'java.lang.Class java.lang.Object.getClass()' on a null object reference
04-08 23:52:02.475  1682  1682 W A       : 	at com.google.apps.tiktok.dataservice.z.b(PG:1)
04-08 23:52:02.475  1682  1682 W A       : 	at com.google.apps.tiktok.dataservice.at.a(PG:1)
04-08 23:52:02.475  1682  1682 W A       : 	at com.google.apps.tiktok.tracing.ec.a(PG:2)
04-08 23:52:02.475  1682  1682 W A       : 	at com.google.common.util.concurrent.aj.a(PG:2)
04-08 23:52:02.475  1682  1682 W A       : 	at com.google.common.util.concurrent.ac.apply(PG:1)
04-08 23:52:02.475  1682  1682 W A       : 	at com.google.common.util.concurrent.h.e(PG:2)
04-08 23:52:02.475  1682  1682 W A       : 	at com.google.common.util.concurrent.j.run(PG:9)
04-08 23:52:02.475  1682  1682 W A       : 	at com.google.common.util.concurrent.bf.execute(PG:1)
04-08 23:52:02.475  1682  1682 W A       : 	at com.google.common.util.concurrent.d.i(PG:1)
04-08 23:52:02.475  1682  1682 W A       : 	at com.google.common.util.concurrent.d.l(PG:12)
04-08 23:52:02.475  1682  1682 W A       : 	at com.google.common.util.concurrent.d.n(PG:2)
04-08 23:52:02.475  1682  1682 W A       : 	at com.google.common.util.concurrent.i.f(PG:1)
04-08 23:52:02.475  1682  1682 W A       : 	at com.google.common.util.concurrent.j.run(PG:12)
04-08 23:52:02.475  1682  1682 W A       : 	at com.google.android.libraries.i.ae.run(PG:1)
04-08 23:52:02.475  1682  1682 W A       : 	at java.util.concurrent.ThreadPoolExecutor.runWorker(ThreadPoolExecutor.java:1145)
04-08 23:52:02.475  1682  1682 W A       : 	at java.util.concurrent.ThreadPoolExecutor$Worker.run(ThreadPoolExecutor.java:644)
04-08 23:52:02.475  1682  1682 W A       : 	at com.google.android.libraries.i.k.run(PG:2)
04-08 23:52:02.475  1682  1682 W A       : 	at com.google.android.libraries.i.p.run(PG:4)
04-08 23:52:02.475  1682  1682 W A       : 	at java.lang.Thread.run(Thread.java:1012)
04-08 23:52:02.497  1682  2054 I A       : ColdBootHelper constructor
04-08 23:52:02.501   541   903 W system_server: Long monitor contention with owner PackageManager (595) at void com.android.server.pm.permission.LegacyPermissionSettings.writePermissionTrees(com.android.modules.utils.TypedXmlSerializer)(LegacyPermissionSettings.java:150) waiters=0 in com.android.server.pm.Computer com.android.server.pm.PackageManagerService.snapshotComputer(boolean) for 143ms
04-08 23:52:02.507   541   731 W system_server: Long monitor contention with owner binder:541_9 (903) at com.android.server.pm.Computer com.android.server.pm.PackageManagerService.snapshotComputer(boolean)(PackageManagerService.java:1195) waiters=2 in com.android.server.pm.Computer com.android.server.pm.PackageManagerService.snapshotComputer(boolean) for 147ms
04-08 23:52:02.511   541   740 W system_server: Long monitor contention with owner binder:541_9 (903) at com.android.server.pm.Computer com.android.server.pm.PackageManagerService.snapshotComputer(boolean)(PackageManagerService.java:1195) waiters=4 in com.android.server.pm.Computer com.android.server.pm.PackageManagerService.snapshotComputer(boolean) for 145ms
04-08 23:52:02.511   541  1763 W system_server: Long monitor contention with owner binder:541_9 (903) at com.android.server.pm.Computer com.android.server.pm.PackageManagerService.snapshotComputer(boolean)(PackageManagerService.java:1195) waiters=6 in com.android.server.pm.Computer com.android.server.pm.PackageManagerService.snapshotComputer(boolean) for 146ms
04-08 23:52:02.513   352  2623 I resolv  : GetAddrInfoHandler::run: {100 100 100 983140 10138 0}
04-08 23:52:02.514   352  2625 I resolv  : res_nmkquery: (QUERY, IN, A)
04-08 23:52:02.514   352  2624 I resolv  : res_nmkquery: (QUERY, IN, AAAA)
04-08 23:52:02.515   541  1760 W ActivityManager: Slow operation: 147ms so far, now at attachApplicationLocked: before bindApplication
04-08 23:52:02.515   541  1760 D CompatibilityChangeReporter: Compat change id reported: 168419799; UID 10150; state: DISABLED
04-08 23:52:02.515   541  1760 D CompatibilityChangeReporter: Compat change id reported: 273564678; UID 10150; state: DISABLED
04-08 23:52:02.516   352  2624 I resolv  : res_nsend: used send_dg 141 terrno: 0
04-08 23:52:02.516  1531  1940 I AiAiEcho: AppPredictionInputConnectorImpl#createPredictionSession
04-08 23:52:02.516   352  2624 I resolv  : doQuery: rcode=0, ancount=4, return value=141
04-08 23:52:02.517   541  1684 W system_server: Long monitor contention with owner binder:541_9 (903) at com.android.server.pm.Computer com.android.server.pm.PackageManagerService.snapshotComputer(boolean)(PackageManagerService.java:1195) waiters=11 in com.android.server.pm.Computer com.android.server.pm.PackageManagerService.snapshotComputer(boolean) for 148ms
04-08 23:52:02.519   352  2625 I resolv  : res_nsend: used send_dg 237 terrno: 0
04-08 23:52:02.520   352  2625 I resolv  : doQuery: rcode=0, ancount=13, return value=237
04-08 23:52:02.534  2365  2365 V GraphicsEnvironment: Currently set values for:
04-08 23:52:02.534  2365  2365 V GraphicsEnvironment:   angle_gl_driver_selection_pkgs=[]
04-08 23:52:02.534  2365  2365 V GraphicsEnvironment:   angle_gl_driver_selection_values=[]
04-08 23:52:02.535   541  1071 D ConnectivityService: requestNetwork for uid/pid:10138/1766 activeRequest: null callbackRequest: 84 [NetworkRequest [ REQUEST id=85, [ Capabilities: INTERNET&NOT_RESTRICTED&TRUSTED&NOT_VCN_MANAGED Uid: 10138 RequestorUid: 10138 RequestorPkg: com.google.android.youtube UnderlyingNetworks: Null] ]] callback flags: 0 order: 2147483647
04-08 23:52:02.542   541  1760 W ActivityManager: Slow operation: 171ms so far, now at attachApplicationLocked: immediately before bindApplication
04-08 23:52:02.542   541  1760 W ActivityManager: Slow operation: 175ms so far, now at attachApplicationLocked: immediately after bindApplication
04-08 23:52:02.545  1531  2015 I WM-WorkerWrapper: Worker result SUCCESS for Work [ id=ee9fb845-d616-4120-9dd5-1566b789c95f, tags={ com.google.android.apps.miphone.aiai.chronicle.data.storage.datacache.workmanager.UpdateDataCacheStorageWorker, UpdateDataCacheStorageWorker } ]
04-08 23:52:02.551  1531  2015 I WM-WorkerWrapper: Worker result SUCCESS for Work [ id=27e3282e-9edc-441c-a57f-a980267b142d, tags={ com.google.android.apps.miphone.aiai.chronicle.data.storage.simplestorage.impl.SimpleStorageMaintenanceWorker } ]
04-08 23:52:02.552   541  1760 W ActivityManager: Slow operation: 185ms so far, now at attachApplicationLocked: after updateLruProcessLocked
04-08 23:52:02.555   541   678 D ConnectivityService: NetReassign [85 : null → 100] [c 0] [a 1] [i 2]
04-08 23:52:02.555   541   671 D WifiNetworkFactory: got request NetworkRequest [ REQUEST id=85, [ Capabilities: INTERNET&NOT_RESTRICTED&TRUSTED&NOT_VCN_MANAGED Uid: 10138 RequestorUid: 10138 RequestorPkg: com.google.android.youtube UnderlyingNetworks: Null] ]
04-08 23:52:02.555   541   671 D UntrustedWifiNetworkFactory: got request NetworkRequest [ REQUEST id=85, [ Capabilities: INTERNET&NOT_RESTRICTED&TRUSTED&NOT_VCN_MANAGED Uid: 10138 RequestorUid: 10138 RequestorPkg: com.google.android.youtube UnderlyingNetworks: Null] ]
04-08 23:52:02.555   541   671 D OemPaidWifiNetworkFactory: got request NetworkRequest [ REQUEST id=85, [ Capabilities: INTERNET&NOT_RESTRICTED&TRUSTED&NOT_VCN_MANAGED Uid: 10138 RequestorUid: 10138 RequestorPkg: com.google.android.youtube UnderlyingNetworks: Null] ]
04-08 23:52:02.555   541   671 D MultiInternetWifiNetworkFactory: got request NetworkRequest [ REQUEST id=85, [ Capabilities: INTERNET&NOT_RESTRICTED&TRUSTED&NOT_VCN_MANAGED Uid: 10138 RequestorUid: 10138 RequestorPkg: com.google.android.youtube UnderlyingNetworks: Null] ]
04-08 23:52:02.559   541   616 D CompatibilityChangeReporter: Compat change id reported: 265195908; UID 10150; state: ENABLED
04-08 23:52:02.560   541  1071 D PermissionCache: checking android.permission.ROTATE_SURFACE_FLINGER for uid=10169 => granted (35 us)
04-08 23:52:02.560  1336  1336 I Choreographer: Skipped 57 frames!  The application may be doing too much work on its main thread.
04-08 23:52:02.560   541  1071 W ServiceManagerCppClient: Permission failure: android.permission.INTERNAL_SYSTEM_WINDOW from uid=10169 pid=0
04-08 23:52:02.561   541  1071 D PermissionCache: checking android.permission.INTERNAL_SYSTEM_WINDOW for uid=10169 => denied (879 us)
04-08 23:52:02.561   541  1071 W ServiceManagerCppClient: Permission failure: android.permission.ACCESS_SURFACE_FLINGER from uid=10169 pid=0
04-08 23:52:02.561   541  1071 D PermissionCache: checking android.permission.ACCESS_SURFACE_FLINGER for uid=10169 => denied (159 us)
04-08 23:52:02.567  1550  2468 I BugleRcsEngine: [64] brnl.h: No RCS Configuration was found in Bugle for simID: redacted-pii:sim_id[chars:20,last3:897]
04-08 23:52:02.568  1682  2054 W DynamiteModule: Local module descriptor class for com.google.android.gms.googlecertificates not found.
04-08 23:52:02.565  2547  2547 W service : type=1400 audit(0.0:8): avc:  denied  { call } for  scontext=u:r:shell:s0 tcontext=u:r:hal_authsecret_default:s0 tclass=binder permissive=0
04-08 23:52:02.571  2547  2547 E IPCThreadState: Binder transaction failure: 52067/29201/-1
04-08 23:52:03.246     0     0 I binder  : 2547:2547 transaction credentials failed
04-08 23:52:03.247     0     0 I binder  : 2547:2547 transaction call to 359:0 failed 52067/29201/-1, size 0-0 line 3228
04-08 23:52:03.250     0     0 I binder  : 2547:2547 transaction credentials failed
04-08 23:52:03.251     0     0 I binder  : 2547:2547 transaction call to 383:0 failed 52072/29201/-1, size 0-0 line 3228
04-08 23:52:02.569  2547  2547 W service : type=1400 audit(0.0:9): avc:  denied  { call } for  scontext=u:r:shell:s0 tcontext=u:r:hal_face_default:s0 tclass=binder permissive=0
04-08 23:52:02.577  2547  2547 E IPCThreadState: Binder transaction failure: 52072/29201/-1
04-08 23:52:02.578  2547  2547 E IPCThreadState: Binder transaction failure: 52078/29201/-1
04-08 23:52:02.580  2547  2547 E IPCThreadState: Binder transaction failure: 52089/29201/-1
04-08 23:52:03.253     0     0 I binder  : 2547:2547 transaction credentials failed
04-08 23:52:03.254     0     0 I binder  : 2547:2547 transaction call to 713:0 failed 52078/29201/-1, size 0-0 line 3228
04-08 23:52:03.255     0     0 I binder  : 2547:2547 transaction credentials failed
04-08 23:52:03.255     0     0 I binder  : 2547:2547 transaction call to 378:0 failed 52089/29201/-1, size 0-0 line 3228
04-08 23:52:02.573  2547  2547 W service : type=1400 audit(0.0:10): avc:  denied  { call } for  scontext=u:r:shell:s0 tcontext=u:r:hal_fingerprint_default:s0 tclass=binder permissive=0
04-08 23:52:02.577  2547  2547 W service : type=1400 audit(0.0:11): avc:  denied  { call } for  scontext=u:r:shell:s0 tcontext=u:r:hal_bluetooth_default:s0 tclass=binder permissive=0
04-08 23:52:02.582  1526  2356 D CompatibilityChangeReporter: Compat change id reported: 263076149; UID 10170; state: ENABLED
04-08 23:52:03.259     0     0 I binder  : 2547:2547 transaction credentials failed
04-08 23:52:03.260     0     0 I binder  : 2547:2547 transaction call to 358:0 failed 52143/29201/-1, size 0-0 line 3228
04-08 23:52:03.263     0     0 W audit   : audit_lost=1 audit_rate_limit=5 audit_backlog_limit=64
04-08 23:52:03.264     0     0 E audit   : rate limit exceeded
04-08 23:52:02.584  2547  2547 E IPCThreadState: Binder transaction failure: 52143/29201/-1
04-08 23:52:02.585  2547  2547 E IPCThreadState: Binder transaction failure: 52150/29201/-1
04-08 23:52:02.585  2547  2547 E IPCThreadState: Binder transaction failure: 52154/29201/-1
04-08 23:52:02.586  2547  2547 E IPCThreadState: Binder transaction failure: 52163/29201/-1
04-08 23:52:02.587  2547  2547 E IPCThreadState: Binder transaction failure: 52176/29201/-1
04-08 23:52:02.588  2547  2547 E IPCThreadState: Binder transaction failure: 52180/29201/-1
04-08 23:52:02.581  2547  2547 W service : type=1400 audit(0.0:12): avc:  denied  { call } for  scontext=u:r:shell:s0 tcontext=u:r:hal_audio_default:s0 tclass=binder permissive=0
04-08 23:52:02.581  2547  2547 W service : type=1400 audit(0.0:13): avc:  denied  { call } for  scontext=u:r:shell:s0 tcontext=u:r:hal_camera_default:s0 tclass=binder permissive=0
04-08 23:52:03.271     0     0 E SELinux : avc:  denied  { find } for pid=2547 uid=2000 name=android.hardware.security.keymint.IKeyMintDevice/default scontext=u:r:shell:s0 tcontext=u:object_r:hal_keymint_service:s0 tclass=service_manager permissive=0
04-08 23:52:03.273     0     0 E SELinux : avc:  denied  { find } for pid=2547 uid=2000 name=android.hardware.security.secureclock.ISecureClock/default scontext=u:r:shell:s0 tcontext=u:object_r:hal_secureclock_service:s0 tclass=service_manager permissive=0
04-08 23:52:03.275     0     0 E SELinux : avc:  denied  { find } for pid=2547 uid=2000 name=android.hardware.security.sharedsecret.ISharedSecret/default scontext=u:r:shell:s0 tcontext=u:object_r:hal_sharedsecret_service:s0 tclass=service_manager permissive=0
04-08 23:52:02.591  2547  2547 E IPCThreadState: Binder transaction failure: 52185/29201/-1
04-08 23:52:02.591  2547  2547 E IPCThreadState: Binder transaction failure: 52194/29201/-1
04-08 23:52:02.592  2547  2547 E IPCThreadState: Binder transaction failure: 52201/29201/-1
04-08 23:52:02.592  2547  2547 E IPCThreadState: Binder transaction failure: 52235/29201/-1
04-08 23:52:02.593  2547  2547 E IPCThreadState: Binder transaction failure: 52242/29201/-1
04-08 23:52:02.593  2547  2547 E IPCThreadState: Binder transaction failure: 52246/29201/-1
04-08 23:52:02.593  2547  2547 E IPCThreadState: Binder transaction failure: 52251/29201/-1
04-08 23:52:02.593  2547  2547 E IPCThreadState: Binder transaction failure: 52255/29201/-1
04-08 23:52:02.593  2547  2547 E IPCThreadState: Binder transaction failure: 52259/29201/-1
04-08 23:52:02.594  2547  2547 E IPCThreadState: Binder transaction failure: 52264/29201/-1
04-08 23:52:02.594  2547  2547 E IPCThreadState: Binder transaction failure: 52269/29201/-1
04-08 23:52:02.594  2547  2547 E IPCThreadState: Binder transaction failure: 52273/29201/-1
04-08 23:52:02.594  2547  2547 E IPCThreadState: Binder transaction failure: 52278/29201/-1
04-08 23:52:02.594  2547  2547 E IPCThreadState: Binder transaction failure: 52283/29201/-1
04-08 23:52:02.595  2547  2547 E IPCThreadState: Binder transaction failure: 52288/29201/-1
04-08 23:52:02.600  2547  2547 E IPCThreadState: Binder transaction failure: 52360/29201/-1
04-08 23:52:02.600  2547  2547 E IPCThreadState: Binder transaction failure: 52364/29201/-1
04-08 23:52:02.601  2547  2547 E IPCThreadState: Binder transaction failure: 52368/29201/-1
04-08 23:52:02.601  2547  2547 E IPCThreadState: Binder transaction failure: 52372/29201/-1
04-08 23:52:02.601  2547  2547 E IPCThreadState: Binder transaction failure: 52376/29201/-1
04-08 23:52:02.601  2547  2547 E IPCThreadState: Binder transaction failure: 52380/29201/-1
04-08 23:52:02.602  1336  1630 I OpenGLRenderer: Davey! duration=1039ms; Flags=1, FrameTimelineVsyncId=3790, IntendedVsync=18187910990, Vsync=18187910990, InputEventId=0, HandleInputStart=18188178273, AnimationStart=18188178802, PerformTraversalsStart=18188182066, DrawStart=18259405346, FrameDeadline=18204577656, FrameInterval=18188116519, FrameStartTime=16666666, SyncQueued=18260326049, SyncStart=18260560979, IssueDrawCommandsStart=18308238940, SwapBuffers=19093288749, FrameCompleted=19227652073, DequeueBufferDuration=4095, QueueBufferDuration=429368, GpuCompleted=19227583246, SwapBuffersCompleted=19227652073, DisplayPresentTime=0, CommandSubmissionCompleted=19093288749, 
04-08 23:52:02.602   484   754 D BufferPoolAccessor2.0: bufferpool2 0x70e9e720df08 : 0(0 size) total buffers - 0(0 size) used buffers - 13/16 (recycle/alloc) - 3/15 (fetch/transfer)
04-08 23:52:02.602   484   754 D BufferPoolAccessor2.0: bufferpool2 0x70e9e720d818 : 0(0 size) total buffers - 0(0 size) used buffers - 15/17 (recycle/alloc) - 2/16 (fetch/transfer)
04-08 23:52:02.602   484   754 D BufferPoolAccessor2.0: bufferpool2 0x70e9e720ea98 : 0(0 size) total buffers - 0(0 size) used buffers - 4/7 (recycle/alloc) - 3/6 (fetch/transfer)
04-08 23:52:02.602   484   754 D BufferPoolAccessor2.0: evictor expired: 3, evicted: 3
04-08 23:52:02.581  2547  2547 W service : type=1400 audit(0.0:14): avc:  denied  { call } for  scontext=u:r:shell:s0 tcontext=u:r:hal_camera_default:s0 tclass=binder permissive=0
04-08 23:52:02.606  1468  1813 I SP      : Registering emoticon_content_description.2022081613, url: https://www.gstatic.com/android/keyboard/emoticon_content_desc/202208161305/superpacks_manifest.json, constraints: W:*:*:*, flags: bg, requested: 2022081613, current: 2022081613
04-08 23:52:02.581  2547  2547 W service : type=1400 audit(0.0:15): avc:  denied  { call } for  scontext=u:r:shell:s0 tcontext=u:r:hal_contexthub_default:s0 tclass=binder permissive=0
04-08 23:52:02.611  1468  1633 I OnDevicePackDownloadModule: OnDevicePackDownloadModule.onCreate():59 onCreate()
04-08 23:52:02.585  2547  2547 W service : type=1400 audit(0.0:16): avc:  denied  { call } for  scontext=u:r:shell:s0 tcontext=u:r:hal_gnss_default:s0 tclass=binder permissive=0
04-08 23:52:02.613   939   939 W WindowOnBackDispatcher: sendCancelIfRunning: isInProgress=falsecallback=android.app.Activity$$ExternalSyntheticLambda0@57af7d
04-08 23:52:03.291     0     0 E SELinux : avc:  denied  { find } for pid=2547 uid=2000 name=android.service.gatekeeper.IGateKeeperService scontext=u:r:shell:s0 tcontext=u:object_r:gatekeeper_service:s0 tclass=service_manager permissive=0
04-08 23:52:03.293     0     0 E SELinux : avc:  denied  { find } for pid=2547 uid=2000 name=apexservice scontext=u:r:shell:s0 tcontext=u:object_r:apex_service:s0 tclass=service_manager permissive=0
04-08 23:52:02.616  2547  2547 E IPCThreadState: Binder transaction failure: 52761/29201/-1
04-08 23:52:02.616  2547  2547 E IPCThreadState: Binder transaction failure: 52765/29201/-1
04-08 23:52:02.618  2547  2547 E Parcel  : Reading a NULL string not supported here.
04-08 23:52:02.619  1468  1813 I SP      : Registering emoticon_content_description.2022081613, url: https://www.gstatic.com/android/keyboard/emoticon_content_desc/202208161305/superpacks_manifest.json, constraints: W:*:*:*, flags: bg, requested: 2022081613, current: 2022081613
04-08 23:52:02.622   541   605 D CoreBackPreview: Window{d287f7 u0 com.android.settings/com.android.settings.FallbackHome}: Setting back callback null
04-08 23:52:02.624  2365  2365 V GraphicsEnvironment: ANGLE GameManagerService for com.google.android.dialer: false
04-08 23:52:02.624  2365  2365 V GraphicsEnvironment: com.google.android.dialer is not listed in per-application setting
04-08 23:52:02.624  2365  2365 V GraphicsEnvironment: Neither updatable production driver nor prerelease driver is supported.
04-08 23:52:02.626  1531  2300 W ogle.android.as: Long monitor contention with owner aiai-autofill-0 (2303) at boolean cjj.c(java.util.Set, java.util.Set)(PG:7) waiters=0 in nla cjj.b() for 547ms
04-08 23:52:02.626  1531  2303 I AiAiAutofill: Connected AiAiAugmentedAutofillService.
04-08 23:52:02.626  1531  2037 I TrainerClient: Preparing to schedule training for population:aiai/sysimg/autofill session_name:autofill
04-08 23:52:02.630  1468  1813 I SP      : Syncing emoticon_content_description (2022081613) with slices: [7a635888cb828dfa2fc744b7b9b50f04], metadata: false
04-08 23:52:02.631   541  1760 D CompatibilityChangeReporter: Compat change id reported: 261072174; UID 1000; state: ENABLED
04-08 23:52:02.631   541  1760 W ActivityManager: Slow operation: 78ms so far, now at finishAttachApplicationInner: after mServices.attachApplicationLocked
04-08 23:52:02.631   541  1760 W ActivityManager: Slow operation: 78ms so far, now at finishAttachApplicationInner: after dispatching broadcasts
04-08 23:52:02.632  2503  2503 D CompatibilityChangeReporter: Compat change id reported: 171979766; UID 10150; state: ENABLED
04-08 23:52:02.632   541  1757 W system_server: Long monitor contention with owner binder:541_12 (1760) at void com.android.server.am.ActivityManagerService.finishAttachApplicationInner(long, int, int)(ActivityManagerService.java:4940) waiters=0 in boolean com.android.server.am.ActivityManagerService.unbindService(android.app.IServiceConnection) for 258ms
04-08 23:52:02.632  2503  2503 D CompatibilityChangeReporter: Compat change id reported: 242716250; UID 10150; state: DISABLED
04-08 23:52:02.632   541  1757 D CompatibilityChangeReporter: Compat change id reported: 261072174; UID 10131; state: ENABLED
04-08 23:52:02.633   541   902 D CompatibilityChangeReporter: Compat change id reported: 261072174; UID 10128; state: DISABLED
04-08 23:52:02.633  1468  1813 I SP      : Syncing emoticon_content_description (2022081613) with slices: [7a635888cb828dfa2fc744b7b9b50f04], metadata: false
04-08 23:52:02.635  1531  1991 E AiAiEcho: EchoSearch: SettingsFetcherImpl: DB already exists.
04-08 23:52:02.635  1550  2468 I BugleRcsEngine: [64] brqh.handleMessage: RcsEngineImpl[DUAL_REG]:[43ae1d50-6ee5]>Handler: handleMessage processing message:[STOP_RCS_STACK] with [non-null]:RcsEngineImpl reference
04-08 23:52:02.635  1550  2468 I BugleRcsEngine: [64] brqh.handleMessage: RcsEngineImpl[DUAL_REG]:[43ae1d50-6ee5]>Handler: RCS engine STOP RCS stack
04-08 23:52:02.635  1550  2468 W BugleRcsEngine: [64] RcsEngineImpl.e: RcsEngineImpl[DUAL_REG]:[43ae1d50-6ee5]: imsModule is null, shutdown not required
04-08 23:52:02.635  1550  2468 I BugleRcsEngine: [64] RcsEngineImpl.stopRcsStackInternal: RcsEngineImpl[DUAL_REG]:[43ae1d50-6ee5]: skipping imsModule.stop
04-08 23:52:02.635  1550  2468 I BugleRcsEngine: [64] brqh.handleMessage: RcsEngineImpl[DUAL_REG]:[43ae1d50-6ee5]>Handler: handleMessage processing message:[NOTIFY_UPTIME_IGNORE_STATE_CHANGED] with [non-null]:RcsEngineImpl reference
04-08 23:52:02.636  1947  2107 W Bugle   : TextClassifierLibManagerImpl: Reclaiming memory at level: 40
04-08 23:52:02.637   541   605 D CompatibilityChangeReporter: Compat change id reported: 214016041; UID 10169; state: ENABLED
04-08 23:52:02.638   541   573 W ActivityManager: Slow operation: 381ms so far, now at startProcess: done updating battery stats
04-08 23:52:02.638   541   573 W ActivityManager: Slow operation: 381ms so far, now at startProcess: building log message
04-08 23:52:02.638   541   573 I ActivityManager: Start proc 2546:com.android.localtransport/1000 for service {com.android.localtransport/com.android.localtransport.LocalTransportService}
04-08 23:52:02.638   541   573 W ActivityManager: Slow operation: 381ms so far, now at startProcess: starting to update pids map
04-08 23:52:02.638   541   573 W ActivityManager: Slow operation: 382ms so far, now at startProcess: done updating pids map
04-08 23:52:02.638   541  1761 W system_server: Long monitor contention with owner binder:541_12 (1760) at void com.android.server.am.ActivityManagerService.finishAttachApplicationInner(long, int, int)(ActivityManagerService.java:4940) waiters=3 in void com.android.server.am.ContentProviderHelper.removeContentProvider(android.os.IBinder, boolean) for 253ms
04-08 23:52:02.639   541   740 E JobScheduler.JobStatus: App com.google.android.inputmethod.latin became active but still in NEVER bucket
04-08 23:52:02.640  1531  2439 W AiAiFed : [AiAi SimpleStorage Federated Collection] Cancelling training failed [mode=FEDERATION, population=aiai/sysimg/autofill, session=autofill]
04-08 23:52:02.640  1531  2439 W AiAiFed : java.lang.IllegalArgumentException: Unsupported response code3
04-08 23:52:02.640  1531  2439 W AiAiFed : 	at hci.run(PG:38)
04-08 23:52:02.640  1531  2439 W AiAiFed : 	at java.util.concurrent.ThreadPoolExecutor.runWorker(ThreadPoolExecutor.java:1145)
04-08 23:52:02.640  1531  2439 W AiAiFed : 	at java.util.concurrent.ThreadPoolExecutor$Worker.run(ThreadPoolExecutor.java:644)
04-08 23:52:02.640  1531  2439 W AiAiFed : 	at java.lang.Thread.run(Thread.java:1012)
04-08 23:52:02.641  1531  2456 W AiAiFed : [AiAi SimpleStorage Federated Collection] Cancelling training failed [mode=FEDERATION, population=aiai/sysimg/autofill, session=autofill]
04-08 23:52:02.641  1531  2456 W AiAiFed : qhi: UNKNOWN
04-08 23:52:02.641  1531  2456 W AiAiFed : 	at qhg.i(Unknown Source:2)
04-08 23:52:02.641  1531  2456 W AiAiFed : 	at qur.Q(PG:2)
04-08 23:52:02.641  1531  2456 W AiAiFed : 	at qkv.a(PG:3)
04-08 23:52:02.641  1531  2456 W AiAiFed : 	at qlo.run(PG:2)
04-08 23:52:02.641  1531  2456 W AiAiFed : 	at qqt.run(PG:2)
04-08 23:52:02.641  1531  2456 W AiAiFed : 	at java.util.concurrent.ThreadPoolExecutor.runWorker(ThreadPoolExecutor.java:1145)
04-08 23:52:02.641  1531  2456 W AiAiFed : 	at java.util.concurrent.ThreadPoolExecutor$Worker.run(ThreadPoolExecutor.java:644)
04-08 23:52:02.641  1531  2456 W AiAiFed : 	at java.lang.Thread.run(Thread.java:1012)
04-08 23:52:02.641   541   605 I ImeTracker: com.google.android.apps.nexuslauncher:aca5e99f: onRequestHide at ORIGIN_SERVER_HIDE_INPUT reason HIDE_UNSPECIFIED_WINDOW
04-08 23:52:02.642   541   605 I ImeTracker: com.google.android.apps.nexuslauncher:aca5e99f: onCancelled at PHASE_SERVER_SHOULD_HIDE
04-08 23:52:02.644   541  1760 D CompatibilityChangeReporter: Compat change id reported: 170503758; UID 10150; state: ENABLED
04-08 23:52:02.646  1468  1813 I SP      : GC for 'emoticon_content_description' (10) with ttl of 0 ms took 1 ms (0/1/0)
04-08 23:52:02.646  1468  1813 I AbstractSyncResultCallback: AbstractSyncResultCallback.onFailure():36 onFailure(): emoticon_content_description.sync cancelled; expected if new request supersedes pending one.
04-08 23:52:02.646   541   560 I ActivityTaskManager: Displayed com.google.android.apps.nexuslauncher/.NexusLauncherActivity for user 0: +3s36ms
04-08 23:52:02.647  2365  2365 I MultiDex: Installing application
04-08 23:52:02.647  2365  2365 I MultiDex: VM with version 2.1.0 has multidex support
04-08 23:52:02.647  2365  2365 I MultiDex: VM has multidex support, MultiDex support library is disabled.
04-08 23:52:02.647  2365  2365 I DialerProvider: enter
04-08 23:52:02.649  2365  2365 I AtlasPixelTipsContentPr: enter
04-08 23:52:02.649  2547  2547 E Parcel  : Reading a NULL string not supported here.
04-08 23:52:02.649  1468  1813 I SP      : Sync for emoticon_content_description succeeded in 19 ms: no changes
04-08 23:52:02.649  1468  1813 I SP      : GC for 'emoticon_content_description' (10) with ttl of 0 ms took 0 ms (0/0/0)
04-08 23:52:02.650  2547  2547 E Parcel  : Reading a NULL string not supported here.
04-08 23:52:02.650  2547  2547 E Parcel  : Reading a NULL string not supported here.
04-08 23:52:02.654   541  2599 D CompatibilityChangeReporter: Compat change id reported: 168419799; UID 10085; state: DISABLED
04-08 23:52:02.654   541  2599 D CompatibilityChangeReporter: Compat change id reported: 273564678; UID 10085; state: DISABLED
04-08 23:52:02.654  1682  2054 D StrictMode: StrictMode policy violation: android.os.strictmode.CustomViolation: gcore.dynamite
04-08 23:52:02.654  1682  2054 D StrictMode: 	at android.os.StrictMode$AndroidBlockGuardPolicy.onCustomSlowCall(StrictMode.java:1633)
04-08 23:52:02.654  1682  2054 D StrictMode: 	at android.os.StrictMode.noteSlowCall(StrictMode.java:2735)
04-08 23:52:02.654  1682  2054 D StrictMode: 	at aciz.a(:com.google.android.gms@231818047@23.18.18 (190800-535401451):0)
04-08 23:52:02.654  1682  2054 D StrictMode: 	at com.google.android.gms.chimera.container.GmsModuleChimeraProvider.query(:com.google.android.gms@231818047@23.18.18 (190800-535401451):10)
04-08 23:52:02.654  1682  2054 D StrictMode: 	at zde.query(:com.google.android.gms@231818047@23.18.18 (190800-535401451):3)
04-08 23:52:02.654  1682  2054 D StrictMode: 	at android.content.ContentProvider.query(ContentProvider.java:1596)
04-08 23:52:02.654  1682  2054 D StrictMode: 	at hfr.superQuery(:com.google.android.gms@231818047@23.18.18 (190800-535401451):2)
04-08 23:52:02.654  1682  2054 D StrictMode: 	at com.google.android.chimera.ContentProvider.query(:com.google.android.gms@231818047@23.18.18 (190800-535401451):2)
04-08 23:52:02.654  1682  2054 D StrictMode: 	at zde.query(:com.google.android.gms@231818047@23.18.18 (190800-535401451):9)
04-08 23:52:02.654  1682  2054 D StrictMode: 	at android.content.ContentProvider.query(ContentProvider.java:1692)
04-08 23:52:02.654  1682  2054 D StrictMode: 	at hfr.superQuery(:com.google.android.gms@231818047@23.18.18 (190800-535401451):1)
04-08 23:52:02.654  1682  2054 D StrictMode: 	at com.google.android.chimera.ContentProvider.query(:com.google.android.gms@231818047@23.18.18 (190800-535401451):1)
04-08 23:52:02.654  1682  2054 D StrictMode: 	at hfr.query(:com.google.android.gms@231818047@23.18.18 (190800-535401451):2)
04-08 23:52:02.654  1682  2054 D StrictMode: 	at android.content.ContentProvider$Transport.query(ContentProvider.java:292)
04-08 23:52:02.654  1682  2054 D StrictMode: 	at android.content.ContentProviderNative.onTransact(ContentProviderNative.java:107)
04-08 23:52:02.654  1682  2054 D StrictMode: 	at android.os.Binder.execTransactInternal(Binder.java:1339)
04-08 23:52:02.654  1682  2054 D StrictMode: 	at android.os.Binder.execTransact(Binder.java:1275)
04-08 23:52:02.654  1682  2054 D StrictMode: # via Binder call with stack:
04-08 23:52:02.654  1682  2054 D StrictMode: 	at android.os.StrictMode.readAndHandleBinderCallViolations(StrictMode.java:2538)
04-08 23:52:02.654  1682  2054 D StrictMode: 	at android.os.Parcel.readExceptionCode(Parcel.java:3002)
04-08 23:52:02.654  1682  2054 D StrictMode: 	at android.database.DatabaseUtils.readExceptionFromParcel(DatabaseUtils.java:139)
04-08 23:52:02.654  1682  2054 D StrictMode: 	at android.content.ContentProviderProxy.query(ContentProviderNative.java:495)
04-08 23:52:02.654  1682  2054 D StrictMode: 	at android.content.ContentResolver.query(ContentResolver.java:1229)
04-08 23:52:02.654  1682  2054 D StrictMode: 	at android.content.ContentResolver.query(ContentResolver.java:1161)
04-08 23:52:02.654  1682  2054 D StrictMode: 	at android.content.ContentResolver.query(ContentResolver.java:1117)
04-08 23:52:02.654  1682  2054 D StrictMode: 	at com.google.android.gms.dynamite.DynamiteModule.e(PG:10)
04-08 23:52:02.654  1682  2054 D StrictMode: 	at com.google.android.gms.dynamite.DynamiteModule.b(PG:71)
04-08 23:52:02.654  1682  2054 D StrictMode: 	at com.google.android.gms.dynamite.e.b(PG:1)
04-08 23:52:02.654  1682  2054 D StrictMode: 	at com.google.android.gms.dynamite.h.a(PG:3)
04-08 23:52:02.654  1682  2054 D StrictMode: 	at com.google.android.gms.dynamite.DynamiteModule.d(PG:5)
04-08 23:52:02.654  1682  2054 D StrictMode: 	at com.google.android.gms.common.r.f(PG:4)
04-08 23:52:02.654  1682  2054 D StrictMode: 	at com.google.android.gms.common.r.d(PG:2)
04-08 23:52:02.654  1682  2054 D StrictMode: 	at com.google.android.gms.common.ac.e(PG:2)
04-08 23:52:02.654  1682  2054 D StrictMode: 	at com.google.android.gms.common.ac.i(PG:3)
04-08 23:52:02.654  1682  2054 D StrictMode: 	at com.google.android.gms.common.ac.d(PG:1)
04-08 23:52:02.654  1682  2054 D StrictMode: 	at com.google.frameworks.client.data.android.binder.a.a(PG:1)
04-08 23:52:02.654  1682  2054 D StrictMode: 	at io.grpc.binder.a.l.a(PG:5)
04-08 23:52:02.654  1682  2054 D StrictMode: 	at io.grpc.ej.a(PG:1)
04-08 23:52:02.654  1682  2054 D StrictMode: 	at com.google.apps.tiktok.tracing.contrib.grpc.h.a(PG:10)
04-08 23:52:02.654  1682  2054 D StrictMode: 	at io.grpc.ej.a(PG:1)
04-08 23:52:02.654  1682  2054 D StrictMode: 	at io.grpc.e.ku.a(PG:6)
04-08 23:52:02.654  1682  2054 D StrictMode: 	at io.grpc.e.bf.run(PG:2)
04-08 23:52:02.654  1682  2054 D StrictMode: 	at io.grpc.e.kg.run(PG:2)
04-08 23:52:02.654  1682  2054 D StrictMode: 	at com.google.android.libraries.i.ae.run(PG:1)
04-08 23:52:02.654  1682  2054 D StrictMode: 	at java.util.concurrent.ThreadPoolExecutor.runWorker(ThreadPoolExecutor.java:1145)
04-08 23:52:02.654  1682  2054 D StrictMode: 	at java.util.concurrent.ThreadPoolExecutor$Worker.run(ThreadPoolExecutor.java:644)
04-08 23:52:02.654  1682  2054 D StrictMode: 	at com.google.android.libraries.i.k.run(PG:2)
04-08 23:52:02.654  1682  2054 D StrictMode: 	at com.google.android.libraries.i.p.run(PG:4)
04-08 23:52:02.654  1682  2054 D StrictMode: 	at java.lang.Thread.run(Thread.java:1012)
04-08 23:52:02.655  2547  2547 E Parcel  : Reading a NULL string not supported here.
04-08 23:52:02.655  2547  2547 E Parcel  : Reading a NULL string not supported here.
04-08 23:52:02.657  2503  2503 D ApplicationLoaders: Returning zygote-cached class loader: /system_ext/framework/androidx.window.extensions.jar
04-08 23:52:02.657  2503  2503 D ApplicationLoaders: Returning zygote-cached class loader: /system_ext/framework/androidx.window.sidecar.jar
04-08 23:52:02.658  1682  2054 I DynamiteModule: Considering local module com.google.android.gms.googlecertificates:0 and remote module com.google.android.gms.googlecertificates:7
04-08 23:52:02.658  1682  2054 I DynamiteModule: Selected remote version of com.google.android.gms.googlecertificates, version >= 7
04-08 23:52:02.658  1682  2054 V DynamiteModule: Dynamite loader version >= 2, using loadModule2NoCrashUtils
04-08 23:52:02.667  2547  2547 E Parcel  : Reading a NULL string not supported here.
04-08 23:52:02.668  2503  2503 D nativeloader: InitLlndkLibrariesProduct: libEGL.so:libGLESv1_CM.so:libGLESv2.so:libGLESv3.so:libRS.so:libandroid_net.so:libbinder_ndk.so:libc.so:libcgrouprc.so:libclang_rt.asan-x86_64-android.so:libcom.android.tethering.connectivity_native.so:libdl.so:libft2.so:liblog.so:libm.so:libmediandk.so:libnativewindow.so:libneuralnetworks.so:libselinux.so:libsync.so:libvndksupport.so:libvulkan.so
04-08 23:52:02.669   541  2600 D CompatibilityChangeReporter: Compat change id reported: 168419799; UID 1000; state: DISABLED
04-08 23:52:02.669   541  2600 D CompatibilityChangeReporter: Compat change id reported: 273564678; UID 1000; state: DISABLED
04-08 23:52:02.669  2547  2547 E Parcel  : Reading a NULL string not supported here.
04-08 23:52:02.669  1336  1630 I OpenGLRenderer: Davey! duration=1016ms; Flags=0, FrameTimelineVsyncId=3832, IntendedVsync=18271244320, Vsync=19221244282, InputEventId=0, HandleInputStart=19228730137, AnimationStart=19228730467, PerformTraversalsStart=19228828484, DrawStart=19228972865, FrameDeadline=19254577614, FrameInterval=19228548336, FrameStartTime=16666666, SyncQueued=19229186534, SyncStart=19229214211, IssueDrawCommandsStart=19233120861, SwapBuffers=19237000380, FrameCompleted=19288005713, DequeueBufferDuration=3547, QueueBufferDuration=357169, GpuCompleted=19288005713, SwapBuffersCompleted=19278821855, DisplayPresentTime=0, CommandSubmissionCompleted=19237000380, 
04-08 23:52:02.670  2503  2503 D nativeloader: Configuring product-clns-6 for unbundled product apk /product/app/GoogleTTS/GoogleTTS.apk. target_sdk_version=33, uses_libraries=, library_path=/product/app/GoogleTTS/lib/x86_64:/product/app/GoogleTTS/GoogleTTS.apk!/lib/x86_64:/product/lib64:/system/product/lib64, permitted_path=/data:/mnt/expand:/data/user/0/com.google.android.tts:/product/lib64:/system/product/lib64
04-08 23:52:02.671  2503  2503 D nativeloader: InitVndkspLibrariesProduct: android.hardware.common-V2-ndk.so:android.hardware.common.fmq-V1-ndk.so:android.hardware.graphics.allocator-V2-ndk.so:android.hardware.graphics.common-V4-ndk.so:android.hardware.graphics.common@1.0.so:android.hardware.graphics.common@1.1.so:android.hardware.graphics.common@1.2.so:android.hardware.graphics.composer3-V1-ndk.so:android.hardware.graphics.mapper@2.0.so:android.hardware.graphics.mapper@2.1.so:android.hardware.graphics.mapper@3.0.so:android.hardware.graphics.mapper@4.0.so:android.hardware.renderscript@1.0.so:android.hidl.memory.token@1.0.so:android.hidl.memory@1.0-impl.so:android.hidl.memory@1.0.so:android.hidl.safe_union@1.0.so:libRSCpuRef.so:libRSDriver.so:libRS_internal.so:libbase.so:libbcinfo.so:libblas.so:libc++.so:libcompiler_rt.so:libcutils.so:libdmabufheap.so:libgralloctypes.so:libhardware.so:libhidlbase.so:libhidlmemory.so:libion.so:libjsoncpp.so:liblzma.so:libprocessgroup.so:libunwindstack.so:libutils.so:libutilscallstack.so:libz.so
04-08 23:52:02.673  1531  2037 I TrainerClient: Preparing to schedule training for population:aiai/sysimg/contentcapture session_name:contentcapture
04-08 23:52:03.353     0     0 E SELinux : avc:  denied  { find } for pid=2547 uid=2000 name=dnsresolver scontext=u:r:shell:s0 tcontext=u:object_r:dnsresolver_service:s0 tclass=service_manager permissive=0
04-08 23:52:02.676  2547  2547 E Parcel  : Reading a NULL string not supported here.
04-08 23:52:02.676  2547  2547 E Parcel  : Reading a NULL string not supported here.
04-08 23:52:02.680  2503  2503 V GraphicsEnvironment: Currently set values for:
04-08 23:52:02.680  2503  2503 V GraphicsEnvironment:   angle_gl_driver_selection_pkgs=[]
04-08 23:52:02.680  2503  2503 V GraphicsEnvironment:   angle_gl_driver_selection_values=[]
04-08 23:52:02.680  1682  2054 W ziparchive: Unable to open '/data/user_de/0/com.google.android.gms/app_chimera/m/00000005/GoogleCertificates.dm': No such file or directory
04-08 23:52:02.681  2503  2503 V GraphicsEnvironment: ANGLE GameManagerService for com.google.android.tts: false
04-08 23:52:02.681  2503  2503 V GraphicsEnvironment: com.google.android.tts is not listed in per-application setting
04-08 23:52:02.681  2503  2503 V GraphicsEnvironment: Neither updatable production driver nor prerelease driver is supported.
04-08 23:52:02.681  1682  2054 W ziparchive: Unable to open '/data/user_de/0/com.google.android.gms/app_chimera/m/00000005/GoogleCertificates.dm': No such file or directory
04-08 23:52:02.682  2503  2503 I MultiDex: VM with version 2.1.0 has multidex support
04-08 23:52:02.683  2503  2503 I MultiDex: Installing application
04-08 23:52:02.683  2503  2503 I MultiDex: VM has multidex support, MultiDex support library is disabled.
04-08 23:52:02.683  2503  2503 I MultiDex: Installing application
04-08 23:52:02.683  2503  2503 I MultiDex: VM has multidex support, MultiDex support library is disabled.
04-08 23:52:02.686  1531  1991 D CompatibilityChangeReporter: Compat change id reported: 247079863; UID 10127; state: ENABLED
04-08 23:52:02.687  2503  2503 D CompatibilityChangeReporter: Compat change id reported: 3400644; UID 10150; state: DISABLED
04-08 23:52:02.693  1550  2468 I BugleRcsEngine: [64] brnl.h: No RCS Configuration was found in Bugle for simID: redacted-pii:sim_id[chars:20,last3:897]
04-08 23:52:02.694  2503  2503 I faa     : SslGuard completed installation.
04-08 23:52:02.696  2503  2503 I GoogleTTSApplication: Beginning load of tts_android...
04-08 23:52:02.697  1468  1633 I JobSchedulerImpl: JobSchedulerImpl.schedule():91 Schedule task: ExpressionDataPrunePeriodicTask (id=1111301416). Success.
04-08 23:52:02.701   541   616 D CompatibilityChangeReporter: Compat change id reported: 265195908; UID 10085; state: ENABLED
04-08 23:52:02.702  2365  2365 I RevelioTipsContentProvi: enter
04-08 23:52:02.702  2365  2365 I TidepodsRevelioTipsCont: enter
04-08 23:52:02.707  1531  2456 W AiAiFed : [AiAi SimpleStorage Federated Collection] Cancelling training failed [mode=FEDERATION, population=aiai/sysimg/contentcapture, session=contentcapture]
04-08 23:52:02.707  1531  2456 W AiAiFed : java.lang.IllegalArgumentException: Unsupported response code3
04-08 23:52:02.707  1531  2456 W AiAiFed : 	at hci.run(PG:38)
04-08 23:52:02.707  1531  2456 W AiAiFed : 	at java.util.concurrent.ThreadPoolExecutor.runWorker(ThreadPoolExecutor.java:1145)
04-08 23:52:02.707  1531  2456 W AiAiFed : 	at java.util.concurrent.ThreadPoolExecutor$Worker.run(ThreadPoolExecutor.java:644)
04-08 23:52:02.707  1531  2456 W AiAiFed : 	at java.lang.Thread.run(Thread.java:1012)
04-08 23:52:02.707  1531  2439 W AiAiFed : [AiAi SimpleStorage Federated Collection] Cancelling training failed [mode=FEDERATION, population=aiai/sysimg/contentcapture, session=contentcapture]
04-08 23:52:02.707  1531  2439 W AiAiFed : qhi: UNKNOWN
04-08 23:52:02.707  1531  2439 W AiAiFed : 	at qhg.i(Unknown Source:2)
04-08 23:52:02.707  1531  2439 W AiAiFed : 	at qur.Q(PG:2)
04-08 23:52:02.707  1531  2439 W AiAiFed : 	at qkv.a(PG:3)
04-08 23:52:02.707  1531  2439 W AiAiFed : 	at qlo.run(PG:2)
04-08 23:52:02.707  1531  2439 W AiAiFed : 	at qqt.run(PG:2)
04-08 23:52:02.707  1531  2439 W AiAiFed : 	at java.util.concurrent.ThreadPoolExecutor.runWorker(ThreadPoolExecutor.java:1145)
04-08 23:52:02.707  1531  2439 W AiAiFed : 	at java.util.concurrent.ThreadPoolExecutor$Worker.run(ThreadPoolExecutor.java:644)
04-08 23:52:02.707  1531  2439 W AiAiFed : 	at java.lang.Thread.run(Thread.java:1012)
04-08 23:52:02.709   541  1758 W InputManager-JNI: Input channel object 'd287f7 com.android.settings/com.android.settings.FallbackHome (client)' was disposed without first being removed with the input manager!
04-08 23:52:02.711  1682  2093 I BistoSettingsListener: listener created
04-08 23:52:02.712   541   605 W JobScheduler: Job didn't exist in JobStore: e000bf2 #u0a127/176 com.google.android.as/androidx.work.impl.background.systemjob.SystemJobService
04-08 23:52:02.713  1531  1991 I AiAiEcho: EchoSearch: WidgetFetcherImpl is initialized with [30] widgets [reason=module initialized]
04-08 23:52:02.714  2365  2365 D CompatibilityChangeReporter: Compat change id reported: 3400644; UID 10130; state: DISABLED
04-08 23:52:02.716  2547  2547 E Parcel  : Reading a NULL string not supported here.
04-08 23:52:02.716  1468  1468 I GoogleInputMethodService: GoogleInputMethodService.onFinishInput():3227 
04-08 23:52:02.718  2365  2365 I DialerBaseApplication: onCreate
04-08 23:52:02.718  1531  1879 I LPDownloadSettingsState: Defaulting LP download condition to WIFI_ONLY as user has not edited settings.
04-08 23:52:02.719  1531  1879 I DefaultLPManager: #getAvailablePackages
04-08 23:52:02.719  1531  1879 I lpi     : #getDownloadableLanguagePacks
04-08 23:52:02.719  1531  1940 I AiAiEcho: AppPredictionInputConnectorImpl#createPredictionSession
04-08 23:52:02.720  1468  1468 I GoogleInputMethodService: GoogleInputMethodService.updateDeviceLockedStatus():2087 repeatCheckTimes = 0, unlocked = true
04-08 23:52:02.720  1468  1468 I GoogleInputMethodService: GoogleInputMethodService.onStartInput():1877 onStartInput(EditorInfo{inputType=0x0(NULL) imeOptions=0x0 privateImeOptions=null actionName=UNSPECIFIED actionLabel=null actionId=0 initialSelStart=-1 initialSelEnd=-1 initialCapsMode=0x0 hintText=null label=null packageName=com.google.android.apps.nexuslauncher fieldId=0 fieldName=null extras=null}, false)
04-08 23:52:02.720  1468  1468 I GoogleInputMethodService: GoogleInputMethodService.shouldHideHeaderOnInitialState():4008 ShouldHideHeaderOnInitialState = false
04-08 23:52:02.721  1531  1879 W SystemLPSourceImpl: #getAvailablePackages: Note there is not reason to call this method, as getInstalledPackages() returns the same LanguagePacks for this impl.
04-08 23:52:02.721  1531  1879 I DefaultLPManager: #getInstalledPackages
04-08 23:52:02.721  1531  1879 I lpi     : #getInstalledPackages
04-08 23:52:02.722  1531  1879 I DefaultLPManager: #getInstalledPackages
04-08 23:52:02.722  1531  1879 I lpi     : #getInstalledPackages
04-08 23:52:02.722  1531  1879 I DefaultLPManager: #getRequestedPackages
04-08 23:52:02.727  2546  2546 D CompatibilityChangeReporter: Compat change id reported: 171979766; UID 1000; state: ENABLED
04-08 23:52:02.727  2546  2546 D CompatibilityChangeReporter: Compat change id reported: 242716250; UID 1000; state: ENABLED
04-08 23:52:02.728  1468  1468 I GoogleInputMethodService: GoogleInputMethodService.updateDeviceLockedStatus():2087 repeatCheckTimes = 2, unlocked = true
