04-08 00:49:15.981  1338  1338 D SearchTargetUtil: layoutType=short_icon_row resultType=131072 packageName=com.google.android.googlequicksearchbox extras=Bundle{suggestion_type=33,suggest_truncate_start=false,is_answer=false,is_entity=false,is_personal=false,suggest_raw_text=cleetus nascar race,group_id=web17628,response_id=f7918185-202e-402d-8f8f-b0a0a819c55d,support_query_builder=false,} searchAction=cleetus nascar race searchActionExtras=Bundle{learn_more_url=https://support.google.com/websearch/answer/106230?hl=106230,suggestion_action_text=Report this,should_start_for_result=true,allow_pinning=true,skip_logging_in_target_handler=false,suggestion_action_rpc=2,}ParentID: null targetID: e55e3c60-be76-456c-b40a-42a8f7dd86f5
04-08 00:49:15.981  1338  1338 D SearchTargetUtil: layoutType=short_icon_row resultType=131072 packageName=com.google.android.googlequicksearchbox extras=Bundle{suggestion_type=33,suggest_truncate_start=false,is_answer=false,is_entity=false,is_personal=false,suggest_raw_text=2026 honda pilot 2027 kia telluride,group_id=web17628,response_id=f7918185-202e-402d-8f8f-b0a0a819c55d,support_query_builder=false,} searchAction=2026 honda pilot 2027 kia telluride searchActionExtras=Bundle{learn_more_url=https://support.google.com/websearch/answer/106230?hl=106230,suggestion_action_text=Report this,should_start_for_result=true,allow_pinning=true,skip_logging_in_target_handler=false,suggestion_action_rpc=2,}ParentID: null targetID: fe6b987f-0bbe-4319-9603-919ca2ab267e
04-08 00:49:15.981  1338  1338 D SearchTargetUtil: layoutType=short_icon_row resultType=131072 packageName=com.google.android.googlequicksearchbox extras=Bundle{suggestion_type=33,suggest_truncate_start=false,is_answer=false,is_entity=false,is_personal=false,suggest_raw_text=apple refurbished macbook pro m5,group_id=web17628,response_id=f7918185-202e-402d-8f8f-b0a0a819c55d,support_query_builder=false,} searchAction=apple refurbished macbook pro m5 searchActionExtras=Bundle{learn_more_url=https://support.google.com/websearch/answer/106230?hl=106230,suggestion_action_text=Report this,should_start_for_result=true,allow_pinning=true,skip_logging_in_target_handler=false,suggestion_action_rpc=2,}ParentID: null targetID: a110b421-f5bd-4d73-9e4d-2816355c45c6
04-08 00:49:15.981  1338  1338 D SearchTargetUtil: layoutType=short_icon_row resultType=131072 packageName=com.google.android.googlequicksearchbox extras=Bundle{suggestion_type=33,suggest_truncate_start=false,is_answer=false,is_entity=false,is_personal=false,suggest_raw_text=nyt connections answers,group_id=web17628,response_id=f7918185-202e-402d-8f8f-b0a0a819c55d,support_query_builder=false,} searchAction=nyt connections answers searchActionExtras=Bundle{learn_more_url=https://support.google.com/websearch/answer/106230?hl=106230,suggestion_action_text=Report this,should_start_for_result=true,allow_pinning=true,skip_logging_in_target_handler=false,suggestion_action_rpc=2,}ParentID: null targetID: e7756a5d-8c73-44d5-8483-4c045c610500
04-08 00:49:15.981  1338  1338 D SearchTargetUtil: layoutType=short_icon_row resultType=131072 packageName=com.google.android.googlequicksearchbox extras=Bundle{suggestion_type=33,suggest_truncate_start=false,is_answer=false,is_entity=false,is_personal=false,suggest_raw_text=tokyo cherry blossom trees falling,group_id=web17628,response_id=f7918185-202e-402d-8f8f-b0a0a819c55d,support_query_builder=false,} searchAction=tokyo cherry blossom trees falling searchActionExtras=Bundle{learn_more_url=https://support.google.com/websearch/answer/106230?hl=106230,suggestion_action_text=Report this,should_start_for_result=true,allow_pinning=true,skip_logging_in_target_handler=false,suggestion_action_rpc=2,}ParentID: null targetID: 71836ea8-540a-4d64-8386-c7d09db8d4bf
04-08 00:49:15.981  1338  1338 D SearchTargetUtil: layoutType=short_icon_row resultType=131072 packageName=com.google.android.googlequicksearchbox extras=Bundle{suggestion_type=33,suggest_truncate_start=false,is_answer=false,is_entity=false,is_personal=false,suggest_raw_text=southeast michigan tornado warning,group_id=web17628,response_id=f7918185-202e-402d-8f8f-b0a0a819c55d,support_query_builder=false,} searchAction=southeast michigan tornado warning searchActionExtras=Bundle{learn_more_url=https://support.google.com/websearch/answer/106230?hl=106230,suggestion_action_text=Report this,should_start_for_result=true,allow_pinning=true,skip_logging_in_target_handler=false,suggestion_action_rpc=2,}ParentID: null targetID: 57ffaa3a-48e2-45ff-b7ae-656306035292
04-08 00:49:15.981  1338  1338 D SearchTargetUtil: layoutType=short_icon_row resultType=131072 packageName=com.google.android.googlequicksearchbox extras=Bundle{suggestion_type=33,suggest_truncate_start=false,is_answer=false,is_entity=false,is_personal=false,suggest_raw_text=ramesses vazquez viana plane crash,group_id=web17628,response_id=f7918185-202e-402d-8f8f-b0a0a819c55d,support_query_builder=false,} searchAction=ramesses vazquez viana plane crash searchActionExtras=Bundle{learn_more_url=https://support.google.com/websearch/answer/106230?hl=106230,suggestion_action_text=Report this,should_start_for_result=true,allow_pinning=true,skip_logging_in_target_handler=false,suggestion_action_rpc=2,}ParentID: null targetID: d4a51eb3-627a-4785-9de3-afa741d69509
04-08 00:49:15.981  1338  1338 D SearchTargetUtil: layoutType=short_icon_row resultType=131072 packageName=com.google.android.googlequicksearchbox extras=Bundle{suggestion_type=33,suggest_truncate_start=false,is_answer=false,is_entity=false,is_personal=false,suggest_raw_text=andrej karpathy llm knowledge bases,group_id=web17628,response_id=f7918185-202e-402d-8f8f-b0a0a819c55d,support_query_builder=false,} searchAction=andrej karpathy llm knowledge bases searchActionExtras=Bundle{learn_more_url=https://support.google.com/websearch/answer/106230?hl=106230,suggestion_action_text=Report this,should_start_for_result=true,allow_pinning=true,skip_logging_in_target_handler=false,suggestion_action_rpc=2,}ParentID: null targetID: 88b27a6f-0fc7-403e-a6f5-8354351ff6ce
04-08 00:49:15.981  1338  1338 D SearchTargetUtil: layoutType=short_icon_row resultType=131072 packageName=com.google.android.googlequicksearchbox extras=Bundle{suggestion_type=33,suggest_truncate_start=false,is_answer=false,is_entity=false,is_personal=false,suggest_raw_text=nike air max 90 pink denim,group_id=web17628,response_id=f7918185-202e-402d-8f8f-b0a0a819c55d,support_query_builder=false,} searchAction=nike air max 90 pink denim searchActionExtras=Bundle{learn_more_url=https://support.google.com/websearch/answer/106230?hl=106230,suggestion_action_text=Report this,should_start_for_result=true,allow_pinning=true,skip_logging_in_target_handler=false,suggestion_action_rpc=2,}ParentID: null targetID: de6d661a-cf68-489f-9656-7b3f2831bbb9
04-08 00:49:15.981  1338  1338 D SearchTargetUtil: layoutType=short_icon_row resultType=131072 packageName=com.google.android.googlequicksearchbox extras=Bundle{suggestion_type=33,suggest_truncate_start=false,is_answer=false,is_entity=false,is_personal=false,suggest_raw_text=centennial high school teachers,group_id=web17628,response_id=f7918185-202e-402d-8f8f-b0a0a819c55d,support_query_builder=false,} searchAction=centennial high school teachers searchActionExtras=Bundle{learn_more_url=https://support.google.com/websearch/answer/106230?hl=106230,suggestion_action_text=Report this,should_start_for_result=true,allow_pinning=true,skip_logging_in_target_handler=false,suggestion_action_rpc=2,}ParentID: null targetID: 7b851911-fc40-4476-accb-3e0e16425ce1
04-08 00:49:15.983  2463  2463 E gle.android.tts: Not starting debugger since process cannot load the jdwp agent.
04-08 00:49:15.985   420   434 W ServiceManagerCppClient: Permission failure: android.permission.ROTATE_SURFACE_FLINGER from uid=10132 pid=1673
04-08 00:49:15.985   420   434 D PermissionCache: checking android.permission.ROTATE_SURFACE_FLINGER for uid=10132 => denied (1336 us)
04-08 00:49:15.985   976   976 W WindowOnBackDispatcher: sendCancelIfRunning: isInProgress=falsecallback=android.app.Activity$$ExternalSyntheticLambda0@8cb477a
04-08 00:49:15.985  2137  2399 I BugleTransport: onSystemBound: kicking off updateActiveTransport
04-08 00:49:15.986   420   434 W ServiceManagerCppClient: Permission failure: android.permission.INTERNAL_SYSTEM_WINDOW from uid=10132 pid=1673
04-08 00:49:15.986   420   434 D PermissionCache: checking android.permission.INTERNAL_SYSTEM_WINDOW for uid=10132 => denied (838 us)
04-08 00:49:15.986   546   736 D CoreBackPreview: Window{37b0599 u0 com.android.settings/com.android.settings.FallbackHome}: Setting back callback null
04-08 00:49:15.986   420   434 W ServiceManagerCppClient: Permission failure: android.permission.ACCESS_SURFACE_FLINGER from uid=10132 pid=1673
04-08 00:49:15.986   420   434 D PermissionCache: checking android.permission.ACCESS_SURFACE_FLINGER for uid=10132 => denied (88 us)
04-08 00:49:15.986  2137  2399 I BugleRcsProvisioning: RcsProvisioningTrigger: System bound to :rcs process. Schedule provisioning.
04-08 00:49:15.992   546  2397 D PackageManager: Instant App installer not found with android.intent.action.INSTALL_INSTANT_APP_PACKAGE
04-08 00:49:15.992   762   762 D TileServices: Couldn't find tile for ComponentInfo{com.google.android.apps.wellbeing/com.google.android.apps.wellbeing.screen.ui.GrayscaleTileService}(0)
04-08 00:49:15.993  1673  2221 D libEGL  : loaded /vendor/lib64/egl/libEGL_emulation.so
04-08 00:49:15.993   546  2397 D PackageManager: Clear ephemeral installer activity
04-08 00:49:16.000   546   577 W ActivityManager: Slow operation: 155ms so far, now at startProcess: done updating battery stats
04-08 00:49:16.000   546   577 W ActivityManager: Slow operation: 155ms so far, now at startProcess: building log message
04-08 00:49:16.000   546   577 I ActivityManager: Start proc 2483:com.google.android.onetimeinitializer/u0a125 for broadcast {com.google.android.onetimeinitializer/com.google.android.onetimeinitializer.OneTimeInitializerReceiver}
04-08 00:49:16.000   546   577 W ActivityManager: Slow operation: 155ms so far, now at startProcess: starting to update pids map
04-08 00:49:16.000   546   577 W ActivityManager: Slow operation: 155ms so far, now at startProcess: done updating pids map
04-08 00:49:16.000   546   577 W ActivityManager: Slow operation: 150ms so far, now at startProcess: asking zygote to start proc
04-08 00:49:16.001  1541  1861 I AiAiEcho: AppPredictionInputConnectorImpl#createPredictionSession
04-08 00:49:16.002  1474  1787 I SP      : Syncing emoticon_content_description (2022081613) with slices: [7a635888cb828dfa2fc744b7b9b50f04], metadata: false
04-08 00:49:16.004  1673  2221 D libEGL  : loaded /vendor/lib64/egl/libGLESv1_CM_emulation.so
04-08 00:49:16.004  1474  1787 I SP      : Syncing emoticon_content_description (2022081613) with slices: [7a635888cb828dfa2fc744b7b9b50f04], metadata: false
04-08 00:49:16.007  1673  2221 D libEGL  : loaded /vendor/lib64/egl/libGLESv2_emulation.so
04-08 00:49:16.011   546   559 D CompatibilityChangeReporter: Compat change id reported: 168419799; UID 10150; state: DISABLED
04-08 00:49:16.012   546   559 D CompatibilityChangeReporter: Compat change id reported: 273564678; UID 10150; state: DISABLED
04-08 00:49:16.014  1673  2056 I A       : RenderableStreamDataSource#loadData - sessionStatus(SUCCESS)
04-08 00:49:16.017  2137  2395 I CarrierServices: [53] brnl.h: No RCS Configuration was found in Bugle for simID: redacted-pii:sim_id[chars:20,last3:897]
04-08 00:49:16.041   546   619 D CompatibilityChangeReporter: Compat change id reported: 265195908; UID 10150; state: ENABLED
04-08 00:49:16.045   546   560 D CompatibilityChangeReporter: Compat change id reported: 168419799; UID 10086; state: DISABLED
04-08 00:49:16.045   546   560 D CompatibilityChangeReporter: Compat change id reported: 273564678; UID 10086; state: DISABLED
04-08 00:49:16.046  2137  2399 I Bugle   : TelephonyManagerFactory: Returning per-subscription TelephonyManager (>= N) subscription{id:1}
04-08 00:49:16.049  1541  1915 I SP.AiAi : Sync for text-classifier-annotator succeeded in 761 ms: no changes
04-08 00:49:16.049  1541  1915 I SP.AiAi : Sync for text-classifier-actions succeeded in 744 ms: no changes
04-08 00:49:16.049  1541  1915 I SP.AiAi : GC for 'kg_collections_table' (10) with ttl of 0 ms took 0 ms (0/0/0)
04-08 00:49:16.049  1541  1915 I SP.AiAi : GC for 'text-classifier-annotator' (10) with ttl of 0 ms took 0 ms (0/0/0)
04-08 00:49:16.049  1541  1915 I SP.AiAi : GC for 'text-classifier-actions' (10) with ttl of 0 ms took 0 ms (0/0/0)
04-08 00:49:16.050  1541  1915 I SP.AiAi : Sync for actions-ranking-table succeeded in 552 ms: no changes
04-08 00:49:16.050  1541  1915 I SP.AiAi : Sync for text-classifier-langid succeeded in 492 ms: no changes
04-08 00:49:16.050  1541  1915 I SP.AiAi : GC for 'actions-ranking-table' (10) with ttl of 0 ms took 0 ms (0/0/0)
04-08 00:49:16.050  1541  2325 I AiAiTextClassifier: [ResourceDownloaderImpl]: downloadResource(): Successfully downloaded superpack 'kg_collections_table', download version 21051103.
04-08 00:49:16.051  1541  2322 I AiAiTextClassifier: [ResourceDownloaderImpl]: downloadResource(): Successfully downloaded superpack 'text-classifier-annotator', download version 272525175.
04-08 00:49:16.051  1541  2324 I AiAiTextClassifier: [ResourceDownloaderImpl]: downloadResource(): Successfully downloaded superpack 'text-classifier-actions', download version 1140547708.
04-08 00:49:16.052  1541  1915 I SP.AiAi : GC for 'text-classifier-langid' (10) with ttl of 0 ms took 1 ms (1/0/0)
04-08 00:49:16.052  1541  2322 I AiAiTextClassifier: [ResourceDownloaderImpl]: downloadResource(): Successfully downloaded superpack 'text-classifier-langid', download version 1941001461.
04-08 00:49:16.052  1541  2324 I AiAiTextClassifier: [ResourceDownloaderImpl]: downloadResource(): Successfully downloaded superpack 'actions-ranking-table', download version 211005.
04-08 00:49:16.057  1541  1880 I WM-WorkerWrapper: Worker result SUCCESS for Work [ id=f2fd283e-d66f-489b-a363-9376f1e483de, tags={ com.google.android.apps.miphone.aiai.chronicle.impl.packagemonitor.PackageMonitoringWorker, PackageMonitoringWorker } ]
04-08 00:49:16.058  1541  1880 I WM-WorkerWrapper: Worker result SUCCESS for Work [ id=85bd681c-3941-4164-8427-7371536910c6, tags={ com.google.android.apps.miphone.aiai.chronicle.data.storage.datacache.workmanager.UpdateDataCacheStorageWorker, UpdateDataCacheStorageWorker } ]
04-08 00:49:16.094  1539  2285 D CompatibilityChangeReporter: Compat change id reported: 263076149; UID 10170; state: ENABLED
04-08 00:49:16.094  1541  2334 I AiAiEcho: SearchBE[AppFetcherV2][PROCESSING]:is initialized with [18] apps [time=766306128, reason=module is initialized.]
04-08 00:49:16.116   546   606 D ConnectivityService: requestNetwork for uid/pid:10155/1634 activeRequest: null callbackRequest: 80 [NetworkRequest [ REQUEST id=81, [ Capabilities: INTERNET&NOT_RESTRICTED&TRUSTED&NOT_VCN_MANAGED Uid: 10155 RequestorUid: 10155 RequestorPkg: com.google.android.apps.youtube.music UnderlyingNetworks: Null] ]] callback flags: 0 order: 2147483647
04-08 00:49:16.119  2483  2483 E timeinitializer: Not starting debugger since process cannot load the jdwp agent.
04-08 00:49:16.120  2137  2389 I CarrierServices: [51] brnl.h: No RCS Configuration was found in Bugle for simID: redacted-pii:sim_id[chars:20,last3:897]
04-08 00:49:16.127   546   606 W InputManager-JNI: Input channel object '37b0599 com.android.settings/com.android.settings.FallbackHome (client)' was disposed without first being removed with the input manager!
04-08 00:49:16.141   356   356 D Zygote  : Forked child process 2525
04-08 00:49:16.147   546  1628 D ConnectivityService: requestNetwork for uid/pid:10132/1673 activeRequest: null callbackRequest: 82 [NetworkRequest [ REQUEST id=83, [ Capabilities: INTERNET&NOT_RESTRICTED&TRUSTED&NOT_VCN_MANAGED Uid: 10132 RequestorUid: 10132 RequestorPkg: com.google.android.googlequicksearchbox UnderlyingNetworks: Null] ]] callback flags: 0 order: 2147483647
04-08 00:49:16.152  1634  2122 D CompatibilityChangeReporter: Compat change id reported: 263076149; UID 10155; state: DISABLED
04-08 00:49:16.156  2137  2389 W BugleAction: Failed to get msisdn from Bugle
04-08 00:49:16.156  2137  2389 I Bugle   : RcsAvailabilityUtilForProvisioningEngineV2: updateAvailabilityAsync, hint: NO_HINT
04-08 00:49:16.156  2137  2389 I BugleRcsProvisioning: RcsAvailabilityUpdaterLocal: updateAvailabilityAsync: scheduling updateRcsAvailability call, hint: NO_HINT, enableWelcomePopupWithoutGoogleTos: false, reshowSuccessPopup: false
04-08 00:49:16.156  2137  2389 W BugleAction: Failed to get msisdn from RcsProfileService
04-08 00:49:16.156  2137  2389 W BugleAction: cksi: Jibe SDK Service not available. Is the Jibe SDK service running? Did you call connect() and wait for the notification before calling an API function?
04-08 00:49:16.156  2137  2389 W BugleAction: 	at cksa.b(PG:2)
04-08 00:49:16.156  2137  2389 W BugleAction: 	at com.google.android.rcs.client.profile.RcsProfileService.g(PG:1)
04-08 00:49:16.156  2137  2389 W BugleAction: 	at com.google.android.rcs.client.profile.RcsProfileService.getMsisdn(PG:3)
04-08 00:49:16.156  2137  2389 W BugleAction: 	at awsw.aj(PG:17)
04-08 00:49:16.156  2137  2389 W BugleAction: 	at awsw.z(PG:2)
04-08 00:49:16.156  2137  2389 W BugleAction: 	at aule.k(PG:1)
04-08 00:49:16.156  2137  2389 W BugleAction: 	at aulc.call(Unknown Source:2)
04-08 00:49:16.156  2137  2389 W BugleAction: 	at cnsg.a(PG:1)
04-08 00:49:16.156  2137  2389 W BugleAction: 	at cnpm.a(PG:3)
04-08 00:49:16.156  2137  2389 W BugleAction: 	at ctfv.a(PG:1)
04-08 00:49:16.156  2137  2389 W BugleAction: 	at ctet.run(PG:4)
04-08 00:49:16.156  2137  2389 W BugleAction: 	at ctfx.run(PG:1)
04-08 00:49:16.156  2137  2389 W BugleAction: 	at bxfd.run(PG:1)
04-08 00:49:16.156  2137  2389 W BugleAction: 	at java.util.concurrent.ThreadPoolExecutor.runWorker(ThreadPoolExecutor.java:1145)
04-08 00:49:16.156  2137  2389 W BugleAction: 	at java.util.concurrent.ThreadPoolExecutor$Worker.run(ThreadPoolExecutor.java:644)
04-08 00:49:16.156  2137  2389 W BugleAction: 	at bxef.run(PG:2)
04-08 00:49:16.156  2137  2389 W BugleAction: 	at java.lang.Thread.run(Thread.java:1012)
04-08 00:49:16.156  2137  2389 W BugleAction: 	at bxfj.run(PG:5)
04-08 00:49:16.162   546   682 D ConnectivityService: NetReassign [81 : null → 100] [c 38] [a 1] [i 0]
04-08 00:49:16.180  1673  2221 W OpenGLRenderer: Failed to initialize 101010-2 format, error = EGL_SUCCESS
04-08 00:49:16.186   546   675 D WifiNetworkFactory: got request NetworkRequest [ REQUEST id=81, [ Capabilities: INTERNET&NOT_RESTRICTED&TRUSTED&NOT_VCN_MANAGED Uid: 10155 RequestorUid: 10155 RequestorPkg: com.google.android.apps.youtube.music UnderlyingNetworks: Null] ]
04-08 00:49:16.186   546   675 D UntrustedWifiNetworkFactory: got request NetworkRequest [ REQUEST id=81, [ Capabilities: INTERNET&NOT_RESTRICTED&TRUSTED&NOT_VCN_MANAGED Uid: 10155 RequestorUid: 10155 RequestorPkg: com.google.android.apps.youtube.music UnderlyingNetworks: Null] ]
04-08 00:49:16.186   546   675 D OemPaidWifiNetworkFactory: got request NetworkRequest [ REQUEST id=81, [ Capabilities: INTERNET&NOT_RESTRICTED&TRUSTED&NOT_VCN_MANAGED Uid: 10155 RequestorUid: 10155 RequestorPkg: com.google.android.apps.youtube.music UnderlyingNetworks: Null] ]
04-08 00:49:16.186   546   675 D MultiInternetWifiNetworkFactory: got request NetworkRequest [ REQUEST id=81, [ Capabilities: INTERNET&NOT_RESTRICTED&TRUSTED&NOT_VCN_MANAGED Uid: 10155 RequestorUid: 10155 RequestorPkg: com.google.android.apps.youtube.music UnderlyingNetworks: Null] ]
04-08 00:49:16.191  2471  2471 D CompatibilityChangeReporter: Compat change id reported: 171979766; UID 10086; state: ENABLED
04-08 00:49:16.191  2471  2471 D CompatibilityChangeReporter: Compat change id reported: 242716250; UID 10086; state: ENABLED
04-08 00:49:16.193  2525  2525 I .localtransport: Using CollectorTypeCC GC.
04-08 00:49:16.194  2525  2525 W .localtransport: Unexpected CPU variant for x86: x86_64.
04-08 00:49:16.194  2525  2525 W .localtransport: Known variants: atom, sandybridge, silvermont, goldmont, goldmont-plus, tremont, kabylake, default
04-08 00:49:16.200  2137  2399 I BugleRcsProvisioning: scheduleProvisioning using legacy code path
04-08 00:49:16.200  2137  2399 W CarrierServices: [54] brcu.d: [SR]: Single Registration is disabled. Skipping Single Registration capability check for subId: 1, OS.isAtLeastS:[true], enableSingleRegistrationProvisioning:[false]
04-08 00:49:16.203   546   682 D ConnectivityService: NetReassign [83 : null → 100] [c 0] [a 27] [i 0]
04-08 00:49:16.207   546   675 D WifiNetworkFactory: got request NetworkRequest [ REQUEST id=83, [ Capabilities: INTERNET&NOT_RESTRICTED&TRUSTED&NOT_VCN_MANAGED Uid: 10132 RequestorUid: 10132 RequestorPkg: com.google.android.googlequicksearchbox UnderlyingNetworks: Null] ]
04-08 00:49:16.207   546   675 D UntrustedWifiNetworkFactory: got request NetworkRequest [ REQUEST id=83, [ Capabilities: INTERNET&NOT_RESTRICTED&TRUSTED&NOT_VCN_MANAGED Uid: 10132 RequestorUid: 10132 RequestorPkg: com.google.android.googlequicksearchbox UnderlyingNetworks: Null] ]
04-08 00:49:16.207   546   675 D OemPaidWifiNetworkFactory: got request NetworkRequest [ REQUEST id=83, [ Capabilities: INTERNET&NOT_RESTRICTED&TRUSTED&NOT_VCN_MANAGED Uid: 10132 RequestorUid: 10132 RequestorPkg: com.google.android.googlequicksearchbox UnderlyingNetworks: Null] ]
04-08 00:49:16.207   546   675 D MultiInternetWifiNetworkFactory: got request NetworkRequest [ REQUEST id=83, [ Capabilities: INTERNET&NOT_RESTRICTED&TRUSTED&NOT_VCN_MANAGED Uid: 10132 RequestorUid: 10132 RequestorPkg: com.google.android.googlequicksearchbox UnderlyingNetworks: Null] ]
04-08 00:49:16.209   546   614 D CompatibilityChangeReporter: Compat change id reported: 170503758; UID 10086; state: ENABLED
04-08 00:49:16.210  2471  2471 D CompatibilityChangeReporter: Compat change id reported: 3400644; UID 10086; state: ENABLED
04-08 00:49:16.213  2525  2525 E .localtransport: Not starting debugger since process cannot load the jdwp agent.
04-08 00:49:16.216  2463  2463 D CompatibilityChangeReporter: Compat change id reported: 171979766; UID 10150; state: ENABLED
04-08 00:49:16.216  2463  2463 D CompatibilityChangeReporter: Compat change id reported: 242716250; UID 10150; state: DISABLED
04-08 00:49:16.233   546   577 W ActivityManager: Slow operation: 325ms so far, now at startProcess: returned from zygote!
04-08 00:49:16.249  2137  2395 W CarrierServices: [53] brcu.d: [SR]: Single Registration is disabled. Skipping Single Registration capability check for subId: 1, OS.isAtLeastS:[true], enableSingleRegistrationProvisioning:[false]
04-08 00:49:16.249  2137  2395 I CarrierServices: [53] brnl.e: No RCS Configuration was found in Bugle for simID: redacted-pii:sim_id[chars:20,last3:897]
04-08 00:49:16.249  2137  2395 I BugleRcsProvisioning: RcsAvailabilityUpdaterLocal: RcsAvailability configuration availability and enabled status: simId: redacted-pii:sim_id[chars:20,last3:897], SipConnectionType: DUAL_REG, isConfigurationAvailableAndEnabled: false
04-08 00:49:16.249  2137  2395 I BugleRcsProvisioning: RcsAvailabilityUpdaterLocal: updateRcsAvailability, currentAvailability: 1, newAvailability: 9, hint: NO_HINT
04-08 00:49:16.978     0     0 I servicemanager: Could not find android.hardware.graphics.allocator.IAllocator/default in the VINTF manifest.
04-08 00:49:16.269  1673  2056 I A       : RenderableStreamDataSource#loadData - cacheHit
04-08 00:49:16.270  1673  2056 I A       : RenderableStreamDataSource#loadData - succeed, cache status: Cache hit
04-08 00:49:16.291  2137  2389 W SubscriptionMetadataUti: Bugle: SubscriptionMetadataUtils get: unexpected subId = -2, replacing with -1
04-08 00:49:16.291  2137  2389 W SubscriptionMetadataUti: cpwb: FULL
04-08 00:49:16.291  2137  2389 W SubscriptionMetadataUti: 	at bdsy.h(PG:6)
04-08 00:49:16.291  2137  2389 W SubscriptionMetadataUti: 	at bdvp.a(PG:1)
04-08 00:49:16.291  2137  2389 W SubscriptionMetadataUti: 	at bgit.<init>(PG:1)
04-08 00:49:16.291  2137  2389 W SubscriptionMetadataUti: 	at bgiu.a(PG:1)
04-08 00:49:16.291  2137  2389 W SubscriptionMetadataUti: 	at awsw.ai(PG:3)
04-08 00:49:16.291  2137  2389 W SubscriptionMetadataUti: 	at awsw.aj(PG:25)
04-08 00:49:16.291  2137  2389 W SubscriptionMetadataUti: 	at awsw.z(PG:2)
04-08 00:49:16.291  2137  2389 W SubscriptionMetadataUti: 	at aule.k(PG:1)
04-08 00:49:16.291  2137  2389 W SubscriptionMetadataUti: 	at aulc.call(Unknown Source:2)
04-08 00:49:16.291  2137  2389 W SubscriptionMetadataUti: 	at cnsg.a(PG:1)
04-08 00:49:16.291  2137  2389 W SubscriptionMetadataUti: 	at cnpm.a(PG:3)
04-08 00:49:16.291  2137  2389 W SubscriptionMetadataUti: 	at ctfv.a(PG:1)
04-08 00:49:16.291  2137  2389 W SubscriptionMetadataUti: 	at ctet.run(PG:4)
04-08 00:49:16.291  2137  2389 W SubscriptionMetadataUti: 	at ctfx.run(PG:1)
04-08 00:49:16.291  2137  2389 W SubscriptionMetadataUti: 	at bxfd.run(PG:1)
04-08 00:49:16.291  2137  2389 W SubscriptionMetadataUti: 	at java.util.concurrent.ThreadPoolExecutor.runWorker(ThreadPoolExecutor.java:1145)
04-08 00:49:16.291  2137  2389 W SubscriptionMetadataUti: 	at java.util.concurrent.ThreadPoolExecutor$Worker.run(ThreadPoolExecutor.java:644)
04-08 00:49:16.291  2137  2389 W SubscriptionMetadataUti: 	at bxef.run(PG:2)
04-08 00:49:16.291  2137  2389 W SubscriptionMetadataUti: 	at java.lang.Thread.run(Thread.java:1012)
04-08 00:49:16.291  2137  2389 W SubscriptionMetadataUti: 	at bxfj.run(PG:5)
04-08 00:49:16.323  2137  2389 I Bugle   : TelephonyManagerFactory: Returning per-subscription TelephonyManager (>= N) subscription{id:-1}
04-08 00:49:16.325  2137  2389 I BugleBackup: Registering preference change listener for "buglesub_-1".
04-08 00:49:16.326  2137  2389 W SubscriptionMetadataUti: Bugle: SubscriptionMetadataUtils get: unexpected subId = -2, replacing with -1
04-08 00:49:16.326  2137  2389 W SubscriptionMetadataUti: cpwb: FULL
04-08 00:49:16.326  2137  2389 W SubscriptionMetadataUti: 	at bdsy.h(PG:6)
04-08 00:49:16.326  2137  2389 W SubscriptionMetadataUti: 	at bgit.<init>(PG:2)
04-08 00:49:16.326  2137  2389 W SubscriptionMetadataUti: 	at bgiu.a(PG:1)
04-08 00:49:16.326  2137  2389 W SubscriptionMetadataUti: 	at awsw.ai(PG:3)
04-08 00:49:16.326  2137  2389 W SubscriptionMetadataUti: 	at awsw.aj(PG:25)
04-08 00:49:16.326  2137  2389 W SubscriptionMetadataUti: 	at awsw.z(PG:2)
04-08 00:49:16.326  2137  2389 W SubscriptionMetadataUti: 	at aule.k(PG:1)
04-08 00:49:16.326  2137  2389 W SubscriptionMetadataUti: 	at aulc.call(Unknown Source:2)
04-08 00:49:16.326  2137  2389 W SubscriptionMetadataUti: 	at cnsg.a(PG:1)
04-08 00:49:16.326  2137  2389 W SubscriptionMetadataUti: 	at cnpm.a(PG:3)
04-08 00:49:16.326  2137  2389 W SubscriptionMetadataUti: 	at ctfv.a(PG:1)
04-08 00:49:16.326  2137  2389 W SubscriptionMetadataUti: 	at ctet.run(PG:4)
04-08 00:49:16.326  2137  2389 W SubscriptionMetadataUti: 	at ctfx.run(PG:1)
04-08 00:49:16.326  2137  2389 W SubscriptionMetadataUti: 	at bxfd.run(PG:1)
04-08 00:49:16.326  2137  2389 W SubscriptionMetadataUti: 	at java.util.concurrent.ThreadPoolExecutor.runWorker(ThreadPoolExecutor.java:1145)
04-08 00:49:16.326  2137  2389 W SubscriptionMetadataUti: 	at java.util.concurrent.ThreadPoolExecutor$Worker.run(ThreadPoolExecutor.java:644)
04-08 00:49:16.326  2137  2389 W SubscriptionMetadataUti: 	at bxef.run(PG:2)
04-08 00:49:16.326  2137  2389 W SubscriptionMetadataUti: 	at java.lang.Thread.run(Thread.java:1012)
04-08 00:49:16.326  2137  2389 W SubscriptionMetadataUti: 	at bxfj.run(PG:5)
04-08 00:49:16.328   546  2505 D ConnectivityService: requestNetwork for uid/pid:10131/1549 activeRequest: null callbackRequest: 84 [NetworkRequest [ REQUEST id=85, [ Capabilities: INTERNET&NOT_RESTRICTED&TRUSTED&NOT_VCN_MANAGED Uid: 10131 RequestorUid: 10131 RequestorPkg: com.google.android.apps.messaging UnderlyingNetworks: Null] ]] callback flags: 0 order: 2147483647
04-08 00:49:16.334  2137  2399 I BugleRcsProvisioning: RcsProvisioningTrigger: DR is active, initializing DR provisioning. DUAL_REG
04-08 00:49:16.334  2137  2454 I Bugle   : BroadcastReceiverAsyncWorkTracker: Acknowledging broadcast of com.google.android.apps.messaging.rcsprovisioning.RcsProvisioningBroadcastReceiver@c15f77
04-08 00:49:16.335  2137  2540 W CarrierServices: [61] brcu.d: [SR]: Single Registration is disabled. Skipping Single Registration capability check for subId: 1, OS.isAtLeastS:[true], enableSingleRegistrationProvisioning:[false]
04-08 00:49:16.337  2137  2389 W SubscriptionMetadataUti: Bugle: SubscriptionMetadataUtils get: unexpected subId = -2, replacing with -1
04-08 00:49:16.337  2137  2389 W SubscriptionMetadataUti: cpwb: FULL
04-08 00:49:16.337  2137  2389 W SubscriptionMetadataUti: 	at bdsy.h(PG:6)
04-08 00:49:16.337  2137  2389 W SubscriptionMetadataUti: 	at awsw.ai(PG:18)
04-08 00:49:16.337  2137  2389 W SubscriptionMetadataUti: 	at awsw.aj(PG:25)
04-08 00:49:16.337  2137  2389 W SubscriptionMetadataUti: 	at awsw.z(PG:2)
04-08 00:49:16.337  2137  2389 W SubscriptionMetadataUti: 	at aule.k(PG:1)
04-08 00:49:16.337  2137  2389 W SubscriptionMetadataUti: 	at aulc.call(Unknown Source:2)
04-08 00:49:16.337  2137  2389 W SubscriptionMetadataUti: 	at cnsg.a(PG:1)
04-08 00:49:16.337  2137  2389 W SubscriptionMetadataUti: 	at cnpm.a(PG:3)
04-08 00:49:16.337  2137  2389 W SubscriptionMetadataUti: 	at ctfv.a(PG:1)
04-08 00:49:16.337  2137  2389 W SubscriptionMetadataUti: 	at ctet.run(PG:4)
04-08 00:49:16.337  2137  2389 W SubscriptionMetadataUti: 	at ctfx.run(PG:1)
04-08 00:49:16.337  2137  2389 W SubscriptionMetadataUti: 	at bxfd.run(PG:1)
04-08 00:49:16.337  2137  2389 W SubscriptionMetadataUti: 	at java.util.concurrent.ThreadPoolExecutor.runWorker(ThreadPoolExecutor.java:1145)
04-08 00:49:16.337  2137  2389 W SubscriptionMetadataUti: 	at java.util.concurrent.ThreadPoolExecutor$Worker.run(ThreadPoolExecutor.java:644)
04-08 00:49:16.337  2137  2389 W SubscriptionMetadataUti: 	at bxef.run(PG:2)
04-08 00:49:16.337  2137  2389 W SubscriptionMetadataUti: 	at java.lang.Thread.run(Thread.java:1012)
04-08 00:49:16.337  2137  2389 W SubscriptionMetadataUti: 	at bxfj.run(PG:5)
04-08 00:49:16.339  2137  2389 I Bugle   : SubscriptionUtilsAsOfLMR1: getActiveSubscriptionInfo(): empty sub info for subscription{id:-1}
04-08 00:49:16.339  1474  1787 I SP      : GC for 'emoticon_content_description' (10) with ttl of 0 ms took 49 ms (0/49/0)
04-08 00:49:16.339  2137  2389 I Bugle   : SubscriptionUtilsAsOfLMR1: getActiveSubscriptionInfo(): empty sub info for subscription{id:-1}
04-08 00:49:16.339  2137  2389 W Bugle   : SubscriptionUtilsAsOfLMR1: getSelfRawNumber: subInfo is null for subscription{id:-1}
04-08 00:49:16.344  2137  2447 W CarrierServices: [55] brcu.d: [SR]: Single Registration is disabled. Skipping Single Registration capability check for subId: 1, OS.isAtLeastS:[true], enableSingleRegistrationProvisioning:[false]
04-08 00:49:16.344  2137  2389 I BugleBackup: Registering preference change listener for "buglesub_1".
04-08 00:49:16.345  2137  2447 I CarrierServices: [55] brnl.e: No RCS Configuration was found in Bugle for simID: redacted-pii:sim_id[chars:20,last3:897]
04-08 00:49:16.345  2137  2447 I BugleRcsProvisioning: RcsAvailabilityUpdaterLocal: RcsAvailability configuration availability and enabled status: simId: redacted-pii:sim_id[chars:20,last3:897], SipConnectionType: DUAL_REG, isConfigurationAvailableAndEnabled: false
04-08 00:49:16.347   157   157 I hwservicemanager: getTransport: Cannot find entry android.hardware.graphics.mapper@4.0::IMapper/default in either framework or device VINTF manifest.
04-08 00:49:16.347  2137  2447 I BugleRcsProvisioning: RcsAvailabilityUpdaterLocal: updateRcsAvailability, currentAvailability: 1, newAvailability: 9, hint: NO_HINT
04-08 00:49:16.347  1673  2221 I Gralloc4: mapper 4.x is not supported
04-08 00:49:16.348  2137  2389 W BugleAction: No default number, returning empty msisdn
04-08 00:49:16.350   546   675 D WifiNetworkFactory: got request NetworkRequest [ REQUEST id=85, [ Capabilities: INTERNET&NOT_RESTRICTED&TRUSTED&NOT_VCN_MANAGED Uid: 10131 RequestorUid: 10131 RequestorPkg: com.google.android.apps.messaging UnderlyingNetworks: Null] ]
04-08 00:49:16.350   546   675 D UntrustedWifiNetworkFactory: got request NetworkRequest [ REQUEST id=85, [ Capabilities: INTERNET&NOT_RESTRICTED&TRUSTED&NOT_VCN_MANAGED Uid: 10131 RequestorUid: 10131 RequestorPkg: com.google.android.apps.messaging UnderlyingNetworks: Null] ]
04-08 00:49:16.350   546   675 D OemPaidWifiNetworkFactory: got request NetworkRequest [ REQUEST id=85, [ Capabilities: INTERNET&NOT_RESTRICTED&TRUSTED&NOT_VCN_MANAGED Uid: 10131 RequestorUid: 10131 RequestorPkg: com.google.android.apps.messaging UnderlyingNetworks: Null] ]
04-08 00:49:16.350   546   675 D MultiInternetWifiNetworkFactory: got request NetworkRequest [ REQUEST id=85, [ Capabilities: INTERNET&NOT_RESTRICTED&TRUSTED&NOT_VCN_MANAGED Uid: 10131 RequestorUid: 10131 RequestorPkg: com.google.android.apps.messaging UnderlyingNetworks: Null] ]
04-08 00:49:16.351   546   682 D ConnectivityService: NetReassign [85 : null → 100] [c 0] [a 0] [i 1]
04-08 00:49:16.353   762   762 D StatusBarIconController: ignoring old pipeline callbacks, because the new mobile icons are enabled
04-08 00:49:16.379  2471  2471 D nativeloader: Configuring clns-shared-6 for other apk /system/priv-app/DownloadProvider/DownloadProvider.apk. target_sdk_version=34, uses_libraries=, library_path=/system/priv-app/DownloadProvider/lib/x86_64:/system/lib64:/system_ext/lib64, permitted_path=/data:/mnt/expand:/data/user/0/com.android.providers.downloads:/system/priv-app/DownloadProvider:/system/lib64:/system_ext/lib64
04-08 00:49:16.386  2137  2578 I BugleRcsProvisioning: RcsProvisioningTrigger: onRcsAvailabilityUpdate : availability is updated to RCS is disabled due to SIM absent, lastAvailability is null, simId hash = -6188315382071846450, simId = redacted-pii:sim_id[chars:20,last3:897], isPev3Enabled = true
04-08 00:49:16.427  2137  2578 I CarrierServices: [68] brle.i: RcsProvisioningManager: Receive onRcsAvailabilityUpdate, SIM = redacted-pii:sim_id[chars:20,last3:897], availability = RcsAvailability{mAvailability=DISABLED_SIM_ABSENT (RCS is disabled due to SIM absent)}
04-08 00:49:16.433  1474  1787 I AbstractSyncResultCallback: AbstractSyncResultCallback.onFailure():36 onFailure(): emoticon_content_description.sync cancelled; expected if new request supersedes pending one.
04-08 00:49:16.446   546   568 D ColorDisplayService: Setting saturation level: 100
04-08 00:49:16.447   546   568 D ColorDisplayService: GlobalSaturationTintController Animation cancelled: true to matrix: 
04-08 00:49:16.447   546   568 D ColorDisplayService:        1.000000 0.000000 0.000000 0.000000 0.000000 1.000000 0.000000 0.000000 0.000000 0.000000 1.000000 0.000000 0.000000 0.000000 0.000000 1.000000 min matrix coefficients: 
04-08 00:49:16.447   546   568 D ColorDisplayService:        1.000000 0.000000 0.000000 0.000000 0.000000 1.000000 0.000000 0.000000 0.000000 0.000000 1.000000 0.000000 0.000000 0.000000 0.000000 1.000000 max matrix coefficients: 
04-08 00:49:16.447   546   568 D ColorDisplayService:        1.000000 0.000000 0.000000 0.000000 0.000000 1.000000 0.000000 0.000000 0.000000 0.000000 1.000000 0.000000 0.000000 0.000000 0.000000 1.000000
04-08 00:49:16.450   546   614 W system_server: Long monitor contention with owner android.anim (569) at void com.android.server.wm.WindowSurfacePlacer$Traverser.run()(WindowSurfacePlacer.java:58) waiters=0 in android.content.res.CompatibilityInfo com.android.server.wm.ActivityTaskManagerService$LocalService.compatibilityInfoForPackage(android.content.pm.ApplicationInfo) for 213ms
04-08 00:49:16.452   546   614 D CompatibilityChangeReporter: Compat change id reported: 168419799; UID 10125; state: DISABLED
04-08 00:49:16.457   546   614 D CompatibilityChangeReporter: Compat change id reported: 273564678; UID 10125; state: DISABLED
04-08 00:49:16.458   546   614 W ActivityManager: Slow operation: 221ms so far, now at attachApplicationLocked: immediately before bindApplication
04-08 00:49:16.458   546   614 W ActivityManager: Slow operation: 222ms so far, now at attachApplicationLocked: immediately after bindApplication
04-08 00:49:16.459  1673  2593 W Glide   : Load failed for  with size [-2147483648x-2147483648]
04-08 00:49:16.459  1673  2593 W Glide   : class com.bumptech.glide.load.a.ap: Failed to load resource
04-08 00:49:16.460   546   614 W ActivityManager: Slow operation: 224ms so far, now at attachApplicationLocked: after updateLruProcessLocked
04-08 00:49:16.461   546   614 D OomAdjuster: Not killing cached processes
04-08 00:49:16.478  1673  2542 I System.out: DiskLruCache /data/user/0/com.google.android.googlequicksearchbox/cache/image_manager_disk_cache is corrupt: null, removing
04-08 00:49:16.497   546   566 W Looper  : Slow dispatch took 484ms android.ui h=com.android.server.am.ActivityManagerService$UiHandler c=com.android.server.am.UidObserverController$$ExternalSyntheticLambda0@1fe949a m=0
04-08 00:49:16.529   546  1628 I AppsFilter: Invalidating cache: grantImplicitAccess: 1001 -> 10127
04-08 00:49:16.549  1541  1975 W ogle.android.as: Long monitor contention with owner aiai-fedass-0 (2319) at boolean gpn.a()(PG:6) waiters=0 in boolean gpn.a() for 600ms
04-08 00:49:16.549  1549  2069 I BugleRcsEngine: [57] RcsEngineImpl.init: RcsEngineImpl[DUAL_REG]:[152b8620-e7cf]: Initializing RBM resource permissions.
04-08 00:49:16.556  2137  2577 I BugleTransport: isChatAvailable: RcsAvailability is DISABLED_SIM_ABSENT (RCS is disabled due to SIM absent)
04-08 00:49:16.561  2137  2447 I BugleTransport: onRcsAvailabilityUpdate: kicking off updateActiveTransport for simId:redacted-pii:sim_id[chars:20,last3:897]
04-08 00:49:16.574  2137  2577 W BugleAction: Failed to get msisdn from Bugle
04-08 00:49:16.574  2137  2389 I BugleTransport: isChatAvailable: RcsAvailability is DISABLED_SIM_ABSENT (RCS is disabled due to SIM absent)
04-08 00:49:16.575  2137  2577 W BugleAction: Failed to get msisdn from RcsProfileService
04-08 00:49:16.575  2137  2577 W BugleAction: cksi: Jibe SDK Service not available. Is the Jibe SDK service running? Did you call connect() and wait for the notification before calling an API function?
04-08 00:49:16.575  2137  2577 W BugleAction: 	at cksa.b(PG:2)
04-08 00:49:16.575  2137  2577 W BugleAction: 	at com.google.android.rcs.client.profile.RcsProfileService.g(PG:1)
04-08 00:49:16.575  2137  2577 W BugleAction: 	at com.google.android.rcs.client.profile.RcsProfileService.getMsisdn(PG:3)
04-08 00:49:16.575  2137  2577 W BugleAction: 	at awsw.aj(PG:17)
04-08 00:49:16.575  2137  2577 W BugleAction: 	at awsw.z(PG:2)
04-08 00:49:16.575  2137  2577 W BugleAction: 	at aule.k(PG:1)
04-08 00:49:16.575  2137  2577 W BugleAction: 	at aulc.call(Unknown Source:2)
04-08 00:49:16.575  2137  2577 W BugleAction: 	at cnsg.a(PG:1)
04-08 00:49:16.575  2137  2577 W BugleAction: 	at cnpm.a(PG:3)
04-08 00:49:16.575  2137  2577 W BugleAction: 	at ctfv.a(PG:1)
04-08 00:49:16.575  2137  2577 W BugleAction: 	at ctet.run(PG:4)
04-08 00:49:16.575  2137  2577 W BugleAction: 	at ctfx.run(PG:1)
04-08 00:49:16.575  2137  2577 W BugleAction: 	at bxfd.run(PG:1)
04-08 00:49:16.575  2137  2577 W BugleAction: 	at java.util.concurrent.ThreadPoolExecutor.runWorker(ThreadPoolExecutor.java:1145)
04-08 00:49:16.575  2137  2577 W BugleAction: 	at java.util.concurrent.ThreadPoolExecutor$Worker.run(ThreadPoolExecutor.java:644)
04-08 00:49:16.575  2137  2577 W BugleAction: 	at bxef.run(PG:2)
04-08 00:49:16.575  2137  2577 W BugleAction: 	at java.lang.Thread.run(Thread.java:1012)
04-08 00:49:16.575  2137  2577 W BugleAction: 	at bxfj.run(PG:5)
04-08 00:49:16.576  2137  2577 W SubscriptionMetadataUti: Bugle: SubscriptionMetadataUtils get: unexpected subId = -2, replacing with -1
04-08 00:49:16.576  2137  2577 W SubscriptionMetadataUti: cpwb: FULL
04-08 00:49:16.576  2137  2577 W SubscriptionMetadataUti: 	at bdsy.h(PG:6)
04-08 00:49:16.576  2137  2577 W SubscriptionMetadataUti: 	at bdvp.a(PG:1)
04-08 00:49:16.576  2137  2577 W SubscriptionMetadataUti: 	at bgit.<init>(PG:1)
04-08 00:49:16.576  2137  2577 W SubscriptionMetadataUti: 	at bgiu.a(PG:1)
04-08 00:49:16.576  2137  2577 W SubscriptionMetadataUti: 	at awsw.ai(PG:3)
04-08 00:49:16.576  2137  2577 W SubscriptionMetadataUti: 	at awsw.aj(PG:25)
04-08 00:49:16.576  2137  2577 W SubscriptionMetadataUti: 	at awsw.z(PG:2)
04-08 00:49:16.576  2137  2577 W SubscriptionMetadataUti: 	at aule.k(PG:1)
04-08 00:49:16.576  2137  2577 W SubscriptionMetadataUti: 	at aulc.call(Unknown Source:2)
04-08 00:49:16.576  2137  2577 W SubscriptionMetadataUti: 	at cnsg.a(PG:1)
04-08 00:49:16.576  2137  2577 W SubscriptionMetadataUti: 	at cnpm.a(PG:3)
04-08 00:49:16.576  2137  2577 W SubscriptionMetadataUti: 	at ctfv.a(PG:1)
04-08 00:49:16.576  2137  2577 W SubscriptionMetadataUti: 	at ctet.run(PG:4)
04-08 00:49:16.576  2137  2577 W SubscriptionMetadataUti: 	at ctfx.run(PG:1)
04-08 00:49:16.576  2137  2577 W SubscriptionMetadataUti: 	at bxfd.run(PG:1)
04-08 00:49:16.576  2137  2577 W SubscriptionMetadataUti: 	at java.util.concurrent.ThreadPoolExecutor.runWorker(ThreadPoolExecutor.java:1145)
04-08 00:49:16.576  2137  2577 W SubscriptionMetadataUti: 	at java.util.concurrent.ThreadPoolExecutor$Worker.run(ThreadPoolExecutor.java:644)
04-08 00:49:16.576  2137  2577 W SubscriptionMetadataUti: 	at bxef.run(PG:2)
04-08 00:49:16.576  2137  2577 W SubscriptionMetadataUti: 	at java.lang.Thread.run(Thread.java:1012)
04-08 00:49:16.576  2137  2577 W SubscriptionMetadataUti: 	at bxfj.run(PG:5)
04-08 00:49:16.576  2137  2577 W SubscriptionMetadataUti: Bugle: SubscriptionMetadataUtils get: unexpected subId = -2, replacing with -1
04-08 00:49:16.576  2137  2577 W SubscriptionMetadataUti: cpwb: FULL
04-08 00:49:16.576  2137  2577 W SubscriptionMetadataUti: 	at bdsy.h(PG:6)
04-08 00:49:16.576  2137  2577 W SubscriptionMetadataUti: 	at bgit.<init>(PG:2)
04-08 00:49:16.576  2137  2577 W SubscriptionMetadataUti: 	at bgiu.a(PG:1)
04-08 00:49:16.576  2137  2577 W SubscriptionMetadataUti: 	at awsw.ai(PG:3)
04-08 00:49:16.576  2137  2577 W SubscriptionMetadataUti: 	at awsw.aj(PG:25)
04-08 00:49:16.576  2137  2577 W SubscriptionMetadataUti: 	at awsw.z(PG:2)
04-08 00:49:16.576  2137  2577 W SubscriptionMetadataUti: 	at aule.k(PG:1)
04-08 00:49:16.576  2137  2577 W SubscriptionMetadataUti: 	at aulc.call(Unknown Source:2)
04-08 00:49:16.576  2137  2577 W SubscriptionMetadataUti: 	at cnsg.a(PG:1)
04-08 00:49:16.576  2137  2577 W SubscriptionMetadataUti: 	at cnpm.a(PG:3)
04-08 00:49:16.576  2137  2577 W SubscriptionMetadataUti: 	at ctfv.a(PG:1)
04-08 00:49:16.576  2137  2577 W SubscriptionMetadataUti: 	at ctet.run(PG:4)
04-08 00:49:16.576  2137  2577 W SubscriptionMetadataUti: 	at ctfx.run(PG:1)
04-08 00:49:16.576  2137  2577 W SubscriptionMetadataUti: 	at bxfd.run(PG:1)
04-08 00:49:16.576  2137  2577 W SubscriptionMetadataUti: 	at java.util.concurrent.ThreadPoolExecutor.runWorker(ThreadPoolExecutor.java:1145)
04-08 00:49:16.576  2137  2577 W SubscriptionMetadataUti: 	at java.util.concurrent.ThreadPoolExecutor$Worker.run(ThreadPoolExecutor.java:644)
04-08 00:49:16.576  2137  2577 W SubscriptionMetadataUti: 	at bxef.run(PG:2)
04-08 00:49:16.576  2137  2577 W SubscriptionMetadataUti: 	at java.lang.Thread.run(Thread.java:1012)
04-08 00:49:16.576  2137  2577 W SubscriptionMetadataUti: 	at bxfj.run(PG:5)
04-08 00:49:16.578  1549  2468 I BugleRcsEngine: [66] brqh.handleMessage: RcsEngineImpl[DUAL_REG]:[152b8620-e7cf]>Handler: handleMessage processing message:[NOTIFY_UPTIME_IGNORE_STATE_CHANGED] with [non-null]:RcsEngineImpl reference
04-08 00:49:16.581   546   614 D CompatibilityChangeReporter: Compat change id reported: 170503758; UID 10150; state: ENABLED
04-08 00:49:16.582  2137  2540 D WM-PackageManagerHelper: androidx.work.impl.background.systemjob.SystemJobService enabled
04-08 00:49:16.582  2137  2540 D WM-Schedulers: Created SystemJobScheduler and enabled SystemJobService
04-08 00:49:16.582  1338  1368 D LoaderTask: loadAllApps
04-08 00:49:16.588  2137  2574 I BugleRcsProvisioning: RcsProvisioningTrigger: onRcsAvailabilityUpdate : availability is updated to RCS is disabled due to SIM absent, lastAvailability is RCS is disabled due to SIM absent, simId hash = -6188315382071846450, simId = redacted-pii:sim_id[chars:20,last3:897], isPev3Enabled = true
04-08 00:49:16.589  1549  2064 I BugleRcsEngine: [55] bqvv.c: Connected state: [1], networkType: [MOBILE]
04-08 00:49:16.591  2137  2399 I BugleTransport: updateActiveTransport: refreshing chat transport
04-08 00:49:16.598  1338  1368 D LoaderTask: bindAllApps
04-08 00:49:16.604  2137  2540 I CarrierServices: [61] brnl.e: No RCS Configuration was found in Bugle for simID: redacted-pii:sim_id[chars:20,last3:897]
04-08 00:49:16.604  2137  2540 I CarrierServices: [61] zzm.run: Skipping provisioning scheduling since RCS is disabled
04-08 00:49:16.615   762  1387 D BufferPoolAccessor2.0: bufferpool2 0x7fa098481ed8 : 0(0 size) total buffers - 0(0 size) used buffers - 2/7 (recycle/alloc) - 5/18 (fetch/transfer)
04-08 00:49:16.615   762  1387 D BufferPoolAccessor2.0: evictor expired: 1, evicted: 1
04-08 00:49:16.616   479   760 D BufferPoolAccessor2.0: bufferpool2 0x76e12659ee18 : 0(0 size) total buffers - 0(0 size) used buffers - 15/17 (recycle/alloc) - 2/16 (fetch/transfer)
04-08 00:49:16.616   479   760 D BufferPoolAccessor2.0: bufferpool2 0x76e1265a3378 : 0(0 size) total buffers - 0(0 size) used buffers - 6/7 (recycle/alloc) - 1/6 (fetch/transfer)
04-08 00:49:16.616   479   760 D BufferPoolAccessor2.0: bufferpool2 0x76e1265a1ea8 : 0(0 size) total buffers - 0(0 size) used buffers - 15/16 (recycle/alloc) - 1/15 (fetch/transfer)
04-08 00:49:16.616   479   760 D BufferPoolAccessor2.0: evictor expired: 3, evicted: 3
04-08 00:49:16.621  1474  1787 I SP      : Sync for emoticon_content_description succeeded in 625 ms: no changes
04-08 00:49:16.633  1474  1787 I SP      : GC for 'emoticon_content_description' (10) with ttl of 0 ms took 12 ms (0/12/0)
04-08 00:49:16.634   546  1089 W system_server: Long monitor contention with owner binder:546_1 (559) at int com.android.server.job.JobSchedulerService.getUidProcState(int)(JobSchedulerService.java:2305) waiters=0 in int com.android.server.job.JobSchedulerService.scheduleAsPackage(android.app.job.JobInfo, android.app.job.JobWorkItem, int, java.lang.String, int, java.lang.String, java.lang.String) for 575ms
04-08 00:49:16.635   546   577 W ActivityManager: Slow operation: 784ms so far, now at startProcess: done updating battery stats
04-08 00:49:16.635   546   577 W ActivityManager: Slow operation: 785ms so far, now at startProcess: building log message
04-08 00:49:16.636  1477  2461 W DynamiteModule: Local module descriptor class for com.google.android.gms.googlecertificates not found.
04-08 00:49:16.637  2463  2463 D ApplicationLoaders: Returning zygote-cached class loader: /system_ext/framework/androidx.window.extensions.jar
04-08 00:49:16.637  2463  2463 D ApplicationLoaders: Returning zygote-cached class loader: /system_ext/framework/androidx.window.sidecar.jar
04-08 00:49:16.644  2137  2399 I BugleTransport: Tachygram is disabled because the RCS Configuration is empty [CONTEXT ratelimit_period="5 SECONDS" ]
04-08 00:49:16.644  2137  2399 I BugleTransport: Enabled chat transport is TRANSPORT_RCS [CONTEXT group_by="TRANSPORT_RCS" ratelimit_period="5 SECONDS" ]
04-08 00:49:16.644  2137  2399 I BugleTransport: refreshChatTransport: isChatAvailable: false, enabledTransport: 1, configuration: <empty>
04-08 00:49:16.649   546  1896 W system_server: Long monitor contention with owner binder:546_1 (559) at int com.android.server.job.JobSchedulerService.getUidProcState(int)(JobSchedulerService.java:2305) waiters=2 in int com.android.server.job.JobSchedulerService.scheduleAsPackage(android.app.job.JobInfo, android.app.job.JobWorkItem, int, java.lang.String, int, java.lang.String, java.lang.String) for 560ms
04-08 00:49:16.649   546   577 I ActivityManager: Start proc 2525:com.android.localtransport/1000 for service {com.android.localtransport/com.android.localtransport.LocalTransportService}
04-08 00:49:16.649   546   577 W ActivityManager: Slow operation: 799ms so far, now at startProcess: starting to update pids map
04-08 00:49:16.649   546  1896 E JobScheduler.JobStatus: App com.google.android.inputmethod.latin became active but still in NEVER bucket
04-08 00:49:16.649   546  1624 W system_server: Long monitor contention with owner binder:546_1 (559) at int com.android.server.job.JobSchedulerService.getUidProcState(int)(JobSchedulerService.java:2305) waiters=3 in boolean com.android.server.job.JobSchedulerService.cancelJob(int, java.lang.String, int, int, int) for 539ms
04-08 00:49:16.650   546   546 W system_server: Long monitor contention with owner binder:546_1 (559) at int com.android.server.job.JobSchedulerService.getUidProcState(int)(JobSchedulerService.java:2305) waiters=4 in void com.android.server.job.JobServiceContext.onServiceConnected(android.content.ComponentName, android.os.IBinder) for 417ms
04-08 00:49:16.650   546   546 W Looper  : Slow dispatch took 418ms main h=android.app.ActivityThread$H c=android.app.LoadedApk$ServiceDispatcher$RunConnection@8968778 m=0
04-08 00:49:16.650   546   546 W Looper  : Slow delivery took 417ms main h=android.os.Handler c=com.android.internal.os.BinderCallsStats$1@42e6e51 m=0
04-08 00:49:16.651   546   546 W Looper  : Drained
04-08 00:49:16.652  1474  1709 I JobSchedulerImpl: JobSchedulerImpl.schedule():91 Schedule task: ExpressionDataPrunePeriodicTask (id=1111301416). Success.
04-08 00:49:16.664  2483  2483 D CompatibilityChangeReporter: Compat change id reported: 171979766; UID 10125; state: ENABLED
