04-26 19:05:13.280  1643  1821 D ActivityManager: sync unfroze 17315 com.android.vending:background for 3
04-26 19:05:13.332  1643  4189 D BackgroundInstallControlService: Package event received: 0
04-26 19:05:13.405  1643  7131 D ActivityManager: sync unfroze 5694 com.google.android.gms for 4
04-26 19:05:13.405  1643  4189 D BackgroundInstallControlService: Package event received: 0
04-26 19:05:13.439  1643  7131 W ProcessStats: Tracking association SourceState{7dcd4a6 com.google.android.gms.persistent/10186 BTop #1204664} whose proc state 2 is better than process ProcessState{3409ad9 com.google.android.gms/10186 pkg=com.google.android.gms} proc state 14 (4 skipped)
04-26 19:05:16.930  1643  4189 D BackgroundInstallControlService: Package event received: 0
04-26 19:05:17.247  1643  5316 W AlarmManager: Window length 300000ms too short; expanding to 600000ms.
04-26 19:05:25.588  1643  7131 W ProcessStats: Tracking association SourceState{e531e0e com.google.android.gms.persistent/10186 BTop #1204702} whose proc state 2 is better than process ProcessState{3409ad9 com.google.android.gms/10186 pkg=com.google.android.gms} proc state 14 (63 skipped)
04-26 19:05:39.316  1643  5975 W ProcessStats: Tracking association SourceState{e531e0e com.google.android.gms.persistent/10186 BTop #1204723} whose proc state 2 is better than process ProcessState{3409ad9 com.google.android.gms/10186 pkg=com.google.android.gms} proc state 14 (25 skipped)
04-26 19:05:39.329  1643  4189 D BackgroundInstallControlService: Package event received: 0
04-26 19:05:43.348  1643  2242 D ActivityManager: freezing 30300 com.thetileapp.tile
04-26 19:05:43.356  1643  2242 D ActivityManager: freezing 28526 com.android.vending
04-26 19:05:43.362  1643  2242 D ActivityManager: freezing 17315 com.android.vending:background
04-26 19:05:50.657  1643  2242 D ActivityManager: freezing 5694 com.google.android.gms
04-26 19:05:51.870  1643  4189 D BackgroundInstallControlService: Package event received: 0
04-26 19:05:55.354  1643  4189 D BackgroundInstallControlService: Package event received: 0
04-26 19:05:56.321  4233  8601 D PowerUI : can't show warning due to - plugged: true status unknown: false
04-26 19:05:57.385  1643  1720 I DisplayDeviceRepository: Display device changed render timings: "Built-in Screen", renderFrameRate=60.00001, presentationDeadlineNanos=11499998, appVsyncOffsetNanos=6233332, frameRateOverrides=[{uid=10247 frameRateHz=60.00001}]
04-26 19:05:57.386  1643  1711 D WindowManager: DeferredDisplayUpdater: partially applying DisplayInfo(960 x 2142) immediately
04-26 19:05:58.145  1643  1720 I DisplayDeviceRepository: Display device changed render timings: "Built-in Screen", renderFrameRate=60.00001, presentationDeadlineNanos=11499998, appVsyncOffsetNanos=6233332, frameRateOverrides=[]
04-26 19:06:00.043  1643  1720 I DisplayDeviceRepository: Display device changed render timings: "Built-in Screen", renderFrameRate=60.00001, presentationDeadlineNanos=11499998, appVsyncOffsetNanos=6233332, frameRateOverrides=[{uid=10258 frameRateHz=60.00001}]
04-26 19:06:00.794  1643  1720 I DisplayDeviceRepository: Display device changed render timings: "Built-in Screen", renderFrameRate=60.00001, presentationDeadlineNanos=11499998, appVsyncOffsetNanos=6233332, frameRateOverrides=[]
04-26 19:06:02.233  1643  4189 D BackgroundInstallControlService: Package event received: 0
04-26 19:06:02.978  1643  1821 D ActivityManager: sync unfroze 5694 com.google.android.gms for 3
04-26 19:06:09.254  1643  4189 D BackgroundInstallControlService: Package event received: 0
04-26 19:06:13.100  1643  2242 D ActivityManager: freezing 5694 com.google.android.gms
04-26 19:06:18.846  1643  2234 D ActivityManager: sync unfroze 14382 com.google.android.tts for 6
04-26 19:06:18.857  1643  2234 D ActivityManager: sync unfroze 30300 com.thetileapp.tile for 6
04-26 19:06:18.862  1643  2234 D ActivityManager: sync unfroze 28526 com.android.vending for 6
04-26 19:06:18.865  1643  2234 D ActivityManager: sync unfroze 17315 com.android.vending:background for 6
04-26 19:06:18.919  1643  2234 W JobServiceContext: Sending onNetworkChanged for a job that isn't started. JobStatus{3f038f1 androidx.work.systemjobscheduler:u0a318/14043 #TileJobWorker#@androidx.work.systemjobscheduler@com.thetileapp.tile/androidx.work.impl.background.systemjob.SystemJobService u=0 s=10318 TIME=-34s367ms:none NET READY}
04-26 19:06:18.931  1643  4189 D BackgroundInstallControlService: Package event received: 0
04-26 19:06:18.937  1643  2291 D ActivityManager: sync unfroze 9526 com.google.android.apps.tachyon for 6
04-26 19:06:18.941  1643  5975 W ProcessStats: Tracking association SourceState{c9bc4b1 com.android.vending:background/10179 ImpBg #1204786} whose proc state 6 is better than process ProcessState{704cc57 com.android.vending/10179 pkg=com.android.vending} proc state 14 (5 skipped)
04-26 19:06:18.995  1643  7131 D ActivityManager: sync unfroze 31429 android.process.acore for 7
04-26 19:06:19.267  1643  4189 D BackgroundInstallControlService: Package event received: 0
04-26 19:06:19.281  1643  4189 D BackgroundInstallControlService: Package event received: 0
04-26 19:06:19.502  1643  7131 W JobScheduler: Job didn't exist in JobStore: 3f038f1 {androidx.work.systemjobscheduler} #u0a318/14043 #TileJobWorker#@androidx.work.systemjobscheduler@com.thetileapp.tile/androidx.work.impl.background.systemjob.SystemJobService
04-26 19:06:20.185  1643  4189 D BackgroundInstallControlService: Package event received: 0
04-26 19:06:20.767  1643  4189 D BackgroundInstallControlService: Package event received: 0
04-26 19:06:20.767  1643  4189 D BackgroundInstallControlService: Package event received: 0
04-26 19:06:20.767  1643  4189 D BackgroundInstallControlService: Package event received: 0
04-26 19:06:20.767  1643  4189 D BackgroundInstallControlService: Package event received: 0
04-26 19:06:20.886  1643  1916 D ActivityManager: sync unfroze 5694 com.google.android.gms for 6
04-26 19:06:24.098  1643  4189 D BackgroundInstallControlService: Package event received: 0
04-26 19:06:24.351  1643  5975 W ActivityManager: Unable to start service Intent { act=com.google.android.gms.lockbox.service.START xflg=0x4 pkg=com.google.android.gms } U=0: not found
04-26 19:06:24.351  1643  4658 W ActivityManager: Unbind failed: could not find connection for android.os.BinderProxy@34a49d7
04-26 19:06:27.472  1643  4189 D BackgroundInstallControlService: Package event received: 0
04-26 19:06:29.157  1643  2242 D ActivityManager: freezing 14382 com.google.android.tts
04-26 19:06:29.509  1643  2242 D ActivityManager: freezing 30300 com.thetileapp.tile
04-26 19:06:29.516  1643  2242 D ActivityManager: freezing 28526 com.android.vending
04-26 19:06:29.523  1643  2242 D ActivityManager: freezing 17315 com.android.vending:background
04-26 19:06:30.257   609 10179 I keystore2: system/security/keystore2/watchdog/src/lib.rs:371 - Watchdog thread idle -> terminating. Have a great day.
04-26 19:06:30.781  1643  2234 D ActivityManager: sync unfroze 7351 com.google.android.apps.messaging for 6
04-26 19:06:30.807  1643  2242 D ActivityManager: freezing 9526 com.google.android.apps.tachyon
04-26 19:06:30.849  1643  5975 W ProcessStats: Tracking association SourceState{f494619 system/1000 ImpBg #1204845} whose proc state 6 is better than process ProcessState{128164f com.google.android.apps.messaging/10135 pkg=com.google.android.apps.messaging} proc state 14 (7 skipped)
04-26 19:06:31.296  1643  4658 I ActivityManager: Background started FGS: Allowed [callingPackage: io.homeassistant.companion.android; callingUid: 10302; uidState: BFGS; uidBFSL: [BFSL]; intent: Intent { act=ACTION_START_FOREGROUND xflg=0x4 cmp=io.homeassistant.companion.android/androidx.work.impl.foreground.SystemForegroundService (has extras) }; code:PROC_STATE_BFGS; tempAllowListReason:<null>; allowWiu:-1; targetSdkVersion:36; callerTargetSdkVersion:36; startForegroundCount:0; bindFromPackage:null: isBindService:false]
04-26 19:06:31.308  1643  4658 W ActivityManager: Foreground service started from background can not have location/camera/microphone access: service io.homeassistant.companion.android/androidx.work.impl.foreground.SystemForegroundService
04-26 19:06:31.309  1643  4658 I ActivityManager: Background started FGS: Allowed [callingPackage: io.homeassistant.companion.android; callingUid: 10302; uidState: FGS ; uidBFSL: [BFSL]; intent: Intent { act=ACTION_START_FOREGROUND cmp=io.homeassistant.companion.android/androidx.work.impl.foreground.SystemForegroundService }; code:PROC_STATE_FGS; tempAllowListReason:<null>; allowWiu:-1; targetSdkVersion:36; callerTargetSdkVersion:36; startForegroundCount:0; bindFromPackage:null: isBindService:false]
04-26 19:06:31.310  1643  4658 W ForegroundServiceTypeLoggerModule: Foreground service start for UID: 10302 does not have any types
04-26 19:06:31.311  1643  4189 D BackgroundInstallControlService: Package event received: 0
04-26 19:06:31.318  1643  5975 W ActivityManager: Foreground service started from background can not have location/camera/microphone access: service io.homeassistant.companion.android/androidx.work.impl.foreground.SystemForegroundService
04-26 19:06:31.319  1643  5975 I ActivityManager: Background started FGS: Allowed [callingPackage: io.homeassistant.companion.android; callingUid: 10302; uidState: FGS ; uidBFSL: [BFSL]; intent: Intent { act=ACTION_START_FOREGROUND cmp=io.homeassistant.companion.android/androidx.work.impl.foreground.SystemForegroundService }; code:PROC_STATE_FGS; tempAllowListReason:<null>; allowWiu:-1; targetSdkVersion:36; callerTargetSdkVersion:36; startForegroundCount:1; bindFromPackage:null: isBindService:false]
04-26 19:06:31.845  1643  7131 D ActivityManager: Stop FGS timeout: ServiceRecord{ef08433 u0 io.homeassistant.companion.android/androidx.work.impl.foreground.SystemForegroundService c:io.homeassistant.companion.android}
04-26 19:06:31.847  1643  7131 W ForegroundServiceTypeLoggerModule: FGS stop call for: 10302 has no types!
04-26 19:06:31.849  1643  4189 D BackgroundInstallControlService: Package event received: 0
04-26 19:06:31.851  1643  4189 D BackgroundInstallControlService: Package event received: 0
04-26 19:06:31.898  1643  5975 W JobScheduler: Job didn't exist in JobStore: a89bfdc #u0a120/-280572046 com.google.android.as.oss/com.google.android.gms.learning.internal.training.InAppJobService
04-26 19:06:31.908  1643  5975 W JobScheduler: Job didn't exist in JobStore: 6e0fdc8 #u0a120/-1679289975 com.google.android.as.oss/com.google.android.gms.learning.internal.training.InAppJobService
04-26 19:06:31.918  1643  5975 W JobScheduler: Job didn't exist in JobStore: ad7bde0 #u0a120/-1517128893 com.google.android.as.oss/com.google.android.gms.learning.internal.training.InAppJobService
04-26 19:06:31.928  1643  5975 W JobScheduler: Job didn't exist in JobStore: 92ad80c #u0a120/-638764459 com.google.android.as.oss/com.google.android.gms.learning.internal.training.InAppJobService
04-26 19:06:31.937  1643  1916 W JobScheduler: Job didn't exist in JobStore: d2f71d1 #u0a120/-648439940 com.google.android.as.oss/com.google.android.gms.learning.internal.training.InAppJobService
04-26 19:06:31.947  1643  1916 W JobScheduler: Job didn't exist in JobStore: 8e85a0d #u0a120/-205649338 com.google.android.as.oss/com.google.android.gms.learning.internal.training.InAppJobService
04-26 19:06:31.956  1643  1916 W JobScheduler: Job didn't exist in JobStore: 4cd8a09 #u0a120/-1967367952 com.google.android.as.oss/com.google.android.gms.learning.internal.training.InAppJobService
04-26 19:06:31.965  1643  1916 W JobScheduler: Job didn't exist in JobStore: 9bbbdc5 #u0a120/-1909303987 com.google.android.as.oss/com.google.android.gms.learning.internal.training.InAppJobService
04-26 19:06:31.974  1643  5975 W JobScheduler: Job didn't exist in JobStore: b84a427 #u0a120/-286677079 com.google.android.as.oss/com.google.android.gms.learning.internal.training.InAppJobService
04-26 19:06:31.984  1643  5975 W JobScheduler: Job didn't exist in JobStore: 28d5bc3 #u0a120/-782930206 com.google.android.as.oss/com.google.android.gms.learning.internal.training.InAppJobService
04-26 19:06:31.993  1643  5975 W JobScheduler: Job didn't exist in JobStore: 2dff11f #u0a120/-1670948438 com.google.android.as.oss/com.google.android.gms.learning.internal.training.InAppJobService
04-26 19:06:32.002  1643  5975 W JobScheduler: Job didn't exist in JobStore: 6c2122a #u0a120/-740804504 com.google.android.as.oss/com.google.android.gms.learning.internal.training.InAppJobService
04-26 19:06:32.011  1643  1916 W JobScheduler: Job didn't exist in JobStore: 6eded8a #u0a120/-939763582 com.google.android.as.oss/com.google.android.gms.learning.internal.training.InAppJobService
04-26 19:06:32.020  1643  1916 W JobScheduler: Job didn't exist in JobStore: 56af8ea #u0a120/-144569728 com.google.android.as.oss/com.google.android.gms.learning.internal.training.InAppJobService
04-26 19:06:32.026  1643  1916 W JobScheduler: Job didn't exist in JobStore: 29da79e #u0a120/-605916168 com.google.android.as.oss/com.google.android.gms.learning.internal.training.InAppJobService
04-26 19:06:32.032  1643  1916 W JobScheduler: Job didn't exist in JobStore: 49270e0 #u0a120/-1458638241 com.google.android.as.oss/com.google.android.gms.learning.internal.training.InAppJobService
04-26 19:06:32.037  1643  5975 W JobScheduler: Job didn't exist in JobStore: f0af9d4 #u0a120/-1371219540 com.google.android.as.oss/com.google.android.gms.learning.internal.training.InAppJobService
04-26 19:06:32.043  1643  5975 W JobScheduler: Job didn't exist in JobStore: 4ee2cd #u0a120/-546068258 com.google.android.as.oss/com.google.android.gms.learning.internal.training.InAppJobService
04-26 19:06:32.048  1643  1916 W JobScheduler: Job didn't exist in JobStore: 3c5c72e #u0a120/-1269679295 com.google.android.as.oss/com.google.android.gms.learning.internal.training.InAppJobService
04-26 19:06:32.055  1643  1916 W JobScheduler: Job didn't exist in JobStore: 5393642 #u0a120/-1459396391 com.google.android.as.oss/com.google.android.gms.learning.internal.training.InAppJobService
04-26 19:06:37.568  1643  4189 D BackgroundInstallControlService: Package event received: 0
04-26 19:06:37.576  1643  5975 D ActivityManager: sync unfroze 12325 com.google.android.apps.turbo for 6
04-26 19:06:37.577  1643  4189 D BackgroundInstallControlService: Package event received: 0
04-26 19:06:41.416  1643  2242 D ActivityManager: freezing 7351 com.google.android.apps.messaging
04-26 19:06:41.537  1643  4189 D BackgroundInstallControlService: Package event received: 0
04-26 19:06:43.431  4233 11158 D PowerUI : can't show warning due to - plugged: true status unknown: false
04-26 19:06:50.782  1643  4189 D BackgroundInstallControlService: Package event received: 0
04-26 19:06:50.795  1643  4189 D BackgroundInstallControlService: Package event received: 0
04-26 19:06:50.796  1643  4189 D BackgroundInstallControlService: Package event received: 0
04-26 19:06:50.796  1643  4189 D BackgroundInstallControlService: Package event received: 0
04-26 19:06:50.796  1643  4189 D BackgroundInstallControlService: Package event received: 0
04-26 19:06:54.051  1643  4189 D BackgroundInstallControlService: Package event received: 0
04-26 19:06:57.390  1643  1720 I DisplayDeviceRepository: Display device changed render timings: "Built-in Screen", renderFrameRate=60.00001, presentationDeadlineNanos=11499998, appVsyncOffsetNanos=6233332, frameRateOverrides=[{uid=10247 frameRateHz=60.00001}]
04-26 19:06:58.141  1643  1720 I DisplayDeviceRepository: Display device changed render timings: "Built-in Screen", renderFrameRate=60.00001, presentationDeadlineNanos=11499998, appVsyncOffsetNanos=6233332, frameRateOverrides=[]
04-26 19:06:59.688  1643  4189 D BackgroundInstallControlService: Package event received: 0
04-26 19:07:00.035  1643  1720 I DisplayDeviceRepository: Display device changed render timings: "Built-in Screen", renderFrameRate=120.00002, presentationDeadlineNanos=11499999, appVsyncOffsetNanos=6233332, frameRateOverrides=[]
04-26 19:07:00.036  1643  1711 D WindowManager: DeferredDisplayUpdater: partially applying DisplayInfo(960 x 2142) immediately
04-26 19:07:01.138  1643  4189 D BackgroundInstallControlService: Package event received: 0
04-26 19:07:06.723  1643  4189 D BackgroundInstallControlService: Package event received: 0
04-26 19:07:15.856  1643  2242 D ActivityManager: freezing 5694 com.google.android.gms
04-26 19:07:25.848  1643  4189 D BackgroundInstallControlService: Package event received: 0
04-26 19:07:25.854  1643  2291 D ActivityManager: sync unfroze 11668 com.google.android.calendar for 6
04-26 19:07:25.884  1643  4658 W ProcessStats: Tracking association SourceState{5adf17c system/1000 ImpBg #1204978} whose proc state 6 is better than process ProcessState{4b3e84d com.google.android.calendar/10194 pkg=com.google.android.calendar} proc state 14 (1 skipped)
04-26 19:07:25.905  1643  4189 D BackgroundInstallControlService: Package event received: 0
04-26 19:07:25.915  1643  2291 D ActivityManager: sync unfroze 5694 com.google.android.gms for 6
04-26 19:07:25.984  1643  4189 D BackgroundInstallControlService: Package event received: 0
04-26 19:07:26.125  1643  4189 D BackgroundInstallControlService: Package event received: 0
04-26 19:07:26.259  1643  4189 D BackgroundInstallControlService: Package event received: 0
04-26 19:07:26.262  1643  4658 D ActivityManager: sync unfroze 6058 com.google.android.setupwizard for 6
04-26 19:07:27.392  1643  4189 D BackgroundInstallControlService: Package event received: 0
04-26 19:07:27.433  1643  4189 D BackgroundInstallControlService: Package event received: 0
04-26 19:07:27.443  1643  4189 D BackgroundInstallControlService: Package event received: 0
04-26 19:07:27.443  1643  4189 D BackgroundInstallControlService: Package event received: 0
04-26 19:07:27.443  1643  4189 D BackgroundInstallControlService: Package event received: 0
04-26 19:07:27.443  1643  4189 D BackgroundInstallControlService: Package event received: 0
04-26 19:07:27.443  1643  4189 D BackgroundInstallControlService: Package event received: 0
04-26 19:07:27.520  1643  5316 D ActivityManager: sync unfroze 10109 com.android.providers.calendar for 7
04-26 19:07:27.523  1643  4189 D BackgroundInstallControlService: Package event received: 0
04-26 19:07:27.528  1643  4658 D ActivityManager: sync unfroze 3802 com.google.android.apps.weather for 4
04-26 19:07:27.548  1643  4189 D BackgroundInstallControlService: Package event received: 0
04-26 19:07:27.573  1643  4189 D BackgroundInstallControlService: Package event received: 0
04-26 19:07:28.535  1643  4658 I ContentCaptureManagerService: Data share request accepted by Content Capture service
04-26 19:07:28.639  1643  1720 I DisplayDeviceRepository: Display device changed render timings: "Built-in Screen", renderFrameRate=60.00001, presentationDeadlineNanos=11499998, appVsyncOffsetNanos=6233332, frameRateOverrides=[{uid=10247 frameRateHz=60.00001}]
04-26 19:07:28.640  1643  1711 D WindowManager: DeferredDisplayUpdater: partially applying DisplayInfo(960 x 2142) immediately
04-26 19:07:29.131  1643  1821 D ActivityManager: sync unfroze 29804 com.google.android.deskclock for 3
04-26 19:07:29.374  1643  4658 W JobScheduler: Job didn't exist in JobStore: 63f3826 {androidx.work.systemjobscheduler} #u0a128/5759 #TikTokWorker#com.google.android.apps.weather.widget.datastore.PixelWeatherWidgetUpdateWorker#@androidx.work.systemjobscheduler@com.google.android.apps.weather/androidx.work.impl.background.systemjob.SystemJobService
04-26 19:07:29.432  1643  1720 I DisplayDeviceRepository: Display device changed render timings: "Built-in Screen", renderFrameRate=60.00001, presentationDeadlineNanos=11499998, appVsyncOffsetNanos=6233332, frameRateOverrides=[]
04-26 19:07:30.527  4233 12137 D PowerUI : can't show warning due to - plugged: true status unknown: false
04-26 19:07:36.323  1643  2242 D ActivityManager: freezing 6058 com.google.android.setupwizard
04-26 19:07:37.409  1643  2242 D ActivityManager: freezing 11668 com.google.android.calendar
04-26 19:07:39.136  1643  2242 D ActivityManager: freezing 29804 com.google.android.deskclock
04-26 19:07:47.617  1643  2242 D ActivityManager: freezing 12325 com.google.android.apps.turbo
04-26 19:07:51.272  1643  1870 D AppOpHistoryHelper: MetricHandler reporting 5 records.
04-26 19:07:51.909  1643  1821 W ActivityManager: Stale PhantomProcessRecord {18c343b 21449:28965:/0}, removing
04-26 19:07:52.554  1643  2242 D ActivityManager: freezing 5694 com.google.android.gms
04-26 19:07:57.360  1643  1720 I DisplayDeviceRepository: Display device changed render timings: "Built-in Screen", renderFrameRate=60.00001, presentationDeadlineNanos=11499998, appVsyncOffsetNanos=6233332, frameRateOverrides=[{uid=10247 frameRateHz=60.00001}]
04-26 19:07:57.652  1643  4189 D BackgroundInstallControlService: Package event received: 0
04-26 19:07:57.662  1643  5316 D ActivityManager: sync unfroze 12325 com.google.android.apps.turbo for 6
04-26 19:07:57.676  1643  4189 D BackgroundInstallControlService: Package event received: 0
04-26 19:07:57.686  1643  5316 W ProcessStats: Tracking association SourceState{9279c6 com.google.android.pixelsystemservice/10261 ImpFg #1205085} whose proc state 5 is better than process ProcessState{5aae1b3 com.google.android.apps.turbo/10149 pkg=com.google.android.apps.turbo} proc state 14 (16 skipped)
04-26 19:07:58.110  1643  1720 I DisplayDeviceRepository: Display device changed render timings: "Built-in Screen", renderFrameRate=60.00001, presentationDeadlineNanos=11499998, appVsyncOffsetNanos=6233332, frameRateOverrides=[]
04-26 19:08:00.030  1643  1720 I DisplayDeviceRepository: Display device changed render timings: "Built-in Screen", renderFrameRate=120.00002, presentationDeadlineNanos=11499999, appVsyncOffsetNanos=6233332, frameRateOverrides=[]
04-26 19:08:00.031  1643  1711 D WindowManager: DeferredDisplayUpdater: partially applying DisplayInfo(960 x 2142) immediately
04-26 19:08:02.576  1643  2242 D ActivityManager: freezing 31429 android.process.acore
04-26 19:08:03.187  1643  4189 D BackgroundInstallControlService: Package event received: 0
04-26 19:08:03.556  1643  2242 D ActivityManager: freezing 10109 com.android.providers.calendar
04-26 19:08:17.641  4233 13655 D PowerUI : can't show warning due to - plugged: true status unknown: false
04-26 19:08:24.273  1643  4189 D BackgroundInstallControlService: Package event received: 0
04-26 19:08:24.908  1643  2242 D ActivityManager: freezing 3802 com.google.android.apps.weather
04-26 19:08:28.340  1643  4189 D BackgroundInstallControlService: Package event received: 0
04-26 19:08:29.765  1643  4189 D BackgroundInstallControlService: Package event received: 0
04-26 19:08:37.748  1643  2242 D ActivityManager: freezing 12325 com.google.android.apps.turbo
04-26 19:08:42.349  1643  4189 D BackgroundInstallControlService: Package event received: 0
04-26 19:08:46.629  4233 15351 D PowerUI : can't show warning due to - plugged: true status unknown: false
04-26 19:08:57.380  1643  1720 I DisplayDeviceRepository: Display device changed render timings: "Built-in Screen", renderFrameRate=60.00001, presentationDeadlineNanos=11499998, appVsyncOffsetNanos=6233332, frameRateOverrides=[{uid=10247 frameRateHz=60.00001}]
04-26 19:08:57.382  1643  1711 D WindowManager: DeferredDisplayUpdater: partially applying DisplayInfo(960 x 2142) immediately
04-26 19:08:57.858  1643  4189 D BackgroundInstallControlService: Package event received: 0
04-26 19:08:58.140  1643  1720 I DisplayDeviceRepository: Display device changed render timings: "Built-in Screen", renderFrameRate=60.00001, presentationDeadlineNanos=11499998, appVsyncOffsetNanos=6233332, frameRateOverrides=[]
04-26 19:09:00.039  1643  1720 I DisplayDeviceRepository: Display device changed render timings: "Built-in Screen", renderFrameRate=60.00001, presentationDeadlineNanos=11499998, appVsyncOffsetNanos=6233332, frameRateOverrides=[{uid=10258 frameRateHz=60.00001}]
04-26 19:09:00.793  1643  1720 I DisplayDeviceRepository: Display device changed render timings: "Built-in Screen", renderFrameRate=60.00001, presentationDeadlineNanos=11499998, appVsyncOffsetNanos=6233332, frameRateOverrides=[]
04-26 19:09:04.741  4233  4837 D PowerUI : can't show warning due to - plugged: true status unknown: false
04-26 19:09:10.624  1643  4189 D BackgroundInstallControlService: Package event received: 0
04-26 19:09:10.649  1643  5975 D ActivityManager: sync unfroze 5694 com.google.android.gms for 4
04-26 19:09:10.664  1643  4189 D BackgroundInstallControlService: Package event received: 0
04-26 19:09:12.859  1643  4653 W ProcessStats: Tracking association SourceState{7dcd4a6 com.google.android.gms.persistent/10186 BTop #1205194} whose proc state 2 is better than process ProcessState{3409ad9 com.google.android.gms/10186 pkg=com.google.android.gms} proc state 14 (0 skipped)
04-26 19:09:25.820  1643  4189 D BackgroundInstallControlService: Package event received: 0
04-26 19:09:27.710  1643  2234 D ActivityManager: sync unfroze 12325 com.google.android.apps.turbo for 6
04-26 19:09:27.739  1643  4653 W ProcessStats: Tracking association SourceState{6dddfa5 system/1000 ImpBg #1205205} whose proc state 6 is better than process ProcessState{5aae1b3 com.google.android.apps.turbo/10149 pkg=com.google.android.apps.turbo} proc state 14 (2 skipped)
04-26 19:09:32.860  1643  4189 D BackgroundInstallControlService: Package event received: 0
04-26 19:09:32.947  1643  4189 D BackgroundInstallControlService: Package event received: 0
04-26 19:09:35.776  1643  2242 D ActivityManager: freezing 5694 com.google.android.gms
04-26 19:09:37.768  1643  2242 D ActivityManager: freezing 12325 com.google.android.apps.turbo
04-26 19:09:43.986  1643  4189 D BackgroundInstallControlService: Package event received: 0
04-26 19:09:51.837  4233  5421 D PowerUI : can't show warning due to - plugged: true status unknown: false
04-26 19:09:57.389  1643  1720 I DisplayDeviceRepository: Display device changed render timings: "Built-in Screen", renderFrameRate=60.00001, presentationDeadlineNanos=11499998, appVsyncOffsetNanos=6233332, frameRateOverrides=[{uid=10247 frameRateHz=60.00001}]
04-26 19:09:58.069  1643  4189 D BackgroundInstallControlService: Package event received: 0
04-26 19:09:58.113  1643  4189 D BackgroundInstallControlService: Package event received: 0
04-26 19:09:58.137  1643  1720 I DisplayDeviceRepository: Display device changed render timings: "Built-in Screen", renderFrameRate=60.00001, presentationDeadlineNanos=11499998, appVsyncOffsetNanos=6233332, frameRateOverrides=[]
04-26 19:10:00.032  1643  1720 I DisplayDeviceRepository: Display device changed render timings: "Built-in Screen", renderFrameRate=120.00002, presentationDeadlineNanos=11499999, appVsyncOffsetNanos=6233332, frameRateOverrides=[]
04-26 19:10:00.034  1643  1711 D WindowManager: DeferredDisplayUpdater: partially applying DisplayInfo(960 x 2142) immediately
04-26 19:10:13.266  1643  1821 D ActivityManager: sync unfroze 30300 com.thetileapp.tile for 3
04-26 19:10:13.272  1643  1821 D ActivityManager: sync unfroze 28526 com.android.vending for 3
04-26 19:10:13.275  1643  1821 D ActivityManager: sync unfroze 17315 com.android.vending:background for 3
04-26 19:10:13.349  1643  4189 D BackgroundInstallControlService: Package event received: 0
04-26 19:10:13.503  1643  7133 D ActivityManager: sync unfroze 5694 com.google.android.gms for 6
04-26 19:10:16.193  1643  4189 D BackgroundInstallControlService: Package event received: 0
04-26 19:10:17.280  1643  7131 W AlarmManager: Window length 300000ms too short; expanding to 600000ms.
04-26 19:10:30.672  1643  2242 D ActivityManager: freezing 5694 com.google.android.gms
04-26 19:10:31.429  1643  1871 D AppOpHistoryHelper: MetricHandler reporting 34 records.
04-26 19:10:37.799  1643  4189 D BackgroundInstallControlService: Package event received: 0
04-26 19:10:37.809  1643  1916 D ActivityManager: sync unfroze 12325 com.google.android.apps.turbo for 6
04-26 19:10:37.810  1643  4189 D BackgroundInstallControlService: Package event received: 0
04-26 19:10:37.821  1643  1916 W ProcessStats: Tracking association SourceState{9279c6 com.google.android.pixelsystemservice/10261 ImpFg #1205294} whose proc state 5 is better than process ProcessState{5aae1b3 com.google.android.apps.turbo/10149 pkg=com.google.android.apps.turbo} proc state 14 (0 skipped)
04-26 19:10:38.944  4233  5669 D PowerUI : can't show warning due to - plugged: true status unknown: false
04-26 19:10:42.881  1643  1916 W AppOps  : Noting op not finished: uid 10186 pkg com.google.android.gms code 113 startTime of in progress event=1777201271835
04-26 19:10:42.894  1643  1916 W AppOps  : Noting op not finished: uid 10186 pkg com.google.android.gms code 113 startTime of in progress event=1777201270451
04-26 19:10:42.914  1643  7131 W AppOps  : Noting op not finished: uid 10186 pkg com.google.android.gms code 79 startTime of in progress event=1777201270471
04-26 19:10:43.328  1643  2242 D ActivityManager: freezing 30300 com.thetileapp.tile
04-26 19:10:43.338  1643  2242 D ActivityManager: freezing 28526 com.android.vending
04-26 19:10:43.345  1643  2242 D ActivityManager: freezing 17315 com.android.vending:background
04-26 19:10:43.884  1643  4653 W AppOps  : Noting op not finished: uid 10186 pkg com.google.android.gms code 113 startTime of in progress event=1777201270451
04-26 19:10:44.213  1643  4189 D BackgroundInstallControlService: Package event received: 0
04-26 19:10:57.387  1643  1720 I DisplayDeviceRepository: Display device changed render timings: "Built-in Screen", renderFrameRate=60.00001, presentationDeadlineNanos=11499998, appVsyncOffsetNanos=6233332, frameRateOverrides=[{uid=10247 frameRateHz=60.00001}]
04-26 19:10:57.388  1643  1711 D WindowManager: DeferredDisplayUpdater: partially applying DisplayInfo(960 x 2142) immediately
04-26 19:10:58.147  1643  1720 I DisplayDeviceRepository: Display device changed render timings: "Built-in Screen", renderFrameRate=60.00001, presentationDeadlineNanos=11499998, appVsyncOffsetNanos=6233332, frameRateOverrides=[]
04-26 19:10:58.259  1643  4189 D BackgroundInstallControlService: Package event received: 0
04-26 19:11:00.058  1643  1720 I DisplayDeviceRepository: Display device changed render timings: "Built-in Screen", renderFrameRate=120.00002, presentationDeadlineNanos=11499999, appVsyncOffsetNanos=6233332, frameRateOverrides=[]
04-26 19:11:00.059  1643  1711 D WindowManager: DeferredDisplayUpdater: partially applying DisplayInfo(960 x 2142) immediately
04-26 19:11:02.531  1643  4189 D BackgroundInstallControlService: Package event received: 0
04-26 19:11:07.810  1643  2234 D ActivityManager: sync unfroze 30300 com.thetileapp.tile for 6
04-26 19:11:07.834  1643  2234 D ActivityManager: sync unfroze 28526 com.android.vending for 6
04-26 19:11:07.839  1643  2234 D ActivityManager: sync unfroze 17315 com.android.vending:background for 6
04-26 19:11:07.850  1643  2234 W JobServiceContext: Sending onNetworkChanged for a job that isn't started. JobStatus{848858d androidx.work.systemjobscheduler:u0a318/14044 #TileJobWorker#@androidx.work.systemjobscheduler@com.thetileapp.tile/androidx.work.impl.background.systemjob.SystemJobService u=0 s=10318 TIME=-23s296ms:none NET READY}
04-26 19:11:07.872  1643  1916 W ProcessStats: Tracking association SourceState{c9bc4b1 com.android.vending:background/10179 ImpBg #1205381} whose proc state 6 is better than process ProcessState{704cc57 com.android.vending/10179 pkg=com.android.vending} proc state 14 (0 skipped)
04-26 19:11:17.868  1643  2242 D ActivityManager: freezing 12325 com.google.android.apps.turbo
04-26 19:11:18.391  1643  2242 D ActivityManager: freezing 30300 com.thetileapp.tile
04-26 19:11:18.400  1643  2242 D ActivityManager: freezing 28526 com.android.vending
04-26 19:11:18.407  1643  2242 D ActivityManager: freezing 17315 com.android.vending:background
04-26 19:11:26.047  4233  8601 D PowerUI : can't show warning due to - plugged: true status unknown: false
04-26 19:11:29.635  1643  1818 W NotificationHistory: Attempted to remove conversation for locked/gone/disabled user 0
04-26 19:11:31.859  1643  4189 D BackgroundInstallControlService: Package event received: 0
04-26 19:11:33.344  1643  2234 D ActivityManager: sync unfroze 30300 com.thetileapp.tile for 6
04-26 19:11:33.349  1643  2234 D ActivityManager: sync unfroze 28526 com.android.vending for 6
04-26 19:11:33.355  1643  2234 D ActivityManager: sync unfroze 17315 com.android.vending:background for 6
04-26 19:11:33.373  1643  2234 W JobServiceContext: Sending onNetworkChanged for a job that isn't started. JobStatus{32837ed #u0a318/301 com.thetileapp.tile/.analytics.dcs.DcsBUploadJobService u=0 s=10318 TIME=-1s736ms:+29m58s264ms NET PERIODIC PERSISTED READY}
04-26 19:11:33.412  1643  4653 W ProcessStats: Tracking association SourceState{c9bc4b1 com.android.vending:background/10179 ImpBg #1205392} whose proc state 6 is better than process ProcessState{704cc57 com.android.vending/10179 pkg=com.android.vending} proc state 14 (4 skipped)
04-26 19:11:33.468  1643  4189 D BackgroundInstallControlService: Package event received: 0
04-26 19:11:33.483  1643  2234 D ActivityManager: sync unfroze 12646 com.google.android.apps.pixel.support for 6
04-26 19:11:38.800  1643  4189 D BackgroundInstallControlService: Package event received: 0
04-26 19:11:42.985  1643  4189 D BackgroundInstallControlService: Package event received: 0
04-26 19:11:43.500  1643  2242 D ActivityManager: freezing 30300 com.thetileapp.tile
04-26 19:11:43.508  1643  2242 D ActivityManager: freezing 28526 com.android.vending
04-26 19:11:43.516  1643  2242 D ActivityManager: freezing 17315 com.android.vending:background
04-26 19:11:43.623  1643  2242 D ActivityManager: freezing 12646 com.google.android.apps.pixel.support
04-26 19:11:45.834  1643  4189 D BackgroundInstallControlService: Package event received: 0
04-26 19:11:46.264  1643  4189 D BackgroundInstallControlService: Package event received: 0
04-26 19:11:46.267  1643  7133 D ActivityManager: sync unfroze 7744 com.google.android.permissioncontroller for 6
04-26 19:11:46.628  4233 11158 D PowerUI : can't show warning due to - plugged: true status unknown: false
04-26 19:11:52.896  1643  4189 D BackgroundInstallControlService: Package event received: 0
04-26 19:11:57.029  1643  4189 D BackgroundInstallControlService: Package event received: 0
04-26 19:11:57.365  1643  1720 I DisplayDeviceRepository: Display device changed render timings: "Built-in Screen", renderFrameRate=60.00001, presentationDeadlineNanos=11499998, appVsyncOffsetNanos=6233332, frameRateOverrides=[{uid=10247 frameRateHz=60.00001}]
04-26 19:11:57.368  1643  1711 D WindowManager: DeferredDisplayUpdater: partially applying DisplayInfo(960 x 2142) immediately
04-26 19:11:58.123  1643  1720 I DisplayDeviceRepository: Display device changed render timings: "Built-in Screen", renderFrameRate=60.00001, presentationDeadlineNanos=11499998, appVsyncOffsetNanos=6233332, frameRateOverrides=[]
04-26 19:11:58.408  1643  4189 D BackgroundInstallControlService: Package event received: 0
04-26 19:12:00.057  1643  1720 I DisplayDeviceRepository: Display device changed render timings: "Built-in Screen", renderFrameRate=120.00002, presentationDeadlineNanos=11499999, appVsyncOffsetNanos=6233332, frameRateOverrides=[]
04-26 19:12:00.058  1643  1711 D WindowManager: DeferredDisplayUpdater: partially applying DisplayInfo(960 x 2142) immediately
04-26 19:12:01.344  1643  4189 D BackgroundInstallControlService: Package event received: 0
04-26 19:12:01.344  1643  4189 D BackgroundInstallControlService: Package event received: 0
04-26 19:12:11.063  1643  4189 D BackgroundInstallControlService: Package event received: 0
04-26 19:12:13.150  4233 12137 D PowerUI : can't show warning due to - plugged: true status unknown: false
04-26 19:12:25.105  1643  4189 D BackgroundInstallControlService: Package event received: 0
04-26 19:12:26.335  1643  2242 D ActivityManager: freezing 7744 com.google.android.permissioncontroller
04-26 19:12:28.540  1643  1643 I ContentCaptureManagerService: Content capture data sharing session terminated successfully for package 'com.google.android.googlequicksearchbox'
04-26 19:12:40.522  1643  4189 D BackgroundInstallControlService: Package event received: 0
04-26 19:12:52.032  1643  1821 W ActivityManager: Stale PhantomProcessRecord {f796368 21449:28965:/0}, removing
04-26 19:12:54.455  1643  4189 D BackgroundInstallControlService: Package event received: 0
04-26 19:12:57.381  1643  1720 I DisplayDeviceRepository: Display device changed render timings: "Built-in Screen", renderFrameRate=60.00001, presentationDeadlineNanos=11499998, appVsyncOffsetNanos=6233332, frameRateOverrides=[{uid=10247 frameRateHz=60.00001}]
04-26 19:12:57.383  1643  1711 D WindowManager: DeferredDisplayUpdater: partially applying DisplayInfo(960 x 2142) immediately
04-26 19:12:58.132  1643  1720 I DisplayDeviceRepository: Display device changed render timings: "Built-in Screen", renderFrameRate=60.00001, presentationDeadlineNanos=11499998, appVsyncOffsetNanos=6233332, frameRateOverrides=[]
04-26 19:13:00.043  1643  1720 I DisplayDeviceRepository: Display device changed render timings: "Built-in Screen", renderFrameRate=60.00001, presentationDeadlineNanos=11499998, appVsyncOffsetNanos=6233332, frameRateOverrides=[{uid=10258 frameRateHz=60.00001}]
04-26 19:13:00.253  4233 13655 D PowerUI : can't show warning due to - plugged: true status unknown: false
04-26 19:13:00.794  1643  1720 I DisplayDeviceRepository: Display device changed render timings: "Built-in Screen", renderFrameRate=60.00001, presentationDeadlineNanos=11499998, appVsyncOffsetNanos=6233332, frameRateOverrides=[]
04-26 19:13:01.514  1643  4189 D BackgroundInstallControlService: Package event received: 0
04-26 19:13:08.576  1643  4189 D BackgroundInstallControlService: Package event received: 0
04-26 19:13:12.593  1643  4189 D BackgroundInstallControlService: Package event received: 0
04-26 19:13:12.621  1643  4189 D BackgroundInstallControlService: Package event received: 0
04-26 19:13:42.538  1643  2234 D ActivityManager: sync unfroze 2562 com.google.android.apps.work.clouddpc for 6
04-26 19:13:42.548  1643  2234 W JobServiceContext: Sending onNetworkChanged for a job that isn't started. JobStatus{8189154 #u0a193/27 com.google.android.apps.work.clouddpc/.base.services.HealthCheckJobService u=0 s=10193 TIME=-44s401ms:+4m15s599ms NET PERIODIC READY}
04-26 19:13:42.577  1643  1916 W ProcessStats: Tracking association SourceState{7ba6d52 system/1000 ImpBg #1205579} whose proc state 6 is better than process ProcessState{78c2362 com.google.android.apps.work.clouddpc/10193 pkg=com.google.android.apps.work.clouddpc} proc state 14 (5 skipped)
04-26 19:13:47.350  4233 15351 D PowerUI : can't show warning due to - plugged: true status unknown: false
04-26 19:13:51.878  1643  4189 D BackgroundInstallControlService: Package event received: 0
04-26 19:13:52.680  1643  2242 D ActivityManager: freezing 2562 com.google.android.apps.work.clouddpc
04-26 19:13:54.407   609 10773 I keystore2: system/security/keystore2/watchdog/src/lib.rs:371 - Watchdog thread idle -> terminating. Have a great day.
04-26 19:13:57.355  1643  1720 I DisplayDeviceRepository: Display device changed render timings: "Built-in Screen", renderFrameRate=60.00001, presentationDeadlineNanos=11499998, appVsyncOffsetNanos=6233332, frameRateOverrides=[{uid=10247 frameRateHz=60.00001}]
04-26 19:13:57.588  1643  4189 D BackgroundInstallControlService: Package event received: 0
04-26 19:13:58.105  1643  1720 I DisplayDeviceRepository: Display device changed render timings: "Built-in Screen", renderFrameRate=60.00001, presentationDeadlineNanos=11499998, appVsyncOffsetNanos=6233332, frameRateOverrides=[]
04-26 19:14:00.042  1643  1720 I DisplayDeviceRepository: Display device changed render timings: "Built-in Screen", renderFrameRate=120.00002, presentationDeadlineNanos=11499999, appVsyncOffsetNanos=6233332, frameRateOverrides=[]
04-26 19:14:00.044  1643  1711 D WindowManager: DeferredDisplayUpdater: partially applying DisplayInfo(960 x 2142) immediately
04-26 19:14:03.982  1643  4189 D BackgroundInstallControlService: Package event received: 0
04-26 19:14:09.222  1643  4189 D BackgroundInstallControlService: Package event received: 0
04-26 19:14:11.050  1643  4189 D BackgroundInstallControlService: Package event received: 0
04-26 19:14:25.101  1643  4189 D BackgroundInstallControlService: Package event received: 0
04-26 19:14:34.463  4233  4837 D PowerUI : can't show warning due to - plugged: true status unknown: false
04-26 19:14:50.289  1643  4189 D BackgroundInstallControlService: Package event received: 0
04-26 19:14:57.379  1643  1720 I DisplayDeviceRepository: Display device changed render timings: "Built-in Screen", renderFrameRate=60.00001, presentationDeadlineNanos=11499998, appVsyncOffsetNanos=6233332, frameRateOverrides=[{uid=10247 frameRateHz=60.00001}]
04-26 19:14:57.381  1643  1711 D WindowManager: DeferredDisplayUpdater: partially applying DisplayInfo(960 x 2142) immediately
04-26 19:14:58.047  1643  4189 D BackgroundInstallControlService: Package event received: 0
04-26 19:14:58.058  1643  4658 D ActivityManager: sync unfroze 12325 com.google.android.apps.turbo for 6
04-26 19:14:58.061  1643  4189 D BackgroundInstallControlService: Package event received: 0
04-26 19:14:58.082  1643  4697 W ProcessStats: Tracking association SourceState{9279c6 com.google.android.pixelsystemservice/10261 ImpFg #1205672} whose proc state 5 is better than process ProcessState{5aae1b3 com.google.android.apps.turbo/10149 pkg=com.google.android.apps.turbo} proc state 14 (0 skipped)
04-26 19:14:58.138  1643  1720 I DisplayDeviceRepository: Display device changed render timings: "Built-in Screen", renderFrameRate=60.00001, presentationDeadlineNanos=11499998, appVsyncOffsetNanos=6233332, frameRateOverrides=[]
04-26 19:15:00.038  1643  1720 I DisplayDeviceRepository: Display device changed render timings: "Built-in Screen", renderFrameRate=120.00002, presentationDeadlineNanos=11499999, appVsyncOffsetNanos=6233332, frameRateOverrides=[]
04-26 19:15:00.040  1643  1711 D WindowManager: DeferredDisplayUpdater: partially applying DisplayInfo(960 x 2142) immediately
04-26 19:15:01.497  1643  4189 D BackgroundInstallControlService: Package event received: 0
04-26 19:15:02.835  1643  4189 D BackgroundInstallControlService: Package event received: 0
04-26 19:15:07.392  1643  4189 D BackgroundInstallControlService: Package event received: 0
04-26 19:15:08.014  4233  5421 D PowerUI : can't show warning due to - plugged: true status unknown: false
04-26 19:15:10.008  4233  5669 D PowerUI : can't show warning due to - plugged: true status unknown: false
04-26 19:15:10.538  4233  8601 D PowerUI : can't show warning due to - plugged: true status unknown: false
04-26 19:15:11.074  4233 11158 D PowerUI : can't show warning due to - plugged: true status unknown: false
04-26 19:15:11.509  1643  4189 D BackgroundInstallControlService: Package event received: 0
04-26 19:15:13.263  1643  1821 D ActivityManager: sync unfroze 30300 com.thetileapp.tile for 3
04-26 19:15:13.279  1643  1821 D ActivityManager: sync unfroze 28526 com.android.vending for 3
04-26 19:15:13.282  1643  1821 D ActivityManager: sync unfroze 17315 com.android.vending:background for 3
04-26 19:15:13.296  1643  2234 E JobScheduler.JobStatus: App com.microsoft.appmanager became active but still in NEVER bucket
04-26 19:15:13.296  1643  2234 E JobScheduler.JobStatus: App com.microsoft.appmanager became active but still in NEVER bucket
04-26 19:15:13.299  1643  2234 E JobScheduler.JobStatus: App com.microsoft.appmanager became active but still in NEVER bucket
04-26 19:15:13.300  1643  2234 E JobScheduler.JobStatus: App com.microsoft.appmanager became active but still in NEVER bucket
04-26 19:15:13.300  1643  2234 E JobScheduler.JobStatus: App com.microsoft.appmanager became active but still in NEVER bucket
04-26 19:15:13.331  1643  4189 D BackgroundInstallControlService: Package event received: 0
04-26 19:15:13.512  1643  4697 D ActivityManager: sync unfroze 5694 com.google.android.gms for 6
04-26 19:15:17.312  1643  1916 W AlarmManager: Window length 300000ms too short; expanding to 600000ms.
04-26 19:15:30.688  1643  2242 D ActivityManager: freezing 5694 com.google.android.gms
04-26 19:15:38.128  1643  2242 D ActivityManager: freezing 12325 com.google.android.apps.turbo
04-26 19:15:39.595  1643  4189 D BackgroundInstallControlService: Package event received: 0
04-26 19:15:39.626  1643  4189 D BackgroundInstallControlService: Package event received: 0
04-26 19:15:43.316  1643  2242 D ActivityManager: freezing 30300 com.thetileapp.tile
04-26 19:15:43.323  1643  2242 D ActivityManager: freezing 28526 com.android.vending
04-26 19:15:43.332  1643  2242 D ActivityManager: freezing 17315 com.android.vending:background
04-26 19:15:46.634  4233 12137 D PowerUI : can't show warning due to - plugged: true status unknown: false
04-26 19:15:48.090  1643  4189 D BackgroundInstallControlService: Package event received: 0
04-26 19:15:48.097  1643  4697 D ActivityManager: sync unfroze 12325 com.google.android.apps.turbo for 6
04-26 19:15:48.098  1643  4189 D BackgroundInstallControlService: Package event received: 0
04-26 19:15:48.121  1643  4697 W ProcessStats: Tracking association SourceState{9279c6 com.google.android.pixelsystemservice/10261 ImpFg #1205757} whose proc state 5 is better than process ProcessState{5aae1b3 com.google.android.apps.turbo/10149 pkg=com.google.android.apps.turbo} proc state 14 (0 skipped)
04-26 19:15:53.625  1643  4189 D BackgroundInstallControlService: Package event received: 0
04-26 19:15:54.957  1643  4189 D BackgroundInstallControlService: Package event received: 0
04-26 19:15:57.377  1643  1720 I DisplayDeviceRepository: Display device changed render timings: "Built-in Screen", renderFrameRate=60.00001, presentationDeadlineNanos=11499998, appVsyncOffsetNanos=6233332, frameRateOverrides=[{uid=10247 frameRateHz=60.00001}]
04-26 19:15:57.378  1643  1711 D WindowManager: DeferredDisplayUpdater: partially applying DisplayInfo(960 x 2142) immediately
04-26 19:15:57.767  1643  4189 D BackgroundInstallControlService: Package event received: 0
04-26 19:15:58.134  1643  1720 I DisplayDeviceRepository: Display device changed render timings: "Built-in Screen", renderFrameRate=60.00001, presentationDeadlineNanos=11499998, appVsyncOffsetNanos=6233332, frameRateOverrides=[]
04-26 19:15:58.432  4233 13655 D PowerUI : can't show warning due to - plugged: true status unknown: false
04-26 19:16:00.051  1643  1720 I DisplayDeviceRepository: Display device changed render timings: "Built-in Screen", renderFrameRate=60.00001, presentationDeadlineNanos=11499998, appVsyncOffsetNanos=6233332, frameRateOverrides=[{uid=10258 frameRateHz=60.00001}]
04-26 19:16:00.801  1643  1720 I DisplayDeviceRepository: Display device changed render timings: "Built-in Screen", renderFrameRate=60.00001, presentationDeadlineNanos=11499998, appVsyncOffsetNanos=6233332, frameRateOverrides=[]
04-26 19:16:07.785  1643  2234 D ActivityManager: sync unfroze 3802 com.google.android.apps.weather for 6
04-26 19:16:07.802  1643  2234 D ActivityManager: sync unfroze 30300 com.thetileapp.tile for 6
04-26 19:16:07.808  1643  2234 D ActivityManager: sync unfroze 28526 com.android.vending for 6
04-26 19:16:07.827  1643  2234 D ActivityManager: sync unfroze 17315 com.android.vending:background for 6
04-26 19:16:07.841  1643  1916 W ProcessStats: Tracking association SourceState{2093a89 system/1000 ImpBg #1205787} whose proc state 6 is better than process ProcessState{5aae1b3 com.google.android.apps.turbo/10149 pkg=com.google.android.apps.turbo} proc state 14 (0 skipped)
04-26 19:16:07.844  1643  2234 W JobServiceContext: Sending onNetworkChanged for a job that isn't started. JobStatus{21f0318 androidx.work.systemjobscheduler:u0a318/14045 #TileJobWorker#@androidx.work.systemjobscheduler@com.thetileapp.tile/androidx.work.impl.background.systemjob.SystemJobService u=0 s=10318 TIME=-23s304ms:none NET READY}
04-26 19:16:07.864  1643  7133 W JobScheduler: Job didn't exist in JobStore: 3bdc0dd #u0a149/7 com.google.android.apps.turbo/com.google.android.gms.learning.internal.training.InAppJobService
04-26 19:16:08.019  1643  7133 W JobScheduler: Job didn't exist in JobStore: 2e80af0 {androidx.work.systemjobscheduler} #u0a128/5758 #TikTokWorker#com.google.apps.tiktok.sync.impl.workmanager.SyncPeriodicWorker#@androidx.work.systemjobscheduler@com.google.android.apps.weather/androidx.work.impl.background.systemjob.SystemJobService
04-26 19:16:09.002  1643  4189 D BackgroundInstallControlService: Package event received: 0
04-26 19:16:18.044  1643  2242 D ActivityManager: freezing 3802 com.google.android.apps.weather
04-26 19:16:18.456  1643  2242 D ActivityManager: freezing 30300 com.thetileapp.tile
04-26 19:16:18.462  1643  2242 D ActivityManager: freezing 28526 com.android.vending
04-26 19:16:18.467  1643  2242 D ActivityManager: freezing 17315 com.android.vending:background
04-26 19:16:18.876  1643  4189 D BackgroundInstallControlService: Package event received: 0
04-26 19:16:23.008  1643  4189 D BackgroundInstallControlService: Package event received: 0
04-26 19:16:37.029  1643  4189 D BackgroundInstallControlService: Package event received: 0
04-26 19:16:37.066  1643  4189 D BackgroundInstallControlService: Package event received: 0
04-26 19:16:41.685  1643  7133 W AppOps  : Noting op not finished: uid 10186 pkg com.google.android.gms code 113 startTime of in progress event=1777201271835
04-26 19:16:41.698  1643  7133 W AppOps  : Noting op not finished: uid 10186 pkg com.google.android.gms code 113 startTime of in progress event=1777201270451
