04-08 00:49:17.044  1474  1474 I GoogleInputMethodService: GoogleInputMethodService.onStartInput():1877 onStartInput(EditorInfo{inputType=0x0(NULL) imeOptions=0x0 privateImeOptions=null actionName=UNSPECIFIED actionLabel=null actionId=0 initialSelStart=-1 initialSelEnd=-1 initialCapsMode=0x0 hintText=null label=null packageName=com.google.android.apps.nexuslauncher fieldId=0 fieldName=null extras=null}, false)
04-08 00:49:17.045  1474  1474 I GoogleInputMethodService: GoogleInputMethodService.shouldHideHeaderOnInitialState():4008 ShouldHideHeaderOnInitialState = false
04-08 00:49:17.045  1673  2593 W Glide   : Load failed for  with size [-2147483648x-2147483648]
04-08 00:49:17.045  1673  2593 W Glide   : class com.bumptech.glide.load.a.ap: Failed to load resource
04-08 00:49:17.045   546  1896 D ConnectivityService: requestNetwork for uid/pid:10132/1673 activeRequest: null callbackRequest: 88 [NetworkRequest [ REQUEST id=89, [ Capabilities: INTERNET&NOT_RESTRICTED&TRUSTED&NOT_VCN_MANAGED Uid: 10132 RequestorUid: 10132 RequestorPkg: com.google.android.googlequicksearchbox UnderlyingNetworks: Null] ]] callback flags: 0 order: 2147483647
04-08 00:49:17.053  2525  2525 V GraphicsEnvironment: ANGLE GameManagerService for com.android.localtransport: false
04-08 00:49:17.053  2525  2525 V GraphicsEnvironment: com.android.localtransport is not listed in per-application setting
04-08 00:49:17.053  2525  2525 V GraphicsEnvironment: Neither updatable production driver nor prerelease driver is supported.
04-08 00:49:17.054   546   682 D ConnectivityService: NetReassign [89 : null → 100] [c 0] [a 0] [i 8]
04-08 00:49:17.055  1661  1661 D BoundBrokerSvc: onBind: Intent { act=com.google.android.gms.mobiledataplan.service.START pkg=com.google.android.gms }
04-08 00:49:17.055  1661  1661 D BoundBrokerSvc: Loading bound service for intent: Intent { act=com.google.android.gms.mobiledataplan.service.START pkg=com.google.android.gms }
04-08 00:49:17.056  2471  2471 D nativeloader: Configuring clns-shared-7 for other apk /system/priv-app/MtpService/MtpService.apk. target_sdk_version=34, uses_libraries=, library_path=/system/priv-app/MtpService/lib/x86_64:/system/lib64:/system_ext/lib64, permitted_path=/data:/mnt/expand:/data/user/0/com.android.mtp:/system/priv-app/MtpService:/system/lib64:/system_ext/lib64
04-08 00:49:17.057  2646  2646 D nativeloader: InitLlndkLibrariesProduct: libEGL.so:libGLESv1_CM.so:libGLESv2.so:libGLESv3.so:libRS.so:libandroid_net.so:libbinder_ndk.so:libc.so:libcgrouprc.so:libclang_rt.asan-x86_64-android.so:libcom.android.tethering.connectivity_native.so:libdl.so:libft2.so:liblog.so:libm.so:libmediandk.so:libnativewindow.so:libneuralnetworks.so:libselinux.so:libsync.so:libvndksupport.so:libvulkan.so
04-08 00:49:17.057  2646  2646 D nativeloader: Configuring product-clns-9 for unbundled product apk /product/priv-app/PrebuiltGmsCore/PrebuiltGmsCore.apk. target_sdk_version=33, uses_libraries=, library_path=/product/priv-app/PrebuiltGmsCore/lib/x86_64:/product/priv-app/PrebuiltGmsCore/PrebuiltGmsCore.apk!/lib/x86_64:/product/lib64:/system/product/lib64, permitted_path=/data:/mnt/expand:/data/user/0/com.google.android.gms:/product/lib64:/system/product/lib64
04-08 00:49:17.058  2646  2646 D nativeloader: InitVndkspLibrariesProduct: android.hardware.common-V2-ndk.so:android.hardware.common.fmq-V1-ndk.so:android.hardware.graphics.allocator-V2-ndk.so:android.hardware.graphics.common-V4-ndk.so:android.hardware.graphics.common@1.0.so:android.hardware.graphics.common@1.1.so:android.hardware.graphics.common@1.2.so:android.hardware.graphics.composer3-V1-ndk.so:android.hardware.graphics.mapper@2.0.so:android.hardware.graphics.mapper@2.1.so:android.hardware.graphics.mapper@3.0.so:android.hardware.graphics.mapper@4.0.so:android.hardware.renderscript@1.0.so:android.hidl.memory.token@1.0.so:android.hidl.memory@1.0-impl.so:android.hidl.memory@1.0.so:android.hidl.safe_union@1.0.so:libRSCpuRef.so:libRSDriver.so:libRS_internal.so:libbase.so:libbcinfo.so:libblas.so:libc++.so:libcompiler_rt.so:libcutils.so:libdmabufheap.so:libgralloctypes.so:libhardware.so:libhidlbase.so:libhidlmemory.so:libion.so:libjsoncpp.so:liblzma.so:libprocessgroup.so:libunwindstack.so:libutils.so:libutilscallstack.so:libz.so
04-08 00:49:17.059   762   762 I NoBackGesture: Config changed: newConfig={1.0 310mcc260mnc [en_US] ldltr sw411dp w411dp h838dp 420dpi nrml long port finger qwerty/v/v -nav/h winConfig={ mBounds=Rect(0, 0 - 1080, 2400) mAppBounds=Rect(0, 136 - 1080, 2337) mMaxBounds=Rect(0, 0 - 1080, 2400) mDisplayRotation=ROTATION_0 mWindowingMode=fullscreen mDisplayWindowingMode=fullscreen mActivityType=undefined mAlwaysOnTop=undefined mRotation=ROTATION_0} as.3 s.107 fontWeightAdjustment=0} lastReportedConfig={1.0 310mcc260mnc [en_US] ldltr sw411dp w411dp h838dp 420dpi nrml long port finger qwerty/v/v -nav/h winConfig={ mBounds=Rect(0, 0 - 1080, 2400) mAppBounds=Rect(0, 136 - 1080, 2337) mMaxBounds=Rect(0, 0 - 1080, 2400) mDisplayRotation=ROTATION_0 mWindowingMode=fullscreen mDisplayWindowingMode=fullscreen mActivityType=undefined mAlwaysOnTop=undefined mRotation=ROTATION_0} as.2 s.66 fontWeightAdjustment=0}
04-08 00:49:17.059  1474  1474 I GoogleInputMethodService: GoogleInputMethodService.updateDeviceLockedStatus():2087 repeatCheckTimes = 2, unlocked = true
04-08 00:49:17.061   546  2132 W system_server: Long monitor contention with owner binder:546_C (1090) at java.util.List com.android.server.om.OverlayManagerService.updatePackageManagerLocked(java.util.Collection, int)(OverlayManagerService.java:1534) waiters=2 in boolean com.android.server.om.OverlayManagerService$1.setEnabledExclusiveInCategory(java.lang.String, int) for 623ms
04-08 00:49:17.061  1474  1474 I DeviceModeUtil: DeviceModeUtil.getDeviceMode():122 Get device mode phone by ui mode:1 and smallestScreenWidthDp:411
04-08 00:49:17.080   546  2505 W system_server: Long monitor contention with owner binder:546_C (1090) at java.util.List com.android.server.om.OverlayManagerService.updatePackageManagerLocked(java.util.Collection, int)(OverlayManagerService.java:1534) waiters=3 in boolean com.android.server.om.OverlayManagerService$1.setEnabledExclusiveInCategory(java.lang.String, int) for 510ms
04-08 00:49:17.090   546  2605 W system_server: Long monitor contention with owner binder:546_C (1090) at java.util.List com.android.server.om.OverlayManagerService.updatePackageManagerLocked(java.util.Collection, int)(OverlayManagerService.java:1534) waiters=4 in boolean com.android.server.om.OverlayManagerService$1.setEnabledExclusiveInCategory(java.lang.String, int) for 472ms
04-08 00:49:17.093   546   675 W system_server: Core platform API violation: Llibcore/io/Memory;->pokeByte(JB)V from Lcom/android/wifi/x/com/google/protobuf/UnsafeUtil; using reflection
04-08 00:49:17.093   546   675 W system_server: Core platform API violation: Llibcore/io/Memory;->peekByte(J)B from Lcom/android/wifi/x/com/google/protobuf/UnsafeUtil; using reflection
04-08 00:49:17.098  1539  2285 I MediaProvider: Scanned external_primary due to REASON_MOUNTED, found 16 items in 120ms, 0 inserts 0 updates 0 deletes
04-08 00:49:17.099  1477  2461 W ziparchive: Unable to open '/data/user_de/0/com.google.android.gms/app_chimera/m/00000005/GoogleCertificates.dm': No such file or directory
04-08 00:49:17.099  1477  2461 W ziparchive: Unable to open '/data/user_de/0/com.google.android.gms/app_chimera/m/00000005/GoogleCertificates.dm': No such file or directory
04-08 00:49:17.101   974  1158 V MmsProvider: inside checkQueryParametersForSubqueries
04-08 00:49:17.101   974  1158 V MmsProvider: checkQueryParametersForSubqueries checking proj: address
04-08 00:49:17.103   546  2407 W system_server: Long monitor contention with owner binder:546_C (1090) at java.util.List com.android.server.om.OverlayManagerService.updatePackageManagerLocked(java.util.Collection, int)(OverlayManagerService.java:1534) waiters=5 in boolean com.android.server.om.OverlayManagerService$1.setEnabledExclusiveInCategory(java.lang.String, int) for 450ms
04-08 00:49:17.103   974  1158 V MmsProvider: checkQueryParametersForSubqueries checking proj: date
04-08 00:49:17.103   974  1158 V MmsProvider: checkQueryParametersForSubqueries checking proj: type
04-08 00:49:17.103   974  1158 V MmsProvider: checkQueryParametersForSubqueries checking proj: body
04-08 00:49:17.103   974  1158 V MmsProvider: checkQueryParametersForSubqueries checking sel: date > ? AND (type == ? OR type == ?)
04-08 00:49:17.104   944   944 I BrowsedPlayerWrapper: onConnected: com.google.android.apps.youtube.music is connected
04-08 00:49:17.104   944   944 D AvrcpBrowsablePlayerConnector: Browse player callback called: package=com.google.android.apps.youtube.music : status=0
04-08 00:49:17.105   944   944 D AvrcpBrowsablePlayerConnector: Received a message: msg.what=1
04-08 00:49:17.105   944   944 I AvrcpBrowsablePlayerConnector: Checking root contents for com.google.android.apps.youtube.music
04-08 00:49:17.106   974  1158 V MmsProvider: checkQueryParametersForSubqueries checking sort: date DESC
04-08 00:49:17.108   878   900 I ssioncontroller: Background concurrent copying GC freed 108150(5508KB) AllocSpace objects, 33(3840KB) LOS objects, 49% free, 3897KB/7794KB, paused 75us,11us total 146.864ms
04-08 00:49:17.111   546   675 D WifiNetworkFactory: got request NetworkRequest [ REQUEST id=87, [ Capabilities: INTERNET&NOT_RESTRICTED&TRUSTED&NOT_VCN_MANAGED Uid: 10131 RequestorUid: 1000 RequestorPkg: android UnderlyingNetworks: Null] ]
04-08 00:49:17.111   546   675 D UntrustedWifiNetworkFactory: got request NetworkRequest [ REQUEST id=87, [ Capabilities: INTERNET&NOT_RESTRICTED&TRUSTED&NOT_VCN_MANAGED Uid: 10131 RequestorUid: 1000 RequestorPkg: android UnderlyingNetworks: Null] ]
04-08 00:49:17.111   546   675 D OemPaidWifiNetworkFactory: got request NetworkRequest [ REQUEST id=87, [ Capabilities: INTERNET&NOT_RESTRICTED&TRUSTED&NOT_VCN_MANAGED Uid: 10131 RequestorUid: 1000 RequestorPkg: android UnderlyingNetworks: Null] ]
04-08 00:49:17.111   546   675 D MultiInternetWifiNetworkFactory: got request NetworkRequest [ REQUEST id=87, [ Capabilities: INTERNET&NOT_RESTRICTED&TRUSTED&NOT_VCN_MANAGED Uid: 10131 RequestorUid: 1000 RequestorPkg: android UnderlyingNetworks: Null] ]
04-08 00:49:17.111   546   675 D WifiNetworkFactory: got request NetworkRequest [ REQUEST id=89, [ Capabilities: INTERNET&NOT_RESTRICTED&TRUSTED&NOT_VCN_MANAGED Uid: 10132 RequestorUid: 10132 RequestorPkg: com.google.android.googlequicksearchbox UnderlyingNetworks: Null] ]
04-08 00:49:17.111   546   675 D UntrustedWifiNetworkFactory: got request NetworkRequest [ REQUEST id=89, [ Capabilities: INTERNET&NOT_RESTRICTED&TRUSTED&NOT_VCN_MANAGED Uid: 10132 RequestorUid: 10132 RequestorPkg: com.google.android.googlequicksearchbox UnderlyingNetworks: Null] ]
04-08 00:49:17.111   546   675 D OemPaidWifiNetworkFactory: got request NetworkRequest [ REQUEST id=89, [ Capabilities: INTERNET&NOT_RESTRICTED&TRUSTED&NOT_VCN_MANAGED Uid: 10132 RequestorUid: 10132 RequestorPkg: com.google.android.googlequicksearchbox UnderlyingNetworks: Null] ]
04-08 00:49:17.111   546   675 D MultiInternetWifiNetworkFactory: got request NetworkRequest [ REQUEST id=89, [ Capabilities: INTERNET&NOT_RESTRICTED&TRUSTED&NOT_VCN_MANAGED Uid: 10132 RequestorUid: 10132 RequestorPkg: com.google.android.googlequicksearchbox UnderlyingNetworks: Null] ]
04-08 00:49:17.114   546   746 W system_server: Long monitor contention with owner android.bg (575) at void com.android.server.pm.ShortcutService.saveUser(int)(ShortcutService.java:1096) waiters=0 in java.util.List com.android.server.pm.ShortcutService$LocalService.getShortcuts(int, java.lang.String, long, java.lang.String, java.util.List, java.util.List, android.content.ComponentName, int, int, int, int) for 1.114s
04-08 00:49:17.114   546   675 D WifiScoreReport: setShouldReduceNetworkScore=false mNetworkAgent is null? true
04-08 00:49:17.114   546   675 D WifiClientModeImpl[10440:wlan0]: CMD_START_CONNECT  my state DisconnectedState nid=0 roam=false
04-08 00:49:17.115  1338  1368 D LoaderTask: loadDeepShortcuts
04-08 00:49:17.115  1338  1368 D LoaderTask: bindDeepShortcuts
04-08 00:49:17.115  1338  1368 D LoaderTask: save deep shortcuts in icon cache
04-08 00:49:17.116  1338  1368 D LoaderTask: step 3 complete
04-08 00:49:17.117  1541  1899 D CompatibilityChangeReporter: Compat change id reported: 247079863; UID 10127; state: ENABLED
04-08 00:49:17.117   546   565 W ActivityTaskManager: Current config: {1.0 310mcc260mnc [en_US] ldltr sw411dp w411dp h838dp 420dpi nrml long port finger qwerty/v/v -nav/h winConfig={ mBounds=Rect(0, 0 - 1080, 2400) mAppBounds=Rect(0, 136 - 1080, 2337) mMaxBounds=Rect(0, 0 - 1080, 2400) mDisplayRotation=ROTATION_0 mWindowingMode=fullscreen mDisplayWindowingMode=fullscreen mActivityType=undefined mAlwaysOnTop=undefined mRotation=ROTATION_0} as.3 s.68 fontWeightAdjustment=0} unchanged for IME proc com.google.android.inputmethod.latin
04-08 00:49:17.118  1338  1338 D b/254119092: DisplayController#onConfigurationChanged: {1.0 310mcc260mnc [en_US] ldltr sw411dp w411dp h838dp 420dpi nrml long port finger qwerty/v/v -nav/h winConfig={ mBounds=Rect(0, 0 - 1080, 2400) mAppBounds=Rect(0, 136 - 1080, 2337) mMaxBounds=Rect(0, 0 - 1080, 2400) mDisplayRotation=ROTATION_0 mWindowingMode=fullscreen mDisplayWindowingMode=fullscreen mActivityType=undefined mAlwaysOnTop=undefined mRotation=ROTATION_0} as.3 s.68 fontWeightAdjustment=0}
04-08 00:49:17.119  1338  1338 D b/254119092: TaskbarManager#mComponentCallbacks.onConfigurationChanged: {1.0 310mcc260mnc [en_US] ldltr sw411dp w411dp h838dp 420dpi nrml long port finger qwerty/v/v -nav/h winConfig={ mBounds=Rect(0, 0 - 1080, 2400) mAppBounds=Rect(0, 136 - 1080, 2337) mMaxBounds=Rect(0, 0 - 1080, 2400) mDisplayRotation=ROTATION_0 mWindowingMode=fullscreen mDisplayWindowingMode=fullscreen mActivityType=undefined mAlwaysOnTop=undefined mRotation=ROTATION_0} as.3 s.68 fontWeightAdjustment=0}
04-08 00:49:17.119  1338  1338 D b/254119092: mActivity and mContext agree taskbarIsPresent=false
04-08 00:49:17.119  1541  1899 E AiAiEcho: EchoSearch: SettingsFetcherImpl: DB already exists.
04-08 00:49:17.119  1338  1338 D b/254119092: ComponentCallbacks#onConfigurationChanged() configDiffForRecreate={CONFIG_ASSETS_PATHS}
04-08 00:49:17.119  1338  1338 D b/254119092: mActivity and mContext agree taskbarIsPresent=false
04-08 00:49:17.119  1338  1338 D b/254119092: destroyExistingTaskbar: null
04-08 00:49:17.119  1338  1338 D b/254119092: mActivity and mContext agree taskbarIsPresent=false
04-08 00:49:17.119  1338  1338 D b/254119092: recreateTaskbar: isTaskbarEnabled=false [dp != null (i.e. mUserUnlocked)]=true FLAG_HIDE_NAVBAR_WINDOW=false dp.isTaskbarPresent=false
04-08 00:49:17.119  1338  1338 D b/254119092: mActivity and mContext agree taskbarIsPresent=false
04-08 00:49:17.120  1474  1474 W GoogleInputMethodService: GoogleInputMethodService.onConfigurationChanged():1557 onConfigurationChanged() : NewConfig = {1.0 310mcc260mnc [en_US] ldltr sw411dp w411dp h838dp 420dpi nrml long port finger qwerty/v/v -nav/h winConfig={ mBounds=Rect(0, 0 - 1080, 2400) mAppBounds=Rect(0, 136 - 1080, 2337) mMaxBounds=Rect(0, 0 - 1080, 2400) mDisplayRotation=ROTATION_0 mWindowingMode=fullscreen mDisplayWindowingMode=fullscreen mActivityType=undefined mAlwaysOnTop=undefined mRotation=ROTATION_0} as.3 s.68 fontWeightAdjustment=0}
04-08 00:49:17.120  1474  1474 I GoogleInputMethodService: GoogleInputMethodService.onConfigurationChanged():1575 changedMask : 80000000
04-08 00:49:17.121   546   565 W ActivityTaskManager: Current config: {1.0 310mcc260mnc [en_US] ldltr sw411dp w411dp h838dp 420dpi nrml long port finger qwerty/v/v -nav/h winConfig={ mBounds=Rect(0, 0 - 1080, 2400) mAppBounds=Rect(0, 136 - 1080, 2337) mMaxBounds=Rect(0, 0 - 1080, 2400) mDisplayRotation=ROTATION_0 mWindowingMode=fullscreen mDisplayWindowingMode=fullscreen mActivityType=undefined mAlwaysOnTop=undefined mRotation=ROTATION_0} as.3 s.68 fontWeightAdjustment=0} unchanged for IME proc com.google.android.inputmethod.latin
04-08 00:49:17.124  1474  1474 I DeviceModeUtil: DeviceModeUtil.getDeviceMode():122 Get device mode phone by ui mode:1 and smallestScreenWidthDp:411
04-08 00:49:17.124  1474  1474 I KeyboardModeManager: KeyboardModeManager.setInputView():364 setInputView() : supportsOneHandedMode=true
04-08 00:49:17.125  1474  1474 I NormalModeController: NormalModeController.getKeyboardBodyViewHolderPaddingBottom():116 currentPrimeKeyboardType:SOFT systemPaddingBottom:-1
04-08 00:49:17.125  1474  1474 I KeyboardModeManager: KeyboardModeManager.setInputView():356 setInputView() : entry=hwn{languageTag=en-US, variant=qwerty, hasLocalizedResources=true, conditionCacheKey=_device=phone_device_size=default_enable_adaptive_text_editing=true_enable_inline_suggestions_on_client_side=false_enable_large_tablet_batch_1=false_enable_large_tablet_batch_2=false_enable_more_candidates_view_for_multilingual=false_enable_nav_redesign=false_enable_number_row=false_enable_preemptive_decode=true_enable_secondary_symbols=false_expressions=normal_four_or_more_letter_rows=false_keyboard_mode=normal_language=en-US_orientation=portrait_physical_keyboard=qwerty_show_secondary_digits=true_show_suggestions=true_split_with_duplicate_keys=true_variant=qwerty, imeDef.stringId=ime_english_united_states, imeDef.className=com.google.android.apps.inputmethod.libs.latin5.LatinIme, imeDef.languageTag=en-US}
04-08 00:49:17.125   546  2609 W system_server: Long monitor contention with owner android.fg (565) at void com.android.server.am.ActivityManagerService.scheduleApplicationInfoChanged(java.util.List, int)(ActivityManagerService.java:19335) waiters=1 in boolean com.android.server.am.ActivityManagerService.isAppStartModeDisabled(int, java.lang.String) for 193ms
04-08 00:49:17.126   546   619 W system_server: Long monitor contention with owner android.fg (565) at void com.android.server.am.ActivityManagerService.scheduleApplicationInfoChanged(java.util.List, int)(ActivityManagerService.java:19335) waiters=4 in boolean com.android.server.am.ActivityManagerService.isAppStartModeDisabled(int, java.lang.String) for 164ms
04-08 00:49:17.128   546   559 W system_server: Long monitor contention with owner appscheduling.default (619) at void com.android.server.job.JobSchedulerService$JobHandler.handleMessage(android.os.Message)(JobSchedulerService.java:3305) waiters=0 in boolean com.android.server.job.JobSchedulerService.cancelJob(int, java.lang.String, int, int, int) for 162ms
04-08 00:49:17.128  1474  1474 I StyledKeyboardTheme: StyledKeyboardTheme.<init>():87 Pref: [], themeName: [silk:], darkMode: [false], cacheKey: [overlay_builtin_dynamic_color_light_base.binarypb:dynamic-light-fff0f0f3-ff76d1ff-ce191c6173d879ea127e4e40bfd70d3c]
04-08 00:49:17.128  1474  1474 I DeviceModeUtil: DeviceModeUtil.getDeviceMode():122 Get device mode phone by ui mode:1 and smallestScreenWidthDp:411
04-08 00:49:17.128  1474  1474 I DeviceModeUtil: DeviceModeUtil.getDeviceMode():122 Get device mode phone by ui mode:1 and smallestScreenWidthDp:411
04-08 00:49:17.128  1474  1474 I DeviceModeUtil: DeviceModeUtil.getDeviceMode():122 Get device mode phone by ui mode:1 and smallestScreenWidthDp:411
04-08 00:49:17.128  1474  1474 I DeviceModeUtil: DeviceModeUtil.getDeviceMode():122 Get device mode phone by ui mode:1 and smallestScreenWidthDp:411
04-08 00:49:17.128  1474  1474 I DeviceModeUtil: DeviceModeUtil.getDeviceMode():122 Get device mode phone by ui mode:1 and smallestScreenWidthDp:411
04-08 00:49:17.128  1474  1474 I GoogleInputMethodService: GoogleInputMethodService.initializeKeyboardTheme():1343 Apply keyboard theme: theme_border_bottom4dp_stylesheet_noshadow_gsans_pillkey_silkpopup_refinedkp_materiallight_phone_400_overlay_builtin_dynamic_color_light_base.binarypb:dynamic-light-fff0f0f3-ff76d1ff-ce191c6173d879ea127e4e40bfd70d3c_port
04-08 00:49:17.132   546   614 W system_server: Long monitor contention with owner binder:546_C (1090) at java.util.List com.android.server.om.OverlayManagerService.updatePackageManagerLocked(java.util.Collection, int)(OverlayManagerService.java:1534) waiters=6 in boolean com.android.server.om.OverlayManagerService$1.setEnabledExclusiveInCategory(java.lang.String, int) for 480ms
04-08 00:49:17.133  1474  1474 I DeviceModeUtil: DeviceModeUtil.getDeviceMode():122 Get device mode phone by ui mode:1 and smallestScreenWidthDp:411
04-08 00:49:17.139  1474  1474 I DeviceModeUtil: DeviceModeUtil.getDeviceMode():122 Get device mode phone by ui mode:1 and smallestScreenWidthDp:411
04-08 00:49:17.139  1474  1474 I KeyboardViewUtil: KeyboardViewUtil.getKeyboardHeightRatio():189 systemKeyboardHeightRatio:1.000000; userKeyboardHeightRatio:1.000000.
04-08 00:49:17.140  1474  1474 I GoogleInputMethodService: GoogleInputMethodService.onStartInput():1877 onStartInput(EditorInfo{inputType=0x0(NULL) imeOptions=0x0 privateImeOptions=null actionName=UNSPECIFIED actionLabel=null actionId=0 initialSelStart=-1 initialSelEnd=-1 initialCapsMode=0x0 hintText=null label=null packageName=com.google.android.apps.nexuslauncher fieldId=0 fieldName=null extras=null}, true)
04-08 00:49:17.140  1474  1474 I GoogleInputMethodService: GoogleInputMethodService.shouldHideHeaderOnInitialState():4008 ShouldHideHeaderOnInitialState = false
04-08 00:49:17.143  2463  2729 W gle.android.tts: Accessing hidden field Ljava/util/Collections$SynchronizedCollection;->mutex:Ljava/lang/Object; (max-target-o, reflection, denied)
04-08 00:49:17.143  2137  2577 I RcsClientLib: com.google.android.rcs.client.lifecycle.RcsEngineLifecycleService connected
04-08 00:49:17.143  2463  2729 W gle.android.tts: Accessing hidden method Ljava/util/Collections$SynchronizedSet;-><init>(Ljava/util/Set;Ljava/lang/Object;)V (max-target-o, reflection, denied)
04-08 00:49:17.143  2463  2729 W gle.android.tts: Accessing hidden method Ljava/util/Collections$SynchronizedCollection;-><init>(Ljava/util/Collection;Ljava/lang/Object;)V (max-target-o, reflection, denied)
04-08 00:49:17.145   546   675 W LastMileLogger: Failed to open free_buffer pseudo-file: /sys/kernel/debug/tracing/instances/wifi/free_buffer: open failed: ENOENT (No such file or directory)
04-08 00:49:17.145   546   675 W LastMileLogger: Failed to arm fail-safe.
04-08 00:49:17.148   476   476 W wificond: Scan is not started. Ignore abort request
04-08 00:49:17.149   546   749 W system_server: Long monitor contention with owner binder:546_C (1090) at java.util.List com.android.server.om.OverlayManagerService.updatePackageManagerLocked(java.util.Collection, int)(OverlayManagerService.java:1534) waiters=7 in boolean com.android.server.om.OverlayManagerService$1.setEnabledExclusiveInCategory(java.lang.String, int) for 393ms
04-08 00:49:17.149   546   675 D SupplicantStaIfaceHalAidlImpl: connectToNetwork "AndroidWifi"NONE, actualSsid=null
04-08 00:49:17.149   546   675 D SupplicantStaIfaceHalAidlImpl: Selecting supplicant SSID "AndroidWifi"
04-08 00:49:17.152  1474  1474 I GoogleInputMethodService: GoogleInputMethodService.updateDeviceLockedStatus():2087 repeatCheckTimes = 2, unlocked = true
04-08 00:49:17.152  1474  1474 W SessionManager: SessionManager.beginSession():53 Try to begin an already begun session [INPUT_SESSION], end it first
04-08 00:49:17.152  1202  1202 D BoundBrokerSvc: onBind: Intent { act=com.google.android.gms.usagereporting.service.START dat=chimera-action:/... cmp=com.google.android.gms/.chimera.PersistentDirectBootAwareApiService }
04-08 00:49:17.152  1202  1202 D BoundBrokerSvc: Loading bound service for intent: Intent { act=com.google.android.gms.usagereporting.service.START dat=chimera-action:/... cmp=com.google.android.gms/.chimera.PersistentDirectBootAwareApiService }
04-08 00:49:17.153   546   675 I SupplicantStaNetworkHalAidlImpl: Successfully set SSID
04-08 00:49:17.153   546   675 D SupplicantStaNetworkHalAidlImpl: The target security params: Security Parameters:
04-08 00:49:17.153   546   675 D SupplicantStaNetworkHalAidlImpl:  Type: 0
04-08 00:49:17.153   546   675 D SupplicantStaNetworkHalAidlImpl:  Enabled: true
04-08 00:49:17.153   546   675 D SupplicantStaNetworkHalAidlImpl:  KeyMgmt: NONE
04-08 00:49:17.153   546   675 D SupplicantStaNetworkHalAidlImpl:  Protocols: WPA RSN
04-08 00:49:17.153   546   675 D SupplicantStaNetworkHalAidlImpl:  AuthAlgorithms:
04-08 00:49:17.153   546   675 D SupplicantStaNetworkHalAidlImpl:  PairwiseCiphers:
04-08 00:49:17.153   546   675 D SupplicantStaNetworkHalAidlImpl:  GroupCiphers:
04-08 00:49:17.153   546   675 D SupplicantStaNetworkHalAidlImpl:  GroupMgmtCiphers:
04-08 00:49:17.153   546   675 D SupplicantStaNetworkHalAidlImpl:  SuiteBCiphers:
04-08 00:49:17.153   546   675 D SupplicantStaNetworkHalAidlImpl:  RequirePmf: false
04-08 00:49:17.153   546   675 D SupplicantStaNetworkHalAidlImpl:  IsAddedByAutoUpgrade: false
04-08 00:49:17.153   546   675 D SupplicantStaNetworkHalAidlImpl:  IsSaeH2eOnlyMode: false
04-08 00:49:17.153   546   675 D SupplicantStaNetworkHalAidlImpl:  IsSaePkOnlyMode: false
04-08 00:49:17.153  1549  2069 D BugleRcsEngine: log_saver already enabled
04-08 00:49:17.155   748   748 I wpa_supplicant: wlan0: SME: Trying to authenticate with 00:13:10:85:fe:01 (SSID='AndroidWifi' freq=2447 MHz)
04-08 00:49:17.155   748   748 I wpa_supplicant: assoc key_mgmt 0x4 network key_mgmt 0x4
04-08 00:49:17.156  1202  2431 D CompatibilityChangeReporter: Compat change id reported: 150935354; UID 10128; state: ENABLED
04-08 00:49:17.158  2675  2675 V GraphicsEnvironment: Currently set values for:
04-08 00:49:17.158  2675  2675 V GraphicsEnvironment:   angle_gl_driver_selection_pkgs=[]
04-08 00:49:17.158  2675  2675 V GraphicsEnvironment:   angle_gl_driver_selection_values=[]
04-08 00:49:17.159   762   879 D EGL_emulation: app_time_stats: avg=2479.46ms min=344.39ms max=4614.53ms count=2
04-08 00:49:17.161   546   568 I DisplayDeviceRepository: Display device changed: DisplayDeviceInfo{"Built-in Screen": uniqueId="local:4619827259835644672", 1080 x 2400, modeId 1, renderFrameRate 60.000004, defaultModeId 1, supportedModes [{id=1, width=1080, height=2400, fps=60.000004, alternativeRefreshRates=[], supportedHdrTypes=[]}], colorMode 0, supportedColorModes [0], hdrCapabilities HdrCapabilities{mSupportedHdrTypes=[], mMaxLuminance=500.0, mMaxAverageLuminance=500.0, mMinLuminance=0.0}, allmSupported false, gameContentTypeSupported false, density 420, 420.0 x 420.0 dpi, appVsyncOff 1000000, presDeadline 16666666, cutout DisplayCutout{insets=Rect(0, 136 - 0, 0) waterfall=Insets{left=0, top=0, right=0, bottom=0} boundingRect={Bounds=[Rect(0, 0 - 0, 0), Rect(480, 0 - 625, 136), Rect(0, 0 - 0, 0), Rect(0, 0 - 0, 0)]} cutoutPathParserInfo={CutoutPathParserInfo{displayWidth=1080 displayHeight=2400 physicalDisplayWidth=1080 physicalDisplayHeight=2400 density={2.625} cutoutSpec={M 506,68 a 34,34 0 1 0 68,0 34,34 0 1 0 -68,0 Z @left} rotation={0} scale={1.0} physicalPixelDisplaySizeRatio={1.0}}}}, touch INTERNAL, rotation 0, type INTERNAL, address {port=0, model=0x401cec6a7a2b7b}, deviceProductInfo DeviceProductInfo{name=EMU_display_0, manufacturerPnpId=GGL, productId=1, modelYear=null, manufactureDate=ManufactureDate{week=27, year=2006}, connectionToSinkType=0}, state ON, committedState ON, frameRateOverride , brightnessMinimum 0.0, brightnessMaximum 1.0, brightnessDefault 0.39763778, hdrSdrRatio NaN, roundedCorners RoundedCorners{[RoundedCorner{position=TopLeft, radius=47, center=Point(47, 47)}, RoundedCorner{position=TopRight, radius=47, center=Point(1033, 47)}, RoundedCorner{position=BottomRight, radius=48, center=Point(1032, 2352)}, RoundedCorner{position=BottomLeft, radius=48, center=Point(48, 2352)}]}, FLAG_ALLOWED_TO_BE_DEFAULT_DISPLAY, FLAG_ROTATES_WITH_CONTENT, FLAG_SECURE, FLAG_SUPPORTS_PROTECTED_BUFFERS, FLAG_TRUSTED, installOrientation 0, displayShape DisplayShape{ spec=-1893857183 displayWidth=1080 displayHeight=2400 physicalPixelDisplaySizeRatio=1.0 rotation=0 offsetX=0 offsetY=0 scale=1.0}}
04-08 00:49:17.161   748   748 I wpa_supplicant: wlan0: Trying to associate with 00:13:10:85:fe:01 (SSID='AndroidWifi' freq=2447 MHz)
04-08 00:49:17.161   748   748 I wpa_supplicant: assoc key_mgmt 0x4 network key_mgmt 0x4
04-08 00:49:17.162   546   675 D WifiCountryCode: evaluateAllCmmStateAndApplyIfAllReady: {ConcreteClientModeManager{id=10334 iface=wlan0 role=ROLE_CLIENT_PRIMARY}=false}
04-08 00:49:17.162   546   675 D WifiClientModeImpl[10440:wlan0]: Start Connecting Watchdog 1
04-08 00:49:17.886     0     0 I wlan0   : authenticate with 00:13:10:85:fe:01
04-08 00:49:17.886     0     0 I wlan0   : send auth to 00:13:10:85:fe:01 (try 1/3)
04-08 00:49:17.889     0     0 I wlan0   : authenticated
04-08 00:49:17.889     0     0 I         : mac80211_hwsim hwsim0 wlan0: disabling HT/VHT/HE as WMM/QoS is not supported by the AP
04-08 00:49:17.163   546   682 D ConnectivityService: NetReassign [no changes] [c 0] [a 3] [i 1]
04-08 00:49:17.163  2463  2463 I Analytics: Running on TYPE_PHONE
04-08 00:49:17.164  2675  2675 V GraphicsEnvironment: ANGLE GameManagerService for com.android.externalstorage: false
04-08 00:49:17.164  2675  2675 V GraphicsEnvironment: com.android.externalstorage is not listed in per-application setting
04-08 00:49:17.164  2675  2675 V GraphicsEnvironment: Neither updatable production driver nor prerelease driver is supported.
04-08 00:49:17.164   762   812 W Looper  : Slow dispatch took 137ms wmshell.main h=android.os.Handler c=com.android.wm.shell.transition.Transitions$TransitionPlayerImpl$$ExternalSyntheticLambda1@b6e3f86 m=0
04-08 00:49:17.164   762   812 W Looper  : Slow delivery took 104ms wmshell.main h=android.os.Handler c=com.android.wm.shell.back.BackAnimationController$BackAnimationImpl$$ExternalSyntheticLambda0@cf01047 m=0
04-08 00:49:17.164  1202  2331 I GoogleLocationManager: loading FLP PI cache [CONTEXT service_id=6 ]
04-08 00:49:17.165   762   812 V WindowManagerShell: Display changed: 0
04-08 00:49:17.893     0     0 I wlan0   : associate with 00:13:10:85:fe:01 (try 1/3)
04-08 00:49:17.166  1661  2621 I FA-SVC  : App measurement initialized, version: 231818
04-08 00:49:17.168   762   879 D EGL_emulation: app_time_stats: avg=2313.55ms min=200.72ms max=4426.38ms count=2
04-08 00:49:17.168   546   675 W ContextImpl: Calling a method in the system process without a qualified user: android.app.ContextImpl.sendStickyBroadcast:1626 com.android.server.wifi.ClientModeImpl.sendNetworkChangeBroadcast:3008 com.android.server.wifi.ClientModeImpl.lambda$sendNetworkChangeBroadcastWithCurrentState$14:2985 com.android.server.wifi.ClientModeImpl.$r8$lambda$q-j88Pjw4gROgoJFr8wBlBVbuJI:0 com.android.server.wifi.ClientModeImpl$$ExternalSyntheticLambda4.send:0 
04-08 00:49:17.169  1661  2427 I Icing   : Storage manager: low false usage 1.60MB avail 4.55GB capacity 5.80GB
04-08 00:49:17.174   546  2505 I ActivityManager: Flag disabled. Ignoring finishAttachApplication from uid: 1000. pid: 2525
04-08 00:49:17.176  1539  2285 I MediaProvider: End Intent { act=com.android.providers.media.action.SCAN_VOLUME (has extras) }
04-08 00:49:17.179  1731  1913 D CompatibilityChangeReporter: Compat change id reported: 183155436; UID 10138; state: ENABLED
04-08 00:49:17.182   546   750 D CompatibilityChangeReporter: Compat change id reported: 168936375; UID 10128; state: ENABLED
04-08 00:49:17.183   546   750 D CompatibilityChangeReporter: Compat change id reported: 73144566; UID 10128; state: ENABLED
04-08 00:49:17.185  1542  1994 E BrdcstRcvrMsgr: SvcConn: binder null, could not send broadcast of action
04-08 00:49:17.187   420   420 I BpBinder: onLastStrongRef automatically unlinking death recipients: 
04-08 00:49:17.187  2646  2646 V GraphicsEnvironment: Currently set values for:
04-08 00:49:17.187  2646  2646 V GraphicsEnvironment:   angle_gl_driver_selection_pkgs=[]
04-08 00:49:17.187  2646  2646 V GraphicsEnvironment:   angle_gl_driver_selection_values=[]
04-08 00:49:17.191  2137  2360 I RcsClientLib: com.google.android.rcs.client.lifecycle.RcsEngineLifecycleService connected
04-08 00:49:17.194  2646  2646 V GraphicsEnvironment: ANGLE GameManagerService for com.google.android.gms: false
04-08 00:49:17.194  2646  2646 V GraphicsEnvironment: com.google.android.gms is not listed in per-application setting
04-08 00:49:17.194  2646  2646 V GraphicsEnvironment: Neither updatable production driver nor prerelease driver is supported.
04-08 00:49:17.195   546  1087 W system_server: Long monitor contention with owner binder:546_C (1090) at java.util.List com.android.server.om.OverlayManagerService.updatePackageManagerLocked(java.util.Collection, int)(OverlayManagerService.java:1534) waiters=9 in boolean com.android.server.om.OverlayManagerService$1.setEnabledExclusiveInCategory(java.lang.String, int) for 364ms
04-08 00:49:17.203   762   762 D NavigationModeController: onOverlayChanged
04-08 00:49:17.204   546  2612 W system_server: Long monitor contention with owner binder:546_C (1090) at java.util.List com.android.server.om.OverlayManagerService.updatePackageManagerLocked(java.util.Collection, int)(OverlayManagerService.java:1534) waiters=10 in boolean com.android.server.om.OverlayManagerService$1.setEnabledExclusiveInCategory(java.lang.String, int) for 363ms
04-08 00:49:17.207   546   565 W Looper  : Slow dispatch took 277ms android.fg h=android.os.Handler c=com.android.server.om.OverlayManagerService$$ExternalSyntheticLambda0@fd0ca27 m=0
04-08 00:49:17.209  1474  1787 I SP      : Sync for dynamic_art succeeded in 234 ms: no changes
04-08 00:49:17.210  1474  1787 I SP      : GC for 'dynamic_art' (10) with ttl of 0 ms took 1 ms (0/1/0)
04-08 00:49:17.210   762   762 D NavigationModeController: getCurrentUserContext: contextUser=0 currentUser=0
04-08 00:49:17.210   762   762 D NavigationModeController: getCurrentInteractionMode: mode=2 contextUser=0
04-08 00:49:17.210   762   762 D NavigationModeController: updateCurrentInteractionMode: mode=2
04-08 00:49:17.210   762   762 D NavigationModeController:   contextUser=0
04-08 00:49:17.210   762   762 D NavigationModeController:   assetPaths=
04-08 00:49:17.210   762   762 D NavigationModeController:     <empty> and /system/framework/framework-res.apk
04-08 00:49:17.210   762   762 D NavigationModeController:     /vendor/overlay/framework-res__auto_generated_rro_vendor.apk
04-08 00:49:17.210   762   762 D NavigationModeController:     /product/overlay/GoogleConfigOverlay.apk
04-08 00:49:17.210   762   762 D NavigationModeController:     /product/overlay/GoogleWebViewOverlay.apk
04-08 00:49:17.210   762   762 D NavigationModeController:     /product/overlay/LargeScreenConfigOverlay.apk
04-08 00:49:17.210   762   762 D NavigationModeController:     /product/overlay/PixelConfigOverlayCommon.apk
04-08 00:49:17.210   762   762 D NavigationModeController:     /product/overlay/framework-res__auto_generated_rro_product.apk
04-08 00:49:17.210   762   762 D NavigationModeController:     <empty> and /system_ext/priv-app/SystemUIGoogle/SystemUIGoogle.apk
04-08 00:49:17.210   762   762 D NavigationModeController:     /product/overlay/EmulationPixel7/EmulationPixel7Overlay.apk
04-08 00:49:17.210   762   762 D NavigationModeController:     /product/overlay/NavigationBarModeGestural/NavigationBarModeGesturalOverlay.apk
04-08 00:49:17.210   762   762 D NavigationModeController:     /product/overlay/SystemUIGoogle__auto_generated_rro_product.apk
04-08 00:49:17.210   762   762 D NavigationModeController:     /product/overlay/SystemUIEmulationPixel7/SystemUIEmulationPixel7Overlay.apk
04-08 00:49:17.210   762   762 D NavigationModeController:     /product/overlay/SystemUIGXOverlay.apk
04-08 00:49:17.218   762   812 W Looper  : Drained
04-08 00:49:17.218   762   812 W Looper  : Slow dispatch took 38ms wmshell.main h=android.os.Handler c=com.android.wm.shell.sysui.ShellController$ShellInterfaceImpl$$ExternalSyntheticLambda0@e3040d m=0
04-08 00:49:17.218   762   812 W Looper  : Slow delivery took 30ms wmshell.main h=android.view.Choreographer$FrameHandler c=android.view.Choreographer$FrameDisplayEventReceiver@af2dfc2 m=0
04-08 00:49:17.219  1549  1644 I BugleRcsEngine: [38] RcsEngineImpl.triggerStopRcsStack: RcsEngineImpl[DUAL_REG]:[152b8620-e7cf]: triggerStopRcsStack for msisdn:redacted-pii:phone_number[chars:0,last2:]
04-08 00:49:17.220  1549  2468 I BugleRcsEngine: [66] brqh.handleMessage: RcsEngineImpl[DUAL_REG]:[152b8620-e7cf]>Handler: handleMessage processing message:[STOP_RCS_STACK] with [non-null]:RcsEngineImpl reference
04-08 00:49:17.220  1549  2468 I BugleRcsEngine: [66] brqh.handleMessage: RcsEngineImpl[DUAL_REG]:[152b8620-e7cf]>Handler: RCS engine STOP RCS stack
04-08 00:49:17.220  1549  2468 W BugleRcsEngine: [66] RcsEngineImpl.e: RcsEngineImpl[DUAL_REG]:[152b8620-e7cf]: imsModule is null, shutdown not required
04-08 00:49:17.220  1549  2468 I BugleRcsEngine: [66] RcsEngineImpl.stopRcsStackInternal: RcsEngineImpl[DUAL_REG]:[152b8620-e7cf]: skipping imsModule.stop
04-08 00:49:17.220  1549  2468 I BugleRcsEngine: [66] brqh.handleMessage: RcsEngineImpl[DUAL_REG]:[152b8620-e7cf]>Handler: handleMessage processing message:[NOTIFY_UPTIME_IGNORE_STATE_CHANGED] with [non-null]:RcsEngineImpl reference
04-08 00:49:17.221  2137  2454 I RcsClientLib: Disconnecting RcsEngineLifecycleService
04-08 00:49:17.221  1549  1608 I BugleRcsEngine: [36] RcsEngineImpl.triggerStopRcsStack: RcsEngineImpl[DUAL_REG]:[152b8620-e7cf]: triggerStopRcsStack for msisdn:redacted-pii:phone_number[chars:0,last2:]
04-08 00:49:17.222  2137  2508 I RcsClientLib: Disconnecting RcsEngineLifecycleService
04-08 00:49:17.225   762   762 D NavigationModeController: getCurrentUserContext: contextUser=0 currentUser=0
04-08 00:49:17.233   762   879 E OpenGLRenderer: Unable to match the desired swap behavior.
04-08 00:49:17.234   546  2505 D CompatibilityChangeReporter: Compat change id reported: 161145287; UID 10150; state: DISABLED
04-08 00:49:17.236   762   812 W Looper  : Drained
04-08 00:49:17.238   546   675 I WifiClientModeImpl[10440:wlan0]: Update current security type to 0
04-08 00:49:17.244  1541  1899 I AiAiEcho: EchoSearch: WidgetFetcherImpl is initialized with [30] widgets [reason=module initialized]
04-08 00:49:17.245  1549  2468 I BugleRcsEngine: [66] brnl.h: No RCS Configuration was found in Bugle for simID: redacted-pii:sim_id[chars:20,last3:897]
04-08 00:49:17.245  1549  2468 I BugleRcsEngine: [66] brqh.handleMessage: RcsEngineImpl[DUAL_REG]:[152b8620-e7cf]>Handler: handleMessage processing message:[STOP_RCS_STACK] with [non-null]:RcsEngineImpl reference
04-08 00:49:17.245  1549  2468 I BugleRcsEngine: [66] brqh.handleMessage: RcsEngineImpl[DUAL_REG]:[152b8620-e7cf]>Handler: RCS engine STOP RCS stack
04-08 00:49:17.246  1549  2468 W BugleRcsEngine: [66] RcsEngineImpl.e: RcsEngineImpl[DUAL_REG]:[152b8620-e7cf]: imsModule is null, shutdown not required
04-08 00:49:17.246  1541  1823 I LPDownloadSettingsState: Defaulting LP download condition to WIFI_ONLY as user has not edited settings.
04-08 00:49:17.246  1541  1823 I DefaultLPManager: #getAvailablePackages
04-08 00:49:17.247  1541  1823 I lpi     : #getDownloadableLanguagePacks
04-08 00:49:17.247  1549  2468 I BugleRcsEngine: [66] RcsEngineImpl.stopRcsStackInternal: RcsEngineImpl[DUAL_REG]:[152b8620-e7cf]: skipping imsModule.stop
04-08 00:49:17.247  1549  2468 I BugleRcsEngine: [66] brqh.handleMessage: RcsEngineImpl[DUAL_REG]:[152b8620-e7cf]>Handler: handleMessage processing message:[NOTIFY_UPTIME_IGNORE_STATE_CHANGED] with [non-null]:RcsEngineImpl reference
04-08 00:49:17.247  1338  1368 D LoaderTask: load widgets
04-08 00:49:17.249  1541  1823 W SystemLPSourceImpl: #getAvailablePackages: Note there is not reason to call this method, as getInstalledPackages() returns the same LanguagePacks for this impl.
04-08 00:49:17.249  1541  1823 I DefaultLPManager: #getInstalledPackages
04-08 00:49:17.249  1541  1823 I lpi     : #getInstalledPackages
04-08 00:49:17.250  1541  1823 I DefaultLPManager: #getInstalledPackages
04-08 00:49:17.250  1541  1823 I lpi     : #getInstalledPackages
04-08 00:49:17.250  1541  1823 I DefaultLPManager: #getRequestedPackages
04-08 00:49:17.250  1541  1823 I ZipLPPopulator: #addNewFileGroups
04-08 00:49:17.250  1541  1823 I lpi     : #getDownloadableLanguagePacks
04-08 00:49:17.251  1338  1368 D LoaderTask: bindWidgets
04-08 00:49:17.251  1541  1823 W SystemLPSourceImpl: #getRequestedPackages: There is not reason to call this method, as the result is always empty.
04-08 00:49:17.251  1541  1823 I DefaultLPManager: #getAvailablePackages
04-08 00:49:17.252  1541  1823 I lpi     : #getDownloadableLanguagePacks
04-08 00:49:17.252  1338  1368 D LoaderTask: save widgets in icon cache
04-08 00:49:17.253  1541  1823 W SystemLPSourceImpl: #getAvailablePackages: Note there is not reason to call this method, as getInstalledPackages() returns the same LanguagePacks for this impl.
04-08 00:49:17.253  1541  1823 I LPRequestState: [ZipfileRequests] #resolveDesiredLanguagePacks
04-08 00:49:17.254  1541  1823 I LPRequestState: [ManagerRequests] #resolveDesiredLanguagePacks
04-08 00:49:17.258  1338  1367 I ImeTracker: com.google.android.apps.nexuslauncher:edc3c4f1: onRequestHide at ORIGIN_CLIENT_HIDE_SOFT_INPUT reason HIDE_SOFT_INPUT
04-08 00:49:17.259  2463  2463 D CompatibilityChangeReporter: Compat change id reported: 183155436; UID 10150; state: ENABLED
04-08 00:49:17.260   546  1087 D CompatibilityChangeReporter: Compat change id reported: 261072174; UID 10150; state: DISABLED
04-08 00:49:17.262  2675  2675 D ExternalStorage: After updating volumes, found 1 active roots
04-08 00:49:17.263   546   560 I ImeTracker: com.google.android.apps.nexuslauncher:edc3c4f1: onCancelled at PHASE_SERVER_SHOULD_HIDE
04-08 00:49:17.265  1731  2756 W ziparchive: Unable to open '/data/user_de/0/com.google.android.gms/app_chimera/m/00000002/DynamiteLoader.dm': No such file or directory
04-08 00:49:17.265  1731  2756 W ziparchive: Unable to open '/data/user_de/0/com.google.android.gms/app_chimera/m/00000002/DynamiteLoader.dm': No such file or directory
04-08 00:49:17.268  2463  2772 I VoiceDataDownloader: Not already initialized. Initializing Superpacks.
04-08 00:49:17.268  1338  1368 D LoaderTask: finish icon update
04-08 00:49:17.269  2463  2772 I VoiceDataDownloader: Superpack object built.
04-08 00:49:17.269  2463  2772 I VoiceDataDownloader: Superpack slicing strategy registered
04-08 00:49:17.270  2463  2772 I VoiceDataDownloader: Superpack quota set for all voices.
04-08 00:49:17.272   748   748 I wpa_supplicant: assoc key_mgmt 0x4 network key_mgmt 0x4
04-08 00:49:17.272   748   748 I wpa_supplicant: wlan0: Associated with 00:13:10:85:fe:01
04-08 00:49:17.272  1661  1661 W gle.android.gms: Long monitor contention with owner lowpool[2] (2428) at void cvdh.d()(:com.google.android.gms@231818047@23.18.18 (190800-535401451):2) waiters=0 in cvdh cvdh.a(android.content.ContentResolver, android.net.Uri, java.lang.Runnable) for 211ms
04-08 00:49:17.272   748   748 I wpa_supplicant: wlan0: CTRL-EVENT-CONNECTED - Connection to 00:13:10:85:fe:01 completed [id=0 id_str=%7B%22configKey%22%3A%22%5C%22AndroidWifi%5C%22NONE%22%2C%22creatorUid%22%3A%2210158%22%7D]
04-08 00:49:17.272   748   748 I wpa_supplicant: assoc key_mgmt 0x4 network key_mgmt 0x4
04-08 00:49:17.273   748   748 I wpa_supplicant: wlan0: CTRL-EVENT-SUBNET-STATUS-UPDATE status=0
04-08 00:49:17.997     0     0 I wlan0   : associate with 00:13:10:85:fe:01 (try 2/3)
04-08 00:49:17.998     0     0 I wlan0   : RX AssocResp from 00:13:10:85:fe:01 (capab=0x401 status=0 aid=1)
04-08 00:49:17.999     0     0 I wlan0   : associated
04-08 00:49:17.273   974  1003 W System  : A resource failed to call AbstractCursor.close. 
04-08 00:49:17.273   974  1003 W System  : A resource failed to call AbstractCursor.close. 
04-08 00:49:17.274   974  1003 W System  : A resource failed to call AbstractCursor.close. 
04-08 00:49:17.274   974  1003 W System  : A resource failed to call AbstractCursor.close. 
04-08 00:49:17.274   974  1003 W System  : A resource failed to call AbstractCursor.close. 
04-08 00:49:17.275   974  1003 W System  : A resource failed to call AbstractCursor.close. 
04-08 00:49:17.275  2463  2772 I VoiceDataDownloader: Got bundled voice en-us-x-multi-r53
04-08 00:49:17.276  1338  1368 D QuickstepModelDelegate: Successfully registered for launcher snapshot logging!
04-08 00:49:17.277   355  2769 I resolv  : GetAddrInfoHandler::run: {100 262244 100 983140 10132 0}
04-08 00:49:17.278  1661  1691 W gle.android.gms: Long monitor contention with owner lowpool[2] (2428) at void cvdh.d()(:com.google.android.gms@231818047@23.18.18 (190800-535401451):2) waiters=1 in cvdh cvdh.a(android.content.ContentResolver, android.net.Uri, java.lang.Runnable) for 151ms
04-08 00:49:17.278   546  2132 D CompatibilityChangeReporter: Compat change id reported: 161252188; UID 10155; state: DISABLED
04-08 00:49:17.281   355  2775 I resolv  : res_nmkquery: (QUERY, IN, A)
04-08 00:49:17.282   355  2774 I resolv  : res_nmkquery: (QUERY, IN, AAAA)
04-08 00:49:17.284   355  2774 I resolv  : res_nsend: used send_dg 63 terrno: 0
04-08 00:49:17.284   355  2774 I resolv  : doQuery: rcode=0, ancount=1, return value=63
04-08 00:49:17.284   355  2775 I resolv  : res_nsend: used send_dg 51 terrno: 0
04-08 00:49:17.284   355  2775 I resolv  : doQuery: rcode=0, ancount=1, return value=51
04-08 00:49:17.289  1673  2709 I A       : Using proto config with mendel
04-08 00:49:17.289  1673  2709 I A       : Using proto config with mendel
04-08 00:49:17.289   546   606 W JobScheduler: Job didn't exist in JobStore: 73580aa #u0a132/58 com.google.android.googlequicksearchbox/androidx.work.impl.background.systemjob.SystemJobService
04-08 00:49:17.290  1673  2709 I A       : New OK_HEY model config map hash: reinitializing config map.
04-08 00:49:17.290   355  2768 I resolv  : GetAddrInfoHandler::run: {100 262244 100 983140 10132 0}
04-08 00:49:17.295  1549  2468 I BugleRcsEngine: [66] brnl.h: No RCS Configuration was found in Bugle for simID: redacted-pii:sim_id[chars:20,last3:897]
04-08 00:49:17.296   762   762 D LocalImageResolver: Couldn't use ImageDecoder for drawable, falling back to non-resized load.
04-08 00:49:17.296   546  1624 I ActivityManager: Flag disabled. Ignoring finishAttachApplication from uid: 10085. pid: 2675
04-08 00:49:17.297  2675  2675 D ExternalStorage: After updating volumes, found 1 active roots
04-08 00:49:17.298   546  2397 I ActivityManager: Flag disabled. Ignoring finishAttachApplication from uid: 10150. pid: 2463
04-08 00:49:17.299   546   675 I WifiClientModeImpl[10440:wlan0]: Update current security type to 0
04-08 00:49:17.300   546   546 I TransportConnection: LocalTransportService#0: Notifying [TransportManager.registerTransport()] transport = BackupTransportClient
04-08 00:49:17.301   546  1896 D CompatibilityChangeReporter: Compat change id reported: 135634846; UID 10149; state: DISABLED
04-08 00:49:17.301   546   577 D CompatibilityChangeReporter: Compat change id reported: 143937733; UID 10149; state: ENABLED
04-08 00:49:17.305   355  2781 I resolv  : res_nmkquery: (QUERY, IN, A)
04-08 00:49:17.305  1673  2709 I A       : Using proto config with mendel
04-08 00:49:17.305  1673  2709 I A       : Merging legacy hotword config map with new proto.
04-08 00:49:17.305  1673  2709 I A       : Adding from config to map. Locale: cmn-Hant-TW modelPrefix: x_google Location:4e7cae00daee30ec565c34e3aa67a51f isSpeakerIdSupported: true
04-08 00:49:17.305  1673  2709 I A       : Adding from config to map. Locale: id-ID modelPrefix: x_google Location:cfffcc1a4c1c084c003c8eb27f73d770 isSpeakerIdSupported: true
04-08 00:49:17.306  1673  2709 I A       : Adding from config to map. Locale: ko-KR modelPrefix: x_google Location:0b132163a2eb2c1194b202067475724b isSpeakerIdSupported: true
04-08 00:49:17.306  1673  2709 I A       : Skipping. Expected model: 2 Found: 1
04-08 00:49:17.306  1673  2709 I A       : Adding from config to map. Locale: zh-TW modelPrefix: x_google Location:4e7cae00daee30ec565c34e3aa67a51f isSpeakerIdSupported: true
04-08 00:49:17.306  1673  2709 I A       : Using proto config with mendel
04-08 00:49:17.307  1579  1579 W ActivityThread: getPackageInfo() called with an older ApplicationInfo than the cached version for package com.android.emulator.multidisplay
04-08 00:49:17.307  1673  2709 I A       : Using proto config with mendel
04-08 00:49:17.307  1673  2709 I A       : Using proto config with mendel
04-08 00:49:17.308   355  2781 I resolv  : res_nsend: used send_dg 60 terrno: 0
04-08 00:49:17.308  1673  2709 I A       : Using proto config with mendel
04-08 00:49:17.308   355  2781 I resolv  : doQuery: rcode=0, ancount=1, return value=60
04-08 00:49:17.309  1673  2709 I A       : Using proto config with mendel
04-08 00:49:17.310  1579  1579 V MultiDispActionReceiver: starting service using intent null
04-08 00:49:17.310  1579  1579 W ContextImpl: Calling a method in the system process without a qualified user: android.app.ContextImpl.startService:1899 android.content.ContextWrapper.startService:825 android.content.ContextWrapper.startService:825 com.android.emulator.multidisplay.MultiDisplayServiceReceiver.onReceive:34 android.app.ActivityThread.handleReceiver:4449 
04-08 00:49:17.310   356   356 D Zygote  : Forked child process 2783
04-08 00:49:17.310  1673  2709 I SearchWidgetFlow: GsaWidgetSessionController:handleGenericClientEvent
04-08 00:49:17.311  1673  2709 I MicroDetectionWorker: Initializing MicroDataManager InitializeType-1, isForced-false, isActivePhoneEnrollment-false isActiveGoogleHomeEnrollment-false
04-08 00:49:17.312  1673  2709 I A       : Using proto config with mendel
04-08 00:49:17.312  1673  2709 I A       : Using proto config with mendel
04-08 00:49:17.314  1673  2709 I MicroDetectionState: Should stop hotword detection immediately - true
