> Task :app:checkKotlinGradlePluginConfigurationErrors
> Task :app:preBuild UP-TO-DATE
> Task :app:preDebugBuild UP-TO-DATE
> Task :app:generateDebugBuildConfig UP-TO-DATE
> Task :app:checkDebugAarMetadata UP-TO-DATE
> Task :app:generateDebugResValues UP-TO-DATE
> Task :app:mapDebugSourceSetPaths UP-TO-DATE
> Task :app:generateDebugResources UP-TO-DATE
> Task :app:mergeDebugResources UP-TO-DATE
> Task :app:packageDebugResources UP-TO-DATE
> Task :app:parseDebugLocalResources UP-TO-DATE
> Task :app:createDebugCompatibleScreenManifests UP-TO-DATE
> Task :app:extractDeepLinksDebug UP-TO-DATE
> Task :app:processDebugMainManifest UP-TO-DATE
> Task :app:processDebugManifest UP-TO-DATE
> Task :app:processDebugManifestForPackage UP-TO-DATE
> Task :app:processDebugResources UP-TO-DATE
> Task :app:compileDebugKotlin UP-TO-DATE
> Task :app:javaPreCompileDebug UP-TO-DATE
> Task :app:compileDebugJavaWithJavac UP-TO-DATE
> Task :app:mergeDebugShaders UP-TO-DATE
> Task :app:compileDebugShaders NO-SOURCE
> Task :app:generateDebugAssets UP-TO-DATE
> Task :app:mergeDebugAssets UP-TO-DATE
> Task :app:preDebugUnitTestBuild UP-TO-DATE
> Task :app:packageDebugUnitTestForUnitTest
> Task :app:generateDebugUnitTestConfig
> Task :app:preparePaparazziDebugResources UP-TO-DATE
> Task :app:processDebugJavaRes UP-TO-DATE
> Task :app:bundleDebugClassesToCompileJar UP-TO-DATE
> Task :app:bundleDebugClassesToRuntimeJar
> Task :app:javaPreCompileDebugUnitTest UP-TO-DATE
> Task :app:preDebugAndroidTestBuild SKIPPED
> Task :app:processDebugAndroidTestManifest UP-TO-DATE
> Task :app:generateDebugAndroidTestBuildConfig UP-TO-DATE
> Task :app:checkDebugAndroidTestAarMetadata UP-TO-DATE
> Task :app:generateDebugAndroidTestResValues UP-TO-DATE
> Task :app:mapDebugAndroidTestSourceSetPaths UP-TO-DATE
> Task :app:generateDebugAndroidTestResources UP-TO-DATE
> Task :app:mergeDebugAndroidTestResources UP-TO-DATE
> Task :app:processDebugAndroidTestResources UP-TO-DATE
> Task :app:compileDebugAndroidTestKotlin UP-TO-DATE
> Task :app:javaPreCompileDebugAndroidTest UP-TO-DATE
> Task :app:compileDebugAndroidTestJavaWithJavac UP-TO-DATE
> Task :app:compressDebugAssets UP-TO-DATE
> Task :app:desugarDebugFileDependencies UP-TO-DATE
> Task :app:dexBuilderDebug UP-TO-DATE
> Task :app:mergeDebugGlobalSynthetics UP-TO-DATE
> Task :app:mergeDebugJavaResource UP-TO-DATE
> Task :app:checkDebugDuplicateClasses UP-TO-DATE
> Task :app:mergeExtDexDebug UP-TO-DATE
> Task :app:mergeLibDexDebug UP-TO-DATE
> Task :app:mergeProjectDexDebug UP-TO-DATE
> Task :app:configureNdkBuildDebug[arm64-v8a]
> Task :app:compileDebugUnitTestKotlin
> Task :app:buildNdkBuildDebug[arm64-v8a]
> Task :app:processDebugUnitTestJavaRes UP-TO-DATE
> Task :app:compileDebugUnitTestJavaWithJavac NO-SOURCE
> Task :app:configureNdkBuildDebug[armeabi-v7a]
> Task :app:transformDebugUnitTestClassesWithAsm
> Task :app:buildNdkBuildDebug[armeabi-v7a]

> Task :app:testDebugUnitTest
⏱️ TEST-METRIC: com.adamoutler.ssh.ReflectionTest.dumpMethods took 25ms

ReflectionTest > dumpMethods PASSED
⏱️ TEST-METRIC: com.adamoutler.ssh.ViewModelReflectionTest.testReflection took 19ms

ViewModelReflectionTest > testReflection PASSED
⏱️ TEST-METRIC: com.adamoutler.ssh.ExceptionTest.testException took 31ms

ExceptionTest > testException PASSED
⏱️ TEST-METRIC: com.adamoutler.ssh.ReflectionTest3.dumpMethods took 18ms

ReflectionTest3 > dumpMethods PASSED
⏱️ TEST-METRIC: com.adamoutler.ssh.ReflectionTest2.dumpMethods took 17ms

ReflectionTest2 > dumpMethods PASSED
⏱️ TEST-METRIC: com.adamoutler.ssh.data.ConnectionProfileTest.testLegacyDeserializationDefaultsToSsh took 222ms

ConnectionProfileTest > testLegacyDeserializationDefaultsToSsh PASSED
⏱️ TEST-METRIC: com.adamoutler.ssh.data.ConnectionProfileTest.testProtocolSerialization took 11ms

ConnectionProfileTest > testProtocolSerialization PASSED
⏱️ TEST-METRIC: com.adamoutler.ssh.backup.BackupCryptoManagerTest.testExportAndImportBackup took 581ms

BackupCryptoManagerTest > testExportAndImportBackup PASSED
⏱️ TEST-METRIC: com.adamoutler.ssh.network.ConnectionStateRepositoryTest.test output is buffered before UI attaches and emitted after took 170ms

ConnectionStateRepositoryTest > test output is buffered before UI attaches and emitted after PASSED
⏱️ TEST-METRIC: com.adamoutler.ssh.network.TofuHostKeyVerifierTest.testAtomicKeyUpdate took 2468ms

TofuHostKeyVerifierTest > testAtomicKeyUpdate PASSED
⏱️ TEST-METRIC: com.adamoutler.ssh.ui.components.TerminalModifierLogicTest.testCtrlC_Encoding took 2ms

TerminalModifierLogicTest > testCtrlC_Encoding PASSED
⏱️ TEST-METRIC: com.adamoutler.ssh.ui.components.TerminalModifierLogicTest.testAltA_Encoding took 1ms

TerminalModifierLogicTest > testAltA_Encoding PASSED
⏱️ TEST-METRIC: com.adamoutler.ssh.ui.components.TerminalModifierLogicTest.testTerminalInputLockout took 23ms

TerminalModifierLogicTest > testTerminalInputLockout PASSED
⏱️ TEST-METRIC: com.adamoutler.ssh.crypto.SSHKeyGeneratorTest.testGenerateRSAKeyPair took 7182ms

SSHKeyGeneratorTest > testGenerateRSAKeyPair PASSED
⏱️ TEST-METRIC: com.adamoutler.ssh.crypto.SSHKeyGeneratorTest.testGenerateEd25519KeyPair took 55ms

SSHKeyGeneratorTest > testGenerateEd25519KeyPair PASSED
⏱️ TEST-METRIC: com.adamoutler.ssh.crypto.SecurityStorageManagerTest.testStrongBoxFallbackLogic took 8602ms

SecurityStorageManagerTest > testStrongBoxFallbackLogic PASSED
⏱️ TEST-METRIC: com.adamoutler.ssh.CoSshApplicationTest.testBouncyCastleProviderIsRegistered took 8805ms

CoSshApplicationTest > testBouncyCastleProviderIsRegistered PASSED
⏱️ TEST-METRIC: com.adamoutler.ssh.CoSshApplicationTest.testSecureCrashHandlerIsRegistered took 248ms

CoSshApplicationTest > testSecureCrashHandlerIsRegistered PASSED
⏱️ TEST-METRIC: com.adamoutler.ssh.crypto.SecurityStorageManagerTest.testSaveAndRetrieveProfile took 619ms

SecurityStorageManagerTest > testSaveAndRetrieveProfile PASSED
⏱️ TEST-METRIC: com.adamoutler.ssh.CoSshApplicationTest.testSecureCrashHandlerRedactsAndWritesToDisk took 314ms

CoSshApplicationTest > testSecureCrashHandlerRedactsAndWritesToDisk PASSED
⏱️ TEST-METRIC: com.adamoutler.ssh.crypto.ParsePublicKeyTest.testParse took 108ms

ParsePublicKeyTest > testParse PASSED
⏱️ TEST-METRIC: com.adamoutler.ssh.billing.BillingManagerTest.testProcessPurchases_UnlockCloudSync took 9458ms

BillingManagerTest > testProcessPurchases_UnlockCloudSync PASSED
⏱️ TEST-METRIC: com.adamoutler.ssh.crypto.PemParsingTest.testParseOpenSshEd25519 took 9596ms

PemParsingTest > testParseOpenSshEd25519 PASSED
⏱️ TEST-METRIC: com.adamoutler.ssh.crypto.SecurityStorageManagerTest.testDeleteProfile took 469ms

SecurityStorageManagerTest > testDeleteProfile PASSED
⏱️ TEST-METRIC: com.adamoutler.ssh.crypto.SecurityStorageManagerTest.testGetAllProfiles took 265ms

SecurityStorageManagerTest > testGetAllProfiles PASSED
⏱️ TEST-METRIC: com.adamoutler.ssh.network.TofuHostKeyVerifierPortBugTest.testPort22AndOtherPortDoNotOverwriteEachOther took 2105ms

TofuHostKeyVerifierPortBugTest > testPort22AndOtherPortDoNotOverwriteEachOther PASSED
⏱️ TEST-METRIC: com.adamoutler.ssh.ui.components.TerminalModifierLatchingTest.testStickyConsumption took 2ms

TerminalModifierLatchingTest > testStickyConsumption PASSED
⏱️ TEST-METRIC: com.adamoutler.ssh.ui.components.TerminalModifierLatchingTest.testLockedPersistence took 0ms

TerminalModifierLatchingTest > testLockedPersistence PASSED
⏱️ TEST-METRIC: com.adamoutler.ssh.ui.components.TerminalModifierLatchingTest.testModifierStateTransitions took 0ms

TerminalModifierLatchingTest > testModifierStateTransitions PASSED
⏱️ TEST-METRIC: com.adamoutler.ssh.ui.components.TerminalModifierLatchingTest.testAltStickyConsumption took 0ms

TerminalModifierLatchingTest > testAltStickyConsumption PASSED
⏱️ TEST-METRIC: com.adamoutler.ssh.network.AppConnectionIntegrationTest.testInAppTerminalConnectionAndDataTransfer took 13736ms

AppConnectionIntegrationTest > testInAppTerminalConnectionAndDataTransfer PASSED
⏱️ TEST-METRIC: com.adamoutler.ssh.PlaceholderScreenScreenshotTest.defaultScreen took 14446ms

PlaceholderScreenScreenshotTest > defaultScreen PASSED
⏱️ TEST-METRIC: com.adamoutler.ssh.ui.HostKeyPromptDialogScreenshotTest.changedKeyWarningScreen took 14995ms

HostKeyPromptDialogScreenshotTest > changedKeyWarningScreen PASSED
⏱️ TEST-METRIC: com.adamoutler.ssh.ui.HostKeyPromptDialogScreenshotTest.tofuDialogScreen took 582ms

HostKeyPromptDialogScreenshotTest > tofuDialogScreen PASSED
⏱️ TEST-METRIC: com.adamoutler.ssh.crypto.PemParsingTest.testParsePem took 6192ms

PemParsingTest > testParsePem PASSED
⏱️ TEST-METRIC: com.adamoutler.ssh.network.FiftyKbIntegrityTest.test50KbDataIntegrity took 6727ms

FiftyKbIntegrityTest > test50KbDataIntegrity PASSED
⏱️ TEST-METRIC: com.adamoutler.ssh.network.SshConnectionManagerIntegrationTest.testHeadlessKeyConnection took 563ms

SshConnectionManagerIntegrationTest > testHeadlessKeyConnection PASSED
⏱️ TEST-METRIC: com.adamoutler.ssh.network.SshConnectionManagerIntegrationTest.testEnvVarTransmission took 2ms

SshConnectionManagerIntegrationTest > testEnvVarTransmission PASSED
⏱️ TEST-METRIC: com.adamoutler.ssh.network.SshServiceForegroundTest.test service intentional disconnect does not transition to error took 8870ms

SshServiceForegroundTest > test service intentional disconnect does not transition to error PASSED
⏱️ TEST-METRIC: com.adamoutler.ssh.AppLaunchTest.testAppLaunchesSuccessfully took 16622ms

AppLaunchTest > testAppLaunchesSuccessfully PASSED
⏱️ TEST-METRIC: com.adamoutler.ssh.network.SshServiceForegroundTest.test service connection state transitions to error on failure took 354ms

SshServiceForegroundTest > test service connection state transitions to error on failure PASSED
⏱️ TEST-METRIC: com.adamoutler.ssh.crypto.IdentityStorageManagerTest.testSaveAndRetrieveIdentity took 290ms

IdentityStorageManagerTest > testSaveAndRetrieveIdentity PASSED
⏱️ TEST-METRIC: com.adamoutler.ssh.crypto.IdentityStorageManagerTest.testGetAllIdentities took 218ms

IdentityStorageManagerTest > testGetAllIdentities PASSED
⏱️ TEST-METRIC: com.adamoutler.ssh.network.SshServiceForegroundTest.starting service on API 34 calls startForeground with type took 323ms

SshServiceForegroundTest > starting service on API 34 calls startForeground with type PASSED
⏱️ TEST-METRIC: com.adamoutler.ssh.crypto.IdentityStorageManagerTest.testDeleteIdentity took 263ms

IdentityStorageManagerTest > testDeleteIdentity PASSED
⏱️ TEST-METRIC: com.adamoutler.ssh.network.SshConnectionManagerIntegrationTest.testHeadlessPasswordConnectionAndPtyInteraction took 1377ms

SshConnectionManagerIntegrationTest > testHeadlessPasswordConnectionAndPtyInteraction PASSED
⏱️ TEST-METRIC: com.adamoutler.ssh.network.SshConnectionManagerIntegrationTest.testHeadlessPasswordConnectionFailsAndClearsMemory took 108ms

SshConnectionManagerIntegrationTest > testHeadlessPasswordConnectionFailsAndClearsMemory PASSED
⏱️ TEST-METRIC: com.adamoutler.ssh.network.SshConnectionManagerInjectionTest.testInjectPublicKey_ValidKey_AttemptConnect took 8504ms

SshConnectionManagerInjectionTest > testInjectPublicKey_ValidKey_AttemptConnect PASSED
⏱️ TEST-METRIC: com.adamoutler.ssh.ui.screens.ActiveSessionSelectorDialogTest.testSelectSession_ResumesSession took 6051ms

ActiveSessionSelectorDialogTest > testSelectSession_ResumesSession PASSED
⏱️ TEST-METRIC: com.adamoutler.ssh.ui.screens.ActiveSessionSelectorDialogTest.testStartNew_StartsNewSession took 398ms

ActiveSessionSelectorDialogTest > testStartNew_StartsNewSession PASSED
⏱️ TEST-METRIC: com.adamoutler.ssh.ui.screens.AddEditProfileScreenScreenshotTest.portForwardDialogScreen took 16421ms

AddEditProfileScreenScreenshotTest > portForwardDialogScreen PASSED
⏱️ TEST-METRIC: com.adamoutler.ssh.network.SshConnectionManagerIntegrationTest.testTelnetConnectionAndPtyInteraction took 1239ms

SshConnectionManagerIntegrationTest > testTelnetConnectionAndPtyInteraction PASSED
⏱️ TEST-METRIC: com.adamoutler.ssh.ui.screens.AddEditProfileScreenScreenshotTest.portForwardTableScreen took 891ms

AddEditProfileScreenScreenshotTest > portForwardTableScreen PASSED
⏱️ TEST-METRIC: com.adamoutler.ssh.network.AppConnectionIntegrationTest.test19StepWorkflow_ConnectionResumeAndConcurrentSessions took 6792ms

AppConnectionIntegrationTest > test19StepWorkflow_ConnectionResumeAndConcurrentSessions PASSED
⏱️ TEST-METRIC: com.adamoutler.ssh.ui.screens.AddEditProfileScreenScreenshotTest.telnetScreenWarningBanner took 811ms

AddEditProfileScreenScreenshotTest > telnetScreenWarningBanner PASSED
⏱️ TEST-METRIC: com.adamoutler.ssh.sync.DriveSyncManagerTest.testNativeCryptoExecution took 224ms

DriveSyncManagerTest > testNativeCryptoExecution PASSED
⏱️ TEST-METRIC: com.adamoutler.ssh.network.SshConnectionManagerInjectionTest.testInjectPublicKey_InvalidKey_ReturnsFalse took 3205ms

SshConnectionManagerInjectionTest > testInjectPublicKey_InvalidKey_ReturnsFalse PASSED
⏱️ TEST-METRIC: com.adamoutler.ssh.ui.screens.AddEditProfileScreenScreenshotTest.defaultScreenKeyAuth took 974ms

AddEditProfileScreenScreenshotTest > defaultScreenKeyAuth PASSED
⏱️ TEST-METRIC: com.adamoutler.ssh.ui.base.BaseViewModelTest.testCoroutineExceptionIsCaughtAndEmitsUiEvent took 467ms

BaseViewModelTest > testCoroutineExceptionIsCaughtAndEmitsUiEvent PASSED
⏱️ TEST-METRIC: com.adamoutler.ssh.ui.components.TerminalScreenCopyTest.testTerminalCopyTextStripsTrailingSpaces took 6847ms

TerminalScreenCopyTest > testTerminalCopyTextStripsTrailingSpaces PASSED
⏱️ TEST-METRIC: com.adamoutler.ssh.ui.screens.SettingsScreenSyncPassphraseScreenshotTest.syncPassphraseDialogScreen took 1549ms

SettingsScreenSyncPassphraseScreenshotTest > syncPassphraseDialogScreen PASSED
⏱️ TEST-METRIC: com.adamoutler.ssh.ui.components.TerminalExtraKeysUITest.testF1AndF12KeysSendCorrectBytes took 6103ms

TerminalExtraKeysUITest > testF1AndF12KeysSendCorrectBytes PASSED
⏱️ TEST-METRIC: com.adamoutler.ssh.crypto.SSHKeyGeneratorEncodingTest.testGenerateAndEncodeRSA took 14442ms

SSHKeyGeneratorEncodingTest > testGenerateAndEncodeRSA PASSED
⏱️ TEST-METRIC: com.adamoutler.ssh.crypto.SSHKeyGeneratorEncodingTest.testGenerateAndEncodeEd25519 took 323ms

SSHKeyGeneratorEncodingTest > testGenerateAndEncodeEd25519 PASSED
⏱️ TEST-METRIC: com.adamoutler.ssh.network.SshServiceErrorMappingTest.testOtherExceptionMapping took 3ms

SshServiceErrorMappingTest > testOtherExceptionMapping PASSED
⏱️ TEST-METRIC: com.adamoutler.ssh.network.SshServiceErrorMappingTest.testAuthenticationExhaustedMapping took 0ms

SshServiceErrorMappingTest > testAuthenticationExhaustedMapping PASSED
⏱️ TEST-METRIC: com.adamoutler.ssh.ui.components.TerminalExtraKeysScreenshotTest.page1_withModifiers took 910ms

TerminalExtraKeysScreenshotTest > page1_withModifiers PASSED
⏱️ TEST-METRIC: com.adamoutler.ssh.ui.components.TerminalExtraKeysScreenshotTest.page3_f1_f12_keys took 658ms

TerminalExtraKeysScreenshotTest > page3_f1_f12_keys PASSED
⏱️ TEST-METRIC: com.adamoutler.ssh.ui.components.TerminalExtraKeysScreenshotTest.page1_noModifiers took 419ms

TerminalExtraKeysScreenshotTest > page1_noModifiers PASSED
⏱️ TEST-METRIC: com.adamoutler.ssh.network.NotificationScreenshotTest.testForegroundNotification took 13896ms

NotificationScreenshotTest > testForegroundNotification PASSED
⏱️ TEST-METRIC: com.adamoutler.ssh.ui.components.TerminalSessionPersistenceTest.testTerminalSessionIsPersistedInProvider took 518ms

TerminalSessionPersistenceTest > testTerminalSessionIsPersistedInProvider PASSED
⏱️ TEST-METRIC: com.adamoutler.ssh.ui.screens.ConnectionListDialogIntegrationTest.testConnectionList_ShowsSessionSelector_AndNavigates took 8961ms

ConnectionListDialogIntegrationTest > testConnectionList_ShowsSessionSelector_AndNavigates PASSED
⏱️ TEST-METRIC: com.adamoutler.ssh.network.NotificationScreenshotTest.testMultipleForegroundNotifications took 807ms

NotificationScreenshotTest > testMultipleForegroundNotifications PASSED
⏱️ TEST-METRIC: com.adamoutler.ssh.ui.screens.IdentityViewModelTest.testSaveAndLoadIdentities took 652ms

IdentityViewModelTest > testSaveAndLoadIdentities PASSED
⏱️ TEST-METRIC: com.adamoutler.ssh.ui.screens.IdentityViewModelTest.testDeleteIdentity took 162ms

IdentityViewModelTest > testDeleteIdentity PASSED
⏱️ TEST-METRIC: com.adamoutler.ssh.ui.components.KeystoreInvalidatedDialogScreenshotTest.keystoreInvalidatedDialogScreen took 13236ms

KeystoreInvalidatedDialogScreenshotTest > keystoreInvalidatedDialogScreen PASSED
⏱️ TEST-METRIC: com.adamoutler.ssh.ui.screens.SettingsScreenScreenshotTest.screenWithRenamedGroup took 14296ms

SettingsScreenScreenshotTest > screenWithRenamedGroup PASSED
⏱️ TEST-METRIC: com.adamoutler.ssh.ui.components.TerminalScreenResumeScreenshotTest.terminalShowsPersistedHistoryOnResume took 509ms

TerminalScreenResumeScreenshotTest > terminalShowsPersistedHistoryOnResume PASSED
⏱️ TEST-METRIC: com.adamoutler.ssh.ui.PasswordPromptDialogScreenshotTest.passwordPromptDialogScreen took 16714ms

PasswordPromptDialogScreenshotTest > passwordPromptDialogScreen PASSED
⏱️ TEST-METRIC: com.adamoutler.ssh.ui.components.TerminalScreenResumeScreenshotTest.terminalShowsTelnetHeaderWarning took 398ms

TerminalScreenResumeScreenshotTest > terminalShowsTelnetHeaderWarning PASSED
⏱️ TEST-METRIC: com.adamoutler.ssh.ui.screens.SettingsScreenScreenshotTest.defaultScreen took 532ms

SettingsScreenScreenshotTest > defaultScreen PASSED
⏱️ TEST-METRIC: com.adamoutler.ssh.ui.components.TerminalScreenDialogScreenshotTest.sessionDisconnectedDialogScreen took 594ms

TerminalScreenDialogScreenshotTest > sessionDisconnectedDialogScreen PASSED
⏱️ TEST-METRIC: com.adamoutler.ssh.ui.components.TerminalScreenDialogScreenshotTest.keepAliveDialogScreen took 309ms

TerminalScreenDialogScreenshotTest > keepAliveDialogScreen PASSED
⏱️ TEST-METRIC: com.adamoutler.ssh.ui.components.TerminalScreenDialogScreenshotTest.connectionFailedDialogScreen took 313ms

TerminalScreenDialogScreenshotTest > connectionFailedDialogScreen PASSED
⏱️ TEST-METRIC: com.adamoutler.ssh.ui.components.TerminalScreenOverlayScreenshotTest.overlayButtonsVisible took 12874ms

TerminalScreenOverlayScreenshotTest > overlayButtonsVisible PASSED
⏱️ TEST-METRIC: com.adamoutler.ssh.ui.components.TerminalScreen256ColorScreenshotTest.terminalShows256Colors took 14150ms

TerminalScreen256ColorScreenshotTest > terminalShows256Colors PASSED
⏱️ TEST-METRIC: com.adamoutler.ssh.ui.screens.AddEditProfileViewModelTest.test save and retrieve profile took 154ms

AddEditProfileViewModelTest > test save and retrieve profile PASSED
⏱️ TEST-METRIC: com.adamoutler.ssh.ui.components.TerminalScreenOverlayScreenshotTest.overlayButtonsVisibleTelnet took 347ms

TerminalScreenOverlayScreenshotTest > overlayButtonsVisibleTelnet PASSED
⏱️ TEST-METRIC: com.adamoutler.ssh.ui.components.TerminalScreenOverlayScreenshotTest.overlayButtonsHidden took 164ms

TerminalScreenOverlayScreenshotTest > overlayButtonsHidden PASSED
⏱️ TEST-METRIC: com.adamoutler.ssh.ui.screens.ConnectionListViewModelDragDropTest.testDragAndDropReordersItems took 1840ms

ConnectionListViewModelDragDropTest > testDragAndDropReordersItems PASSED
⏱️ TEST-METRIC: com.adamoutler.ssh.ui.keys.KeyManagementScreenScreenshotTest.screenWithGeneratedKey took 11879ms

KeyManagementScreenScreenshotTest > screenWithGeneratedKey PASSED
⏱️ TEST-METRIC: com.adamoutler.ssh.ui.keys.KeyManagementScreenScreenshotTest.defaultScreen took 242ms

KeyManagementScreenScreenshotTest > defaultScreen PASSED
⏱️ TEST-METRIC: com.adamoutler.ssh.ui.screens.SectionHeaderWithInfoTest.testInfoIconOpensWiki took 302ms

SectionHeaderWithInfoTest > testInfoIconOpensWiki PASSED
⏱️ TEST-METRIC: com.adamoutler.ssh.ui.screens.ConnectionListSessionSelectorScreenshotTest.sessionSelectorDialogScreen took 765ms

ConnectionListSessionSelectorScreenshotTest > sessionSelectorDialogScreen PASSED
⏱️ TEST-METRIC: com.adamoutler.ssh.ui.screens.ConnectionListMenuTest.testManageIdentitiesMenuOptionNavigates took 2060ms

ConnectionListMenuTest > testManageIdentitiesMenuOptionNavigates PASSED
⏱️ TEST-METRIC: com.adamoutler.ssh.ui.UserJourneyIntegrationTest.testUserJourney_ConnectionResumeAndConcurrentSessions took 9023ms

UserJourneyIntegrationTest > testUserJourney_ConnectionResumeAndConcurrentSessions PASSED
⏱️ TEST-METRIC: com.adamoutler.ssh.ui.UserJourneyIntegrationTest.testUserJourney_AddProfileAndSeeInList took 4487ms

UserJourneyIntegrationTest > testUserJourney_AddProfileAndSeeInList PASSED
⏱️ TEST-METRIC: com.adamoutler.ssh.ui.components.TerminalScreenNewlineBleedThroughTest.testBleedThroughKeyEventIsIgnored took 30ms

TerminalScreenNewlineBleedThroughTest > testBleedThroughKeyEventIsIgnored PASSED
⏱️ TEST-METRIC: com.adamoutler.ssh.ui.screens.ConnectionListScreenScreenshotTest.draggedConnectionItemScreen took 143ms

ConnectionListScreenScreenshotTest > draggedConnectionItemScreen PASSED
⏱️ TEST-METRIC: com.adamoutler.ssh.ui.screens.ConnectionListScreenScreenshotTest.reorderModeScreen took 182ms

ConnectionListScreenScreenshotTest > reorderModeScreen PASSED
⏱️ TEST-METRIC: com.adamoutler.ssh.ui.screens.ConnectionListScreenScreenshotTest.activeConnectionBadgeScreen took 205ms

ConnectionListScreenScreenshotTest > activeConnectionBadgeScreen PASSED
⏱️ TEST-METRIC: com.adamoutler.ssh.ui.screens.ConnectionListScreenScreenshotTest.menuExpandedScreen took 156ms

ConnectionListScreenScreenshotTest > menuExpandedScreen PASSED
⏱️ TEST-METRIC: com.adamoutler.ssh.ui.screens.ConnectionListScreenScreenshotTest.renamedDefaultGroupScreen took 120ms

ConnectionListScreenScreenshotTest > renamedDefaultGroupScreen PASSED
⏱️ TEST-METRIC: com.adamoutler.ssh.ui.screens.ConnectionListScreenScreenshotTest.defaultScreen took 141ms

ConnectionListScreenScreenshotTest > defaultScreen PASSED
✅ FULL TEST SUITE EXECUTED.
See the Paparazzi report at: file:///home/adamoutler/git/ssh/app/build/reports/paparazzi/debug/index.html

> Task :app:configureNdkBuildDebug[x86]
> Task :app:buildNdkBuildDebug[x86]
> Task :app:configureNdkBuildDebug[x86_64]
> Task :app:buildNdkBuildDebug[x86_64]
> Task :app:mergeDebugJniLibFolders UP-TO-DATE
> Task :app:mergeDebugNativeLibs UP-TO-DATE
> Task :app:stripDebugDebugSymbols UP-TO-DATE
> Task :app:validateSigningDebug UP-TO-DATE
> Task :app:writeDebugAppMetadata UP-TO-DATE
> Task :app:writeDebugSigningConfigVersions UP-TO-DATE
> Task :app:packageDebug UP-TO-DATE
> Task :app:createDebugApkListingFileRedirect UP-TO-DATE
> Task :app:mergeDebugAndroidTestShaders UP-TO-DATE
> Task :app:compileDebugAndroidTestShaders NO-SOURCE
> Task :app:generateDebugAndroidTestAssets UP-TO-DATE
> Task :app:mergeDebugAndroidTestAssets UP-TO-DATE
> Task :app:compressDebugAndroidTestAssets UP-TO-DATE
> Task :app:desugarDebugAndroidTestFileDependencies UP-TO-DATE
> Task :app:dexBuilderDebugAndroidTest UP-TO-DATE
> Task :app:mergeDebugAndroidTestGlobalSynthetics UP-TO-DATE
> Task :app:processDebugAndroidTestJavaRes UP-TO-DATE
> Task :app:mergeDebugAndroidTestJavaResource UP-TO-DATE
> Task :app:checkDebugAndroidTestDuplicateClasses UP-TO-DATE
> Task :app:mergeExtDexDebugAndroidTest UP-TO-DATE
> Task :app:mergeLibDexDebugAndroidTest UP-TO-DATE
> Task :app:mergeProjectDexDebugAndroidTest UP-TO-DATE
> Task :app:mergeDebugAndroidTestJniLibFolders UP-TO-DATE
> Task :app:mergeDebugAndroidTestNativeLibs NO-SOURCE
> Task :app:stripDebugAndroidTestDebugSymbols NO-SOURCE
> Task :app:validateSigningDebugAndroidTest UP-TO-DATE
> Task :app:writeDebugAndroidTestSigningConfigVersions UP-TO-DATE
> Task :app:packageDebugAndroidTest UP-TO-DATE
> Task :app:createDebugAndroidTestApkListingFileRedirect UP-TO-DATE

> Task :app:connectedDebugAndroidTest
Starting 18 tests on Agent_Device(AVD) - 14

Agent_Device(AVD) - 14 Tests 0/18 completed. (0 skipped) (0 failed)
Agent_Device(AVD) - 14 Tests 1/18 completed. (0 skipped) (0 failed)
Agent_Device(AVD) - 14 Tests 2/18 completed. (0 skipped) (0 failed)
Agent_Device(AVD) - 14 Tests 3/18 completed. (0 skipped) (0 failed)
Agent_Device(AVD) - 14 Tests 6/18 completed. (0 skipped) (0 failed)
Agent_Device(AVD) - 14 Tests 8/18 completed. (0 skipped) (0 failed)
Agent_Device(AVD) - 14 Tests 9/18 completed. (0 skipped) (0 failed)
Agent_Device(AVD) - 14 Tests 10/18 completed. (0 skipped) (0 failed)
Agent_Device(AVD) - 14 Tests 15/18 completed. (0 skipped) (0 failed)
Finished 18 tests on Agent_Device(AVD) - 14

BUILD SUCCESSFUL in 4m 40s
85 actionable tasks: 16 executed, 69 up-to-date
